
===========================================================================
report_checks -unconstrained
===========================================================================
======================= nom_tt_025C_1v80 Corner ===================================

Startpoint: _2662_ (rising edge-triggered flip-flop clocked by clk)
Endpoint: _2684_ (rising edge-triggered flip-flop clocked by clk)
Path Group: clk
Path Type: max

Fanout         Cap        Slew       Delay        Time   Description
---------------------------------------------------------------------------------------------
                                  0.000000    0.000000   clock clk (rise edge)
                                  0.000000    0.000000   clock source latency
     1    0.020577    0.098310    0.067797    0.067797 ^ clk (in)
                                                         clk (net)
                      0.098324    0.000000    0.067797 ^ clkbuf_0_clk/A (sky130_fd_sc_hd__clkbuf_16)
    16    0.089719    0.106122    0.197967    0.265764 ^ clkbuf_0_clk/X (sky130_fd_sc_hd__clkbuf_16)
                                                         clknet_0_clk (net)
                      0.106163    0.001979    0.267744 ^ clkbuf_4_7_0_clk/A (sky130_fd_sc_hd__clkbuf_8)
     6    0.015052    0.043766    0.147277    0.415021 ^ clkbuf_4_7_0_clk/X (sky130_fd_sc_hd__clkbuf_8)
                                                         clknet_4_7_0_clk (net)
                      0.043766    0.000032    0.415053 ^ _2662_/CLK (sky130_fd_sc_hd__dfxtp_2)
     4    0.016099    0.091970    0.353217    0.768270 ^ _2662_/Q (sky130_fd_sc_hd__dfxtp_2)
                                                         r2_mantissa[7] (net)
                      0.091970    0.000018    0.768287 ^ place247/A (sky130_fd_sc_hd__buf_1)
     8    0.030221    0.360466    0.311772    1.080060 ^ place247/X (sky130_fd_sc_hd__buf_1)
                                                         net247 (net)
                      0.360466    0.000032    1.080091 ^ place246/A (sky130_fd_sc_hd__buf_1)
     8    0.053589    0.618535    0.531744    1.611835 ^ place246/X (sky130_fd_sc_hd__buf_1)
                                                         net246 (net)
                      0.618537    0.000742    1.612576 ^ place245/A (sky130_fd_sc_hd__buf_1)
     5    0.042765    0.495532    0.463633    2.076209 ^ place245/X (sky130_fd_sc_hd__buf_1)
                                                         net245 (net)
                      0.495532    0.000483    2.076692 ^ place244/A (sky130_fd_sc_hd__buf_1)
     7    0.063503    0.730865    0.618122    2.694814 ^ place244/X (sky130_fd_sc_hd__buf_1)
                                                         net244 (net)
                      0.730868    0.001319    2.696133 ^ _1593_/A (sky130_fd_sc_hd__xor2_2)
     2    0.006341    0.127043    0.161800    2.857934 v _1593_/X (sky130_fd_sc_hd__xor2_2)
                                                         _0817_ (net)
                      0.127043    0.000007    2.857941 v _1612_/A (sky130_fd_sc_hd__or2_2)
     1    0.002242    0.051756    0.312990    3.170931 v _1612_/X (sky130_fd_sc_hd__or2_2)
                                                         _0836_ (net)
                      0.051756    0.000009    3.170940 v _1613_/B (sky130_fd_sc_hd__and2_2)
     2    0.010742    0.056079    0.212404    3.383344 v _1613_/X (sky130_fd_sc_hd__and2_2)
                                                         _0837_ (net)
                      0.056079    0.000003    3.383347 v _1615_/A2 (sky130_fd_sc_hd__a21o_2)
     2    0.013166    0.058316    0.242456    3.625803 v _1615_/X (sky130_fd_sc_hd__a21o_2)
                                                         _0839_ (net)
                      0.058316    0.000027    3.625830 v _1617_/A (sky130_fd_sc_hd__xnor2_2)
     2    0.011573    0.201529    0.213183    3.839013 ^ _1617_/Y (sky130_fd_sc_hd__xnor2_2)
                                                         _0841_ (net)
                      0.201529    0.000025    3.839038 ^ _1664_/B (sky130_fd_sc_hd__xor2_2)
     2    0.011854    0.191594    0.214759    4.053797 ^ _1664_/X (sky130_fd_sc_hd__xor2_2)
                                                         _0888_ (net)
                      0.191594    0.000033    4.053830 ^ _1667_/A (sky130_fd_sc_hd__xor2_2)
     3    0.007848    0.073794    0.109584    4.163414 v _1667_/X (sky130_fd_sc_hd__xor2_2)
                                                         _0891_ (net)
                      0.073794    0.000017    4.163431 v _1737_/A (sky130_fd_sc_hd__or4_4)
     1    0.003338    0.080448    0.529357    4.692788 v _1737_/X (sky130_fd_sc_hd__or4_4)
                                                         _0961_ (net)
                      0.080448    0.000016    4.692804 v _1738_/C1 (sky130_fd_sc_hd__o211a_2)
     1    0.009177    0.056256    0.146159    4.838963 v _1738_/X (sky130_fd_sc_hd__o211a_2)
                                                         _0962_ (net)
                      0.056256    0.000024    4.838987 v _1744_/A1 (sky130_fd_sc_hd__o21ai_4)
     3    0.011652    0.139107    0.171104    5.010091 ^ _1744_/Y (sky130_fd_sc_hd__o21ai_4)
                                                         _0968_ (net)
                      0.139107    0.000087    5.010178 ^ _1799_/A3 (sky130_fd_sc_hd__a32o_2)
     2    0.014893    0.105488    0.238339    5.248518 ^ _1799_/X (sky130_fd_sc_hd__a32o_2)
                                                         _1022_ (net)
                      0.105488    0.000079    5.248597 ^ _1899_/A1 (sky130_fd_sc_hd__a21oi_2)
     4    0.016687    0.079712    0.098201    5.346798 v _1899_/Y (sky130_fd_sc_hd__a21oi_2)
                                                         _1121_ (net)
                      0.079712    0.000214    5.347013 v _2224_/A1 (sky130_fd_sc_hd__o31a_2)
     2    0.008112    0.063723    0.370084    5.717097 v _2224_/X (sky130_fd_sc_hd__o31a_2)
                                                         _0221_ (net)
                      0.063723    0.000138    5.717235 v _2256_/A2 (sky130_fd_sc_hd__a41o_2)
     4    0.011854    0.061770    0.274606    5.991840 v _2256_/X (sky130_fd_sc_hd__a41o_2)
                                                         _0252_ (net)
                      0.061770    0.000136    5.991976 v _2285_/A1 (sky130_fd_sc_hd__a21o_2)
     2    0.004595    0.038722    0.194885    6.186862 v _2285_/X (sky130_fd_sc_hd__a21o_2)
                                                         _0280_ (net)
                      0.038722    0.000015    6.186876 v _2305_/A2 (sky130_fd_sc_hd__a311o_2)
     1    0.005280    0.060376    0.362120    6.548996 v _2305_/X (sky130_fd_sc_hd__a311o_2)
                                                         _0299_ (net)
                      0.060376    0.000033    6.549029 v _2306_/B1 (sky130_fd_sc_hd__a21oi_2)
     1    0.005689    0.109156    0.120256    6.669286 ^ _2306_/Y (sky130_fd_sc_hd__a21oi_2)
                                                         _0300_ (net)
                      0.109156    0.000030    6.669316 ^ _2307_/A2 (sky130_fd_sc_hd__o21a_4)
     1    0.002090    0.029394    0.118636    6.787952 ^ _2307_/X (sky130_fd_sc_hd__o21a_4)
                                                         _0029_ (net)
                      0.029394    0.000004    6.787957 ^ _2684_/D (sky130_fd_sc_hd__dfxtp_2)
                                              6.787957   data arrival time

                                 20.000000   20.000000   clock clk (rise edge)
                                  0.000000   20.000000   clock source latency
     1    0.020577    0.098310    0.067796   20.067797 ^ clk (in)
                                                         clk (net)
                      0.098324    0.000000   20.067797 ^ clkbuf_0_clk/A (sky130_fd_sc_hd__clkbuf_16)
    16    0.089719    0.106122    0.197968   20.265764 ^ clkbuf_0_clk/X (sky130_fd_sc_hd__clkbuf_16)
                                                         clknet_0_clk (net)
                      0.106124    0.000762   20.266527 ^ clkbuf_4_9_0_clk/A (sky130_fd_sc_hd__clkbuf_8)
     6    0.017954    0.048197    0.151534   20.418060 ^ clkbuf_4_9_0_clk/X (sky130_fd_sc_hd__clkbuf_8)
                                                         clknet_4_9_0_clk (net)
                      0.048198    0.000306   20.418365 ^ _2684_/CLK (sky130_fd_sc_hd__dfxtp_2)
                                 -0.200000   20.218367   clock uncertainty
                                  0.000000   20.218367   clock reconvergence pessimism
                                 -0.054713   20.163652   library setup time
                                             20.163652   data required time
---------------------------------------------------------------------------------------------
                                             20.163652   data required time
                                             -6.787957   data arrival time
---------------------------------------------------------------------------------------------
                                             13.375695   slack (MET)




===========================================================================
report_checks --slack_max -0.01
============================================================================
======================= nom_tt_025C_1v80 Corner ===================================

No paths found.


===========================================================================
 report_check_types -max_slew -max_cap -max_fanout -violators
============================================================================
======================= nom_tt_025C_1v80 Corner ===================================

max fanout

Pin                                   Limit Fanout  Slack
---------------------------------------------------------
clkbuf_0_clk/X                            8     16     -8 (VIOLATED)



===========================================================================
report_parasitic_annotation -report_unannotated
============================================================================
Found 17 unannotated drivers.
 _2620__402/HI
 _2621_/SUM
 _2621__401/HI
 clkload0/X
 clkload1/X
 clkload10/X
 clkload11/X
 clkload12/X
 clkload13/X
 clkload2/X
 clkload3/X
 clkload4/X
 clkload5/X
 clkload6/X
 clkload7/X
 clkload8/X
 clkload9/X
Found 0 partially unannotated drivers.

===========================================================================
max slew violation count 0
Writing metric design__max_slew_violation__count__corner:nom_tt_025C_1v80: 0
max fanout violation count 1
Writing metric design__max_fanout_violation__count__corner:nom_tt_025C_1v80: 1
max cap violation count 0
Writing metric design__max_cap_violation__count__corner:nom_tt_025C_1v80: 0
============================================================================

===========================================================================
check_setup -verbose -unconstrained_endpoints -multiple_clock -no_clock -no_input_delay -loops -generated_clocks
===========================================================================
