Clock: clk
Sources: clk 
Generated: no
Virtual: yes
Propagated: no
Period: 20.000000

===========================================================================
report_clock_properties
============================================================================
Clock                   Period          Waveform
----------------------------------------------------
clk                  20.000000    0.000000 10.000000

===========================================================================
report_clock_latency
============================================================================
Clock clk
rise -> rise
    min     max
0.000000 0.000000 source latency
0.412813         network latency _2659_/CLK
        0.425819 network latency _2638_/CLK
---------------
0.412813 0.425819 latency
        0.013006 skew

fall -> fall
    min     max
0.000000 0.000000 source latency
0.364608         network latency _2659_/CLK
        0.375613 network latency _2638_/CLK
---------------
0.364608 0.375613 latency
        0.011005 skew



===========================================================================
report_clock_min_period
============================================================================
clk period_min = 6.62 fmax = 150.96
