Reading timing models for corner max_ss_100C_1v60…
Reading timing library for the 'max_ss_100C_1v60' corner at '/Users/aoxo/.ciel/ciel/sky130/versions/74c0e6b118a67d94c24172143d3bd597473fa63d/sky130A/libs.ref/sky130_fd_sc_hd/lib/sky130_fd_sc_hd__ss_100C_1v60.lib'…
Reading timing library for the 'max_ss_100C_1v60' corner at '/Users/aoxo/.ciel/ciel/sky130/versions/74c0e6b118a67d94c24172143d3bd597473fa63d/sky130A/libs.ref/sky130_fd_io/lib/sky130_ef_io__vccd_lvc_clamped_pad_ss_100C_1v60_3v00_3v00.lib'…
[WARNING STA-1173] /Users/aoxo/.ciel/ciel/sky130/versions/74c0e6b118a67d94c24172143d3bd597473fa63d/sky130A/libs.ref/sky130_fd_io/lib/sky130_ef_io__vccd_lvc_clamped_pad_ss_100C_1v60_3v00_3v00.lib line 42, default_fanout_load is 0.0.
Reading timing library for the 'max_ss_100C_1v60' corner at '/Users/aoxo/.ciel/ciel/sky130/versions/74c0e6b118a67d94c24172143d3bd597473fa63d/sky130A/libs.ref/sky130_fd_io/lib/sky130_ef_io__vssd_lvc_clamped_pad_ss_100C_1v60_3v00.lib'…
[WARNING STA-1173] /Users/aoxo/.ciel/ciel/sky130/versions/74c0e6b118a67d94c24172143d3bd597473fa63d/sky130A/libs.ref/sky130_fd_io/lib/sky130_ef_io__vssd_lvc_clamped_pad_ss_100C_1v60_3v00.lib line 43, default_fanout_load is 0.0.
Reading timing library for the 'max_ss_100C_1v60' corner at '/Users/aoxo/.ciel/ciel/sky130/versions/74c0e6b118a67d94c24172143d3bd597473fa63d/sky130A/libs.ref/sky130_fd_io/lib/sky130_ef_io__vddio_hvc_clamped_pad_ss_100C_1v60_3v00_3v00.lib'…
[WARNING STA-1173] /Users/aoxo/.ciel/ciel/sky130/versions/74c0e6b118a67d94c24172143d3bd597473fa63d/sky130A/libs.ref/sky130_fd_io/lib/sky130_ef_io__vddio_hvc_clamped_pad_ss_100C_1v60_3v00_3v00.lib line 42, default_fanout_load is 0.0.
Reading timing library for the 'max_ss_100C_1v60' corner at '/Users/aoxo/.ciel/ciel/sky130/versions/74c0e6b118a67d94c24172143d3bd597473fa63d/sky130A/libs.ref/sky130_fd_io/lib/sky130_ef_io__vssio_hvc_clamped_pad_ss_100C_1v60_3v00_3v00.lib'…
[WARNING STA-1173] /Users/aoxo/.ciel/ciel/sky130/versions/74c0e6b118a67d94c24172143d3bd597473fa63d/sky130A/libs.ref/sky130_fd_io/lib/sky130_ef_io__vssio_hvc_clamped_pad_ss_100C_1v60_3v00_3v00.lib line 42, default_fanout_load is 0.0.
Reading timing library for the 'max_ss_100C_1v60' corner at '/Users/aoxo/.ciel/ciel/sky130/versions/74c0e6b118a67d94c24172143d3bd597473fa63d/sky130A/libs.ref/sky130_fd_io/lib/sky130_ef_io__gpiov2_pad_ss_ss_100C_1v60_3v00.lib'…
[WARNING STA-1173] /Users/aoxo/.ciel/ciel/sky130/versions/74c0e6b118a67d94c24172143d3bd597473fa63d/sky130A/libs.ref/sky130_fd_io/lib/sky130_ef_io__gpiov2_pad_ss_ss_100C_1v60_3v00.lib line 33, default_fanout_load is 0.0.
Reading timing library for the 'max_ss_100C_1v60' corner at '/Users/aoxo/.ciel/ciel/sky130/versions/74c0e6b118a67d94c24172143d3bd597473fa63d/sky130A/libs.ref/sky130_fd_io/lib/slices_stubs.lib'…
[WARNING STA-1173] /Users/aoxo/.ciel/ciel/sky130/versions/74c0e6b118a67d94c24172143d3bd597473fa63d/sky130A/libs.ref/sky130_fd_io/lib/slices_stubs.lib line 33, default_fanout_load is 0.0.
Reading timing library for the 'max_ss_100C_1v60' corner at '/Users/aoxo/.ciel/ciel/sky130/versions/74c0e6b118a67d94c24172143d3bd597473fa63d/sky130A/libs.ref/sky130_fd_io/lib/sky130_ef_io__analog_stubs.lib'…
[WARNING STA-1173] /Users/aoxo/.ciel/ciel/sky130/versions/74c0e6b118a67d94c24172143d3bd597473fa63d/sky130A/libs.ref/sky130_fd_io/lib/sky130_ef_io__analog_stubs.lib line 43, default_fanout_load is 0.0.
Reading OpenROAD database at '/Users/aoxo/vscode/superfloat.gpu/librelane/core/runs/RUN_2026-07-02_10-20-07/25-openroad-ioplacement/core.odb'…
[WARNING ORD-2056] The following 2 liberty cell(s) do not have LEF masters and will be marked as dont-use:
  sky130_ef_io__analog_minesd_pad
  sky130_ef_io__analog_minesd_pad_short
Reading design constraints file at '/Users/aoxo/vscode/superfloat.gpu/librelane/core/core.sdc'…
[WARNING STA-0441] set_input_delay relative to a clock defined on the same port/pin not allowed.
[WARNING STA-0441] set_input_delay relative to a clock defined on the same port/pin not allowed.
[INFO] Setting signal min routing layer to: met1 and clock min routing layer to met1. 
[INFO] Setting signal max routing layer to: met4 and clock max routing layer to met4. 
+ global_placement -density 0.7 -timing_driven -routability_driven -pad_right 0 -pad_left 0 -init_wirelength_coef 0.25
[INFO GPL-0001] ---- Initialize GPL Main Data Structures
[INFO GPL-0002] DBU: 1000
[INFO GPL-0003] SiteSize: (  0.460  2.720 ) um
[INFO GPL-0004] CoreBBox: (  5.520 10.880 ) ( 954.040 486.880 ) um
[INFO GPL-0036] Movable instances area:     259080.979 um^2
[INFO GPL-0037] Total instances area:       268477.491 um^2
[INFO GPL-0035] Pin density area adjust:     40075.406 um^2
[INFO GPL-0032] ---- Initialize Region: Top-level
[INFO GPL-0006] Number of instances:             31275
[INFO GPL-0007] Movable instances:               24465
[INFO GPL-0008] Fixed instances:                  6810
[INFO GPL-0009] Dummy instances:                     0
[INFO GPL-0010] Number of nets:                  24636
[INFO GPL-0011] Number of pins:                  92326
[INFO GPL-0012] Die BBox:  (  0.000  0.000 ) ( 960.000 500.000 ) um
[INFO GPL-0013] Core BBox: (  5.520 10.880 ) ( 954.040 486.880 ) um
[INFO GPL-0016] Core area:                  451495.520 um^2
[INFO GPL-0014] Region name: top-level.
[INFO GPL-0015] Region area:                451495.520 um^2
[INFO GPL-0017] Fixed instances area:         9396.512 um^2
[INFO GPL-0018] Movable instances area:     299156.386 um^2
[INFO GPL-0019] Utilization:                    67.667 %
[INFO GPL-0020] Standard cells area:        299156.386 um^2
[INFO GPL-0021] Large instances area:            0.000 um^2
[INFO GPL-0005] ---- Execute Conjugate Gradient Initial Placement.
[INFO GPL-0051] Source of initial instance position counters:
	Odb location = 24465	Core center = 0	Region center = 0
[InitialPlace]  Iter: 1 conjugate gradient residual: 0.01726310 HPWL: 838802331
[InitialPlace]  Iter: 2 conjugate gradient residual: 0.00350131 HPWL: 530305448
[InitialPlace]  Iter: 3 conjugate gradient residual: 0.00179130 HPWL: 435255661
[InitialPlace]  Iter: 4 conjugate gradient residual: 0.00099509 HPWL: 371370428
[InitialPlace]  Iter: 5 conjugate gradient residual: 0.00041519 HPWL: 337519607
[InitialPlace]  Iter: 6 conjugate gradient residual: 0.00012213 HPWL: 318187435
[InitialPlace]  Iter: 7 conjugate gradient residual: 0.00007274 HPWL: 307529999
[InitialPlace]  Iter: 8 conjugate gradient residual: 0.00005577 HPWL: 301195917
[InitialPlace]  Iter: 9 conjugate gradient residual: 0.00006868 HPWL: 295769020
[InitialPlace]  Iter: 10 conjugate gradient residual: 0.00007271 HPWL: 294763230
[InitialPlace]  Iter: 11 conjugate gradient residual: 0.00010657 HPWL: 294126186
[InitialPlace]  Iter: 12 conjugate gradient residual: 0.00018958 HPWL: 293827797
[InitialPlace]  Iter: 13 conjugate gradient residual: 0.00007959 HPWL: 293917299
[InitialPlace]  Iter: 14 conjugate gradient residual: 0.00007433 HPWL: 293719444
[InitialPlace]  Iter: 15 conjugate gradient residual: 0.00007816 HPWL: 293494849
[InitialPlace]  Iter: 16 conjugate gradient residual: 0.00003265 HPWL: 293436272
[InitialPlace]  Iter: 17 conjugate gradient residual: 0.00012349 HPWL: 293386994
[InitialPlace]  Iter: 18 conjugate gradient residual: 0.00005496 HPWL: 293345473
[InitialPlace]  Iter: 19 conjugate gradient residual: 0.00009169 HPWL: 293249062
[InitialPlace]  Iter: 20 conjugate gradient residual: 0.00005680 HPWL: 293231314
[INFO GPL-0033] ---- Initialize Nesterov Region: Top-level
[INFO GPL-0023] Placement target density:       0.7000
[INFO GPL-0024] Movable insts average area:     12.228 um^2
[INFO GPL-0025] Ideal bin area:                 17.468 um^2
[INFO GPL-0026] Ideal bin count:                 25846
[INFO GPL-0027] Total bin area:             451495.520 um^2
[INFO GPL-0028] Bin count (X, Y):         128 ,    128
[INFO GPL-0029] Bin size (W * H):       7.410 *  3.719 um
[INFO GPL-0030] Number of bins:                  16384
[INFO GPL-0007] ---- Execute Nesterov Global Placement.
[INFO GPL-0031] HPWL: Half-Perimeter Wirelength
Iteration | Overflow |     HPWL (um) |  HPWL(%) |   Penalty | Group
---------------------------------------------------------------
        0 |   0.9895 |  1.401739e+05 |   +0.00% |  3.73e-17 |      
       10 |   0.9811 |  1.741008e+05 |  +24.20% |  6.05e-17 |      
       20 |   0.9780 |  1.807469e+05 |   +3.82% |  9.85e-17 |      
       30 |   0.9774 |  1.829240e+05 |   +1.20% |  1.60e-16 |      
       40 |   0.9774 |  1.849507e+05 |   +1.11% |  2.61e-16 |      
       50 |   0.9760 |  1.872360e+05 |   +1.24% |  4.26e-16 |      
       60 |   0.9755 |  1.891658e+05 |   +1.03% |  6.93e-16 |      
       70 |   0.9753 |  1.905190e+05 |   +0.72% |  1.13e-15 |      
       80 |   0.9752 |  1.911072e+05 |   +0.31% |  1.84e-15 |      
       90 |   0.9753 |  1.910149e+05 |   -0.05% |  2.99e-15 |      
      100 |   0.9754 |  1.904953e+05 |   -0.27% |  4.88e-15 |      
      110 |   0.9752 |  1.898479e+05 |   -0.34% |  7.94e-15 |      
      120 |   0.9750 |  1.893560e+05 |   -0.26% |  1.29e-14 |      
      130 |   0.9746 |  1.892751e+05 |   -0.04% |  2.11e-14 |      
      140 |   0.9739 |  1.897814e+05 |   +0.27% |  3.43e-14 |      
      150 |   0.9731 |  1.909215e+05 |   +0.60% |  5.59e-14 |      
      160 |   0.9715 |  1.927711e+05 |   +0.97% |  9.11e-14 |      
      170 |   0.9694 |  1.955680e+05 |   +1.45% |  1.48e-13 |      
      180 |   0.9660 |  1.996376e+05 |   +2.08% |  2.41e-13 |      
      190 |   0.9610 |  2.053422e+05 |   +2.86% |  3.93e-13 |      
      200 |   0.9537 |  2.132489e+05 |   +3.85% |  6.40e-13 |      
      210 |   0.9449 |  2.242115e+05 |   +5.14% |  1.04e-12 |      
      220 |   0.9332 |  2.394137e+05 |   +6.78% |  1.69e-12 |      
      230 |   0.9174 |  2.598018e+05 |   +8.52% |  2.75e-12 |      
      240 |   0.8975 |  2.876536e+05 |  +10.72% |  4.47e-12 |      
      250 |   0.8727 |  3.223536e+05 |  +12.06% |  7.25e-12 |      
      260 |   0.8482 |  3.591084e+05 |  +11.40% |  1.18e-11 |      
      270 |   0.8216 |  3.963009e+05 |  +10.36% |  1.91e-11 |      
      280 |   0.7962 |  4.255469e+05 |   +7.38% |  3.10e-11 |      
      290 |   0.7734 |  4.441333e+05 |   +4.37% |  5.04e-11 |      
      300 |   0.7444 |  4.717739e+05 |   +6.22% |  8.18e-11 |      
      310 |   0.7087 |  4.918416e+05 |   +4.25% |  1.33e-10 |      
      320 |   0.6815 |  5.152831e+05 |   +4.77% |  2.16e-10 |      
      330 |   0.6406 |  5.659169e+05 |   +9.83% |  3.50e-10 |      
[INFO GPL-0100] Timing-driven iteration 1/2, virtual: false.
[INFO GPL-0101]    Iter: 333, overflow: 0.632, keep resizer changes at: 1, HPWL: 571491876
Iteration |   Area    | Resized | Buffers | Nets repaired | Remaining
---------------------------------------------------------------------
        0 |     +0.0% |       0 |       0 |             0 |     24684
    final |     +1.0% |      88 |      91 |            87 |         0
---------------------------------------------------------------------
[INFO RSZ-0034] Found 88 slew violations.
[INFO RSZ-0036] Found 10 capacitance violations.
[INFO RSZ-0039] Resized 88 instances.
[INFO RSZ-0038] Inserted 91 buffers in 87 nets.
   Iter   |    Area   | Removed | Inserted |   Pins
          |           | Buffers | Buffers  | Remaining
-------------------------------------------------------
        0 |     +0.0% |       0 |        0 |     24441
     2400 |     +0.0% |       0 |        9 |     22041
     4800 |     +0.0% |       0 |       10 |     19641
     7200 |     +0.1% |       0 |       12 |     17241
     9600 |     +0.1% |       0 |       19 |     14841
    12000 |     +0.2% |       0 |       36 |     12441
    14400 |     +0.4% |       0 |       95 |     10041
    16800 |     +0.4% |       0 |       96 |      7641
    19200 |     +0.4% |       0 |      103 |      5241
    21600 |     +0.4% |      48 |      181 |      2841
    24000 |     +1.1% |      74 |      383 |       441
    final |     +1.1% |      91 |      404 |         0
-------------------------------------------------------
[INFO GPL-0106] Timing-driven: worst slack 2.96e-09
[INFO GPL-0107] Timing-driven: repair_design delta area: 5189.546 um^2 (+1.73%)
[INFO GPL-0108] Timing-driven: repair_design, gpl delta gcells: 404 (+1.65%)
[INFO GPL-0109] Timing-driven: repair_design, gcells created: 495, deleted: 91
[INFO GPL-0110] Timing-driven: new target density: 0.7117384
Iteration | Overflow |     HPWL (um) |  HPWL(%) |   Penalty | Group
---------------------------------------------------------------
      340 |   0.6074 |  6.153522e+05 |   +8.74% |  5.67e-10 |      
[INFO GPL-0038] Routability snapshot saved at iter = 344
      343 |   0.5995 |  6.206703e+05 |          |           |      
      350 |   0.5789 |  6.281838e+05 |   +2.09% |  9.22e-10 |      
      360 |   0.5369 |  6.342400e+05 |   +0.96% |  1.50e-09 |      
      370 |   0.5004 |  6.409088e+05 |   +1.05% |  2.44e-09 |      
      380 |   0.4586 |  6.583371e+05 |   +2.72% |  3.97e-09 |      
      390 |   0.4120 |  6.673384e+05 |   +1.37% |  6.46e-09 |      
      400 |   0.3657 |  6.781465e+05 |   +1.62% |  1.05e-08 |      
      410 |   0.3193 |  6.899589e+05 |   +1.74% |  1.63e-08 |      
[INFO GPL-0040] Routability iteration: 1
[WARNING GRT-0281] Net clk has a large fanout of 2241 terminals.
[INFO GPL-0041] Total routing overflow: 24.5259
[INFO GPL-0042] Number of overflowed tiles: 272 (2.72%)
[INFO GPL-0043] Average top 0.5% routing congestion: 1.2450
[INFO GPL-0044] Average top 1.0% routing congestion: 1.1802
[INFO GPL-0045] Average top 2.0% routing congestion: 1.1176
[INFO GPL-0046] Average top 5.0% routing congestion: 1.0327
[INFO GPL-0047] Routability iteration weighted routing congestion: 1.2126
[INFO GPL-0048] Routing congestion (1.2126) lower than previous minimum (1e+30). Updating minimum.
[INFO GPL-0051] Inflated area:                5651.893 um^2 (+1.86%)
[INFO GPL-0052] Placement target density:       0.7117
[INFO GPL-0076] Removing fillers, count: Before: 840, After: 380 (-54.76%)
[INFO GPL-0077] Filler area (um^2)     : Before: 10312.930, After: 4663.934 (-54.78%)
[INFO GPL-0078] Removed fillers count: 460, area removed: 5645.815 um^2. Remaining area to be compensated by modifying density: 6.079 um^2
[INFO GPL-0058] White space area:           442099.008 um^2 (+0.00%)
[INFO GPL-0059] Movable instances area:     314658.849 um^2 (+0.00%)
[INFO GPL-0060] Total filler area:            4663.934 um^2 (-54.78%)
[INFO GPL-0061] Total non-inflated area:    314661.759 um^2 (+0.00%)
[INFO GPL-0062] Total inflated area:        320313.652 um^2 (+0.00%)
[INFO GPL-0063] New Target Density:             0.7117
[INFO GPL-0087] Routability end iteration: increase inflation and revert back to snapshot.
Iteration | Overflow |     HPWL (um) |  HPWL(%) |   Penalty | Group
---------------------------------------------------------------
      420 |   0.5977 |  6.240032e+05 |   -9.56% |  7.44e-10 |      
      430 |   0.5607 |  6.330846e+05 |   +1.46% |  1.09e-09 |      
      440 |   0.5316 |  6.352462e+05 |   +0.34% |  1.61e-09 |      
      450 |   0.5042 |  6.438595e+05 |   +1.36% |  2.37e-09 |      
      460 |   0.4702 |  6.535759e+05 |   +1.51% |  3.49e-09 |      
      470 |   0.4358 |  6.591432e+05 |   +0.85% |  5.15e-09 |      
      480 |   0.3967 |  6.690493e+05 |   +1.50% |  7.57e-09 |      
      490 |   0.3576 |  6.833621e+05 |   +2.14% |  1.11e-08 |      
      500 |   0.3241 |  6.853302e+05 |   +0.29% |  1.64e-08 |      
[INFO GPL-0040] Routability iteration: 2
[INFO GPL-0041] Total routing overflow: 8.1883
[INFO GPL-0042] Number of overflowed tiles: 126 (1.26%)
[INFO GPL-0043] Average top 0.5% routing congestion: 1.1198
[INFO GPL-0044] Average top 1.0% routing congestion: 1.0791
[INFO GPL-0045] Average top 2.0% routing congestion: 1.0342
[INFO GPL-0046] Average top 5.0% routing congestion: 0.9695
[INFO GPL-0047] Routability iteration weighted routing congestion: 1.0994
[INFO GPL-0048] Routing congestion (1.0994) lower than previous minimum (1.213). Updating minimum.
[INFO GPL-0051] Inflated area:                1544.266 um^2 (+0.50%)
[INFO GPL-0052] Placement target density:       0.7117
[INFO GPL-0076] Removing fillers, count: Before: 380, After: 255 (-32.89%)
[INFO GPL-0077] Filler area (um^2)     : Before: 4663.934, After: 3129.745 (-32.89%)
[INFO GPL-0078] Removed fillers count: 125, area removed: 1534.189 um^2. Remaining area to be compensated by modifying density: 10.077 um^2
[INFO GPL-0058] White space area:           442099.008 um^2 (+0.00%)
[INFO GPL-0059] Movable instances area:     314658.849 um^2 (+0.00%)
[INFO GPL-0060] Total filler area:            3129.745 um^2 (-32.89%)
[INFO GPL-0061] Total non-inflated area:    314671.836 um^2 (+0.00%)
[INFO GPL-0062] Total inflated area:        316216.102 um^2 (+0.00%)
[INFO GPL-0063] New Target Density:             0.7117
[INFO GPL-0087] Routability end iteration: increase inflation and revert back to snapshot.
Iteration | Overflow |     HPWL (um) |  HPWL(%) |   Penalty | Group
---------------------------------------------------------------
      510 |   0.6060 |  6.200762e+05 |   -9.52% |  6.88e-10 |      
      520 |   0.5687 |  6.339616e+05 |   +2.24% |  1.01e-09 |      
      530 |   0.5371 |  6.360409e+05 |   +0.33% |  1.49e-09 |      
      540 |   0.5110 |  6.436421e+05 |   +1.20% |  2.20e-09 |      
      550 |   0.4786 |  6.534513e+05 |   +1.52% |  3.23e-09 |      
      560 |   0.4447 |  6.595715e+05 |   +0.94% |  4.76e-09 |      
      570 |   0.4068 |  6.679927e+05 |   +1.28% |  7.01e-09 |      
      580 |   0.3654 |  6.831677e+05 |   +2.27% |  1.03e-08 |      
      590 |   0.3282 |  6.879026e+05 |   +0.69% |  1.52e-08 |      
      600 |   0.3032 |  6.907869e+05 |   +0.42% |  2.24e-08 |      
[INFO GPL-0040] Routability iteration: 3
[INFO GPL-0041] Total routing overflow: 6.4093
[INFO GPL-0042] Number of overflowed tiles: 95 (0.95%)
[INFO GPL-0043] Average top 0.5% routing congestion: 1.1083
[INFO GPL-0044] Average top 1.0% routing congestion: 1.0633
[INFO GPL-0045] Average top 2.0% routing congestion: 1.0180
[INFO GPL-0046] Average top 5.0% routing congestion: 0.9599
[INFO GPL-0047] Routability iteration weighted routing congestion: 1.0858
[INFO GPL-0048] Routing congestion (1.0858) lower than previous minimum (1.099). Updating minimum.
[INFO GPL-0051] Inflated area:                1091.849 um^2 (+0.35%)
[INFO GPL-0052] Placement target density:       0.7117
[INFO GPL-0076] Removing fillers, count: Before: 255, After: 167 (-34.51%)
[INFO GPL-0077] Filler area (um^2)     : Before: 3129.745, After: 2049.676 (-34.51%)
[INFO GPL-0078] Removed fillers count: 88, area removed: 1080.069 um^2. Remaining area to be compensated by modifying density: 11.780 um^2
[INFO GPL-0058] White space area:           442099.008 um^2 (+0.00%)
[INFO GPL-0059] Movable instances area:     314658.849 um^2 (+0.00%)
[INFO GPL-0060] Total filler area:            2049.676 um^2 (-34.51%)
[INFO GPL-0061] Total non-inflated area:    314683.616 um^2 (+0.00%)
[INFO GPL-0062] Total inflated area:        315775.466 um^2 (+0.00%)
[INFO GPL-0063] New Target Density:             0.7117
[INFO GPL-0087] Routability end iteration: increase inflation and revert back to snapshot.
Iteration | Overflow |     HPWL (um) |  HPWL(%) |   Penalty | Group
---------------------------------------------------------------
      610 |   0.5812 |  6.331608e+05 |   -8.34% |  9.02e-10 |      
      620 |   0.5433 |  6.366993e+05 |   +0.56% |  1.33e-09 |      
      630 |   0.5202 |  6.417732e+05 |   +0.80% |  1.96e-09 |      
      640 |   0.4887 |  6.515156e+05 |   +1.52% |  2.88e-09 |      
      650 |   0.4559 |  6.586967e+05 |   +1.10% |  4.24e-09 |      
      660 |   0.4208 |  6.657661e+05 |   +1.07% |  6.24e-09 |      
      670 |   0.3777 |  6.803763e+05 |   +2.19% |  9.18e-09 |      
      680 |   0.3386 |  6.901449e+05 |   +1.44% |  1.35e-08 |      
      690 |   0.3119 |  6.919246e+05 |   +0.26% |  1.99e-08 |      
[INFO GPL-0040] Routability iteration: 4
[INFO GPL-0041] Total routing overflow: 6.9993
[INFO GPL-0042] Number of overflowed tiles: 116 (1.16%)
[INFO GPL-0043] Average top 0.5% routing congestion: 1.1062
[INFO GPL-0044] Average top 1.0% routing congestion: 1.0684
[INFO GPL-0045] Average top 2.0% routing congestion: 1.0260
[INFO GPL-0046] Average top 5.0% routing congestion: 0.9628
[INFO GPL-0047] Routability iteration weighted routing congestion: 1.0873
[INFO GPL-0049] Routing congestion (1.0873) higher than minimum (1.0858). Consecutive non-improvement count: 1.
[INFO GPL-0051] Inflated area:                 922.138 um^2 (+0.29%)
[INFO GPL-0052] Placement target density:       0.7117
[INFO GPL-0076] Removing fillers, count: Before: 167, After: 92 (-44.91%)
[INFO GPL-0077] Filler area (um^2)     : Before: 2049.676, After: 1129.163 (-44.91%)
[INFO GPL-0078] Removed fillers count: 75, area removed: 920.513 um^2. Remaining area to be compensated by modifying density: 1.625 um^2
[INFO GPL-0058] White space area:           442099.008 um^2 (+0.00%)
[INFO GPL-0059] Movable instances area:     314658.849 um^2 (+0.00%)
[INFO GPL-0060] Total filler area:            1129.163 um^2 (-44.91%)
[INFO GPL-0061] Total non-inflated area:    314685.242 um^2 (+0.00%)
[INFO GPL-0062] Total inflated area:        315607.380 um^2 (+0.00%)
[INFO GPL-0063] New Target Density:             0.7117
[INFO GPL-0087] Routability end iteration: increase inflation and revert back to snapshot.
Iteration | Overflow |     HPWL (um) |  HPWL(%) |   Penalty | Group
---------------------------------------------------------------
      700 |   0.5937 |  6.296910e+05 |   -8.99% |  8.03e-10 |      
      710 |   0.5536 |  6.369848e+05 |   +1.16% |  1.18e-09 |      
      720 |   0.5275 |  6.403294e+05 |   +0.53% |  1.74e-09 |      
      730 |   0.4979 |  6.498355e+05 |   +1.48% |  2.56e-09 |      
      740 |   0.4653 |  6.580618e+05 |   +1.27% |  3.77e-09 |      
      750 |   0.4316 |  6.641719e+05 |   +0.93% |  5.56e-09 |      
      760 |   0.3908 |  6.766508e+05 |   +1.88% |  8.18e-09 |      
      770 |   0.3486 |  6.912004e+05 |   +2.15% |  1.20e-08 |      
      780 |   0.3223 |  6.927163e+05 |   +0.22% |  1.77e-08 |      
[INFO GPL-0040] Routability iteration: 5
[INFO GPL-0041] Total routing overflow: 7.3622
[INFO GPL-0042] Number of overflowed tiles: 122 (1.22%)
[INFO GPL-0043] Average top 0.5% routing congestion: 1.1157
[INFO GPL-0044] Average top 1.0% routing congestion: 1.0718
[INFO GPL-0045] Average top 2.0% routing congestion: 1.0299
[INFO GPL-0046] Average top 5.0% routing congestion: 0.9666
[INFO GPL-0047] Routability iteration weighted routing congestion: 1.0937
[INFO GPL-0049] Routing congestion (1.0937) higher than minimum (1.0858). Consecutive non-improvement count: 2.
[INFO GPL-0051] Inflated area:                 975.372 um^2 (+0.31%)
[INFO GPL-0052] Placement target density:       0.7117
[INFO GPL-0076] Removing fillers, count: Before: 92, After: 13 (-85.87%)
[INFO GPL-0077] Filler area (um^2)     : Before: 1129.163, After: 159.556 (-85.87%)
[INFO GPL-0078] Removed fillers count: 79, area removed: 969.607 um^2. Remaining area to be compensated by modifying density: 5.765 um^2
[INFO GPL-0058] White space area:           442099.008 um^2 (+0.00%)
[INFO GPL-0059] Movable instances area:     314658.849 um^2 (+0.00%)
[INFO GPL-0060] Total filler area:             159.556 um^2 (-85.87%)
[INFO GPL-0061] Total non-inflated area:    314691.006 um^2 (+0.00%)
[INFO GPL-0062] Total inflated area:        315666.379 um^2 (+0.00%)
[INFO GPL-0063] New Target Density:             0.7117
[INFO GPL-0087] Routability end iteration: increase inflation and revert back to snapshot.
Iteration | Overflow |     HPWL (um) |  HPWL(%) |   Penalty | Group
---------------------------------------------------------------
      790 |   0.6065 |  6.213218e+05 |  -10.31% |  7.16e-10 |      
      800 |   0.5646 |  6.372826e+05 |   +2.57% |  1.05e-09 |      
      810 |   0.5348 |  6.397112e+05 |   +0.38% |  1.55e-09 |      
      820 |   0.5090 |  6.481940e+05 |   +1.33% |  2.28e-09 |      
      830 |   0.4747 |  6.568639e+05 |   +1.34% |  3.36e-09 |      
      840 |   0.4439 |  6.625393e+05 |   +0.86% |  4.95e-09 |      
      850 |   0.4051 |  6.725326e+05 |   +1.51% |  7.28e-09 |      
      860 |   0.3625 |  6.897523e+05 |   +2.56% |  1.07e-08 |      
      870 |   0.3302 |  6.948206e+05 |   +0.73% |  1.58e-08 |      
      880 |   0.3012 |  6.971009e+05 |   +0.33% |  2.32e-08 |      
[INFO GPL-0040] Routability iteration: 6
[INFO GPL-0041] Total routing overflow: 6.6938
[INFO GPL-0042] Number of overflowed tiles: 111 (1.11%)
[INFO GPL-0043] Average top 0.5% routing congestion: 1.1070
[INFO GPL-0044] Average top 1.0% routing congestion: 1.0660
[INFO GPL-0045] Average top 2.0% routing congestion: 1.0250
[INFO GPL-0046] Average top 5.0% routing congestion: 0.9655
[INFO GPL-0047] Routability iteration weighted routing congestion: 1.0865
[INFO GPL-0049] Routing congestion (1.0865) higher than minimum (1.0858). Consecutive non-improvement count: 3.
[INFO GPL-0051] Inflated area:                1091.281 um^2 (+0.35%)
[INFO GPL-0052] Placement target density:       0.7117
[INFO GPL-0076] Removing fillers, count: Before: 13, After: 0 (-100.00%)
[INFO GPL-0077] Filler area (um^2)     : Before: 159.556, After: 0.000 (-100.00%)
[INFO GPL-0078] Removed fillers count: 13, area removed: 159.556 um^2. Remaining area to be compensated by modifying density: 931.725 um^2
[INFO GPL-0079] New target density: 0.7139186
[INFO GPL-0054] No improvement in routing congestion for 3 consecutive iterations (limit is 3).
[INFO GPL-0055] Reverting inflation values and target density from the iteration with minimum observed routing congestion.
[INFO GPL-0056] Minimum observed routing congestion: 1.0858
[INFO GPL-0057] Target density at minimum routing congestion: 0.7117
[INFO GPL-0080] Restoring 255 previously removed fillers.
[INFO GPL-0081] Number of fillers before restoration 0 and after 255 . Relative change: +0.00%%
[INFO GPL-0082] Total filler area before restoration 0.00 and after 3129.75 (um^2). Relative change: +0.00%%
[INFO GPL-0089] Routability finished. Reverting to minimal observed routing congestion, could not reach target.
Iteration | Overflow |     HPWL (um) |  HPWL(%) |   Penalty | Group
---------------------------------------------------------------
      890 |   0.5735 |  6.310575e+05 |   -9.47% |  9.38e-10 |      
      900 |   0.5390 |  6.338802e+05 |   +0.45% |  1.38e-09 |      
      910 |   0.5150 |  6.402502e+05 |   +1.00% |  2.03e-09 |      
      920 |   0.4822 |  6.505133e+05 |   +1.60% |  2.99e-09 |      
      930 |   0.4494 |  6.579972e+05 |   +1.15% |  4.41e-09 |      
      940 |   0.4133 |  6.649127e+05 |   +1.05% |  6.49e-09 |      
      950 |   0.3709 |  6.802290e+05 |   +2.30% |  9.54e-09 |      
      960 |   0.3324 |  6.879595e+05 |   +1.14% |  1.40e-08 |      
      970 |   0.3078 |  6.899858e+05 |   +0.29% |  2.07e-08 |      
      980 |   0.2748 |  6.908478e+05 |   +0.12% |  3.05e-08 |      
      990 |   0.2404 |  7.016064e+05 |   +1.56% |  4.49e-08 |      
     1000 |   0.2170 |  7.049252e+05 |   +0.47% |  6.61e-08 |      
[INFO GPL-0100] Timing-driven iteration 2/2, virtual: false.
[INFO GPL-0101]    Iter: 1010, overflow: 0.194, keep resizer changes at: 1, HPWL: 703770474
Iteration |   Area    | Resized | Buffers | Nets repaired | Remaining
---------------------------------------------------------------------
        0 |     +0.0% |       0 |       0 |             0 |     25088
    final |     +0.0% |       0 |       0 |             0 |         0
---------------------------------------------------------------------
   Iter   |    Area   | Removed | Inserted |   Pins
          |           | Buffers | Buffers  | Remaining
-------------------------------------------------------
        0 |     +0.0% |       0 |        0 |     24441
     2400 |     +0.0% |       9 |        9 |     22041
     4800 |     +0.0% |      10 |       10 |     19641
     7200 |     +0.0% |      12 |       14 |     17241
     9600 |     +0.0% |      19 |       26 |     14841
    12000 |     +0.0% |      36 |       45 |     12441
    14400 |     +0.0% |      95 |      106 |     10041
    16800 |     +0.1% |      96 |      109 |      7641
    19200 |     +0.1% |     103 |      138 |      5241
    21600 |     +0.6% |     181 |      303 |      2841
    24000 |     +0.8% |     383 |      564 |       441
    final |     +0.9% |     404 |      589 |         0
-------------------------------------------------------
[INFO GPL-0106] Timing-driven: worst slack 2.66e-09
[INFO GPL-0107] Timing-driven: repair_design delta area: 2239.034 um^2 (+0.71%)
[INFO GPL-0108] Timing-driven: repair_design, gpl delta gcells: 185 (+0.74%)
[INFO GPL-0109] Timing-driven: repair_design, gcells created: 589, deleted: 404
[INFO GPL-0110] Timing-driven: new target density: 0.72359407
Iteration | Overflow |     HPWL (um) |  HPWL(%) |   Penalty | Group
---------------------------------------------------------------
     1010 |   0.1904 |  7.219746e+05 |   +2.42% |  9.73e-08 |      
     1020 |   0.1688 |  7.210205e+05 |   -0.13% |  1.43e-07 |      
     1030 |   0.1475 |  7.186624e+05 |   -0.33% |  2.11e-07 |      
     1040 |   0.1273 |  7.194526e+05 |   +0.11% |  3.11e-07 |      
     1050 |   0.1107 |  7.201226e+05 |   +0.09% |  4.57e-07 |      
     1057 |   0.0990 |  7.208241e+05 |          |  6.24e-07 |      
---------------------------------------------------------------
[INFO GPL-1001] Global placement finished at iteration 1057
[INFO GPL-1003] Routability mode iteration count: 623
[INFO GPL-1005] Routability final weighted congestion: 1.0553
[INFO GPL-1002] Placed Cell Area            313781.1251
[INFO GPL-1003] Available Free Area         442099.0080
[INFO GPL-1004] Minimum Feasible Density        0.6800 (cell_area / free_area)
[INFO GPL-1006]   Suggested Target Densities:
[INFO GPL-1007]     - For 90% usage of free space: 0.7886
[INFO GPL-1008]     - For 80% usage of free space: 0.8872
[INFO GPL-1011] Original area (um^2): 299156.39
[INFO GPL-1012] Total routability artificial inflation: 7196.16 (+2.41%)
[INFO GPL-1013] Total timing-driven delta area: 7428.58 (+2.48%)
[INFO GPL-1014] Final placement area: 313781.13 (+4.89%)
Setting global connections for newly added cells…
[INFO] Setting global connections...
[INFO ODB-0403] 2356 connections made, 0 conflicts skipped.
Updating metrics…
Cell type report:                       Count       Area
  Fill cell                               350    1313.76
  Tap cell                               6460    8082.75
  Buffer                                   80     400.38
  Timing Repair Buffer                    589    6864.08
  Inverter                                462    1751.68
  Sequential cell                        2240   47715.76
  Multi-Input combinational cell        21683  209855.02
  Total                                 31864  275983.44
Writing OpenROAD database to '/Users/aoxo/vscode/superfloat.gpu/librelane/core/runs/RUN_2026-07-02_10-20-07/28-openroad-globalplacement/core.odb'…
Writing netlist to '/Users/aoxo/vscode/superfloat.gpu/librelane/core/runs/RUN_2026-07-02_10-20-07/28-openroad-globalplacement/core.nl.v'…
Writing powered netlist to '/Users/aoxo/vscode/superfloat.gpu/librelane/core/runs/RUN_2026-07-02_10-20-07/28-openroad-globalplacement/core.pnl.v'…
Writing layout to '/Users/aoxo/vscode/superfloat.gpu/librelane/core/runs/RUN_2026-07-02_10-20-07/28-openroad-globalplacement/core.def'…
Writing timing constraints to '/Users/aoxo/vscode/superfloat.gpu/librelane/core/runs/RUN_2026-07-02_10-20-07/28-openroad-globalplacement/core.sdc'…
