
===========================================================================
report_checks -unconstrained
===========================================================================
======================= nom_ff_n40C_1v95 Corner ===================================

Startpoint: _46315_ (rising edge-triggered flip-flop clocked by clk)
Endpoint: _46006_ (rising edge-triggered flip-flop clocked by clk)
Path Group: clk
Path Type: max

Fanout         Cap        Slew       Delay        Time   Description
---------------------------------------------------------------------------------------------
                                  0.000000    0.000000   clock clk (rise edge)
                                  0.000000    0.000000   clock source latency
     2    0.126831    0.000000    0.000000    0.000000 ^ clk (in)
                                                         clk (net)
                      0.025559    0.012779    0.012779 ^ clkbuf_0_clk/A (sky130_fd_sc_hd__clkbuf_16)
     4    0.085996    0.078637    0.119155    0.131934 ^ clkbuf_0_clk/X (sky130_fd_sc_hd__clkbuf_16)
                                                         clknet_0_clk (net)
                      0.079483    0.006471    0.138405 ^ clkbuf_2_3_0_clk/A (sky130_fd_sc_hd__clkbuf_4)
    19    0.220190    0.491442    0.412890    0.551295 ^ clkbuf_2_3_0_clk/X (sky130_fd_sc_hd__clkbuf_4)
                                                         clknet_2_3_0_clk (net)
                      0.491750    0.010238    0.561532 ^ clkbuf_6_57_0_clk/A (sky130_fd_sc_hd__clkbuf_4)
     9    0.129056    0.291791    0.334574    0.896106 ^ clkbuf_6_57_0_clk/X (sky130_fd_sc_hd__clkbuf_4)
                                                         clknet_6_57_0_clk (net)
                      0.291812    0.002100    0.898206 ^ clkbuf_leaf_265_clk/A (sky130_fd_sc_hd__clkbuf_16)
     4    0.013895    0.034594    0.126120    1.024326 ^ clkbuf_leaf_265_clk/X (sky130_fd_sc_hd__clkbuf_16)
                                                         clknet_leaf_265_clk (net)
                      0.034594    0.000312    1.024638 ^ _46315_/CLK (sky130_fd_sc_hd__dfxtp_2)
     1    0.005199    0.029105    0.195228    1.219866 ^ _46315_/Q (sky130_fd_sc_hd__dfxtp_2)
                                                         net362 (net)
                      0.029105    0.000105    1.219971 ^ place900/A (sky130_fd_sc_hd__buf_6)
    29    0.163974    0.243941    0.203956    1.423927 ^ place900/X (sky130_fd_sc_hd__buf_6)
                                                         net900 (net)
                      0.245850    0.017511    1.441437 ^ _22178_/A (sky130_fd_sc_hd__inv_2)
     5    0.020792    0.074792    0.058279    1.499716 v _22178_/Y (sky130_fd_sc_hd__inv_2)
                                                         _00051_ (net)
                      0.074795    0.000336    1.500052 v _44234_/A (sky130_fd_sc_hd__fa_1)
    15    0.070582    0.263510    0.467185    1.967237 v _44234_/COUT (sky130_fd_sc_hd__fa_1)
                                                         _00052_ (net)
                      0.263584    0.004097    1.971334 v _36372_/B2 (sky130_fd_sc_hd__a22o_2)
     1    0.008680    0.036790    0.205079    2.176413 v _36372_/X (sky130_fd_sc_hd__a22o_2)
                                                         _10672_ (net)
                      0.036790    0.000267    2.176681 v _36373_/B (sky130_fd_sc_hd__xnor2_2)
     2    0.006942    0.058670    0.087625    2.264306 v _36373_/Y (sky130_fd_sc_hd__xnor2_2)
                                                         _10673_ (net)
                      0.058670    0.000073    2.264378 v _36379_/B1 (sky130_fd_sc_hd__a21o_2)
     3    0.011334    0.040430    0.108578    2.372956 v _36379_/X (sky130_fd_sc_hd__a21o_2)
                                                         _10679_ (net)
                      0.040431    0.000255    2.373211 v _36383_/A2 (sky130_fd_sc_hd__a21o_2)
     2    0.007636    0.033415    0.144289    2.517500 v _36383_/X (sky130_fd_sc_hd__a21o_2)
                                                         _10683_ (net)
                      0.033416    0.000268    2.517769 v _36386_/A2 (sky130_fd_sc_hd__a21o_2)
     2    0.007988    0.034016    0.142560    2.660328 v _36386_/X (sky130_fd_sc_hd__a21o_2)
                                                         _10686_ (net)
                      0.034016    0.000068    2.660396 v _36432_/A2 (sky130_fd_sc_hd__a31o_2)
     2    0.006977    0.035367    0.153316    2.813712 v _36432_/X (sky130_fd_sc_hd__a31o_2)
                                                         _10731_ (net)
                      0.035367    0.000142    2.813854 v _36433_/C (sky130_fd_sc_hd__and3_2)
     3    0.008369    0.037349    0.141901    2.955755 v _36433_/X (sky130_fd_sc_hd__and3_2)
                                                         _10732_ (net)
                      0.037349    0.000178    2.955933 v _36436_/A (sky130_fd_sc_hd__or3_2)
     4    0.017108    0.081110    0.313052    3.268985 v _36436_/X (sky130_fd_sc_hd__or3_2)
                                                         _10735_ (net)
                      0.081110    0.000196    3.269181 v _36438_/B (sky130_fd_sc_hd__and3_2)
     2    0.006970    0.035221    0.147589    3.416770 v _36438_/X (sky130_fd_sc_hd__and3_2)
                                                         _10737_ (net)
                      0.035234    0.000173    3.416943 v _36442_/A3 (sky130_fd_sc_hd__o41a_2)
     2    0.005012    0.049684    0.258114    3.675057 v _36442_/X (sky130_fd_sc_hd__o41a_2)
                                                         _10741_ (net)
                      0.049684    0.000119    3.675176 v _36724_/A2 (sky130_fd_sc_hd__o211a_2)
     1    0.005542    0.035574    0.156444    3.831620 v _36724_/X (sky130_fd_sc_hd__o211a_2)
                                                         _11014_ (net)
                      0.035574    0.000216    3.831836 v _36725_/A2 (sky130_fd_sc_hd__a2111o_2)
     1    0.008689    0.055394    0.296104    4.127941 v _36725_/X (sky130_fd_sc_hd__a2111o_2)
                                                         _11015_ (net)
                      0.055394    0.000392    4.128333 v _36728_/A1 (sky130_fd_sc_hd__a21o_2)
     2    0.015632    0.046520    0.150015    4.278348 v _36728_/X (sky130_fd_sc_hd__a21o_2)
                                                         _11018_ (net)
                      0.046540    0.000871    4.279219 v _36875_/A1 (sky130_fd_sc_hd__a211o_2)
     2    0.018976    0.063434    0.218193    4.497413 v _36875_/X (sky130_fd_sc_hd__a211o_2)
                                                         _11165_ (net)
                      0.063452    0.001019    4.498432 v _36932_/A1 (sky130_fd_sc_hd__a21o_2)
     2    0.008194    0.034413    0.138106    4.636537 v _36932_/X (sky130_fd_sc_hd__a21o_2)
                                                         _11221_ (net)
                      0.034413    0.000178    4.636715 v _36983_/A2 (sky130_fd_sc_hd__a21o_2)
     3    0.022623    0.057083    0.169450    4.806165 v _36983_/X (sky130_fd_sc_hd__a21o_2)
                                                         _11271_ (net)
                      0.057153    0.001788    4.807954 v _37035_/A2 (sky130_fd_sc_hd__a21o_2)
     3    0.012357    0.042594    0.161013    4.968966 v _37035_/X (sky130_fd_sc_hd__a21o_2)
                                                         _11322_ (net)
                      0.042600    0.000512    4.969479 v _37087_/A2 (sky130_fd_sc_hd__a21o_2)
     3    0.014891    0.045535    0.161127    5.130606 v _37087_/X (sky130_fd_sc_hd__a21o_2)
                                                         _11373_ (net)
                      0.045547    0.000679    5.131285 v _37136_/A2 (sky130_fd_sc_hd__a21o_2)
     3    0.010404    0.038545    0.152518    5.283804 v _37136_/X (sky130_fd_sc_hd__a21o_2)
                                                         _11421_ (net)
                      0.038545    0.000216    5.284019 v _37182_/A2 (sky130_fd_sc_hd__a21o_2)
     3    0.011785    0.041320    0.153033    5.437052 v _37182_/X (sky130_fd_sc_hd__a21o_2)
                                                         _11466_ (net)
                      0.041322    0.000303    5.437356 v _37228_/A2 (sky130_fd_sc_hd__a21o_2)
     3    0.010742    0.039246    0.151670    5.589025 v _37228_/X (sky130_fd_sc_hd__a21o_2)
                                                         _11511_ (net)
                      0.039248    0.000334    5.589359 v _37269_/A2 (sky130_fd_sc_hd__a21o_2)
     4    0.021586    0.055440    0.169855    5.759214 v _37269_/X (sky130_fd_sc_hd__a21o_2)
                                                         _11551_ (net)
                      0.055478    0.001323    5.760537 v _37334_/A2 (sky130_fd_sc_hd__a311o_2)
     2    0.007996    0.049133    0.241335    6.001872 v _37334_/X (sky130_fd_sc_hd__a311o_2)
                                                         _11614_ (net)
                      0.049133    0.000187    6.002059 v _37361_/A2 (sky130_fd_sc_hd__a21o_2)
     3    0.009749    0.037272    0.152362    6.154421 v _37361_/X (sky130_fd_sc_hd__a21o_2)
                                                         _11640_ (net)
                      0.037272    0.000189    6.154610 v _37384_/A2 (sky130_fd_sc_hd__a21o_2)
     2    0.003665    0.026192    0.133073    6.287683 v _37384_/X (sky130_fd_sc_hd__a21o_2)
                                                         _11662_ (net)
                      0.026192    0.000053    6.287735 v _37404_/B1_N (sky130_fd_sc_hd__a21boi_2)
     2    0.013385    0.051122    0.110068    6.397803 v _37404_/Y (sky130_fd_sc_hd__a21boi_2)
                                                         _11681_ (net)
                      0.051123    0.000305    6.398108 v _37405_/B (sky130_fd_sc_hd__xor2_2)
     2    0.006461    0.051700    0.099570    6.497678 v _37405_/X (sky130_fd_sc_hd__xor2_2)
                                                         _11682_ (net)
                      0.051700    0.000179    6.497858 v _37423_/C (sky130_fd_sc_hd__or4_2)
     1    0.002871    0.064896    0.339817    6.837674 v _37423_/X (sky130_fd_sc_hd__or4_2)
                                                         _11698_ (net)
                      0.064896    0.000083    6.837757 v _37424_/A2 (sky130_fd_sc_hd__o211a_2)
     1    0.003433    0.031218    0.155723    6.993479 v _37424_/X (sky130_fd_sc_hd__o211a_2)
                                                         _11699_ (net)
                      0.031218    0.000108    6.993587 v _37425_/A2 (sky130_fd_sc_hd__o21a_2)
     1    0.002405    0.023592    0.112997    7.106585 v _37425_/X (sky130_fd_sc_hd__o21a_2)
                                                         _01378_ (net)
                      0.023592    0.000069    7.106654 v _46006_/D (sky130_fd_sc_hd__dfxtp_2)
                                              7.106654   data arrival time

                                 24.000000   24.000000   clock clk (rise edge)
                                  0.000000   24.000000   clock source latency
     2    0.126831    0.000000    0.000000   24.000000 ^ clk (in)
                                                         clk (net)
                      0.025559    0.012779   24.012777 ^ clkbuf_0_clk/A (sky130_fd_sc_hd__clkbuf_16)
     4    0.085996    0.078637    0.119154   24.131933 ^ clkbuf_0_clk/X (sky130_fd_sc_hd__clkbuf_16)
                                                         clknet_0_clk (net)
                      0.079483    0.006471   24.138405 ^ clkbuf_2_3_0_clk/A (sky130_fd_sc_hd__clkbuf_4)
    19    0.220190    0.491442    0.412889   24.551292 ^ clkbuf_2_3_0_clk/X (sky130_fd_sc_hd__clkbuf_4)
                                                         clknet_2_3_0_clk (net)
                      0.491799    0.011006   24.562300 ^ clkbuf_6_55_0_clk/A (sky130_fd_sc_hd__clkbuf_4)
     9    0.139737    0.315080    0.350086   24.912386 ^ clkbuf_6_55_0_clk/X (sky130_fd_sc_hd__clkbuf_4)
                                                         clknet_6_55_0_clk (net)
                      0.315103    0.002254   24.914640 ^ clkbuf_leaf_282_clk/A (sky130_fd_sc_hd__clkbuf_16)
     4    0.012553    0.034427    0.125704   25.040344 ^ clkbuf_leaf_282_clk/X (sky130_fd_sc_hd__clkbuf_16)
                                                         clknet_leaf_282_clk (net)
                      0.034427    0.000119   25.040462 ^ _46006_/CLK (sky130_fd_sc_hd__dfxtp_2)
                                 -0.250000   24.790464   clock uncertainty
                                  0.000000   24.790464   clock reconvergence pessimism
                                 -0.067988   24.722475   library setup time
                                             24.722475   data required time
---------------------------------------------------------------------------------------------
                                             24.722475   data required time
                                             -7.106654   data arrival time
---------------------------------------------------------------------------------------------
                                             17.615822   slack (MET)




===========================================================================
report_checks --slack_max -0.01
============================================================================
======================= nom_ff_n40C_1v95 Corner ===================================

No paths found.


===========================================================================
 report_check_types -max_slew -max_cap -max_fanout -violators
============================================================================
======================= nom_ff_n40C_1v95 Corner ===================================



===========================================================================
report_parasitic_annotation -report_unannotated
============================================================================
Found 161 unannotated drivers.
 _44218__1484/HI
 _44219__1485/HI
 _44220__1486/HI
 _44221__1487/HI
 _44222__1488/HI
 _44223__1489/HI
 _44224__1490/HI
 _44225__1491/HI
 _44226__1468/HI
 _44227__1469/HI
 _44228__1470/HI
 _44229__1471/HI
 _44230_/SUM
 _44230__1472/HI
 _44231_/SUM
 _44231__1473/HI
 _44232_/SUM
 _44232__1474/HI
 _44233_/SUM
 _44233__1475/HI
 _44234_/SUM
 _44234__1476/HI
 _44235_/SUM
 _44235__1477/HI
 _44236_/SUM
 _44236__1478/HI
 _44237_/SUM
 _44237__1479/HI
 _44238_/SUM
 _44238__1480/HI
 _44239_/SUM
 _44239__1481/HI
 _44240_/SUM
 _44240__1482/HI
 _44241_/SUM
 _44241__1483/HI
 clkload0/Y
 clkload1/Y
 clkload10/Y
 clkload100/X
 clkload11/Y
 clkload12/Y
 clkload13/Y
 clkload14/Y
 clkload15/Y
 clkload16/Y
 clkload17/Y
 clkload18/Y
 clkload19/Y
 clkload2/Y
 clkload20/Y
 clkload21/Y
 clkload22/Y
 clkload23/Y
 clkload24/Y
 clkload25/Y
 clkload26/Y
 clkload27/Y
 clkload28/Y
 clkload29/Y
 clkload3/Y
 clkload30/Y
 clkload31/Y
 clkload32/Y
 clkload33/Y
 clkload34/X
 clkload35/Y
 clkload36/Y
 clkload37/Y
 clkload38/Y
 clkload39/X
 clkload4/Y
 clkload40/Y
 clkload41/Y
 clkload42/Y
 clkload43/X
 clkload44/Y
 clkload45/Y
 clkload46/Y
 clkload47/Y
 clkload48/Y
 clkload49/X
 clkload5/Y
 clkload50/Y
 clkload51/Y
 clkload52/Y
 clkload53/Y
 clkload54/Y
 clkload55/Y
 clkload56/Y
 clkload57/Y
 clkload58/Y
 clkload59/Y
 clkload6/Y
 clkload60/X
 clkload61/X
 clkload62/X
 clkload63/X
 clkload64/X
 clkload65/X
 clkload66/X
 clkload67/X
 clkload68/X
 clkload69/X
 clkload7/Y
 clkload70/X
 clkload71/X
 clkload72/X
 clkload73/X
 clkload74/X
 clkload75/X
 clkload76/X
 clkload77/X
 clkload78/X
 clkload79/X
 clkload8/Y
 clkload80/X
 clkload81/X
 clkload82/X
 clkload83/X
 clkload84/X
 clkload85/X
 clkload86/X
 clkload87/X
 clkload88/X
 clkload89/X
 clkload9/X
 clkload90/X
 clkload91/X
 clkload92/X
 clkload93/X
 clkload94/X
 clkload95/X
 clkload96/X
 clkload97/X
 clkload98/X
 clkload99/X
 core/HI
 core_1492/HI
 core_1493/HI
 core_1494/HI
 core_1495/HI
 core_1496/HI
 core_1497/HI
 core_1498/HI
 core_1499/HI
 core_1500/HI
 core_1501/HI
 core_1502/HI
 core_1503/HI
 core_1504/HI
 core_1505/HI
 core_1506/HI
 core_1507/HI
 core_1508/HI
 core_1509/HI
 core_1510/HI
 core_1511/HI
 core_1512/HI
 core_1513/HI
 core_1514/HI
Found 0 partially unannotated drivers.

===========================================================================
max slew violation count 0
max fanout violation count 0
max cap violation count 0
============================================================================

===========================================================================
check_setup -verbose -unconstrained_endpoints -multiple_clock -no_clock -no_input_delay -loops -generated_clocks
===========================================================================
