Clock: clk
Sources: clk 
Generated: no
Virtual: yes
Propagated: no
Period: 24.000000

===========================================================================
report_clock_properties
============================================================================
Clock                   Period          Waveform
----------------------------------------------------
clk                  24.000000    0.000000 12.000000

===========================================================================
report_clock_latency
============================================================================
Clock clk
rise -> rise
    min     max
0.000000 0.000000 source latency
0.805637         network latency _45173_/CLK
        1.104104 network latency _46051_/CLK
---------------
0.805637 1.104104 latency
        0.298466 skew

fall -> fall
    min     max
0.000000 0.000000 source latency
0.696307         network latency _45173_/CLK
        0.977536 network latency _46051_/CLK
---------------
0.696307 0.977536 latency
        0.281229 skew



===========================================================================
report_clock_min_period
============================================================================
clk period_min = 6.38 fmax = 156.64
