
===========================================================================
report_checks -unconstrained
===========================================================================
======================= nom_ss_100C_1v60 Corner ===================================

Startpoint: _2672_ (rising edge-triggered flip-flop clocked by clk)
Endpoint: _2691_ (rising edge-triggered flip-flop clocked by clk)
Path Group: clk
Path Type: max

Fanout         Cap        Slew       Delay        Time   Description
---------------------------------------------------------------------------------------------
                      0.250000    0.000000    0.000000   clock clk (rise edge)
                                  0.000000    0.000000   clock network delay (ideal)
                      0.250000    0.000000    0.000000 ^ _2672_/CLK (sky130_fd_sc_hd__dfxtp_2)
     3    0.012408    0.079640    0.719949    0.719949 v _2672_/Q (sky130_fd_sc_hd__dfxtp_2)
                                                         r3_prod_mant[1] (net)
                      0.079640    0.000000    0.719949 v _2334_/A1 (sky130_fd_sc_hd__o21ba_2)
     3    0.012657    0.106413    0.447215    1.167164 v _2334_/X (sky130_fd_sc_hd__o21ba_2)
                                                         _0324_ (net)
                      0.106413    0.000000    1.167164 v _2335_/A4 (sky130_fd_sc_hd__o41a_2)
     2    0.005521    0.129430    0.768996    1.936160 v _2335_/X (sky130_fd_sc_hd__o41a_2)
                                                         _0325_ (net)
                      0.129430    0.000000    1.936160 v _2336_/B (sky130_fd_sc_hd__or2_2)
     5    0.010636    0.156109    0.707527    2.643687 v _2336_/X (sky130_fd_sc_hd__or2_2)
                                                         _0326_ (net)
                      0.156109    0.000000    2.643687 v _2337_/C (sky130_fd_sc_hd__or3_2)
     3    0.004886    0.181746    1.021130    3.664817 v _2337_/X (sky130_fd_sc_hd__or3_2)
                                                         _0327_ (net)
                      0.181746    0.000000    3.664817 v _2338_/C (sky130_fd_sc_hd__or3_2)
     2    0.002633    0.161456    0.991051    4.655868 v _2338_/X (sky130_fd_sc_hd__or3_2)
                                                         _0328_ (net)
                      0.161456    0.000000    4.655868 v _2354_/B (sky130_fd_sc_hd__and2_2)
     1    0.008219    0.096468    0.470765    5.126633 v _2354_/X (sky130_fd_sc_hd__and2_2)
                                                         _0344_ (net)
                      0.096468    0.000000    5.126633 v _2355_/B (sky130_fd_sc_hd__xnor2_2)
     2    0.005534    0.106506    0.251078    5.377711 v _2355_/Y (sky130_fd_sc_hd__xnor2_2)
                                                         _0345_ (net)
                      0.106506    0.000000    5.377711 v _2356_/B (sky130_fd_sc_hd__and2_2)
     3    0.009831    0.103078    0.452031    5.829742 v _2356_/X (sky130_fd_sc_hd__and2_2)
                                                         _0346_ (net)
                      0.103078    0.000000    5.829742 v _2404_/A (sky130_fd_sc_hd__or2_2)
     2    0.009712    0.151625    0.731597    6.561339 v _2404_/X (sky130_fd_sc_hd__or2_2)
                                                         _0394_ (net)
                      0.151625    0.000000    6.561339 v _2405_/B1_N (sky130_fd_sc_hd__o21ba_2)
     2    0.009380    0.118750    0.548253    7.109592 ^ _2405_/X (sky130_fd_sc_hd__o21ba_2)
                                                         _0395_ (net)
                      0.118750    0.000000    7.109592 ^ _2408_/A2 (sky130_fd_sc_hd__o21bai_2)
     2    0.006074    0.119932    0.145843    7.255435 v _2408_/Y (sky130_fd_sc_hd__o21bai_2)
                                                         _0398_ (net)
                      0.119932    0.000000    7.255435 v _2410_/A2 (sky130_fd_sc_hd__a21oi_2)
     2    0.009273    0.242365    0.310876    7.566311 ^ _2410_/Y (sky130_fd_sc_hd__a21oi_2)
                                                         _0400_ (net)
                      0.242365    0.000000    7.566311 ^ _2411_/B1 (sky130_fd_sc_hd__a21oi_2)
     3    0.010288    0.133250    0.148194    7.714506 v _2411_/Y (sky130_fd_sc_hd__a21oi_2)
                                                         _0401_ (net)
                      0.133250    0.000000    7.714506 v _2413_/A2 (sky130_fd_sc_hd__a21oi_2)
     2    0.013595    0.316876    0.372800    8.087305 ^ _2413_/Y (sky130_fd_sc_hd__a21oi_2)
                                                         _0403_ (net)
                      0.316876    0.000000    8.087305 ^ _2414_/A2 (sky130_fd_sc_hd__a21oi_2)
     2    0.007204    0.113916    0.214281    8.301586 v _2414_/Y (sky130_fd_sc_hd__a21oi_2)
                                                         _0404_ (net)
                      0.113916    0.000000    8.301586 v _2441_/S (sky130_fd_sc_hd__mux2_2)
     1    0.004546    0.087749    0.456995    8.758582 ^ _2441_/X (sky130_fd_sc_hd__mux2_2)
                                                         _0431_ (net)
                      0.087749    0.000000    8.758582 ^ _2442_/B1 (sky130_fd_sc_hd__o31ai_2)
     2    0.003992    0.099627    0.124754    8.883335 v _2442_/Y (sky130_fd_sc_hd__o31ai_2)
                                                         _0432_ (net)
                      0.099627    0.000000    8.883335 v _2447_/A (sky130_fd_sc_hd__buf_1)
     8    0.013860    0.167690    0.266730    9.150065 v _2447_/X (sky130_fd_sc_hd__buf_1)
                                                         _0436_ (net)
                      0.167690    0.000000    9.150065 v _2468_/A (sky130_fd_sc_hd__or3_2)
     1    0.002206    0.157781    1.113953   10.264017 v _2468_/X (sky130_fd_sc_hd__or3_2)
                                                         _0455_ (net)
                      0.157781    0.000000   10.264017 v _2469_/B2 (sky130_fd_sc_hd__a22o_2)
     1    0.001353    0.057933    0.425972   10.689990 v _2469_/X (sky130_fd_sc_hd__a22o_2)
                                                         _0456_ (net)
                      0.057933    0.000000   10.689990 v _2470_/B (sky130_fd_sc_hd__and2_2)
     1    0.001625    0.065153    0.374540   11.064530 v _2470_/X (sky130_fd_sc_hd__and2_2)
                                                         _0457_ (net)
                      0.065153    0.000000   11.064530 v _2471_/A (sky130_fd_sc_hd__buf_2)
     1    0.001577    0.038942    0.213342   11.277872 v _2471_/X (sky130_fd_sc_hd__buf_2)
                                                         _0036_ (net)
                      0.038942    0.000000   11.277872 v _2691_/D (sky130_fd_sc_hd__dfxtp_2)
                                             11.277872   data arrival time

                      0.250000   20.000000   20.000000   clock clk (rise edge)
                                  0.000000   20.000000   clock network delay (ideal)
                                 -0.200000   19.800001   clock uncertainty
                                  0.000000   19.800001   clock reconvergence pessimism
                                             19.800001 ^ _2691_/CLK (sky130_fd_sc_hd__dfxtp_2)
                                 -0.212763   19.587236   library setup time
                                             19.587236   data required time
---------------------------------------------------------------------------------------------
                                             19.587236   data required time
                                            -11.277872   data arrival time
---------------------------------------------------------------------------------------------
                                              8.309365   slack (MET)




===========================================================================
report_checks --slack_max -0.01
============================================================================
======================= nom_ss_100C_1v60 Corner ===================================

No paths found.


===========================================================================
 report_check_types -max_slew -max_cap -max_fanout -violators
============================================================================
======================= nom_ss_100C_1v60 Corner ===================================

max slew

Pin                                        Limit        Slew       Slack
------------------------------------------------------------------------
_1347_/A1                               1.500000    1.516262   -0.016262 (VIOLATED)
_1388_/B1                               1.500000    1.516262   -0.016262 (VIOLATED)
_1389_/B1                               1.500000    1.516262   -0.016262 (VIOLATED)
_1393_/A                                1.500000    1.516262   -0.016262 (VIOLATED)
_1404_/A                                1.500000    1.516262   -0.016262 (VIOLATED)
_1407_/B                                1.500000    1.516262   -0.016262 (VIOLATED)
_1409_/A2                               1.500000    1.516262   -0.016262 (VIOLATED)
_1410_/A2                               1.500000    1.516262   -0.016262 (VIOLATED)
_1445_/A                                1.500000    1.516262   -0.016262 (VIOLATED)
_1484_/A                                1.500000    1.516262   -0.016262 (VIOLATED)
_1519_/A                                1.500000    1.516262   -0.016262 (VIOLATED)
_1575_/A                                1.500000    1.516262   -0.016262 (VIOLATED)
_1607_/A                                1.500000    1.516262   -0.016262 (VIOLATED)
_1634_/A                                1.500000    1.516262   -0.016262 (VIOLATED)
_1652_/A                                1.500000    1.516262   -0.016262 (VIOLATED)
_1678_/A                                1.500000    1.516262   -0.016262 (VIOLATED)
_1698_/A                                1.500000    1.516262   -0.016262 (VIOLATED)
_1706_/A                                1.500000    1.516262   -0.016262 (VIOLATED)
_1722_/A1                               1.500000    1.516262   -0.016262 (VIOLATED)
_1775_/A                                1.500000    1.516262   -0.016262 (VIOLATED)
_1829_/A                                1.500000    1.516262   -0.016262 (VIOLATED)
_1878_/A                                1.500000    1.516262   -0.016262 (VIOLATED)
_1927_/A                                1.500000    1.516262   -0.016262 (VIOLATED)
_1976_/A_N                              1.500000    1.516262   -0.016262 (VIOLATED)
_1977_/A1                               1.500000    1.516262   -0.016262 (VIOLATED)
_2014_/B1                               1.500000    1.516262   -0.016262 (VIOLATED)
_2015_/A                                1.500000    1.516262   -0.016262 (VIOLATED)
_2043_/B                                1.500000    1.516262   -0.016262 (VIOLATED)
_2044_/C                                1.500000    1.516262   -0.016262 (VIOLATED)
_2660_/Q                                1.500000    1.516262   -0.016262 (VIOLATED)

max fanout

Pin                                   Limit Fanout  Slack
---------------------------------------------------------
enable                                    8     43    -35 (VIOLATED)
_2660_/Q                                  8     29    -21 (VIOLATED)
_2662_/Q                                  8     28    -20 (VIOLATED)
_2658_/Q                                  8     26    -18 (VIOLATED)
_2636_/Q                                  8     24    -16 (VIOLATED)
_2622_/Q                                  8     19    -11 (VIOLATED)
reset                                     8     17     -9 (VIOLATED)
_2623_/Q                                  8     17     -9 (VIOLATED)
_2624_/Q                                  8     17     -9 (VIOLATED)
_2625_/Q                                  8     17     -9 (VIOLATED)
_2626_/Q                                  8     17     -9 (VIOLATED)
_2627_/Q                                  8     17     -9 (VIOLATED)
_2628_/Q                                  8     17     -9 (VIOLATED)
_2629_/Q                                  8     17     -9 (VIOLATED)
_2630_/Q                                  8     17     -9 (VIOLATED)
_2631_/Q                                  8     17     -9 (VIOLATED)
_2632_/Q                                  8     17     -9 (VIOLATED)
_2633_/Q                                  8     17     -9 (VIOLATED)
_2634_/Q                                  8     17     -9 (VIOLATED)
_2635_/Q                                  8     17     -9 (VIOLATED)
_2703_/Q                                  8     17     -9 (VIOLATED)
_2620_/SUM                                8     16     -8 (VIOLATED)
_2621_/COUT                               8     16     -8 (VIOLATED)
_2655_/Q                                  8     16     -8 (VIOLATED)
_2620_/COUT                               8     15     -7 (VIOLATED)
_2666_/Q                                  8     14     -6 (VIOLATED)
_2656_/Q                                  8     13     -5 (VIOLATED)
_2664_/Q                                  8     11     -3 (VIOLATED)

max capacitance

Pin                                        Limit         Cap       Slack
------------------------------------------------------------------------
_2660_/Q                                0.191355    0.193800   -0.002445 (VIOLATED)



===========================================================================
report_parasitic_annotation -report_unannotated
============================================================================
Found 1445 unannotated drivers.
 a_in[0]
 a_in[10]
 a_in[11]
 a_in[12]
 a_in[13]
 a_in[14]
 a_in[15]
 a_in[1]
 a_in[2]
 a_in[3]
 a_in[4]
 a_in[5]
 a_in[6]
 a_in[7]
 a_in[8]
 a_in[9]
 b_in[0]
 b_in[10]
 b_in[11]
 b_in[12]
 b_in[13]
 b_in[14]
 b_in[15]
 b_in[1]
 b_in[2]
 b_in[3]
 b_in[4]
 b_in[5]
 b_in[6]
 b_in[7]
 b_in[8]
 b_in[9]
 clear_acc
 clk
 compute_enable
 enable
 load_weight
 reset
 _1306_/Y
 _1307_/Y
 _1308_/Y
 _1309_/Y
 _1310_/Y
 _1311_/X
 _1312_/X
 _1313_/X
 _1314_/Y
 _1315_/Y
 _1316_/Y
 _1317_/Y
 _1318_/X
 _1319_/X
 _1320_/X
 _1321_/X
 _1322_/X
 _1323_/X
 _1324_/X
 _1325_/X
 _1326_/X
 _1327_/X
 _1328_/Y
 _1329_/Y
 _1330_/X
 _1331_/X
 _1332_/Y
 _1333_/Y
 _1334_/X
 _1335_/X
 _1336_/X
 _1337_/X
 _1338_/X
 _1339_/Y
 _1340_/X
 _1341_/Y
 _1342_/X
 _1343_/X
 _1344_/X
 _1345_/X
 _1346_/X
 _1347_/X
 _1348_/X
 _1349_/X
 _1350_/X
 _1351_/X
 _1352_/X
 _1353_/X
 _1354_/X
 _1355_/X
 _1356_/X
 _1357_/X
 _1358_/X
 _1359_/X
 _1360_/X
 _1361_/X
 _1362_/X
 _1363_/X
 _1364_/X
 _1365_/X
 _1366_/X
 _1367_/X
 _1368_/X
 _1369_/Y
 _1370_/Y
 _1371_/X
 _1372_/Y
 _1373_/X
 _1374_/Y
 _1375_/Y
 _1376_/Y
 _1377_/X
 _1378_/Y
 _1379_/X
 _1380_/Y
 _1381_/X
 _1382_/X
 _1383_/X
 _1384_/X
 _1385_/X
 _1386_/X
 _1387_/X
 _1388_/X
 _1389_/Y
 _1390_/X
 _1391_/X
 _1392_/X
 _1393_/X
 _1394_/X
 _1395_/Y
 _1396_/X
 _1397_/Y
 _1398_/X
 _1399_/X
 _1400_/X
 _1401_/X
 _1402_/X
 _1403_/X
 _1404_/X
 _1405_/Y
 _1406_/X
 _1407_/X
 _1408_/X
 _1409_/X
 _1410_/Y
 _1411_/X
 _1412_/X
 _1413_/X
 _1414_/Y
 _1415_/X
 _1416_/X
 _1417_/X
 _1418_/X
 _1419_/Y
 _1420_/X
 _1421_/X
 _1422_/Y
 _1423_/X
 _1424_/Y
 _1425_/X
 _1426_/X
 _1427_/X
 _1428_/Y
 _1429_/X
 _1430_/Y
 _1431_/X
 _1432_/X
 _1433_/Y
 _1434_/X
 _1435_/Y
 _1436_/Y
 _1437_/X
 _1438_/Y
 _1439_/X
 _1440_/Y
 _1441_/X
 _1442_/X
 _1443_/X
 _1444_/X
 _1445_/X
 _1446_/Y
 _1447_/X
 _1448_/X
 _1449_/X
 _1450_/X
 _1451_/X
 _1452_/X
 _1453_/X
 _1454_/X
 _1455_/X
 _1456_/X
 _1457_/Y
 _1458_/X
 _1459_/Y
 _1460_/Y
 _1461_/X
 _1462_/X
 _1463_/Y
 _1464_/X
 _1465_/X
 _1466_/Y
 _1467_/X
 _1468_/Y
 _1469_/Y
 _1470_/X
 _1471_/X
 _1472_/X
 _1473_/X
 _1474_/Y
 _1475_/X
 _1476_/Y
 _1477_/Y
 _1478_/X
 _1479_/Y
 _1480_/X
 _1481_/X
 _1482_/X
 _1483_/X
 _1484_/X
 _1485_/X
 _1486_/Y
 _1487_/Y
 _1488_/X
 _1489_/X
 _1490_/X
 _1491_/X
 _1492_/Y
 _1493_/X
 _1494_/Y
 _1495_/Y
 _1496_/Y
 _1497_/Y
 _1498_/X
 _1499_/X
 _1500_/Y
 _1501_/Y
 _1502_/Y
 _1503_/Y
 _1504_/Y
 _1505_/Y
 _1506_/Y
 _1507_/X
 _1508_/Y
 _1509_/Y
 _1510_/Y
 _1511_/X
 _1512_/Y
 _1513_/X
 _1514_/Y
 _1515_/X
 _1516_/X
 _1517_/X
 _1518_/X
 _1519_/X
 _1520_/Y
 _1521_/X
 _1522_/X
 _1523_/X
 _1524_/X
 _1525_/Y
 _1526_/X
 _1527_/X
 _1528_/Y
 _1529_/X
 _1530_/Y
 _1531_/X
 _1532_/Y
 _1533_/X
 _1534_/Y
 _1535_/X
 _1536_/X
 _1537_/X
 _1538_/X
 _1539_/X
 _1540_/X
 _1541_/Y
 _1542_/X
 _1543_/Y
 _1544_/X
 _1545_/Y
 _1546_/X
 _1547_/X
 _1548_/Y
 _1549_/X
 _1550_/X
 _1551_/X
 _1552_/X
 _1553_/X
 _1554_/Y
 _1555_/Y
 _1556_/X
 _1557_/Y
 _1558_/X
 _1559_/X
 _1560_/X
 _1561_/X
 _1562_/Y
 _1563_/X
 _1564_/Y
 _1565_/Y
 _1566_/X
 _1567_/Y
 _1568_/X
 _1569_/X
 _1570_/Y
 _1571_/X
 _1572_/X
 _1573_/X
 _1574_/X
 _1575_/X
 _1576_/X
 _1577_/X
 _1578_/Y
 _1579_/Y
 _1580_/Y
 _1581_/Y
 _1582_/Y
 _1583_/Y
 _1584_/X
 _1585_/Y
 _1586_/X
 _1587_/X
 _1588_/Y
 _1589_/X
 _1590_/Y
 _1591_/X
 _1592_/X
 _1593_/X
 _1594_/X
 _1595_/Y
 _1596_/Y
 _1597_/Y
 _1598_/X
 _1599_/X
 _1600_/X
 _1601_/Y
 _1602_/X
 _1603_/X
 _1604_/X
 _1605_/X
 _1606_/X
 _1607_/X
 _1608_/X
 _1609_/Y
 _1610_/Y
 _1611_/Y
 _1612_/X
 _1613_/X
 _1614_/Y
 _1615_/X
 _1616_/X
 _1617_/Y
 _1618_/Y
 _1619_/X
 _1620_/Y
 _1621_/Y
 _1622_/Y
 _1623_/X
 _1624_/X
 _1625_/Y
 _1626_/X
 _1627_/X
 _1628_/X
 _1629_/Y
 _1630_/X
 _1631_/X
 _1632_/X
 _1633_/X
 _1634_/X
 _1635_/X
 _1636_/Y
 _1637_/Y
 _1638_/X
 _1639_/Y
 _1640_/Y
 _1641_/Y
 _1642_/Y
 _1643_/Y
 _1644_/Y
 _1645_/Y
 _1646_/X
 _1647_/Y
 _1648_/X
 _1649_/X
 _1650_/X
 _1651_/X
 _1652_/X
 _1653_/X
 _1654_/Y
 _1655_/Y
 _1656_/X
 _1657_/X
 _1658_/X
 _1659_/X
 _1660_/Y
 _1661_/Y
 _1662_/X
 _1663_/X
 _1664_/X
 _1665_/X
 _1666_/Y
 _1667_/X
 _1668_/X
 _1669_/X
 _1670_/Y
 _1671_/X
 _1672_/X
 _1673_/Y
 _1674_/X
 _1675_/X
 _1676_/X
 _1677_/X
 _1678_/X
 _1679_/X
 _1680_/Y
 _1681_/Y
 _1682_/X
 _1683_/Y
 _1684_/X
 _1685_/X
 _1686_/X
 _1687_/Y
 _1688_/Y
 _1689_/Y
 _1690_/Y
 _1691_/X
 _1692_/X
 _1693_/Y
 _1694_/X
 _1695_/X
 _1696_/X
 _1697_/Y
 _1698_/Y
 _1699_/Y
 _1700_/X
 _1701_/Y
 _1702_/X
 _1703_/X
 _1704_/Y
 _1705_/X
 _1706_/X
 _1707_/Y
 _1708_/X
 _1709_/Y
 _1710_/X
 _1711_/Y
 _1712_/Y
 _1713_/X
 _1714_/X
 _1715_/Y
 _1716_/X
 _1717_/Y
 _1718_/X
 _1719_/X
 _1720_/Y
 _1721_/Y
 _1722_/X
 _1723_/X
 _1724_/Y
 _1725_/X
 _1726_/Y
 _1727_/X
 _1728_/X
 _1729_/X
 _1730_/X
 _1731_/X
 _1732_/Y
 _1733_/Y
 _1734_/X
 _1735_/Y
 _1736_/Y
 _1737_/X
 _1738_/X
 _1739_/X
 _1740_/Y
 _1741_/Y
 _1742_/X
 _1743_/X
 _1744_/Y
 _1745_/Y
 _1746_/Y
 _1747_/X
 _1748_/X
 _1749_/X
 _1750_/X
 _1751_/X
 _1752_/Y
 _1753_/Y
 _1754_/X
 _1755_/X
 _1756_/Y
 _1757_/Y
 _1758_/X
 _1759_/X
 _1760_/X
 _1761_/Y
 _1762_/X
 _1763_/X
 _1764_/Y
 _1765_/X
 _1766_/Y
 _1767_/Y
 _1768_/Y
 _1769_/X
 _1770_/Y
 _1771_/X
 _1772_/X
 _1773_/Y
 _1774_/X
 _1775_/X
 _1776_/Y
 _1777_/X
 _1778_/Y
 _1779_/Y
 _1780_/X
 _1781_/X
 _1782_/Y
 _1783_/Y
 _1784_/X
 _1785_/X
 _1786_/X
 _1787_/X
 _1788_/Y
 _1789_/Y
 _1790_/Y
 _1791_/Y
 _1792_/X
 _1793_/X
 _1794_/X
 _1795_/X
 _1796_/Y
 _1797_/X
 _1798_/Y
 _1799_/X
 _1800_/X
 _1801_/X
 _1802_/Y
 _1803_/Y
 _1804_/Y
 _1805_/Y
 _1806_/X
 _1807_/X
 _1808_/X
 _1809_/Y
 _1810_/Y
 _1811_/X
 _1812_/X
 _1813_/X
 _1814_/X
 _1815_/X
 _1816_/X
 _1817_/X
 _1818_/Y
 _1819_/X
 _1820_/Y
 _1821_/Y
 _1822_/X
 _1823_/Y
 _1824_/X
 _1825_/X
 _1826_/X
 _1827_/Y
 _1828_/X
 _1829_/X
 _1830_/X
 _1831_/X
 _1832_/Y
 _1833_/Y
 _1834_/Y
 _1835_/X
 _1836_/Y
 _1837_/X
 _1838_/X
 _1839_/X
 _1840_/Y
 _1841_/Y
 _1842_/X
 _1843_/Y
 _1844_/X
 _1845_/X
 _1846_/Y
 _1847_/X
 _1848_/Y
 _1849_/Y
 _1850_/X
 _1851_/Y
 _1852_/X
 _1853_/X
 _1854_/X
 _1855_/X
 _1856_/Y
 _1857_/Y
 _1858_/X
 _1859_/X
 _1860_/X
 _1861_/X
 _1862_/X
 _1863_/X
 _1864_/X
 _1865_/Y
 _1866_/X
 _1867_/Y
 _1868_/Y
 _1869_/X
 _1870_/Y
 _1871_/X
 _1872_/Y
 _1873_/X
 _1874_/Y
 _1875_/Y
 _1876_/Y
 _1877_/X
 _1878_/X
 _1879_/X
 _1880_/Y
 _1881_/X
 _1882_/X
 _1883_/Y
 _1884_/X
 _1885_/Y
 _1886_/X
 _1887_/Y
 _1888_/Y
 _1889_/X
 _1890_/X
 _1891_/X
 _1892_/Y
 _1893_/Y
 _1894_/Y
 _1895_/X
 _1896_/Y
 _1897_/Y
 _1898_/Y
 _1899_/Y
 _1900_/Y
 _1901_/X
 _1902_/X
 _1903_/Y
 _1904_/X
 _1905_/Y
 _1906_/X
 _1907_/X
 _1908_/X
 _1909_/X
 _1910_/Y
 _1911_/Y
 _1912_/X
 _1913_/X
 _1914_/X
 _1915_/X
 _1916_/X
 _1917_/X
 _1918_/X
 _1919_/Y
 _1920_/X
 _1921_/X
 _1922_/Y
 _1923_/X
 _1924_/X
 _1925_/X
 _1926_/X
 _1927_/X
 _1928_/Y
 _1929_/X
 _1930_/X
 _1931_/Y
 _1932_/Y
 _1933_/Y
 _1934_/Y
 _1935_/Y
 _1936_/X
 _1937_/X
 _1938_/Y
 _1939_/X
 _1940_/X
 _1941_/Y
 _1942_/Y
 _1943_/X
 _1944_/X
 _1945_/Y
 _1946_/X
 _1947_/Y
 _1948_/Y
 _1949_/Y
 _1950_/X
 _1951_/Y
 _1952_/X
 _1953_/Y
 _1954_/X
 _1955_/X
 _1956_/X
 _1957_/X
 _1958_/X
 _1959_/X
 _1960_/X
 _1961_/X
 _1962_/Y
 _1963_/X
 _1964_/X
 _1965_/X
 _1966_/X
 _1967_/X
 _1968_/X
 _1969_/Y
 _1970_/X
 _1971_/X
 _1972_/Y
 _1973_/X
 _1974_/X
 _1975_/X
 _1976_/X
 _1977_/X
 _1978_/Y
 _1979_/X
 _1980_/Y
 _1981_/Y
 _1982_/X
 _1983_/Y
 _1984_/Y
 _1985_/X
 _1986_/Y
 _1987_/X
 _1988_/X
 _1989_/Y
 _1990_/Y
 _1991_/Y
 _1992_/Y
 _1993_/Y
 _1994_/X
 _1995_/X
 _1996_/X
 _1997_/X
 _1998_/Y
 _1999_/Y
 _2000_/X
 _2001_/X
 _2002_/X
 _2003_/Y
 _2004_/Y
 _2005_/Y
 _2006_/X
 _2007_/X
 _2008_/X
 _2009_/X
 _2010_/Y
 _2011_/X
 _2012_/X
 _2013_/Y
 _2014_/Y
 _2015_/Y
 _2016_/X
 _2017_/X
 _2018_/X
 _2019_/X
 _2020_/Y
 _2021_/X
 _2022_/X
 _2023_/Y
 _2024_/X
 _2025_/Y
 _2026_/Y
 _2027_/Y
 _2028_/Y
 _2029_/X
 _2030_/X
 _2031_/Y
 _2032_/Y
 _2033_/X
 _2034_/X
 _2035_/Y
 _2036_/Y
 _2037_/X
 _2038_/X
 _2039_/Y
 _2040_/Y
 _2041_/X
 _2042_/X
 _2043_/X
 _2044_/X
 _2045_/X
 _2046_/X
 _2047_/Y
 _2048_/X
 _2049_/X
 _2050_/Y
 _2051_/X
 _2052_/Y
 _2053_/Y
 _2054_/Y
 _2055_/X
 _2056_/X
 _2057_/X
 _2058_/X
 _2059_/Y
 _2060_/X
 _2061_/X
 _2062_/X
 _2063_/Y
 _2064_/X
 _2065_/Y
 _2066_/X
 _2067_/Y
 _2068_/Y
 _2069_/Y
 _2070_/Y
 _2071_/Y
 _2072_/X
 _2073_/X
 _2074_/Y
 _2075_/Y
 _2076_/X
 _2077_/Y
 _2078_/X
 _2079_/Y
 _2080_/X
 _2081_/Y
 _2082_/Y
 _2083_/X
 _2084_/Y
 _2085_/X
 _2086_/X
 _2087_/Y
 _2088_/X
 _2089_/X
 _2090_/Y
 _2091_/Y
 _2092_/Y
 _2093_/Y
 _2094_/X
 _2095_/X
 _2096_/X
 _2097_/Y
 _2098_/X
 _2099_/X
 _2100_/X
 _2101_/Y
 _2102_/Y
 _2103_/X
 _2104_/Y
 _2105_/X
 _2106_/X
 _2107_/Y
 _2108_/Y
 _2109_/Y
 _2110_/X
 _2111_/X
 _2112_/X
 _2113_/Y
 _2114_/Y
 _2115_/X
 _2116_/Y
 _2117_/Y
 _2118_/Y
 _2119_/X
 _2120_/X
 _2121_/Y
 _2122_/X
 _2123_/Y
 _2124_/X
 _2125_/X
 _2126_/Y
 _2127_/X
 _2128_/Y
 _2129_/Y
 _2130_/X
 _2131_/Y
 _2132_/X
 _2133_/X
 _2134_/X
 _2135_/X
 _2136_/Y
 _2137_/X
 _2138_/X
 _2139_/X
 _2140_/X
 _2141_/Y
 _2142_/X
 _2143_/X
 _2144_/X
 _2145_/Y
 _2146_/Y
 _2147_/X
 _2148_/X
 _2149_/Y
 _2150_/X
 _2151_/X
 _2152_/X
 _2153_/Y
 _2154_/X
 _2155_/Y
 _2156_/X
 _2157_/X
 _2158_/Y
 _2159_/X
 _2160_/Y
 _2161_/Y
 _2162_/X
 _2163_/Y
 _2164_/X
 _2165_/X
 _2166_/Y
 _2167_/X
 _2168_/Y
 _2169_/Y
 _2170_/X
 _2171_/Y
 _2172_/Y
 _2173_/X
 _2174_/Y
 _2175_/X
 _2176_/Y
 _2177_/Y
 _2178_/X
 _2179_/X
 _2180_/X
 _2181_/X
 _2182_/X
 _2183_/Y
 _2184_/Y
 _2185_/Y
 _2186_/X
 _2187_/Y
 _2188_/Y
 _2189_/Y
 _2190_/X
 _2191_/Y
 _2192_/Y
 _2193_/X
 _2194_/X
 _2195_/Y
 _2196_/X
 _2197_/X
 _2198_/X
 _2199_/X
 _2200_/X
 _2201_/X
 _2202_/X
 _2203_/X
 _2204_/Y
 _2205_/X
 _2206_/Y
 _2207_/Y
 _2208_/X
 _2209_/Y
 _2210_/X
 _2211_/Y
 _2212_/X
 _2213_/Y
 _2214_/Y
 _2215_/Y
 _2216_/X
 _2217_/X
 _2218_/Y
 _2219_/X
 _2220_/Y
 _2221_/X
 _2222_/Y
 _2223_/X
 _2224_/X
 _2225_/X
 _2226_/X
 _2227_/X
 _2228_/Y
 _2229_/X
 _2230_/Y
 _2231_/Y
 _2232_/X
 _2233_/X
 _2234_/X
 _2235_/X
 _2236_/X
 _2237_/Y
 _2238_/X
 _2239_/X
 _2240_/Y
 _2241_/Y
 _2242_/Y
 _2243_/Y
 _2244_/Y
 _2245_/X
 _2246_/Y
 _2247_/Y
 _2248_/X
 _2249_/Y
 _2250_/X
 _2251_/X
 _2252_/Y
 _2253_/X
 _2254_/Y
 _2255_/X
 _2256_/X
 _2257_/X
 _2258_/Y
 _2259_/Y
 _2260_/Y
 _2261_/X
 _2262_/X
 _2263_/Y
 _2264_/X
 _2265_/X
 _2266_/X
 _2267_/X
 _2268_/X
 _2269_/Y
 _2270_/X
 _2271_/Y
 _2272_/X
 _2273_/Y
 _2274_/Y
 _2275_/Y
 _2276_/Y
 _2277_/Y
 _2278_/X
 _2279_/Y
 _2280_/Y
 _2281_/X
 _2282_/Y
 _2283_/X
 _2284_/X
 _2285_/X
 _2286_/X
 _2287_/Y
 _2288_/X
 _2289_/X
 _2290_/X
 _2291_/Y
 _2292_/Y
 _2293_/X
 _2294_/Y
 _2295_/X
 _2296_/X
 _2297_/X
 _2298_/Y
 _2299_/Y
 _2300_/X
 _2301_/Y
 _2302_/X
 _2303_/Y
 _2304_/Y
 _2305_/X
 _2306_/Y
 _2307_/X
 _2308_/X
 _2309_/X
 _2310_/Y
 _2311_/X
 _2312_/Y
 _2313_/Y
 _2314_/X
 _2315_/Y
 _2316_/Y
 _2317_/Y
 _2318_/Y
 _2319_/X
 _2320_/X
 _2321_/Y
 _2322_/X
 _2323_/Y
 _2324_/X
 _2325_/X
 _2326_/Y
 _2327_/Y
 _2328_/X
 _2329_/Y
 _2330_/Y
 _2331_/X
 _2332_/Y
 _2333_/X
 _2334_/X
 _2335_/X
 _2336_/X
 _2337_/X
 _2338_/X
 _2339_/X
 _2340_/X
 _2341_/X
 _2342_/Y
 _2343_/X
 _2344_/Y
 _2345_/Y
 _2346_/X
 _2347_/Y
 _2348_/Y
 _2349_/X
 _2350_/Y
 _2351_/X
 _2352_/Y
 _2353_/Y
 _2354_/X
 _2355_/Y
 _2356_/X
 _2357_/X
 _2358_/Y
 _2359_/X
 _2360_/X
 _2361_/Y
 _2362_/Y
 _2363_/X
 _2364_/Y
 _2365_/X
 _2366_/Y
 _2367_/X
 _2368_/X
 _2369_/Y
 _2370_/X
 _2371_/Y
 _2372_/X
 _2373_/Y
 _2374_/Y
 _2375_/X
 _2376_/X
 _2377_/Y
 _2378_/Y
 _2379_/Y
 _2380_/Y
 _2381_/Y
 _2382_/Y
 _2383_/X
 _2384_/X
 _2385_/Y
 _2386_/X
 _2387_/Y
 _2388_/Y
 _2389_/Y
 _2390_/Y
 _2391_/X
 _2392_/X
 _2393_/X
 _2394_/Y
 _2395_/X
 _2396_/X
 _2397_/Y
 _2398_/Y
 _2399_/X
 _2400_/Y
 _2401_/X
 _2402_/Y
 _2403_/Y
 _2404_/X
 _2405_/X
 _2406_/X
 _2407_/Y
 _2408_/Y
 _2409_/Y
 _2410_/Y
 _2411_/Y
 _2412_/Y
 _2413_/Y
 _2414_/Y
 _2415_/Y
 _2416_/X
 _2417_/Y
 _2418_/Y
 _2419_/Y
 _2420_/Y
 _2421_/Y
 _2422_/Y
 _2423_/Y
 _2424_/Y
 _2425_/X
 _2426_/Y
 _2427_/Y
 _2428_/X
 _2429_/X
 _2430_/X
 _2431_/Y
 _2432_/X
 _2433_/Y
 _2434_/Y
 _2435_/Y
 _2436_/X
 _2437_/X
 _2438_/X
 _2439_/Y
 _2440_/X
 _2441_/X
 _2442_/Y
 _2443_/X
 _2444_/X
 _2445_/Y
 _2446_/Y
 _2447_/X
 _2448_/Y
 _2449_/Y
 _2450_/Y
 _2451_/X
 _2452_/Y
 _2453_/X
 _2454_/X
 _2455_/X
 _2456_/X
 _2457_/X
 _2458_/X
 _2459_/Y
 _2460_/X
 _2461_/X
 _2462_/X
 _2463_/X
 _2464_/X
 _2465_/Y
 _2466_/X
 _2467_/Y
 _2468_/X
 _2469_/X
 _2470_/X
 _2471_/X
 _2472_/X
 _2473_/Y
 _2474_/Y
 _2475_/X
 _2476_/X
 _2477_/X
 _2478_/Y
 _2479_/Y
 _2480_/Y
 _2481_/X
 _2482_/X
 _2483_/X
 _2484_/X
 _2485_/Y
 _2486_/Y
 _2487_/X
 _2488_/X
 _2489_/X
 _2490_/X
 _2491_/Y
 _2492_/X
 _2493_/X
 _2494_/X
 _2495_/X
 _2496_/X
 _2497_/X
 _2498_/X
 _2499_/X
 _2500_/X
 _2501_/X
 _2502_/X
 _2503_/X
 _2504_/X
 _2505_/X
 _2506_/X
 _2507_/X
 _2508_/X
 _2509_/X
 _2510_/X
 _2511_/X
 _2512_/X
 _2513_/Y
 _2514_/X
 _2515_/X
 _2516_/X
 _2517_/X
 _2518_/Y
 _2519_/X
 _2520_/X
 _2521_/X
 _2522_/X
 _2523_/X
 _2524_/X
 _2525_/X
 _2526_/X
 _2527_/X
 _2528_/X
 _2529_/X
 _2530_/X
 _2531_/X
 _2532_/X
 _2533_/X
 _2534_/X
 _2535_/X
 _2536_/X
 _2537_/X
 _2538_/X
 _2539_/X
 _2540_/X
 _2541_/X
 _2542_/X
 _2543_/X
 _2544_/X
 _2545_/X
 _2546_/X
 _2547_/X
 _2548_/X
 _2549_/X
 _2550_/X
 _2551_/X
 _2552_/X
 _2553_/X
 _2554_/X
 _2555_/X
 _2556_/X
 _2557_/X
 _2558_/X
 _2559_/X
 _2560_/X
 _2561_/X
 _2562_/X
 _2563_/X
 _2564_/X
 _2565_/X
 _2566_/X
 _2567_/X
 _2568_/X
 _2569_/X
 _2570_/X
 _2571_/X
 _2572_/X
 _2573_/X
 _2574_/X
 _2575_/X
 _2576_/X
 _2577_/X
 _2578_/X
 _2579_/X
 _2580_/X
 _2581_/X
 _2582_/X
 _2583_/X
 _2584_/X
 _2585_/X
 _2586_/X
 _2587_/X
 _2588_/X
 _2589_/X
 _2590_/X
 _2591_/X
 _2592_/X
 _2593_/X
 _2594_/X
 _2595_/X
 _2596_/X
 _2597_/X
 _2598_/X
 _2599_/X
 _2600_/X
 _2601_/X
 _2602_/X
 _2603_/X
 _2604_/X
 _2605_/X
 _2606_/X
 _2607_/Y
 _2608_/Y
 _2609_/X
 _2610_/Y
 _2611_/X
 _2612_/Y
 _2613_/X
 _2614_/Y
 _2615_/X
 _2616_/X
 _2617_/X
 _2618_/X
 _2619_/X
 _2620_/COUT
 _2620_/SUM
 _2621_/COUT
 _2621_/SUM
 _2622_/Q
 _2623_/Q
 _2624_/Q
 _2625_/Q
 _2626_/Q
 _2627_/Q
 _2628_/Q
 _2629_/Q
 _2630_/Q
 _2631_/Q
 _2632_/Q
 _2633_/Q
 _2634_/Q
 _2635_/Q
 _2636_/Q
 _2637_/Q
 _2638_/Q
 _2639_/Q
 _2640_/Q
 _2641_/Q
 _2642_/Q
 _2643_/Q
 _2644_/Q
 _2645_/Q
 _2646_/Q
 _2647_/Q
 _2648_/Q
 _2649_/Q
 _2650_/Q
 _2651_/Q
 _2652_/Q
 _2653_/Q
 _2654_/Q
 _2655_/Q
 _2656_/Q
 _2657_/Q
 _2658_/Q
 _2659_/Q
 _2660_/Q
 _2661_/Q
 _2662_/Q
 _2663_/Q
 _2664_/Q
 _2665_/Q
 _2666_/Q
 _2667_/Q
 _2668_/Q
 _2669_/Q
 _2670_/Q
 _2671_/Q
 _2672_/Q
 _2673_/Q
 _2674_/Q
 _2675_/Q
 _2676_/Q
 _2677_/Q
 _2678_/Q
 _2679_/Q
 _2680_/Q
 _2681_/Q
 _2682_/Q
 _2683_/Q
 _2684_/Q
 _2685_/Q
 _2686_/Q
 _2687_/Q
 _2688_/Q
 _2689_/Q
 _2690_/Q
 _2691_/Q
 _2692_/Q
 _2693_/Q
 _2694_/Q
 _2695_/Q
 _2696_/Q
 _2697_/Q
 _2698_/Q
 _2699_/Q
 _2700_/Q
 _2701_/Q
 _2702_/Q
 _2703_/Q
 _2704_/HI
 _2704_/LO
 _2705_/HI
 _2705_/LO
 _2706_/X
 _2707_/X
 _2708_/X
Found 0 partially unannotated drivers.

===========================================================================
max slew violation count 30
max fanout violation count 28
max cap violation count 1
============================================================================

===========================================================================
check_setup -verbose -unconstrained_endpoints -multiple_clock -no_clock -no_input_delay -loops -generated_clocks
===========================================================================
