Clock: clk
Sources: clk 
Generated: no
Virtual: no
Propagated: no
Period: 20.000000

===========================================================================
report_clock_properties
============================================================================
Clock                   Period          Waveform
----------------------------------------------------
clk                  20.000000    0.000000 10.000000

===========================================================================
report_clock_latency
============================================================================
Clock clk
rise -> rise
    min     max
0.000000 0.000000 source latency
0.706437         network latency _2622_/CLK
        0.706437 network latency _2622_/CLK
---------------
0.706437 0.706437 latency
        0.000000 skew

fall -> fall
    min     max
0.000000 0.000000 source latency
0.398892         network latency _2622_/CLK
        0.398892 network latency _2622_/CLK
---------------
0.398892 0.398892 latency
        0.000000 skew



===========================================================================
report_clock_min_period
============================================================================
clk period_min = 11.69 fmax = 85.54
