139. Printing statistics.

=== systolic_pe ===

        +----------Local Count, excluding submodules.
        |        +-Local Area, excluding submodules.
        |        | 
     1814        - wires
     1962        - wire bits
       21        - public wires
      169        - public wire bits
       11        - ports
       86        - port bits
     1919 1.78E+03 cells
      616        -   $_ANDNOT_
       43        -   $_AND_
      208        -   $_MUX_
       57        -   $_NAND_
       61        -   $_NOR_
       82        -   $_NOT_
       58        -   $_ORNOT_
      227        -   $_OR_
      109        -   $_XNOR_
      374        -   $_XOR_
       82 1.74E+03   sky130_fd_sc_hd__dfxtp_2
        2   40.038   sky130_fd_sc_hd__fa_1

   Area for cell type $_ANDNOT_ is unknown!
   Area for cell type $_AND_ is unknown!
   Area for cell type $_MUX_ is unknown!
   Area for cell type $_NAND_ is unknown!
   Area for cell type $_NOR_ is unknown!
   Area for cell type $_NOT_ is unknown!
   Area for cell type $_ORNOT_ is unknown!
   Area for cell type $_OR_ is unknown!
   Area for cell type $_XNOR_ is unknown!
   Area for cell type $_XOR_ is unknown!

   Chip area for module '\systolic_pe': 1784.211200
     of which used for sequential elements: 1744.172800 (97.76%)

