147. Printing statistics.

=== systolic_pe ===

        +----------Local Count, excluding submodules.
        |        +-Local Area, excluding submodules.
        |        | 
     1368        - wires
     1443        - wire bits
       62        - public wires
      137        - public wire bits
       11        - ports
       86        - port bits
     1403 1.52E+04 cells
        2   25.024   sky130_fd_sc_hd__a2111o_2
        3   30.029   sky130_fd_sc_hd__a211o_2
        3   37.536   sky130_fd_sc_hd__a211oi_2
        1    10.01   sky130_fd_sc_hd__a21bo_2
        8   90.086   sky130_fd_sc_hd__a21boi_2
       42  367.853   sky130_fd_sc_hd__a21o_2
        1   15.014   sky130_fd_sc_hd__a21o_4
       55  481.712   sky130_fd_sc_hd__a21oi_2
        2   32.531   sky130_fd_sc_hd__a21oi_4
        2   22.522   sky130_fd_sc_hd__a221o_2
       94  940.902   sky130_fd_sc_hd__a22o_2
        2   22.522   sky130_fd_sc_hd__a311o_2
        7   61.309   sky130_fd_sc_hd__a31o_2
       46  517.997   sky130_fd_sc_hd__a32o_2
        1   11.261   sky130_fd_sc_hd__a41o_2
       91  683.155   sky130_fd_sc_hd__and2_2
        1    8.758   sky130_fd_sc_hd__and2_4
       21  183.926   sky130_fd_sc_hd__and2b_2
       11   82.579   sky130_fd_sc_hd__and3_2
        2   20.019   sky130_fd_sc_hd__and3b_2
        3   30.029   sky130_fd_sc_hd__and4_2
        1   11.261   sky130_fd_sc_hd__and4_4
        3   33.782   sky130_fd_sc_hd__and4b_2
        1   12.512   sky130_fd_sc_hd__and4bb_2
       48  180.173   sky130_fd_sc_hd__buf_1
       22  110.106   sky130_fd_sc_hd__buf_2
        1   11.261   sky130_fd_sc_hd__buf_6
        2    7.507   sky130_fd_sc_hd__conb_1
       82 1.74E+03   sky130_fd_sc_hd__dfxtp_2
        2   40.038   sky130_fd_sc_hd__fa_1
       25    93.84   sky130_fd_sc_hd__inv_2
        1    6.256   sky130_fd_sc_hd__inv_4
        1    8.758   sky130_fd_sc_hd__inv_6
        2   22.522   sky130_fd_sc_hd__mux2_2
       83  519.248   sky130_fd_sc_hd__nand2_2
        5   43.792   sky130_fd_sc_hd__nand2b_2
        5   50.048   sky130_fd_sc_hd__nand3_2
        1   11.261   sky130_fd_sc_hd__nand3b_2
        3   37.536   sky130_fd_sc_hd__nand4_2
        1   16.266   sky130_fd_sc_hd__nand4bb_2
       90   563.04   sky130_fd_sc_hd__nor2_2
        5   43.792   sky130_fd_sc_hd__nor2b_2
        3   30.029   sky130_fd_sc_hd__nor3_2
       52  520.499   sky130_fd_sc_hd__o211a_2
        3   37.536   sky130_fd_sc_hd__o211ai_2
       23  201.443   sky130_fd_sc_hd__o21a_2
        1   15.014   sky130_fd_sc_hd__o21a_4
       19   166.41   sky130_fd_sc_hd__o21ai_2
        1   16.266   sky130_fd_sc_hd__o21ai_4
        5   50.048   sky130_fd_sc_hd__o21ba_2
        4   45.043   sky130_fd_sc_hd__o21bai_2
        3   30.029   sky130_fd_sc_hd__o22a_2
        7   78.826   sky130_fd_sc_hd__o2bb2a_2
        2   22.522   sky130_fd_sc_hd__o311a_2
        7   70.067   sky130_fd_sc_hd__o31a_2
        3   37.536   sky130_fd_sc_hd__o31ai_2
        3   33.782   sky130_fd_sc_hd__o32a_2
        1   12.512   sky130_fd_sc_hd__o41a_2
       93  581.808   sky130_fd_sc_hd__or2_2
        1    8.758   sky130_fd_sc_hd__or2_4
       13  113.859   sky130_fd_sc_hd__or2b_2
        6   45.043   sky130_fd_sc_hd__or3_2
        9   78.826   sky130_fd_sc_hd__or3b_2
        2   22.522   sky130_fd_sc_hd__or3b_4
        9   78.826   sky130_fd_sc_hd__or4_2
        2   22.522   sky130_fd_sc_hd__or4_4
      181 2.94E+03   sky130_fd_sc_hd__xnor2_2
      167 2.72E+03   sky130_fd_sc_hd__xor2_2
        1   27.526   sky130_fd_sc_hd__xor2_4

   Chip area for module '\systolic_pe': 15249.625600
     of which used for sequential elements: 1744.172800 (11.44%)

