
===========================================================================
report_checks -unconstrained
===========================================================================
======================= max_ss_100C_1v60 Corner ===================================

Startpoint: _46237_ (rising edge-triggered flip-flop clocked by clk)
Endpoint: _45862_ (rising edge-triggered flip-flop clocked by clk)
Path Group: clk
Path Type: max

Fanout         Cap        Slew       Delay        Time   Description
---------------------------------------------------------------------------------------------
                                  0.000000    0.000000   clock clk (rise edge)
                                  0.000000    0.000000   clock source latency
     2    0.137488    0.000000    0.000000    0.000000 ^ clk (in)
                                                         clk (net)
                      0.035025    0.017512    0.017512 ^ clkbuf_0_clk/A (sky130_fd_sc_hd__clkbuf_16)
     4    0.094996    0.169662    0.291135    0.308648 ^ clkbuf_0_clk/X (sky130_fd_sc_hd__clkbuf_16)
                                                         clknet_0_clk (net)
                      0.169951    0.005659    0.314307 ^ clkbuf_2_1_0_clk/A (sky130_fd_sc_hd__clkbuf_4)
    16    0.232898    1.056241    0.989859    1.304166 ^ clkbuf_2_1_0_clk/X (sky130_fd_sc_hd__clkbuf_4)
                                                         clknet_2_1_0_clk (net)
                      1.057115    0.025398    1.329564 ^ clkbuf_6_31_0_clk/A (sky130_fd_sc_hd__clkbuf_4)
     9    0.140126    0.649194    1.044840    2.374403 ^ clkbuf_6_31_0_clk/X (sky130_fd_sc_hd__clkbuf_4)
                                                         clknet_6_31_0_clk (net)
                      0.649240    0.005831    2.380234 ^ clkbuf_leaf_166_clk/A (sky130_fd_sc_hd__clkbuf_16)
     4    0.016386    0.071841    0.456876    2.837111 ^ clkbuf_leaf_166_clk/X (sky130_fd_sc_hd__clkbuf_16)
                                                         clknet_leaf_166_clk (net)
                      0.071841    0.000543    2.837654 ^ _46237_/CLK (sky130_fd_sc_hd__dfxtp_2)
     2    0.009089    0.064686    0.625170    3.462824 v _46237_/Q (sky130_fd_sc_hd__dfxtp_2)
                                                         net429 (net)
                      0.064686    0.000518    3.463342 v _33652_/A (sky130_fd_sc_hd__or3_2)
     3    0.014009    0.231703    1.216740    4.680083 v _33652_/X (sky130_fd_sc_hd__or3_2)
                                                         _08086_ (net)
                      0.231712    0.001764    4.681847 v _33653_/C (sky130_fd_sc_hd__or3_2)
     3    0.011358    0.214193    1.115471    5.797318 v _33653_/X (sky130_fd_sc_hd__or3_2)
                                                         _08087_ (net)
                      0.214193    0.000722    5.798039 v _33655_/B (sky130_fd_sc_hd__or2_2)
     4    0.015625    0.178927    0.778539    6.576579 v _33655_/X (sky130_fd_sc_hd__or2_2)
                                                         _08089_ (net)
                      0.178928    0.000816    6.577395 v _33656_/B (sky130_fd_sc_hd__and2_2)
     1    0.008576    0.094633    0.481173    7.058568 v _33656_/X (sky130_fd_sc_hd__and2_2)
                                                         _08090_ (net)
                      0.094633    0.000408    7.058976 v _33725_/B (sky130_fd_sc_hd__xnor2_2)
     2    0.007791    0.121781    0.265053    7.324029 v _33725_/Y (sky130_fd_sc_hd__xnor2_2)
                                                         _08159_ (net)
                      0.121781    0.000379    7.324409 v _33728_/A (sky130_fd_sc_hd__and2_2)
     1    0.005263    0.082135    0.389186    7.713594 v _33728_/X (sky130_fd_sc_hd__and2_2)
                                                         _08162_ (net)
                      0.082135    0.000387    7.713982 v _33729_/B (sky130_fd_sc_hd__or2_2)
     1    0.010968    0.152649    0.690653    8.404634 v _33729_/X (sky130_fd_sc_hd__or2_2)
                                                         _08163_ (net)
                      0.152653    0.001049    8.405684 v _33730_/A (sky130_fd_sc_hd__inv_2)
     2    0.015729    0.128401    0.169851    8.575534 ^ _33730_/Y (sky130_fd_sc_hd__inv_2)
                                                         _08164_ (net)
                      0.128404    0.000859    8.576393 ^ _33769_/A1 (sky130_fd_sc_hd__a21o_2)
     2    0.013128    0.125685    0.312113    8.888506 ^ _33769_/X (sky130_fd_sc_hd__a21o_2)
                                                         _08203_ (net)
                      0.125686    0.000650    8.889156 ^ _33784_/B (sky130_fd_sc_hd__xor2_2)
     2    0.011060    0.149740    0.180268    9.069425 v _33784_/X (sky130_fd_sc_hd__xor2_2)
                                                         _08218_ (net)
                      0.149741    0.000748    9.070172 v _33800_/A (sky130_fd_sc_hd__or4b_2)
     1    0.001985    0.204173    1.556624   10.626797 v _33800_/X (sky130_fd_sc_hd__or4b_2)
                                                         _08234_ (net)
                      0.204173    0.000131   10.626927 v _33801_/B (sky130_fd_sc_hd__or3b_2)
     1    0.004158    0.168512    1.086798   11.713725 v _33801_/X (sky130_fd_sc_hd__or3b_2)
                                                         _08235_ (net)
                      0.169193    0.000274   11.713999 v _33803_/C (sky130_fd_sc_hd__or4_2)
     1    0.006889    0.251021    1.541059   13.255058 v _33803_/X (sky130_fd_sc_hd__or4_2)
                                                         _08237_ (net)
                      0.251021    0.000562   13.255620 v _33804_/B (sky130_fd_sc_hd__nor2_2)
     1    0.005530    0.154475    0.225430   13.481050 ^ _33804_/Y (sky130_fd_sc_hd__nor2_2)
                                                         _08238_ (net)
                      0.154476    0.000409   13.481460 ^ _33805_/A3 (sky130_fd_sc_hd__a32o_2)
     2    0.009355    0.134797    0.436311   13.917771 ^ _33805_/X (sky130_fd_sc_hd__a32o_2)
                                                         _08239_ (net)
                      0.134797    0.000569   13.918341 ^ _33806_/B (sky130_fd_sc_hd__nand2_2)
    13    0.053552    0.528586    0.415795   14.334135 v _33806_/Y (sky130_fd_sc_hd__nand2_2)
                                                         _08240_ (net)
                      0.528588    0.001606   14.335741 v _33815_/A2 (sky130_fd_sc_hd__a21o_2)
     5    0.023261    0.141726    0.655619   14.991360 v _33815_/X (sky130_fd_sc_hd__a21o_2)
                                                         _08249_ (net)
                      0.141747    0.001792   14.993152 v _33817_/B (sky130_fd_sc_hd__or2_2)
     3    0.008428    0.140298    0.695584   15.688736 v _33817_/X (sky130_fd_sc_hd__or2_2)
                                                         _08251_ (net)
                      0.140298    0.000655   15.689391 v _33824_/A (sky130_fd_sc_hd__or4_2)
     4    0.012907    0.287439    1.714804   17.404196 v _33824_/X (sky130_fd_sc_hd__or4_2)
                                                         _08258_ (net)
                      0.287439    0.000599   17.404795 v _33852_/C (sky130_fd_sc_hd__or4b_2)
     3    0.011375    0.275741    1.636114   19.040909 v _33852_/X (sky130_fd_sc_hd__or4b_2)
                                                         _08284_ (net)
                      0.275741    0.000636   19.041544 v _33863_/B (sky130_fd_sc_hd__or3_2)
     3    0.010122    0.207006    1.203890   20.245434 v _33863_/X (sky130_fd_sc_hd__or3_2)
                                                         _08294_ (net)
                      0.207006    0.000595   20.246029 v _33892_/A (sky130_fd_sc_hd__or3b_2)
     2    0.013652    0.229142    1.241689   21.487719 v _33892_/X (sky130_fd_sc_hd__or3b_2)
                                                         _08320_ (net)
                      0.229143    0.001130   21.488848 v _33894_/A1 (sky130_fd_sc_hd__o21ai_2)
     2    0.016449    0.358370    0.444679   21.933527 ^ _33894_/Y (sky130_fd_sc_hd__o21ai_2)
                                                         _08322_ (net)
                      0.358370    0.001169   21.934696 ^ _33902_/A (sky130_fd_sc_hd__xnor2_2)
     3    0.012458    0.168341    0.291291   22.225986 v _33902_/Y (sky130_fd_sc_hd__xnor2_2)
                                                         _08329_ (net)
                      0.168341    0.000568   22.226555 v _33927_/A (sky130_fd_sc_hd__and3_2)
     1    0.001628    0.065156    0.392280   22.618835 v _33927_/X (sky130_fd_sc_hd__and3_2)
                                                         _08346_ (net)
                      0.065156    0.000108   22.618944 v _33928_/D (sky130_fd_sc_hd__or4_2)
     1    0.007466    0.255078    1.370822   23.989765 v _33928_/X (sky130_fd_sc_hd__or4_2)
                                                         _08347_ (net)
                      0.255078    0.000592   23.990356 v _33929_/A2 (sky130_fd_sc_hd__a21oi_2)
     1    0.001988    0.189000    0.272786   24.263144 ^ _33929_/Y (sky130_fd_sc_hd__a21oi_2)
                                                         _01234_ (net)
                      0.189000    0.000137   24.263281 ^ _45862_/D (sky130_fd_sc_hd__dfxtp_2)
                                             24.263281   data arrival time

                                 24.000000   24.000000   clock clk (rise edge)
                                  0.000000   24.000000   clock source latency
     2    0.137488    0.000000    0.000000   24.000000 ^ clk (in)
                                                         clk (net)
                      0.035025    0.017513   24.017511 ^ clkbuf_0_clk/A (sky130_fd_sc_hd__clkbuf_16)
     4    0.094996    0.169662    0.291134   24.308647 ^ clkbuf_0_clk/X (sky130_fd_sc_hd__clkbuf_16)
                                                         clknet_0_clk (net)
                      0.170946    0.011733   24.320379 ^ clkbuf_2_3_0_clk/A (sky130_fd_sc_hd__clkbuf_4)
    19    0.239890    1.087351    1.013502   25.333881 ^ clkbuf_2_3_0_clk/X (sky130_fd_sc_hd__clkbuf_4)
                                                         clknet_2_3_0_clk (net)
                      1.088583    0.030454   25.364336 ^ clkbuf_6_53_0_clk/A (sky130_fd_sc_hd__clkbuf_4)
    11    0.148800    0.685570    1.078909   26.443245 ^ clkbuf_6_53_0_clk/X (sky130_fd_sc_hd__clkbuf_4)
                                                         clknet_6_53_0_clk (net)
                      0.685731    0.010164   26.453409 ^ clkbuf_leaf_172_clk/A (sky130_fd_sc_hd__clkbuf_16)
     4    0.013892    0.069889    0.462693   26.916101 ^ clkbuf_leaf_172_clk/X (sky130_fd_sc_hd__clkbuf_16)
                                                         clknet_leaf_172_clk (net)
                      0.069889    0.000362   26.916464 ^ _45862_/CLK (sky130_fd_sc_hd__dfxtp_2)
                                 -0.250000   26.666466   clock uncertainty
                                  0.000000   26.666466   clock reconvergence pessimism
                                 -0.172285   26.494181   library setup time
                                             26.494181   data required time
---------------------------------------------------------------------------------------------
                                             26.494181   data required time
                                            -24.263281   data arrival time
---------------------------------------------------------------------------------------------
                                              2.230900   slack (MET)




===========================================================================
report_checks --slack_max -0.01
============================================================================
======================= max_ss_100C_1v60 Corner ===================================

No paths found.


===========================================================================
 report_check_types -max_slew -max_cap -max_fanout -violators
============================================================================
======================= max_ss_100C_1v60 Corner ===================================

max slew

Pin                                        Limit        Slew       Slack
------------------------------------------------------------------------
_43509_/B1                              1.500000    1.756352   -0.256352 (VIOLATED)
_43500_/A2                              1.500000    1.756341   -0.256341 (VIOLATED)
_43408_/A2                              1.500000    1.756261   -0.256261 (VIOLATED)
place1060/A                             1.500000    1.756253   -0.256253 (VIOLATED)
_43394_/A2                              1.500000    1.756110   -0.256110 (VIOLATED)
_42997_/B1                              1.500000    1.755771   -0.255771 (VIOLATED)
_43029_/A2                              1.500000    1.755563   -0.255563 (VIOLATED)
_43527_/B1                              1.500000    1.755353   -0.255353 (VIOLATED)
_43009_/A2                              1.500000    1.755293   -0.255293 (VIOLATED)
_43424_/B1                              1.500000    1.755287   -0.255287 (VIOLATED)
_43035_/B1                              1.500000    1.754866   -0.254866 (VIOLATED)
_43021_/B1                              1.500000    1.754737   -0.254737 (VIOLATED)
_43064_/B1                              1.500000    1.754457   -0.254458 (VIOLATED)
_43104_/A2                              1.500000    1.754326   -0.254326 (VIOLATED)
_42961_/X                               1.498522    1.752676   -0.254154 (VIOLATED)
_43481_/B1                              1.500000    1.754018   -0.254018 (VIOLATED)
_43521_/A2                              1.500000    1.753994   -0.253994 (VIOLATED)
_43473_/A2                              1.500000    1.753887   -0.253887 (VIOLATED)
_43442_/B1                              1.500000    1.753765   -0.253766 (VIOLATED)
_43047_/A2                              1.500000    1.753718   -0.253718 (VIOLATED)
_43446_/A2                              1.500000    1.753641   -0.253641 (VIOLATED)
_43469_/B1                              1.500000    1.753441   -0.253441 (VIOLATED)
_43490_/A2                              1.500000    1.753400   -0.253400 (VIOLATED)
_43456_/B1                              1.500000    1.753350   -0.253350 (VIOLATED)
_43070_/B1                              1.500000    1.753342   -0.253342 (VIOLATED)
_43428_/A2                              1.500000    1.753314   -0.253315 (VIOLATED)
_43080_/B1                              1.500000    1.753259   -0.253259 (VIOLATED)
_43091_/B1                              1.500000    1.753216   -0.253216 (VIOLATED)
_43412_/A2                              1.500000    1.753203   -0.253203 (VIOLATED)
_43054_/B1                              1.500000    1.752941   -0.252941 (VIOLATED)
_43102_/C1                              1.500000    1.617010   -0.117010 (VIOLATED)
_41937_/C1                              1.500000    1.616966   -0.116966 (VIOLATED)
_23555_/B                               1.500000    1.616948   -0.116948 (VIOLATED)
_42522_/C1                              1.500000    1.615949   -0.115949 (VIOLATED)
ANTENNA_64/DIODE                        1.500000    1.615437   -0.115437 (VIOLATED)
ANTENNA_66/DIODE                        1.500000    1.615437   -0.115437 (VIOLATED)
ANTENNA_62/DIODE                        1.500000    1.615437   -0.115437 (VIOLATED)
ANTENNA_60/DIODE                        1.500000    1.615437   -0.115437 (VIOLATED)
ANTENNA_58/DIODE                        1.500000    1.615425   -0.115426 (VIOLATED)
ANTENNA_67/DIODE                        1.500000    1.615425   -0.115425 (VIOLATED)
ANTENNA_65/DIODE                        1.500000    1.615425   -0.115425 (VIOLATED)
ANTENNA_63/DIODE                        1.500000    1.615418   -0.115418 (VIOLATED)
ANTENNA_61/DIODE                        1.500000    1.615413   -0.115413 (VIOLATED)
ANTENNA_59/DIODE                        1.500000    1.615413   -0.115413 (VIOLATED)
ANTENNA_57/DIODE                        1.500000    1.615412   -0.115412 (VIOLATED)
_46450_/D                               1.500000    1.615412   -0.115412 (VIOLATED)
_43129_/C1                              1.500000    1.615291   -0.115292 (VIOLATED)
_43120_/C1                              1.500000    1.612627   -0.112627 (VIOLATED)
place656/A                              1.500000    1.612615   -0.112615 (VIOLATED)
_34068_/B2                              1.500000    1.611797   -0.111797 (VIOLATED)
_34288_/A1                              1.500000    1.611669   -0.111669 (VIOLATED)
_34214_/A1                              1.500000    1.611638   -0.111638 (VIOLATED)
_34189_/A                               1.500000    1.611601   -0.111601 (VIOLATED)
_43558_/X                               1.501931    1.613529   -0.111598 (VIOLATED)
_34318_/B1                              1.500000    1.611341   -0.111341 (VIOLATED)
_34364_/A                               1.500000    1.611296   -0.111296 (VIOLATED)
_40429_/A1                              1.500000    1.611195   -0.111195 (VIOLATED)
_40360_/A1                              1.500000    1.611195   -0.111195 (VIOLATED)
_40333_/A1                              1.500000    1.611191   -0.111191 (VIOLATED)
_40244_/B2                              1.500000    1.611190   -0.111190 (VIOLATED)
_43156_/C1                              1.500000    1.610071   -0.110071 (VIOLATED)
_42573_/C1                              1.500000    1.609614   -0.109614 (VIOLATED)
_34066_/Y                               1.501852    1.611143   -0.109291 (VIOLATED)
_43183_/C1                              1.500000    1.605222   -0.105223 (VIOLATED)
_43147_/C1                              1.500000    1.601233   -0.101233 (VIOLATED)
_42736_/C1                              1.500000    1.596459   -0.096459 (VIOLATED)
_42158_/C1                              1.500000    1.596429   -0.096429 (VIOLATED)
_43260_/C1                              1.500000    1.595086   -0.095086 (VIOLATED)
_42808_/C1                              1.500000    1.593171   -0.093171 (VIOLATED)
place1074/A                             1.500000    1.592328   -0.092328 (VIOLATED)
place1079/A                             1.500000    1.590802   -0.090802 (VIOLATED)
_28625_/B                               1.500000    1.590167   -0.090167 (VIOLATED)
_42226_/C1                              1.500000    1.590155   -0.090155 (VIOLATED)
_22331_/Y                               1.498289    1.587582   -0.089293 (VIOLATED)
_38357_/A1                              1.500000    1.588456   -0.088456 (VIOLATED)
_38276_/C1                              1.500000    1.588452   -0.088452 (VIOLATED)
_36196_/C1                              1.500000    1.588398   -0.088398 (VIOLATED)
_36249_/A                               1.500000    1.588364   -0.088364 (VIOLATED)
_28649_/B                               1.500000    1.587889   -0.087889 (VIOLATED)
_40334_/B                               1.500000    1.587731   -0.087731 (VIOLATED)
_40278_/A                               1.500000    1.587726   -0.087726 (VIOLATED)
_40244_/C1                              1.500000    1.587715   -0.087715 (VIOLATED)
_43393_/C1                              1.500000    1.585588   -0.085588 (VIOLATED)
_43323_/C1                              1.500000    1.585103   -0.085103 (VIOLATED)
_43349_/C1                              1.500000    1.583466   -0.083466 (VIOLATED)
_28618_/B                               1.500000    1.581076   -0.081076 (VIOLATED)
_42193_/C1                              1.500000    1.579830   -0.079830 (VIOLATED)
_28620_/B                               1.500000    1.575838   -0.075839 (VIOLATED)
_43358_/C1                              1.500000    1.574212   -0.074212 (VIOLATED)
_28621_/B                               1.500000    1.572632   -0.072632 (VIOLATED)
_28622_/B                               1.500000    1.570957   -0.070957 (VIOLATED)
_43376_/C1                              1.500000    1.567824   -0.067824 (VIOLATED)
_28623_/B                               1.500000    1.555677   -0.055677 (VIOLATED)
_22353_/Y                               1.496266    1.545452   -0.049186 (VIOLATED)
_42790_/C1                              1.500000    1.547765   -0.047765 (VIOLATED)
_42210_/C1                              1.500000    1.547711   -0.047711 (VIOLATED)
_22708_/B                               1.500000    1.545639   -0.045639 (VIOLATED)
_35600_/B                               1.500000    1.545609   -0.045609 (VIOLATED)
_33831_/A                               1.500000    1.545606   -0.045606 (VIOLATED)
_23104_/A                               1.500000    1.545465   -0.045465 (VIOLATED)
_27899_/Y                               1.492525    1.521156   -0.028631 (VIOLATED)
_43572_/X                               1.496693    1.524399   -0.027706 (VIOLATED)
_42175_/C1                              1.500000    1.526146   -0.026146 (VIOLATED)
_43584_/A2                              1.500000    1.524667   -0.024667 (VIOLATED)
_43573_/B                               1.500000    1.524662   -0.024662 (VIOLATED)
_43585_/A2                              1.500000    1.524659   -0.024659 (VIOLATED)
_43583_/A2                              1.500000    1.524659   -0.024659 (VIOLATED)
_43587_/A2                              1.500000    1.524645   -0.024645 (VIOLATED)
_43588_/A2                              1.500000    1.524601   -0.024601 (VIOLATED)
_43579_/A2                              1.500000    1.524585   -0.024585 (VIOLATED)
_43582_/A2                              1.500000    1.524584   -0.024584 (VIOLATED)
_43586_/A2                              1.500000    1.524584   -0.024584 (VIOLATED)
_43577_/A2                              1.500000    1.524581   -0.024581 (VIOLATED)
_43578_/A2                              1.500000    1.524577   -0.024577 (VIOLATED)
_43575_/A2                              1.500000    1.524574   -0.024574 (VIOLATED)
_43576_/A2                              1.500000    1.524572   -0.024572 (VIOLATED)
_43580_/A2                              1.500000    1.524567   -0.024567 (VIOLATED)
_43589_/A2                              1.500000    1.524557   -0.024557 (VIOLATED)
_43581_/A2                              1.500000    1.524553   -0.024553 (VIOLATED)
_43574_/A2                              1.500000    1.524523   -0.024523 (VIOLATED)
_43340_/C1                              1.500000    1.524124   -0.024124 (VIOLATED)
_42964_/Y                               1.495733    1.519280   -0.023547 (VIOLATED)
_43513_/B1                              1.500000    1.522555   -0.022556 (VIOLATED)
_43499_/B1                              1.500000    1.522477   -0.022477 (VIOLATED)
_43482_/B1                              1.500000    1.522465   -0.022465 (VIOLATED)
_43531_/B1                              1.500000    1.522408   -0.022408 (VIOLATED)
_43426_/A2                              1.500000    1.522337   -0.022337 (VIOLATED)
_43009_/B1                              1.500000    1.522299   -0.022299 (VIOLATED)
_27900_/A3                              1.500000    1.522127   -0.022127 (VIOLATED)
_42645_/B1                              1.500000    1.521864   -0.021864 (VIOLATED)
_42618_/B1                              1.500000    1.521804   -0.021804 (VIOLATED)
_42636_/B1                              1.500000    1.521781   -0.021781 (VIOLATED)
_43027_/B1                              1.500000    1.521737   -0.021737 (VIOLATED)
_42628_/B1                              1.500000    1.521661   -0.021661 (VIOLATED)
_43037_/B1                              1.500000    1.521472   -0.021472 (VIOLATED)
_42664_/B1                              1.500000    1.521441   -0.021441 (VIOLATED)
_43020_/B1                              1.500000    1.521431   -0.021431 (VIOLATED)
place739/A                              1.500000    1.521386   -0.021386 (VIOLATED)
_42994_/B1                              1.500000    1.521324   -0.021324 (VIOLATED)
_43104_/B1                              1.500000    1.521232   -0.021232 (VIOLATED)
_43063_/B1                              1.500000    1.521147   -0.021147 (VIOLATED)
_42724_/B1                              1.500000    1.520911   -0.020911 (VIOLATED)
_43464_/B1                              1.500000    1.520625   -0.020625 (VIOLATED)
_43490_/B1                              1.500000    1.520612   -0.020612 (VIOLATED)
_43517_/B1                              1.500000    1.520557   -0.020557 (VIOLATED)
_43457_/B1                              1.500000    1.520556   -0.020556 (VIOLATED)
_43473_/B1                              1.500000    1.520543   -0.020543 (VIOLATED)
_43437_/B1                              1.500000    1.520528   -0.020528 (VIOLATED)
_43430_/B1                              1.500000    1.520516   -0.020516 (VIOLATED)
_43447_/B1                              1.500000    1.520485   -0.020485 (VIOLATED)
_42713_/B1                              1.500000    1.520463   -0.020463 (VIOLATED)
_43045_/B1                              1.500000    1.520440   -0.020440 (VIOLATED)
_43416_/A2                              1.500000    1.520406   -0.020406 (VIOLATED)
_43073_/B1                              1.500000    1.520257   -0.020257 (VIOLATED)
_43086_/B1                              1.500000    1.520134   -0.020134 (VIOLATED)
_42708_/B1                              1.500000    1.519899   -0.019899 (VIOLATED)
_42800_/B1                              1.500000    1.519823   -0.019823 (VIOLATED)
_43078_/B1                              1.500000    1.519638   -0.019638 (VIOLATED)
_42561_/B1                              1.500000    1.519565   -0.019565 (VIOLATED)
_43053_/B1                              1.500000    1.519476   -0.019476 (VIOLATED)
_42588_/A2                              1.500000    1.518458   -0.018458 (VIOLATED)
_42673_/A2                              1.500000    1.518377   -0.018377 (VIOLATED)
_42569_/A2                              1.500000    1.518324   -0.018324 (VIOLATED)
_42536_/B1                              1.500000    1.518291   -0.018291 (VIOLATED)
_42732_/A2                              1.500000    1.518075   -0.018075 (VIOLATED)
_42746_/B1                              1.500000    1.517705   -0.017705 (VIOLATED)
_42788_/A2                              1.500000    1.517650   -0.017650 (VIOLATED)
_42759_/A2                              1.500000    1.517604   -0.017604 (VIOLATED)
_42770_/B1                              1.500000    1.517598   -0.017598 (VIOLATED)
_42738_/A2                              1.500000    1.517475   -0.017475 (VIOLATED)
_42796_/A2                              1.500000    1.517432   -0.017432 (VIOLATED)
_42692_/A2                              1.500000    1.517379   -0.017379 (VIOLATED)
_42683_/B1                              1.500000    1.516916   -0.016916 (VIOLATED)
_42776_/B1                              1.500000    1.516870   -0.016870 (VIOLATED)
_42699_/A2                              1.500000    1.515916   -0.015916 (VIOLATED)
_42919_/A2                              1.500000    1.515286   -0.015286 (VIOLATED)
_42910_/B1                              1.500000    1.515080   -0.015080 (VIOLATED)
_42899_/A2                              1.500000    1.514988   -0.014988 (VIOLATED)
_42938_/A2                              1.500000    1.514058   -0.014059 (VIOLATED)
_43129_/A2                              1.500000    1.512666   -0.012666 (VIOLATED)
_26126_/A                               1.500000    1.512404   -0.012404 (VIOLATED)
_42662_/A2                              1.500000    1.511872   -0.011872 (VIOLATED)
_42034_/A2                              1.500000    1.511549   -0.011550 (VIOLATED)
_43243_/A2                              1.500000    1.511188   -0.011188 (VIOLATED)
_43165_/A2                              1.500000    1.510828   -0.010828 (VIOLATED)
_42928_/B1                              1.500000    1.510764   -0.010764 (VIOLATED)
_42077_/A2                              1.500000    1.510684   -0.010684 (VIOLATED)
_42886_/B1                              1.500000    1.510651   -0.010651 (VIOLATED)
_43174_/A2                              1.500000    1.509832   -0.009832 (VIOLATED)
_42852_/B1                              1.500000    1.509511   -0.009512 (VIOLATED)
_42544_/B1                              1.500000    1.508973   -0.008973 (VIOLATED)
_42420_/A2                              1.500000    1.508877   -0.008877 (VIOLATED)
_42445_/A2                              1.500000    1.508822   -0.008822 (VIOLATED)
_42811_/B1                              1.500000    1.508690   -0.008690 (VIOLATED)
_42836_/B1                              1.500000    1.508664   -0.008665 (VIOLATED)
_42427_/B1                              1.500000    1.507746   -0.007746 (VIOLATED)
_42452_/A2                              1.500000    1.507559   -0.007559 (VIOLATED)
_42860_/A2                              1.500000    1.507322   -0.007322 (VIOLATED)
_43156_/A2                              1.500000    1.506320   -0.006320 (VIOLATED)
_42874_/B1                              1.500000    1.505584   -0.005584 (VIOLATED)
_42901_/B1                              1.500000    1.505578   -0.005578 (VIOLATED)
_42868_/A2                              1.500000    1.505541   -0.005541 (VIOLATED)
_42844_/A2                              1.500000    1.505433   -0.005433 (VIOLATED)
_42828_/B1                              1.500000    1.505425   -0.005425 (VIOLATED)
_43183_/A2                              1.500000    1.502779   -0.002779 (VIOLATED)
place751/X                              1.503175    1.504314   -0.001139 (VIOLATED)

max capacitance

Pin                                        Limit         Cap       Slack
------------------------------------------------------------------------
_42961_/X                               0.297556    0.350364   -0.052808 (VIOLATED)
_43558_/X                               0.189524    0.204932   -0.015408 (VIOLATED)
_22331_/Y                               0.209666    0.224022   -0.014356 (VIOLATED)
_34066_/Y                               0.154734    0.167452   -0.012718 (VIOLATED)
_42964_/Y                               0.270090    0.276157   -0.006067 (VIOLATED)
_43572_/X                               0.195017    0.198969   -0.003952 (VIOLATED)
_22353_/Y                               0.086070    0.089764   -0.003694 (VIOLATED)
_27899_/Y                               0.075999    0.078744   -0.002745 (VIOLATED)



===========================================================================
report_parasitic_annotation -report_unannotated
============================================================================
Found 161 unannotated drivers.
 _44218__1484/HI
 _44219__1485/HI
 _44220__1486/HI
 _44221__1487/HI
 _44222__1488/HI
 _44223__1489/HI
 _44224__1490/HI
 _44225__1491/HI
 _44226__1468/HI
 _44227__1469/HI
 _44228__1470/HI
 _44229__1471/HI
 _44230_/SUM
 _44230__1472/HI
 _44231_/SUM
 _44231__1473/HI
 _44232_/SUM
 _44232__1474/HI
 _44233_/SUM
 _44233__1475/HI
 _44234_/SUM
 _44234__1476/HI
 _44235_/SUM
 _44235__1477/HI
 _44236_/SUM
 _44236__1478/HI
 _44237_/SUM
 _44237__1479/HI
 _44238_/SUM
 _44238__1480/HI
 _44239_/SUM
 _44239__1481/HI
 _44240_/SUM
 _44240__1482/HI
 _44241_/SUM
 _44241__1483/HI
 clkload0/Y
 clkload1/Y
 clkload10/Y
 clkload100/X
 clkload11/Y
 clkload12/Y
 clkload13/Y
 clkload14/Y
 clkload15/Y
 clkload16/Y
 clkload17/Y
 clkload18/Y
 clkload19/Y
 clkload2/Y
 clkload20/Y
 clkload21/Y
 clkload22/Y
 clkload23/Y
 clkload24/Y
 clkload25/Y
 clkload26/Y
 clkload27/Y
 clkload28/Y
 clkload29/Y
 clkload3/Y
 clkload30/Y
 clkload31/Y
 clkload32/Y
 clkload33/Y
 clkload34/X
 clkload35/Y
 clkload36/Y
 clkload37/Y
 clkload38/Y
 clkload39/X
 clkload4/Y
 clkload40/Y
 clkload41/Y
 clkload42/Y
 clkload43/X
 clkload44/Y
 clkload45/Y
 clkload46/Y
 clkload47/Y
 clkload48/Y
 clkload49/X
 clkload5/Y
 clkload50/Y
 clkload51/Y
 clkload52/Y
 clkload53/Y
 clkload54/Y
 clkload55/Y
 clkload56/Y
 clkload57/Y
 clkload58/Y
 clkload59/Y
 clkload6/Y
 clkload60/X
 clkload61/X
 clkload62/X
 clkload63/X
 clkload64/X
 clkload65/X
 clkload66/X
 clkload67/X
 clkload68/X
 clkload69/X
 clkload7/Y
 clkload70/X
 clkload71/X
 clkload72/X
 clkload73/X
 clkload74/X
 clkload75/X
 clkload76/X
 clkload77/X
 clkload78/X
 clkload79/X
 clkload8/Y
 clkload80/X
 clkload81/X
 clkload82/X
 clkload83/X
 clkload84/X
 clkload85/X
 clkload86/X
 clkload87/X
 clkload88/X
 clkload89/X
 clkload9/X
 clkload90/X
 clkload91/X
 clkload92/X
 clkload93/X
 clkload94/X
 clkload95/X
 clkload96/X
 clkload97/X
 clkload98/X
 clkload99/X
 core/HI
 core_1492/HI
 core_1493/HI
 core_1494/HI
 core_1495/HI
 core_1496/HI
 core_1497/HI
 core_1498/HI
 core_1499/HI
 core_1500/HI
 core_1501/HI
 core_1502/HI
 core_1503/HI
 core_1504/HI
 core_1505/HI
 core_1506/HI
 core_1507/HI
 core_1508/HI
 core_1509/HI
 core_1510/HI
 core_1511/HI
 core_1512/HI
 core_1513/HI
 core_1514/HI
Found 0 partially unannotated drivers.

===========================================================================
max slew violation count 206
max fanout violation count 0
max cap violation count 8
============================================================================

===========================================================================
check_setup -verbose -unconstrained_endpoints -multiple_clock -no_clock -no_input_delay -loops -generated_clocks
===========================================================================
