Clock: clk
Sources: clk 
Generated: no
Virtual: yes
Propagated: no
Period: 24.000000

===========================================================================
report_clock_properties
============================================================================
Clock                   Period          Waveform
----------------------------------------------------
clk                  24.000000    0.000000 12.000000

===========================================================================
report_clock_latency
============================================================================
Clock clk
rise -> rise
    min     max
0.000000 0.000000 source latency
2.165692         network latency _45173_/CLK
        3.045542 network latency _46051_/CLK
---------------
2.165692 3.045542 latency
        0.879850 skew

fall -> fall
    min     max
0.000000 0.000000 source latency
1.875125         network latency _45173_/CLK
        2.642750 network latency _46051_/CLK
---------------
1.875125 2.642750 latency
        0.767625 skew



===========================================================================
report_clock_min_period
============================================================================
clk period_min = 21.77 fmax = 45.94
