
===========================================================================
 report_power
============================================================================
======================= max_ss_100C_1v60 Corner ===================================

Group                    Internal    Switching      Leakage        Total
                            Power        Power        Power        Power (Watts)
------------------------------------------------------------------------
Sequential           3.021117e-03 2.419326e-04 3.348539e-05 3.296535e-03  19.6%
Combinational        3.534002e-03 4.571753e-03 1.249473e-04 8.230702e-03  48.9%
Clock                3.462768e-03 1.829894e-03 1.254955e-05 5.305211e-03  31.5%
Macro                0.000000e+00 0.000000e+00 0.000000e+00 0.000000e+00   0.0%
Pad                  0.000000e+00 0.000000e+00 0.000000e+00 0.000000e+00   0.0%
------------------------------------------------------------------------
Total                1.001786e-02 6.643567e-03 1.709843e-04 1.683242e-02 100.0%
                            59.5%        39.5%         1.0%

