
===========================================================================
report_checks -unconstrained
===========================================================================
======================= nom_ff_n40C_1v95 Corner ===================================

Startpoint: g_row[0].g_col[0].pe/_2726_
            (rising edge-triggered flip-flop clocked by clk)
Endpoint: g_row[0].g_col[0].pe/_2753_
          (rising edge-triggered flip-flop clocked by clk)
Path Group: clk
Path Type: max

Fanout         Cap        Slew       Delay        Time   Description
---------------------------------------------------------------------------------------------
                                  0.000000    0.000000   clock clk (rise edge)
                                  0.000000    0.000000   clock source latency
     1    0.070857    0.241210    0.172937    0.172937 ^ clk (in)
                                                         clk (net)
                      0.242220    0.000000    0.172937 ^ clkbuf_0_clk/A (sky130_fd_sc_hd__clkbuf_16)
    16    0.262363    0.211803    0.248053    0.420991 ^ clkbuf_0_clk/X (sky130_fd_sc_hd__clkbuf_16)
                                                         clknet_0_clk (net)
                      0.212751    0.011558    0.432549 ^ clkbuf_4_6_0_clk/A (sky130_fd_sc_hd__clkbuf_16)
     7    0.073723    0.071995    0.151966    0.584515 ^ clkbuf_4_6_0_clk/X (sky130_fd_sc_hd__clkbuf_16)
                                                         clknet_4_6_0_clk (net)
                      0.072142    0.002130    0.586645 ^ clkbuf_leaf_40_clk/A (sky130_fd_sc_hd__clkbuf_16)
     4    0.019945    0.031537    0.095828    0.682473 ^ clkbuf_leaf_40_clk/X (sky130_fd_sc_hd__clkbuf_16)
                                                         clknet_leaf_40_clk (net)
                      0.031541    0.000654    0.683127 ^ g_row[0].g_col[0].pe/_2726_/CLK (sky130_fd_sc_hd__dfxtp_2)
     7    0.067706    0.256357    0.353483    1.036610 ^ g_row[0].g_col[0].pe/_2726_/Q (sky130_fd_sc_hd__dfxtp_2)
                                                         g_row[0].g_col[0].pe/r2_mantissa[3] (net)
                      0.256396    0.003162    1.039773 ^ g_row[0].g_col[0].pe/place1189/A (sky130_fd_sc_hd__buf_6)
     7    0.042216    0.071014    0.114092    1.153865 ^ g_row[0].g_col[0].pe/place1189/X (sky130_fd_sc_hd__buf_6)
                                                         g_row[0].g_col[0].pe/net1189 (net)
                      0.071035    0.001003    1.154867 ^ g_row[0].g_col[0].pe/_1421_/A (sky130_fd_sc_hd__xor2_2)
     8    0.052172    0.466030    0.361359    1.516227 ^ g_row[0].g_col[0].pe/_1421_/X (sky130_fd_sc_hd__xor2_2)
                                                         g_row[0].g_col[0].pe/_0644_ (net)
                      0.466032    0.000676    1.516903 ^ g_row[0].g_col[0].pe/_1921_/B (sky130_fd_sc_hd__and2_2)
     2    0.008199    0.050437    0.137150    1.654052 ^ g_row[0].g_col[0].pe/_1921_/X (sky130_fd_sc_hd__and2_2)
                                                         g_row[0].g_col[0].pe/_1142_ (net)
                      0.050437    0.000140    1.654192 ^ g_row[0].g_col[0].pe/_1924_/B (sky130_fd_sc_hd__nor3_2)
     2    0.005551    0.030364    0.030696    1.684888 v g_row[0].g_col[0].pe/_1924_/Y (sky130_fd_sc_hd__nor3_2)
                                                         g_row[0].g_col[0].pe/_1145_ (net)
                      0.030364    0.000115    1.685003 v g_row[0].g_col[0].pe/_1980_/B (sky130_fd_sc_hd__or3_4)
     3    0.013678    0.055884    0.232789    1.917792 v g_row[0].g_col[0].pe/_1980_/X (sky130_fd_sc_hd__or3_4)
                                                         g_row[0].g_col[0].pe/_1200_ (net)
                      0.055884    0.000318    1.918110 v g_row[0].g_col[0].pe/_1989_/A2 (sky130_fd_sc_hd__a311o_2)
     2    0.005510    0.044655    0.234388    2.152498 v g_row[0].g_col[0].pe/_1989_/X (sky130_fd_sc_hd__a311o_2)
                                                         g_row[0].g_col[0].pe/_1209_ (net)
                      0.044655    0.000116    2.152614 v g_row[0].g_col[0].pe/_1991_/C (sky130_fd_sc_hd__and4_4)
     3    0.014935    0.036700    0.132480    2.285093 v g_row[0].g_col[0].pe/_1991_/X (sky130_fd_sc_hd__and4_4)
                                                         g_row[0].g_col[0].pe/_1211_ (net)
                      0.036703    0.000368    2.285461 v g_row[0].g_col[0].pe/_1993_/A_N (sky130_fd_sc_hd__nand2b_4)
     2    0.027503    0.052058    0.117500    2.402961 v g_row[0].g_col[0].pe/_1993_/Y (sky130_fd_sc_hd__nand2b_4)
                                                         g_row[0].g_col[0].pe/_1213_ (net)
                      0.052179    0.001668    2.404629 v g_row[0].g_col[0].pe/_1996_/A (sky130_fd_sc_hd__xor2_2)
     2    0.014403    0.159180    0.170311    2.574940 ^ g_row[0].g_col[0].pe/_1996_/X (sky130_fd_sc_hd__xor2_2)
                                                         g_row[0].g_col[0].pe/_1216_ (net)
                      0.159180    0.000176    2.575116 ^ g_row[0].g_col[0].pe/_1997_/B (sky130_fd_sc_hd__xor2_2)
     2    0.014607    0.160803    0.148847    2.723963 ^ g_row[0].g_col[0].pe/_1997_/X (sky130_fd_sc_hd__xor2_2)
                                                         g_row[0].g_col[0].pe/_1217_ (net)
                      0.160859    0.000681    2.724644 ^ g_row[0].g_col[0].pe/_2001_/A (sky130_fd_sc_hd__xnor2_2)
     2    0.011145    0.059468    0.068088    2.792732 v g_row[0].g_col[0].pe/_2001_/Y (sky130_fd_sc_hd__xnor2_2)
                                                         g_row[0].g_col[0].pe/_1221_ (net)
                      0.059468    0.000196    2.792928 v g_row[0].g_col[0].pe/_2015_/A2 (sky130_fd_sc_hd__a21o_2)
     2    0.012673    0.043234    0.162546    2.955474 v g_row[0].g_col[0].pe/_2015_/X (sky130_fd_sc_hd__a21o_2)
                                                         g_row[0].g_col[0].pe/_1234_ (net)
                      0.043239    0.000469    2.955943 v g_row[0].g_col[0].pe/_2059_/A (sky130_fd_sc_hd__xnor2_2)
     3    0.015982    0.182857    0.178646    3.134589 ^ g_row[0].g_col[0].pe/_2059_/Y (sky130_fd_sc_hd__xnor2_2)
                                                         g_row[0].g_col[0].pe/_1278_ (net)
                      0.182910    0.000225    3.134814 ^ g_row[0].g_col[0].pe/_2060_/B (sky130_fd_sc_hd__xor2_2)
     3    0.012046    0.140588    0.132994    3.267808 ^ g_row[0].g_col[0].pe/_2060_/X (sky130_fd_sc_hd__xor2_2)
                                                         g_row[0].g_col[0].pe/_1279_ (net)
                      0.140588    0.000305    3.268113 ^ g_row[0].g_col[0].pe/_2150_/C (sky130_fd_sc_hd__and3b_2)
     2    0.007451    0.043541    0.132006    3.400119 ^ g_row[0].g_col[0].pe/_2150_/X (sky130_fd_sc_hd__and3b_2)
                                                         g_row[0].g_col[0].pe/_0116_ (net)
                      0.043541    0.000180    3.400299 ^ g_row[0].g_col[0].pe/_2151_/C_N (sky130_fd_sc_hd__or3b_4)
     2    0.011559    0.055431    0.236550    3.636849 v g_row[0].g_col[0].pe/_2151_/X (sky130_fd_sc_hd__or3b_4)
                                                         g_row[0].g_col[0].pe/_0117_ (net)
                      0.055431    0.000479    3.637328 v g_row[0].g_col[0].pe/_2301_/B1 (sky130_fd_sc_hd__a211o_4)
     2    0.007014    0.038319    0.159003    3.796331 v g_row[0].g_col[0].pe/_2301_/X (sky130_fd_sc_hd__a211o_4)
                                                         g_row[0].g_col[0].pe/_0263_ (net)
                      0.038319    0.000132    3.796464 v g_row[0].g_col[0].pe/_2332_/A2 (sky130_fd_sc_hd__a311o_4)
     3    0.012840    0.051902    0.248742    4.045206 v g_row[0].g_col[0].pe/_2332_/X (sky130_fd_sc_hd__a311o_4)
                                                         g_row[0].g_col[0].pe/_0293_ (net)
                      0.051902    0.000233    4.045439 v g_row[0].g_col[0].pe/_2378_/A1 (sky130_fd_sc_hd__a21o_2)
     3    0.010764    0.039251    0.139309    4.184748 v g_row[0].g_col[0].pe/_2378_/X (sky130_fd_sc_hd__a21o_2)
                                                         g_row[0].g_col[0].pe/_0337_ (net)
                      0.039252    0.000233    4.184981 v g_row[0].g_col[0].pe/_2394_/A1 (sky130_fd_sc_hd__a31o_2)
     1    0.005416    0.033013    0.131019    4.316000 v g_row[0].g_col[0].pe/_2394_/X (sky130_fd_sc_hd__a31o_2)
                                                         g_row[0].g_col[0].pe/_0352_ (net)
                      0.033013    0.000174    4.316175 v g_row[0].g_col[0].pe/_2395_/B2 (sky130_fd_sc_hd__o22a_4)
     1    0.016716    0.040149    0.125238    4.441413 v g_row[0].g_col[0].pe/_2395_/X (sky130_fd_sc_hd__o22a_4)
                                                         g_row[0].g_col[0].pe/_0353_ (net)
                      0.040156    0.000533    4.441946 v g_row[0].g_col[0].pe/_2396_/B (sky130_fd_sc_hd__nor2_8)
     1    0.013919    0.077920    0.067202    4.509148 ^ g_row[0].g_col[0].pe/_2396_/Y (sky130_fd_sc_hd__nor2_8)
                                                         g_row[0].g_col[0].pe/_0030_ (net)
                      0.077922    0.000781    4.509930 ^ g_row[0].g_col[0].pe/hold1636/A (sky130_fd_sc_hd__clkbuf_2)
     1    0.012735    0.058687    0.098885    4.608815 ^ g_row[0].g_col[0].pe/hold1636/X (sky130_fd_sc_hd__clkbuf_2)
                                                         g_row[0].g_col[0].pe/net1635 (net)
                      0.058697    0.000749    4.609564 ^ g_row[0].g_col[0].pe/_2753_/D (sky130_fd_sc_hd__dfxtp_2)
                                              4.609564   data arrival time

                                 20.000000   20.000000   clock clk (rise edge)
                                  0.000000   20.000000   clock source latency
     1    0.070857    0.241210    0.172937   20.172937 ^ clk (in)
                                                         clk (net)
                      0.242220    0.000000   20.172937 ^ clkbuf_0_clk/A (sky130_fd_sc_hd__clkbuf_16)
    16    0.262363    0.211803    0.248054   20.420992 ^ clkbuf_0_clk/X (sky130_fd_sc_hd__clkbuf_16)
                                                         clknet_0_clk (net)
                      0.214787    0.020075   20.441067 ^ clkbuf_4_5_0_clk/A (sky130_fd_sc_hd__clkbuf_16)
     7    0.105285    0.094798    0.168924   20.609991 ^ clkbuf_4_5_0_clk/X (sky130_fd_sc_hd__clkbuf_16)
                                                         clknet_4_5_0_clk (net)
                      0.095183    0.004835   20.614826 ^ clkbuf_leaf_25_clk/A (sky130_fd_sc_hd__clkbuf_16)
     4    0.011936    0.026806    0.096538   20.711365 ^ clkbuf_leaf_25_clk/X (sky130_fd_sc_hd__clkbuf_16)
                                                         clknet_leaf_25_clk (net)
                      0.026806    0.000194   20.711557 ^ g_row[0].g_col[0].pe/_2753_/CLK (sky130_fd_sc_hd__dfxtp_2)
                                 -0.200000   20.511557   clock uncertainty
                                  0.000000   20.511557   clock reconvergence pessimism
                                 -0.034303   20.477255   library setup time
                                             20.477255   data required time
---------------------------------------------------------------------------------------------
                                             20.477255   data required time
                                             -4.609564   data arrival time
---------------------------------------------------------------------------------------------
                                             15.867690   slack (MET)




===========================================================================
report_checks --slack_max -0.01
============================================================================
======================= nom_ff_n40C_1v95 Corner ===================================

No paths found.


===========================================================================
 report_check_types -max_slew -max_cap -max_fanout -violators
============================================================================
======================= nom_ff_n40C_1v95 Corner ===================================

max fanout

Pin                                   Limit Fanout  Slack
---------------------------------------------------------
clkbuf_0_clk/X                            8     16     -8 (VIOLATED)
g_row[0].g_col[1].pe/place1117/X          8      9        (VIOLATED)

max capacitance

Pin                                        Limit         Cap       Slack
------------------------------------------------------------------------
clkbuf_0_clk/X                          0.250000    0.262363   -0.012363 (VIOLATED)



===========================================================================
report_parasitic_annotation -report_unannotated
============================================================================
Found 32 unannotated drivers.
 clkload0/X
 clkload1/X
 clkload10/X
 clkload11/X
 clkload12/X
 clkload13/X
 clkload14/X
 clkload15/X
 clkload16/X
 clkload17/X
 clkload2/X
 clkload3/X
 clkload4/X
 clkload5/X
 clkload6/X
 clkload7/Y
 clkload8/X
 clkload9/X
 g_row\[0\].g_col\[0\].pe\/_2688__1422/HI
 g_row\[0\].g_col\[0\].pe\/_2689_/SUM
 g_row\[0\].g_col\[0\].pe\/_2689__1421/HI
 g_row\[0\].g_col\[1\].pe\/_2688__1424/HI
 g_row\[0\].g_col\[1\].pe\/_2689_/SUM
 g_row\[0\].g_col\[1\].pe\/_2689__1423/HI
 g_row\[0\].g_col\[1\].pe\/_2774_/X
 g_row\[1\].g_col\[0\].pe\/_2688__1426/HI
 g_row\[1\].g_col\[0\].pe\/_2689_/SUM
 g_row\[1\].g_col\[0\].pe\/_2689__1425/HI
 g_row\[1\].g_col\[1\].pe\/_2688__1428/HI
 g_row\[1\].g_col\[1\].pe\/_2689_/SUM
 g_row\[1\].g_col\[1\].pe\/_2689__1427/HI
 g_row\[1\].g_col\[1\].pe\/_2774_/X
Found 0 partially unannotated drivers.

===========================================================================
max slew violation count 0
max fanout violation count 2
max cap violation count 1
============================================================================

===========================================================================
check_setup -verbose -unconstrained_endpoints -multiple_clock -no_clock -no_input_delay -loops -generated_clocks
===========================================================================
