Clock: clk
Sources: clk 
Generated: no
Virtual: yes
Propagated: no
Period: 20.000000

===========================================================================
report_clock_properties
============================================================================
Clock                   Period          Waveform
----------------------------------------------------
clk                  20.000000    0.000000 10.000000

===========================================================================
report_clock_latency
============================================================================
Clock clk
rise -> rise
    min     max
0.000000 0.000000 source latency
0.591672         network latency g_row[1].g_col[0].pe/_2743_/CLK
        0.716481 network latency g_row[0].g_col[0].pe/_2725_/CLK
---------------
0.591672 0.716481 latency
        0.124809 skew

fall -> fall
    min     max
0.000000 0.000000 source latency
0.463133         network latency g_row[1].g_col[0].pe/_2743_/CLK
        0.592761 network latency g_row[0].g_col[0].pe/_2725_/CLK
---------------
0.463133 0.592761 latency
        0.129628 skew



===========================================================================
report_clock_min_period
============================================================================
clk period_min = 4.13 fmax = 242.00
