
===========================================================================
report_checks -unconstrained
===========================================================================
======================= max_ff_n40C_1v95 Corner ===================================

Startpoint: _4006_ (rising edge-triggered flip-flop clocked by clk)
Endpoint: gpio_out[19] (output port clocked by clk)
Path Group: clk
Path Type: max

Fanout         Cap        Slew       Delay        Time   Description
---------------------------------------------------------------------------------------------
                                  0.000000    0.000000   clock clk (rise edge)
                                  0.000000    0.000000   clock source latency
     2    0.030647    0.000000    0.000000    0.000000 ^ gpio_in[38] (in)
                                                         gpio_in[38] (net)
                      0.005961    0.002980    0.002980 ^ delaybuf_0_clk/A (sky130_fd_sc_hd__clkbuf_16)
     1    0.011776    0.025726    0.071752    0.074733 ^ delaybuf_0_clk/X (sky130_fd_sc_hd__clkbuf_16)
                                                         delaynet_0_clk (net)
                      0.025736    0.001095    0.075828 ^ delaybuf_1_clk/A (sky130_fd_sc_hd__clkbuf_16)
     1    0.011859    0.025775    0.077202    0.153030 ^ delaybuf_1_clk/X (sky130_fd_sc_hd__clkbuf_16)
                                                         delaynet_1_clk (net)
                      0.025785    0.001088    0.154118 ^ delaybuf_2_clk/A (sky130_fd_sc_hd__clkbuf_16)
     1    0.011727    0.025666    0.077205    0.231323 ^ delaybuf_2_clk/X (sky130_fd_sc_hd__clkbuf_16)
                                                         delaynet_2_clk (net)
                      0.025669    0.000743    0.232066 ^ delaybuf_3_clk/A (sky130_fd_sc_hd__clkbuf_16)
     1    0.011864    0.025778    0.077186    0.309252 ^ delaybuf_3_clk/X (sky130_fd_sc_hd__clkbuf_16)
                                                         delaynet_3_clk (net)
                      0.025788    0.001089    0.310341 ^ delaybuf_4_clk/A (sky130_fd_sc_hd__clkbuf_16)
     1    0.011655    0.025640    0.077075    0.387417 ^ delaybuf_4_clk/X (sky130_fd_sc_hd__clkbuf_16)
                                                         delaynet_4_clk (net)
                      0.025650    0.001075    0.388492 ^ delaybuf_5_clk/A (sky130_fd_sc_hd__clkbuf_16)
     1    0.012110    0.025919    0.077419    0.465911 ^ delaybuf_5_clk/X (sky130_fd_sc_hd__clkbuf_16)
                                                         delaynet_5_clk (net)
                      0.025923    0.000777    0.466688 ^ delaybuf_6_clk/A (sky130_fd_sc_hd__clkbuf_16)
     1    0.011933    0.025808    0.077338    0.544026 ^ delaybuf_6_clk/X (sky130_fd_sc_hd__clkbuf_16)
                                                         delaynet_6_clk (net)
                      0.025816    0.001004    0.545029 ^ delaybuf_7_clk/A (sky130_fd_sc_hd__clkbuf_16)
     1    0.019654    0.030906    0.082197    0.627226 ^ delaybuf_7_clk/X (sky130_fd_sc_hd__clkbuf_16)
                                                         delaynet_7_clk (net)
                      0.031098    0.002293    0.629519 ^ wire2250/A (sky130_fd_sc_hd__buf_6)
     1    0.017936    0.035043    0.067585    0.697104 ^ wire2250/X (sky130_fd_sc_hd__buf_6)
                                                         net2250 (net)
                      0.035255    0.002140    0.699244 ^ wire2249/A (sky130_fd_sc_hd__buf_6)
     1    0.119992    0.175842    0.124860    0.824104 ^ wire2249/X (sky130_fd_sc_hd__buf_6)
                                                         net2249 (net)
                      0.225785    0.073161    0.897265 ^ wire2248/A (sky130_fd_sc_hd__buf_6)
     1    0.031564    0.056111    0.099868    0.997133 ^ wire2248/X (sky130_fd_sc_hd__buf_6)
                                                         net2248 (net)
                      0.057657    0.007234    1.004367 ^ delaybuf_8_clk/A (sky130_fd_sc_hd__clkbuf_16)
     1    0.019545    0.031011    0.091002    1.095369 ^ delaybuf_8_clk/X (sky130_fd_sc_hd__clkbuf_16)
                                                         delaynet_8_clk (net)
                      0.031308    0.002741    1.098110 ^ delaybuf_9_clk/A (sky130_fd_sc_hd__clkbuf_16)
     1    0.019862    0.031053    0.083801    1.181911 ^ delaybuf_9_clk/X (sky130_fd_sc_hd__clkbuf_16)
                                                         delaynet_9_clk (net)
                      0.031309    0.002457    1.184368 ^ delaybuf_10_clk/A (sky130_fd_sc_hd__clkbuf_16)
     1    0.022542    0.032859    0.085221    1.269589 ^ delaybuf_10_clk/X (sky130_fd_sc_hd__clkbuf_16)
                                                         delaynet_10_clk (net)
                      0.033453    0.003348    1.272937 ^ delaybuf_11_clk/A (sky130_fd_sc_hd__clkbuf_16)
     1    0.021809    0.032330    0.085368    1.358305 ^ delaybuf_11_clk/X (sky130_fd_sc_hd__clkbuf_16)
                                                         delaynet_11_clk (net)
                      0.032919    0.003290    1.361596 ^ delaybuf_12_clk/A (sky130_fd_sc_hd__clkbuf_16)
     1    0.020348    0.031372    0.084553    1.446149 ^ delaybuf_12_clk/X (sky130_fd_sc_hd__clkbuf_16)
                                                         delaynet_12_clk (net)
                      0.031668    0.002523    1.448672 ^ delaybuf_13_clk/A (sky130_fd_sc_hd__clkbuf_16)
     1    0.017693    0.029648    0.082577    1.531250 ^ delaybuf_13_clk/X (sky130_fd_sc_hd__clkbuf_16)
                                                         delaynet_13_clk (net)
                      0.029757    0.002149    1.533399 ^ delaybuf_14_clk/A (sky130_fd_sc_hd__clkbuf_16)
     1    0.021974    0.032452    0.084661    1.618060 ^ delaybuf_14_clk/X (sky130_fd_sc_hd__clkbuf_16)
                                                         delaynet_14_clk (net)
                      0.032876    0.002837    1.620897 ^ delaybuf_15_clk/A (sky130_fd_sc_hd__clkbuf_16)
     1    0.021149    0.031894    0.085056    1.705952 ^ delaybuf_15_clk/X (sky130_fd_sc_hd__clkbuf_16)
                                                         delaynet_15_clk (net)
                      0.032231    0.002487    1.708440 ^ delaybuf_16_clk/A (sky130_fd_sc_hd__clkbuf_16)
     1    0.023711    0.033692    0.086277    1.794717 ^ delaybuf_16_clk/X (sky130_fd_sc_hd__clkbuf_16)
                                                         delaynet_16_clk (net)
                      0.034346    0.003586    1.798303 ^ delaybuf_17_clk/A (sky130_fd_sc_hd__clkbuf_16)
     1    0.018917    0.030454    0.084101    1.882403 ^ delaybuf_17_clk/X (sky130_fd_sc_hd__clkbuf_16)
                                                         delaynet_17_clk (net)
                      0.030634    0.002313    1.884716 ^ delaybuf_18_clk/A (sky130_fd_sc_hd__clkbuf_16)
     1    0.019617    0.030892    0.083470    1.968186 ^ delaybuf_18_clk/X (sky130_fd_sc_hd__clkbuf_16)
                                                         delaynet_18_clk (net)
                      0.031115    0.002343    1.970529 ^ delaybuf_19_clk/A (sky130_fd_sc_hd__clkbuf_16)
     1    0.022185    0.032603    0.085063    2.055592 ^ delaybuf_19_clk/X (sky130_fd_sc_hd__clkbuf_16)
                                                         delaynet_19_clk (net)
                      0.033080    0.002974    2.058565 ^ delaybuf_20_clk/A (sky130_fd_sc_hd__clkbuf_16)
     1    0.022557    0.032894    0.085917    2.144483 ^ delaybuf_20_clk/X (sky130_fd_sc_hd__clkbuf_16)
                                                         delaynet_20_clk (net)
                      0.033295    0.002726    2.147209 ^ clkbuf_regs_0_clk/A (sky130_fd_sc_hd__clkbuf_16)
     1    0.008929    0.023825    0.077471    2.224680 ^ clkbuf_regs_0_clk/X (sky130_fd_sc_hd__clkbuf_16)
                                                         gpio_in[38]_regs (net)
                      0.023830    0.000707    2.225388 ^ clkbuf_0_gpio_in[38]_regs/A (sky130_fd_sc_hd__clkbuf_16)
     2    0.076186    0.071177    0.103403    2.328791 ^ clkbuf_0_gpio_in[38]_regs/X (sky130_fd_sc_hd__clkbuf_16)
                                                         clknet_0_gpio_in[38]_regs (net)
                      0.081999    0.020899    2.349689 ^ clkbuf_1_1_0_gpio_in[38]_regs/A (sky130_fd_sc_hd__clkbuf_16)
     1    0.095374    0.085315    0.126305    2.475995 ^ clkbuf_1_1_0_gpio_in[38]_regs/X (sky130_fd_sc_hd__clkbuf_16)
                                                         clknet_1_1_0_gpio_in[38]_regs (net)
                      0.105089    0.031203    2.507198 ^ clkbuf_1_1_1_gpio_in[38]_regs/A (sky130_fd_sc_hd__clkbuf_16)
     2    0.065725    0.064498    0.125662    2.632860 ^ clkbuf_1_1_1_gpio_in[38]_regs/X (sky130_fd_sc_hd__clkbuf_16)
                                                         clknet_1_1_1_gpio_in[38]_regs (net)
                      0.069191    0.013419    2.646279 ^ clkbuf_2_3_0_gpio_in[38]_regs/A (sky130_fd_sc_hd__clkbuf_16)
     1    0.092276    0.084263    0.130733    2.777012 ^ clkbuf_2_3_0_gpio_in[38]_regs/X (sky130_fd_sc_hd__clkbuf_16)
                                                         clknet_2_3_0_gpio_in[38]_regs (net)
                      0.086918    0.011745    2.788757 ^ clkbuf_2_3_1_gpio_in[38]_regs/A (sky130_fd_sc_hd__clkbuf_16)
     2    0.085717    0.079064    0.133865    2.922622 ^ clkbuf_2_3_1_gpio_in[38]_regs/X (sky130_fd_sc_hd__clkbuf_16)
                                                         clknet_2_3_1_gpio_in[38]_regs (net)
                      0.081546    0.011043    2.933665 ^ clkbuf_3_7_0_gpio_in[38]_regs/A (sky130_fd_sc_hd__clkbuf_16)
     2    0.028522    0.037757    0.102857    3.036522 ^ clkbuf_3_7_0_gpio_in[38]_regs/X (sky130_fd_sc_hd__clkbuf_16)
                                                         clknet_3_7_0_gpio_in[38]_regs (net)
                      0.038305    0.003471    3.039992 ^ clkbuf_4_15_0_gpio_in[38]_regs/A (sky130_fd_sc_hd__clkbuf_16)
     2    0.094230    0.085466    0.123727    3.163720 ^ clkbuf_4_15_0_gpio_in[38]_regs/X (sky130_fd_sc_hd__clkbuf_16)
                                                         clknet_4_15_0_gpio_in[38]_regs (net)
                      0.087965    0.011489    3.175208 ^ clkbuf_5_30_0_gpio_in[38]_regs/A (sky130_fd_sc_hd__clkbuf_16)
     2    0.039593    0.044980    0.111010    3.286218 ^ clkbuf_5_30_0_gpio_in[38]_regs/X (sky130_fd_sc_hd__clkbuf_16)
                                                         clknet_5_30_0_gpio_in[38]_regs (net)
                      0.045760    0.004506    3.290724 ^ clkbuf_6_60__f_gpio_in[38]_regs/A (sky130_fd_sc_hd__clkbuf_16)
     3    0.037491    0.043224    0.099301    3.390025 ^ clkbuf_6_60__f_gpio_in[38]_regs/X (sky130_fd_sc_hd__clkbuf_16)
                                                         clknet_6_60__leaf_gpio_in[38]_regs (net)
                      0.043358    0.000875    3.390900 ^ clkbuf_leaf_168_gpio_in[38]_regs/A (sky130_fd_sc_hd__clkbuf_16)
     6    0.023236    0.033323    0.090154    3.481054 ^ clkbuf_leaf_168_gpio_in[38]_regs/X (sky130_fd_sc_hd__clkbuf_16)
                                                         clknet_leaf_168_gpio_in[38]_regs (net)
                      0.033356    0.000562    3.481616 ^ _4006_/CLK (sky130_fd_sc_hd__dfxtp_4)
     2    0.111727    0.238059    0.354733    3.836349 ^ _4006_/Q (sky130_fd_sc_hd__dfxtp_4)
                                                         bus_req (net)
                      0.238994    0.012176    3.848525 ^ wire1424/A (sky130_fd_sc_hd__buf_8)
     2    0.094725    0.120513    0.140796    3.989321 ^ wire1424/X (sky130_fd_sc_hd__buf_8)
                                                         net1424 (net)
                      0.123818    0.015745    4.005066 ^ wire1423/A (sky130_fd_sc_hd__buf_6)
     1    0.074469    0.115306    0.138138    4.143204 ^ wire1423/X (sky130_fd_sc_hd__buf_6)
                                                         net1423 (net)
                      0.116078    0.007631    4.150835 ^ wire1422/A (sky130_fd_sc_hd__buf_6)
     1    0.062309    0.098055    0.116487    4.267322 ^ wire1422/X (sky130_fd_sc_hd__buf_6)
                                                         net1422 (net)
                      0.106773    0.022321    4.289642 ^ wire1421/A (sky130_fd_sc_hd__buf_6)
     1    0.048887    0.078591    0.107015    4.396657 ^ wire1421/X (sky130_fd_sc_hd__buf_6)
                                                         net1421 (net)
                      0.083615    0.015286    4.411944 ^ _4805_/A (sky130_fd_sc_hd__clkbuf_2)
     1    0.035187    0.149052    0.158875    4.570818 ^ _4805_/X (sky130_fd_sc_hd__clkbuf_2)
                                                         net31 (net)
                      0.149611    0.007359    4.578178 ^ wire3014/A (sky130_fd_sc_hd__buf_4)
     1    0.034439    0.077679    0.127328    4.705506 ^ wire3014/X (sky130_fd_sc_hd__buf_4)
                                                         net3014 (net)
                      0.078709    0.007076    4.712582 ^ wire3013/A (sky130_fd_sc_hd__buf_6)
     2    0.075734    0.117081    0.121505    4.834087 ^ wire3013/X (sky130_fd_sc_hd__buf_6)
                                                         net3013 (net)
                      0.128403    0.027921    4.862008 ^ wire688/A (sky130_fd_sc_hd__buf_6)
     1    0.005365    0.020748    0.070199    4.932207 ^ wire688/X (sky130_fd_sc_hd__buf_6)
                                                         net688 (net)
                      0.020748    0.000424    4.932631 ^ output31/A (sky130_fd_sc_hd__buf_2)
     1    0.003628    0.021587    0.057665    4.990296 ^ output31/X (sky130_fd_sc_hd__buf_2)
                                                         gpio_out[19] (net)
                      0.021589    0.000210    4.990506 ^ gpio_out[19] (out)
                                              4.990506   data arrival time

                                 20.000000   20.000000   clock clk (rise edge)
                                  0.000000   20.000000   clock network delay (propagated)
                                 -0.250000   19.750002   clock uncertainty
                                  0.000000   19.750002   clock reconvergence pessimism
                                 -4.000000   15.750001   output external delay
                                             15.750001   data required time
---------------------------------------------------------------------------------------------
                                             15.750001   data required time
                                             -4.990506   data arrival time
---------------------------------------------------------------------------------------------
                                             10.759495   slack (MET)




===========================================================================
report_checks --slack_max -0.01
============================================================================
======================= max_ff_n40C_1v95 Corner ===================================

No paths found.


===========================================================================
 report_check_types -max_slew -max_cap -max_fanout -violators
============================================================================
======================= max_ff_n40C_1v95 Corner ===================================



===========================================================================
report_parasitic_annotation -report_unannotated
============================================================================
Found 927 unannotated drivers.
 analog_io[0]
 analog_io[10]
 analog_io[11]
 analog_io[12]
 analog_io[13]
 analog_io[14]
 analog_io[15]
 analog_io[16]
 analog_io[17]
 analog_io[18]
 analog_io[19]
 analog_io[1]
 analog_io[20]
 analog_io[21]
 analog_io[22]
 analog_io[23]
 analog_io[24]
 analog_io[25]
 analog_io[26]
 analog_io[27]
 analog_io[28]
 analog_io[29]
 analog_io[2]
 analog_io[30]
 analog_io[31]
 analog_io[32]
 analog_io[33]
 analog_io[34]
 analog_io[35]
 analog_io[36]
 analog_io[37]
 analog_io[38]
 analog_io[39]
 analog_io[3]
 analog_io[40]
 analog_io[41]
 analog_io[42]
 analog_io[43]
 analog_io[4]
 analog_io[5]
 analog_io[6]
 analog_io[7]
 analog_io[8]
 analog_io[9]
 analog_noesd_io[0]
 analog_noesd_io[10]
 analog_noesd_io[11]
 analog_noesd_io[12]
 analog_noesd_io[13]
 analog_noesd_io[14]
 analog_noesd_io[15]
 analog_noesd_io[16]
 analog_noesd_io[17]
 analog_noesd_io[18]
 analog_noesd_io[19]
 analog_noesd_io[1]
 analog_noesd_io[20]
 analog_noesd_io[21]
 analog_noesd_io[22]
 analog_noesd_io[23]
 analog_noesd_io[24]
 analog_noesd_io[25]
 analog_noesd_io[26]
 analog_noesd_io[27]
 analog_noesd_io[28]
 analog_noesd_io[29]
 analog_noesd_io[2]
 analog_noesd_io[30]
 analog_noesd_io[31]
 analog_noesd_io[32]
 analog_noesd_io[33]
 analog_noesd_io[34]
 analog_noesd_io[35]
 analog_noesd_io[36]
 analog_noesd_io[37]
 analog_noesd_io[38]
 analog_noesd_io[39]
 analog_noesd_io[3]
 analog_noesd_io[40]
 analog_noesd_io[41]
 analog_noesd_io[42]
 analog_noesd_io[43]
 analog_noesd_io[4]
 analog_noesd_io[5]
 analog_noesd_io[6]
 analog_noesd_io[7]
 analog_noesd_io[8]
 analog_noesd_io[9]
 gpio_in[0]
 gpio_in[10]
 gpio_in[11]
 gpio_in[12]
 gpio_in[13]
 gpio_in[14]
 gpio_in[15]
 gpio_in[16]
 gpio_in[17]
 gpio_in[18]
 gpio_in[19]
 gpio_in[1]
 gpio_in[22]
 gpio_in[23]
 gpio_in[2]
 gpio_in[3]
 gpio_in[41]
 gpio_in[42]
 gpio_in[43]
 gpio_in[4]
 gpio_in[5]
 gpio_in[6]
 gpio_in[7]
 gpio_in[8]
 gpio_in[9]
 gpio_in_h[0]
 gpio_in_h[10]
 gpio_in_h[11]
 gpio_in_h[12]
 gpio_in_h[13]
 gpio_in_h[14]
 gpio_in_h[15]
 gpio_in_h[16]
 gpio_in_h[17]
 gpio_in_h[18]
 gpio_in_h[19]
 gpio_in_h[1]
 gpio_in_h[20]
 gpio_in_h[21]
 gpio_in_h[22]
 gpio_in_h[23]
 gpio_in_h[24]
 gpio_in_h[25]
 gpio_in_h[26]
 gpio_in_h[27]
 gpio_in_h[28]
 gpio_in_h[29]
 gpio_in_h[2]
 gpio_in_h[30]
 gpio_in_h[31]
 gpio_in_h[32]
 gpio_in_h[33]
 gpio_in_h[34]
 gpio_in_h[35]
 gpio_in_h[36]
 gpio_in_h[37]
 gpio_in_h[38]
 gpio_in_h[39]
 gpio_in_h[3]
 gpio_in_h[40]
 gpio_in_h[41]
 gpio_in_h[42]
 gpio_in_h[43]
 gpio_in_h[4]
 gpio_in_h[5]
 gpio_in_h[6]
 gpio_in_h[7]
 gpio_in_h[8]
 gpio_in_h[9]
 gpio_loopback_one[0]
 gpio_loopback_one[10]
 gpio_loopback_one[11]
 gpio_loopback_one[12]
 gpio_loopback_one[13]
 gpio_loopback_one[14]
 gpio_loopback_one[15]
 gpio_loopback_one[16]
 gpio_loopback_one[17]
 gpio_loopback_one[18]
 gpio_loopback_one[19]
 gpio_loopback_one[1]
 gpio_loopback_one[20]
 gpio_loopback_one[21]
 gpio_loopback_one[22]
 gpio_loopback_one[23]
 gpio_loopback_one[24]
 gpio_loopback_one[25]
 gpio_loopback_one[26]
 gpio_loopback_one[27]
 gpio_loopback_one[28]
 gpio_loopback_one[29]
 gpio_loopback_one[2]
 gpio_loopback_one[30]
 gpio_loopback_one[31]
 gpio_loopback_one[32]
 gpio_loopback_one[33]
 gpio_loopback_one[34]
 gpio_loopback_one[35]
 gpio_loopback_one[36]
 gpio_loopback_one[37]
 gpio_loopback_one[38]
 gpio_loopback_one[39]
 gpio_loopback_one[3]
 gpio_loopback_one[40]
 gpio_loopback_one[41]
 gpio_loopback_one[42]
 gpio_loopback_one[43]
 gpio_loopback_one[4]
 gpio_loopback_one[5]
 gpio_loopback_one[6]
 gpio_loopback_one[7]
 gpio_loopback_one[8]
 gpio_loopback_one[9]
 gpio_loopback_zero[0]
 gpio_loopback_zero[10]
 gpio_loopback_zero[11]
 gpio_loopback_zero[12]
 gpio_loopback_zero[13]
 gpio_loopback_zero[14]
 gpio_loopback_zero[15]
 gpio_loopback_zero[16]
 gpio_loopback_zero[17]
 gpio_loopback_zero[18]
 gpio_loopback_zero[19]
 gpio_loopback_zero[1]
 gpio_loopback_zero[20]
 gpio_loopback_zero[21]
 gpio_loopback_zero[22]
 gpio_loopback_zero[23]
 gpio_loopback_zero[24]
 gpio_loopback_zero[25]
 gpio_loopback_zero[26]
 gpio_loopback_zero[27]
 gpio_loopback_zero[28]
 gpio_loopback_zero[29]
 gpio_loopback_zero[2]
 gpio_loopback_zero[30]
 gpio_loopback_zero[31]
 gpio_loopback_zero[32]
 gpio_loopback_zero[33]
 gpio_loopback_zero[34]
 gpio_loopback_zero[35]
 gpio_loopback_zero[36]
 gpio_loopback_zero[37]
 gpio_loopback_zero[38]
 gpio_loopback_zero[39]
 gpio_loopback_zero[3]
 gpio_loopback_zero[40]
 gpio_loopback_zero[41]
 gpio_loopback_zero[42]
 gpio_loopback_zero[43]
 gpio_loopback_zero[4]
 gpio_loopback_zero[5]
 gpio_loopback_zero[6]
 gpio_loopback_zero[7]
 gpio_loopback_zero[8]
 gpio_loopback_zero[9]
 mask_rev[0]
 mask_rev[10]
 mask_rev[11]
 mask_rev[12]
 mask_rev[13]
 mask_rev[14]
 mask_rev[15]
 mask_rev[16]
 mask_rev[17]
 mask_rev[18]
 mask_rev[19]
 mask_rev[1]
 mask_rev[20]
 mask_rev[21]
 mask_rev[22]
 mask_rev[23]
 mask_rev[24]
 mask_rev[25]
 mask_rev[26]
 mask_rev[27]
 mask_rev[28]
 mask_rev[29]
 mask_rev[2]
 mask_rev[30]
 mask_rev[31]
 mask_rev[3]
 mask_rev[4]
 mask_rev[5]
 mask_rev[6]
 mask_rev[7]
 mask_rev[8]
 mask_rev[9]
 por_l
 porb_h
 resetb_h
 _4236__2100/LO
 chip.gpu_inst.tiles\[0\].tile/data_mem_read_address[16]
 chip.gpu_inst.tiles\[0\].tile/data_mem_read_address[17]
 chip.gpu_inst.tiles\[0\].tile/data_mem_read_address[18]
 chip.gpu_inst.tiles\[0\].tile/data_mem_write_address[16]
 chip.gpu_inst.tiles\[0\].tile/data_mem_write_address[17]
 chip.gpu_inst.tiles\[0\].tile/data_mem_write_address[18]
 chip.gpu_inst.tiles\[1\].tile/data_mem_read_address[16]
 chip.gpu_inst.tiles\[1\].tile/data_mem_read_address[17]
 chip.gpu_inst.tiles\[1\].tile/data_mem_read_address[18]
 chip.gpu_inst.tiles\[1\].tile/data_mem_write_address[16]
 chip.gpu_inst.tiles\[1\].tile/data_mem_write_address[17]
 chip.gpu_inst.tiles\[1\].tile/data_mem_write_address[18]
 chip.gpu_inst.tiles\[2\].tile/data_mem_read_address[16]
 chip.gpu_inst.tiles\[2\].tile/data_mem_read_address[17]
 chip.gpu_inst.tiles\[2\].tile/data_mem_read_address[18]
 chip.gpu_inst.tiles\[2\].tile/data_mem_write_address[16]
 chip.gpu_inst.tiles\[2\].tile/data_mem_write_address[17]
 chip.gpu_inst.tiles\[2\].tile/data_mem_write_address[18]
 chip.gpu_inst.tiles\[3\].tile/data_mem_read_address[16]
 chip.gpu_inst.tiles\[3\].tile/data_mem_read_address[17]
 chip.gpu_inst.tiles\[3\].tile/data_mem_read_address[18]
 chip.gpu_inst.tiles\[3\].tile/data_mem_write_address[16]
 chip.gpu_inst.tiles\[3\].tile/data_mem_write_address[17]
 chip.gpu_inst.tiles\[3\].tile/data_mem_write_address[18]
 clkload0/Y
 clkload1/Y
 clkload10/X
 clkload11/X
 clkload12/Y
 clkload13/X
 clkload14/Y
 clkload15/X
 clkload16/X
 clkload17/X
 clkload18/Y
 clkload19/Y
 clkload2/X
 clkload20/Y
 clkload21/Y
 clkload22/Y
 clkload23/X
 clkload24/X
 clkload25/Y
 clkload26/X
 clkload27/X
 clkload28/X
 clkload29/Y
 clkload3/X
 clkload30/Y
 clkload31/X
 clkload32/Y
 clkload33/X
 clkload34/X
 clkload35/X
 clkload36/Y
 clkload37/Y
 clkload38/Y
 clkload39/Y
 clkload4/Y
 clkload40/Y
 clkload41/Y
 clkload42/Y
 clkload43/Y
 clkload44/Y
 clkload45/Y
 clkload46/Y
 clkload47/Y
 clkload48/Y
 clkload49/Y
 clkload5/Y
 clkload50/Y
 clkload51/Y
 clkload52/X
 clkload53/X
 clkload54/X
 clkload55/X
 clkload56/X
 clkload57/Y
 clkload58/Y
 clkload59/Y
 clkload6/X
 clkload60/X
 clkload61/Y
 clkload62/Y
 clkload63/Y
 clkload64/Y
 clkload65/Y
 clkload66/Y
 clkload67/X
 clkload68/Y
 clkload69/X
 clkload7/X
 clkload70/X
 clkload71/X
 clkload72/Y
 clkload73/X
 clkload74/X
 clkload8/Y
 clkload9/X
 openframe_project_wrapper/HI
 openframe_project_wrapper_1669/HI
 openframe_project_wrapper_1670/HI
 openframe_project_wrapper_1671/HI
 openframe_project_wrapper_1672/HI
 openframe_project_wrapper_1673/HI
 openframe_project_wrapper_1674/HI
 openframe_project_wrapper_1675/HI
 openframe_project_wrapper_1676/HI
 openframe_project_wrapper_1677/HI
 openframe_project_wrapper_1678/HI
 openframe_project_wrapper_1679/HI
 openframe_project_wrapper_1680/HI
 openframe_project_wrapper_1681/HI
 openframe_project_wrapper_1682/HI
 openframe_project_wrapper_1683/HI
 openframe_project_wrapper_1684/HI
 openframe_project_wrapper_1685/HI
 openframe_project_wrapper_1686/HI
 openframe_project_wrapper_1687/HI
 openframe_project_wrapper_1688/HI
 openframe_project_wrapper_1689/HI
 openframe_project_wrapper_1690/HI
 openframe_project_wrapper_1691/HI
 openframe_project_wrapper_1692/HI
 openframe_project_wrapper_1693/HI
 openframe_project_wrapper_1694/HI
 openframe_project_wrapper_1695/HI
 openframe_project_wrapper_1696/HI
 openframe_project_wrapper_1697/HI
 openframe_project_wrapper_1698/HI
 openframe_project_wrapper_1699/HI
 openframe_project_wrapper_1700/HI
 openframe_project_wrapper_1701/HI
 openframe_project_wrapper_1702/HI
 openframe_project_wrapper_1703/HI
 openframe_project_wrapper_1704/HI
 openframe_project_wrapper_1705/HI
 openframe_project_wrapper_1706/HI
 openframe_project_wrapper_1707/HI
 openframe_project_wrapper_1708/HI
 openframe_project_wrapper_1709/HI
 openframe_project_wrapper_1710/HI
 openframe_project_wrapper_1711/HI
 openframe_project_wrapper_1712/HI
 openframe_project_wrapper_1713/HI
 openframe_project_wrapper_1714/HI
 openframe_project_wrapper_1715/HI
 openframe_project_wrapper_1716/HI
 openframe_project_wrapper_1717/HI
 openframe_project_wrapper_1718/HI
 openframe_project_wrapper_1719/HI
 openframe_project_wrapper_1720/HI
 openframe_project_wrapper_1721/HI
 openframe_project_wrapper_1722/HI
 openframe_project_wrapper_1723/HI
 openframe_project_wrapper_1724/HI
 openframe_project_wrapper_1725/HI
 openframe_project_wrapper_1726/HI
 openframe_project_wrapper_1727/HI
 openframe_project_wrapper_1728/HI
 openframe_project_wrapper_1729/HI
 openframe_project_wrapper_1730/HI
 openframe_project_wrapper_1731/HI
 openframe_project_wrapper_1732/HI
 openframe_project_wrapper_1733/HI
 openframe_project_wrapper_1734/HI
 openframe_project_wrapper_1735/HI
 openframe_project_wrapper_1736/HI
 openframe_project_wrapper_1737/HI
 openframe_project_wrapper_1738/HI
 openframe_project_wrapper_1739/HI
 openframe_project_wrapper_1740/HI
 openframe_project_wrapper_1741/HI
 openframe_project_wrapper_1742/HI
 openframe_project_wrapper_1743/HI
 openframe_project_wrapper_1744/HI
 openframe_project_wrapper_1745/HI
 openframe_project_wrapper_1746/HI
 openframe_project_wrapper_1747/HI
 openframe_project_wrapper_1748/HI
 openframe_project_wrapper_1749/HI
 openframe_project_wrapper_1750/HI
 openframe_project_wrapper_1751/HI
 openframe_project_wrapper_1752/HI
 openframe_project_wrapper_1753/HI
 openframe_project_wrapper_1754/HI
 openframe_project_wrapper_1755/HI
 openframe_project_wrapper_1756/HI
 openframe_project_wrapper_1757/HI
 openframe_project_wrapper_1758/HI
 openframe_project_wrapper_1759/HI
 openframe_project_wrapper_1760/HI
 openframe_project_wrapper_1761/HI
 openframe_project_wrapper_1762/HI
 openframe_project_wrapper_1763/HI
 openframe_project_wrapper_1764/HI
 openframe_project_wrapper_1765/HI
 openframe_project_wrapper_1766/HI
 openframe_project_wrapper_1767/HI
 openframe_project_wrapper_1768/HI
 openframe_project_wrapper_1769/HI
 openframe_project_wrapper_1770/HI
 openframe_project_wrapper_1771/HI
 openframe_project_wrapper_1772/HI
 openframe_project_wrapper_1773/HI
 openframe_project_wrapper_1774/HI
 openframe_project_wrapper_1775/HI
 openframe_project_wrapper_1776/HI
 openframe_project_wrapper_1777/HI
 openframe_project_wrapper_1778/HI
 openframe_project_wrapper_1779/HI
 openframe_project_wrapper_1780/HI
 openframe_project_wrapper_1781/HI
 openframe_project_wrapper_1782/HI
 openframe_project_wrapper_1783/HI
 openframe_project_wrapper_1784/HI
 openframe_project_wrapper_1785/HI
 openframe_project_wrapper_1786/HI
 openframe_project_wrapper_1787/HI
 openframe_project_wrapper_1788/HI
 openframe_project_wrapper_1789/HI
 openframe_project_wrapper_1790/HI
 openframe_project_wrapper_1791/HI
 openframe_project_wrapper_1792/HI
 openframe_project_wrapper_1793/HI
 openframe_project_wrapper_1794/HI
 openframe_project_wrapper_1795/HI
 openframe_project_wrapper_1796/HI
 openframe_project_wrapper_1797/HI
 openframe_project_wrapper_1798/HI
 openframe_project_wrapper_1799/HI
 openframe_project_wrapper_1800/HI
 openframe_project_wrapper_1801/HI
 openframe_project_wrapper_1802/HI
 openframe_project_wrapper_1803/HI
 openframe_project_wrapper_1804/HI
 openframe_project_wrapper_1805/HI
 openframe_project_wrapper_1806/HI
 openframe_project_wrapper_1807/HI
 openframe_project_wrapper_1808/HI
 openframe_project_wrapper_1809/HI
 openframe_project_wrapper_1810/HI
 openframe_project_wrapper_1811/HI
 openframe_project_wrapper_1812/HI
 openframe_project_wrapper_1813/HI
 openframe_project_wrapper_1814/HI
 openframe_project_wrapper_1815/HI
 openframe_project_wrapper_1816/HI
 openframe_project_wrapper_1817/HI
 openframe_project_wrapper_1818/HI
 openframe_project_wrapper_1819/HI
 openframe_project_wrapper_1820/HI
 openframe_project_wrapper_1821/HI
 openframe_project_wrapper_1822/HI
 openframe_project_wrapper_1823/HI
 openframe_project_wrapper_1824/HI
 openframe_project_wrapper_1825/HI
 openframe_project_wrapper_1826/HI
 openframe_project_wrapper_1827/HI
 openframe_project_wrapper_1828/HI
 openframe_project_wrapper_1829/HI
 openframe_project_wrapper_1830/HI
 openframe_project_wrapper_1831/HI
 openframe_project_wrapper_1832/HI
 openframe_project_wrapper_1833/HI
 openframe_project_wrapper_1834/HI
 openframe_project_wrapper_1835/HI
 openframe_project_wrapper_1836/HI
 openframe_project_wrapper_1837/HI
 openframe_project_wrapper_1838/HI
 openframe_project_wrapper_1839/HI
 openframe_project_wrapper_1840/HI
 openframe_project_wrapper_1841/HI
 openframe_project_wrapper_1842/HI
 openframe_project_wrapper_1843/HI
 openframe_project_wrapper_1844/HI
 openframe_project_wrapper_1845/HI
 openframe_project_wrapper_1846/HI
 openframe_project_wrapper_1847/HI
 openframe_project_wrapper_1848/HI
 openframe_project_wrapper_1849/HI
 openframe_project_wrapper_1850/HI
 openframe_project_wrapper_1851/HI
 openframe_project_wrapper_1852/HI
 openframe_project_wrapper_1853/HI
 openframe_project_wrapper_1854/HI
 openframe_project_wrapper_1855/HI
 openframe_project_wrapper_1856/HI
 openframe_project_wrapper_1857/HI
 openframe_project_wrapper_1858/HI
 openframe_project_wrapper_1859/HI
 openframe_project_wrapper_1860/HI
 openframe_project_wrapper_1861/HI
 openframe_project_wrapper_1862/HI
 openframe_project_wrapper_1863/HI
 openframe_project_wrapper_1864/HI
 openframe_project_wrapper_1865/HI
 openframe_project_wrapper_1866/HI
 openframe_project_wrapper_1867/HI
 openframe_project_wrapper_1868/HI
 openframe_project_wrapper_1869/HI
 openframe_project_wrapper_1870/HI
 openframe_project_wrapper_1871/HI
 openframe_project_wrapper_1872/HI
 openframe_project_wrapper_1873/HI
 openframe_project_wrapper_1874/HI
 openframe_project_wrapper_1875/HI
 openframe_project_wrapper_1876/HI
 openframe_project_wrapper_1877/HI
 openframe_project_wrapper_1878/HI
 openframe_project_wrapper_1879/HI
 openframe_project_wrapper_1880/HI
 openframe_project_wrapper_1881/HI
 openframe_project_wrapper_1882/HI
 openframe_project_wrapper_1883/HI
 openframe_project_wrapper_1884/HI
 openframe_project_wrapper_1885/HI
 openframe_project_wrapper_1886/HI
 openframe_project_wrapper_1887/HI
 openframe_project_wrapper_1888/HI
 openframe_project_wrapper_1889/HI
 openframe_project_wrapper_1890/HI
 openframe_project_wrapper_1891/HI
 openframe_project_wrapper_1892/HI
 openframe_project_wrapper_1893/HI
 openframe_project_wrapper_1894/HI
 openframe_project_wrapper_1895/HI
 openframe_project_wrapper_1896/HI
 openframe_project_wrapper_1897/HI
 openframe_project_wrapper_1898/HI
 openframe_project_wrapper_1899/HI
 openframe_project_wrapper_1900/HI
 openframe_project_wrapper_1901/HI
 openframe_project_wrapper_1902/HI
 openframe_project_wrapper_1903/HI
 openframe_project_wrapper_1904/HI
 openframe_project_wrapper_1905/HI
 openframe_project_wrapper_1906/HI
 openframe_project_wrapper_1907/HI
 openframe_project_wrapper_1908/HI
 openframe_project_wrapper_1909/HI
 openframe_project_wrapper_1910/HI
 openframe_project_wrapper_1911/HI
 openframe_project_wrapper_1912/HI
 openframe_project_wrapper_1913/HI
 openframe_project_wrapper_1914/HI
 openframe_project_wrapper_1915/HI
 openframe_project_wrapper_1916/HI
 openframe_project_wrapper_1917/HI
 openframe_project_wrapper_1918/HI
 openframe_project_wrapper_1919/HI
 openframe_project_wrapper_1920/HI
 openframe_project_wrapper_1921/HI
 openframe_project_wrapper_1922/HI
 openframe_project_wrapper_1923/HI
 openframe_project_wrapper_1924/HI
 openframe_project_wrapper_1925/HI
 openframe_project_wrapper_1926/HI
 openframe_project_wrapper_1927/HI
 openframe_project_wrapper_1928/HI
 openframe_project_wrapper_1929/HI
 openframe_project_wrapper_1930/HI
 openframe_project_wrapper_1931/HI
 openframe_project_wrapper_1932/HI
 openframe_project_wrapper_1933/HI
 openframe_project_wrapper_1934/HI
 openframe_project_wrapper_1935/HI
 openframe_project_wrapper_1936/HI
 openframe_project_wrapper_1937/HI
 openframe_project_wrapper_1938/HI
 openframe_project_wrapper_1939/HI
 openframe_project_wrapper_1940/HI
 openframe_project_wrapper_1941/HI
 openframe_project_wrapper_1942/HI
 openframe_project_wrapper_1943/HI
 openframe_project_wrapper_1944/HI
 openframe_project_wrapper_1945/HI
 openframe_project_wrapper_1946/HI
 openframe_project_wrapper_1947/HI
 openframe_project_wrapper_1948/HI
 openframe_project_wrapper_1949/HI
 openframe_project_wrapper_1950/HI
 openframe_project_wrapper_1951/HI
 openframe_project_wrapper_1952/HI
 openframe_project_wrapper_1953/HI
 openframe_project_wrapper_1954/HI
 openframe_project_wrapper_1955/HI
 openframe_project_wrapper_1956/HI
 openframe_project_wrapper_1957/HI
 openframe_project_wrapper_1958/HI
 openframe_project_wrapper_1959/HI
 openframe_project_wrapper_1960/HI
 openframe_project_wrapper_1961/HI
 openframe_project_wrapper_1962/HI
 openframe_project_wrapper_1963/HI
 openframe_project_wrapper_1964/HI
 openframe_project_wrapper_1965/HI
 openframe_project_wrapper_1966/HI
 openframe_project_wrapper_1967/HI
 openframe_project_wrapper_1968/HI
 openframe_project_wrapper_1969/HI
 openframe_project_wrapper_1970/HI
 openframe_project_wrapper_1971/HI
 openframe_project_wrapper_1972/HI
 openframe_project_wrapper_1973/HI
 openframe_project_wrapper_1974/HI
 openframe_project_wrapper_1975/HI
 openframe_project_wrapper_1976/HI
 openframe_project_wrapper_1977/HI
 openframe_project_wrapper_1978/HI
 openframe_project_wrapper_1979/HI
 openframe_project_wrapper_1980/HI
 openframe_project_wrapper_1981/HI
 openframe_project_wrapper_1982/HI
 openframe_project_wrapper_1983/HI
 openframe_project_wrapper_1984/HI
 openframe_project_wrapper_1985/HI
 openframe_project_wrapper_1986/HI
 openframe_project_wrapper_1987/HI
 openframe_project_wrapper_1988/HI
 openframe_project_wrapper_1989/HI
 openframe_project_wrapper_1990/HI
 openframe_project_wrapper_1991/HI
 openframe_project_wrapper_1992/HI
 openframe_project_wrapper_1993/HI
 openframe_project_wrapper_1994/HI
 openframe_project_wrapper_1995/HI
 openframe_project_wrapper_1996/HI
 openframe_project_wrapper_1997/HI
 openframe_project_wrapper_1998/HI
 openframe_project_wrapper_1999/HI
 openframe_project_wrapper_2000/HI
 openframe_project_wrapper_2001/HI
 openframe_project_wrapper_2002/HI
 openframe_project_wrapper_2003/HI
 openframe_project_wrapper_2004/HI
 openframe_project_wrapper_2005/HI
 openframe_project_wrapper_2006/HI
 openframe_project_wrapper_2007/HI
 openframe_project_wrapper_2008/HI
 openframe_project_wrapper_2009/HI
 openframe_project_wrapper_2010/HI
 openframe_project_wrapper_2011/HI
 openframe_project_wrapper_2012/HI
 openframe_project_wrapper_2013/HI
 openframe_project_wrapper_2014/HI
 openframe_project_wrapper_2015/HI
 openframe_project_wrapper_2016/HI
 openframe_project_wrapper_2017/HI
 openframe_project_wrapper_2018/HI
 openframe_project_wrapper_2019/HI
 openframe_project_wrapper_2020/HI
 openframe_project_wrapper_2021/HI
 openframe_project_wrapper_2022/HI
 openframe_project_wrapper_2023/HI
 openframe_project_wrapper_2024/HI
 openframe_project_wrapper_2025/HI
 openframe_project_wrapper_2026/HI
 openframe_project_wrapper_2027/HI
 openframe_project_wrapper_2028/HI
 openframe_project_wrapper_2029/HI
 openframe_project_wrapper_2030/HI
 openframe_project_wrapper_2031/HI
 openframe_project_wrapper_2032/HI
 openframe_project_wrapper_2033/HI
 openframe_project_wrapper_2034/HI
 openframe_project_wrapper_2035/HI
 openframe_project_wrapper_2036/HI
 openframe_project_wrapper_2037/HI
 openframe_project_wrapper_2038/HI
 openframe_project_wrapper_2039/HI
 openframe_project_wrapper_2040/HI
 openframe_project_wrapper_2041/HI
 openframe_project_wrapper_2042/HI
 openframe_project_wrapper_2043/HI
 openframe_project_wrapper_2044/HI
 openframe_project_wrapper_2045/HI
 openframe_project_wrapper_2046/HI
 openframe_project_wrapper_2047/HI
 openframe_project_wrapper_2048/HI
 openframe_project_wrapper_2049/HI
 openframe_project_wrapper_2050/HI
 openframe_project_wrapper_2051/HI
 openframe_project_wrapper_2052/HI
 openframe_project_wrapper_2053/HI
 openframe_project_wrapper_2054/HI
 openframe_project_wrapper_2055/HI
 openframe_project_wrapper_2056/HI
 openframe_project_wrapper_2057/HI
 openframe_project_wrapper_2058/HI
 openframe_project_wrapper_2059/HI
 openframe_project_wrapper_2060/HI
 openframe_project_wrapper_2061/HI
 openframe_project_wrapper_2062/HI
 openframe_project_wrapper_2063/HI
 openframe_project_wrapper_2064/HI
 openframe_project_wrapper_2065/HI
 openframe_project_wrapper_2066/HI
 openframe_project_wrapper_2067/HI
 openframe_project_wrapper_2068/HI
 openframe_project_wrapper_2069/HI
 openframe_project_wrapper_2070/HI
 openframe_project_wrapper_2071/HI
 openframe_project_wrapper_2072/HI
 openframe_project_wrapper_2073/HI
 openframe_project_wrapper_2074/HI
 openframe_project_wrapper_2075/HI
 openframe_project_wrapper_2076/HI
 openframe_project_wrapper_2077/HI
 openframe_project_wrapper_2078/HI
 openframe_project_wrapper_2079/HI
 openframe_project_wrapper_2080/HI
 openframe_project_wrapper_2081/HI
 openframe_project_wrapper_2082/HI
 openframe_project_wrapper_2083/HI
 openframe_project_wrapper_2084/HI
 openframe_project_wrapper_2085/HI
 openframe_project_wrapper_2086/HI
 openframe_project_wrapper_2087/HI
 openframe_project_wrapper_2088/HI
 openframe_project_wrapper_2089/HI
 openframe_project_wrapper_2090/HI
 openframe_project_wrapper_2091/HI
 openframe_project_wrapper_2092/HI
 openframe_project_wrapper_2093/HI
 openframe_project_wrapper_2094/HI
 openframe_project_wrapper_2095/HI
 openframe_project_wrapper_2096/HI
 openframe_project_wrapper_2097/HI
 openframe_project_wrapper_2098/HI
 openframe_project_wrapper_2099/HI
 openframe_project_wrapper_2101/LO
 openframe_project_wrapper_2102/LO
 openframe_project_wrapper_2103/LO
 openframe_project_wrapper_2104/LO
 openframe_project_wrapper_2105/LO
 openframe_project_wrapper_2106/LO
 openframe_project_wrapper_2107/LO
 openframe_project_wrapper_2108/LO
 openframe_project_wrapper_2109/LO
 openframe_project_wrapper_2110/LO
 openframe_project_wrapper_2111/LO
 openframe_project_wrapper_2112/LO
 openframe_project_wrapper_2113/LO
 openframe_project_wrapper_2114/LO
 openframe_project_wrapper_2115/LO
 openframe_project_wrapper_2116/LO
 openframe_project_wrapper_2117/LO
 openframe_project_wrapper_2118/LO
 openframe_project_wrapper_2119/LO
 openframe_project_wrapper_2120/LO
 openframe_project_wrapper_2121/LO
 openframe_project_wrapper_2122/LO
 openframe_project_wrapper_2123/LO
 openframe_project_wrapper_2124/LO
 openframe_project_wrapper_2125/LO
 openframe_project_wrapper_2126/LO
 openframe_project_wrapper_2127/LO
 openframe_project_wrapper_2128/LO
 openframe_project_wrapper_2129/LO
 openframe_project_wrapper_2130/LO
 openframe_project_wrapper_2131/LO
 openframe_project_wrapper_2132/LO
 openframe_project_wrapper_2133/LO
 openframe_project_wrapper_2134/LO
 openframe_project_wrapper_2135/LO
 openframe_project_wrapper_2136/LO
 openframe_project_wrapper_2137/LO
 openframe_project_wrapper_2138/LO
 openframe_project_wrapper_2139/LO
 openframe_project_wrapper_2140/LO
 openframe_project_wrapper_2141/LO
 openframe_project_wrapper_2142/LO
 openframe_project_wrapper_2143/LO
 openframe_project_wrapper_2144/LO
 openframe_project_wrapper_2145/LO
 openframe_project_wrapper_2146/LO
 openframe_project_wrapper_2147/LO
 openframe_project_wrapper_2148/LO
 openframe_project_wrapper_2149/LO
 openframe_project_wrapper_2150/LO
 openframe_project_wrapper_2151/LO
 openframe_project_wrapper_2152/LO
 openframe_project_wrapper_2153/LO
 openframe_project_wrapper_2154/LO
 openframe_project_wrapper_2155/LO
 openframe_project_wrapper_2156/LO
 openframe_project_wrapper_2157/LO
 openframe_project_wrapper_2158/LO
 openframe_project_wrapper_2159/LO
 openframe_project_wrapper_2160/LO
 openframe_project_wrapper_2161/LO
 openframe_project_wrapper_2162/LO
 openframe_project_wrapper_2163/LO
 openframe_project_wrapper_2164/LO
 openframe_project_wrapper_2165/LO
 openframe_project_wrapper_2166/LO
 openframe_project_wrapper_2167/LO
 openframe_project_wrapper_2168/LO
 openframe_project_wrapper_2169/LO
 openframe_project_wrapper_2170/LO
 openframe_project_wrapper_2171/LO
 openframe_project_wrapper_2172/LO
 openframe_project_wrapper_2173/LO
 openframe_project_wrapper_2174/LO
 openframe_project_wrapper_2175/LO
 openframe_project_wrapper_2176/LO
 openframe_project_wrapper_2177/LO
 openframe_project_wrapper_2178/LO
 openframe_project_wrapper_2179/LO
 openframe_project_wrapper_2180/LO
 openframe_project_wrapper_2181/LO
 openframe_project_wrapper_2182/LO
 openframe_project_wrapper_2183/LO
 openframe_project_wrapper_2184/LO
 openframe_project_wrapper_2185/LO
 openframe_project_wrapper_2186/LO
 openframe_project_wrapper_2187/LO
 openframe_project_wrapper_2188/LO
 openframe_project_wrapper_2189/LO
 openframe_project_wrapper_2190/LO
 openframe_project_wrapper_2191/LO
 openframe_project_wrapper_2192/LO
 openframe_project_wrapper_2193/LO
 openframe_project_wrapper_2194/LO
 openframe_project_wrapper_2195/LO
 openframe_project_wrapper_2196/LO
 openframe_project_wrapper_2197/LO
 openframe_project_wrapper_2198/LO
 openframe_project_wrapper_2199/LO
 openframe_project_wrapper_2200/LO
 openframe_project_wrapper_2201/LO
 openframe_project_wrapper_2202/LO
 openframe_project_wrapper_2203/LO
 openframe_project_wrapper_2204/LO
 openframe_project_wrapper_2205/LO
 openframe_project_wrapper_2206/LO
 openframe_project_wrapper_2207/LO
 openframe_project_wrapper_2208/LO
 openframe_project_wrapper_2209/LO
 openframe_project_wrapper_2210/LO
 openframe_project_wrapper_2211/LO
 openframe_project_wrapper_2212/LO
 openframe_project_wrapper_2213/LO
 openframe_project_wrapper_2214/LO
 openframe_project_wrapper_2215/LO
Found 0 partially unannotated drivers.

===========================================================================
max slew violation count 0
max fanout violation count 0
max cap violation count 0
============================================================================

===========================================================================
check_setup -verbose -unconstrained_endpoints -multiple_clock -no_clock -no_input_delay -loops -generated_clocks
===========================================================================
Warning: There are 282 input ports missing set_input_delay.
  analog_io[0]
  analog_io[10]
  analog_io[11]
  analog_io[12]
  analog_io[13]
  analog_io[14]
  analog_io[15]
  analog_io[16]
  analog_io[17]
  analog_io[18]
  analog_io[19]
  analog_io[1]
  analog_io[20]
  analog_io[21]
  analog_io[22]
  analog_io[23]
  analog_io[24]
  analog_io[25]
  analog_io[26]
  analog_io[27]
  analog_io[28]
  analog_io[29]
  analog_io[2]
  analog_io[30]
  analog_io[31]
  analog_io[32]
  analog_io[33]
  analog_io[34]
  analog_io[35]
  analog_io[36]
  analog_io[37]
  analog_io[38]
  analog_io[39]
  analog_io[3]
  analog_io[40]
  analog_io[41]
  analog_io[42]
  analog_io[43]
  analog_io[4]
  analog_io[5]
  analog_io[6]
  analog_io[7]
  analog_io[8]
  analog_io[9]
  analog_noesd_io[0]
  analog_noesd_io[10]
  analog_noesd_io[11]
  analog_noesd_io[12]
  analog_noesd_io[13]
  analog_noesd_io[14]
  analog_noesd_io[15]
  analog_noesd_io[16]
  analog_noesd_io[17]
  analog_noesd_io[18]
  analog_noesd_io[19]
  analog_noesd_io[1]
  analog_noesd_io[20]
  analog_noesd_io[21]
  analog_noesd_io[22]
  analog_noesd_io[23]
  analog_noesd_io[24]
  analog_noesd_io[25]
  analog_noesd_io[26]
  analog_noesd_io[27]
  analog_noesd_io[28]
  analog_noesd_io[29]
  analog_noesd_io[2]
  analog_noesd_io[30]
  analog_noesd_io[31]
  analog_noesd_io[32]
  analog_noesd_io[33]
  analog_noesd_io[34]
  analog_noesd_io[35]
  analog_noesd_io[36]
  analog_noesd_io[37]
  analog_noesd_io[38]
  analog_noesd_io[39]
  analog_noesd_io[3]
  analog_noesd_io[40]
  analog_noesd_io[41]
  analog_noesd_io[42]
  analog_noesd_io[43]
  analog_noesd_io[4]
  analog_noesd_io[5]
  analog_noesd_io[6]
  analog_noesd_io[7]
  analog_noesd_io[8]
  analog_noesd_io[9]
  gpio_in[0]
  gpio_in[10]
  gpio_in[11]
  gpio_in[12]
  gpio_in[13]
  gpio_in[14]
  gpio_in[15]
  gpio_in[16]
  gpio_in[17]
  gpio_in[18]
  gpio_in[19]
  gpio_in[1]
  gpio_in[22]
  gpio_in[23]
  gpio_in[2]
  gpio_in[3]
  gpio_in[41]
  gpio_in[42]
  gpio_in[43]
  gpio_in[4]
  gpio_in[5]
  gpio_in[6]
  gpio_in[7]
  gpio_in[8]
  gpio_in[9]
  gpio_in_h[0]
  gpio_in_h[10]
  gpio_in_h[11]
  gpio_in_h[12]
  gpio_in_h[13]
  gpio_in_h[14]
  gpio_in_h[15]
  gpio_in_h[16]
  gpio_in_h[17]
  gpio_in_h[18]
  gpio_in_h[19]
  gpio_in_h[1]
  gpio_in_h[20]
  gpio_in_h[21]
  gpio_in_h[22]
  gpio_in_h[23]
  gpio_in_h[24]
  gpio_in_h[25]
  gpio_in_h[26]
  gpio_in_h[27]
  gpio_in_h[28]
  gpio_in_h[29]
  gpio_in_h[2]
  gpio_in_h[30]
  gpio_in_h[31]
  gpio_in_h[32]
  gpio_in_h[33]
  gpio_in_h[34]
  gpio_in_h[35]
  gpio_in_h[36]
  gpio_in_h[37]
  gpio_in_h[38]
  gpio_in_h[39]
  gpio_in_h[3]
  gpio_in_h[40]
  gpio_in_h[41]
  gpio_in_h[42]
  gpio_in_h[43]
  gpio_in_h[4]
  gpio_in_h[5]
  gpio_in_h[6]
  gpio_in_h[7]
  gpio_in_h[8]
  gpio_in_h[9]
  gpio_loopback_one[0]
  gpio_loopback_one[10]
  gpio_loopback_one[11]
  gpio_loopback_one[12]
  gpio_loopback_one[13]
  gpio_loopback_one[14]
  gpio_loopback_one[15]
  gpio_loopback_one[16]
  gpio_loopback_one[17]
  gpio_loopback_one[18]
  gpio_loopback_one[19]
  gpio_loopback_one[1]
  gpio_loopback_one[20]
  gpio_loopback_one[21]
  gpio_loopback_one[22]
  gpio_loopback_one[23]
  gpio_loopback_one[24]
  gpio_loopback_one[25]
  gpio_loopback_one[26]
  gpio_loopback_one[27]
  gpio_loopback_one[28]
  gpio_loopback_one[29]
  gpio_loopback_one[2]
  gpio_loopback_one[30]
  gpio_loopback_one[31]
  gpio_loopback_one[32]
  gpio_loopback_one[33]
  gpio_loopback_one[34]
  gpio_loopback_one[35]
  gpio_loopback_one[36]
  gpio_loopback_one[37]
  gpio_loopback_one[38]
  gpio_loopback_one[39]
  gpio_loopback_one[3]
  gpio_loopback_one[40]
  gpio_loopback_one[41]
  gpio_loopback_one[42]
  gpio_loopback_one[43]
  gpio_loopback_one[4]
  gpio_loopback_one[5]
  gpio_loopback_one[6]
  gpio_loopback_one[7]
  gpio_loopback_one[8]
  gpio_loopback_one[9]
  gpio_loopback_zero[0]
  gpio_loopback_zero[10]
  gpio_loopback_zero[11]
  gpio_loopback_zero[12]
  gpio_loopback_zero[13]
  gpio_loopback_zero[14]
  gpio_loopback_zero[15]
  gpio_loopback_zero[16]
  gpio_loopback_zero[17]
  gpio_loopback_zero[18]
  gpio_loopback_zero[19]
  gpio_loopback_zero[1]
  gpio_loopback_zero[20]
  gpio_loopback_zero[21]
  gpio_loopback_zero[22]
  gpio_loopback_zero[23]
  gpio_loopback_zero[24]
  gpio_loopback_zero[25]
  gpio_loopback_zero[26]
  gpio_loopback_zero[27]
  gpio_loopback_zero[28]
  gpio_loopback_zero[29]
  gpio_loopback_zero[2]
  gpio_loopback_zero[30]
  gpio_loopback_zero[31]
  gpio_loopback_zero[32]
  gpio_loopback_zero[33]
  gpio_loopback_zero[34]
  gpio_loopback_zero[35]
  gpio_loopback_zero[36]
  gpio_loopback_zero[37]
  gpio_loopback_zero[38]
  gpio_loopback_zero[39]
  gpio_loopback_zero[3]
  gpio_loopback_zero[40]
  gpio_loopback_zero[41]
  gpio_loopback_zero[42]
  gpio_loopback_zero[43]
  gpio_loopback_zero[4]
  gpio_loopback_zero[5]
  gpio_loopback_zero[6]
  gpio_loopback_zero[7]
  gpio_loopback_zero[8]
  gpio_loopback_zero[9]
  mask_rev[0]
  mask_rev[10]
  mask_rev[11]
  mask_rev[12]
  mask_rev[13]
  mask_rev[14]
  mask_rev[15]
  mask_rev[16]
  mask_rev[17]
  mask_rev[18]
  mask_rev[19]
  mask_rev[1]
  mask_rev[20]
  mask_rev[21]
  mask_rev[22]
  mask_rev[23]
  mask_rev[24]
  mask_rev[25]
  mask_rev[26]
  mask_rev[27]
  mask_rev[28]
  mask_rev[29]
  mask_rev[2]
  mask_rev[30]
  mask_rev[31]
  mask_rev[3]
  mask_rev[4]
  mask_rev[5]
  mask_rev[6]
  mask_rev[7]
  mask_rev[8]
  mask_rev[9]
  por_l
  porb_h
  porb_l
  resetb_h
  resetb_l
Warning: There are 88 unconstrained endpoints.
  analog_io[0]
  analog_io[10]
  analog_io[11]
  analog_io[12]
  analog_io[13]
  analog_io[14]
  analog_io[15]
  analog_io[16]
  analog_io[17]
  analog_io[18]
  analog_io[19]
  analog_io[1]
  analog_io[20]
  analog_io[21]
  analog_io[22]
  analog_io[23]
  analog_io[24]
  analog_io[25]
  analog_io[26]
  analog_io[27]
  analog_io[28]
  analog_io[29]
  analog_io[2]
  analog_io[30]
  analog_io[31]
  analog_io[32]
  analog_io[33]
  analog_io[34]
  analog_io[35]
  analog_io[36]
  analog_io[37]
  analog_io[38]
  analog_io[39]
  analog_io[3]
  analog_io[40]
  analog_io[41]
  analog_io[42]
  analog_io[43]
  analog_io[4]
  analog_io[5]
  analog_io[6]
  analog_io[7]
  analog_io[8]
  analog_io[9]
  analog_noesd_io[0]
  analog_noesd_io[10]
  analog_noesd_io[11]
  analog_noesd_io[12]
  analog_noesd_io[13]
  analog_noesd_io[14]
  analog_noesd_io[15]
  analog_noesd_io[16]
  analog_noesd_io[17]
  analog_noesd_io[18]
  analog_noesd_io[19]
  analog_noesd_io[1]
  analog_noesd_io[20]
  analog_noesd_io[21]
  analog_noesd_io[22]
  analog_noesd_io[23]
  analog_noesd_io[24]
  analog_noesd_io[25]
  analog_noesd_io[26]
  analog_noesd_io[27]
  analog_noesd_io[28]
  analog_noesd_io[29]
  analog_noesd_io[2]
  analog_noesd_io[30]
  analog_noesd_io[31]
  analog_noesd_io[32]
  analog_noesd_io[33]
  analog_noesd_io[34]
  analog_noesd_io[35]
  analog_noesd_io[36]
  analog_noesd_io[37]
  analog_noesd_io[38]
  analog_noesd_io[39]
  analog_noesd_io[3]
  analog_noesd_io[40]
  analog_noesd_io[41]
  analog_noesd_io[42]
  analog_noesd_io[43]
  analog_noesd_io[4]
  analog_noesd_io[5]
  analog_noesd_io[6]
  analog_noesd_io[7]
  analog_noesd_io[8]
  analog_noesd_io[9]
