Clock: clk
Sources: gpio_in[38] 
Generated: no
Virtual: yes
Propagated: no
Period: 20.000000

===========================================================================
report_clock_properties
============================================================================
Clock                   Period          Waveform
----------------------------------------------------
clk                  20.000000    0.000000 10.000000

===========================================================================
report_clock_latency
============================================================================
Clock clk
rise -> rise
    min     max
0.000000 0.000000 source latency
3.332943         network latency _4231_/CLK
        4.809235 network latency _4237_/CLK
---------------
3.332943 4.809235 latency
        1.476291 skew

fall -> fall
    min     max
0.000000 0.000000 source latency
1.526164         network latency chip.gpu_inst.tiles[0].tile/clk
        5.134882 network latency _4237_/CLK
---------------
1.526164 5.134882 latency
        3.608718 skew



===========================================================================
report_clock_min_period
============================================================================
clk period_min = 5.95 fmax = 168.19
