
===========================================================================
report_checks -unconstrained
===========================================================================
======================= nom_tt_025C_1v80 Corner ===================================

Startpoint: _2662_ (rising edge-triggered flip-flop clocked by clk)
Endpoint: _2684_ (rising edge-triggered flip-flop clocked by clk)
Path Group: clk
Path Type: max

Fanout         Cap        Slew       Delay        Time   Description
---------------------------------------------------------------------------------------------
                                  0.000000    0.000000   clock clk (rise edge)
                                  0.000000    0.000000   clock source latency
    82    0.230301    1.029756    0.711528    0.711528 ^ clk (in)
                                                         clk (net)
                      1.029834    0.000000    0.711528 ^ _2662_/CLK (sky130_fd_sc_hd__dfxtp_2)
     4    0.015622    0.089665    0.541442    1.252969 ^ _2662_/Q (sky130_fd_sc_hd__dfxtp_2)
                                                         r2_mantissa[7] (net)
                      0.089665    0.000007    1.252977 ^ place247/A (sky130_fd_sc_hd__buf_1)
     8    0.029653    0.353924    0.306670    1.559647 ^ place247/X (sky130_fd_sc_hd__buf_1)
                                                         net247 (net)
                      0.353924    0.000021    1.559668 ^ place246/A (sky130_fd_sc_hd__buf_1)
     8    0.053550    0.618120    0.530987    2.090655 ^ place246/X (sky130_fd_sc_hd__buf_1)
                                                         net246 (net)
                      0.618121    0.000777    2.091432 ^ place245/A (sky130_fd_sc_hd__buf_1)
     5    0.042963    0.497769    0.465158    2.556590 ^ place245/X (sky130_fd_sc_hd__buf_1)
                                                         net245 (net)
                      0.497769    0.000494    2.557084 ^ place244/A (sky130_fd_sc_hd__buf_1)
     7    0.063477    0.730564    0.618106    3.175189 ^ place244/X (sky130_fd_sc_hd__buf_1)
                                                         net244 (net)
                      0.730568    0.001319    3.176509 ^ _1593_/A (sky130_fd_sc_hd__xor2_2)
     2    0.006114    0.125829    0.160007    3.336516 v _1593_/X (sky130_fd_sc_hd__xor2_2)
                                                         _0817_ (net)
                      0.125829    0.000006    3.336522 v _1612_/A (sky130_fd_sc_hd__or2_2)
     1    0.002016    0.051428    0.311098    3.647620 v _1612_/X (sky130_fd_sc_hd__or2_2)
                                                         _0836_ (net)
                      0.051428    0.000006    3.647627 v _1613_/B (sky130_fd_sc_hd__and2_2)
     2    0.010769    0.056149    0.212343    3.859970 v _1613_/X (sky130_fd_sc_hd__and2_2)
                                                         _0837_ (net)
                      0.056149    0.000012    3.859981 v _1615_/A2 (sky130_fd_sc_hd__a21o_2)
     2    0.013094    0.058171    0.242319    4.102300 v _1615_/X (sky130_fd_sc_hd__a21o_2)
                                                         _0839_ (net)
                      0.058171    0.000030    4.102331 v _1617_/A (sky130_fd_sc_hd__xnor2_2)
     2    0.011528    0.201004    0.212744    4.315075 ^ _1617_/Y (sky130_fd_sc_hd__xnor2_2)
                                                         _0841_ (net)
                      0.201004    0.000019    4.315094 ^ _1664_/B (sky130_fd_sc_hd__xor2_2)
     2    0.011308    0.185596    0.210338    4.525432 ^ _1664_/X (sky130_fd_sc_hd__xor2_2)
                                                         _0888_ (net)
                      0.185596    0.000022    4.525454 ^ _1667_/A (sky130_fd_sc_hd__xor2_2)
     3    0.007160    0.069900    0.105564    4.631018 v _1667_/X (sky130_fd_sc_hd__xor2_2)
                                                         _0891_ (net)
                      0.069900    0.000008    4.631026 v _1737_/A (sky130_fd_sc_hd__or4_4)
     1    0.002573    0.078684    0.524083    5.155110 v _1737_/X (sky130_fd_sc_hd__or4_4)
                                                         _0961_ (net)
                      0.078684    0.000004    5.155113 v _1738_/C1 (sky130_fd_sc_hd__o211a_2)
     1    0.009216    0.056363    0.145478    5.300591 v _1738_/X (sky130_fd_sc_hd__o211a_2)
                                                         _0962_ (net)
                      0.056363    0.000026    5.300617 v _1744_/A1 (sky130_fd_sc_hd__o21ai_4)
     3    0.011269    0.136833    0.169375    5.469992 ^ _1744_/Y (sky130_fd_sc_hd__o21ai_4)
                                                         _0968_ (net)
                      0.136833    0.000080    5.470072 ^ _1799_/A3 (sky130_fd_sc_hd__a32o_2)
     2    0.014750    0.104702    0.237212    5.707284 ^ _1799_/X (sky130_fd_sc_hd__a32o_2)
                                                         _1022_ (net)
                      0.104702    0.000080    5.707364 ^ _1899_/A1 (sky130_fd_sc_hd__a21oi_2)
     4    0.016618    0.079391    0.097743    5.805107 v _1899_/Y (sky130_fd_sc_hd__a21oi_2)
                                                         _1121_ (net)
                      0.079391    0.000228    5.805335 v _2224_/A1 (sky130_fd_sc_hd__o31a_2)
     2    0.008094    0.063678    0.369884    6.175218 v _2224_/X (sky130_fd_sc_hd__o31a_2)
                                                         _0221_ (net)
                      0.063678    0.000148    6.175366 v _2256_/A2 (sky130_fd_sc_hd__a41o_2)
     4    0.011596    0.061371    0.273684    6.449050 v _2256_/X (sky130_fd_sc_hd__a41o_2)
                                                         _0252_ (net)
                      0.061371    0.000129    6.449179 v _2285_/A1 (sky130_fd_sc_hd__a21o_2)
     2    0.004032    0.038184    0.192594    6.641773 v _2285_/X (sky130_fd_sc_hd__a21o_2)
                                                         _0280_ (net)
                      0.038184    0.000006    6.641779 v _2305_/A2 (sky130_fd_sc_hd__a311o_2)
     1    0.004477    0.059715    0.358371    7.000150 v _2305_/X (sky130_fd_sc_hd__a311o_2)
                                                         _0299_ (net)
                      0.059715    0.000011    7.000161 v _2306_/B1 (sky130_fd_sc_hd__a21oi_2)
     1    0.005056    0.105508    0.115019    7.115180 ^ _2306_/Y (sky130_fd_sc_hd__a21oi_2)
                                                         _0300_ (net)
                      0.105508    0.000007    7.115187 ^ _2307_/A2 (sky130_fd_sc_hd__o21a_4)
     1    0.001741    0.028172    0.116627    7.231814 ^ _2307_/X (sky130_fd_sc_hd__o21a_4)
                                                         _0029_ (net)
                      0.028172    0.000000    7.231815 ^ _2684_/D (sky130_fd_sc_hd__dfxtp_2)
                                              7.231815   data arrival time

                                 20.000000   20.000000   clock clk (rise edge)
                                  0.000000   20.000000   clock source latency
    82    0.230301    1.029756    0.712456   20.712456 ^ clk (in)
                                                         clk (net)
                      1.029855    0.000000   20.712456 ^ _2684_/CLK (sky130_fd_sc_hd__dfxtp_2)
                                 -0.200000   20.512457   clock uncertainty
                                  0.000000   20.512457   clock reconvergence pessimism
                                  0.027747   20.540203   library setup time
                                             20.540203   data required time
---------------------------------------------------------------------------------------------
                                             20.540203   data required time
                                             -7.231815   data arrival time
---------------------------------------------------------------------------------------------
                                             13.308388   slack (MET)




===========================================================================
report_checks --slack_max -0.01
============================================================================
======================= nom_tt_025C_1v80 Corner ===================================

No paths found.


===========================================================================
 report_check_types -max_slew -max_cap -max_fanout -violators
============================================================================
======================= nom_tt_025C_1v80 Corner ===================================

max fanout

Pin                                   Limit Fanout  Slack
---------------------------------------------------------
clk                                       8     82    -74 (VIOLATED)



===========================================================================
report_parasitic_annotation -report_unannotated
============================================================================
Found 3 unannotated drivers.
 _2621_/SUM
 _2704_/HI
 _2705_/HI
Found 0 partially unannotated drivers.

===========================================================================
max slew violation count 0
Writing metric design__max_slew_violation__count__corner:nom_tt_025C_1v80: 0
max fanout violation count 1
Writing metric design__max_fanout_violation__count__corner:nom_tt_025C_1v80: 1
max cap violation count 0
Writing metric design__max_cap_violation__count__corner:nom_tt_025C_1v80: 0
============================================================================

===========================================================================
check_setup -verbose -unconstrained_endpoints -multiple_clock -no_clock -no_input_delay -loops -generated_clocks
===========================================================================
