Clock: clk
Sources: clk 
Generated: no
Virtual: yes
Propagated: no
Period: 20.000000

===========================================================================
report_clock_properties
============================================================================
Clock                   Period          Waveform
----------------------------------------------------
clk                  20.000000    0.000000 10.000000

===========================================================================
report_clock_latency
============================================================================
Clock clk
rise -> rise
    min     max
0.000000 0.000000 source latency
0.709139         network latency _2655_/CLK
        0.712594 network latency _2702_/CLK
---------------
0.709139 0.712594 latency
        0.003455 skew

fall -> fall
    min     max
0.000000 0.000000 source latency
0.347969         network latency _2655_/CLK
        0.351226 network latency _2702_/CLK
---------------
0.347969 0.351226 latency
        0.003257 skew



===========================================================================
report_clock_min_period
============================================================================
clk period_min = 6.69 fmax = 149.44
