
===========================================================================
Violator List
============================================================================
[hold in-reg] reset -> _2687_/D : -0.875811
[hold in-reg] reset -> _2688_/D : -0.869929
[hold in-reg] a_in[14] -> _2636_/D : -0.774209
[hold in-reg] a_in[2] -> _2624_/D : -0.772825
[hold in-reg] a_in[12] -> _2634_/D : -0.772750
[hold in-reg] a_in[7] -> _2629_/D : -0.771718
[hold in-reg] a_in[11] -> _2633_/D : -0.771372
[hold in-reg] a_in[13] -> _2635_/D : -0.771353
[hold in-reg] a_in[3] -> _2625_/D : -0.771317
[hold in-reg] a_in[5] -> _2627_/D : -0.770897
[hold in-reg] a_in[1] -> _2623_/D : -0.770442
[hold in-reg] a_in[6] -> _2628_/D : -0.770231
[hold in-reg] a_in[9] -> _2631_/D : -0.770225
[hold in-reg] b_in[13] -> _2651_/D : -0.769483
[hold in-reg] b_in[14] -> _2652_/D : -0.769236
[hold in-reg] a_in[8] -> _2630_/D : -0.769001
[hold in-reg] b_in[9] -> _2647_/D : -0.768940
[hold in-reg] b_in[7] -> _2645_/D : -0.768929
[hold in-reg] b_in[4] -> _2642_/D : -0.768303
[hold in-reg] a_in[0] -> _2622_/D : -0.768159
[hold in-reg] b_in[11] -> _2649_/D : -0.767981
[hold in-reg] a_in[4] -> _2626_/D : -0.767964
[hold in-reg] b_in[5] -> _2643_/D : -0.766995
[hold in-reg] b_in[6] -> _2644_/D : -0.766947
[hold in-reg] b_in[15] -> _2653_/D : -0.765660
[hold in-reg] b_in[1] -> _2639_/D : -0.765433
[hold in-reg] b_in[10] -> _2648_/D : -0.765029
[hold in-reg] b_in[8] -> _2646_/D : -0.764912
[hold in-reg] b_in[2] -> _2640_/D : -0.764582
[hold in-reg] b_in[12] -> _2650_/D : -0.764246
[hold in-reg] b_in[3] -> _2641_/D : -0.763148
[hold in-reg] b_in[0] -> _2638_/D : -0.762636
[hold in-reg] a_in[10] -> _2632_/D : -0.756475
[hold in-reg] b_in[15] -> _2654_/D : -0.749578
[hold in-reg] b_in[2] -> _2657_/D : -0.746946
[hold in-reg] b_in[1] -> _2656_/D : -0.746280
[hold in-reg] b_in[3] -> _2658_/D : -0.742965
[hold in-reg] b_in[0] -> _2655_/D : -0.742555
[hold in-reg] compute_enable -> _2670_/D : -0.727837
[hold in-reg] clear_acc -> _2680_/D : -0.689278
[hold in-reg] enable -> _2686_/D : -0.687139
[hold in-reg] a_in[15] -> _2637_/D : -0.677650
[hold in-reg] b_in[13] -> _2668_/D : -0.665790
[hold in-reg] b_in[5] -> _2660_/D : -0.663952
[hold in-reg] b_in[14] -> _2669_/D : -0.660299
[hold in-reg] b_in[10] -> _2665_/D : -0.660206
[hold in-reg] b_in[4] -> _2659_/D : -0.659602
[hold in-reg] b_in[12] -> _2667_/D : -0.658288
[hold in-reg] b_in[11] -> _2666_/D : -0.657611
[hold in-reg] b_in[6] -> _2661_/D : -0.656772
[hold in-reg] b_in[8] -> _2663_/D : -0.656167
[hold in-reg] b_in[7] -> _2662_/D : -0.655358
[hold in-reg] b_in[9] -> _2664_/D : -0.653986
[hold in-reg] clear_acc -> _2682_/D : -0.647552
[hold in-reg] clear_acc -> _2678_/D : -0.605746
[hold in-reg] clear_acc -> _2685_/D : -0.585702
[hold in-reg] enable -> _2703_/D : -0.568124
[hold in-reg] clear_acc -> _2672_/D : -0.528217
[hold in-reg] clear_acc -> _2673_/D : -0.505641
[hold in-reg] reset -> _2681_/D : -0.497323
[hold in-reg] reset -> _2676_/D : -0.495368
[hold in-reg] reset -> _2674_/D : -0.494667
[hold in-reg] reset -> _2671_/D : -0.492759
[hold in-reg] clear_acc -> _2677_/D : -0.425189
[hold in-reg] clear_acc -> _2683_/D : -0.321330
[hold in-reg] clear_acc -> _2694_/D : -0.282701
[hold in-reg] clear_acc -> _2693_/D : -0.282466
[hold in-reg] clear_acc -> _2692_/D : -0.279280
[hold in-reg] clear_acc -> _2691_/D : -0.279078
[hold in-reg] clear_acc -> _2690_/D : -0.278547
[hold in-reg] clear_acc -> _2689_/D : -0.273469
[hold in-reg] clear_acc -> _2679_/D : -0.253017
[hold in-reg] clear_acc -> _2697_/D : -0.250222
[hold in-reg] clear_acc -> _2700_/D : -0.250115
[hold in-reg] clear_acc -> _2698_/D : -0.249839
[hold in-reg] clear_acc -> _2696_/D : -0.249761
[hold in-reg] clear_acc -> _2695_/D : -0.249519
[hold in-reg] clear_acc -> _2699_/D : -0.249046
[hold in-reg] clear_acc -> _2701_/D : -0.246454
[hold in-reg] clear_acc -> _2675_/D : -0.245388
[hold in-reg] clear_acc -> _2702_/D : -0.244246
[hold in-reg] clear_acc -> _2684_/D : -0.190397
Writing metric timing__hold_vio__count__corner:nom_tt_025C_1v80: 82
Writing metric timing__hold_r2r__ws__corner:nom_tt_025C_1v80: 1e30
Writing metric timing__hold_r2r_vio__count__corner:nom_tt_025C_1v80: 0
Writing metric timing__setup_vio__count__corner:nom_tt_025C_1v80: 0
Writing metric timing__setup_r2r__ws__corner:nom_tt_025C_1v80: 13.308388
Writing metric timing__setup_r2r_vio__count__corner:nom_tt_025C_1v80: 0
