
===========================================================================
report_checks -unconstrained
===========================================================================
======================= min_ss_100C_1v60 Corner ===================================

Startpoint: _46237_ (rising edge-triggered flip-flop clocked by clk)
Endpoint: _45862_ (rising edge-triggered flip-flop clocked by clk)
Path Group: clk
Path Type: max

Fanout         Cap        Slew       Delay        Time   Description
---------------------------------------------------------------------------------------------
                                  0.000000    0.000000   clock clk (rise edge)
                                  0.000000    0.000000   clock source latency
     2    0.116493    0.000000    0.000000    0.000000 ^ clk (in)
                                                         clk (net)
                      0.018662    0.009331    0.009331 ^ clkbuf_0_clk/A (sky130_fd_sc_hd__clkbuf_16)
     4    0.077703    0.144736    0.267972    0.277304 ^ clkbuf_0_clk/X (sky130_fd_sc_hd__clkbuf_16)
                                                         clknet_0_clk (net)
                      0.144759    0.001466    0.278770 ^ clkbuf_2_1_0_clk/A (sky130_fd_sc_hd__clkbuf_4)
    16    0.191673    0.875145    0.861953    1.140723 ^ clkbuf_2_1_0_clk/X (sky130_fd_sc_hd__clkbuf_4)
                                                         clknet_2_1_0_clk (net)
                      0.875197    0.005704    1.146427 ^ clkbuf_6_31_0_clk/A (sky130_fd_sc_hd__clkbuf_4)
     9    0.132325    0.612493    0.968124    2.114551 ^ clkbuf_6_31_0_clk/X (sky130_fd_sc_hd__clkbuf_4)
                                                         clknet_6_31_0_clk (net)
                      0.612493    0.001090    2.115640 ^ clkbuf_leaf_166_clk/A (sky130_fd_sc_hd__clkbuf_16)
     4    0.014488    0.068664    0.442082    2.557723 ^ clkbuf_leaf_166_clk/X (sky130_fd_sc_hd__clkbuf_16)
                                                         clknet_leaf_166_clk (net)
                      0.068664    0.000085    2.557807 ^ _46237_/CLK (sky130_fd_sc_hd__dfxtp_2)
     2    0.008327    0.061603    0.620832    3.178639 v _46237_/Q (sky130_fd_sc_hd__dfxtp_2)
                                                         net429 (net)
                      0.061603    0.000085    3.178724 v _33652_/A (sky130_fd_sc_hd__or3_2)
     3    0.012787    0.223205    1.204229    4.382953 v _33652_/X (sky130_fd_sc_hd__or3_2)
                                                         _08086_ (net)
                      0.223205    0.000303    4.383256 v _33653_/C (sky130_fd_sc_hd__or3_2)
     3    0.010504    0.209230    1.103770    5.487027 v _33653_/X (sky130_fd_sc_hd__or3_2)
                                                         _08087_ (net)
                      0.209230    0.000157    5.487184 v _33655_/B (sky130_fd_sc_hd__or2_2)
     4    0.013950    0.168549    0.764425    6.251609 v _33655_/X (sky130_fd_sc_hd__or2_2)
                                                         _08089_ (net)
                      0.168549    0.000173    6.251782 v _33656_/B (sky130_fd_sc_hd__and2_2)
     1    0.008512    0.094339    0.475834    6.727616 v _33656_/X (sky130_fd_sc_hd__and2_2)
                                                         _08090_ (net)
                      0.094339    0.000040    6.727655 v _33725_/B (sky130_fd_sc_hd__xnor2_2)
     2    0.007318    0.118167    0.261930    6.989585 v _33725_/Y (sky130_fd_sc_hd__xnor2_2)
                                                         _08159_ (net)
                      0.118167    0.000049    6.989635 v _33728_/A (sky130_fd_sc_hd__and2_2)
     1    0.004412    0.077037    0.380833    7.370468 v _33728_/X (sky130_fd_sc_hd__and2_2)
                                                         _08162_ (net)
                      0.077037    0.000087    7.370555 v _33729_/B (sky130_fd_sc_hd__or2_2)
     1    0.009680    0.146029    0.679374    8.049929 v _33729_/X (sky130_fd_sc_hd__or2_2)
                                                         _08163_ (net)
                      0.146029    0.000302    8.050231 v _33730_/A (sky130_fd_sc_hd__inv_2)
     2    0.014832    0.121907    0.162576    8.212807 ^ _33730_/Y (sky130_fd_sc_hd__inv_2)
                                                         _08164_ (net)
                      0.121907    0.000168    8.212975 ^ _33769_/A1 (sky130_fd_sc_hd__a21o_2)
     2    0.012693    0.122426    0.307086    8.520061 ^ _33769_/X (sky130_fd_sc_hd__a21o_2)
                                                         _08203_ (net)
                      0.122426    0.000104    8.520164 ^ _33784_/B (sky130_fd_sc_hd__xor2_2)
     2    0.009782    0.139769    0.170846    8.691010 v _33784_/X (sky130_fd_sc_hd__xor2_2)
                                                         _08218_ (net)
                      0.139769    0.000255    8.691265 v _33800_/A (sky130_fd_sc_hd__or4b_2)
     1    0.001856    0.203824    1.550396   10.241661 v _33800_/X (sky130_fd_sc_hd__or4b_2)
                                                         _08234_ (net)
                      0.203824    0.000017   10.241678 v _33801_/B (sky130_fd_sc_hd__or3b_2)
     1    0.003562    0.164883    1.076513   11.318192 v _33801_/X (sky130_fd_sc_hd__or3b_2)
                                                         _08235_ (net)
                      0.164883    0.000058   11.318249 v _33803_/C (sky130_fd_sc_hd__or4_2)
     1    0.006439    0.248478    1.534191   12.852441 v _33803_/X (sky130_fd_sc_hd__or4_2)
                                                         _08237_ (net)
                      0.248478    0.000106   12.852546 v _33804_/B (sky130_fd_sc_hd__nor2_2)
     1    0.005006    0.146673    0.217974   13.070520 ^ _33804_/Y (sky130_fd_sc_hd__nor2_2)
                                                         _08238_ (net)
                      0.146673    0.000099   13.070619 ^ _33805_/A3 (sky130_fd_sc_hd__a32o_2)
     2    0.008878    0.131043    0.430037   13.500656 ^ _33805_/X (sky130_fd_sc_hd__a32o_2)
                                                         _08239_ (net)
                      0.131043    0.000082   13.500738 ^ _33806_/B (sky130_fd_sc_hd__nand2_2)
    13    0.051709    0.503085    0.404728   13.905466 v _33806_/Y (sky130_fd_sc_hd__nand2_2)
                                                         _08240_ (net)
                      0.503085    0.000149   13.905615 v _33815_/A2 (sky130_fd_sc_hd__a21o_2)
     5    0.021314    0.134367    0.639742   14.545358 v _33815_/X (sky130_fd_sc_hd__a21o_2)
                                                         _08249_ (net)
                      0.134367    0.000601   14.545959 v _33817_/B (sky130_fd_sc_hd__or2_2)
     3    0.007683    0.137053    0.687190   15.233149 v _33817_/X (sky130_fd_sc_hd__or2_2)
                                                         _08251_ (net)
                      0.137053    0.000119   15.233268 v _33824_/A (sky130_fd_sc_hd__or4_2)
     4    0.012523    0.294890    1.709131   16.942398 v _33824_/X (sky130_fd_sc_hd__or4_2)
                                                         _08258_ (net)
                      0.294890    0.000082   16.942480 v _33852_/C (sky130_fd_sc_hd__or4b_2)
     3    0.010797    0.271849    1.631698   18.574177 v _33852_/X (sky130_fd_sc_hd__or4b_2)
                                                         _08284_ (net)
                      0.271849    0.000114   18.574291 v _33863_/B (sky130_fd_sc_hd__or3_2)
     3    0.009666    0.204636    1.198020   19.772310 v _33863_/X (sky130_fd_sc_hd__or3_2)
                                                         _08294_ (net)
                      0.204636    0.000108   19.772419 v _33892_/A (sky130_fd_sc_hd__or3b_2)
     2    0.012769    0.222841    1.232287   21.004705 v _33892_/X (sky130_fd_sc_hd__or3b_2)
                                                         _08320_ (net)
                      0.222841    0.000208   21.004913 v _33894_/A1 (sky130_fd_sc_hd__o21ai_2)
     2    0.015892    0.348735    0.435648   21.440561 ^ _33894_/Y (sky130_fd_sc_hd__o21ai_2)
                                                         _08322_ (net)
                      0.348735    0.000183   21.440744 ^ _33902_/A (sky130_fd_sc_hd__xnor2_2)
     3    0.011039    0.156304    0.278332   21.719076 v _33902_/Y (sky130_fd_sc_hd__xnor2_2)
                                                         _08329_ (net)
                      0.156304    0.000080   21.719156 v _33927_/A (sky130_fd_sc_hd__and3_2)
     1    0.001532    0.064530    0.385311   22.104467 v _33927_/X (sky130_fd_sc_hd__and3_2)
                                                         _08346_ (net)
                      0.064530    0.000012   22.104481 v _33928_/D (sky130_fd_sc_hd__or4_2)
     1    0.006964    0.252097    1.364601   23.469082 v _33928_/X (sky130_fd_sc_hd__or4_2)
                                                         _08347_ (net)
                      0.252097    0.000121   23.469202 v _33929_/A2 (sky130_fd_sc_hd__a21oi_2)
     1    0.001884    0.170631    0.270326   23.739529 ^ _33929_/Y (sky130_fd_sc_hd__a21oi_2)
                                                         _01234_ (net)
                      0.170631    0.000016   23.739544 ^ _45862_/D (sky130_fd_sc_hd__dfxtp_2)
                                             23.739544   data arrival time

                                 24.000000   24.000000   clock clk (rise edge)
                                  0.000000   24.000000   clock source latency
     2    0.116493    0.000000    0.000000   24.000000 ^ clk (in)
                                                         clk (net)
                      0.018662    0.009331   24.009331 ^ clkbuf_0_clk/A (sky130_fd_sc_hd__clkbuf_16)
     4    0.077703    0.144736    0.267972   24.277302 ^ clkbuf_0_clk/X (sky130_fd_sc_hd__clkbuf_16)
                                                         clknet_0_clk (net)
                      0.144948    0.004366   24.281670 ^ clkbuf_2_3_0_clk/A (sky130_fd_sc_hd__clkbuf_4)
    19    0.198858    0.907527    0.883409   25.165077 ^ clkbuf_2_3_0_clk/X (sky130_fd_sc_hd__clkbuf_4)
                                                         clknet_2_3_0_clk (net)
                      0.907615    0.007546   25.172625 ^ clkbuf_6_53_0_clk/A (sky130_fd_sc_hd__clkbuf_4)
    11    0.143480    0.662604    1.012623   26.185247 ^ clkbuf_6_53_0_clk/X (sky130_fd_sc_hd__clkbuf_4)
                                                         clknet_6_53_0_clk (net)
                      0.662604    0.001597   26.186844 ^ clkbuf_leaf_172_clk/A (sky130_fd_sc_hd__clkbuf_16)
     4    0.012632    0.067729    0.454873   26.641718 ^ clkbuf_leaf_172_clk/X (sky130_fd_sc_hd__clkbuf_16)
                                                         clknet_leaf_172_clk (net)
                      0.067729    0.000083   26.641800 ^ _45862_/CLK (sky130_fd_sc_hd__dfxtp_2)
                                 -0.250000   26.391802   clock uncertainty
                                  0.000000   26.391802   clock reconvergence pessimism
                                 -0.167843   26.223959   library setup time
                                             26.223959   data required time
---------------------------------------------------------------------------------------------
                                             26.223959   data required time
                                            -23.739544   data arrival time
---------------------------------------------------------------------------------------------
                                              2.484415   slack (MET)




===========================================================================
report_checks --slack_max -0.01
============================================================================
======================= min_ss_100C_1v60 Corner ===================================

No paths found.


===========================================================================
 report_check_types -max_slew -max_cap -max_fanout -violators
============================================================================
======================= min_ss_100C_1v60 Corner ===================================



===========================================================================
report_parasitic_annotation -report_unannotated
============================================================================
Found 161 unannotated drivers.
 _44218__1484/HI
 _44219__1485/HI
 _44220__1486/HI
 _44221__1487/HI
 _44222__1488/HI
 _44223__1489/HI
 _44224__1490/HI
 _44225__1491/HI
 _44226__1468/HI
 _44227__1469/HI
 _44228__1470/HI
 _44229__1471/HI
 _44230_/SUM
 _44230__1472/HI
 _44231_/SUM
 _44231__1473/HI
 _44232_/SUM
 _44232__1474/HI
 _44233_/SUM
 _44233__1475/HI
 _44234_/SUM
 _44234__1476/HI
 _44235_/SUM
 _44235__1477/HI
 _44236_/SUM
 _44236__1478/HI
 _44237_/SUM
 _44237__1479/HI
 _44238_/SUM
 _44238__1480/HI
 _44239_/SUM
 _44239__1481/HI
 _44240_/SUM
 _44240__1482/HI
 _44241_/SUM
 _44241__1483/HI
 clkload0/Y
 clkload1/Y
 clkload10/Y
 clkload100/X
 clkload11/Y
 clkload12/Y
 clkload13/Y
 clkload14/Y
 clkload15/Y
 clkload16/Y
 clkload17/Y
 clkload18/Y
 clkload19/Y
 clkload2/Y
 clkload20/Y
 clkload21/Y
 clkload22/Y
 clkload23/Y
 clkload24/Y
 clkload25/Y
 clkload26/Y
 clkload27/Y
 clkload28/Y
 clkload29/Y
 clkload3/Y
 clkload30/Y
 clkload31/Y
 clkload32/Y
 clkload33/Y
 clkload34/X
 clkload35/Y
 clkload36/Y
 clkload37/Y
 clkload38/Y
 clkload39/X
 clkload4/Y
 clkload40/Y
 clkload41/Y
 clkload42/Y
 clkload43/X
 clkload44/Y
 clkload45/Y
 clkload46/Y
 clkload47/Y
 clkload48/Y
 clkload49/X
 clkload5/Y
 clkload50/Y
 clkload51/Y
 clkload52/Y
 clkload53/Y
 clkload54/Y
 clkload55/Y
 clkload56/Y
 clkload57/Y
 clkload58/Y
 clkload59/Y
 clkload6/Y
 clkload60/X
 clkload61/X
 clkload62/X
 clkload63/X
 clkload64/X
 clkload65/X
 clkload66/X
 clkload67/X
 clkload68/X
 clkload69/X
 clkload7/Y
 clkload70/X
 clkload71/X
 clkload72/X
 clkload73/X
 clkload74/X
 clkload75/X
 clkload76/X
 clkload77/X
 clkload78/X
 clkload79/X
 clkload8/Y
 clkload80/X
 clkload81/X
 clkload82/X
 clkload83/X
 clkload84/X
 clkload85/X
 clkload86/X
 clkload87/X
 clkload88/X
 clkload89/X
 clkload9/X
 clkload90/X
 clkload91/X
 clkload92/X
 clkload93/X
 clkload94/X
 clkload95/X
 clkload96/X
 clkload97/X
 clkload98/X
 clkload99/X
 core/HI
 core_1492/HI
 core_1493/HI
 core_1494/HI
 core_1495/HI
 core_1496/HI
 core_1497/HI
 core_1498/HI
 core_1499/HI
 core_1500/HI
 core_1501/HI
 core_1502/HI
 core_1503/HI
 core_1504/HI
 core_1505/HI
 core_1506/HI
 core_1507/HI
 core_1508/HI
 core_1509/HI
 core_1510/HI
 core_1511/HI
 core_1512/HI
 core_1513/HI
 core_1514/HI
Found 0 partially unannotated drivers.

===========================================================================
max slew violation count 0
max fanout violation count 0
max cap violation count 0
============================================================================

===========================================================================
check_setup -verbose -unconstrained_endpoints -multiple_clock -no_clock -no_input_delay -loops -generated_clocks
===========================================================================
