Clock: clk
Sources: clk 
Generated: no
Virtual: yes
Propagated: no
Period: 24.000000

===========================================================================
report_clock_properties
============================================================================
Clock                   Period          Waveform
----------------------------------------------------
clk                  24.000000    0.000000 12.000000

===========================================================================
report_clock_latency
============================================================================
Clock clk
rise -> rise
    min     max
0.000000 0.000000 source latency
1.932363         network latency _45173_/CLK
        2.738147 network latency _46051_/CLK
---------------
1.932363 2.738147 latency
        0.805784 skew

fall -> fall
    min     max
0.000000 0.000000 source latency
1.688556         network latency _45173_/CLK
        2.389181 network latency _46051_/CLK
---------------
1.688556 2.389181 latency
        0.700625 skew



===========================================================================
report_clock_min_period
============================================================================
clk period_min = 21.52 fmax = 46.48
