
===========================================================================
report_checks -unconstrained
===========================================================================
======================= min_ff_n40C_1v95 Corner ===================================

Startpoint: _46315_ (rising edge-triggered flip-flop clocked by clk)
Endpoint: _46006_ (rising edge-triggered flip-flop clocked by clk)
Path Group: clk
Path Type: max

Fanout         Cap        Slew       Delay        Time   Description
---------------------------------------------------------------------------------------------
                                  0.000000    0.000000   clock clk (rise edge)
                                  0.000000    0.000000   clock source latency
     2    0.116360    0.000000    0.000000    0.000000 ^ clk (in)
                                                         clk (net)
                      0.018611    0.009305    0.009305 ^ clkbuf_0_clk/A (sky130_fd_sc_hd__clkbuf_16)
     4    0.077855    0.072598    0.113505    0.122810 ^ clkbuf_0_clk/X (sky130_fd_sc_hd__clkbuf_16)
                                                         clknet_0_clk (net)
                      0.073018    0.004367    0.127177 ^ clkbuf_2_3_0_clk/A (sky130_fd_sc_hd__clkbuf_4)
    19    0.198860    0.442801    0.382822    0.509999 ^ clkbuf_2_3_0_clk/X (sky130_fd_sc_hd__clkbuf_4)
                                                         clknet_2_3_0_clk (net)
                      0.442893    0.005356    0.515355 ^ clkbuf_6_57_0_clk/A (sky130_fd_sc_hd__clkbuf_4)
     9    0.126142    0.285117    0.327848    0.843203 ^ clkbuf_6_57_0_clk/X (sky130_fd_sc_hd__clkbuf_4)
                                                         clknet_6_57_0_clk (net)
                      0.285205    0.000941    0.844145 ^ clkbuf_leaf_265_clk/A (sky130_fd_sc_hd__clkbuf_16)
     4    0.013114    0.033952    0.125403    0.969548 ^ clkbuf_leaf_265_clk/X (sky130_fd_sc_hd__clkbuf_16)
                                                         clknet_leaf_265_clk (net)
                      0.033952    0.000133    0.969681 ^ _46315_/CLK (sky130_fd_sc_hd__dfxtp_2)
     1    0.005171    0.029029    0.194996    1.164677 ^ _46315_/Q (sky130_fd_sc_hd__dfxtp_2)
                                                         net362 (net)
                      0.029029    0.000025    1.164703 ^ place900/A (sky130_fd_sc_hd__buf_6)
    29    0.154307    0.229564    0.198548    1.363251 ^ place900/X (sky130_fd_sc_hd__buf_6)
                                                         net900 (net)
                      0.230327    0.010840    1.374091 ^ _22178_/A (sky130_fd_sc_hd__inv_2)
     5    0.020491    0.071476    0.057222    1.431314 v _22178_/Y (sky130_fd_sc_hd__inv_2)
                                                         _00051_ (net)
                      0.071476    0.000128    1.431441 v _44234_/A (sky130_fd_sc_hd__fa_1)
    15    0.066731    0.251036    0.457282    1.888724 v _44234_/COUT (sky130_fd_sc_hd__fa_1)
                                                         _00052_ (net)
                      0.251059    0.002386    1.891110 v _36372_/B2 (sky130_fd_sc_hd__a22o_2)
     1    0.008609    0.036294    0.200307    2.091417 v _36372_/X (sky130_fd_sc_hd__a22o_2)
                                                         _10672_ (net)
                      0.036294    0.000088    2.091505 v _36373_/B (sky130_fd_sc_hd__xnor2_2)
     2    0.006901    0.057690    0.087354    2.178859 v _36373_/Y (sky130_fd_sc_hd__xnor2_2)
                                                         _10673_ (net)
                      0.057690    0.000021    2.178880 v _36379_/B1 (sky130_fd_sc_hd__a21o_2)
     3    0.011057    0.039798    0.107753    2.286633 v _36379_/X (sky130_fd_sc_hd__a21o_2)
                                                         _10679_ (net)
                      0.039798    0.000102    2.286736 v _36383_/A2 (sky130_fd_sc_hd__a21o_2)
     2    0.007173    0.032612    0.143052    2.429788 v _36383_/X (sky130_fd_sc_hd__a21o_2)
                                                         _10683_ (net)
                      0.032612    0.000115    2.429902 v _36386_/A2 (sky130_fd_sc_hd__a21o_2)
     2    0.007864    0.033776    0.142016    2.571918 v _36386_/X (sky130_fd_sc_hd__a21o_2)
                                                         _10686_ (net)
                      0.033776    0.000021    2.571939 v _36432_/A2 (sky130_fd_sc_hd__a31o_2)
     2    0.006844    0.035138    0.152946    2.724885 v _36432_/X (sky130_fd_sc_hd__a31o_2)
                                                         _10731_ (net)
                      0.035138    0.000049    2.724934 v _36433_/C (sky130_fd_sc_hd__and3_2)
     3    0.008290    0.037185    0.141684    2.866619 v _36433_/X (sky130_fd_sc_hd__and3_2)
                                                         _10732_ (net)
                      0.037185    0.000036    2.866654 v _36436_/A (sky130_fd_sc_hd__or3_2)
     4    0.016843    0.080710    0.312482    3.179136 v _36436_/X (sky130_fd_sc_hd__or3_2)
                                                         _10735_ (net)
                      0.080710    0.000082    3.179217 v _36438_/B (sky130_fd_sc_hd__and3_2)
     2    0.006681    0.034790    0.146806    3.326024 v _36438_/X (sky130_fd_sc_hd__and3_2)
                                                         _10737_ (net)
                      0.034790    0.000065    3.326089 v _36442_/A3 (sky130_fd_sc_hd__o41a_2)
     2    0.004878    0.049440    0.257561    3.583649 v _36442_/X (sky130_fd_sc_hd__o41a_2)
                                                         _10741_ (net)
                      0.049440    0.000038    3.583687 v _36724_/A2 (sky130_fd_sc_hd__o211a_2)
     1    0.005225    0.035097    0.155575    3.739262 v _36724_/X (sky130_fd_sc_hd__o211a_2)
                                                         _11014_ (net)
                      0.035097    0.000104    3.739366 v _36725_/A2 (sky130_fd_sc_hd__a2111o_2)
     1    0.008051    0.054159    0.294045    4.033411 v _36725_/X (sky130_fd_sc_hd__a2111o_2)
                                                         _11015_ (net)
                      0.054159    0.000230    4.033641 v _36728_/A1 (sky130_fd_sc_hd__a21o_2)
     2    0.014426    0.044817    0.147853    4.181493 v _36728_/X (sky130_fd_sc_hd__a21o_2)
                                                         _11018_ (net)
                      0.044827    0.000604    4.182097 v _36875_/A1 (sky130_fd_sc_hd__a211o_2)
     2    0.017504    0.061282    0.215248    4.397345 v _36875_/X (sky130_fd_sc_hd__a211o_2)
                                                         _11165_ (net)
                      0.061288    0.000600    4.397945 v _36932_/A1 (sky130_fd_sc_hd__a21o_2)
     2    0.008023    0.034071    0.136999    4.534944 v _36932_/X (sky130_fd_sc_hd__a21o_2)
                                                         _11221_ (net)
                      0.034071    0.000064    4.535008 v _36983_/A2 (sky130_fd_sc_hd__a21o_2)
     3    0.020984    0.054473    0.167115    4.702123 v _36983_/X (sky130_fd_sc_hd__a21o_2)
                                                         _11271_ (net)
                      0.054501    0.001164    4.703287 v _37035_/A2 (sky130_fd_sc_hd__a21o_2)
     3    0.011846    0.041432    0.159087    4.862374 v _37035_/X (sky130_fd_sc_hd__a21o_2)
                                                         _11322_ (net)
                      0.041432    0.000246    4.862621 v _37087_/A2 (sky130_fd_sc_hd__a21o_2)
     3    0.014104    0.044345    0.159424    5.022045 v _37087_/X (sky130_fd_sc_hd__a21o_2)
                                                         _11373_ (net)
                      0.044349    0.000403    5.022448 v _37136_/A2 (sky130_fd_sc_hd__a21o_2)
     3    0.010156    0.038012    0.151580    5.174028 v _37136_/X (sky130_fd_sc_hd__a21o_2)
                                                         _11421_ (net)
                      0.038012    0.000100    5.174128 v _37182_/A2 (sky130_fd_sc_hd__a21o_2)
     3    0.011357    0.040377    0.151966    5.326094 v _37182_/X (sky130_fd_sc_hd__a21o_2)
                                                         _11466_ (net)
                      0.040377    0.000139    5.326233 v _37228_/A2 (sky130_fd_sc_hd__a21o_2)
     3    0.010439    0.038577    0.150731    5.476964 v _37228_/X (sky130_fd_sc_hd__a21o_2)
                                                         _11511_ (net)
                      0.038577    0.000161    5.477125 v _37269_/A2 (sky130_fd_sc_hd__a21o_2)
     4    0.020303    0.053413    0.167881    5.645006 v _37269_/X (sky130_fd_sc_hd__a21o_2)
                                                         _11551_ (net)
                      0.053426    0.000821    5.645827 v _37334_/A2 (sky130_fd_sc_hd__a311o_2)
     2    0.007836    0.048824    0.240180    5.886007 v _37334_/X (sky130_fd_sc_hd__a311o_2)
                                                         _11614_ (net)
                      0.048824    0.000072    5.886079 v _37361_/A2 (sky130_fd_sc_hd__a21o_2)
     3    0.009584    0.036912    0.151937    6.038016 v _37361_/X (sky130_fd_sc_hd__a21o_2)
                                                         _11640_ (net)
                      0.036912    0.000065    6.038081 v _37384_/A2 (sky130_fd_sc_hd__a21o_2)
     2    0.003609    0.026076    0.132776    6.170858 v _37384_/X (sky130_fd_sc_hd__a21o_2)
                                                         _11662_ (net)
                      0.026076    0.000012    6.170870 v _37404_/B1_N (sky130_fd_sc_hd__a21boi_2)
     2    0.013242    0.050771    0.109877    6.280747 v _37404_/Y (sky130_fd_sc_hd__a21boi_2)
                                                         _11681_ (net)
                      0.050771    0.000147    6.280893 v _37405_/B (sky130_fd_sc_hd__xor2_2)
     2    0.006149    0.050801    0.098801    6.379694 v _37405_/X (sky130_fd_sc_hd__xor2_2)
                                                         _11682_ (net)
                      0.050801    0.000079    6.379773 v _37423_/C (sky130_fd_sc_hd__or4_2)
     1    0.002787    0.064655    0.339209    6.718982 v _37423_/X (sky130_fd_sc_hd__or4_2)
                                                         _11698_ (net)
                      0.064655    0.000026    6.719008 v _37424_/A2 (sky130_fd_sc_hd__o211a_2)
     1    0.003304    0.030936    0.155173    6.874180 v _37424_/X (sky130_fd_sc_hd__o211a_2)
                                                         _11699_ (net)
                      0.030936    0.000037    6.874218 v _37425_/A2 (sky130_fd_sc_hd__o21a_2)
     1    0.002334    0.023448    0.112670    6.986888 v _37425_/X (sky130_fd_sc_hd__o21a_2)
                                                         _01378_ (net)
                      0.023448    0.000022    6.986910 v _46006_/D (sky130_fd_sc_hd__dfxtp_2)
                                              6.986910   data arrival time

                                 24.000000   24.000000   clock clk (rise edge)
                                  0.000000   24.000000   clock source latency
     2    0.116360    0.000000    0.000000   24.000000 ^ clk (in)
                                                         clk (net)
                      0.018611    0.009305   24.009304 ^ clkbuf_0_clk/A (sky130_fd_sc_hd__clkbuf_16)
     4    0.077855    0.072598    0.113506   24.122808 ^ clkbuf_0_clk/X (sky130_fd_sc_hd__clkbuf_16)
                                                         clknet_0_clk (net)
                      0.073018    0.004366   24.127176 ^ clkbuf_2_3_0_clk/A (sky130_fd_sc_hd__clkbuf_4)
    19    0.198860    0.442801    0.382823   24.509998 ^ clkbuf_2_3_0_clk/X (sky130_fd_sc_hd__clkbuf_4)
                                                         clknet_2_3_0_clk (net)
                      0.442924    0.006183   24.516182 ^ clkbuf_6_55_0_clk/A (sky130_fd_sc_hd__clkbuf_4)
     9    0.135779    0.306198    0.342144   24.858326 ^ clkbuf_6_55_0_clk/X (sky130_fd_sc_hd__clkbuf_4)
                                                         clknet_6_55_0_clk (net)
                      0.306201    0.000856   24.859182 ^ clkbuf_leaf_282_clk/A (sky130_fd_sc_hd__clkbuf_16)
     4    0.012003    0.033863    0.125084   24.984266 ^ clkbuf_leaf_282_clk/X (sky130_fd_sc_hd__clkbuf_16)
                                                         clknet_leaf_282_clk (net)
                      0.033863    0.000050   24.984316 ^ _46006_/CLK (sky130_fd_sc_hd__dfxtp_2)
                                 -0.250000   24.734316   clock uncertainty
                                  0.000000   24.734316   clock reconvergence pessimism
                                 -0.067991   24.666327   library setup time
                                             24.666327   data required time
---------------------------------------------------------------------------------------------
                                             24.666327   data required time
                                             -6.986910   data arrival time
---------------------------------------------------------------------------------------------
                                             17.679417   slack (MET)




===========================================================================
report_checks --slack_max -0.01
============================================================================
======================= min_ff_n40C_1v95 Corner ===================================

No paths found.


===========================================================================
 report_check_types -max_slew -max_cap -max_fanout -violators
============================================================================
======================= min_ff_n40C_1v95 Corner ===================================



===========================================================================
report_parasitic_annotation -report_unannotated
============================================================================
Found 161 unannotated drivers.
 _44218__1484/HI
 _44219__1485/HI
 _44220__1486/HI
 _44221__1487/HI
 _44222__1488/HI
 _44223__1489/HI
 _44224__1490/HI
 _44225__1491/HI
 _44226__1468/HI
 _44227__1469/HI
 _44228__1470/HI
 _44229__1471/HI
 _44230_/SUM
 _44230__1472/HI
 _44231_/SUM
 _44231__1473/HI
 _44232_/SUM
 _44232__1474/HI
 _44233_/SUM
 _44233__1475/HI
 _44234_/SUM
 _44234__1476/HI
 _44235_/SUM
 _44235__1477/HI
 _44236_/SUM
 _44236__1478/HI
 _44237_/SUM
 _44237__1479/HI
 _44238_/SUM
 _44238__1480/HI
 _44239_/SUM
 _44239__1481/HI
 _44240_/SUM
 _44240__1482/HI
 _44241_/SUM
 _44241__1483/HI
 clkload0/Y
 clkload1/Y
 clkload10/Y
 clkload100/X
 clkload11/Y
 clkload12/Y
 clkload13/Y
 clkload14/Y
 clkload15/Y
 clkload16/Y
 clkload17/Y
 clkload18/Y
 clkload19/Y
 clkload2/Y
 clkload20/Y
 clkload21/Y
 clkload22/Y
 clkload23/Y
 clkload24/Y
 clkload25/Y
 clkload26/Y
 clkload27/Y
 clkload28/Y
 clkload29/Y
 clkload3/Y
 clkload30/Y
 clkload31/Y
 clkload32/Y
 clkload33/Y
 clkload34/X
 clkload35/Y
 clkload36/Y
 clkload37/Y
 clkload38/Y
 clkload39/X
 clkload4/Y
 clkload40/Y
 clkload41/Y
 clkload42/Y
 clkload43/X
 clkload44/Y
 clkload45/Y
 clkload46/Y
 clkload47/Y
 clkload48/Y
 clkload49/X
 clkload5/Y
 clkload50/Y
 clkload51/Y
 clkload52/Y
 clkload53/Y
 clkload54/Y
 clkload55/Y
 clkload56/Y
 clkload57/Y
 clkload58/Y
 clkload59/Y
 clkload6/Y
 clkload60/X
 clkload61/X
 clkload62/X
 clkload63/X
 clkload64/X
 clkload65/X
 clkload66/X
 clkload67/X
 clkload68/X
 clkload69/X
 clkload7/Y
 clkload70/X
 clkload71/X
 clkload72/X
 clkload73/X
 clkload74/X
 clkload75/X
 clkload76/X
 clkload77/X
 clkload78/X
 clkload79/X
 clkload8/Y
 clkload80/X
 clkload81/X
 clkload82/X
 clkload83/X
 clkload84/X
 clkload85/X
 clkload86/X
 clkload87/X
 clkload88/X
 clkload89/X
 clkload9/X
 clkload90/X
 clkload91/X
 clkload92/X
 clkload93/X
 clkload94/X
 clkload95/X
 clkload96/X
 clkload97/X
 clkload98/X
 clkload99/X
 core/HI
 core_1492/HI
 core_1493/HI
 core_1494/HI
 core_1495/HI
 core_1496/HI
 core_1497/HI
 core_1498/HI
 core_1499/HI
 core_1500/HI
 core_1501/HI
 core_1502/HI
 core_1503/HI
 core_1504/HI
 core_1505/HI
 core_1506/HI
 core_1507/HI
 core_1508/HI
 core_1509/HI
 core_1510/HI
 core_1511/HI
 core_1512/HI
 core_1513/HI
 core_1514/HI
Found 0 partially unannotated drivers.

===========================================================================
max slew violation count 0
max fanout violation count 0
max cap violation count 0
============================================================================

===========================================================================
check_setup -verbose -unconstrained_endpoints -multiple_clock -no_clock -no_input_delay -loops -generated_clocks
===========================================================================
