Clock: clk
Sources: clk 
Generated: no
Virtual: yes
Propagated: no
Period: 24.000000

===========================================================================
report_clock_properties
============================================================================
Clock                   Period          Waveform
----------------------------------------------------
clk                  24.000000    0.000000 12.000000

===========================================================================
report_clock_latency
============================================================================
Clock clk
rise -> rise
    min     max
0.000000 0.000000 source latency
0.758506         network latency _45173_/CLK
        1.040860 network latency _46051_/CLK
---------------
0.758506 1.040860 latency
        0.282354 skew

fall -> fall
    min     max
0.000000 0.000000 source latency
0.655124         network latency _45173_/CLK
        0.920683 network latency _46051_/CLK
---------------
0.655124 0.920683 latency
        0.265559 skew



===========================================================================
report_clock_min_period
============================================================================
clk period_min = 6.32 fmax = 158.21
