Clock: clk
Sources: gpio_in[38] 
Generated: no
Virtual: yes
Propagated: no
Period: 20.000000

===========================================================================
report_clock_properties
============================================================================
Clock                   Period          Waveform
----------------------------------------------------
clk                  20.000000    0.000000 10.000000

===========================================================================
report_clock_latency
============================================================================
Clock clk
rise -> rise
    min     max
0.000000 0.000000 source latency
7.802681         network latency _3807_/CLK
        12.448682 network latency _4236_/CLK
---------------
7.802681 12.448682 latency
        4.646000 skew

fall -> fall
    min     max
0.000000 0.000000 source latency
3.390245         network latency chip.gpu_inst.tiles[0].tile/clk
        12.484856 network latency _4236_/CLK
---------------
3.390245 12.484856 latency
        9.094610 skew



===========================================================================
report_clock_min_period
============================================================================
clk period_min = 15.43 fmax = 64.80
