Clock: clk
Sources: clk 
Generated: no
Virtual: yes
Propagated: no
Period: 20.000000

===========================================================================
report_clock_properties
============================================================================
Clock                   Period          Waveform
----------------------------------------------------
clk                  20.000000    0.000000 10.000000

===========================================================================
report_clock_latency
============================================================================
Clock clk
rise -> rise
    min     max
0.000000 0.000000 source latency
4.385040         network latency _216203_/CLK
        4.867701 network latency _223610_/CLK
---------------
4.385040 4.867701 latency
        0.482661 skew

fall -> fall
    min     max
0.000000 0.000000 source latency
4.461778         network latency _216203_/CLK
        4.908347 network latency _223610_/CLK
---------------
4.461778 4.908347 latency
        0.446569 skew



===========================================================================
report_clock_min_period
============================================================================
clk period_min = 17.42 fmax = 57.41
