
===========================================================================
report_checks -unconstrained
===========================================================================
======================= max_ss_100C_1v60 Corner ===================================

Startpoint: _46237_ (rising edge-triggered flip-flop clocked by clk)
Endpoint: _45862_ (rising edge-triggered flip-flop clocked by clk)
Path Group: clk
Path Type: max

Fanout         Cap        Slew       Delay        Time   Description
---------------------------------------------------------------------------------------------
                                  0.000000    0.000000   clock clk (rise edge)
                                  0.000000    0.000000   clock source latency
  2240    5.521808    0.000000    0.000000    0.000000 ^ clk (in)
                                                         clk (net)
                      0.832755    0.416377    0.416377 ^ _46237_/CLK (sky130_fd_sc_hd__dfxtp_2)
     2    0.006278    0.055865    0.905232    1.321610 v _46237_/Q (sky130_fd_sc_hd__dfxtp_2)
                                                         net429 (net)
                      0.055865    0.000006    1.321615 v _33652_/A (sky130_fd_sc_hd__or3_2)
     3    0.009954    0.206820    1.173906    2.495522 v _33652_/X (sky130_fd_sc_hd__or3_2)
                                                         _08086_ (net)
                      0.206820    0.000075    2.495597 v _33653_/C (sky130_fd_sc_hd__or3_2)
     3    0.008698    0.206464    1.080262    3.575859 v _33653_/X (sky130_fd_sc_hd__or3_2)
                                                         _08087_ (net)
                      0.206464    0.000042    3.575901 v _33655_/B (sky130_fd_sc_hd__or2_2)
     4    0.010970    0.152105    0.740913    4.316814 v _33655_/X (sky130_fd_sc_hd__or2_2)
                                                         _08089_ (net)
                      0.152105    0.000053    4.316867 v _33656_/B (sky130_fd_sc_hd__and2_2)
     1    0.008344    0.096976    0.466783    4.783650 v _33656_/X (sky130_fd_sc_hd__and2_2)
                                                         _08090_ (net)
                      0.096976    0.000008    4.783658 v _33725_/B (sky130_fd_sc_hd__xnor2_2)
     2    0.006580    0.115243    0.258245    5.041902 v _33725_/Y (sky130_fd_sc_hd__xnor2_2)
                                                         _08159_ (net)
                      0.115243    0.000011    5.041913 v _33728_/A (sky130_fd_sc_hd__and2_2)
     1    0.003017    0.071040    0.368436    5.410349 v _33728_/X (sky130_fd_sc_hd__and2_2)
                                                         _08162_ (net)
                      0.071040    0.000025    5.410374 v _33729_/B (sky130_fd_sc_hd__or2_2)
     1    0.006697    0.133020    0.655109    6.065483 v _33729_/X (sky130_fd_sc_hd__or2_2)
                                                         _08163_ (net)
                      0.133020    0.000081    6.065564 v _33730_/A (sky130_fd_sc_hd__inv_2)
     2    0.012784    0.107535    0.145895    6.211459 ^ _33730_/Y (sky130_fd_sc_hd__inv_2)
                                                         _08164_ (net)
                      0.107535    0.000090    6.211549 ^ _33769_/A1 (sky130_fd_sc_hd__a21o_2)
     2    0.011462    0.116875    0.293662    6.505211 ^ _33769_/X (sky130_fd_sc_hd__a21o_2)
                                                         _08203_ (net)
                      0.116875    0.000026    6.505237 ^ _33784_/B (sky130_fd_sc_hd__xor2_2)
     2    0.007134    0.120587    0.151495    6.656732 v _33784_/X (sky130_fd_sc_hd__xor2_2)
                                                         _08218_ (net)
                      0.120587    0.000085    6.656817 v _33800_/A (sky130_fd_sc_hd__or4b_2)
     1    0.001847    0.203711    1.543587    8.200404 v _33800_/X (sky130_fd_sc_hd__or4b_2)
                                                         _08234_ (net)
                      0.203711    0.000004    8.200409 v _33801_/B (sky130_fd_sc_hd__or3b_2)
     1    0.002824    0.161919    1.063849    9.264258 v _33801_/X (sky130_fd_sc_hd__or3b_2)
                                                         _08235_ (net)
                      0.161919    0.000020    9.264278 v _33803_/C (sky130_fd_sc_hd__or4_2)
     1    0.005459    0.246048    1.520858   10.785136 v _33803_/X (sky130_fd_sc_hd__or4_2)
                                                         _08237_ (net)
                      0.246048    0.000034   10.785171 v _33804_/B (sky130_fd_sc_hd__nor2_2)
     1    0.004223    0.135188    0.207202   10.992373 ^ _33804_/Y (sky130_fd_sc_hd__nor2_2)
                                                         _08238_ (net)
                      0.135188    0.000032   10.992405 ^ _33805_/A3 (sky130_fd_sc_hd__a32o_2)
     2    0.007973    0.128804    0.418886   11.411291 ^ _33805_/X (sky130_fd_sc_hd__a32o_2)
                                                         _08239_ (net)
                      0.128804    0.000033   11.411324 ^ _33806_/B (sky130_fd_sc_hd__nand2_2)
    13    0.047077    0.444018    0.376519   11.787843 v _33806_/Y (sky130_fd_sc_hd__nand2_2)
                                                         _08240_ (net)
                      0.444018    0.000055   11.787898 v _33815_/A2 (sky130_fd_sc_hd__a21o_2)
     5    0.016993    0.122699    0.600204   12.388103 v _33815_/X (sky130_fd_sc_hd__a21o_2)
                                                         _08249_ (net)
                      0.122699    0.000150   12.388252 v _33817_/B (sky130_fd_sc_hd__or2_2)
     3    0.005536    0.130349    0.666361   13.054614 v _33817_/X (sky130_fd_sc_hd__or2_2)
                                                         _08251_ (net)
                      0.130349    0.000015   13.054629 v _33824_/A (sky130_fd_sc_hd__or4_2)
     4    0.012111    0.291847    1.701610   14.756239 v _33824_/X (sky130_fd_sc_hd__or4_2)
                                                         _08258_ (net)
                      0.291847    0.000061   14.756301 v _33852_/C (sky130_fd_sc_hd__or4b_2)
     3    0.009530    0.273339    1.614384   16.370686 v _33852_/X (sky130_fd_sc_hd__or4b_2)
                                                         _08284_ (net)
                      0.273339    0.000039   16.370724 v _33863_/B (sky130_fd_sc_hd__or3_2)
     3    0.008469    0.205101    1.186644   17.557367 v _33863_/X (sky130_fd_sc_hd__or3_2)
                                                         _08294_ (net)
                      0.205101    0.000016   17.557384 v _33892_/A (sky130_fd_sc_hd__or3b_2)
     2    0.009782    0.212154    1.202110   18.759495 v _33892_/X (sky130_fd_sc_hd__or3b_2)
                                                         _08320_ (net)
                      0.212154    0.000007   18.759501 v _33894_/A1 (sky130_fd_sc_hd__o21ai_2)
     2    0.014563    0.337937    0.414428   19.173929 ^ _33894_/Y (sky130_fd_sc_hd__o21ai_2)
                                                         _08322_ (net)
                      0.337937    0.000041   19.173969 ^ _33902_/A (sky130_fd_sc_hd__xnor2_2)
     3    0.007946    0.135595    0.251738   19.425707 v _33902_/Y (sky130_fd_sc_hd__xnor2_2)
                                                         _08329_ (net)
                      0.135595    0.000014   19.425722 v _33927_/A (sky130_fd_sc_hd__and3_2)
     1    0.001477    0.064606    0.374563   19.800285 v _33927_/X (sky130_fd_sc_hd__and3_2)
                                                         _08346_ (net)
                      0.064606    0.000002   19.800287 v _33928_/D (sky130_fd_sc_hd__or4_2)
     1    0.005562    0.246963    1.347244   21.147530 v _33928_/X (sky130_fd_sc_hd__or4_2)
                                                         _08347_ (net)
                      0.246963    0.000028   21.147558 v _33929_/A2 (sky130_fd_sc_hd__a21oi_2)
     1    0.002048    0.180857    0.270672   21.418232 ^ _33929_/Y (sky130_fd_sc_hd__a21oi_2)
                                                         _01234_ (net)
                      0.180857    0.000005   21.418236 ^ _45862_/D (sky130_fd_sc_hd__dfxtp_2)
                                             21.418236   data arrival time

                                 24.000000   24.000000   clock clk (rise edge)
                                  0.000000   24.000000   clock source latency
  2240    5.521808    0.000000    0.000000   24.000000 ^ clk (in)
                                                         clk (net)
                      0.841767    0.420883   24.420881 ^ _45862_/CLK (sky130_fd_sc_hd__dfxtp_2)
                                 -0.250000   24.170883   clock uncertainty
                                  0.000000   24.170883   clock reconvergence pessimism
                                 -0.035214   24.135668   library setup time
                                             24.135668   data required time
---------------------------------------------------------------------------------------------
                                             24.135668   data required time
                                            -21.418236   data arrival time
---------------------------------------------------------------------------------------------
                                              2.717432   slack (MET)




===========================================================================
report_checks --slack_max -0.01
============================================================================
======================= max_ss_100C_1v60 Corner ===================================

No paths found.


===========================================================================
 report_check_types -max_slew -max_cap -max_fanout -violators
============================================================================
======================= max_ss_100C_1v60 Corner ===================================



===========================================================================
report_parasitic_annotation -report_unannotated
============================================================================
Found 60 unannotated drivers.
 _44230_/SUM
 _44231_/SUM
 _44232_/SUM
 _44233_/SUM
 _44234_/SUM
 _44235_/SUM
 _44236_/SUM
 _44237_/SUM
 _44238_/SUM
 _44239_/SUM
 _44240_/SUM
 _44241_/SUM
 _46482_/HI
 _46483_/HI
 _46484_/HI
 _46485_/HI
 _46486_/HI
 _46487_/HI
 _46488_/HI
 _46489_/HI
 _46490_/HI
 _46491_/HI
 _46492_/HI
 _46493_/HI
 _46494_/HI
 _46495_/HI
 _46496_/HI
 _46497_/HI
 _46498_/HI
 _46499_/HI
 _46500_/HI
 _46501_/HI
 _46502_/HI
 _46503_/HI
 _46504_/HI
 _46505_/HI
 _46506_/HI
 _46507_/HI
 _46508_/HI
 _46509_/HI
 _46510_/HI
 _46511_/HI
 _46512_/HI
 _46513_/HI
 _46514_/HI
 _46515_/HI
 _46516_/HI
 _46517_/HI
 _46518_/HI
 _46519_/HI
 _46520_/HI
 _46521_/HI
 _46522_/HI
 _46523_/HI
 _46524_/HI
 _46525_/HI
 _46526_/HI
 _46527_/HI
 _46528_/HI
 _46529_/HI
Found 0 partially unannotated drivers.

===========================================================================
max slew violation count 0
Writing metric design__max_slew_violation__count__corner:max_ss_100C_1v60: 0
max fanout violation count 0
Writing metric design__max_fanout_violation__count__corner:max_ss_100C_1v60: 0
max cap violation count 0
Writing metric design__max_cap_violation__count__corner:max_ss_100C_1v60: 0
============================================================================

===========================================================================
check_setup -verbose -unconstrained_endpoints -multiple_clock -no_clock -no_input_delay -loops -generated_clocks
===========================================================================
