Clock: clk
Sources: clk 
Generated: no
Virtual: yes
Propagated: no
Period: 24.000000

===========================================================================
report_clock_properties
============================================================================
Clock                   Period          Waveform
----------------------------------------------------
clk                  24.000000    0.000000 12.000000

===========================================================================
report_clock_latency
============================================================================
Clock clk
rise -> rise
    min     max
0.000000 0.000000 source latency
0.105265         network latency _45884_/CLK
        0.660900 network latency _45431_/CLK
---------------
0.105265 0.660900 latency
        0.555636 skew

fall -> fall
    min     max
0.000000 0.000000 source latency
0.100133         network latency _45884_/CLK
        0.628438 network latency _45431_/CLK
---------------
0.100133 0.628438 latency
        0.528305 skew



===========================================================================
report_clock_min_period
============================================================================
clk period_min = 21.28 fmax = 46.99
