Clock: clk
Sources: clk 
Generated: no
Virtual: yes
Propagated: no
Period: 20.000000

===========================================================================
report_clock_properties
============================================================================
Clock                   Period          Waveform
----------------------------------------------------
clk                  20.000000    0.000000 10.000000

===========================================================================
report_clock_latency
============================================================================
Clock clk
rise -> rise
    min     max
0.000000 0.000000 source latency
1.847592         network latency _216203_/CLK
        2.063560 network latency _223610_/CLK
---------------
1.847592 2.063560 latency
        0.215967 skew

fall -> fall
    min     max
0.000000 0.000000 source latency
1.938471         network latency _216203_/CLK
        2.144824 network latency _223610_/CLK
---------------
1.938471 2.144824 latency
        0.206353 skew



===========================================================================
report_clock_min_period
============================================================================
clk period_min = 5.96 fmax = 167.78
