
===========================================================================
report_checks -unconstrained
===========================================================================
======================= nom_tt_025C_1v80 Corner ===================================

Startpoint: g_row[1].g_col[0].pe/_2723_
            (rising edge-triggered flip-flop clocked by clk)
Endpoint: g_row[1].g_col[0].pe/_2752_
          (rising edge-triggered flip-flop clocked by clk)
Path Group: clk
Path Type: max

Fanout         Cap        Slew       Delay        Time   Description
---------------------------------------------------------------------------------------------
                                  0.000000    0.000000   clock clk (rise edge)
                                  0.000000    0.000000   clock source latency
     1    0.070788    0.322351    0.228971    0.228971 ^ clk (in)
                                                         clk (net)
                      0.323099    0.000000    0.228971 ^ clkbuf_0_clk/A (sky130_fd_sc_hd__clkbuf_16)
    16    0.261259    0.270714    0.373381    0.602353 ^ clkbuf_0_clk/X (sky130_fd_sc_hd__clkbuf_16)
                                                         clknet_0_clk (net)
                      0.271086    0.008344    0.610697 ^ clkbuf_4_12_0_clk/A (sky130_fd_sc_hd__clkbuf_16)
     7    0.081049    0.099640    0.245117    0.855814 ^ clkbuf_4_12_0_clk/X (sky130_fd_sc_hd__clkbuf_16)
                                                         clknet_4_12_0_clk (net)
                      0.099717    0.002568    0.858382 ^ clkbuf_leaf_43_clk/A (sky130_fd_sc_hd__clkbuf_16)
     4    0.010148    0.033504    0.136163    0.994545 ^ clkbuf_leaf_43_clk/X (sky130_fd_sc_hd__clkbuf_16)
                                                         clknet_leaf_43_clk (net)
                      0.033504    0.000162    0.994707 ^ g_row[1].g_col[0].pe/_2723_/CLK (sky130_fd_sc_hd__dfxtp_2)
     2    0.009744    0.060359    0.326593    1.321300 ^ g_row[1].g_col[0].pe/_2723_/Q (sky130_fd_sc_hd__dfxtp_2)
                                                         g_row[1].g_col[0].pe/r2_mantissa[0] (net)
                      0.060359    0.000217    1.321517 ^ g_row[1].g_col[0].pe/hold2050/A (sky130_fd_sc_hd__clkbuf_2)
     1    0.007263    0.049741    0.113596    1.435113 ^ g_row[1].g_col[0].pe/hold2050/X (sky130_fd_sc_hd__clkbuf_2)
                                                         g_row[1].g_col[0].pe/net2049 (net)
                      0.049742    0.000257    1.435370 ^ g_row[1].g_col[0].pe/_1340_/A (sky130_fd_sc_hd__inv_2)
     2    0.012792    0.032585    0.047038    1.482408 v g_row[1].g_col[0].pe/_1340_/Y (sky130_fd_sc_hd__inv_2)
                                                         g_row[1].g_col[0].pe/_0002_ (net)
                      0.032589    0.000360    1.482768 v g_row[1].g_col[0].pe/_2689_/A (sky130_fd_sc_hd__fa_1)
     2    0.010561    0.108214    0.464408    1.947177 v g_row[1].g_col[0].pe/_2689_/COUT (sky130_fd_sc_hd__fa_1)
                                                         g_row[1].g_col[0].pe/_0003_ (net)
                      0.108214    0.000265    1.947442 v g_row[1].g_col[0].pe/place840/A (sky130_fd_sc_hd__buf_6)
     8    0.028964    0.039773    0.161331    2.108772 v g_row[1].g_col[0].pe/place840/X (sky130_fd_sc_hd__buf_6)
                                                         g_row[1].g_col[0].pe/net840 (net)
                      0.039796    0.000886    2.109658 v g_row[1].g_col[0].pe/_1761_/B2 (sky130_fd_sc_hd__a22o_2)
     1    0.009152    0.055546    0.241419    2.351078 v g_row[1].g_col[0].pe/_1761_/X (sky130_fd_sc_hd__a22o_2)
                                                         g_row[1].g_col[0].pe/_0984_ (net)
                      0.055547    0.000301    2.351378 v g_row[1].g_col[0].pe/_1762_/B (sky130_fd_sc_hd__xnor2_2)
     2    0.015795    0.241529    0.221305    2.572684 ^ g_row[1].g_col[0].pe/_1762_/Y (sky130_fd_sc_hd__xnor2_2)
                                                         g_row[1].g_col[0].pe/_0985_ (net)
                      0.241604    0.000413    2.573097 ^ g_row[1].g_col[0].pe/_1766_/A (sky130_fd_sc_hd__xor2_2)
     2    0.015010    0.218432    0.242982    2.816079 ^ g_row[1].g_col[0].pe/_1766_/X (sky130_fd_sc_hd__xor2_2)
                                                         g_row[1].g_col[0].pe/_0989_ (net)
                      0.218432    0.000343    2.816422 ^ g_row[1].g_col[0].pe/_1769_/A (sky130_fd_sc_hd__nand2_2)
     2    0.007535    0.068828    0.085945    2.902368 v g_row[1].g_col[0].pe/_1769_/Y (sky130_fd_sc_hd__nand2_2)
                                                         g_row[1].g_col[0].pe/_0992_ (net)
                      0.068828    0.000136    2.902504 v g_row[1].g_col[0].pe/_1793_/C (sky130_fd_sc_hd__and3_2)
     1    0.002707    0.036924    0.211184    3.113688 v g_row[1].g_col[0].pe/_1793_/X (sky130_fd_sc_hd__and3_2)
                                                         g_row[1].g_col[0].pe/_1016_ (net)
                      0.036924    0.000079    3.113767 v g_row[1].g_col[0].pe/_1794_/B (sky130_fd_sc_hd__or2_4)
     2    0.004978    0.047481    0.221892    3.335659 v g_row[1].g_col[0].pe/_1794_/X (sky130_fd_sc_hd__or2_4)
                                                         g_row[1].g_col[0].pe/_1017_ (net)
                      0.047481    0.000133    3.335792 v g_row[1].g_col[0].pe/_1795_/C (sky130_fd_sc_hd__and3_2)
     2    0.006231    0.046004    0.216050    3.551841 v g_row[1].g_col[0].pe/_1795_/X (sky130_fd_sc_hd__and3_2)
                                                         g_row[1].g_col[0].pe/_1018_ (net)
                      0.046004    0.000083    3.551925 v g_row[1].g_col[0].pe/_1810_/A2 (sky130_fd_sc_hd__o41a_2)
     1    0.002920    0.061828    0.455749    4.007673 v g_row[1].g_col[0].pe/_1810_/X (sky130_fd_sc_hd__o41a_2)
                                                         g_row[1].g_col[0].pe/_1033_ (net)
                      0.061828    0.000083    4.007757 v g_row[1].g_col[0].pe/_1812_/A3 (sky130_fd_sc_hd__o31a_2)
     1    0.004656    0.056198    0.291121    4.298878 v g_row[1].g_col[0].pe/_1812_/X (sky130_fd_sc_hd__o31a_2)
                                                         g_row[1].g_col[0].pe/_1035_ (net)
                      0.056198    0.000098    4.298976 v g_row[1].g_col[0].pe/_1814_/A2 (sky130_fd_sc_hd__o21ai_2)
     1    0.015286    0.205698    0.197315    4.496292 ^ g_row[1].g_col[0].pe/_1814_/Y (sky130_fd_sc_hd__o21ai_2)
                                                         g_row[1].g_col[0].pe/_1037_ (net)
                      0.205706    0.000966    4.497257 ^ g_row[1].g_col[0].pe/_1821_/B (sky130_fd_sc_hd__and4_2)
     1    0.005764    0.064754    0.260495    4.757752 ^ g_row[1].g_col[0].pe/_1821_/X (sky130_fd_sc_hd__and4_2)
                                                         g_row[1].g_col[0].pe/_1044_ (net)
                      0.064754    0.000179    4.757932 ^ g_row[1].g_col[0].pe/_1829_/A1 (sky130_fd_sc_hd__o311ai_2)
     2    0.025146    0.202705    0.208357    4.966289 v g_row[1].g_col[0].pe/_1829_/Y (sky130_fd_sc_hd__o311ai_2)
                                                         g_row[1].g_col[0].pe/_1052_ (net)
                      0.202750    0.002366    4.968655 v g_row[1].g_col[0].pe/_1842_/A2 (sky130_fd_sc_hd__a211o_2)
     2    0.012153    0.073125    0.417049    5.385704 v g_row[1].g_col[0].pe/_1842_/X (sky130_fd_sc_hd__a211o_2)
                                                         g_row[1].g_col[0].pe/_1064_ (net)
                      0.073199    0.000540    5.386244 v g_row[1].g_col[0].pe/_1895_/A2 (sky130_fd_sc_hd__a21bo_2)
     4    0.018051    0.069298    0.262316    5.648560 v g_row[1].g_col[0].pe/_1895_/X (sky130_fd_sc_hd__a21bo_2)
                                                         g_row[1].g_col[0].pe/_1116_ (net)
                      0.069304    0.000685    5.649245 v g_row[1].g_col[0].pe/_2301_/A2 (sky130_fd_sc_hd__a211o_4)
     2    0.011335    0.059635    0.352416    6.001661 v g_row[1].g_col[0].pe/_2301_/X (sky130_fd_sc_hd__a211o_4)
                                                         g_row[1].g_col[0].pe/_0263_ (net)
                      0.059635    0.000527    6.002188 v g_row[1].g_col[0].pe/_2332_/A2 (sky130_fd_sc_hd__a311o_4)
     3    0.019229    0.078343    0.405891    6.408079 v g_row[1].g_col[0].pe/_2332_/X (sky130_fd_sc_hd__a311o_4)
                                                         g_row[1].g_col[0].pe/_0293_ (net)
                      0.078343    0.000800    6.408878 v g_row[1].g_col[0].pe/_2378_/A1 (sky130_fd_sc_hd__a21o_2)
     3    0.012099    0.056211    0.225473    6.634351 v g_row[1].g_col[0].pe/_2378_/X (sky130_fd_sc_hd__a21o_2)
                                                         g_row[1].g_col[0].pe/_0337_ (net)
                      0.056212    0.000350    6.634701 v g_row[1].g_col[0].pe/_2380_/A2 (sky130_fd_sc_hd__a32o_2)
     1    0.003082    0.039859    0.262134    6.896836 v g_row[1].g_col[0].pe/_2380_/X (sky130_fd_sc_hd__a32o_2)
                                                         g_row[1].g_col[0].pe/_0339_ (net)
                      0.039859    0.000090    6.896925 v g_row[1].g_col[0].pe/hold3017/A (sky130_fd_sc_hd__clkbuf_2)
     1    0.004209    0.028079    0.100272    6.997197 v g_row[1].g_col[0].pe/hold3017/X (sky130_fd_sc_hd__clkbuf_2)
                                                         g_row[1].g_col[0].pe/net3016 (net)
                      0.028079    0.000132    6.997330 v g_row[1].g_col[0].pe/_2381_/B (sky130_fd_sc_hd__and2_4)
     1    0.002654    0.027578    0.139366    7.136696 v g_row[1].g_col[0].pe/_2381_/X (sky130_fd_sc_hd__and2_4)
                                                         g_row[1].g_col[0].pe/_0340_ (net)
                      0.027578    0.000077    7.136773 v g_row[1].g_col[0].pe/hold1659/A (sky130_fd_sc_hd__clkbuf_2)
     1    0.002111    0.020973    0.086512    7.223285 v g_row[1].g_col[0].pe/hold1659/X (sky130_fd_sc_hd__clkbuf_2)
                                                         g_row[1].g_col[0].pe/net1658 (net)
                      0.020973    0.000043    7.223328 v g_row[1].g_col[0].pe/_2752_/D (sky130_fd_sc_hd__dfxtp_2)
                                              7.223328   data arrival time

                                 20.000000   20.000000   clock clk (rise edge)
                                  0.000000   20.000000   clock source latency
     1    0.070788    0.322351    0.228971   20.228971 ^ clk (in)
                                                         clk (net)
                      0.323099    0.000000   20.228971 ^ clkbuf_0_clk/A (sky130_fd_sc_hd__clkbuf_16)
    16    0.261259    0.270714    0.373381   20.602352 ^ clkbuf_0_clk/X (sky130_fd_sc_hd__clkbuf_16)
                                                         clknet_0_clk (net)
                      0.271471    0.011772   20.614124 ^ clkbuf_4_15_0_clk/A (sky130_fd_sc_hd__clkbuf_16)
     7    0.091301    0.109110    0.252985   20.867109 ^ clkbuf_4_15_0_clk/X (sky130_fd_sc_hd__clkbuf_16)
                                                         clknet_4_15_0_clk (net)
                      0.109158    0.002178   20.869287 ^ clkbuf_leaf_54_clk/A (sky130_fd_sc_hd__clkbuf_16)
     4    0.018430    0.040567    0.147370   21.016657 ^ clkbuf_leaf_54_clk/X (sky130_fd_sc_hd__clkbuf_16)
                                                         clknet_leaf_54_clk (net)
                      0.040579    0.000677   21.017334 ^ g_row[1].g_col[0].pe/_2752_/CLK (sky130_fd_sc_hd__dfxtp_2)
                                 -0.200000   20.817335   clock uncertainty
                                  0.000000   20.817335   clock reconvergence pessimism
                                 -0.103428   20.713905   library setup time
                                             20.713905   data required time
---------------------------------------------------------------------------------------------
                                             20.713905   data required time
                                             -7.223328   data arrival time
---------------------------------------------------------------------------------------------
                                             13.490578   slack (MET)




===========================================================================
report_checks --slack_max -0.01
============================================================================
======================= nom_tt_025C_1v80 Corner ===================================

No paths found.


===========================================================================
 report_check_types -max_slew -max_cap -max_fanout -violators
============================================================================
======================= nom_tt_025C_1v80 Corner ===================================

max fanout

Pin                                   Limit Fanout  Slack
---------------------------------------------------------
clkbuf_0_clk/X                            8     16     -8 (VIOLATED)
g_row[0].g_col[1].pe/place1117/X          8      9        (VIOLATED)

max capacitance

Pin                                        Limit         Cap       Slack
------------------------------------------------------------------------
clkbuf_0_clk/X                          0.250000    0.261259   -0.011259 (VIOLATED)



===========================================================================
report_parasitic_annotation -report_unannotated
============================================================================
Found 32 unannotated drivers.
 clkload0/X
 clkload1/X
 clkload10/X
 clkload11/X
 clkload12/X
 clkload13/X
 clkload14/X
 clkload15/X
 clkload16/X
 clkload17/X
 clkload2/X
 clkload3/X
 clkload4/X
 clkload5/X
 clkload6/X
 clkload7/Y
 clkload8/X
 clkload9/X
 g_row\[0\].g_col\[0\].pe\/_2688__1422/HI
 g_row\[0\].g_col\[0\].pe\/_2689_/SUM
 g_row\[0\].g_col\[0\].pe\/_2689__1421/HI
 g_row\[0\].g_col\[1\].pe\/_2688__1424/HI
 g_row\[0\].g_col\[1\].pe\/_2689_/SUM
 g_row\[0\].g_col\[1\].pe\/_2689__1423/HI
 g_row\[0\].g_col\[1\].pe\/_2774_/X
 g_row\[1\].g_col\[0\].pe\/_2688__1426/HI
 g_row\[1\].g_col\[0\].pe\/_2689_/SUM
 g_row\[1\].g_col\[0\].pe\/_2689__1425/HI
 g_row\[1\].g_col\[1\].pe\/_2688__1428/HI
 g_row\[1\].g_col\[1\].pe\/_2689_/SUM
 g_row\[1\].g_col\[1\].pe\/_2689__1427/HI
 g_row\[1\].g_col\[1\].pe\/_2774_/X
Found 0 partially unannotated drivers.

===========================================================================
max slew violation count 0
max fanout violation count 2
max cap violation count 1
============================================================================

===========================================================================
check_setup -verbose -unconstrained_endpoints -multiple_clock -no_clock -no_input_delay -loops -generated_clocks
===========================================================================
