Clock: clk
Sources: clk 
Generated: no
Virtual: yes
Propagated: no
Period: 20.000000

===========================================================================
report_clock_properties
============================================================================
Clock                   Period          Waveform
----------------------------------------------------
clk                  20.000000    0.000000 10.000000

===========================================================================
report_clock_latency
============================================================================
Clock clk
rise -> rise
    min     max
0.000000 0.000000 source latency
0.861815         network latency g_row[1].g_col[0].pe/_2743_/CLK
        1.042777 network latency g_row[0].g_col[0].pe/_2725_/CLK
---------------
0.861815 1.042777 latency
        0.180962 skew

fall -> fall
    min     max
0.000000 0.000000 source latency
0.663559         network latency g_row[1].g_col[0].pe/_2743_/CLK
        0.848567 network latency g_row[0].g_col[0].pe/_2725_/CLK
---------------
0.663559 0.848567 latency
        0.185008 skew



===========================================================================
report_clock_min_period
============================================================================
clk period_min = 6.51 fmax = 153.62
