
===========================================================================
 report_power
============================================================================
======================= nom_tt_025C_1v80 Corner ===================================

Group                    Internal    Switching      Leakage        Total
                            Power        Power        Power        Power (Watts)
------------------------------------------------------------------------
Sequential           8.498477e-04 6.762802e-05 3.403233e-09 9.174790e-04  15.9%
Combinational        1.622022e-03 1.681286e-03 3.680956e-08 3.303345e-03  57.1%
Clock                1.102346e-03 4.633192e-04 9.382339e-09 1.565674e-03  27.1%
Macro                0.000000e+00 0.000000e+00 0.000000e+00 0.000000e+00   0.0%
Pad                  0.000000e+00 0.000000e+00 0.000000e+00 0.000000e+00   0.0%
------------------------------------------------------------------------
Total                3.574214e-03 2.212228e-03 4.959525e-08 5.786493e-03 100.0%
                            61.8%        38.2%         0.0%

