Clock: clk
Sources: gpio_in[38] 
Generated: no
Virtual: yes
Propagated: no
Period: 20.000000

===========================================================================
report_clock_properties
============================================================================
Clock                   Period          Waveform
----------------------------------------------------
clk                  20.000000    0.000000 10.000000

===========================================================================
report_clock_latency
============================================================================
Clock clk
rise -> rise
    min     max
0.000000 0.000000 source latency
8.453415         network latency _4231_/CLK
        12.316710 network latency _4237_/CLK
---------------
8.453415 12.316710 latency
        3.863295 skew

fall -> fall
    min     max
0.000000 0.000000 source latency
3.602648         network latency chip.gpu_inst.tiles[0].tile/clk
        12.658255 network latency _4237_/CLK
---------------
3.602648 12.658255 latency
        9.055606 skew



===========================================================================
report_clock_min_period
============================================================================
clk period_min = 16.26 fmax = 61.52
