
===========================================================================
report_checks -unconstrained
===========================================================================
======================= max_tt_025C_1v80 Corner ===================================

Startpoint: _2660_ (rising edge-triggered flip-flop clocked by clk)
Endpoint: _2684_ (rising edge-triggered flip-flop clocked by clk)
Path Group: clk
Path Type: max

Fanout         Cap        Slew       Delay        Time   Description
---------------------------------------------------------------------------------------------
                                  0.000000    0.000000   clock clk (rise edge)
                                  0.000000    0.000000   clock source latency
     1    0.030447    0.142407    0.099408    0.099408 ^ clk (in)
                                                         clk (net)
                      0.142457    0.000000    0.099408 ^ clkbuf_0_clk/A (sky130_fd_sc_hd__clkbuf_16)
    16    0.114557    0.129029    0.225226    0.324634 ^ clkbuf_0_clk/X (sky130_fd_sc_hd__clkbuf_16)
                                                         clknet_0_clk (net)
                      0.130958    0.012459    0.337094 ^ clkbuf_4_1_0_clk/A (sky130_fd_sc_hd__clkbuf_8)
     6    0.018281    0.048935    0.160508    0.497601 ^ clkbuf_4_1_0_clk/X (sky130_fd_sc_hd__clkbuf_8)
                                                         clknet_4_1_0_clk (net)
                      0.048954    0.000910    0.498511 ^ _2660_/CLK (sky130_fd_sc_hd__dfxtp_2)
     6    0.030894    0.160926    0.404933    0.903444 ^ _2660_/Q (sky130_fd_sc_hd__dfxtp_2)
                                                         r2_mantissa[5] (net)
                      0.160946    0.001832    0.905277 ^ place251/A (sky130_fd_sc_hd__buf_1)
     8    0.047526    0.553582    0.458096    1.363373 ^ place251/X (sky130_fd_sc_hd__buf_1)
                                                         net251 (net)
                      0.553670    0.005854    1.369227 ^ place250/A (sky130_fd_sc_hd__buf_1)
     6    0.045643    0.528891    0.479537    1.848764 ^ place250/X (sky130_fd_sc_hd__buf_1)
                                                         net250 (net)
                      0.528903    0.002098    1.850862 ^ _1388_/B1 (sky130_fd_sc_hd__a21o_2)
     3    0.008980    0.062793    0.182607    2.033469 ^ _1388_/X (sky130_fd_sc_hd__a21o_2)
                                                         _0612_ (net)
                      0.062795    0.000487    2.033956 ^ _1390_/A (sky130_fd_sc_hd__and2_4)
     5    0.016349    0.065066    0.161198    2.195154 ^ _1390_/X (sky130_fd_sc_hd__and2_4)
                                                         _0614_ (net)
                      0.065080    0.000897    2.196051 ^ place208/A (sky130_fd_sc_hd__buf_1)
     8    0.032314    0.379924    0.319270    2.515321 ^ place208/X (sky130_fd_sc_hd__buf_1)
                                                         net208 (net)
                      0.379958    0.003006    2.518327 ^ _1677_/B1 (sky130_fd_sc_hd__a22o_2)
     1    0.009201    0.069046    0.230261    2.748589 ^ _1677_/X (sky130_fd_sc_hd__a22o_2)
                                                         _0901_ (net)
                      0.069048    0.000512    2.749101 ^ _1678_/B (sky130_fd_sc_hd__xor2_2)
     3    0.012535    0.192634    0.200440    2.949541 ^ _1678_/X (sky130_fd_sc_hd__xor2_2)
                                                         _0902_ (net)
                      0.192634    0.000410    2.949951 ^ _1680_/A2 (sky130_fd_sc_hd__a21oi_2)
     2    0.017189    0.093032    0.124156    3.074107 v _1680_/Y (sky130_fd_sc_hd__a21oi_2)
                                                         _0904_ (net)
                      0.093056    0.001202    3.075309 v _1682_/A (sky130_fd_sc_hd__xor2_2)
     2    0.011278    0.092241    0.205009    3.280318 v _1682_/X (sky130_fd_sc_hd__xor2_2)
                                                         _0906_ (net)
                      0.092241    0.000337    3.280655 v _1684_/A3 (sky130_fd_sc_hd__a31o_2)
     2    0.015182    0.065373    0.296598    3.577254 v _1684_/X (sky130_fd_sc_hd__a31o_2)
                                                         _0908_ (net)
                      0.065411    0.001425    3.578678 v _1686_/A (sky130_fd_sc_hd__xor2_2)
     2    0.013548    0.096329    0.199716    3.778395 v _1686_/X (sky130_fd_sc_hd__xor2_2)
                                                         _0910_ (net)
                      0.096336    0.000854    3.779248 v _1733_/B (sky130_fd_sc_hd__xnor2_2)
     1    0.006779    0.058255    0.155192    3.934440 v _1733_/Y (sky130_fd_sc_hd__xnor2_2)
                                                         _0957_ (net)
                      0.058256    0.000392    3.934833 v _1734_/B1 (sky130_fd_sc_hd__a31o_2)
     1    0.017035    0.069427    0.256342    4.191175 v _1734_/X (sky130_fd_sc_hd__a31o_2)
                                                         _0958_ (net)
                      0.069471    0.001600    4.192775 v _1737_/B (sky130_fd_sc_hd__or4_4)
     1    0.004189    0.082511    0.511292    4.704067 v _1737_/X (sky130_fd_sc_hd__or4_4)
                                                         _0961_ (net)
                      0.082511    0.000286    4.704352 v _1738_/C1 (sky130_fd_sc_hd__o211a_2)
     1    0.009410    0.057234    0.147284    4.851637 v _1738_/X (sky130_fd_sc_hd__o211a_2)
                                                         _0962_ (net)
                      0.057243    0.000727    4.852364 v _1744_/A1 (sky130_fd_sc_hd__o21ai_4)
     3    0.012957    0.146802    0.177283    5.029646 ^ _1744_/Y (sky130_fd_sc_hd__o21ai_4)
                                                         _0968_ (net)
                      0.146804    0.000819    5.030466 ^ _1799_/A3 (sky130_fd_sc_hd__a32o_2)
     2    0.015796    0.110223    0.243273    5.273739 ^ _1799_/X (sky130_fd_sc_hd__a32o_2)
                                                         _1022_ (net)
                      0.110236    0.001260    5.274999 ^ _1899_/A1 (sky130_fd_sc_hd__a21oi_2)
     4    0.021426    0.092646    0.111067    5.386066 v _1899_/Y (sky130_fd_sc_hd__a21oi_2)
                                                         _1121_ (net)
                      0.092720    0.002076    5.388143 v _2224_/A1 (sky130_fd_sc_hd__o31a_2)
     2    0.015176    0.080498    0.398969    5.787111 v _2224_/X (sky130_fd_sc_hd__o31a_2)
                                                         _0221_ (net)
                      0.080570    0.001501    5.788613 v _2256_/A2 (sky130_fd_sc_hd__a41o_2)
     4    0.014933    0.067375    0.289595    6.078208 v _2256_/X (sky130_fd_sc_hd__a41o_2)
                                                         _0252_ (net)
                      0.067444    0.001290    6.079497 v _2285_/A1 (sky130_fd_sc_hd__a21o_2)
     2    0.006028    0.041661    0.201637    6.281135 v _2285_/X (sky130_fd_sc_hd__a21o_2)
                                                         _0280_ (net)
                      0.041661    0.000406    6.281541 v _2305_/A2 (sky130_fd_sc_hd__a311o_2)
     1    0.006341    0.063074    0.367810    6.649352 v _2305_/X (sky130_fd_sc_hd__a311o_2)
                                                         _0299_ (net)
                      0.063074    0.000477    6.649828 v _2306_/B1 (sky130_fd_sc_hd__a21oi_2)
     1    0.006604    0.118109    0.128376    6.778203 ^ _2306_/Y (sky130_fd_sc_hd__a21oi_2)
                                                         _0300_ (net)
                      0.118110    0.000498    6.778702 ^ _2307_/A2 (sky130_fd_sc_hd__o21a_4)
     1    0.002319    0.032769    0.121598    6.900300 ^ _2307_/X (sky130_fd_sc_hd__o21a_4)
                                                         _0029_ (net)
                      0.032769    0.000165    6.900465 ^ _2684_/D (sky130_fd_sc_hd__dfxtp_2)
                                              6.900465   data arrival time

                                 20.000000   20.000000   clock clk (rise edge)
                                  0.000000   20.000000   clock source latency
     1    0.030447    0.142407    0.099408   20.099409 ^ clk (in)
                                                         clk (net)
                      0.142457    0.000000   20.099409 ^ clkbuf_0_clk/A (sky130_fd_sc_hd__clkbuf_16)
    16    0.114557    0.129029    0.225226   20.324635 ^ clkbuf_0_clk/X (sky130_fd_sc_hd__clkbuf_16)
                                                         clknet_0_clk (net)
                      0.129741    0.007685   20.332319 ^ clkbuf_4_9_0_clk/A (sky130_fd_sc_hd__clkbuf_8)
     6    0.026729    0.061500    0.170589   20.502909 ^ clkbuf_4_9_0_clk/X (sky130_fd_sc_hd__clkbuf_8)
                                                         clknet_4_9_0_clk (net)
                      0.061672    0.002766   20.505674 ^ _2684_/CLK (sky130_fd_sc_hd__dfxtp_2)
                                 -0.200000   20.305674   clock uncertainty
                                  0.000000   20.305674   clock reconvergence pessimism
                                 -0.053526   20.252148   library setup time
                                             20.252148   data required time
---------------------------------------------------------------------------------------------
                                             20.252148   data required time
                                             -6.900465   data arrival time
---------------------------------------------------------------------------------------------
                                             13.351683   slack (MET)




===========================================================================
report_checks --slack_max -0.01
============================================================================
======================= max_tt_025C_1v80 Corner ===================================

No paths found.


===========================================================================
 report_check_types -max_slew -max_cap -max_fanout -violators
============================================================================
======================= max_tt_025C_1v80 Corner ===================================

max fanout

Pin                                   Limit Fanout  Slack
---------------------------------------------------------
clkbuf_0_clk/X                            8     16     -8 (VIOLATED)



===========================================================================
report_parasitic_annotation -report_unannotated
============================================================================
Found 17 unannotated drivers.
 _2620__402/HI
 _2621_/SUM
 _2621__401/HI
 clkload0/X
 clkload1/X
 clkload10/X
 clkload11/X
 clkload12/X
 clkload13/X
 clkload2/X
 clkload3/X
 clkload4/X
 clkload5/X
 clkload6/X
 clkload7/X
 clkload8/X
 clkload9/X
Found 0 partially unannotated drivers.

===========================================================================
max slew violation count 0
max fanout violation count 1
max cap violation count 0
============================================================================

===========================================================================
check_setup -verbose -unconstrained_endpoints -multiple_clock -no_clock -no_input_delay -loops -generated_clocks
===========================================================================
