Clock: clk
Sources: clk 
Generated: no
Virtual: yes
Propagated: no
Period: 20.000000

===========================================================================
report_clock_properties
============================================================================
Clock                   Period          Waveform
----------------------------------------------------
clk                  20.000000    0.000000 10.000000

===========================================================================
report_clock_latency
============================================================================
Clock clk
rise -> rise
    min     max
0.000000 0.000000 source latency
0.495252         network latency _2659_/CLK
        0.516870 network latency _2638_/CLK
---------------
0.495252 0.516870 latency
        0.021618 skew

fall -> fall
    min     max
0.000000 0.000000 source latency
0.418638         network latency _2659_/CLK
        0.437062 network latency _2651_/CLK
---------------
0.418638 0.437062 latency
        0.018423 skew



===========================================================================
report_clock_min_period
============================================================================
clk period_min = 6.65 fmax = 150.41
