
===========================================================================
 report_power
============================================================================
======================= max_tt_025C_1v80 Corner ===================================

Group                    Internal    Switching      Leakage        Total
                            Power        Power        Power        Power (Watts)
------------------------------------------------------------------------
Sequential           1.830004e-04 2.379909e-05 7.048629e-10 2.068002e-04   8.8%
Combinational        9.756399e-04 9.802573e-04 7.479790e-09 1.955905e-03  83.0%
Clock                1.092589e-04 8.451974e-05 5.865212e-09 1.937845e-04   8.2%
Macro                0.000000e+00 0.000000e+00 0.000000e+00 0.000000e+00   0.0%
Pad                  0.000000e+00 0.000000e+00 0.000000e+00 0.000000e+00   0.0%
------------------------------------------------------------------------
Total                1.267900e-03 1.088576e-03 1.405001e-08 2.356491e-03 100.0%
                            53.8%        46.2%         0.0%

