┏━━━━━━━━━━━━━━━━━━━━━━┳━━━━━━━━━━┳━━━━━━━━━━┳━━━━━━━━━━┳━━━━━━━━━━┳━━━━━━━━━━━┳━━━━━━━━━━┳━━━━━━━━━━━┳━━━━━━━━━━┳━━━━━━━━━━━┳━━━━━━━━━━┳━━━━━━━━━━━┳━━━━━━━━━━┓
┃                      ┃ Hold     ┃ Reg to   ┃          ┃          ┃ of which  ┃ Setup    ┃           ┃          ┃           ┃ of which ┃           ┃          ┃
┃                      ┃ Worst    ┃ Reg      ┃          ┃ Hold Vio ┃ reg to    ┃ Worst    ┃ Reg to    ┃ Setup    ┃ Setup Vio ┃ reg to   ┃ Max Cap   ┃ Max Slew ┃
┃ Corner/Group         ┃ Slack    ┃ Paths    ┃ Hold TNS ┃ Count    ┃ reg       ┃ Slack    ┃ Reg Paths ┃ TNS      ┃ Count     ┃ reg      ┃ Violatio… ┃ Violati… ┃
┡━━━━━━━━━━━━━━━━━━━━━━╇━━━━━━━━━━╇━━━━━━━━━━╇━━━━━━━━━━╇━━━━━━━━━━╇━━━━━━━━━━━╇━━━━━━━━━━╇━━━━━━━━━━━╇━━━━━━━━━━╇━━━━━━━━━━━╇━━━━━━━━━━╇━━━━━━━━━━━╇━━━━━━━━━━┩
│ Overall              │ 0.3108   │ 0.3108   │ 0.0000   │ 0        │ 0         │ 7.3270   │ 7.3270    │ 0.0000   │ 0         │ 0        │ 1         │ 0        │
│ nom_tt_025C_1v80     │ 0.5973   │ 0.5973   │ 0.0000   │ 0        │ 0         │ 13.4906  │ 13.4906   │ 0.0000   │ 0         │ 0        │ 1         │ 0        │
│ nom_ss_100C_1v60     │ 1.3445   │ 1.3445   │ 0.0000   │ 0        │ 0         │ 7.4058   │ 7.4058    │ 0.0000   │ 0         │ 0        │ 1         │ 0        │
│ nom_ff_n40C_1v95     │ 0.3137   │ 0.3137   │ 0.0000   │ 0        │ 0         │ 15.8677  │ 15.8677   │ 0.0000   │ 0         │ 0        │ 1         │ 0        │
│ min_tt_025C_1v80     │ 0.5946   │ 0.5946   │ 0.0000   │ 0        │ 0         │ 13.5467  │ 13.5467   │ 0.0000   │ 0         │ 0        │ 0         │ 0        │
│ min_ss_100C_1v60     │ 1.3401   │ 1.3401   │ 0.0000   │ 0        │ 0         │ 7.4998   │ 7.4998    │ 0.0000   │ 0         │ 0        │ 0         │ 0        │
│ min_ff_n40C_1v95     │ 0.3108   │ 0.3108   │ 0.0000   │ 0        │ 0         │ 15.9212  │ 15.9212   │ 0.0000   │ 0         │ 0        │ 0         │ 0        │
│ max_tt_025C_1v80     │ 0.6000   │ 0.6000   │ 0.0000   │ 0        │ 0         │ 13.4466  │ 13.4466   │ 0.0000   │ 0         │ 0        │ 1         │ 0        │
│ max_ss_100C_1v60     │ 1.3497   │ 1.3497   │ 0.0000   │ 0        │ 0         │ 7.3270   │ 7.3270    │ 0.0000   │ 0         │ 0        │ 1         │ 0        │
│ max_ff_n40C_1v95     │ 0.3168   │ 0.3168   │ 0.0000   │ 0        │ 0         │ 15.8174  │ 15.8174   │ 0.0000   │ 0         │ 0        │ 1         │ 0        │
└──────────────────────┴──────────┴──────────┴──────────┴──────────┴───────────┴──────────┴───────────┴──────────┴───────────┴──────────┴───────────┴──────────┘
