Clock: clk
Sources: clk 
Generated: no
Virtual: yes
Propagated: no
Period: 20.000000

===========================================================================
report_clock_properties
============================================================================
Clock                   Period          Waveform
----------------------------------------------------
clk                  20.000000    0.000000 10.000000

===========================================================================
report_clock_latency
============================================================================
Clock clk
rise -> rise
    min     max
0.000000 0.000000 source latency
0.560563         network latency g_row[1].g_col[0].pe/_2743_/CLK
        0.678411 network latency g_row[0].g_col[0].pe/_2725_/CLK
---------------
0.560563 0.678411 latency
        0.117848 skew

fall -> fall
    min     max
0.000000 0.000000 source latency
0.439623         network latency g_row[1].g_col[0].pe/_2743_/CLK
        0.562623 network latency g_row[0].g_col[0].pe/_2725_/CLK
---------------
0.439623 0.562623 latency
        0.123000 skew



===========================================================================
report_clock_min_period
============================================================================
clk period_min = 4.08 fmax = 245.17
