Netgen 1.5.320 compiled on Wed May 27 10:04:06 UTC 2026
Warning: netgen command 'format' use fully-qualified name '::netgen::format'
Warning: netgen command 'global' use fully-qualified name '::netgen::global'
Warning:  A case-insensitive file has been read and so the	verilog file must be treated case-insensitive to match.
Reading SPICE netlist file '/Users/aoxo/.ciel/ciel/sky130/versions/74c0e6b118a67d94c24172143d3bd597473fa63d/sky130A/libs.ref/sky130_fd_sc_hd/spice/sky130_ef_sc_hd__fill_4.spice'...
Reading SPICE netlist file '/Users/aoxo/.ciel/ciel/sky130/versions/74c0e6b118a67d94c24172143d3bd597473fa63d/sky130A/libs.ref/sky130_fd_sc_hd/spice/sky130_ef_sc_hd__decap_60_12.spice'...
Call to undefined subcircuit sky130_fd_pr__nfet_01v8
Creating placeholder cell definition.
Call to undefined subcircuit sky130_fd_pr__pfet_01v8_hvt
Creating placeholder cell definition.
Reading SPICE netlist file '/Users/aoxo/.ciel/ciel/sky130/versions/74c0e6b118a67d94c24172143d3bd597473fa63d/sky130A/libs.ref/sky130_fd_sc_hd/spice/sky130_ef_sc_hd__fill_2.spice'...
Reading SPICE netlist file '/Users/aoxo/.ciel/ciel/sky130/versions/74c0e6b118a67d94c24172143d3bd597473fa63d/sky130A/libs.ref/sky130_fd_sc_hd/spice/sky130_fd_sc_hd.spice'...
Call to undefined subcircuit sky130_fd_pr__res_generic_po
Creating placeholder cell definition.
Call to undefined subcircuit sky130_fd_pr__special_nfet_01v8
Creating placeholder cell definition.
Call to undefined subcircuit sky130_fd_pr__diode_pw2nd_05v5
Creating placeholder cell definition.
Call to undefined subcircuit sky130_fd_pr__special_pfet_01v8_hvt
Creating placeholder cell definition.
Call to undefined subcircuit sky130_fd_sc_hd__nand2_2
Creating placeholder cell definition.
Call to undefined subcircuit sky130_fd_sc_hd__nor2_2
Creating placeholder cell definition.
Reading SPICE netlist file '/Users/aoxo/.ciel/ciel/sky130/versions/74c0e6b118a67d94c24172143d3bd597473fa63d/sky130A/libs.ref/sky130_fd_sc_hd/spice/sky130_ef_sc_hd__decap_40_12.spice'...
Reading SPICE netlist file '/Users/aoxo/.ciel/ciel/sky130/versions/74c0e6b118a67d94c24172143d3bd597473fa63d/sky130A/libs.ref/sky130_fd_sc_hd/spice/sky130_ef_sc_hd__decap_20_12.spice'...
Reading SPICE netlist file '/Users/aoxo/.ciel/ciel/sky130/versions/74c0e6b118a67d94c24172143d3bd597473fa63d/sky130A/libs.ref/sky130_fd_sc_hd/spice/sky130_ef_sc_hd__decap_80_12.spice'...
Reading SPICE netlist file '/Users/aoxo/.ciel/ciel/sky130/versions/74c0e6b118a67d94c24172143d3bd597473fa63d/sky130A/libs.ref/sky130_fd_sc_hd/spice/sky130_ef_sc_hd__fill_8.spice'...
Reading SPICE netlist file '/Users/aoxo/.ciel/ciel/sky130/versions/74c0e6b118a67d94c24172143d3bd597473fa63d/sky130A/libs.ref/sky130_fd_sc_hd/spice/sky130_ef_sc_hd__fill_12.spice'...
Reading SPICE netlist file '/Users/aoxo/.ciel/ciel/sky130/versions/74c0e6b118a67d94c24172143d3bd597473fa63d/sky130A/libs.ref/sky130_fd_sc_hd/spice/sky130_ef_sc_hd__decap_12.spice'...
Reading Verilog netlist file '/Users/aoxo/vscode/superfloat.gpu/librelane/core/runs/RUN_2026-07-02_10-20-07/54-openroad-fillinsertion/core.pnl.v'...
Warning:  A case-insensitive file has been read and so the	verilog file must be treated case-insensitive to match.
Note:  Implicit pin HI in instance _44218__1484 of sky130_fd_sc_hd__conb_1 in cell core
Note:  Implicit pin HI in instance _44219__1485 of sky130_fd_sc_hd__conb_1 in cell core
Note:  Implicit pin HI in instance _44220__1486 of sky130_fd_sc_hd__conb_1 in cell core
Note:  Implicit pin HI in instance _44221__1487 of sky130_fd_sc_hd__conb_1 in cell core
Note:  Implicit pin HI in instance _44222__1488 of sky130_fd_sc_hd__conb_1 in cell core
Note:  Implicit pin HI in instance _44223__1489 of sky130_fd_sc_hd__conb_1 in cell core
Note:  Implicit pin HI in instance _44224__1490 of sky130_fd_sc_hd__conb_1 in cell core
Note:  Implicit pin HI in instance _44225__1491 of sky130_fd_sc_hd__conb_1 in cell core
Note:  Implicit pin HI in instance _44226__1468 of sky130_fd_sc_hd__conb_1 in cell core
Note:  Implicit pin HI in instance _44227__1469 of sky130_fd_sc_hd__conb_1 in cell core
Note:  Implicit pin HI in instance _44228__1470 of sky130_fd_sc_hd__conb_1 in cell core
Note:  Implicit pin HI in instance _44229__1471 of sky130_fd_sc_hd__conb_1 in cell core
Note:  Implicit pin HI in instance _44230__1472 of sky130_fd_sc_hd__conb_1 in cell core
Note:  Implicit pin HI in instance _44231__1473 of sky130_fd_sc_hd__conb_1 in cell core
Note:  Implicit pin HI in instance _44232__1474 of sky130_fd_sc_hd__conb_1 in cell core
Note:  Implicit pin HI in instance _44233__1475 of sky130_fd_sc_hd__conb_1 in cell core
Note:  Implicit pin HI in instance _44234__1476 of sky130_fd_sc_hd__conb_1 in cell core
Note:  Implicit pin HI in instance _44235__1477 of sky130_fd_sc_hd__conb_1 in cell core
Note:  Implicit pin HI in instance _44236__1478 of sky130_fd_sc_hd__conb_1 in cell core
Note:  Implicit pin HI in instance _44237__1479 of sky130_fd_sc_hd__conb_1 in cell core
Note:  Implicit pin HI in instance _44238__1480 of sky130_fd_sc_hd__conb_1 in cell core
Note:  Implicit pin HI in instance _44239__1481 of sky130_fd_sc_hd__conb_1 in cell core
Note:  Implicit pin HI in instance _44240__1482 of sky130_fd_sc_hd__conb_1 in cell core
Note:  Implicit pin HI in instance _44241__1483 of sky130_fd_sc_hd__conb_1 in cell core
Note:  Implicit pin Y in instance clkload0 of sky130_fd_sc_hd__inv_12 in cell core
Note:  Implicit pin Y in instance clkload1 of sky130_fd_sc_hd__inv_12 in cell core
Note:  Implicit pin Y in instance clkload10 of sky130_fd_sc_hd__clkinvlp_4 in cell core
Note:  Implicit pin X in instance clkload100 of sky130_fd_sc_hd__clkbuf_8 in cell core
Note:  Implicit pin Y in instance clkload11 of sky130_fd_sc_hd__inv_12 in cell core
Note:  Implicit pin Y in instance clkload12 of sky130_fd_sc_hd__inv_12 in cell core
Note:  Implicit pin Y in instance clkload13 of sky130_fd_sc_hd__inv_8 in cell core
Note:  Implicit pin Y in instance clkload14 of sky130_fd_sc_hd__inv_12 in cell core
Note:  Implicit pin Y in instance clkload15 of sky130_fd_sc_hd__clkinv_8 in cell core
Note:  Implicit pin Y in instance clkload16 of sky130_fd_sc_hd__clkinv_16 in cell core
Note:  Implicit pin Y in instance clkload17 of sky130_fd_sc_hd__clkinv_8 in cell core
Note:  Implicit pin Y in instance clkload18 of sky130_fd_sc_hd__clkinv_8 in cell core
Note:  Implicit pin Y in instance clkload19 of sky130_fd_sc_hd__clkinv_16 in cell core
Note:  Implicit pin Y in instance clkload2 of sky130_fd_sc_hd__clkinv_16 in cell core
Note:  Implicit pin Y in instance clkload20 of sky130_fd_sc_hd__clkinv_16 in cell core
Note:  Implicit pin Y in instance clkload21 of sky130_fd_sc_hd__clkinv_16 in cell core
Note:  Implicit pin Y in instance clkload22 of sky130_fd_sc_hd__clkinv_16 in cell core
Note:  Implicit pin Y in instance clkload23 of sky130_fd_sc_hd__inv_6 in cell core
Note:  Implicit pin Y in instance clkload24 of sky130_fd_sc_hd__inv_16 in cell core
Note:  Implicit pin Y in instance clkload25 of sky130_fd_sc_hd__clkinv_8 in cell core
Note:  Implicit pin Y in instance clkload26 of sky130_fd_sc_hd__clkinv_8 in cell core
Note:  Implicit pin Y in instance clkload27 of sky130_fd_sc_hd__clkinv_16 in cell core
Note:  Implicit pin Y in instance clkload28 of sky130_fd_sc_hd__clkinv_8 in cell core
Note:  Implicit pin Y in instance clkload29 of sky130_fd_sc_hd__clkinv_16 in cell core
Note:  Implicit pin Y in instance clkload3 of sky130_fd_sc_hd__inv_16 in cell core
Note:  Implicit pin Y in instance clkload30 of sky130_fd_sc_hd__inv_16 in cell core
Note:  Implicit pin Y in instance clkload31 of sky130_fd_sc_hd__clkinv_16 in cell core
Note:  Implicit pin Y in instance clkload32 of sky130_fd_sc_hd__clkinv_16 in cell core
Note:  Implicit pin Y in instance clkload33 of sky130_fd_sc_hd__clkinv_8 in cell core
Note:  Implicit pin X in instance clkload34 of sky130_fd_sc_hd__clkbuf_16 in cell core
Note:  Implicit pin Y in instance clkload35 of sky130_fd_sc_hd__inv_6 in cell core
Note:  Implicit pin Y in instance clkload36 of sky130_fd_sc_hd__inv_6 in cell core
Note:  Implicit pin Y in instance clkload37 of sky130_fd_sc_hd__clkinv_16 in cell core
Note:  Implicit pin Y in instance clkload38 of sky130_fd_sc_hd__clkinv_16 in cell core
Note:  Implicit pin X in instance clkload39 of sky130_fd_sc_hd__clkbuf_16 in cell core
Note:  Implicit pin Y in instance clkload4 of sky130_fd_sc_hd__clkinv_16 in cell core
Note:  Implicit pin Y in instance clkload40 of sky130_fd_sc_hd__clkinv_16 in cell core
Note:  Implicit pin Y in instance clkload41 of sky130_fd_sc_hd__clkinv_16 in cell core
Note:  Implicit pin Y in instance clkload42 of sky130_fd_sc_hd__inv_16 in cell core
Note:  Implicit pin X in instance clkload43 of sky130_fd_sc_hd__clkbuf_16 in cell core
Note:  Implicit pin Y in instance clkload44 of sky130_fd_sc_hd__inv_16 in cell core
Note:  Implicit pin Y in instance clkload45 of sky130_fd_sc_hd__inv_16 in cell core
Note:  Implicit pin Y in instance clkload46 of sky130_fd_sc_hd__inv_16 in cell core
Note:  Implicit pin Y in instance clkload47 of sky130_fd_sc_hd__clkinv_8 in cell core
Note:  Implicit pin Y in instance clkload48 of sky130_fd_sc_hd__clkinv_8 in cell core
Note:  Implicit pin X in instance clkload49 of sky130_fd_sc_hd__clkbuf_16 in cell core
Note:  Implicit pin Y in instance clkload5 of sky130_fd_sc_hd__clkinv_16 in cell core
Note:  Implicit pin Y in instance clkload50 of sky130_fd_sc_hd__clkinv_16 in cell core
Note:  Implicit pin Y in instance clkload51 of sky130_fd_sc_hd__clkinv_16 in cell core
Note:  Implicit pin Y in instance clkload52 of sky130_fd_sc_hd__clkinv_16 in cell core
Note:  Implicit pin Y in instance clkload53 of sky130_fd_sc_hd__clkinv_16 in cell core
Note:  Implicit pin Y in instance clkload54 of sky130_fd_sc_hd__clkinv_16 in cell core
Note:  Implicit pin Y in instance clkload55 of sky130_fd_sc_hd__clkinv_16 in cell core
Note:  Implicit pin Y in instance clkload56 of sky130_fd_sc_hd__clkinv_16 in cell core
Note:  Implicit pin Y in instance clkload57 of sky130_fd_sc_hd__inv_16 in cell core
Note:  Implicit pin Y in instance clkload58 of sky130_fd_sc_hd__clkinv_16 in cell core
Note:  Implicit pin Y in instance clkload59 of sky130_fd_sc_hd__clkinv_16 in cell core
Note:  Implicit pin Y in instance clkload6 of sky130_fd_sc_hd__clkinv_16 in cell core
Note:  Implicit pin X in instance clkload60 of sky130_fd_sc_hd__clkbuf_4 in cell core
Note:  Implicit pin X in instance clkload61 of sky130_fd_sc_hd__clkbuf_4 in cell core
Note:  Implicit pin X in instance clkload62 of sky130_fd_sc_hd__clkbuf_4 in cell core
Note:  Implicit pin X in instance clkload63 of sky130_fd_sc_hd__clkbuf_4 in cell core
Note:  Implicit pin X in instance clkload64 of sky130_fd_sc_hd__clkbuf_4 in cell core
Note:  Implicit pin X in instance clkload65 of sky130_fd_sc_hd__clkbuf_8 in cell core
Note:  Implicit pin X in instance clkload66 of sky130_fd_sc_hd__clkbuf_8 in cell core
Note:  Implicit pin X in instance clkload67 of sky130_fd_sc_hd__clkbuf_8 in cell core
Note:  Implicit pin X in instance clkload68 of sky130_fd_sc_hd__clkbuf_4 in cell core
Note:  Implicit pin X in instance clkload69 of sky130_fd_sc_hd__clkbuf_4 in cell core
Note:  Implicit pin Y in instance clkload7 of sky130_fd_sc_hd__clkinv_16 in cell core
Note:  Implicit pin X in instance clkload70 of sky130_fd_sc_hd__clkbuf_4 in cell core
Note:  Implicit pin X in instance clkload71 of sky130_fd_sc_hd__clkbuf_4 in cell core
Note:  Implicit pin X in instance clkload72 of sky130_fd_sc_hd__clkbuf_8 in cell core
Note:  Implicit pin X in instance clkload73 of sky130_fd_sc_hd__clkbuf_4 in cell core
Note:  Implicit pin X in instance clkload74 of sky130_fd_sc_hd__clkbuf_4 in cell core
Note:  Implicit pin X in instance clkload75 of sky130_fd_sc_hd__clkbuf_4 in cell core
Note:  Implicit pin X in instance clkload76 of sky130_fd_sc_hd__clkbuf_4 in cell core
Note:  Implicit pin X in instance clkload77 of sky130_fd_sc_hd__clkbuf_4 in cell core
Note:  Implicit pin X in instance clkload78 of sky130_fd_sc_hd__clkbuf_4 in cell core
Note:  Implicit pin X in instance clkload79 of sky130_fd_sc_hd__clkbuf_8 in cell core
Note:  Implicit pin Y in instance clkload8 of sky130_fd_sc_hd__inv_12 in cell core
Note:  Implicit pin X in instance clkload80 of sky130_fd_sc_hd__clkbuf_8 in cell core
Note:  Implicit pin X in instance clkload81 of sky130_fd_sc_hd__clkbuf_4 in cell core
Note:  Implicit pin X in instance clkload82 of sky130_fd_sc_hd__clkbuf_8 in cell core
Note:  Implicit pin X in instance clkload83 of sky130_fd_sc_hd__clkbuf_4 in cell core
Note:  Implicit pin X in instance clkload84 of sky130_fd_sc_hd__clkbuf_8 in cell core
Note:  Implicit pin X in instance clkload85 of sky130_fd_sc_hd__clkbuf_4 in cell core
Note:  Implicit pin X in instance clkload86 of sky130_fd_sc_hd__clkbuf_4 in cell core
Note:  Implicit pin X in instance clkload87 of sky130_fd_sc_hd__clkbuf_4 in cell core
Note:  Implicit pin X in instance clkload88 of sky130_fd_sc_hd__clkbuf_4 in cell core
Note:  Implicit pin X in instance clkload89 of sky130_fd_sc_hd__clkbuf_4 in cell core
Note:  Implicit pin X in instance clkload9 of sky130_fd_sc_hd__clkbuf_16 in cell core
Note:  Implicit pin X in instance clkload90 of sky130_fd_sc_hd__clkbuf_8 in cell core
Note:  Implicit pin X in instance clkload91 of sky130_fd_sc_hd__clkbuf_4 in cell core
Note:  Implicit pin X in instance clkload92 of sky130_fd_sc_hd__clkbuf_8 in cell core
Note:  Implicit pin X in instance clkload93 of sky130_fd_sc_hd__clkbuf_4 in cell core
Note:  Implicit pin X in instance clkload94 of sky130_fd_sc_hd__clkbuf_4 in cell core
Note:  Implicit pin X in instance clkload95 of sky130_fd_sc_hd__clkbuf_4 in cell core
Note:  Implicit pin X in instance clkload96 of sky130_fd_sc_hd__clkbuf_4 in cell core
Note:  Implicit pin X in instance clkload97 of sky130_fd_sc_hd__clkbuf_4 in cell core
Note:  Implicit pin X in instance clkload98 of sky130_fd_sc_hd__clkbuf_4 in cell core
Note:  Implicit pin X in instance clkload99 of sky130_fd_sc_hd__clkbuf_8 in cell core
Note:  Implicit pin HI in instance core of sky130_fd_sc_hd__conb_1 in cell core
Note:  Implicit pin HI in instance core_1492 of sky130_fd_sc_hd__conb_1 in cell core
Note:  Implicit pin HI in instance core_1493 of sky130_fd_sc_hd__conb_1 in cell core
Note:  Implicit pin HI in instance core_1494 of sky130_fd_sc_hd__conb_1 in cell core
Note:  Implicit pin HI in instance core_1495 of sky130_fd_sc_hd__conb_1 in cell core
Note:  Implicit pin HI in instance core_1496 of sky130_fd_sc_hd__conb_1 in cell core
Note:  Implicit pin HI in instance core_1497 of sky130_fd_sc_hd__conb_1 in cell core
Note:  Implicit pin HI in instance core_1498 of sky130_fd_sc_hd__conb_1 in cell core
Note:  Implicit pin HI in instance core_1499 of sky130_fd_sc_hd__conb_1 in cell core
Note:  Implicit pin HI in instance core_1500 of sky130_fd_sc_hd__conb_1 in cell core
Note:  Implicit pin HI in instance core_1501 of sky130_fd_sc_hd__conb_1 in cell core
Note:  Implicit pin HI in instance core_1502 of sky130_fd_sc_hd__conb_1 in cell core
Note:  Implicit pin HI in instance core_1503 of sky130_fd_sc_hd__conb_1 in cell core
Note:  Implicit pin HI in instance core_1504 of sky130_fd_sc_hd__conb_1 in cell core
Note:  Implicit pin HI in instance core_1505 of sky130_fd_sc_hd__conb_1 in cell core
Note:  Implicit pin HI in instance core_1506 of sky130_fd_sc_hd__conb_1 in cell core
Note:  Implicit pin HI in instance core_1507 of sky130_fd_sc_hd__conb_1 in cell core
Note:  Implicit pin HI in instance core_1508 of sky130_fd_sc_hd__conb_1 in cell core
Note:  Implicit pin HI in instance core_1509 of sky130_fd_sc_hd__conb_1 in cell core
Note:  Implicit pin HI in instance core_1510 of sky130_fd_sc_hd__conb_1 in cell core
Note:  Implicit pin HI in instance core_1511 of sky130_fd_sc_hd__conb_1 in cell core
Note:  Implicit pin HI in instance core_1512 of sky130_fd_sc_hd__conb_1 in cell core
Note:  Implicit pin HI in instance core_1513 of sky130_fd_sc_hd__conb_1 in cell core
Note:  Implicit pin HI in instance core_1514 of sky130_fd_sc_hd__conb_1 in cell core
Treating empty subcircuits as black-box cells
Generating JSON file result

Reading setup file /nix/store/98rqv1hffv9cpnxfdv45ccm5ljz7z0xk-python3-3.13.9-env/lib/python3.13/site-packages/librelane/scripts/netgen/setup.tcl

Model sky130_fd_pr__res_generic_po pin 1 == 2
No property value found for device sky130_fd_pr__res_generic_po
No property mult found for device sky130_fd_pr__res_generic_po
Model sky130_fd_pr__nfet_01v8 pin 1 == 3
No property mult found for device sky130_fd_pr__nfet_01v8
No property sa found for device sky130_fd_pr__nfet_01v8
No property sb found for device sky130_fd_pr__nfet_01v8
No property sd found for device sky130_fd_pr__nfet_01v8
No property nf found for device sky130_fd_pr__nfet_01v8
No property nrd found for device sky130_fd_pr__nfet_01v8
No property nrs found for device sky130_fd_pr__nfet_01v8
No property area found for device sky130_fd_pr__nfet_01v8
No property perim found for device sky130_fd_pr__nfet_01v8
No property topography found for device sky130_fd_pr__nfet_01v8
Model sky130_fd_pr__pfet_01v8_hvt pin 1 == 3
No property mult found for device sky130_fd_pr__pfet_01v8_hvt
No property sa found for device sky130_fd_pr__pfet_01v8_hvt
No property sb found for device sky130_fd_pr__pfet_01v8_hvt
No property sd found for device sky130_fd_pr__pfet_01v8_hvt
No property nf found for device sky130_fd_pr__pfet_01v8_hvt
No property nrd found for device sky130_fd_pr__pfet_01v8_hvt
No property nrs found for device sky130_fd_pr__pfet_01v8_hvt
No property area found for device sky130_fd_pr__pfet_01v8_hvt
No property perim found for device sky130_fd_pr__pfet_01v8_hvt
No property topography found for device sky130_fd_pr__pfet_01v8_hvt
Model sky130_fd_pr__special_nfet_01v8 pin 1 == 3
No property as found for device sky130_fd_pr__special_nfet_01v8
No property ad found for device sky130_fd_pr__special_nfet_01v8
No property ps found for device sky130_fd_pr__special_nfet_01v8
No property pd found for device sky130_fd_pr__special_nfet_01v8
No property mult found for device sky130_fd_pr__special_nfet_01v8
No property sa found for device sky130_fd_pr__special_nfet_01v8
No property sb found for device sky130_fd_pr__special_nfet_01v8
No property sd found for device sky130_fd_pr__special_nfet_01v8
No property nf found for device sky130_fd_pr__special_nfet_01v8
No property nrd found for device sky130_fd_pr__special_nfet_01v8
No property nrs found for device sky130_fd_pr__special_nfet_01v8
No property area found for device sky130_fd_pr__special_nfet_01v8
No property perim found for device sky130_fd_pr__special_nfet_01v8
No property topography found for device sky130_fd_pr__special_nfet_01v8
Model sky130_fd_pr__special_pfet_01v8_hvt pin 1 == 3
No property as found for device sky130_fd_pr__special_pfet_01v8_hvt
No property ad found for device sky130_fd_pr__special_pfet_01v8_hvt
No property ps found for device sky130_fd_pr__special_pfet_01v8_hvt
No property pd found for device sky130_fd_pr__special_pfet_01v8_hvt
No property mult found for device sky130_fd_pr__special_pfet_01v8_hvt
No property sa found for device sky130_fd_pr__special_pfet_01v8_hvt
No property sb found for device sky130_fd_pr__special_pfet_01v8_hvt
No property sd found for device sky130_fd_pr__special_pfet_01v8_hvt
No property nf found for device sky130_fd_pr__special_pfet_01v8_hvt
No property nrd found for device sky130_fd_pr__special_pfet_01v8_hvt
No property nrs found for device sky130_fd_pr__special_pfet_01v8_hvt
No property area found for device sky130_fd_pr__special_pfet_01v8_hvt
No property perim found for device sky130_fd_pr__special_pfet_01v8_hvt
No property topography found for device sky130_fd_pr__special_pfet_01v8_hvt
No property value found for device sky130_fd_pr__diode_pw2nd_05v5
No property mult found for device sky130_fd_pr__diode_pw2nd_05v5
Comparison output logged to file /Users/aoxo/vscode/superfloat.gpu/librelane/core/runs/RUN_2026-07-02_10-20-07/72-netgen-lvs/reports/lvs.netgen.rpt
Logging to file "/Users/aoxo/vscode/superfloat.gpu/librelane/core/runs/RUN_2026-07-02_10-20-07/72-netgen-lvs/reports/lvs.netgen.rpt" enabled

Contents of circuit 1:  Circuit: 'sky130_fd_sc_hd__decap_3'
Circuit sky130_fd_sc_hd__decap_3 contains 0 device instances.
Circuit contains 0 nets, and 4 disconnected pins.
Contents of circuit 2:  Circuit: 'sky130_fd_sc_hd__decap_3'
Circuit sky130_fd_sc_hd__decap_3 contains 2 device instances.
  Class: sky130_fd_pr__pfet_01v8_hvt instances:   1
  Class: sky130_fd_pr__nfet_01v8 instances:   1
Circuit contains 4 nets.

Circuit sky130_fd_sc_hd__decap_3 contains no devices.

Contents of circuit 1:  Circuit: 'sky130_fd_sc_hd__tapvpwrvgnd_1'
Circuit sky130_fd_sc_hd__tapvpwrvgnd_1 contains 0 device instances.
Circuit contains 0 nets, and 2 disconnected pins.
Contents of circuit 2:  Circuit: 'sky130_fd_sc_hd__tapvpwrvgnd_1'
Circuit sky130_fd_sc_hd__tapvpwrvgnd_1 contains 0 device instances.
Circuit contains 0 nets, and 2 disconnected pins.

Circuit sky130_fd_sc_hd__tapvpwrvgnd_1 contains no devices.

Contents of circuit 1:  Circuit: 'sky130_fd_sc_hd__o21a_2'
Circuit sky130_fd_sc_hd__o21a_2 contains 0 device instances.
Circuit contains 0 nets, and 8 disconnected pins.
Contents of circuit 2:  Circuit: 'sky130_fd_sc_hd__o21a_2'
Circuit sky130_fd_sc_hd__o21a_2 contains 10 device instances.
  Class: sky130_fd_pr__pfet_01v8_hvt instances:   5
  Class: sky130_fd_pr__nfet_01v8 instances:   5
Circuit contains 11 nets.

Circuit sky130_fd_sc_hd__o21a_2 contains no devices.

Contents of circuit 1:  Circuit: 'sky130_fd_sc_hd__fill_2'
Circuit sky130_fd_sc_hd__fill_2 contains 0 device instances.
Circuit contains 0 nets, and 4 disconnected pins.
Contents of circuit 2:  Circuit: 'sky130_fd_sc_hd__fill_2'
Circuit sky130_fd_sc_hd__fill_2 contains 0 device instances.
Circuit contains 0 nets, and 4 disconnected pins.

Circuit sky130_fd_sc_hd__fill_2 contains no devices.

Contents of circuit 1:  Circuit: 'sky130_fd_sc_hd__a211oi_2'
Circuit sky130_fd_sc_hd__a211oi_2 contains 0 device instances.
Circuit contains 0 nets, and 9 disconnected pins.
Contents of circuit 2:  Circuit: 'sky130_fd_sc_hd__a211oi_2'
Circuit sky130_fd_sc_hd__a211oi_2 contains 16 device instances.
  Class: sky130_fd_pr__pfet_01v8_hvt instances:   8
  Class: sky130_fd_pr__nfet_01v8 instances:   8
Circuit contains 12 nets.

Circuit sky130_fd_sc_hd__a211oi_2 contains no devices.

Contents of circuit 1:  Circuit: 'sky130_fd_sc_hd__or3b_2'
Circuit sky130_fd_sc_hd__or3b_2 contains 0 device instances.
Circuit contains 0 nets, and 8 disconnected pins.
Contents of circuit 2:  Circuit: 'sky130_fd_sc_hd__or3b_2'
Circuit sky130_fd_sc_hd__or3b_2 contains 12 device instances.
  Class: sky130_fd_pr__pfet_01v8_hvt instances:   6
  Class: sky130_fd_pr__nfet_01v8 instances:   6
Circuit contains 12 nets.

Circuit sky130_fd_sc_hd__or3b_2 contains no devices.

Contents of circuit 1:  Circuit: 'sky130_fd_sc_hd__and2_2'
Circuit sky130_fd_sc_hd__and2_2 contains 0 device instances.
Circuit contains 0 nets, and 7 disconnected pins.
Contents of circuit 2:  Circuit: 'sky130_fd_sc_hd__and2_2'
Circuit sky130_fd_sc_hd__and2_2 contains 8 device instances.
  Class: sky130_fd_pr__pfet_01v8_hvt instances:   4
  Class: sky130_fd_pr__nfet_01v8 instances:   4
Circuit contains 9 nets.

Circuit sky130_fd_sc_hd__and2_2 contains no devices.

Contents of circuit 1:  Circuit: 'sky130_fd_sc_hd__and3_2'
Circuit sky130_fd_sc_hd__and3_2 contains 0 device instances.
Circuit contains 0 nets, and 8 disconnected pins.
Contents of circuit 2:  Circuit: 'sky130_fd_sc_hd__and3_2'
Circuit sky130_fd_sc_hd__and3_2 contains 10 device instances.
  Class: sky130_fd_pr__pfet_01v8_hvt instances:   5
  Class: sky130_fd_pr__nfet_01v8 instances:   5
Circuit contains 11 nets.

Circuit sky130_fd_sc_hd__and3_2 contains no devices.

Contents of circuit 1:  Circuit: 'sky130_fd_sc_hd__nor2_2'
Circuit sky130_fd_sc_hd__nor2_2 contains 0 device instances.
Circuit contains 0 nets, and 7 disconnected pins.
Contents of circuit 2:  Circuit: 'sky130_fd_sc_hd__nor2_2'
Circuit sky130_fd_sc_hd__nor2_2 contains 8 device instances.
  Class: sky130_fd_pr__pfet_01v8_hvt instances:   4
  Class: sky130_fd_pr__nfet_01v8 instances:   4
Circuit contains 8 nets.

Circuit sky130_fd_sc_hd__nor2_2 contains no devices.

Contents of circuit 1:  Circuit: 'sky130_fd_sc_hd__a22o_2'
Circuit sky130_fd_sc_hd__a22o_2 contains 0 device instances.
Circuit contains 0 nets, and 9 disconnected pins.
Contents of circuit 2:  Circuit: 'sky130_fd_sc_hd__a22o_2'
Circuit sky130_fd_sc_hd__a22o_2 contains 12 device instances.
  Class: sky130_fd_pr__pfet_01v8_hvt instances:   6
  Class: sky130_fd_pr__nfet_01v8 instances:   6
Circuit contains 13 nets.

Circuit sky130_fd_sc_hd__a22o_2 contains no devices.

Contents of circuit 1:  Circuit: 'sky130_fd_sc_hd__xnor2_2'
Circuit sky130_fd_sc_hd__xnor2_2 contains 0 device instances.
Circuit contains 0 nets, and 7 disconnected pins.
Contents of circuit 2:  Circuit: 'sky130_fd_sc_hd__xnor2_2'
Circuit sky130_fd_sc_hd__xnor2_2 contains 20 device instances.
  Class: sky130_fd_pr__pfet_01v8_hvt instances:  10
  Class: sky130_fd_pr__nfet_01v8 instances:  10
Circuit contains 11 nets.

Circuit sky130_fd_sc_hd__xnor2_2 contains no devices.

Contents of circuit 1:  Circuit: 'sky130_fd_sc_hd__or3_2'
Circuit sky130_fd_sc_hd__or3_2 contains 0 device instances.
Circuit contains 0 nets, and 8 disconnected pins.
Contents of circuit 2:  Circuit: 'sky130_fd_sc_hd__or3_2'
Circuit sky130_fd_sc_hd__or3_2 contains 10 device instances.
  Class: sky130_fd_pr__pfet_01v8_hvt instances:   5
  Class: sky130_fd_pr__nfet_01v8 instances:   5
Circuit contains 11 nets.

Circuit sky130_fd_sc_hd__or3_2 contains no devices.

Contents of circuit 1:  Circuit: 'sky130_fd_sc_hd__fill_1'
Circuit sky130_fd_sc_hd__fill_1 contains 0 device instances.
Circuit contains 0 nets, and 4 disconnected pins.
Contents of circuit 2:  Circuit: 'sky130_fd_sc_hd__fill_1'
Circuit sky130_fd_sc_hd__fill_1 contains 0 device instances.
Circuit contains 0 nets, and 4 disconnected pins.

Circuit sky130_fd_sc_hd__fill_1 contains no devices.

Contents of circuit 1:  Circuit: 'sky130_fd_sc_hd__a21o_2'
Circuit sky130_fd_sc_hd__a21o_2 contains 0 device instances.
Circuit contains 0 nets, and 8 disconnected pins.
Contents of circuit 2:  Circuit: 'sky130_fd_sc_hd__a21o_2'
Circuit sky130_fd_sc_hd__a21o_2 contains 10 device instances.
  Class: sky130_fd_pr__pfet_01v8_hvt instances:   5
  Class: sky130_fd_pr__nfet_01v8 instances:   5
Circuit contains 11 nets.

Circuit sky130_fd_sc_hd__a21o_2 contains no devices.

Contents of circuit 1:  Circuit: 'sky130_fd_sc_hd__or4_2'
Circuit sky130_fd_sc_hd__or4_2 contains 0 device instances.
Circuit contains 0 nets, and 9 disconnected pins.
Contents of circuit 2:  Circuit: 'sky130_fd_sc_hd__or4_2'
Circuit sky130_fd_sc_hd__or4_2 contains 12 device instances.
  Class: sky130_fd_pr__pfet_01v8_hvt instances:   6
  Class: sky130_fd_pr__nfet_01v8 instances:   6
Circuit contains 13 nets.

Circuit sky130_fd_sc_hd__or4_2 contains no devices.

Contents of circuit 1:  Circuit: 'sky130_fd_sc_hd__o31ai_2'
Circuit sky130_fd_sc_hd__o31ai_2 contains 0 device instances.
Circuit contains 0 nets, and 9 disconnected pins.
Contents of circuit 2:  Circuit: 'sky130_fd_sc_hd__o31ai_2'
Circuit sky130_fd_sc_hd__o31ai_2 contains 16 device instances.
  Class: sky130_fd_pr__pfet_01v8_hvt instances:   8
  Class: sky130_fd_pr__nfet_01v8 instances:   8
Circuit contains 12 nets.

Circuit sky130_fd_sc_hd__o31ai_2 contains no devices.

Contents of circuit 1:  Circuit: 'sky130_fd_sc_hd__buf_6'
Circuit sky130_fd_sc_hd__buf_6 contains 0 device instances.
Circuit contains 0 nets, and 6 disconnected pins.
Contents of circuit 2:  Circuit: 'sky130_fd_sc_hd__buf_6'
Circuit sky130_fd_sc_hd__buf_6 contains 16 device instances.
  Class: sky130_fd_pr__pfet_01v8_hvt instances:   8
  Class: sky130_fd_pr__nfet_01v8 instances:   8
Circuit contains 7 nets.

Circuit sky130_fd_sc_hd__buf_6 contains no devices.

Contents of circuit 1:  Circuit: 'sky130_fd_sc_hd__xor2_2'
Circuit sky130_fd_sc_hd__xor2_2 contains 0 device instances.
Circuit contains 0 nets, and 7 disconnected pins.
Contents of circuit 2:  Circuit: 'sky130_fd_sc_hd__xor2_2'
Circuit sky130_fd_sc_hd__xor2_2 contains 20 device instances.
  Class: sky130_fd_pr__pfet_01v8_hvt instances:  10
  Class: sky130_fd_pr__nfet_01v8 instances:  10
Circuit contains 11 nets.

Circuit sky130_fd_sc_hd__xor2_2 contains no devices.

Contents of circuit 1:  Circuit: 'sky130_fd_sc_hd__mux2_1'
Circuit sky130_fd_sc_hd__mux2_1 contains 0 device instances.
Circuit contains 0 nets, and 8 disconnected pins.
Contents of circuit 2:  Circuit: 'sky130_fd_sc_hd__mux2_1'
Circuit sky130_fd_sc_hd__mux2_1 contains 12 device instances.
  Class: sky130_fd_pr__pfet_01v8_hvt instances:   6
  Class: sky130_fd_pr__nfet_01v8 instances:   6
Circuit contains 14 nets.

Circuit sky130_fd_sc_hd__mux2_1 contains no devices.

Contents of circuit 1:  Circuit: 'sky130_fd_sc_hd__or2_2'
Circuit sky130_fd_sc_hd__or2_2 contains 0 device instances.
Circuit contains 0 nets, and 7 disconnected pins.
Contents of circuit 2:  Circuit: 'sky130_fd_sc_hd__or2_2'
Circuit sky130_fd_sc_hd__or2_2 contains 8 device instances.
  Class: sky130_fd_pr__pfet_01v8_hvt instances:   4
  Class: sky130_fd_pr__nfet_01v8 instances:   4
Circuit contains 9 nets.

Circuit sky130_fd_sc_hd__or2_2 contains no devices.

Contents of circuit 1:  Circuit: 'sky130_fd_sc_hd__nor2_8'
Circuit sky130_fd_sc_hd__nor2_8 contains 0 device instances.
Circuit contains 0 nets, and 7 disconnected pins.
Contents of circuit 2:  Circuit: 'sky130_fd_sc_hd__nor2_8'
Circuit sky130_fd_sc_hd__nor2_8 contains 32 device instances.
  Class: sky130_fd_pr__pfet_01v8_hvt instances:  16
  Class: sky130_fd_pr__nfet_01v8 instances:  16
Circuit contains 8 nets.

Circuit sky130_fd_sc_hd__nor2_8 contains no devices.

Contents of circuit 1:  Circuit: 'sky130_fd_sc_hd__nor3_2'
Circuit sky130_fd_sc_hd__nor3_2 contains 0 device instances.
Circuit contains 0 nets, and 8 disconnected pins.
Contents of circuit 2:  Circuit: 'sky130_fd_sc_hd__nor3_2'
Circuit sky130_fd_sc_hd__nor3_2 contains 12 device instances.
  Class: sky130_fd_pr__pfet_01v8_hvt instances:   6
  Class: sky130_fd_pr__nfet_01v8 instances:   6
Circuit contains 10 nets.

Circuit sky130_fd_sc_hd__nor3_2 contains no devices.

Contents of circuit 1:  Circuit: 'sky130_fd_sc_hd__nand2_2'
Circuit sky130_fd_sc_hd__nand2_2 contains 0 device instances.
Circuit contains 0 nets, and 7 disconnected pins.
Contents of circuit 2:  Circuit: 'sky130_fd_sc_hd__nand2_2'
Circuit sky130_fd_sc_hd__nand2_2 contains 8 device instances.
  Class: sky130_fd_pr__pfet_01v8_hvt instances:   4
  Class: sky130_fd_pr__nfet_01v8 instances:   4
Circuit contains 8 nets.

Circuit sky130_fd_sc_hd__nand2_2 contains no devices.

Contents of circuit 1:  Circuit: 'sky130_fd_sc_hd__a31oi_2'
Circuit sky130_fd_sc_hd__a31oi_2 contains 0 device instances.
Circuit contains 0 nets, and 9 disconnected pins.
Contents of circuit 2:  Circuit: 'sky130_fd_sc_hd__a31oi_2'
Circuit sky130_fd_sc_hd__a31oi_2 contains 16 device instances.
  Class: sky130_fd_pr__pfet_01v8_hvt instances:   8
  Class: sky130_fd_pr__nfet_01v8 instances:   8
Circuit contains 12 nets.

Circuit sky130_fd_sc_hd__a31oi_2 contains no devices.

Contents of circuit 1:  Circuit: 'sky130_fd_sc_hd__nand3_2'
Circuit sky130_fd_sc_hd__nand3_2 contains 0 device instances.
Circuit contains 0 nets, and 8 disconnected pins.
Contents of circuit 2:  Circuit: 'sky130_fd_sc_hd__nand3_2'
Circuit sky130_fd_sc_hd__nand3_2 contains 12 device instances.
  Class: sky130_fd_pr__pfet_01v8_hvt instances:   6
  Class: sky130_fd_pr__nfet_01v8 instances:   6
Circuit contains 10 nets.

Circuit sky130_fd_sc_hd__nand3_2 contains no devices.

Contents of circuit 1:  Circuit: 'sky130_fd_sc_hd__o2bb2a_2'
Circuit sky130_fd_sc_hd__o2bb2a_2 contains 0 device instances.
Circuit contains 0 nets, and 9 disconnected pins.
Contents of circuit 2:  Circuit: 'sky130_fd_sc_hd__o2bb2a_2'
Circuit sky130_fd_sc_hd__o2bb2a_2 contains 14 device instances.
  Class: sky130_fd_pr__pfet_01v8_hvt instances:   7
  Class: sky130_fd_pr__nfet_01v8 instances:   7
Circuit contains 14 nets.

Circuit sky130_fd_sc_hd__o2bb2a_2 contains no devices.

Contents of circuit 1:  Circuit: 'sky130_fd_sc_hd__inv_2'
Circuit sky130_fd_sc_hd__inv_2 contains 0 device instances.
Circuit contains 0 nets, and 6 disconnected pins.
Contents of circuit 2:  Circuit: 'sky130_fd_sc_hd__inv_2'
Circuit sky130_fd_sc_hd__inv_2 contains 4 device instances.
  Class: sky130_fd_pr__pfet_01v8_hvt instances:   2
  Class: sky130_fd_pr__nfet_01v8 instances:   2
Circuit contains 6 nets.

Circuit sky130_fd_sc_hd__inv_2 contains no devices.

Contents of circuit 1:  Circuit: 'sky130_fd_sc_hd__nand2b_2'
Circuit sky130_fd_sc_hd__nand2b_2 contains 0 device instances.
Circuit contains 0 nets, and 7 disconnected pins.
Contents of circuit 2:  Circuit: 'sky130_fd_sc_hd__nand2b_2'
Circuit sky130_fd_sc_hd__nand2b_2 contains 10 device instances.
  Class: sky130_fd_pr__pfet_01v8_hvt instances:   5
  Class: sky130_fd_pr__nfet_01v8 instances:   5
Circuit contains 9 nets.

Circuit sky130_fd_sc_hd__nand2b_2 contains no devices.

Contents of circuit 1:  Circuit: 'sky130_fd_sc_hd__o211a_2'
Circuit sky130_fd_sc_hd__o211a_2 contains 0 device instances.
Circuit contains 0 nets, and 9 disconnected pins.
Contents of circuit 2:  Circuit: 'sky130_fd_sc_hd__o211a_2'
Circuit sky130_fd_sc_hd__o211a_2 contains 12 device instances.
  Class: sky130_fd_pr__pfet_01v8_hvt instances:   6
  Class: sky130_fd_pr__nfet_01v8 instances:   6
Circuit contains 13 nets.

Circuit sky130_fd_sc_hd__o211a_2 contains no devices.

Contents of circuit 1:  Circuit: 'sky130_fd_sc_hd__buf_12'
Circuit sky130_fd_sc_hd__buf_12 contains 0 device instances.
Circuit contains 0 nets, and 6 disconnected pins.
Contents of circuit 2:  Circuit: 'sky130_fd_sc_hd__buf_12'
Circuit sky130_fd_sc_hd__buf_12 contains 32 device instances.
  Class: sky130_fd_pr__pfet_01v8_hvt instances:  16
  Class: sky130_fd_pr__nfet_01v8 instances:  16
Circuit contains 7 nets.

Circuit sky130_fd_sc_hd__buf_12 contains no devices.

Contents of circuit 1:  Circuit: 'sky130_fd_sc_hd__o221a_2'
Circuit sky130_fd_sc_hd__o221a_2 contains 0 device instances.
Circuit contains 0 nets, and 10 disconnected pins.
Contents of circuit 2:  Circuit: 'sky130_fd_sc_hd__o221a_2'
Circuit sky130_fd_sc_hd__o221a_2 contains 14 device instances.
  Class: sky130_fd_pr__pfet_01v8_hvt instances:   7
  Class: sky130_fd_pr__nfet_01v8 instances:   7
Circuit contains 15 nets.

Circuit sky130_fd_sc_hd__o221a_2 contains no devices.

Contents of circuit 1:  Circuit: 'sky130_fd_sc_hd__diode_2'
Circuit sky130_fd_sc_hd__diode_2 contains 0 device instances.
Circuit contains 0 nets, and 5 disconnected pins.
Contents of circuit 2:  Circuit: 'sky130_fd_sc_hd__diode_2'
Circuit sky130_fd_sc_hd__diode_2 contains 1 device instances.
  Class: sky130_fd_pr__diode_pw2nd_05v5 instances:   1
Circuit contains 2 nets, and 3 disconnected pins.

Circuit sky130_fd_sc_hd__diode_2 contains no devices.

Contents of circuit 1:  Circuit: 'sky130_fd_sc_hd__a21bo_2'
Circuit sky130_fd_sc_hd__a21bo_2 contains 0 device instances.
Circuit contains 0 nets, and 8 disconnected pins.
Contents of circuit 2:  Circuit: 'sky130_fd_sc_hd__a21bo_2'
Circuit sky130_fd_sc_hd__a21bo_2 contains 12 device instances.
  Class: sky130_fd_pr__pfet_01v8_hvt instances:   6
  Class: sky130_fd_pr__nfet_01v8 instances:   6
Circuit contains 12 nets.

Circuit sky130_fd_sc_hd__a21bo_2 contains no devices.

Contents of circuit 1:  Circuit: 'sky130_fd_sc_hd__a211o_2'
Circuit sky130_fd_sc_hd__a211o_2 contains 0 device instances.
Circuit contains 0 nets, and 9 disconnected pins.
Contents of circuit 2:  Circuit: 'sky130_fd_sc_hd__a211o_2'
Circuit sky130_fd_sc_hd__a211o_2 contains 12 device instances.
  Class: sky130_fd_pr__pfet_01v8_hvt instances:   6
  Class: sky130_fd_pr__nfet_01v8 instances:   6
Circuit contains 13 nets.

Circuit sky130_fd_sc_hd__a211o_2 contains no devices.

Contents of circuit 1:  Circuit: 'sky130_fd_sc_hd__and2b_2'
Circuit sky130_fd_sc_hd__and2b_2 contains 0 device instances.
Circuit contains 0 nets, and 7 disconnected pins.
Contents of circuit 2:  Circuit: 'sky130_fd_sc_hd__and2b_2'
Circuit sky130_fd_sc_hd__and2b_2 contains 10 device instances.
  Class: sky130_fd_pr__pfet_01v8_hvt instances:   5
  Class: sky130_fd_pr__nfet_01v8 instances:   5
Circuit contains 10 nets.

Circuit sky130_fd_sc_hd__and2b_2 contains no devices.

Contents of circuit 1:  Circuit: 'sky130_fd_sc_hd__o21ai_2'
Circuit sky130_fd_sc_hd__o21ai_2 contains 0 device instances.
Circuit contains 0 nets, and 8 disconnected pins.
Contents of circuit 2:  Circuit: 'sky130_fd_sc_hd__o21ai_2'
Circuit sky130_fd_sc_hd__o21ai_2 contains 12 device instances.
  Class: sky130_fd_pr__pfet_01v8_hvt instances:   6
  Class: sky130_fd_pr__nfet_01v8 instances:   6
Circuit contains 10 nets.

Circuit sky130_fd_sc_hd__o21ai_2 contains no devices.

Contents of circuit 1:  Circuit: 'sky130_fd_sc_hd__dfxtp_2'
Circuit sky130_fd_sc_hd__dfxtp_2 contains 0 device instances.
Circuit contains 0 nets, and 7 disconnected pins.
Contents of circuit 2:  Circuit: 'sky130_fd_sc_hd__dfxtp_2'
Circuit sky130_fd_sc_hd__dfxtp_2 contains 26 device instances.
  Class: sky130_fd_pr__pfet_01v8_hvt instances:  13
  Class: sky130_fd_pr__nfet_01v8 instances:   9
  Class: sky130_fd_pr__special_nfet_01v8 instances:   4
Circuit contains 18 nets.

Circuit sky130_fd_sc_hd__dfxtp_2 contains no devices.

Contents of circuit 1:  Circuit: 'sky130_fd_sc_hd__a221o_2'
Circuit sky130_fd_sc_hd__a221o_2 contains 0 device instances.
Circuit contains 0 nets, and 10 disconnected pins.
Contents of circuit 2:  Circuit: 'sky130_fd_sc_hd__a221o_2'
Circuit sky130_fd_sc_hd__a221o_2 contains 14 device instances.
  Class: sky130_fd_pr__pfet_01v8_hvt instances:   7
  Class: sky130_fd_pr__nfet_01v8 instances:   7
Circuit contains 15 nets.

Circuit sky130_fd_sc_hd__a221o_2 contains no devices.

Contents of circuit 1:  Circuit: 'sky130_fd_sc_hd__o21bai_2'
Circuit sky130_fd_sc_hd__o21bai_2 contains 0 device instances.
Circuit contains 0 nets, and 8 disconnected pins.
Contents of circuit 2:  Circuit: 'sky130_fd_sc_hd__o21bai_2'
Circuit sky130_fd_sc_hd__o21bai_2 contains 14 device instances.
  Class: sky130_fd_pr__pfet_01v8_hvt instances:   7
  Class: sky130_fd_pr__nfet_01v8 instances:   7
Circuit contains 11 nets.

Circuit sky130_fd_sc_hd__o21bai_2 contains no devices.

Contents of circuit 1:  Circuit: 'sky130_fd_sc_hd__a31o_2'
Circuit sky130_fd_sc_hd__a31o_2 contains 0 device instances.
Circuit contains 0 nets, and 9 disconnected pins.
Contents of circuit 2:  Circuit: 'sky130_fd_sc_hd__a31o_2'
Circuit sky130_fd_sc_hd__a31o_2 contains 12 device instances.
  Class: sky130_fd_pr__pfet_01v8_hvt instances:   6
  Class: sky130_fd_pr__nfet_01v8 instances:   6
Circuit contains 13 nets.

Circuit sky130_fd_sc_hd__a31o_2 contains no devices.

Contents of circuit 1:  Circuit: 'sky130_fd_sc_hd__buf_2'
Circuit sky130_fd_sc_hd__buf_2 contains 0 device instances.
Circuit contains 0 nets, and 6 disconnected pins.
Contents of circuit 2:  Circuit: 'sky130_fd_sc_hd__buf_2'
Circuit sky130_fd_sc_hd__buf_2 contains 6 device instances.
  Class: sky130_fd_pr__pfet_01v8_hvt instances:   3
  Class: sky130_fd_pr__nfet_01v8 instances:   3
Circuit contains 7 nets.

Circuit sky130_fd_sc_hd__buf_2 contains no devices.

Contents of circuit 1:  Circuit: 'sky130_fd_sc_hd__a21oi_2'
Circuit sky130_fd_sc_hd__a21oi_2 contains 0 device instances.
Circuit contains 0 nets, and 8 disconnected pins.
Contents of circuit 2:  Circuit: 'sky130_fd_sc_hd__a21oi_2'
Circuit sky130_fd_sc_hd__a21oi_2 contains 12 device instances.
  Class: sky130_fd_pr__pfet_01v8_hvt instances:   6
  Class: sky130_fd_pr__nfet_01v8 instances:   6
Circuit contains 11 nets.

Circuit sky130_fd_sc_hd__a21oi_2 contains no devices.

Contents of circuit 1:  Circuit: 'sky130_fd_sc_hd__a32o_2'
Circuit sky130_fd_sc_hd__a32o_2 contains 0 device instances.
Circuit contains 0 nets, and 10 disconnected pins.
Contents of circuit 2:  Circuit: 'sky130_fd_sc_hd__a32o_2'
Circuit sky130_fd_sc_hd__a32o_2 contains 14 device instances.
  Class: sky130_fd_pr__pfet_01v8_hvt instances:   7
  Class: sky130_fd_pr__nfet_01v8 instances:   7
Circuit contains 15 nets.

Circuit sky130_fd_sc_hd__a32o_2 contains no devices.

Contents of circuit 1:  Circuit: 'sky130_fd_sc_hd__a22oi_2'
Circuit sky130_fd_sc_hd__a22oi_2 contains 0 device instances.
Circuit contains 0 nets, and 9 disconnected pins.
Contents of circuit 2:  Circuit: 'sky130_fd_sc_hd__a22oi_2'
Circuit sky130_fd_sc_hd__a22oi_2 contains 16 device instances.
  Class: sky130_fd_pr__pfet_01v8_hvt instances:   8
  Class: sky130_fd_pr__nfet_01v8 instances:   8
Circuit contains 12 nets.

Circuit sky130_fd_sc_hd__a22oi_2 contains no devices.

Contents of circuit 1:  Circuit: 'sky130_fd_sc_hd__fa_1'
Circuit sky130_fd_sc_hd__fa_1 contains 0 device instances.
Circuit contains 0 nets, and 9 disconnected pins.
Contents of circuit 2:  Circuit: 'sky130_fd_sc_hd__fa_1'
Circuit sky130_fd_sc_hd__fa_1 contains 28 device instances.
  Class: sky130_fd_pr__pfet_01v8_hvt instances:  14
  Class: sky130_fd_pr__nfet_01v8 instances:  14
Circuit contains 21 nets.

Circuit sky130_fd_sc_hd__fa_1 contains no devices.

Contents of circuit 1:  Circuit: 'sky130_fd_sc_hd__o21ba_2'
Circuit sky130_fd_sc_hd__o21ba_2 contains 0 device instances.
Circuit contains 0 nets, and 8 disconnected pins.
Contents of circuit 2:  Circuit: 'sky130_fd_sc_hd__o21ba_2'
Circuit sky130_fd_sc_hd__o21ba_2 contains 12 device instances.
  Class: sky130_fd_pr__pfet_01v8_hvt instances:   6
  Class: sky130_fd_pr__nfet_01v8 instances:   6
Circuit contains 12 nets.

Circuit sky130_fd_sc_hd__o21ba_2 contains no devices.

Contents of circuit 1:  Circuit: 'sky130_fd_sc_hd__o211ai_2'
Circuit sky130_fd_sc_hd__o211ai_2 contains 0 device instances.
Circuit contains 0 nets, and 9 disconnected pins.
Contents of circuit 2:  Circuit: 'sky130_fd_sc_hd__o211ai_2'
Circuit sky130_fd_sc_hd__o211ai_2 contains 16 device instances.
  Class: sky130_fd_pr__pfet_01v8_hvt instances:   8
  Class: sky130_fd_pr__nfet_01v8 instances:   8
Circuit contains 12 nets.

Circuit sky130_fd_sc_hd__o211ai_2 contains no devices.

Contents of circuit 1:  Circuit: 'sky130_fd_sc_hd__conb_1'
Circuit sky130_fd_sc_hd__conb_1 contains 0 device instances.
Circuit contains 0 nets, and 6 disconnected pins.
Contents of circuit 2:  Circuit: 'sky130_fd_sc_hd__conb_1'
Circuit sky130_fd_sc_hd__conb_1 contains 2 device instances.
  Class: sky130_fd_pr__res_generic_po instances:   2
Circuit contains 4 nets, and 2 disconnected pins.

Circuit sky130_fd_sc_hd__conb_1 contains no devices.

Contents of circuit 1:  Circuit: 'sky130_fd_sc_hd__and4b_2'
Circuit sky130_fd_sc_hd__and4b_2 contains 0 device instances.
Circuit contains 0 nets, and 9 disconnected pins.
Contents of circuit 2:  Circuit: 'sky130_fd_sc_hd__and4b_2'
Circuit sky130_fd_sc_hd__and4b_2 contains 14 device instances.
  Class: sky130_fd_pr__pfet_01v8_hvt instances:   7
  Class: sky130_fd_pr__nfet_01v8 instances:   7
Circuit contains 14 nets.

Circuit sky130_fd_sc_hd__and4b_2 contains no devices.

Contents of circuit 1:  Circuit: 'sky130_fd_sc_hd__and3b_2'
Circuit sky130_fd_sc_hd__and3b_2 contains 0 device instances.
Circuit contains 0 nets, and 8 disconnected pins.
Contents of circuit 2:  Circuit: 'sky130_fd_sc_hd__and3b_2'
Circuit sky130_fd_sc_hd__and3b_2 contains 12 device instances.
  Class: sky130_fd_pr__pfet_01v8_hvt instances:   6
  Class: sky130_fd_pr__nfet_01v8 instances:   6
Circuit contains 12 nets.

Circuit sky130_fd_sc_hd__and3b_2 contains no devices.

Contents of circuit 1:  Circuit: 'sky130_fd_sc_hd__a2111o_2'
Circuit sky130_fd_sc_hd__a2111o_2 contains 0 device instances.
Circuit contains 0 nets, and 10 disconnected pins.
Contents of circuit 2:  Circuit: 'sky130_fd_sc_hd__a2111o_2'
Circuit sky130_fd_sc_hd__a2111o_2 contains 14 device instances.
  Class: sky130_fd_pr__pfet_01v8_hvt instances:   7
  Class: sky130_fd_pr__nfet_01v8 instances:   7
Circuit contains 15 nets.

Circuit sky130_fd_sc_hd__a2111o_2 contains no devices.

Contents of circuit 1:  Circuit: 'sky130_fd_sc_hd__clkbuf_2'
Circuit sky130_fd_sc_hd__clkbuf_2 contains 0 device instances.
Circuit contains 0 nets, and 6 disconnected pins.
Contents of circuit 2:  Circuit: 'sky130_fd_sc_hd__clkbuf_2'
Circuit sky130_fd_sc_hd__clkbuf_2 contains 6 device instances.
  Class: sky130_fd_pr__pfet_01v8_hvt instances:   3
  Class: sky130_fd_pr__nfet_01v8 instances:   3
Circuit contains 7 nets.

Circuit sky130_fd_sc_hd__clkbuf_2 contains no devices.

Contents of circuit 1:  Circuit: 'sky130_fd_sc_hd__o311a_2'
Circuit sky130_fd_sc_hd__o311a_2 contains 0 device instances.
Circuit contains 0 nets, and 10 disconnected pins.
Contents of circuit 2:  Circuit: 'sky130_fd_sc_hd__o311a_2'
Circuit sky130_fd_sc_hd__o311a_2 contains 14 device instances.
  Class: sky130_fd_pr__pfet_01v8_hvt instances:   7
  Class: sky130_fd_pr__nfet_01v8 instances:   7
Circuit contains 15 nets.

Circuit sky130_fd_sc_hd__o311a_2 contains no devices.

Contents of circuit 1:  Circuit: 'sky130_fd_sc_hd__a221oi_2'
Circuit sky130_fd_sc_hd__a221oi_2 contains 0 device instances.
Circuit contains 0 nets, and 10 disconnected pins.
Contents of circuit 2:  Circuit: 'sky130_fd_sc_hd__a221oi_2'
Circuit sky130_fd_sc_hd__a221oi_2 contains 20 device instances.
  Class: sky130_fd_pr__pfet_01v8_hvt instances:  10
  Class: sky130_fd_pr__nfet_01v8 instances:  10
Circuit contains 14 nets.

Circuit sky130_fd_sc_hd__a221oi_2 contains no devices.

Contents of circuit 1:  Circuit: 'sky130_fd_sc_hd__clkbuf_8'
Circuit sky130_fd_sc_hd__clkbuf_8 contains 0 device instances.
Circuit contains 0 nets, and 6 disconnected pins.
Contents of circuit 2:  Circuit: 'sky130_fd_sc_hd__clkbuf_8'
Circuit sky130_fd_sc_hd__clkbuf_8 contains 20 device instances.
  Class: sky130_fd_pr__pfet_01v8_hvt instances:  10
  Class: sky130_fd_pr__nfet_01v8 instances:  10
Circuit contains 7 nets.

Circuit sky130_fd_sc_hd__clkbuf_8 contains no devices.

Contents of circuit 1:  Circuit: 'sky130_fd_sc_hd__clkbuf_4'
Circuit sky130_fd_sc_hd__clkbuf_4 contains 0 device instances.
Circuit contains 0 nets, and 6 disconnected pins.
Contents of circuit 2:  Circuit: 'sky130_fd_sc_hd__clkbuf_4'
Circuit sky130_fd_sc_hd__clkbuf_4 contains 10 device instances.
  Class: sky130_fd_pr__pfet_01v8_hvt instances:   5
  Class: sky130_fd_pr__nfet_01v8 instances:   5
Circuit contains 7 nets.

Circuit sky130_fd_sc_hd__clkbuf_4 contains no devices.

Contents of circuit 1:  Circuit: 'sky130_fd_sc_hd__nor4_2'
Circuit sky130_fd_sc_hd__nor4_2 contains 0 device instances.
Circuit contains 0 nets, and 9 disconnected pins.
Contents of circuit 2:  Circuit: 'sky130_fd_sc_hd__nor4_2'
Circuit sky130_fd_sc_hd__nor4_2 contains 16 device instances.
  Class: sky130_fd_pr__pfet_01v8_hvt instances:   8
  Class: sky130_fd_pr__nfet_01v8 instances:   8
Circuit contains 12 nets.

Circuit sky130_fd_sc_hd__nor4_2 contains no devices.

Contents of circuit 1:  Circuit: 'sky130_fd_sc_hd__dfxtp_4'
Circuit sky130_fd_sc_hd__dfxtp_4 contains 0 device instances.
Circuit contains 0 nets, and 7 disconnected pins.
Contents of circuit 2:  Circuit: 'sky130_fd_sc_hd__dfxtp_4'
Circuit sky130_fd_sc_hd__dfxtp_4 contains 30 device instances.
  Class: sky130_fd_pr__pfet_01v8_hvt instances:  15
  Class: sky130_fd_pr__nfet_01v8 instances:  11
  Class: sky130_fd_pr__special_nfet_01v8 instances:   4
Circuit contains 18 nets.

Circuit sky130_fd_sc_hd__dfxtp_4 contains no devices.

Contents of circuit 1:  Circuit: 'sky130_fd_sc_hd__clkbuf_16'
Circuit sky130_fd_sc_hd__clkbuf_16 contains 0 device instances.
Circuit contains 0 nets, and 6 disconnected pins.
Contents of circuit 2:  Circuit: 'sky130_fd_sc_hd__clkbuf_16'
Circuit sky130_fd_sc_hd__clkbuf_16 contains 40 device instances.
  Class: sky130_fd_pr__pfet_01v8_hvt instances:  20
  Class: sky130_fd_pr__nfet_01v8 instances:  20
Circuit contains 7 nets.

Circuit sky130_fd_sc_hd__clkbuf_16 contains no devices.

Contents of circuit 1:  Circuit: 'sky130_fd_sc_hd__o31a_2'
Circuit sky130_fd_sc_hd__o31a_2 contains 0 device instances.
Circuit contains 0 nets, and 9 disconnected pins.
Contents of circuit 2:  Circuit: 'sky130_fd_sc_hd__o31a_2'
Circuit sky130_fd_sc_hd__o31a_2 contains 12 device instances.
  Class: sky130_fd_pr__pfet_01v8_hvt instances:   6
  Class: sky130_fd_pr__nfet_01v8 instances:   6
Circuit contains 13 nets.

Circuit sky130_fd_sc_hd__o31a_2 contains no devices.

Contents of circuit 1:  Circuit: 'sky130_fd_sc_hd__a21boi_2'
Circuit sky130_fd_sc_hd__a21boi_2 contains 0 device instances.
Circuit contains 0 nets, and 8 disconnected pins.
Contents of circuit 2:  Circuit: 'sky130_fd_sc_hd__a21boi_2'
Circuit sky130_fd_sc_hd__a21boi_2 contains 14 device instances.
  Class: sky130_fd_pr__pfet_01v8_hvt instances:   7
  Class: sky130_fd_pr__nfet_01v8 instances:   7
Circuit contains 12 nets.

Circuit sky130_fd_sc_hd__a21boi_2 contains no devices.

Contents of circuit 1:  Circuit: 'sky130_fd_sc_hd__buf_8'
Circuit sky130_fd_sc_hd__buf_8 contains 0 device instances.
Circuit contains 0 nets, and 6 disconnected pins.
Contents of circuit 2:  Circuit: 'sky130_fd_sc_hd__buf_8'
Circuit sky130_fd_sc_hd__buf_8 contains 22 device instances.
  Class: sky130_fd_pr__pfet_01v8_hvt instances:  11
  Class: sky130_fd_pr__nfet_01v8 instances:  11
Circuit contains 7 nets.

Circuit sky130_fd_sc_hd__buf_8 contains no devices.

Contents of circuit 1:  Circuit: 'sky130_fd_sc_hd__nor3b_2'
Circuit sky130_fd_sc_hd__nor3b_2 contains 0 device instances.
Circuit contains 0 nets, and 8 disconnected pins.
Contents of circuit 2:  Circuit: 'sky130_fd_sc_hd__nor3b_2'
Circuit sky130_fd_sc_hd__nor3b_2 contains 14 device instances.
  Class: sky130_fd_pr__pfet_01v8_hvt instances:   7
  Class: sky130_fd_pr__nfet_01v8 instances:   7
Circuit contains 11 nets.

Circuit sky130_fd_sc_hd__nor3b_2 contains no devices.

Contents of circuit 1:  Circuit: 'sky130_fd_sc_hd__o22a_2'
Circuit sky130_fd_sc_hd__o22a_2 contains 0 device instances.
Circuit contains 0 nets, and 9 disconnected pins.
Contents of circuit 2:  Circuit: 'sky130_fd_sc_hd__o22a_2'
Circuit sky130_fd_sc_hd__o22a_2 contains 12 device instances.
  Class: sky130_fd_pr__pfet_01v8_hvt instances:   6
  Class: sky130_fd_pr__nfet_01v8 instances:   6
Circuit contains 13 nets.

Circuit sky130_fd_sc_hd__o22a_2 contains no devices.

Contents of circuit 1:  Circuit: 'sky130_fd_sc_hd__o21ai_4'
Circuit sky130_fd_sc_hd__o21ai_4 contains 0 device instances.
Circuit contains 0 nets, and 8 disconnected pins.
Contents of circuit 2:  Circuit: 'sky130_fd_sc_hd__o21ai_4'
Circuit sky130_fd_sc_hd__o21ai_4 contains 24 device instances.
  Class: sky130_fd_pr__pfet_01v8_hvt instances:  12
  Class: sky130_fd_pr__nfet_01v8 instances:  12
Circuit contains 10 nets.

Circuit sky130_fd_sc_hd__o21ai_4 contains no devices.

Contents of circuit 1:  Circuit: 'sky130_fd_sc_hd__a311o_2'
Circuit sky130_fd_sc_hd__a311o_2 contains 0 device instances.
Circuit contains 0 nets, and 10 disconnected pins.
Contents of circuit 2:  Circuit: 'sky130_fd_sc_hd__a311o_2'
Circuit sky130_fd_sc_hd__a311o_2 contains 14 device instances.
  Class: sky130_fd_pr__pfet_01v8_hvt instances:   7
  Class: sky130_fd_pr__nfet_01v8 instances:   7
Circuit contains 15 nets.

Circuit sky130_fd_sc_hd__a311o_2 contains no devices.

Contents of circuit 1:  Circuit: 'sky130_fd_sc_hd__a41o_2'
Circuit sky130_fd_sc_hd__a41o_2 contains 0 device instances.
Circuit contains 0 nets, and 10 disconnected pins.
Contents of circuit 2:  Circuit: 'sky130_fd_sc_hd__a41o_2'
Circuit sky130_fd_sc_hd__a41o_2 contains 14 device instances.
  Class: sky130_fd_pr__pfet_01v8_hvt instances:   7
  Class: sky130_fd_pr__nfet_01v8 instances:   7
Circuit contains 15 nets.

Circuit sky130_fd_sc_hd__a41o_2 contains no devices.

Contents of circuit 1:  Circuit: 'sky130_fd_sc_hd__inv_8'
Circuit sky130_fd_sc_hd__inv_8 contains 0 device instances.
Circuit contains 0 nets, and 6 disconnected pins.
Contents of circuit 2:  Circuit: 'sky130_fd_sc_hd__inv_8'
Circuit sky130_fd_sc_hd__inv_8 contains 16 device instances.
  Class: sky130_fd_pr__pfet_01v8_hvt instances:   8
  Class: sky130_fd_pr__nfet_01v8 instances:   8
Circuit contains 6 nets.

Circuit sky130_fd_sc_hd__inv_8 contains no devices.

Contents of circuit 1:  Circuit: 'sky130_fd_sc_hd__nand3b_2'
Circuit sky130_fd_sc_hd__nand3b_2 contains 0 device instances.
Circuit contains 0 nets, and 8 disconnected pins.
Contents of circuit 2:  Circuit: 'sky130_fd_sc_hd__nand3b_2'
Circuit sky130_fd_sc_hd__nand3b_2 contains 14 device instances.
  Class: sky130_fd_pr__pfet_01v8_hvt instances:   7
  Class: sky130_fd_pr__nfet_01v8 instances:   7
Circuit contains 11 nets.

Circuit sky130_fd_sc_hd__nand3b_2 contains no devices.

Contents of circuit 1:  Circuit: 'sky130_fd_sc_hd__o221ai_2'
Circuit sky130_fd_sc_hd__o221ai_2 contains 0 device instances.
Circuit contains 0 nets, and 10 disconnected pins.
Contents of circuit 2:  Circuit: 'sky130_fd_sc_hd__o221ai_2'
Circuit sky130_fd_sc_hd__o221ai_2 contains 20 device instances.
  Class: sky130_fd_pr__pfet_01v8_hvt instances:  10
  Class: sky130_fd_pr__nfet_01v8 instances:  10
Circuit contains 14 nets.

Circuit sky130_fd_sc_hd__o221ai_2 contains no devices.

Contents of circuit 1:  Circuit: 'sky130_fd_sc_hd__o2111ai_2'
Circuit sky130_fd_sc_hd__o2111ai_2 contains 0 device instances.
Circuit contains 0 nets, and 10 disconnected pins.
Contents of circuit 2:  Circuit: 'sky130_fd_sc_hd__o2111ai_2'
Circuit sky130_fd_sc_hd__o2111ai_2 contains 20 device instances.
  Class: sky130_fd_pr__pfet_01v8_hvt instances:  10
  Class: sky130_fd_pr__nfet_01v8 instances:  10
Circuit contains 14 nets.

Circuit sky130_fd_sc_hd__o2111ai_2 contains no devices.

Contents of circuit 1:  Circuit: 'sky130_fd_sc_hd__o32a_2'
Circuit sky130_fd_sc_hd__o32a_2 contains 0 device instances.
Circuit contains 0 nets, and 10 disconnected pins.
Contents of circuit 2:  Circuit: 'sky130_fd_sc_hd__o32a_2'
Circuit sky130_fd_sc_hd__o32a_2 contains 14 device instances.
  Class: sky130_fd_pr__pfet_01v8_hvt instances:   7
  Class: sky130_fd_pr__nfet_01v8 instances:   7
Circuit contains 15 nets.

Circuit sky130_fd_sc_hd__o32a_2 contains no devices.

Contents of circuit 1:  Circuit: 'sky130_fd_sc_hd__a2bb2o_2'
Circuit sky130_fd_sc_hd__a2bb2o_2 contains 0 device instances.
Circuit contains 0 nets, and 9 disconnected pins.
Contents of circuit 2:  Circuit: 'sky130_fd_sc_hd__a2bb2o_2'
Circuit sky130_fd_sc_hd__a2bb2o_2 contains 14 device instances.
  Class: sky130_fd_pr__pfet_01v8_hvt instances:   7
  Class: sky130_fd_pr__nfet_01v8 instances:   7
Circuit contains 14 nets.

Circuit sky130_fd_sc_hd__a2bb2o_2 contains no devices.

Contents of circuit 1:  Circuit: 'sky130_fd_sc_hd__or3_4'
Circuit sky130_fd_sc_hd__or3_4 contains 0 device instances.
Circuit contains 0 nets, and 8 disconnected pins.
Contents of circuit 2:  Circuit: 'sky130_fd_sc_hd__or3_4'
Circuit sky130_fd_sc_hd__or3_4 contains 14 device instances.
  Class: sky130_fd_pr__pfet_01v8_hvt instances:   7
  Class: sky130_fd_pr__nfet_01v8 instances:   7
Circuit contains 11 nets.

Circuit sky130_fd_sc_hd__or3_4 contains no devices.

Contents of circuit 1:  Circuit: 'sky130_fd_sc_hd__a311oi_2'
Circuit sky130_fd_sc_hd__a311oi_2 contains 0 device instances.
Circuit contains 0 nets, and 10 disconnected pins.
Contents of circuit 2:  Circuit: 'sky130_fd_sc_hd__a311oi_2'
Circuit sky130_fd_sc_hd__a311oi_2 contains 20 device instances.
  Class: sky130_fd_pr__pfet_01v8_hvt instances:  10
  Class: sky130_fd_pr__nfet_01v8 instances:  10
Circuit contains 14 nets.

Circuit sky130_fd_sc_hd__a311oi_2 contains no devices.

Contents of circuit 1:  Circuit: 'sky130_fd_sc_hd__or4b_2'
Circuit sky130_fd_sc_hd__or4b_2 contains 0 device instances.
Circuit contains 0 nets, and 9 disconnected pins.
Contents of circuit 2:  Circuit: 'sky130_fd_sc_hd__or4b_2'
Circuit sky130_fd_sc_hd__or4b_2 contains 14 device instances.
  Class: sky130_fd_pr__pfet_01v8_hvt instances:   7
  Class: sky130_fd_pr__nfet_01v8 instances:   7
Circuit contains 14 nets.

Circuit sky130_fd_sc_hd__or4b_2 contains no devices.

Contents of circuit 1:  Circuit: 'sky130_fd_sc_hd__and2_4'
Circuit sky130_fd_sc_hd__and2_4 contains 0 device instances.
Circuit contains 0 nets, and 7 disconnected pins.
Contents of circuit 2:  Circuit: 'sky130_fd_sc_hd__and2_4'
Circuit sky130_fd_sc_hd__and2_4 contains 12 device instances.
  Class: sky130_fd_pr__pfet_01v8_hvt instances:   6
  Class: sky130_fd_pr__nfet_01v8 instances:   6
Circuit contains 9 nets.

Circuit sky130_fd_sc_hd__and2_4 contains no devices.

Contents of circuit 1:  Circuit: 'sky130_fd_sc_hd__or4bb_2'
Circuit sky130_fd_sc_hd__or4bb_2 contains 0 device instances.
Circuit contains 0 nets, and 9 disconnected pins.
Contents of circuit 2:  Circuit: 'sky130_fd_sc_hd__or4bb_2'
Circuit sky130_fd_sc_hd__or4bb_2 contains 16 device instances.
  Class: sky130_fd_pr__pfet_01v8_hvt instances:   8
  Class: sky130_fd_pr__nfet_01v8 instances:   8
Circuit contains 15 nets.

Circuit sky130_fd_sc_hd__or4bb_2 contains no devices.

Contents of circuit 1:  Circuit: 'sky130_fd_sc_hd__and3b_4'
Circuit sky130_fd_sc_hd__and3b_4 contains 0 device instances.
Circuit contains 0 nets, and 8 disconnected pins.
Contents of circuit 2:  Circuit: 'sky130_fd_sc_hd__and3b_4'
Circuit sky130_fd_sc_hd__and3b_4 contains 16 device instances.
  Class: sky130_fd_pr__pfet_01v8_hvt instances:   8
  Class: sky130_fd_pr__nfet_01v8 instances:   8
Circuit contains 12 nets.

Circuit sky130_fd_sc_hd__and3b_4 contains no devices.

Contents of circuit 1:  Circuit: 'sky130_fd_sc_hd__o2111a_2'
Circuit sky130_fd_sc_hd__o2111a_2 contains 0 device instances.
Circuit contains 0 nets, and 10 disconnected pins.
Contents of circuit 2:  Circuit: 'sky130_fd_sc_hd__o2111a_2'
Circuit sky130_fd_sc_hd__o2111a_2 contains 14 device instances.
  Class: sky130_fd_pr__pfet_01v8_hvt instances:   7
  Class: sky130_fd_pr__nfet_01v8 instances:   7
Circuit contains 15 nets.

Circuit sky130_fd_sc_hd__o2111a_2 contains no devices.

Contents of circuit 1:  Circuit: 'sky130_fd_sc_hd__and4_2'
Circuit sky130_fd_sc_hd__and4_2 contains 0 device instances.
Circuit contains 0 nets, and 9 disconnected pins.
Contents of circuit 2:  Circuit: 'sky130_fd_sc_hd__and4_2'
Circuit sky130_fd_sc_hd__and4_2 contains 12 device instances.
  Class: sky130_fd_pr__pfet_01v8_hvt instances:   6
  Class: sky130_fd_pr__nfet_01v8 instances:   6
Circuit contains 13 nets.

Circuit sky130_fd_sc_hd__and4_2 contains no devices.

Contents of circuit 1:  Circuit: 'sky130_fd_sc_hd__clkinv_16'
Circuit sky130_fd_sc_hd__clkinv_16 contains 0 device instances.
Circuit contains 0 nets, and 6 disconnected pins.
Contents of circuit 2:  Circuit: 'sky130_fd_sc_hd__clkinv_16'
Circuit sky130_fd_sc_hd__clkinv_16 contains 40 device instances.
  Class: sky130_fd_pr__pfet_01v8_hvt instances:  24
  Class: sky130_fd_pr__nfet_01v8 instances:  16
Circuit contains 6 nets.

Circuit sky130_fd_sc_hd__clkinv_16 contains no devices.

Contents of circuit 1:  Circuit: 'sky130_fd_sc_hd__inv_12'
Circuit sky130_fd_sc_hd__inv_12 contains 0 device instances.
Circuit contains 0 nets, and 6 disconnected pins.
Contents of circuit 2:  Circuit: 'sky130_fd_sc_hd__inv_12'
Circuit sky130_fd_sc_hd__inv_12 contains 24 device instances.
  Class: sky130_fd_pr__pfet_01v8_hvt instances:  12
  Class: sky130_fd_pr__nfet_01v8 instances:  12
Circuit contains 6 nets.

Circuit sky130_fd_sc_hd__inv_12 contains no devices.

Contents of circuit 1:  Circuit: 'sky130_fd_sc_hd__o41a_2'
Circuit sky130_fd_sc_hd__o41a_2 contains 0 device instances.
Circuit contains 0 nets, and 10 disconnected pins.
Contents of circuit 2:  Circuit: 'sky130_fd_sc_hd__o41a_2'
Circuit sky130_fd_sc_hd__o41a_2 contains 14 device instances.
  Class: sky130_fd_pr__pfet_01v8_hvt instances:   7
  Class: sky130_fd_pr__nfet_01v8 instances:   7
Circuit contains 15 nets.

Circuit sky130_fd_sc_hd__o41a_2 contains no devices.

Contents of circuit 1:  Circuit: 'sky130_fd_sc_hd__inv_16'
Circuit sky130_fd_sc_hd__inv_16 contains 0 device instances.
Circuit contains 0 nets, and 6 disconnected pins.
Contents of circuit 2:  Circuit: 'sky130_fd_sc_hd__inv_16'
Circuit sky130_fd_sc_hd__inv_16 contains 32 device instances.
  Class: sky130_fd_pr__pfet_01v8_hvt instances:  16
  Class: sky130_fd_pr__nfet_01v8 instances:  16
Circuit contains 6 nets.

Circuit sky130_fd_sc_hd__inv_16 contains no devices.

Contents of circuit 1:  Circuit: 'sky130_fd_sc_hd__a32oi_2'
Circuit sky130_fd_sc_hd__a32oi_2 contains 0 device instances.
Circuit contains 0 nets, and 10 disconnected pins.
Contents of circuit 2:  Circuit: 'sky130_fd_sc_hd__a32oi_2'
Circuit sky130_fd_sc_hd__a32oi_2 contains 20 device instances.
  Class: sky130_fd_pr__pfet_01v8_hvt instances:  10
  Class: sky130_fd_pr__nfet_01v8 instances:  10
Circuit contains 14 nets.

Circuit sky130_fd_sc_hd__a32oi_2 contains no devices.

Contents of circuit 1:  Circuit: 'sky130_fd_sc_hd__o22ai_2'
Circuit sky130_fd_sc_hd__o22ai_2 contains 0 device instances.
Circuit contains 0 nets, and 9 disconnected pins.
Contents of circuit 2:  Circuit: 'sky130_fd_sc_hd__o22ai_2'
Circuit sky130_fd_sc_hd__o22ai_2 contains 16 device instances.
  Class: sky130_fd_pr__pfet_01v8_hvt instances:   8
  Class: sky130_fd_pr__nfet_01v8 instances:   8
Circuit contains 12 nets.

Circuit sky130_fd_sc_hd__o22ai_2 contains no devices.

Contents of circuit 1:  Circuit: 'sky130_fd_sc_hd__and4bb_4'
Circuit sky130_fd_sc_hd__and4bb_4 contains 0 device instances.
Circuit contains 0 nets, and 9 disconnected pins.
Contents of circuit 2:  Circuit: 'sky130_fd_sc_hd__and4bb_4'
Circuit sky130_fd_sc_hd__and4bb_4 contains 20 device instances.
  Class: sky130_fd_pr__pfet_01v8_hvt instances:  10
  Class: sky130_fd_pr__nfet_01v8 instances:  10
Circuit contains 15 nets.

Circuit sky130_fd_sc_hd__and4bb_4 contains no devices.

Contents of circuit 1:  Circuit: 'sky130_fd_sc_hd__or2_4'
Circuit sky130_fd_sc_hd__or2_4 contains 0 device instances.
Circuit contains 0 nets, and 7 disconnected pins.
Contents of circuit 2:  Circuit: 'sky130_fd_sc_hd__or2_4'
Circuit sky130_fd_sc_hd__or2_4 contains 12 device instances.
  Class: sky130_fd_pr__pfet_01v8_hvt instances:   6
  Class: sky130_fd_pr__nfet_01v8 instances:   6
Circuit contains 9 nets.

Circuit sky130_fd_sc_hd__or2_4 contains no devices.

Contents of circuit 1:  Circuit: 'sky130_fd_sc_hd__clkinvlp_4'
Circuit sky130_fd_sc_hd__clkinvlp_4 contains 0 device instances.
Circuit contains 0 nets, and 6 disconnected pins.
Contents of circuit 2:  Circuit: 'sky130_fd_sc_hd__clkinvlp_4'
Circuit sky130_fd_sc_hd__clkinvlp_4 contains 8 device instances.
  Class: sky130_fd_pr__pfet_01v8_hvt instances:   4
  Class: sky130_fd_pr__nfet_01v8 instances:   4
Circuit contains 8 nets.

Circuit sky130_fd_sc_hd__clkinvlp_4 contains no devices.

Contents of circuit 1:  Circuit: 'sky130_fd_sc_hd__o32ai_2'
Circuit sky130_fd_sc_hd__o32ai_2 contains 0 device instances.
Circuit contains 0 nets, and 10 disconnected pins.
Contents of circuit 2:  Circuit: 'sky130_fd_sc_hd__o32ai_2'
Circuit sky130_fd_sc_hd__o32ai_2 contains 20 device instances.
  Class: sky130_fd_pr__pfet_01v8_hvt instances:  10
  Class: sky130_fd_pr__nfet_01v8 instances:  10
Circuit contains 14 nets.

Circuit sky130_fd_sc_hd__o32ai_2 contains no devices.

Contents of circuit 1:  Circuit: 'sky130_fd_sc_hd__clkinv_8'
Circuit sky130_fd_sc_hd__clkinv_8 contains 0 device instances.
Circuit contains 0 nets, and 6 disconnected pins.
Contents of circuit 2:  Circuit: 'sky130_fd_sc_hd__clkinv_8'
Circuit sky130_fd_sc_hd__clkinv_8 contains 20 device instances.
  Class: sky130_fd_pr__pfet_01v8_hvt instances:  12
  Class: sky130_fd_pr__nfet_01v8 instances:   8
Circuit contains 6 nets.

Circuit sky130_fd_sc_hd__clkinv_8 contains no devices.

Contents of circuit 1:  Circuit: 'sky130_fd_sc_hd__inv_6'
Circuit sky130_fd_sc_hd__inv_6 contains 0 device instances.
Circuit contains 0 nets, and 6 disconnected pins.
Contents of circuit 2:  Circuit: 'sky130_fd_sc_hd__inv_6'
Circuit sky130_fd_sc_hd__inv_6 contains 12 device instances.
  Class: sky130_fd_pr__pfet_01v8_hvt instances:   6
  Class: sky130_fd_pr__nfet_01v8 instances:   6
Circuit contains 6 nets.

Circuit sky130_fd_sc_hd__inv_6 contains no devices.

Contents of circuit 1:  Circuit: 'sky130_fd_sc_hd__and4b_4'
Circuit sky130_fd_sc_hd__and4b_4 contains 0 device instances.
Circuit contains 0 nets, and 9 disconnected pins.
Contents of circuit 2:  Circuit: 'sky130_fd_sc_hd__and4b_4'
Circuit sky130_fd_sc_hd__and4b_4 contains 18 device instances.
  Class: sky130_fd_pr__pfet_01v8_hvt instances:   9
  Class: sky130_fd_pr__nfet_01v8 instances:   9
Circuit contains 14 nets.

Circuit sky130_fd_sc_hd__and4b_4 contains no devices.

Contents of circuit 1:  Circuit: 'sky130_fd_sc_hd__nand4_2'
Circuit sky130_fd_sc_hd__nand4_2 contains 0 device instances.
Circuit contains 0 nets, and 9 disconnected pins.
Contents of circuit 2:  Circuit: 'sky130_fd_sc_hd__nand4_2'
Circuit sky130_fd_sc_hd__nand4_2 contains 16 device instances.
  Class: sky130_fd_pr__pfet_01v8_hvt instances:   8
  Class: sky130_fd_pr__nfet_01v8 instances:   8
Circuit contains 12 nets.

Circuit sky130_fd_sc_hd__nand4_2 contains no devices.

Contents of circuit 1:  Circuit: 'sky130_fd_sc_hd__a2111oi_4'
Circuit sky130_fd_sc_hd__a2111oi_4 contains 0 device instances.
Circuit contains 0 nets, and 10 disconnected pins.
Contents of circuit 2:  Circuit: 'sky130_fd_sc_hd__a2111oi_4'
Circuit sky130_fd_sc_hd__a2111oi_4 contains 40 device instances.
  Class: sky130_fd_pr__pfet_01v8_hvt instances:  20
  Class: sky130_fd_pr__nfet_01v8 instances:  20
Circuit contains 14 nets.

Circuit sky130_fd_sc_hd__a2111oi_4 contains no devices.

Contents of circuit 1:  Circuit: 'sky130_fd_sc_hd__and2b_4'
Circuit sky130_fd_sc_hd__and2b_4 contains 0 device instances.
Circuit contains 0 nets, and 7 disconnected pins.
Contents of circuit 2:  Circuit: 'sky130_fd_sc_hd__and2b_4'
Circuit sky130_fd_sc_hd__and2b_4 contains 14 device instances.
  Class: sky130_fd_pr__pfet_01v8_hvt instances:   7
  Class: sky130_fd_pr__nfet_01v8 instances:   7
Circuit contains 10 nets.

Circuit sky130_fd_sc_hd__and2b_4 contains no devices.

Contents of circuit 1:  Circuit: 'sky130_fd_sc_hd__o311ai_2'
Circuit sky130_fd_sc_hd__o311ai_2 contains 0 device instances.
Circuit contains 0 nets, and 10 disconnected pins.
Contents of circuit 2:  Circuit: 'sky130_fd_sc_hd__o311ai_2'
Circuit sky130_fd_sc_hd__o311ai_2 contains 20 device instances.
  Class: sky130_fd_pr__pfet_01v8_hvt instances:  10
  Class: sky130_fd_pr__nfet_01v8 instances:  10
Circuit contains 14 nets.

Circuit sky130_fd_sc_hd__o311ai_2 contains no devices.

Contents of circuit 1:  Circuit: 'sky130_fd_sc_hd__and4bb_2'
Circuit sky130_fd_sc_hd__and4bb_2 contains 0 device instances.
Circuit contains 0 nets, and 9 disconnected pins.
Contents of circuit 2:  Circuit: 'sky130_fd_sc_hd__and4bb_2'
Circuit sky130_fd_sc_hd__and4bb_2 contains 16 device instances.
  Class: sky130_fd_pr__pfet_01v8_hvt instances:   8
  Class: sky130_fd_pr__nfet_01v8 instances:   8
Circuit contains 15 nets.

Circuit sky130_fd_sc_hd__and4bb_2 contains no devices.

Contents of circuit 1:  Circuit: 'sky130_fd_sc_hd__o211a_4'
Circuit sky130_fd_sc_hd__o211a_4 contains 0 device instances.
Circuit contains 0 nets, and 9 disconnected pins.
Contents of circuit 2:  Circuit: 'sky130_fd_sc_hd__o211a_4'
Circuit sky130_fd_sc_hd__o211a_4 contains 24 device instances.
  Class: sky130_fd_pr__pfet_01v8_hvt instances:  12
  Class: sky130_fd_pr__nfet_01v8 instances:  12
Circuit contains 15 nets.

Circuit sky130_fd_sc_hd__o211a_4 contains no devices.

Contents of circuit 1:  Circuit: 'sky130_fd_sc_hd__nor3_4'
Circuit sky130_fd_sc_hd__nor3_4 contains 0 device instances.
Circuit contains 0 nets, and 8 disconnected pins.
Contents of circuit 2:  Circuit: 'sky130_fd_sc_hd__nor3_4'
Circuit sky130_fd_sc_hd__nor3_4 contains 24 device instances.
  Class: sky130_fd_pr__pfet_01v8_hvt instances:  12
  Class: sky130_fd_pr__nfet_01v8 instances:  12
Circuit contains 10 nets.

Circuit sky130_fd_sc_hd__nor3_4 contains no devices.

Contents of circuit 1:  Circuit: 'sky130_fd_sc_hd__inv_4'
Circuit sky130_fd_sc_hd__inv_4 contains 0 device instances.
Circuit contains 0 nets, and 6 disconnected pins.
Contents of circuit 2:  Circuit: 'sky130_fd_sc_hd__inv_4'
Circuit sky130_fd_sc_hd__inv_4 contains 8 device instances.
  Class: sky130_fd_pr__pfet_01v8_hvt instances:   4
  Class: sky130_fd_pr__nfet_01v8 instances:   4
Circuit contains 6 nets.

Circuit sky130_fd_sc_hd__inv_4 contains no devices.

Contents of circuit 1:  Circuit: 'sky130_fd_sc_hd__nand3b_4'
Circuit sky130_fd_sc_hd__nand3b_4 contains 0 device instances.
Circuit contains 0 nets, and 8 disconnected pins.
Contents of circuit 2:  Circuit: 'sky130_fd_sc_hd__nand3b_4'
Circuit sky130_fd_sc_hd__nand3b_4 contains 26 device instances.
  Class: sky130_fd_pr__pfet_01v8_hvt instances:  13
  Class: sky130_fd_pr__nfet_01v8 instances:  13
Circuit contains 11 nets.

Circuit sky130_fd_sc_hd__nand3b_4 contains no devices.

Contents of circuit 1:  Circuit: 'sky130_fd_sc_hd__a2bb2oi_2'
Circuit sky130_fd_sc_hd__a2bb2oi_2 contains 0 device instances.
Circuit contains 0 nets, and 9 disconnected pins.
Contents of circuit 2:  Circuit: 'sky130_fd_sc_hd__a2bb2oi_2'
Circuit sky130_fd_sc_hd__a2bb2oi_2 contains 20 device instances.
  Class: sky130_fd_pr__pfet_01v8_hvt instances:  10
  Class: sky130_fd_pr__nfet_01v8 instances:  10
Circuit contains 13 nets.

Circuit sky130_fd_sc_hd__a2bb2oi_2 contains no devices.

Contents of circuit 1:  Circuit: 'sky130_fd_sc_hd__nor2_4'
Circuit sky130_fd_sc_hd__nor2_4 contains 0 device instances.
Circuit contains 0 nets, and 7 disconnected pins.
Contents of circuit 2:  Circuit: 'sky130_fd_sc_hd__nor2_4'
Circuit sky130_fd_sc_hd__nor2_4 contains 16 device instances.
  Class: sky130_fd_pr__pfet_01v8_hvt instances:   8
  Class: sky130_fd_pr__nfet_01v8 instances:   8
Circuit contains 8 nets.

Circuit sky130_fd_sc_hd__nor2_4 contains no devices.

Contents of circuit 1:  Circuit: 'sky130_fd_sc_hd__nand2_4'
Circuit sky130_fd_sc_hd__nand2_4 contains 0 device instances.
Circuit contains 0 nets, and 7 disconnected pins.
Contents of circuit 2:  Circuit: 'sky130_fd_sc_hd__nand2_4'
Circuit sky130_fd_sc_hd__nand2_4 contains 16 device instances.
  Class: sky130_fd_pr__pfet_01v8_hvt instances:   8
  Class: sky130_fd_pr__nfet_01v8 instances:   8
Circuit contains 8 nets.

Circuit sky130_fd_sc_hd__nand2_4 contains no devices.

Contents of circuit 1:  Circuit: 'sky130_fd_sc_hd__o41ai_2'
Circuit sky130_fd_sc_hd__o41ai_2 contains 0 device instances.
Circuit contains 0 nets, and 10 disconnected pins.
Contents of circuit 2:  Circuit: 'sky130_fd_sc_hd__o41ai_2'
Circuit sky130_fd_sc_hd__o41ai_2 contains 20 device instances.
  Class: sky130_fd_pr__pfet_01v8_hvt instances:  10
  Class: sky130_fd_pr__nfet_01v8 instances:  10
Circuit contains 14 nets.

Circuit sky130_fd_sc_hd__o41ai_2 contains no devices.

Contents of circuit 1:  Circuit: 'core'
Circuit core contains 81463 device instances.
  Class: sky130_fd_sc_hd__and4b_4 instances:   6
  Class: sky130_fd_sc_hd__a21o_2 instances: 890
  Class: sky130_fd_sc_hd__o221ai_2 instances:   5
  Class: sky130_fd_sc_hd__inv_8 instances:   3
  Class: sky130_fd_sc_hd__clkbuf_16 instances: 576
  Class: sky130_fd_sc_hd__inv_12 instances:   6
  Class: sky130_fd_sc_hd__nor2_2 instances: 1948
  Class: sky130_fd_sc_hd__clkbuf_4 instances:  97
  Class: sky130_fd_sc_hd__clkinv_16 instances:  27
  Class: sky130_fd_sc_hd__or3b_2 instances: 126
  Class: sky130_fd_sc_hd__conb_1 instances:  48
  Class: sky130_fd_sc_hd__and2b_4 instances:   1
  Class: sky130_fd_sc_hd__nand2_4 instances:   1
  Class: sky130_fd_sc_hd__a22o_2 instances: 2929
  Class: sky130_fd_sc_hd__o21ba_2 instances: 124
  Class: sky130_fd_sc_hd__nand2b_2 instances: 210
  Class: sky130_fd_sc_hd__o21bai_2 instances:  61
  Class: sky130_fd_sc_hd__o311a_2 instances:  25
  Class: sky130_fd_sc_hd__and4bb_2 instances:   8
  Class: sky130_fd_sc_hd__a2bb2oi_2 instances:   1
  Class: sky130_fd_sc_hd__or4_2 instances: 204
  Class: sky130_fd_sc_hd__o41ai_2 instances:   2
  Class: sky130_fd_sc_hd__dfxtp_4 instances:  28
  Class: sky130_fd_sc_hd__a21bo_2 instances: 184
  Class: sky130_fd_sc_hd__a311oi_2 instances:   3
  Class: sky130_fd_sc_hd__inv_6 instances:   3
  Class: sky130_fd_sc_hd__nor3b_2 instances:  10
  Class: sky130_fd_sc_hd__o31a_2 instances:  79
  Class: sky130_fd_sc_hd__nand3b_4 instances:   1
  Class: sky130_fd_sc_hd__clkinv_8 instances:   9
  Class: sky130_fd_sc_hd__and4b_2 instances:  17
  Class: sky130_fd_sc_hd__o32a_2 instances:  41
  Class: sky130_fd_sc_hd__a221oi_2 instances:   1
  Class: sky130_fd_sc_hd__nor4_2 instances:   9
  Class: sky130_fd_sc_hd__buf_6 instances: 550
  Class: sky130_fd_sc_hd__nand2_2 instances: 1364
  Class: sky130_fd_sc_hd__nor2_4 instances:   2
  Class: sky130_fd_sc_hd__clkbuf_2 instances: 218
  Class: sky130_fd_sc_hd__o311ai_2 instances:   4
  Class: sky130_fd_sc_hd__and3b_4 instances:   1
  Class: sky130_fd_sc_hd__a2111o_2 instances:  48
  Class: sky130_fd_sc_hd__fill_1 instances: 6978
  Class: sky130_fd_sc_hd__xor2_2 instances: 1229
  Class: sky130_fd_sc_hd__or3_2 instances: 455
  Class: sky130_fd_sc_hd__nor3_2 instances: 219
  Class: sky130_fd_sc_hd__a211oi_2 instances:  81
  Class: sky130_fd_sc_hd__inv_4 instances:   1
  Class: sky130_fd_sc_hd__and4bb_4 instances:   4
  Class: sky130_fd_sc_hd__o22a_2 instances:  38
  Class: sky130_fd_sc_hd__nand3b_2 instances:  10
  Class: sky130_fd_sc_hd__or2_2 instances: 1426
  Class: sky130_fd_sc_hd__a2111oi_4 instances:   1
  Class: sky130_fd_sc_hd__a2bb2o_2 instances:  26
  Class: sky130_fd_sc_hd__o2bb2a_2 instances: 108
  Class: sky130_fd_sc_hd__clkbuf_8 instances:  12
  Class: sky130_fd_sc_hd__o211a_2 instances: 628
  Class: sky130_fd_sc_hd__a31o_2 instances: 244
  Class: sky130_fd_sc_hd__a221o_2 instances: 634
  Class: sky130_fd_sc_hd__inv_16 instances:   8
  Class: sky130_fd_sc_hd__o21ai_2 instances: 598
  Class: sky130_fd_sc_hd__buf_8 instances:  23
  Class: sky130_fd_sc_hd__decap_3 instances: 35422
  Class: sky130_fd_sc_hd__or3_4 instances:   1
  Class: sky130_fd_sc_hd__nand4_2 instances:   2
  Class: sky130_fd_sc_hd__and3b_2 instances:  58
  Class: sky130_fd_sc_hd__and4_2 instances:  26
  Class: sky130_fd_sc_hd__a32o_2 instances: 147
  Class: sky130_fd_sc_hd__buf_12 instances:  19
  Class: sky130_fd_sc_hd__xnor2_2 instances: 1815
  Class: sky130_fd_sc_hd__and2_4 instances:   2
  Class: sky130_fd_sc_hd__a31oi_2 instances:  33
  Class: sky130_fd_sc_hd__a311o_2 instances:  21
  Class: sky130_fd_sc_hd__and3_2 instances: 622
  Class: sky130_fd_sc_hd__or2_4 instances:   1
  Class: sky130_fd_sc_hd__nor3_4 instances:   1
  Class: sky130_fd_sc_hd__inv_2 instances: 459
  Class: sky130_fd_sc_hd__a211o_2 instances: 426
  Class: sky130_fd_sc_hd__diode_2 instances: 228
  Class: sky130_fd_sc_hd__o31ai_2 instances:  16
  Class: sky130_fd_sc_hd__fill_2 instances: 5986
  Class: sky130_fd_sc_hd__o211a_4 instances:   1
  Class: sky130_fd_sc_hd__o2111a_2 instances:   5
  Class: sky130_fd_sc_hd__o2111ai_2 instances:   1
  Class: sky130_fd_sc_hd__o21a_2 instances: 557
  Class: sky130_fd_sc_hd__buf_2 instances: 454
  Class: sky130_fd_sc_hd__tapvpwrvgnd_1 instances: 6460
  Class: sky130_fd_sc_hd__o21ai_4 instances:   1
  Class: sky130_fd_sc_hd__mux2_1 instances: 138
  Class: sky130_fd_sc_hd__a32oi_2 instances:   4
  Class: sky130_fd_sc_hd__o32ai_2 instances:   2
  Class: sky130_fd_sc_hd__o22ai_2 instances:  10
  Class: sky130_fd_sc_hd__and2b_2 instances: 349
  Class: sky130_fd_sc_hd__nor2_8 instances:  33
  Class: sky130_fd_sc_hd__or4bb_2 instances:  12
  Class: sky130_fd_sc_hd__a21oi_2 instances: 877
  Class: sky130_fd_sc_hd__o211ai_2 instances: 105
  Class: sky130_fd_sc_hd__a22oi_2 instances:  28
  Class: sky130_fd_sc_hd__nand3_2 instances: 387
  Class: sky130_fd_sc_hd__dfxtp_2 instances: 2212
  Class: sky130_fd_sc_hd__o41a_2 instances:   6
  Class: sky130_fd_sc_hd__a21boi_2 instances:  29
  Class: sky130_fd_sc_hd__or4b_2 instances:  38
  Class: sky130_fd_sc_hd__o221a_2 instances: 248
  Class: sky130_fd_sc_hd__a41o_2 instances:   6
  Class: sky130_fd_sc_hd__and2_2 instances: 1597
  Class: sky130_fd_sc_hd__clkinvlp_4 instances:   1
  Class: sky130_fd_sc_hd__fa_1 instances:  24
Circuit contains 26610 nets.
Contents of circuit 2:  Circuit: 'core'
Circuit core contains 81463 device instances.
  Class: sky130_fd_sc_hd__and4b_4 instances:   6
  Class: sky130_fd_sc_hd__a21o_2 instances: 890
  Class: sky130_fd_sc_hd__o221ai_2 instances:   5
  Class: sky130_fd_sc_hd__inv_8 instances:   3
  Class: sky130_fd_sc_hd__clkbuf_16 instances: 576
  Class: sky130_fd_sc_hd__inv_12 instances:   6
  Class: sky130_fd_sc_hd__nor2_2 instances: 1948
  Class: sky130_fd_sc_hd__clkbuf_4 instances:  97
  Class: sky130_fd_sc_hd__clkinv_16 instances:  27
  Class: sky130_fd_sc_hd__or3b_2 instances: 126
  Class: sky130_fd_sc_hd__conb_1 instances:  48
  Class: sky130_fd_sc_hd__and2b_4 instances:   1
  Class: sky130_fd_sc_hd__nand2_4 instances:   1
  Class: sky130_fd_sc_hd__a22o_2 instances: 2929
  Class: sky130_fd_sc_hd__o21ba_2 instances: 124
  Class: sky130_fd_sc_hd__nand2b_2 instances: 210
  Class: sky130_fd_sc_hd__o21bai_2 instances:  61
  Class: sky130_fd_sc_hd__o311a_2 instances:  25
  Class: sky130_fd_sc_hd__and4bb_2 instances:   8
  Class: sky130_fd_sc_hd__a2bb2oi_2 instances:   1
  Class: sky130_fd_sc_hd__or4_2 instances: 204
  Class: sky130_fd_sc_hd__o41ai_2 instances:   2
  Class: sky130_fd_sc_hd__dfxtp_4 instances:  28
  Class: sky130_fd_sc_hd__a21bo_2 instances: 184
  Class: sky130_fd_sc_hd__a311oi_2 instances:   3
  Class: sky130_fd_sc_hd__inv_6 instances:   3
  Class: sky130_fd_sc_hd__nor3b_2 instances:  10
  Class: sky130_fd_sc_hd__o31a_2 instances:  79
  Class: sky130_fd_sc_hd__nand3b_4 instances:   1
  Class: sky130_fd_sc_hd__clkinv_8 instances:   9
  Class: sky130_fd_sc_hd__and4b_2 instances:  17
  Class: sky130_fd_sc_hd__o32a_2 instances:  41
  Class: sky130_fd_sc_hd__a221oi_2 instances:   1
  Class: sky130_fd_sc_hd__nor4_2 instances:   9
  Class: sky130_fd_sc_hd__buf_6 instances: 550
  Class: sky130_fd_sc_hd__nand2_2 instances: 1364
  Class: sky130_fd_sc_hd__nor2_4 instances:   2
  Class: sky130_fd_sc_hd__clkbuf_2 instances: 218
  Class: sky130_fd_sc_hd__o311ai_2 instances:   4
  Class: sky130_fd_sc_hd__and3b_4 instances:   1
  Class: sky130_fd_sc_hd__a2111o_2 instances:  48
  Class: sky130_fd_sc_hd__fill_1 instances: 6978
  Class: sky130_fd_sc_hd__xor2_2 instances: 1229
  Class: sky130_fd_sc_hd__or3_2 instances: 455
  Class: sky130_fd_sc_hd__nor3_2 instances: 219
  Class: sky130_fd_sc_hd__a211oi_2 instances:  81
  Class: sky130_fd_sc_hd__inv_4 instances:   1
  Class: sky130_fd_sc_hd__and4bb_4 instances:   4
  Class: sky130_fd_sc_hd__o22a_2 instances:  38
  Class: sky130_fd_sc_hd__nand3b_2 instances:  10
  Class: sky130_fd_sc_hd__or2_2 instances: 1426
  Class: sky130_fd_sc_hd__a2111oi_4 instances:   1
  Class: sky130_fd_sc_hd__a2bb2o_2 instances:  26
  Class: sky130_fd_sc_hd__o2bb2a_2 instances: 108
  Class: sky130_fd_sc_hd__clkbuf_8 instances:  12
  Class: sky130_fd_sc_hd__o211a_2 instances: 628
  Class: sky130_fd_sc_hd__a31o_2 instances: 244
  Class: sky130_fd_sc_hd__a221o_2 instances: 634
  Class: sky130_fd_sc_hd__inv_16 instances:   8
  Class: sky130_fd_sc_hd__o21ai_2 instances: 598
  Class: sky130_fd_sc_hd__buf_8 instances:  23
  Class: sky130_fd_sc_hd__decap_3 instances: 35422
  Class: sky130_fd_sc_hd__or3_4 instances:   1
  Class: sky130_fd_sc_hd__nand4_2 instances:   2
  Class: sky130_fd_sc_hd__and3b_2 instances:  58
  Class: sky130_fd_sc_hd__and4_2 instances:  26
  Class: sky130_fd_sc_hd__a32o_2 instances: 147
  Class: sky130_fd_sc_hd__buf_12 instances:  19
  Class: sky130_fd_sc_hd__xnor2_2 instances: 1815
  Class: sky130_fd_sc_hd__and2_4 instances:   2
  Class: sky130_fd_sc_hd__a31oi_2 instances:  33
  Class: sky130_fd_sc_hd__a311o_2 instances:  21
  Class: sky130_fd_sc_hd__and3_2 instances: 622
  Class: sky130_fd_sc_hd__or2_4 instances:   1
  Class: sky130_fd_sc_hd__nor3_4 instances:   1
  Class: sky130_fd_sc_hd__inv_2 instances: 459
  Class: sky130_fd_sc_hd__a211o_2 instances: 426
  Class: sky130_fd_sc_hd__diode_2 instances: 228
  Class: sky130_fd_sc_hd__o31ai_2 instances:  16
  Class: sky130_fd_sc_hd__fill_2 instances: 5986
  Class: sky130_fd_sc_hd__o211a_4 instances:   1
  Class: sky130_fd_sc_hd__o2111a_2 instances:   5
  Class: sky130_fd_sc_hd__o2111ai_2 instances:   1
  Class: sky130_fd_sc_hd__o21a_2 instances: 557
  Class: sky130_fd_sc_hd__buf_2 instances: 454
  Class: sky130_fd_sc_hd__tapvpwrvgnd_1 instances: 6460
  Class: sky130_fd_sc_hd__o21ai_4 instances:   1
  Class: sky130_fd_sc_hd__mux2_1 instances: 138
  Class: sky130_fd_sc_hd__a32oi_2 instances:   4
  Class: sky130_fd_sc_hd__o32ai_2 instances:   2
  Class: sky130_fd_sc_hd__o22ai_2 instances:  10
  Class: sky130_fd_sc_hd__and2b_2 instances: 349
  Class: sky130_fd_sc_hd__nor2_8 instances:  33
  Class: sky130_fd_sc_hd__or4bb_2 instances:  12
  Class: sky130_fd_sc_hd__a21oi_2 instances: 877
  Class: sky130_fd_sc_hd__o211ai_2 instances: 105
  Class: sky130_fd_sc_hd__a22oi_2 instances:  28
  Class: sky130_fd_sc_hd__nand3_2 instances: 387
  Class: sky130_fd_sc_hd__dfxtp_2 instances: 2212
  Class: sky130_fd_sc_hd__o41a_2 instances:   6
  Class: sky130_fd_sc_hd__a21boi_2 instances:  29
  Class: sky130_fd_sc_hd__or4b_2 instances:  38
  Class: sky130_fd_sc_hd__o221a_2 instances: 248
  Class: sky130_fd_sc_hd__a41o_2 instances:   6
  Class: sky130_fd_sc_hd__and2_2 instances: 1597
  Class: sky130_fd_sc_hd__clkinvlp_4 instances:   1
  Class: sky130_fd_sc_hd__fa_1 instances:  24
Circuit contains 26610 nets.

Circuit was modified by parallel/series device merging.
New circuit summary:

Contents of circuit 1:  Circuit: 'core'
Circuit core contains 26520 device instances.
  Class: sky130_fd_sc_hd__and4b_4 instances:   6
  Class: sky130_fd_sc_hd__a21o_2 instances: 890
  Class: sky130_fd_sc_hd__o221ai_2 instances:   5
  Class: sky130_fd_sc_hd__inv_8 instances:   3
  Class: sky130_fd_sc_hd__clkbuf_16 instances: 576
  Class: sky130_fd_sc_hd__inv_12 instances:   6
  Class: sky130_fd_sc_hd__nor2_2 instances: 1948
  Class: sky130_fd_sc_hd__clkbuf_4 instances:  97
  Class: sky130_fd_sc_hd__clkinv_16 instances:  27
  Class: sky130_fd_sc_hd__or3b_2 instances: 126
  Class: sky130_fd_sc_hd__conb_1 instances:  48
  Class: sky130_fd_sc_hd__and2b_4 instances:   1
  Class: sky130_fd_sc_hd__nand2_4 instances:   1
  Class: sky130_fd_sc_hd__a22o_2 instances: 2929
  Class: sky130_fd_sc_hd__o21ba_2 instances: 124
  Class: sky130_fd_sc_hd__nand2b_2 instances: 210
  Class: sky130_fd_sc_hd__o21bai_2 instances:  61
  Class: sky130_fd_sc_hd__o311a_2 instances:  25
  Class: sky130_fd_sc_hd__and4bb_2 instances:   8
  Class: sky130_fd_sc_hd__a2bb2oi_2 instances:   1
  Class: sky130_fd_sc_hd__or4_2 instances: 204
  Class: sky130_fd_sc_hd__o41ai_2 instances:   2
  Class: sky130_fd_sc_hd__dfxtp_4 instances:  28
  Class: sky130_fd_sc_hd__a21bo_2 instances: 184
  Class: sky130_fd_sc_hd__a311oi_2 instances:   3
  Class: sky130_fd_sc_hd__inv_6 instances:   3
  Class: sky130_fd_sc_hd__nor3b_2 instances:  10
  Class: sky130_fd_sc_hd__o31a_2 instances:  79
  Class: sky130_fd_sc_hd__nand3b_4 instances:   1
  Class: sky130_fd_sc_hd__clkinv_8 instances:   9
  Class: sky130_fd_sc_hd__and4b_2 instances:  17
  Class: sky130_fd_sc_hd__o32a_2 instances:  41
  Class: sky130_fd_sc_hd__a221oi_2 instances:   1
  Class: sky130_fd_sc_hd__nor4_2 instances:   9
  Class: sky130_fd_sc_hd__buf_6 instances: 550
  Class: sky130_fd_sc_hd__nand2_2 instances: 1364
  Class: sky130_fd_sc_hd__nor2_4 instances:   2
  Class: sky130_fd_sc_hd__clkbuf_2 instances: 218
  Class: sky130_fd_sc_hd__o311ai_2 instances:   4
  Class: sky130_fd_sc_hd__and3b_4 instances:   1
  Class: sky130_fd_sc_hd__a2111o_2 instances:  48
  Class: sky130_fd_sc_hd__fill_1 instances:   1
  Class: sky130_fd_sc_hd__xor2_2 instances: 1229
  Class: sky130_fd_sc_hd__or3_2 instances: 455
  Class: sky130_fd_sc_hd__nor3_2 instances: 219
  Class: sky130_fd_sc_hd__a211oi_2 instances:  81
  Class: sky130_fd_sc_hd__inv_4 instances:   1
  Class: sky130_fd_sc_hd__and4bb_4 instances:   4
  Class: sky130_fd_sc_hd__o22a_2 instances:  38
  Class: sky130_fd_sc_hd__nand3b_2 instances:  10
  Class: sky130_fd_sc_hd__or2_2 instances: 1426
  Class: sky130_fd_sc_hd__a2111oi_4 instances:   1
  Class: sky130_fd_sc_hd__a2bb2o_2 instances:  26
  Class: sky130_fd_sc_hd__o2bb2a_2 instances: 108
  Class: sky130_fd_sc_hd__clkbuf_8 instances:  12
  Class: sky130_fd_sc_hd__o211a_2 instances: 628
  Class: sky130_fd_sc_hd__a31o_2 instances: 244
  Class: sky130_fd_sc_hd__a221o_2 instances: 634
  Class: sky130_fd_sc_hd__inv_16 instances:   8
  Class: sky130_fd_sc_hd__o21ai_2 instances: 598
  Class: sky130_fd_sc_hd__buf_8 instances:  23
  Class: sky130_fd_sc_hd__decap_3 instances:   1
  Class: sky130_fd_sc_hd__or3_4 instances:   1
  Class: sky130_fd_sc_hd__nand4_2 instances:   2
  Class: sky130_fd_sc_hd__and3b_2 instances:  58
  Class: sky130_fd_sc_hd__and4_2 instances:  26
  Class: sky130_fd_sc_hd__a32o_2 instances: 147
  Class: sky130_fd_sc_hd__buf_12 instances:  19
  Class: sky130_fd_sc_hd__xnor2_2 instances: 1815
  Class: sky130_fd_sc_hd__and2_4 instances:   2
  Class: sky130_fd_sc_hd__a31oi_2 instances:  33
  Class: sky130_fd_sc_hd__a311o_2 instances:  21
  Class: sky130_fd_sc_hd__and3_2 instances: 622
  Class: sky130_fd_sc_hd__or2_4 instances:   1
  Class: sky130_fd_sc_hd__nor3_4 instances:   1
  Class: sky130_fd_sc_hd__inv_2 instances: 459
  Class: sky130_fd_sc_hd__a211o_2 instances: 426
  Class: sky130_fd_sc_hd__diode_2 instances: 127
  Class: sky130_fd_sc_hd__o31ai_2 instances:  16
  Class: sky130_fd_sc_hd__fill_2 instances:   1
  Class: sky130_fd_sc_hd__o211a_4 instances:   1
  Class: sky130_fd_sc_hd__o2111a_2 instances:   5
  Class: sky130_fd_sc_hd__o2111ai_2 instances:   1
  Class: sky130_fd_sc_hd__o21a_2 instances: 557
  Class: sky130_fd_sc_hd__buf_2 instances: 454
  Class: sky130_fd_sc_hd__tapvpwrvgnd_1 instances:   1
  Class: sky130_fd_sc_hd__o21ai_4 instances:   1
  Class: sky130_fd_sc_hd__mux2_1 instances: 138
  Class: sky130_fd_sc_hd__a32oi_2 instances:   4
  Class: sky130_fd_sc_hd__o32ai_2 instances:   2
  Class: sky130_fd_sc_hd__o22ai_2 instances:  10
  Class: sky130_fd_sc_hd__and2b_2 instances: 349
  Class: sky130_fd_sc_hd__nor2_8 instances:  33
  Class: sky130_fd_sc_hd__or4bb_2 instances:  12
  Class: sky130_fd_sc_hd__a21oi_2 instances: 877
  Class: sky130_fd_sc_hd__o211ai_2 instances: 105
  Class: sky130_fd_sc_hd__a22oi_2 instances:  28
  Class: sky130_fd_sc_hd__nand3_2 instances: 387
  Class: sky130_fd_sc_hd__dfxtp_2 instances: 2212
  Class: sky130_fd_sc_hd__o41a_2 instances:   6
  Class: sky130_fd_sc_hd__a21boi_2 instances:  29
  Class: sky130_fd_sc_hd__or4b_2 instances:  38
  Class: sky130_fd_sc_hd__o221a_2 instances: 248
  Class: sky130_fd_sc_hd__a41o_2 instances:   6
  Class: sky130_fd_sc_hd__and2_2 instances: 1597
  Class: sky130_fd_sc_hd__clkinvlp_4 instances:   1
  Class: sky130_fd_sc_hd__fa_1 instances:  24
Circuit contains 26610 nets.
Contents of circuit 2:  Circuit: 'core'
Circuit core contains 26520 device instances.
  Class: sky130_fd_sc_hd__and4b_4 instances:   6
  Class: sky130_fd_sc_hd__a21o_2 instances: 890
  Class: sky130_fd_sc_hd__o221ai_2 instances:   5
  Class: sky130_fd_sc_hd__inv_8 instances:   3
  Class: sky130_fd_sc_hd__clkbuf_16 instances: 576
  Class: sky130_fd_sc_hd__inv_12 instances:   6
  Class: sky130_fd_sc_hd__nor2_2 instances: 1948
  Class: sky130_fd_sc_hd__clkbuf_4 instances:  97
  Class: sky130_fd_sc_hd__clkinv_16 instances:  27
  Class: sky130_fd_sc_hd__or3b_2 instances: 126
  Class: sky130_fd_sc_hd__conb_1 instances:  48
  Class: sky130_fd_sc_hd__and2b_4 instances:   1
  Class: sky130_fd_sc_hd__nand2_4 instances:   1
  Class: sky130_fd_sc_hd__a22o_2 instances: 2929
  Class: sky130_fd_sc_hd__o21ba_2 instances: 124
  Class: sky130_fd_sc_hd__nand2b_2 instances: 210
  Class: sky130_fd_sc_hd__o21bai_2 instances:  61
  Class: sky130_fd_sc_hd__o311a_2 instances:  25
  Class: sky130_fd_sc_hd__and4bb_2 instances:   8
  Class: sky130_fd_sc_hd__a2bb2oi_2 instances:   1
  Class: sky130_fd_sc_hd__or4_2 instances: 204
  Class: sky130_fd_sc_hd__o41ai_2 instances:   2
  Class: sky130_fd_sc_hd__dfxtp_4 instances:  28
  Class: sky130_fd_sc_hd__a21bo_2 instances: 184
  Class: sky130_fd_sc_hd__a311oi_2 instances:   3
  Class: sky130_fd_sc_hd__inv_6 instances:   3
  Class: sky130_fd_sc_hd__nor3b_2 instances:  10
  Class: sky130_fd_sc_hd__o31a_2 instances:  79
  Class: sky130_fd_sc_hd__nand3b_4 instances:   1
  Class: sky130_fd_sc_hd__clkinv_8 instances:   9
  Class: sky130_fd_sc_hd__and4b_2 instances:  17
  Class: sky130_fd_sc_hd__o32a_2 instances:  41
  Class: sky130_fd_sc_hd__a221oi_2 instances:   1
  Class: sky130_fd_sc_hd__nor4_2 instances:   9
  Class: sky130_fd_sc_hd__buf_6 instances: 550
  Class: sky130_fd_sc_hd__nand2_2 instances: 1364
  Class: sky130_fd_sc_hd__nor2_4 instances:   2
  Class: sky130_fd_sc_hd__clkbuf_2 instances: 218
  Class: sky130_fd_sc_hd__o311ai_2 instances:   4
  Class: sky130_fd_sc_hd__and3b_4 instances:   1
  Class: sky130_fd_sc_hd__a2111o_2 instances:  48
  Class: sky130_fd_sc_hd__fill_1 instances:   1
  Class: sky130_fd_sc_hd__xor2_2 instances: 1229
  Class: sky130_fd_sc_hd__or3_2 instances: 455
  Class: sky130_fd_sc_hd__nor3_2 instances: 219
  Class: sky130_fd_sc_hd__a211oi_2 instances:  81
  Class: sky130_fd_sc_hd__inv_4 instances:   1
  Class: sky130_fd_sc_hd__and4bb_4 instances:   4
  Class: sky130_fd_sc_hd__o22a_2 instances:  38
  Class: sky130_fd_sc_hd__nand3b_2 instances:  10
  Class: sky130_fd_sc_hd__or2_2 instances: 1426
  Class: sky130_fd_sc_hd__a2111oi_4 instances:   1
  Class: sky130_fd_sc_hd__a2bb2o_2 instances:  26
  Class: sky130_fd_sc_hd__o2bb2a_2 instances: 108
  Class: sky130_fd_sc_hd__clkbuf_8 instances:  12
  Class: sky130_fd_sc_hd__o211a_2 instances: 628
  Class: sky130_fd_sc_hd__a31o_2 instances: 244
  Class: sky130_fd_sc_hd__a221o_2 instances: 634
  Class: sky130_fd_sc_hd__inv_16 instances:   8
  Class: sky130_fd_sc_hd__o21ai_2 instances: 598
  Class: sky130_fd_sc_hd__buf_8 instances:  23
  Class: sky130_fd_sc_hd__decap_3 instances:   1
  Class: sky130_fd_sc_hd__or3_4 instances:   1
  Class: sky130_fd_sc_hd__nand4_2 instances:   2
  Class: sky130_fd_sc_hd__and3b_2 instances:  58
  Class: sky130_fd_sc_hd__and4_2 instances:  26
  Class: sky130_fd_sc_hd__a32o_2 instances: 147
  Class: sky130_fd_sc_hd__buf_12 instances:  19
  Class: sky130_fd_sc_hd__xnor2_2 instances: 1815
  Class: sky130_fd_sc_hd__and2_4 instances:   2
  Class: sky130_fd_sc_hd__a31oi_2 instances:  33
  Class: sky130_fd_sc_hd__a311o_2 instances:  21
  Class: sky130_fd_sc_hd__and3_2 instances: 622
  Class: sky130_fd_sc_hd__or2_4 instances:   1
  Class: sky130_fd_sc_hd__nor3_4 instances:   1
  Class: sky130_fd_sc_hd__inv_2 instances: 459
  Class: sky130_fd_sc_hd__a211o_2 instances: 426
  Class: sky130_fd_sc_hd__diode_2 instances: 127
  Class: sky130_fd_sc_hd__o31ai_2 instances:  16
  Class: sky130_fd_sc_hd__fill_2 instances:   1
  Class: sky130_fd_sc_hd__o211a_4 instances:   1
  Class: sky130_fd_sc_hd__o2111a_2 instances:   5
  Class: sky130_fd_sc_hd__o2111ai_2 instances:   1
  Class: sky130_fd_sc_hd__o21a_2 instances: 557
  Class: sky130_fd_sc_hd__buf_2 instances: 454
  Class: sky130_fd_sc_hd__tapvpwrvgnd_1 instances:   1
  Class: sky130_fd_sc_hd__o21ai_4 instances:   1
  Class: sky130_fd_sc_hd__mux2_1 instances: 138
  Class: sky130_fd_sc_hd__a32oi_2 instances:   4
  Class: sky130_fd_sc_hd__o32ai_2 instances:   2
  Class: sky130_fd_sc_hd__o22ai_2 instances:  10
  Class: sky130_fd_sc_hd__and2b_2 instances: 349
  Class: sky130_fd_sc_hd__nor2_8 instances:  33
  Class: sky130_fd_sc_hd__or4bb_2 instances:  12
  Class: sky130_fd_sc_hd__a21oi_2 instances: 877
  Class: sky130_fd_sc_hd__o211ai_2 instances: 105
  Class: sky130_fd_sc_hd__a22oi_2 instances:  28
  Class: sky130_fd_sc_hd__nand3_2 instances: 387
  Class: sky130_fd_sc_hd__dfxtp_2 instances: 2212
  Class: sky130_fd_sc_hd__o41a_2 instances:   6
  Class: sky130_fd_sc_hd__a21boi_2 instances:  29
  Class: sky130_fd_sc_hd__or4b_2 instances:  38
  Class: sky130_fd_sc_hd__o221a_2 instances: 248
  Class: sky130_fd_sc_hd__a41o_2 instances:   6
  Class: sky130_fd_sc_hd__and2_2 instances: 1597
  Class: sky130_fd_sc_hd__clkinvlp_4 instances:   1
  Class: sky130_fd_sc_hd__fa_1 instances:  24
Circuit contains 26610 nets.

Circuit 1 contains 26520 devices, Circuit 2 contains 26520 devices.
Circuit 1 contains 26610 nets,    Circuit 2 contains 26610 nets.


Final result: 
Circuits match uniquely.
.
Logging to file "/Users/aoxo/vscode/superfloat.gpu/librelane/core/runs/RUN_2026-07-02_10-20-07/72-netgen-lvs/reports/lvs.netgen.rpt" disabled
LVS Done.
