Starting…
Skipping step 'Insert ECO Buffers'…
Skipping step 'Detailed Routing'…
Skipping step 'Remove Obstructions'…
Skipping step 'Check Antennas'…
Skipping step 'Routing DRC Checker'…
Skipping step 'Report Disconnected Pins'…
Skipping step 'Disconnected Pins Checker'…
Skipping step 'Report Wire Length'…
Skipping step 'Wire Length Threshold Checker'…
Skipping step 'Fill Insertion'…
Skipping step 'Generate Cell Frequency Tables'…
Skipping step 'Parasitics (RC) Extraction'…
Skipping step 'STA (Post-PnR)'…
Skipping step 'IR Drop Report'…
Skipping step 'GDSII Stream Out (Magic)'…
Skipping step 'GDSII Stream Out (KLayout)'…
Skipping step 'Write LEF (Magic)'…
Skipping step 'Check Antenna Properties of Pins in The Generated Design LEF view'…
Skipping step 'KLayout vs. Magic XOR'…
Skipping step 'XOR Difference Checker'…
Running 'Magic.DRC' at 'runs/bf16_4_eco_s/01-magic-drc'…
Logging subprocess to [repr.filename]'runs/bf16_4_eco_s/01-magic-drc/magic-drc.log'[/repr.filename]…
Running 'KLayout.DRC' at 'runs/bf16_4_eco_s/02-klayout-drc'…
Running KLayout DRC with 24 threads…
Logging subprocess to [repr.filename]'runs/bf16_4_eco_s/02-klayout-drc/klayout-drc.log'[/repr.filename]…
Logging subprocess to [repr.filename]'runs/bf16_4_eco_s/02-klayout-drc/xml_drc_report_to_json.log'[/repr.filename]…
Running 'Checker.MagicDRC' at 'runs/bf16_4_eco_s/03-checker-magicdrc'…
Check for Magic DRC errors clear.
Running 'Checker.KLayoutDRC' at 'runs/bf16_4_eco_s/04-checker-klayoutdrc'…
Check for KLayout DRC errors clear.
Running 'Magic.SpiceExtraction' at 'runs/bf16_4_eco_s/05-magic-spiceextraction'…
Logging subprocess to [repr.filename]'runs/bf16_4_eco_s/05-magic-spiceextraction/magic-spiceextraction.log'[/repr.filename]…
Running 'Checker.IllegalOverlap' at 'runs/bf16_4_eco_s/06-checker-illegaloverlap'…
Check for Magic Illegal Overlap errors clear.
Running 'Netgen.LVS' at 'runs/bf16_4_eco_s/07-netgen-lvs'…
Logging subprocess to [repr.filename]'runs/bf16_4_eco_s/07-netgen-lvs/netgen-lvs.log'[/repr.filename]…
Running 'Checker.LVS' at 'runs/bf16_4_eco_s/08-checker-lvs'…
Check for LVS errors clear.
Running 'Checker.SetupViolations' at 'runs/bf16_4_eco_s/09-checker-setupviolations'…
No setup violations found
Running 'Checker.HoldViolations' at 'runs/bf16_4_eco_s/10-checker-holdviolations'…
No hold violations found
Running 'Checker.MaxSlewViolations' at 'runs/bf16_4_eco_s/11-checker-maxslewviolations'…
No max slew violations found
Running 'Checker.MaxCapViolations' at 'runs/bf16_4_eco_s/12-checker-maxcapviolations'…
No max cap violations found
Running 'Misc.ReportManufacturability' at 'runs/bf16_4_eco_s/13-misc-reportmanufacturability'…
Saving views to '/home/research/alosh/superfloat.gpu/librelane/core_tile/runs/bf16_4_eco_s/final'…
Flow complete.
