 time 1ns
 capacitance 1pF
 resistance 1kohm
 voltage 1v
 current 1mA
 power 1nW
 distance 1um
== Layer Values (After Set RC) ==
=== Routing Layers ===
Name                Direction           Res/Unit Distance   Cap/Unit Distance   
li1                 VERTICAL            1.000000e-01        8.768172e-05        
met1                HORIZONTAL          1.035714e-03        8.474298e-05        
met2                VERTICAL            1.035714e-03        7.788992e-05        
met3                HORIZONTAL          1.866667e-04        8.568987e-05        
met4                VERTICAL            1.866667e-04        7.587661e-05        
=== Vias ===
Name                Cut Resistance      
licon               0.000000e+00        
mcon                2.300000e-02        
via                 1.500000e-02        
via2                8.000000e-03        
via3                8.000000e-03        
