
===========================================================================
report_checks -unconstrained
===========================================================================
======================= min_ss_100C_1v60 Corner ===================================

Startpoint: _2686_ (rising edge-triggered flip-flop clocked by clk)
Endpoint: _2691_ (rising edge-triggered flip-flop clocked by clk)
Path Group: clk
Path Type: max

Fanout         Cap        Slew       Delay        Time   Description
---------------------------------------------------------------------------------------------
                                  0.000000    0.000000   clock clk (rise edge)
                                  0.000000    0.000000   clock source latency
     1    0.027491    0.202294    0.139585    0.139585 ^ clk (in)
                                                         clk (net)
                      0.202304    0.000000    0.139585 ^ clkbuf_0_clk/A (sky130_fd_sc_hd__clkbuf_16)
    16    0.104844    0.182724    0.380086    0.519670 ^ clkbuf_0_clk/X (sky130_fd_sc_hd__clkbuf_16)
                                                         clknet_0_clk (net)
                      0.182724    0.000545    0.520215 ^ clkbuf_4_11_0_clk/A (sky130_fd_sc_hd__clkbuf_8)
     7    0.033026    0.113081    0.316592    0.836807 ^ clkbuf_4_11_0_clk/X (sky130_fd_sc_hd__clkbuf_8)
                                                         clknet_4_11_0_clk (net)
                      0.113081    0.000411    0.837218 ^ _2686_/CLK (sky130_fd_sc_hd__dfxtp_2)
     3    0.017065    0.153753    0.743719    1.580937 ^ _2686_/Q (sky130_fd_sc_hd__dfxtp_2)
                                                         r3_prod_sign (net)
                      0.153753    0.000590    1.581527 ^ _2334_/B1_N (sky130_fd_sc_hd__o21ba_2)
     3    0.016601    0.119840    0.391700    1.973226 v _2334_/X (sky130_fd_sc_hd__o21ba_2)
                                                         _0324_ (net)
                      0.119840    0.000337    1.973563 v _2335_/A4 (sky130_fd_sc_hd__o41a_2)
     2    0.007762    0.137907    0.791633    2.765197 v _2335_/X (sky130_fd_sc_hd__o41a_2)
                                                         _0325_ (net)
                      0.137907    0.000135    2.765331 v _2336_/B (sky130_fd_sc_hd__or2_2)
     5    0.017205    0.185272    0.760312    3.525643 v _2336_/X (sky130_fd_sc_hd__or2_2)
                                                         _0326_ (net)
                      0.185272    0.000359    3.526002 v _2337_/C (sky130_fd_sc_hd__or3_2)
     3    0.008130    0.197165    1.067443    4.593445 v _2337_/X (sky130_fd_sc_hd__or3_2)
                                                         _0327_ (net)
                      0.197165    0.000142    4.593587 v _2338_/C (sky130_fd_sc_hd__or3_2)
     2    0.005465    0.184160    1.044379    5.637966 v _2338_/X (sky130_fd_sc_hd__or3_2)
                                                         _0328_ (net)
                      0.184160    0.000085    5.638051 v _2354_/B (sky130_fd_sc_hd__and2_2)
     1    0.008452    0.094135    0.483254    6.121305 v _2354_/X (sky130_fd_sc_hd__and2_2)
                                                         _0344_ (net)
                      0.094135    0.000072    6.121377 v _2355_/B (sky130_fd_sc_hd__xnor2_2)
     2    0.006993    0.115652    0.259680    6.381057 v _2355_/Y (sky130_fd_sc_hd__xnor2_2)
                                                         _0345_ (net)
                      0.115652    0.000060    6.381116 v _2356_/B (sky130_fd_sc_hd__and2_2)
     3    0.012295    0.109888    0.469598    6.850714 v _2356_/X (sky130_fd_sc_hd__and2_2)
                                                         _0346_ (net)
                      0.109888    0.000025    6.850740 v _2404_/A (sky130_fd_sc_hd__or2_2)
     2    0.010587    0.150554    0.740944    7.591684 v _2404_/X (sky130_fd_sc_hd__or2_2)
                                                         _0394_ (net)
                      0.150554    0.000068    7.591752 v _2405_/B1_N (sky130_fd_sc_hd__o21ba_2)
     2    0.010846    0.126950    0.558042    8.149793 ^ _2405_/X (sky130_fd_sc_hd__o21ba_2)
                                                         _0395_ (net)
                      0.126950    0.000120    8.149913 ^ _2408_/A2 (sky130_fd_sc_hd__o21bai_2)
     2    0.008214    0.132549    0.163048    8.312962 v _2408_/Y (sky130_fd_sc_hd__o21bai_2)
                                                         _0398_ (net)
                      0.132549    0.000078    8.313040 v _2410_/A2 (sky130_fd_sc_hd__a21oi_2)
     2    0.010158    0.248492    0.327992    8.641031 ^ _2410_/Y (sky130_fd_sc_hd__a21oi_2)
                                                         _0400_ (net)
                      0.248492    0.000105    8.641136 ^ _2411_/B1 (sky130_fd_sc_hd__a21oi_2)
     3    0.013691    0.153565    0.163562    8.804698 v _2411_/Y (sky130_fd_sc_hd__a21oi_2)
                                                         _0401_ (net)
                      0.153565    0.000221    8.804919 v _2413_/A2 (sky130_fd_sc_hd__a21oi_2)
     2    0.014327    0.329415    0.391222    9.196141 ^ _2413_/Y (sky130_fd_sc_hd__a21oi_2)
                                                         _0403_ (net)
                      0.329415    0.000110    9.196251 ^ _2414_/A2 (sky130_fd_sc_hd__a21oi_2)
     2    0.009883    0.127227    0.235592    9.431843 v _2414_/Y (sky130_fd_sc_hd__a21oi_2)
                                                         _0404_ (net)
                      0.127227    0.000145    9.431988 v _2441_/S (sky130_fd_sc_hd__mux2_2)
     1    0.005291    0.091711    0.470620    9.902608 ^ _2441_/X (sky130_fd_sc_hd__mux2_2)
                                                         _0431_ (net)
                      0.091711    0.000056    9.902664 ^ _2442_/B1 (sky130_fd_sc_hd__o31ai_2)
     2    0.015694    0.188511    0.206326   10.108990 v _2442_/Y (sky130_fd_sc_hd__o31ai_2)
                                                         _0432_ (net)
                      0.188511    0.000159   10.109148 v place201/A (sky130_fd_sc_hd__buf_1)
     8    0.024036    0.275762    0.389921   10.499069 v place201/X (sky130_fd_sc_hd__buf_1)
                                                         net201 (net)
                      0.275762    0.000740   10.499809 v place200/A (sky130_fd_sc_hd__buf_1)
     8    0.028664    0.326527    0.462214   10.962024 v place200/X (sky130_fd_sc_hd__buf_1)
                                                         net200 (net)
                      0.326528    0.001152   10.963176 v _2468_/A (sky130_fd_sc_hd__or3_2)
     1    0.003326    0.164849    1.193406   12.156582 v _2468_/X (sky130_fd_sc_hd__or3_2)
                                                         _0455_ (net)
                      0.164849    0.000038   12.156620 v _2469_/B2 (sky130_fd_sc_hd__a22o_2)
     1    0.002014    0.061434    0.435450   12.592070 v _2469_/X (sky130_fd_sc_hd__a22o_2)
                                                         _0456_ (net)
                      0.061434    0.000019   12.592089 v _2470_/B (sky130_fd_sc_hd__and2_2)
     1    0.002678    0.069523    0.384719   12.976808 v _2470_/X (sky130_fd_sc_hd__and2_2)
                                                         _0457_ (net)
                      0.069523    0.000030   12.976838 v _2691_/D (sky130_fd_sc_hd__dfxtp_2)
                                             12.976838   data arrival time

                                 20.000000   20.000000   clock clk (rise edge)
                                  0.000000   20.000000   clock source latency
     1    0.027491    0.202294    0.139584   20.139585 ^ clk (in)
                                                         clk (net)
                      0.202304    0.000000   20.139585 ^ clkbuf_0_clk/A (sky130_fd_sc_hd__clkbuf_16)
    16    0.104844    0.182724    0.380085   20.519670 ^ clkbuf_0_clk/X (sky130_fd_sc_hd__clkbuf_16)
                                                         clknet_0_clk (net)
                      0.182781    0.003178   20.522848 ^ clkbuf_4_15_0_clk/A (sky130_fd_sc_hd__clkbuf_8)
     6    0.021717    0.087509    0.291523   20.814371 ^ clkbuf_4_15_0_clk/X (sky130_fd_sc_hd__clkbuf_8)
                                                         clknet_4_15_0_clk (net)
                      0.087509    0.000275   20.814646 ^ _2691_/CLK (sky130_fd_sc_hd__dfxtp_2)
                                 -0.200000   20.614647   clock uncertainty
                                  0.000000   20.614647   clock reconvergence pessimism
                                 -0.269446   20.345201   library setup time
                                             20.345201   data required time
---------------------------------------------------------------------------------------------
                                             20.345201   data required time
                                            -12.976838   data arrival time
---------------------------------------------------------------------------------------------
                                              7.368364   slack (MET)




===========================================================================
report_checks --slack_max -0.01
============================================================================
======================= min_ss_100C_1v60 Corner ===================================

No paths found.


===========================================================================
 report_check_types -max_slew -max_cap -max_fanout -violators
============================================================================
======================= min_ss_100C_1v60 Corner ===================================

max fanout

Pin                                   Limit Fanout  Slack
---------------------------------------------------------
clkbuf_0_clk/X                            8     16     -8 (VIOLATED)



===========================================================================
report_parasitic_annotation -report_unannotated
============================================================================
Found 17 unannotated drivers.
 _2620__402/HI
 _2621_/SUM
 _2621__401/HI
 clkload0/X
 clkload1/X
 clkload10/X
 clkload11/X
 clkload12/X
 clkload13/X
 clkload2/X
 clkload3/X
 clkload4/X
 clkload5/X
 clkload6/X
 clkload7/X
 clkload8/X
 clkload9/X
Found 0 partially unannotated drivers.

===========================================================================
max slew violation count 0
max fanout violation count 1
max cap violation count 0
============================================================================

===========================================================================
check_setup -verbose -unconstrained_endpoints -multiple_clock -no_clock -no_input_delay -loops -generated_clocks
===========================================================================
