Clock: clk
Sources: clk 
Generated: no
Virtual: yes
Propagated: no
Period: 20.000000

===========================================================================
report_clock_properties
============================================================================
Clock                   Period          Waveform
----------------------------------------------------
clk                  20.000000    0.000000 10.000000

===========================================================================
report_clock_latency
============================================================================
Clock clk
rise -> rise
    min     max
0.000000 0.000000 source latency
0.801106         network latency _2659_/CLK
        0.837796 network latency _2638_/CLK
---------------
0.801106 0.837796 latency
        0.036690 skew

fall -> fall
    min     max
0.000000 0.000000 source latency
0.710547         network latency _2659_/CLK
        0.740778 network latency _2638_/CLK
---------------
0.710547 0.740778 latency
        0.030231 skew



===========================================================================
report_clock_min_period
============================================================================
clk period_min = 12.63 fmax = 79.17
