Clock: clk
Sources: gpio_in[38] 
Generated: no
Virtual: yes
Propagated: no
Period: 20.000000

===========================================================================
report_clock_properties
============================================================================
Clock                   Period          Waveform
----------------------------------------------------
clk                  20.000000    0.000000 10.000000

===========================================================================
report_clock_latency
============================================================================
Clock clk
rise -> rise
    min     max
0.000000 0.000000 source latency
4.642055         network latency _4125_/CLK
        6.686825 network latency _4236_/CLK
---------------
4.642055 6.686825 latency
        2.044770 skew

fall -> fall
    min     max
0.000000 0.000000 source latency
2.083527         network latency chip.gpu_inst.tiles[0].tile/clk
        7.084291 network latency _4236_/CLK
---------------
2.083527 7.084291 latency
        5.000764 skew



===========================================================================
report_clock_min_period
============================================================================
clk period_min = 8.46 fmax = 118.25
