
===========================================================================
 report_power
============================================================================
======================= max_tt_025C_1v80 Corner ===================================

Group                    Internal    Switching      Leakage        Total
                            Power        Power        Power        Power (Watts)
------------------------------------------------------------------------
Sequential           1.974398e-03 0.000000e+00 7.161041e-09 1.974405e-03  26.7%
Combinational        1.922820e-05 4.631445e-05 1.910730e-08 6.556175e-05   0.9%
Clock                3.125057e-03 2.236739e-03 1.414991e-07 5.361937e-03  72.4%
Macro                0.000000e+00 0.000000e+00 0.000000e+00 0.000000e+00   0.0%
Pad                  0.000000e+00 0.000000e+00 0.000000e+00 0.000000e+00   0.0%
------------------------------------------------------------------------
Total                5.118685e-03 2.283053e-03 1.677606e-07 7.401905e-03 100.0%
                            69.2%        30.8%         0.0%

