Clock: clk
Sources: gpio_in[38] 
Generated: no
Virtual: yes
Propagated: no
Period: 20.000000

===========================================================================
report_clock_properties
============================================================================
Clock                   Period          Waveform
----------------------------------------------------
clk                  20.000000    0.000000 10.000000

===========================================================================
report_clock_latency
============================================================================
Clock clk
rise -> rise
    min     max
0.000000 0.000000 source latency
3.065511         network latency _4125_/CLK
        4.295597 network latency _4236_/CLK
---------------
3.065511 4.295597 latency
        1.230086 skew

fall -> fall
    min     max
0.000000 0.000000 source latency
1.313857         network latency chip.gpu_inst.tiles[0].tile/clk
        4.634387 network latency _4236_/CLK
---------------
1.313857 4.634387 latency
        3.320531 skew



===========================================================================
report_clock_min_period
============================================================================
clk period_min = 5.21 fmax = 191.80
