
===========================================================================
report_checks -unconstrained
===========================================================================
======================= max_ff_n40C_1v95 Corner ===================================

Startpoint: _200324_ (rising edge-triggered flip-flop clocked by clk)
Endpoint: _200202_ (rising edge-triggered flip-flop clocked by clk)
Path Group: clk
Path Type: max

Fanout         Cap        Slew       Delay        Time   Description
---------------------------------------------------------------------------------------------
                                  0.000000    0.000000   clock clk (rise edge)
                                  0.000000    0.000000   clock source latency
     2    0.280431    0.000000    0.000000    0.000000 ^ clk (in)
                                                         clk (net)
                      0.409734    0.204867    0.204867 ^ clkbuf_0_clk/A (sky130_fd_sc_hd__clkbuf_16)
     2    0.014044    0.037876    0.129085    0.333952 ^ clkbuf_0_clk/X (sky130_fd_sc_hd__clkbuf_16)
                                                         clknet_0_clk (net)
                      0.037879    0.000820    0.334772 ^ clkbuf_1_1_0_clk/A (sky130_fd_sc_hd__clkbuf_8)
     1    0.033487    0.053588    0.100139    0.434911 ^ clkbuf_1_1_0_clk/X (sky130_fd_sc_hd__clkbuf_8)
                                                         clknet_1_1_0_clk (net)
                      0.054532    0.005528    0.440439 ^ clkbuf_1_1_1_clk/A (sky130_fd_sc_hd__clkbuf_8)
     1    0.056440    0.081663    0.125468    0.565906 ^ clkbuf_1_1_1_clk/X (sky130_fd_sc_hd__clkbuf_8)
                                                         clknet_1_1_1_clk (net)
                      0.082246    0.005520    0.571427 ^ clkbuf_1_1_2_clk/A (sky130_fd_sc_hd__clkbuf_8)
     1    0.059749    0.086439    0.133983    0.705410 ^ clkbuf_1_1_2_clk/X (sky130_fd_sc_hd__clkbuf_8)
                                                         clknet_1_1_2_clk (net)
                      0.088199    0.009756    0.715165 ^ clkbuf_1_1_3_clk/A (sky130_fd_sc_hd__clkbuf_8)
     1    0.051685    0.076523    0.128280    0.843446 ^ clkbuf_1_1_3_clk/X (sky130_fd_sc_hd__clkbuf_8)
                                                         clknet_1_1_3_clk (net)
                      0.078614    0.009935    0.853381 ^ clkbuf_1_1_4_clk/A (sky130_fd_sc_hd__clkbuf_8)
     2    0.025610    0.044185    0.106040    0.959421 ^ clkbuf_1_1_4_clk/X (sky130_fd_sc_hd__clkbuf_8)
                                                         clknet_1_1_4_clk (net)
                      0.044397    0.002130    0.961550 ^ clkbuf_2_3_0_clk/A (sky130_fd_sc_hd__clkbuf_8)
     1    0.031859    0.051393    0.101739    1.063289 ^ clkbuf_2_3_0_clk/X (sky130_fd_sc_hd__clkbuf_8)
                                                         clknet_2_3_0_clk (net)
                      0.051923    0.004088    1.067377 ^ clkbuf_2_3_1_clk/A (sky130_fd_sc_hd__clkbuf_8)
     1    0.031891    0.051425    0.103651    1.171028 ^ clkbuf_2_3_1_clk/X (sky130_fd_sc_hd__clkbuf_8)
                                                         clknet_2_3_1_clk (net)
                      0.051979    0.004166    1.175194 ^ clkbuf_2_3_2_clk/A (sky130_fd_sc_hd__clkbuf_8)
     2    0.024047    0.042223    0.097061    1.272255 ^ clkbuf_2_3_2_clk/X (sky130_fd_sc_hd__clkbuf_8)
                                                         clknet_2_3_2_clk (net)
                      0.042533    0.002812    1.275067 ^ clkbuf_3_7_0_clk/A (sky130_fd_sc_hd__clkbuf_8)
     1    0.036631    0.057114    0.104650    1.379717 ^ clkbuf_3_7_0_clk/X (sky130_fd_sc_hd__clkbuf_8)
                                                         clknet_3_7_0_clk (net)
                      0.058010    0.005604    1.385321 ^ clkbuf_3_7_1_clk/A (sky130_fd_sc_hd__clkbuf_8)
     2    0.043501    0.066071    0.114346    1.499667 ^ clkbuf_3_7_1_clk/X (sky130_fd_sc_hd__clkbuf_8)
                                                         clknet_3_7_1_clk (net)
                      0.067046    0.006328    1.505995 ^ clkbuf_4_15_0_clk/A (sky130_fd_sc_hd__clkbuf_8)
     2    0.048635    0.072620    0.119523    1.625518 ^ clkbuf_4_15_0_clk/X (sky130_fd_sc_hd__clkbuf_8)
                                                         clknet_4_15_0_clk (net)
                      0.075443    0.011212    1.636730 ^ clkbuf_5_30_0_clk/A (sky130_fd_sc_hd__clkbuf_8)
     8    0.139249    0.185302    0.198613    1.835343 ^ clkbuf_5_30_0_clk/X (sky130_fd_sc_hd__clkbuf_8)
                                                         clknet_5_30_0_clk (net)
                      0.187513    0.016245    1.851588 ^ clkbuf_8_245_0_clk/A (sky130_fd_sc_hd__clkbuf_8)
     2    0.025668    0.046669    0.127692    1.979280 ^ clkbuf_8_245_0_clk/X (sky130_fd_sc_hd__clkbuf_8)
                                                         clknet_8_245_0_clk (net)
                      0.046728    0.001435    1.980715 ^ clkbuf_9_491__f_clk/A (sky130_fd_sc_hd__clkbuf_16)
     5    0.063286    0.061868    0.112351    2.093066 ^ clkbuf_9_491__f_clk/X (sky130_fd_sc_hd__clkbuf_16)
                                                         clknet_9_491__leaf_clk (net)
                      0.062603    0.005288    2.098354 ^ clkbuf_leaf_1367_clk/A (sky130_fd_sc_hd__clkbuf_16)
     4    0.013678    0.027247    0.089019    2.187373 ^ clkbuf_leaf_1367_clk/X (sky130_fd_sc_hd__clkbuf_16)
                                                         clknet_leaf_1367_clk (net)
                      0.027247    0.000306    2.187679 ^ _200324_/CLK (sky130_fd_sc_hd__dfxtp_1)
     1    0.008323    0.065668    0.209693    2.397372 ^ _200324_/Q (sky130_fd_sc_hd__dfxtp_1)
                                                         core_instance.data_mem_read_address[3][2] (net)
                      0.065673    0.000649    2.398021 ^ place42482/A (sky130_fd_sc_hd__buf_6)
     1    0.026397    0.046578    0.084051    2.482073 ^ place42482/X (sky130_fd_sc_hd__buf_6)
                                                         net42482 (net)
                      0.046791    0.002477    2.484550 ^ wire62373/A (sky130_fd_sc_hd__clkbuf_4)
     2    0.046324    0.110866    0.144476    2.629026 ^ wire62373/X (sky130_fd_sc_hd__clkbuf_4)
                                                         net62373 (net)
                      0.111957    0.008816    2.637842 ^ wire62372/A (sky130_fd_sc_hd__clkbuf_4)
     2    0.043728    0.104986    0.161045    2.798887 ^ wire62372/X (sky130_fd_sc_hd__clkbuf_4)
                                                         net62372 (net)
                      0.105370    0.005126    2.804013 ^ wire62371/A (sky130_fd_sc_hd__buf_4)
     4    0.045164    0.099069    0.134204    2.938217 ^ wire62371/X (sky130_fd_sc_hd__buf_4)
                                                         net62371 (net)
                      0.100113    0.008157    2.946374 ^ place42481/A (sky130_fd_sc_hd__buf_6)
     7    0.060346    0.095396    0.119657    3.066031 ^ place42481/X (sky130_fd_sc_hd__buf_6)
                                                         net42481 (net)
                      0.097214    0.010460    3.076491 ^ place42478/A (sky130_fd_sc_hd__buf_6)
     6    0.044620    0.073045    0.104138    3.180629 ^ place42478/X (sky130_fd_sc_hd__buf_6)
                                                         net42478 (net)
                      0.074041    0.006774    3.187403 ^ place42477/A (sky130_fd_sc_hd__buf_6)
     8    0.035617    0.059665    0.094110    3.281513 ^ place42477/X (sky130_fd_sc_hd__buf_6)
                                                         net42477 (net)
                      0.060027    0.003696    3.285209 ^ _169632_/B_N (sky130_fd_sc_hd__nor2b_2)
     3    0.026387    0.215061    0.209060    3.494268 ^ _169632_/Y (sky130_fd_sc_hd__nor2b_2)
                                                         _088096_ (net)
                      0.215079    0.001661    3.495930 ^ place39034/A (sky130_fd_sc_hd__buf_6)
     1    0.021329    0.042760    0.090797    3.586727 ^ place39034/X (sky130_fd_sc_hd__buf_6)
                                                         net39034 (net)
                      0.043024    0.002648    3.589375 ^ wire56243/A (sky130_fd_sc_hd__buf_6)
     5    0.067207    0.105291    0.115213    3.704588 ^ wire56243/X (sky130_fd_sc_hd__buf_6)
                                                         net56243 (net)
                      0.106786    0.010060    3.714648 ^ max_length56242/A (sky130_fd_sc_hd__clkbuf_2)
     1    0.037257    0.157345    0.170833    3.885481 ^ max_length56242/X (sky130_fd_sc_hd__clkbuf_2)
                                                         net56242 (net)
                      0.157445    0.003264    3.888746 ^ wire56241/A (sky130_fd_sc_hd__buf_4)
     2    0.045860    0.100286    0.143411    4.032156 ^ wire56241/X (sky130_fd_sc_hd__buf_4)
                                                         net56241 (net)
                      0.101179    0.007585    4.039741 ^ wire56240/A (sky130_fd_sc_hd__clkbuf_4)
     2    0.036843    0.090086    0.146809    4.186550 ^ wire56240/X (sky130_fd_sc_hd__clkbuf_4)
                                                         net56240 (net)
                      0.090812    0.006461    4.193011 ^ wire56239/A (sky130_fd_sc_hd__buf_4)
     2    0.049296    0.107247    0.136277    4.329288 ^ wire56239/X (sky130_fd_sc_hd__buf_4)
                                                         net56239 (net)
                      0.108768    0.010203    4.339491 ^ wire56238/A (sky130_fd_sc_hd__clkbuf_4)
     1    0.036782    0.090022    0.150161    4.489652 ^ wire56238/X (sky130_fd_sc_hd__clkbuf_4)
                                                         net56238 (net)
                      0.090264    0.003392    4.493044 ^ place39033/A (sky130_fd_sc_hd__buf_6)
     1    0.017303    0.034951    0.078330    4.571374 ^ place39033/X (sky130_fd_sc_hd__buf_6)
                                                         net39033 (net)
                      0.035123    0.001749    4.573123 ^ wire55811/A (sky130_fd_sc_hd__buf_6)
     3    0.062131    0.097818    0.108949    4.682073 ^ wire55811/X (sky130_fd_sc_hd__buf_6)
                                                         net55811 (net)
                      0.099013    0.008677    4.690750 ^ place39032/A (sky130_fd_sc_hd__buf_6)
     2    0.036821    0.061498    0.098192    4.788941 ^ place39032/X (sky130_fd_sc_hd__buf_6)
                                                         net39032 (net)
                      0.062389    0.005854    4.794796 ^ wire55278/A (sky130_fd_sc_hd__buf_6)
     4    0.058944    0.093497    0.111227    4.906023 ^ wire55278/X (sky130_fd_sc_hd__buf_6)
                                                         net55278 (net)
                      0.095708    0.011394    4.917417 ^ place39031/A (sky130_fd_sc_hd__buf_6)
     8    0.089923    0.136849    0.148046    5.065462 ^ place39031/X (sky130_fd_sc_hd__buf_6)
                                                         net39031 (net)
                      0.139294    0.014555    5.080017 ^ place39030/A (sky130_fd_sc_hd__buf_6)
     6    0.028619    0.050668    0.095618    5.175634 ^ place39030/X (sky130_fd_sc_hd__buf_6)
                                                         net39030 (net)
                      0.050897    0.002682    5.178316 ^ place39029/A (sky130_fd_sc_hd__buf_6)
     5    0.065053    0.101692    0.118700    5.297016 ^ place39029/X (sky130_fd_sc_hd__buf_6)
                                                         net39029 (net)
                      0.102020    0.004711    5.301728 ^ place39028/A (sky130_fd_sc_hd__buf_6)
     8    0.052573    0.083868    0.115514    5.417242 ^ place39028/X (sky130_fd_sc_hd__buf_6)
                                                         net39028 (net)
                      0.084160    0.003984    5.421227 ^ place39027/A (sky130_fd_sc_hd__buf_6)
     8    0.044103    0.071663    0.103030    5.524256 ^ place39027/X (sky130_fd_sc_hd__buf_6)
                                                         net39027 (net)
                      0.072611    0.006552    5.530808 ^ place39026/A (sky130_fd_sc_hd__buf_6)
     7    0.051362    0.082420    0.107506    5.638315 ^ place39026/X (sky130_fd_sc_hd__buf_6)
                                                         net39026 (net)
                      0.083505    0.007542    5.645857 ^ place39025/A (sky130_fd_sc_hd__buf_6)
     7    0.036947    0.061662    0.097133    5.742990 ^ place39025/X (sky130_fd_sc_hd__buf_6)
                                                         net39025 (net)
                      0.061849    0.002713    5.745703 ^ _174518_/A2 (sky130_fd_sc_hd__a22o_1)
     1    0.003435    0.035594    0.083245    5.828948 ^ _174518_/X (sky130_fd_sc_hd__a22o_1)
                                                         _092789_ (net)
                      0.035596    0.000227    5.829175 ^ _174519_/C1 (sky130_fd_sc_hd__a221oi_1)
     1    0.002623    0.050827    0.025553    5.854729 v _174519_/Y (sky130_fd_sc_hd__a221oi_1)
                                                         _092790_ (net)
                      0.050827    0.000185    5.854914 v _174522_/A2 (sky130_fd_sc_hd__o22ai_1)
     1    0.005449    0.116221    0.119420    5.974334 ^ _174522_/Y (sky130_fd_sc_hd__o22ai_1)
                                                         _092793_ (net)
                      0.116221    0.000261    5.974594 ^ place35661/A (sky130_fd_sc_hd__buf_6)
     1    0.026066    0.046801    0.091483    6.066077 ^ place35661/X (sky130_fd_sc_hd__buf_6)
                                                         net35661 (net)
                      0.046968    0.002195    6.068272 ^ wire51269/A (sky130_fd_sc_hd__clkbuf_2)
     1    0.025869    0.111326    0.125940    6.194212 ^ wire51269/X (sky130_fd_sc_hd__clkbuf_2)
                                                         net51269 (net)
                      0.111498    0.003552    6.197764 ^ wire51268/A (sky130_fd_sc_hd__buf_6)
     1    0.018058    0.036362    0.082416    6.280180 ^ wire51268/X (sky130_fd_sc_hd__buf_6)
                                                         net51268 (net)
                      0.036520    0.001715    6.281895 ^ wire66079/A (sky130_fd_sc_hd__clkbuf_2)
     1    0.035781    0.151510    0.149295    6.431190 ^ wire66079/X (sky130_fd_sc_hd__clkbuf_2)
                                                         net66079 (net)
                      0.151803    0.005416    6.436606 ^ wire66078/A (sky130_fd_sc_hd__buf_4)
     1    0.052806    0.113914    0.152939    6.589546 ^ wire66078/X (sky130_fd_sc_hd__buf_4)
                                                         net66078 (net)
                      0.114355    0.005759    6.595305 ^ _174529_/A1 (sky130_fd_sc_hd__o311ai_4)
     1    0.014622    0.075908    0.079659    6.674964 v _174529_/Y (sky130_fd_sc_hd__o311ai_4)
                                                         _092800_ (net)
                      0.075915    0.001441    6.676405 v wire66074/A (sky130_fd_sc_hd__clkbuf_2)
     1    0.038139    0.101230    0.151172    6.827578 v wire66074/X (sky130_fd_sc_hd__clkbuf_2)
                                                         net66074 (net)
                      0.101407    0.003254    6.830831 v wire51196/A (sky130_fd_sc_hd__clkbuf_2)
     1    0.026624    0.073653    0.140085    6.970916 v wire51196/X (sky130_fd_sc_hd__clkbuf_2)
                                                         net51196 (net)
                      0.073759    0.002469    6.973385 v place35190/A (sky130_fd_sc_hd__buf_6)
     1    0.035565    0.033751    0.107254    7.080638 v place35190/X (sky130_fd_sc_hd__buf_6)
                                                         net35190 (net)
                      0.035238    0.005461    7.086099 v wire50826/A (sky130_fd_sc_hd__clkbuf_4)
     1    0.036005    0.059992    0.123296    7.209395 v wire50826/X (sky130_fd_sc_hd__clkbuf_4)
                                                         net50826 (net)
                      0.060991    0.006169    7.215565 v _174541_/A3 (sky130_fd_sc_hd__a41oi_4)
     1    0.026711    0.225268    0.231858    7.447423 ^ _174541_/Y (sky130_fd_sc_hd__a41oi_4)
                                                         _005638_ (net)
                      0.225350    0.003847    7.451270 ^ place34894/A (sky130_fd_sc_hd__buf_6)
     1    0.017708    0.038046    0.087700    7.538970 ^ place34894/X (sky130_fd_sc_hd__buf_6)
                                                         net34894 (net)
                      0.038179    0.001555    7.540525 ^ wire66048/A (sky130_fd_sc_hd__clkbuf_2)
     1    0.030021    0.128151    0.134675    7.675200 ^ wire66048/X (sky130_fd_sc_hd__clkbuf_2)
                                                         net66048 (net)
                      0.128364    0.004241    7.679441 ^ wire66047/A (sky130_fd_sc_hd__clkbuf_4)
     1    0.039097    0.095104    0.157119    7.836560 ^ wire66047/X (sky130_fd_sc_hd__clkbuf_4)
                                                         net66047 (net)
                      0.095743    0.006250    7.842810 ^ wire50576/A (sky130_fd_sc_hd__clkbuf_2)
     1    0.035652    0.151005    0.162870    8.005680 ^ wire50576/X (sky130_fd_sc_hd__clkbuf_2)
                                                         net50576 (net)
                      0.151383    0.006130    8.011810 ^ wire50575/A (sky130_fd_sc_hd__buf_6)
     1    0.039948    0.066932    0.105059    8.116869 ^ wire50575/X (sky130_fd_sc_hd__buf_6)
                                                         net50575 (net)
                      0.068302    0.007546    8.124415 ^ wire50574/A (sky130_fd_sc_hd__buf_6)
     1    0.003340    0.016497    0.059430    8.183845 ^ wire50574/X (sky130_fd_sc_hd__buf_6)
                                                         net50574 (net)
                      0.016498    0.000221    8.184066 ^ wire66037/A (sky130_fd_sc_hd__clkbuf_4)
     1    0.034723    0.085228    0.119003    8.303069 ^ wire66037/X (sky130_fd_sc_hd__clkbuf_4)
                                                         net66037 (net)
                      0.086013    0.006534    8.309603 ^ _200202_/D (sky130_fd_sc_hd__dfxtp_1)
                                              8.309603   data arrival time

                                 20.000000   20.000000   clock clk (rise edge)
                                  0.000000   20.000000   clock source latency
     2    0.280431    0.000000    0.000000   20.000000 ^ clk (in)
                                                         clk (net)
                      0.409734    0.204867   20.204868 ^ clkbuf_0_clk/A (sky130_fd_sc_hd__clkbuf_16)
     2    0.014044    0.037876    0.129084   20.333952 ^ clkbuf_0_clk/X (sky130_fd_sc_hd__clkbuf_16)
                                                         clknet_0_clk (net)
                      0.037879    0.000821   20.334772 ^ clkbuf_1_1_0_clk/A (sky130_fd_sc_hd__clkbuf_8)
     1    0.033487    0.053588    0.100139   20.434912 ^ clkbuf_1_1_0_clk/X (sky130_fd_sc_hd__clkbuf_8)
                                                         clknet_1_1_0_clk (net)
                      0.054532    0.005528   20.440439 ^ clkbuf_1_1_1_clk/A (sky130_fd_sc_hd__clkbuf_8)
     1    0.056440    0.081663    0.125468   20.565907 ^ clkbuf_1_1_1_clk/X (sky130_fd_sc_hd__clkbuf_8)
                                                         clknet_1_1_1_clk (net)
                      0.082246    0.005521   20.571428 ^ clkbuf_1_1_2_clk/A (sky130_fd_sc_hd__clkbuf_8)
     1    0.059749    0.086439    0.133982   20.705410 ^ clkbuf_1_1_2_clk/X (sky130_fd_sc_hd__clkbuf_8)
                                                         clknet_1_1_2_clk (net)
                      0.088199    0.009756   20.715166 ^ clkbuf_1_1_3_clk/A (sky130_fd_sc_hd__clkbuf_8)
     1    0.051685    0.076523    0.128281   20.843447 ^ clkbuf_1_1_3_clk/X (sky130_fd_sc_hd__clkbuf_8)
                                                         clknet_1_1_3_clk (net)
                      0.078614    0.009935   20.853382 ^ clkbuf_1_1_4_clk/A (sky130_fd_sc_hd__clkbuf_8)
     2    0.025610    0.044185    0.106040   20.959421 ^ clkbuf_1_1_4_clk/X (sky130_fd_sc_hd__clkbuf_8)
                                                         clknet_1_1_4_clk (net)
                      0.044397    0.002130   20.961552 ^ clkbuf_2_3_0_clk/A (sky130_fd_sc_hd__clkbuf_8)
     1    0.031859    0.051393    0.101739   21.063290 ^ clkbuf_2_3_0_clk/X (sky130_fd_sc_hd__clkbuf_8)
                                                         clknet_2_3_0_clk (net)
                      0.051923    0.004087   21.067377 ^ clkbuf_2_3_1_clk/A (sky130_fd_sc_hd__clkbuf_8)
     1    0.031891    0.051425    0.103650   21.171028 ^ clkbuf_2_3_1_clk/X (sky130_fd_sc_hd__clkbuf_8)
                                                         clknet_2_3_1_clk (net)
                      0.051979    0.004166   21.175194 ^ clkbuf_2_3_2_clk/A (sky130_fd_sc_hd__clkbuf_8)
     2    0.024047    0.042223    0.097062   21.272255 ^ clkbuf_2_3_2_clk/X (sky130_fd_sc_hd__clkbuf_8)
                                                         clknet_2_3_2_clk (net)
                      0.042533    0.002812   21.275068 ^ clkbuf_3_7_0_clk/A (sky130_fd_sc_hd__clkbuf_8)
     1    0.036631    0.057114    0.104649   21.379717 ^ clkbuf_3_7_0_clk/X (sky130_fd_sc_hd__clkbuf_8)
                                                         clknet_3_7_0_clk (net)
                      0.058010    0.005604   21.385321 ^ clkbuf_3_7_1_clk/A (sky130_fd_sc_hd__clkbuf_8)
     2    0.043501    0.066071    0.114348   21.499668 ^ clkbuf_3_7_1_clk/X (sky130_fd_sc_hd__clkbuf_8)
                                                         clknet_3_7_1_clk (net)
                      0.067106    0.006517   21.506186 ^ clkbuf_4_14_0_clk/A (sky130_fd_sc_hd__clkbuf_8)
     2    0.045611    0.068896    0.116929   21.623114 ^ clkbuf_4_14_0_clk/X (sky130_fd_sc_hd__clkbuf_8)
                                                         clknet_4_14_0_clk (net)
                      0.071294    0.010042   21.633156 ^ clkbuf_5_28_0_clk/A (sky130_fd_sc_hd__clkbuf_8)
     8    0.145595    0.193247    0.197732   21.830889 ^ clkbuf_5_28_0_clk/X (sky130_fd_sc_hd__clkbuf_8)
                                                         clknet_5_28_0_clk (net)
                      0.195719    0.017630   21.848518 ^ clkbuf_8_228_0_clk/A (sky130_fd_sc_hd__clkbuf_8)
     2    0.026444    0.047795    0.129534   21.978052 ^ clkbuf_8_228_0_clk/X (sky130_fd_sc_hd__clkbuf_8)
                                                         clknet_8_228_0_clk (net)
                      0.047923    0.002064   21.980116 ^ clkbuf_9_457__f_clk/A (sky130_fd_sc_hd__clkbuf_16)
     5    0.058263    0.058241    0.111223   22.091339 ^ clkbuf_9_457__f_clk/X (sky130_fd_sc_hd__clkbuf_16)
                                                         clknet_9_457__leaf_clk (net)
                      0.058440    0.002387   22.093727 ^ clkbuf_leaf_1060_clk/A (sky130_fd_sc_hd__clkbuf_16)
     3    0.011592    0.025788    0.086418   22.180145 ^ clkbuf_leaf_1060_clk/X (sky130_fd_sc_hd__clkbuf_16)
                                                         clknet_leaf_1060_clk (net)
                      0.025790    0.000592   22.180737 ^ _200202_/CLK (sky130_fd_sc_hd__dfxtp_1)
                                 -0.250000   21.930737   clock uncertainty
                                  0.000000   21.930737   clock reconvergence pessimism
                                 -0.034051   21.896687   library setup time
                                             21.896687   data required time
---------------------------------------------------------------------------------------------
                                             21.896687   data required time
                                             -8.309603   data arrival time
---------------------------------------------------------------------------------------------
                                             13.587083   slack (MET)




===========================================================================
report_checks --slack_max -0.01
============================================================================
======================= max_ff_n40C_1v95 Corner ===================================

No paths found.


===========================================================================
 report_check_types -max_slew -max_cap -max_fanout -violators
============================================================================
======================= max_ff_n40C_1v95 Corner ===================================



===========================================================================
report_parasitic_annotation -report_unannotated
============================================================================
Found 774 unannotated drivers.
 clkload0/Y
 clkload1/Y
 clkload10/Y
 clkload100/X
 clkload101/X
 clkload102/Y
 clkload103/X
 clkload104/X
 clkload105/Y
 clkload106/Y
 clkload107/X
 clkload108/X
 clkload109/X
 clkload11/Y
 clkload110/Y
 clkload111/Y
 clkload112/Y
 clkload113/X
 clkload114/Y
 clkload115/Y
 clkload116/Y
 clkload117/X
 clkload118/X
 clkload119/X
 clkload12/Y
 clkload120/Y
 clkload121/Y
 clkload122/Y
 clkload123/X
 clkload124/Y
 clkload125/X
 clkload126/Y
 clkload127/Y
 clkload128/Y
 clkload129/Y
 clkload13/Y
 clkload130/Y
 clkload131/Y
 clkload132/X
 clkload133/Y
 clkload134/X
 clkload135/Y
 clkload136/Y
 clkload137/X
 clkload138/Y
 clkload139/X
 clkload14/Y
 clkload140/Y
 clkload141/X
 clkload142/Y
 clkload143/X
 clkload144/Y
 clkload145/X
 clkload146/Y
 clkload147/X
 clkload148/X
 clkload149/Y
 clkload15/Y
 clkload150/X
 clkload151/Y
 clkload152/Y
 clkload153/X
 clkload154/X
 clkload155/X
 clkload156/Y
 clkload157/Y
 clkload158/X
 clkload159/X
 clkload16/Y
 clkload160/X
 clkload161/Y
 clkload162/X
 clkload163/X
 clkload164/Y
 clkload165/Y
 clkload166/Y
 clkload167/X
 clkload168/X
 clkload169/Y
 clkload17/X
 clkload170/X
 clkload171/X
 clkload172/Y
 clkload173/X
 clkload174/X
 clkload175/X
 clkload176/Y
 clkload177/X
 clkload178/Y
 clkload179/Y
 clkload18/Y
 clkload180/X
 clkload181/Y
 clkload182/X
 clkload183/Y
 clkload184/X
 clkload185/X
 clkload186/Y
 clkload187/X
 clkload188/X
 clkload189/X
 clkload19/Y
 clkload190/X
 clkload191/Y
 clkload192/Y
 clkload193/Y
 clkload194/Y
 clkload195/Y
 clkload196/X
 clkload197/Y
 clkload198/Y
 clkload199/Y
 clkload2/Y
 clkload20/Y
 clkload200/X
 clkload201/Y
 clkload202/Y
 clkload203/Y
 clkload204/Y
 clkload205/Y
 clkload206/Y
 clkload207/Y
 clkload208/Y
 clkload209/Y
 clkload21/Y
 clkload210/Y
 clkload211/Y
 clkload212/Y
 clkload213/Y
 clkload214/Y
 clkload215/Y
 clkload216/Y
 clkload217/Y
 clkload218/X
 clkload219/X
 clkload22/Y
 clkload220/X
 clkload221/Y
 clkload222/Y
 clkload223/Y
 clkload224/Y
 clkload225/Y
 clkload226/Y
 clkload227/Y
 clkload228/Y
 clkload229/Y
 clkload23/Y
 clkload230/Y
 clkload231/Y
 clkload232/Y
 clkload233/Y
 clkload234/Y
 clkload235/Y
 clkload236/Y
 clkload237/Y
 clkload238/Y
 clkload239/Y
 clkload24/X
 clkload240/Y
 clkload241/Y
 clkload242/Y
 clkload243/Y
 clkload244/Y
 clkload245/Y
 clkload246/Y
 clkload247/Y
 clkload248/Y
 clkload249/Y
 clkload25/X
 clkload250/Y
 clkload251/Y
 clkload252/Y
 clkload253/Y
 clkload254/Y
 clkload255/Y
 clkload256/Y
 clkload257/Y
 clkload258/Y
 clkload259/Y
 clkload26/Y
 clkload260/Y
 clkload261/Y
 clkload262/Y
 clkload263/Y
 clkload264/Y
 clkload265/Y
 clkload266/Y
 clkload267/Y
 clkload268/X
 clkload269/Y
 clkload27/X
 clkload270/Y
 clkload271/X
 clkload272/X
 clkload273/Y
 clkload274/Y
 clkload275/Y
 clkload276/Y
 clkload277/Y
 clkload278/Y
 clkload279/Y
 clkload28/Y
 clkload280/Y
 clkload281/Y
 clkload282/Y
 clkload283/Y
 clkload284/Y
 clkload285/Y
 clkload286/Y
 clkload287/Y
 clkload288/Y
 clkload289/Y
 clkload29/X
 clkload290/Y
 clkload291/Y
 clkload292/Y
 clkload293/Y
 clkload294/Y
 clkload295/Y
 clkload296/Y
 clkload297/Y
 clkload298/Y
 clkload299/Y
 clkload3/Y
 clkload30/Y
 clkload300/Y
 clkload301/Y
 clkload302/Y
 clkload303/Y
 clkload304/X
 clkload305/X
 clkload306/Y
 clkload307/Y
 clkload308/Y
 clkload309/Y
 clkload31/Y
 clkload310/X
 clkload311/X
 clkload312/Y
 clkload313/Y
 clkload314/X
 clkload315/Y
 clkload316/Y
 clkload317/X
 clkload318/Y
 clkload319/Y
 clkload32/X
 clkload320/Y
 clkload321/Y
 clkload322/Y
 clkload323/Y
 clkload324/Y
 clkload325/Y
 clkload326/Y
 clkload327/Y
 clkload328/Y
 clkload329/Y
 clkload33/Y
 clkload330/Y
 clkload331/Y
 clkload332/Y
 clkload333/Y
 clkload334/Y
 clkload335/Y
 clkload336/Y
 clkload337/Y
 clkload338/Y
 clkload339/Y
 clkload34/Y
 clkload340/Y
 clkload341/Y
 clkload342/Y
 clkload343/Y
 clkload344/Y
 clkload345/Y
 clkload346/Y
 clkload347/Y
 clkload348/Y
 clkload349/Y
 clkload35/Y
 clkload350/Y
 clkload351/Y
 clkload352/Y
 clkload353/Y
 clkload354/Y
 clkload355/Y
 clkload356/Y
 clkload357/Y
 clkload358/Y
 clkload359/Y
 clkload36/Y
 clkload360/Y
 clkload361/Y
 clkload362/Y
 clkload363/Y
 clkload364/Y
 clkload365/Y
 clkload366/Y
 clkload367/Y
 clkload368/Y
 clkload369/Y
 clkload37/X
 clkload370/Y
 clkload371/Y
 clkload372/Y
 clkload373/Y
 clkload374/Y
 clkload375/Y
 clkload376/Y
 clkload377/Y
 clkload378/Y
 clkload379/Y
 clkload38/Y
 clkload380/Y
 clkload381/Y
 clkload382/Y
 clkload383/X
 clkload384/Y
 clkload385/Y
 clkload386/Y
 clkload387/Y
 clkload388/Y
 clkload389/Y
 clkload39/Y
 clkload390/Y
 clkload391/Y
 clkload392/Y
 clkload393/Y
 clkload394/Y
 clkload395/Y
 clkload396/Y
 clkload397/Y
 clkload398/Y
 clkload399/Y
 clkload4/X
 clkload40/Y
 clkload400/Y
 clkload401/Y
 clkload402/Y
 clkload403/Y
 clkload404/Y
 clkload405/Y
 clkload406/Y
 clkload407/Y
 clkload408/Y
 clkload409/Y
 clkload41/X
 clkload410/Y
 clkload411/Y
 clkload412/Y
 clkload413/Y
 clkload414/X
 clkload415/X
 clkload416/Y
 clkload417/X
 clkload418/Y
 clkload419/X
 clkload42/Y
 clkload420/Y
 clkload421/Y
 clkload422/Y
 clkload423/Y
 clkload424/X
 clkload425/Y
 clkload426/Y
 clkload427/Y
 clkload428/X
 clkload429/Y
 clkload43/X
 clkload430/X
 clkload431/Y
 clkload432/X
 clkload433/X
 clkload434/Y
 clkload435/Y
 clkload436/X
 clkload437/X
 clkload438/X
 clkload439/X
 clkload44/Y
 clkload440/Y
 clkload441/X
 clkload442/X
 clkload443/Y
 clkload444/Y
 clkload445/Y
 clkload446/Y
 clkload447/Y
 clkload448/Y
 clkload449/Y
 clkload45/Y
 clkload450/X
 clkload451/Y
 clkload452/Y
 clkload453/Y
 clkload454/Y
 clkload455/Y
 clkload456/Y
 clkload457/Y
 clkload458/Y
 clkload459/Y
 clkload46/Y
 clkload460/Y
 clkload461/Y
 clkload462/Y
 clkload463/Y
 clkload464/Y
 clkload465/Y
 clkload466/Y
 clkload467/Y
 clkload468/Y
 clkload469/Y
 clkload47/X
 clkload470/Y
 clkload471/Y
 clkload472/Y
 clkload473/Y
 clkload474/Y
 clkload475/X
 clkload476/Y
 clkload477/Y
 clkload478/Y
 clkload479/Y
 clkload48/Y
 clkload480/Y
 clkload481/Y
 clkload482/Y
 clkload483/Y
 clkload484/Y
 clkload485/Y
 clkload486/Y
 clkload487/X
 clkload488/Y
 clkload489/Y
 clkload49/X
 clkload490/Y
 clkload491/Y
 clkload492/Y
 clkload493/Y
 clkload494/Y
 clkload495/Y
 clkload496/Y
 clkload497/Y
 clkload498/Y
 clkload499/Y
 clkload5/Y
 clkload50/Y
 clkload500/Y
 clkload501/Y
 clkload502/Y
 clkload503/Y
 clkload504/Y
 clkload505/X
 clkload506/Y
 clkload507/Y
 clkload508/Y
 clkload509/Y
 clkload51/Y
 clkload510/Y
 clkload511/Y
 clkload512/Y
 clkload513/Y
 clkload514/Y
 clkload515/Y
 clkload516/Y
 clkload517/Y
 clkload518/Y
 clkload519/Y
 clkload52/X
 clkload520/Y
 clkload521/Y
 clkload522/Y
 clkload523/Y
 clkload524/Y
 clkload525/Y
 clkload526/Y
 clkload527/Y
 clkload528/Y
 clkload529/Y
 clkload53/X
 clkload530/Y
 clkload531/Y
 clkload532/Y
 clkload533/Y
 clkload534/Y
 clkload535/Y
 clkload536/Y
 clkload537/Y
 clkload538/Y
 clkload539/Y
 clkload54/X
 clkload540/Y
 clkload541/Y
 clkload542/Y
 clkload543/Y
 clkload544/Y
 clkload545/Y
 clkload546/Y
 clkload547/Y
 clkload548/Y
 clkload549/Y
 clkload55/Y
 clkload550/Y
 clkload551/Y
 clkload552/Y
 clkload553/Y
 clkload554/Y
 clkload555/Y
 clkload556/Y
 clkload557/Y
 clkload558/Y
 clkload559/Y
 clkload56/X
 clkload560/Y
 clkload561/Y
 clkload562/Y
 clkload563/Y
 clkload564/Y
 clkload565/Y
 clkload566/Y
 clkload567/Y
 clkload568/Y
 clkload569/Y
 clkload57/Y
 clkload570/Y
 clkload571/Y
 clkload572/X
 clkload573/Y
 clkload574/Y
 clkload575/Y
 clkload576/Y
 clkload577/Y
 clkload578/Y
 clkload579/Y
 clkload58/Y
 clkload580/Y
 clkload581/X
 clkload582/Y
 clkload583/Y
 clkload584/Y
 clkload585/Y
 clkload586/Y
 clkload587/Y
 clkload588/Y
 clkload589/Y
 clkload59/X
 clkload590/Y
 clkload591/Y
 clkload592/Y
 clkload593/Y
 clkload594/Y
 clkload595/Y
 clkload596/Y
 clkload597/Y
 clkload598/Y
 clkload599/Y
 clkload6/Y
 clkload60/X
 clkload600/Y
 clkload601/Y
 clkload602/Y
 clkload603/Y
 clkload604/Y
 clkload605/Y
 clkload606/Y
 clkload607/Y
 clkload608/Y
 clkload609/Y
 clkload61/Y
 clkload610/Y
 clkload611/Y
 clkload612/Y
 clkload613/Y
 clkload614/Y
 clkload615/Y
 clkload616/Y
 clkload617/Y
 clkload618/Y
 clkload619/Y
 clkload62/Y
 clkload620/Y
 clkload621/Y
 clkload622/Y
 clkload623/Y
 clkload624/Y
 clkload625/Y
 clkload626/Y
 clkload627/Y
 clkload628/Y
 clkload629/Y
 clkload63/X
 clkload630/Y
 clkload631/Y
 clkload632/Y
 clkload633/Y
 clkload634/Y
 clkload635/Y
 clkload636/Y
 clkload637/Y
 clkload638/Y
 clkload639/Y
 clkload64/Y
 clkload640/Y
 clkload641/Y
 clkload642/Y
 clkload643/Y
 clkload644/Y
 clkload645/Y
 clkload646/Y
 clkload647/Y
 clkload648/Y
 clkload649/Y
 clkload65/Y
 clkload650/Y
 clkload651/Y
 clkload652/Y
 clkload653/Y
 clkload654/Y
 clkload655/Y
 clkload656/Y
 clkload657/Y
 clkload658/Y
 clkload659/Y
 clkload66/Y
 clkload660/Y
 clkload661/Y
 clkload662/Y
 clkload663/Y
 clkload664/Y
 clkload665/Y
 clkload666/Y
 clkload667/Y
 clkload668/Y
 clkload669/Y
 clkload67/Y
 clkload670/Y
 clkload671/Y
 clkload672/Y
 clkload673/Y
 clkload674/X
 clkload675/X
 clkload676/X
 clkload677/Y
 clkload678/X
 clkload679/Y
 clkload68/Y
 clkload680/X
 clkload681/Y
 clkload682/Y
 clkload683/Y
 clkload684/Y
 clkload685/Y
 clkload686/X
 clkload687/Y
 clkload688/X
 clkload689/Y
 clkload69/Y
 clkload690/Y
 clkload691/Y
 clkload692/Y
 clkload693/Y
 clkload694/Y
 clkload695/Y
 clkload696/Y
 clkload697/Y
 clkload698/Y
 clkload699/Y
 clkload7/Y
 clkload70/Y
 clkload700/Y
 clkload701/Y
 clkload702/Y
 clkload703/Y
 clkload704/Y
 clkload705/Y
 clkload706/Y
 clkload707/Y
 clkload708/Y
 clkload709/Y
 clkload71/X
 clkload710/Y
 clkload711/Y
 clkload712/Y
 clkload713/Y
 clkload714/Y
 clkload715/Y
 clkload716/Y
 clkload717/Y
 clkload718/Y
 clkload719/Y
 clkload72/Y
 clkload720/Y
 clkload721/Y
 clkload722/Y
 clkload723/Y
 clkload724/Y
 clkload725/Y
 clkload726/Y
 clkload727/Y
 clkload728/Y
 clkload729/Y
 clkload73/Y
 clkload730/Y
 clkload731/Y
 clkload732/Y
 clkload733/Y
 clkload734/Y
 clkload735/Y
 clkload736/Y
 clkload737/Y
 clkload738/Y
 clkload739/Y
 clkload74/X
 clkload740/Y
 clkload741/Y
 clkload742/Y
 clkload743/Y
 clkload744/Y
 clkload745/Y
 clkload746/Y
 clkload747/Y
 clkload748/Y
 clkload749/Y
 clkload75/X
 clkload750/Y
 clkload751/Y
 clkload752/Y
 clkload753/Y
 clkload754/Y
 clkload755/Y
 clkload756/Y
 clkload757/Y
 clkload758/Y
 clkload759/Y
 clkload76/X
 clkload760/Y
 clkload761/Y
 clkload762/Y
 clkload763/Y
 clkload764/Y
 clkload765/Y
 clkload766/Y
 clkload767/Y
 clkload77/Y
 clkload78/X
 clkload79/Y
 clkload8/X
 clkload80/X
 clkload81/Y
 clkload82/Y
 clkload83/X
 clkload84/X
 clkload85/Y
 clkload86/X
 clkload87/X
 clkload88/X
 clkload89/X
 clkload9/Y
 clkload90/Y
 clkload91/X
 clkload92/X
 clkload93/X
 clkload94/Y
 clkload95/Y
 clkload96/X
 clkload97/X
 clkload98/X
 clkload99/Y
 core_tile/HI
 core_tile_64037/HI
 core_tile_64038/HI
 core_tile_64039/HI
 core_tile_64040/HI
 core_tile_64041/HI
Found 0 partially unannotated drivers.

===========================================================================
max slew violation count 0
max fanout violation count 0
max cap violation count 0
============================================================================

===========================================================================
check_setup -verbose -unconstrained_endpoints -multiple_clock -no_clock -no_input_delay -loops -generated_clocks
===========================================================================
