Clock: clk
Sources: clk 
Generated: no
Virtual: yes
Propagated: no
Period: 20.000000

===========================================================================
report_clock_properties
============================================================================
Clock                   Period          Waveform
----------------------------------------------------
clk                  20.000000    0.000000 10.000000

===========================================================================
report_clock_latency
============================================================================
Clock clk
rise -> rise
    min     max
0.000000 0.000000 source latency
1.891518         network latency _196098_/CLK
        2.220068 network latency _195735_/CLK
---------------
1.891518 2.220068 latency
        0.328550 skew

fall -> fall
    min     max
0.000000 0.000000 source latency
2.014098         network latency _196098_/CLK
        2.305024 network latency _194918_/CLK
---------------
2.014098 2.305024 latency
        0.290926 skew



===========================================================================
report_clock_min_period
============================================================================
clk period_min = 6.41 fmax = 155.94
