
===========================================================================
report_checks -unconstrained
===========================================================================
======================= max_tt_025C_1v80 Corner ===================================

Startpoint: g_row[1].g_col[0].pe/_2723_
            (rising edge-triggered flip-flop clocked by clk)
Endpoint: g_row[1].g_col[0].pe/_2752_
          (rising edge-triggered flip-flop clocked by clk)
Path Group: clk
Path Type: max

Fanout         Cap        Slew       Delay        Time   Description
---------------------------------------------------------------------------------------------
                                  0.000000    0.000000   clock clk (rise edge)
                                  0.000000    0.000000   clock source latency
     1    0.078402    0.357010    0.256581    0.256581 ^ clk (in)
                                                         clk (net)
                      0.358885    0.000000    0.256581 ^ clkbuf_0_clk/A (sky130_fd_sc_hd__clkbuf_16)
    16    0.277681    0.289212    0.381888    0.638469 ^ clkbuf_0_clk/X (sky130_fd_sc_hd__clkbuf_16)
                                                         clknet_0_clk (net)
                      0.290707    0.017188    0.655657 ^ clkbuf_4_12_0_clk/A (sky130_fd_sc_hd__clkbuf_16)
     7    0.084211    0.103557    0.250548    0.906205 ^ clkbuf_4_12_0_clk/X (sky130_fd_sc_hd__clkbuf_16)
                                                         clknet_4_12_0_clk (net)
                      0.104182    0.005996    0.912201 ^ clkbuf_leaf_43_clk/A (sky130_fd_sc_hd__clkbuf_16)
     4    0.010475    0.033796    0.138079    1.050281 ^ clkbuf_leaf_43_clk/X (sky130_fd_sc_hd__clkbuf_16)
                                                         clknet_leaf_43_clk (net)
                      0.033797    0.000404    1.050684 ^ g_row[1].g_col[0].pe/_2723_/CLK (sky130_fd_sc_hd__dfxtp_2)
     2    0.009993    0.061538    0.327503    1.378188 ^ g_row[1].g_col[0].pe/_2723_/Q (sky130_fd_sc_hd__dfxtp_2)
                                                         g_row[1].g_col[0].pe/r2_mantissa[0] (net)
                      0.061541    0.000469    1.378657 ^ g_row[1].g_col[0].pe/hold2050/A (sky130_fd_sc_hd__clkbuf_2)
     1    0.007460    0.050670    0.114627    1.493284 ^ g_row[1].g_col[0].pe/hold2050/X (sky130_fd_sc_hd__clkbuf_2)
                                                         g_row[1].g_col[0].pe/net2049 (net)
                      0.050676    0.000598    1.493882 ^ g_row[1].g_col[0].pe/_1340_/A (sky130_fd_sc_hd__inv_2)
     2    0.013152    0.033237    0.047786    1.541668 v g_row[1].g_col[0].pe/_1340_/Y (sky130_fd_sc_hd__inv_2)
                                                         g_row[1].g_col[0].pe/_0002_ (net)
                      0.033264    0.000777    1.542445 v g_row[1].g_col[0].pe/_2689_/A (sky130_fd_sc_hd__fa_1)
     2    0.010739    0.109119    0.465373    2.007818 v g_row[1].g_col[0].pe/_2689_/COUT (sky130_fd_sc_hd__fa_1)
                                                         g_row[1].g_col[0].pe/_0003_ (net)
                      0.109121    0.000651    2.008469 v g_row[1].g_col[0].pe/place840/A (sky130_fd_sc_hd__buf_6)
     8    0.030306    0.041053    0.162119    2.170588 v g_row[1].g_col[0].pe/place840/X (sky130_fd_sc_hd__buf_6)
                                                         g_row[1].g_col[0].pe/net840 (net)
                      0.041180    0.001869    2.172457 v g_row[1].g_col[0].pe/_1761_/B2 (sky130_fd_sc_hd__a22o_2)
     1    0.009257    0.055999    0.242044    2.414501 v g_row[1].g_col[0].pe/_1761_/X (sky130_fd_sc_hd__a22o_2)
                                                         g_row[1].g_col[0].pe/_0984_ (net)
                      0.056008    0.000711    2.415212 v g_row[1].g_col[0].pe/_1762_/B (sky130_fd_sc_hd__xnor2_2)
     2    0.016016    0.244110    0.223024    2.638237 ^ g_row[1].g_col[0].pe/_1762_/Y (sky130_fd_sc_hd__xnor2_2)
                                                         g_row[1].g_col[0].pe/_0985_ (net)
                      0.244117    0.001046    2.639282 ^ g_row[1].g_col[0].pe/_1766_/A (sky130_fd_sc_hd__xor2_2)
     2    0.015172    0.220196    0.244333    2.883615 ^ g_row[1].g_col[0].pe/_1766_/X (sky130_fd_sc_hd__xor2_2)
                                                         g_row[1].g_col[0].pe/_0989_ (net)
                      0.220274    0.000848    2.884463 ^ g_row[1].g_col[0].pe/_1769_/A (sky130_fd_sc_hd__nand2_2)
     2    0.007685    0.069751    0.086881    2.971344 v g_row[1].g_col[0].pe/_1769_/Y (sky130_fd_sc_hd__nand2_2)
                                                         g_row[1].g_col[0].pe/_0992_ (net)
                      0.069751    0.000310    2.971654 v g_row[1].g_col[0].pe/_1793_/C (sky130_fd_sc_hd__and3_2)
     1    0.002775    0.037124    0.211906    3.183560 v g_row[1].g_col[0].pe/_1793_/X (sky130_fd_sc_hd__and3_2)
                                                         g_row[1].g_col[0].pe/_1016_ (net)
                      0.037124    0.000203    3.183764 v g_row[1].g_col[0].pe/_1794_/B (sky130_fd_sc_hd__or2_4)
     2    0.005173    0.047835    0.222470    3.406234 v g_row[1].g_col[0].pe/_1794_/X (sky130_fd_sc_hd__or2_4)
                                                         g_row[1].g_col[0].pe/_1017_ (net)
                      0.047835    0.000328    3.406562 v g_row[1].g_col[0].pe/_1795_/C (sky130_fd_sc_hd__and3_2)
     2    0.006374    0.046309    0.216651    3.623213 v g_row[1].g_col[0].pe/_1795_/X (sky130_fd_sc_hd__and3_2)
                                                         g_row[1].g_col[0].pe/_1018_ (net)
                      0.046309    0.000220    3.623433 v g_row[1].g_col[0].pe/_1810_/A2 (sky130_fd_sc_hd__o41a_2)
     1    0.002965    0.062011    0.456162    4.079595 v g_row[1].g_col[0].pe/_1810_/X (sky130_fd_sc_hd__o41a_2)
                                                         g_row[1].g_col[0].pe/_1033_ (net)
                      0.062011    0.000195    4.079790 v g_row[1].g_col[0].pe/_1812_/A3 (sky130_fd_sc_hd__o31a_2)
     1    0.004670    0.056243    0.291210    4.371000 v g_row[1].g_col[0].pe/_1812_/X (sky130_fd_sc_hd__o31a_2)
                                                         g_row[1].g_col[0].pe/_1035_ (net)
                      0.056243    0.000226    4.371225 v g_row[1].g_col[0].pe/_1814_/A2 (sky130_fd_sc_hd__o21ai_2)
     1    0.016030    0.213209    0.202605    4.573830 ^ g_row[1].g_col[0].pe/_1814_/Y (sky130_fd_sc_hd__o21ai_2)
                                                         g_row[1].g_col[0].pe/_1037_ (net)
                      0.213234    0.001814    4.575644 ^ g_row[1].g_col[0].pe/_1821_/B (sky130_fd_sc_hd__and4_2)
     1    0.005838    0.065116    0.262891    4.838535 ^ g_row[1].g_col[0].pe/_1821_/X (sky130_fd_sc_hd__and4_2)
                                                         g_row[1].g_col[0].pe/_1044_ (net)
                      0.065127    0.000419    4.838954 ^ g_row[1].g_col[0].pe/_1829_/A1 (sky130_fd_sc_hd__o311ai_2)
     2    0.026434    0.210423    0.213393    5.052347 v g_row[1].g_col[0].pe/_1829_/Y (sky130_fd_sc_hd__o311ai_2)
                                                         g_row[1].g_col[0].pe/_1052_ (net)
                      0.210575    0.004457    5.056804 v g_row[1].g_col[0].pe/_1842_/A2 (sky130_fd_sc_hd__a211o_2)
     2    0.012802    0.074679    0.422034    5.478838 v g_row[1].g_col[0].pe/_1842_/X (sky130_fd_sc_hd__a211o_2)
                                                         g_row[1].g_col[0].pe/_1064_ (net)
                      0.074679    0.001084    5.479923 v g_row[1].g_col[0].pe/_1895_/A2 (sky130_fd_sc_hd__a21bo_2)
     4    0.018732    0.070832    0.264095    5.744018 v g_row[1].g_col[0].pe/_1895_/X (sky130_fd_sc_hd__a21bo_2)
                                                         g_row[1].g_col[0].pe/_1116_ (net)
                      0.070861    0.001343    5.745362 v g_row[1].g_col[0].pe/_2301_/A2 (sky130_fd_sc_hd__a211o_4)
     2    0.011824    0.060455    0.354179    6.099541 v g_row[1].g_col[0].pe/_2301_/X (sky130_fd_sc_hd__a211o_4)
                                                         g_row[1].g_col[0].pe/_0263_ (net)
                      0.060458    0.000909    6.100450 v g_row[1].g_col[0].pe/_2332_/A2 (sky130_fd_sc_hd__a311o_4)
     3    0.019844    0.079143    0.406973    6.507422 v g_row[1].g_col[0].pe/_2332_/X (sky130_fd_sc_hd__a311o_4)
                                                         g_row[1].g_col[0].pe/_0293_ (net)
                      0.079184    0.001748    6.509170 v g_row[1].g_col[0].pe/_2378_/A1 (sky130_fd_sc_hd__a21o_2)
     3    0.012333    0.056610    0.226287    6.735457 v g_row[1].g_col[0].pe/_2378_/X (sky130_fd_sc_hd__a21o_2)
                                                         g_row[1].g_col[0].pe/_0337_ (net)
                      0.056622    0.000796    6.736254 v g_row[1].g_col[0].pe/_2380_/A2 (sky130_fd_sc_hd__a32o_2)
     1    0.003160    0.040111    0.262671    6.998924 v g_row[1].g_col[0].pe/_2380_/X (sky130_fd_sc_hd__a32o_2)
                                                         g_row[1].g_col[0].pe/_0339_ (net)
                      0.040111    0.000200    6.999125 v g_row[1].g_col[0].pe/hold3017/A (sky130_fd_sc_hd__clkbuf_2)
     1    0.004311    0.028396    0.100666    7.099790 v g_row[1].g_col[0].pe/hold3017/X (sky130_fd_sc_hd__clkbuf_2)
                                                         g_row[1].g_col[0].pe/net3016 (net)
                      0.028399    0.000273    7.100063 v g_row[1].g_col[0].pe/_2381_/B (sky130_fd_sc_hd__and2_4)
     1    0.002713    0.027660    0.139640    7.239703 v g_row[1].g_col[0].pe/_2381_/X (sky130_fd_sc_hd__and2_4)
                                                         g_row[1].g_col[0].pe/_0340_ (net)
                      0.027660    0.000184    7.239887 v g_row[1].g_col[0].pe/hold1659/A (sky130_fd_sc_hd__clkbuf_2)
     1    0.002113    0.020983    0.086537    7.326424 v g_row[1].g_col[0].pe/hold1659/X (sky130_fd_sc_hd__clkbuf_2)
                                                         g_row[1].g_col[0].pe/net1658 (net)
                      0.020983    0.000100    7.326524 v g_row[1].g_col[0].pe/_2752_/D (sky130_fd_sc_hd__dfxtp_2)
                                              7.326524   data arrival time

                                 20.000000   20.000000   clock clk (rise edge)
                                  0.000000   20.000000   clock source latency
     1    0.078402    0.357010    0.256581   20.256580 ^ clk (in)
                                                         clk (net)
                      0.358885    0.000000   20.256580 ^ clkbuf_0_clk/A (sky130_fd_sc_hd__clkbuf_16)
    16    0.277681    0.289212    0.381888   20.638470 ^ clkbuf_0_clk/X (sky130_fd_sc_hd__clkbuf_16)
                                                         clknet_0_clk (net)
                      0.291744    0.022025   20.660494 ^ clkbuf_4_15_0_clk/A (sky130_fd_sc_hd__clkbuf_16)
     7    0.095513    0.114133    0.259337   20.919832 ^ clkbuf_4_15_0_clk/X (sky130_fd_sc_hd__clkbuf_16)
                                                         clknet_4_15_0_clk (net)
                      0.114550    0.005160   20.924992 ^ clkbuf_leaf_54_clk/A (sky130_fd_sc_hd__clkbuf_16)
     4    0.019174    0.041259    0.149763   21.074755 ^ clkbuf_leaf_54_clk/X (sky130_fd_sc_hd__clkbuf_16)
                                                         clknet_leaf_54_clk (net)
                      0.041292    0.001595   21.076349 ^ g_row[1].g_col[0].pe/_2752_/CLK (sky130_fd_sc_hd__dfxtp_2)
                                 -0.200000   20.876350   clock uncertainty
                                  0.000000   20.876350   clock reconvergence pessimism
                                 -0.103266   20.773083   library setup time
                                             20.773083   data required time
---------------------------------------------------------------------------------------------
                                             20.773083   data required time
                                             -7.326524   data arrival time
---------------------------------------------------------------------------------------------
                                             13.446560   slack (MET)




===========================================================================
report_checks --slack_max -0.01
============================================================================
======================= max_tt_025C_1v80 Corner ===================================

No paths found.


===========================================================================
 report_check_types -max_slew -max_cap -max_fanout -violators
============================================================================
======================= max_tt_025C_1v80 Corner ===================================

max fanout

Pin                                   Limit Fanout  Slack
---------------------------------------------------------
clkbuf_0_clk/X                            8     16     -8 (VIOLATED)
g_row[0].g_col[1].pe/place1117/X          8      9        (VIOLATED)

max capacitance

Pin                                        Limit         Cap       Slack
------------------------------------------------------------------------
clkbuf_0_clk/X                          0.250000    0.277681   -0.027681 (VIOLATED)



===========================================================================
report_parasitic_annotation -report_unannotated
============================================================================
Found 32 unannotated drivers.
 clkload0/X
 clkload1/X
 clkload10/X
 clkload11/X
 clkload12/X
 clkload13/X
 clkload14/X
 clkload15/X
 clkload16/X
 clkload17/X
 clkload2/X
 clkload3/X
 clkload4/X
 clkload5/X
 clkload6/X
 clkload7/Y
 clkload8/X
 clkload9/X
 g_row\[0\].g_col\[0\].pe\/_2688__1422/HI
 g_row\[0\].g_col\[0\].pe\/_2689_/SUM
 g_row\[0\].g_col\[0\].pe\/_2689__1421/HI
 g_row\[0\].g_col\[1\].pe\/_2688__1424/HI
 g_row\[0\].g_col\[1\].pe\/_2689_/SUM
 g_row\[0\].g_col\[1\].pe\/_2689__1423/HI
 g_row\[0\].g_col\[1\].pe\/_2774_/X
 g_row\[1\].g_col\[0\].pe\/_2688__1426/HI
 g_row\[1\].g_col\[0\].pe\/_2689_/SUM
 g_row\[1\].g_col\[0\].pe\/_2689__1425/HI
 g_row\[1\].g_col\[1\].pe\/_2688__1428/HI
 g_row\[1\].g_col\[1\].pe\/_2689_/SUM
 g_row\[1\].g_col\[1\].pe\/_2689__1427/HI
 g_row\[1\].g_col\[1\].pe\/_2774_/X
Found 0 partially unannotated drivers.

===========================================================================
max slew violation count 0
max fanout violation count 2
max cap violation count 1
============================================================================

===========================================================================
check_setup -verbose -unconstrained_endpoints -multiple_clock -no_clock -no_input_delay -loops -generated_clocks
===========================================================================
