Clock: clk
Sources: clk 
Generated: no
Virtual: yes
Propagated: no
Period: 20.000000

===========================================================================
report_clock_properties
============================================================================
Clock                   Period          Waveform
----------------------------------------------------
clk                  20.000000    0.000000 10.000000

===========================================================================
report_clock_latency
============================================================================
Clock clk
rise -> rise
    min     max
0.000000 0.000000 source latency
0.916385         network latency g_row[1].g_col[0].pe/_2743_/CLK
        1.111625 network latency g_row[0].g_col[0].pe/_2725_/CLK
---------------
0.916385 1.111625 latency
        0.195240 skew

fall -> fall
    min     max
0.000000 0.000000 source latency
0.704775         network latency g_row[1].g_col[0].pe/_2743_/CLK
        0.904885 network latency g_row[0].g_col[0].pe/_2725_/CLK
---------------
0.704775 0.904885 latency
        0.200110 skew



===========================================================================
report_clock_min_period
============================================================================
clk period_min = 6.55 fmax = 152.59
