Clock: clk
Sources: clk 
Generated: no
Virtual: yes
Propagated: no
Period: 20.000000

===========================================================================
report_clock_properties
============================================================================
Clock                   Period          Waveform
----------------------------------------------------
clk                  20.000000    0.000000 10.000000

===========================================================================
report_clock_latency
============================================================================
Clock clk
rise -> rise
    min     max
0.000000 0.000000 source latency
2.658989         network latency _216203_/CLK
        2.967649 network latency _223610_/CLK
---------------
2.658989 2.967649 latency
        0.308660 skew

fall -> fall
    min     max
0.000000 0.000000 source latency
2.723258         network latency _216203_/CLK
        3.006863 network latency _223610_/CLK
---------------
2.723258 3.006863 latency
        0.283605 skew



===========================================================================
report_clock_min_period
============================================================================
clk period_min = 9.07 fmax = 110.29
