Clock: clk
Sources: gpio_in[38] 
Generated: no
Virtual: yes
Propagated: no
Period: 20.000000

===========================================================================
report_clock_properties
============================================================================
Clock                   Period          Waveform
----------------------------------------------------
clk                  20.000000    0.000000 10.000000

===========================================================================
report_clock_latency
============================================================================
Clock clk
rise -> rise
    min     max
0.000000 0.000000 source latency
3.241014         network latency _4231_/CLK
        4.645445 network latency _4237_/CLK
---------------
3.241014 4.645445 latency
        1.404431 skew

fall -> fall
    min     max
0.000000 0.000000 source latency
1.424933         network latency chip.gpu_inst.tiles[0].tile/clk
        4.949480 network latency _4237_/CLK
---------------
1.424933 4.949480 latency
        3.524547 skew



===========================================================================
report_clock_min_period
============================================================================
clk period_min = 5.81 fmax = 172.07
