
===========================================================================
report_checks -unconstrained
===========================================================================
======================= max_ss_100C_1v60 Corner ===================================

Startpoint: g_row[1].g_col[0].pe/_2759_
            (rising edge-triggered flip-flop clocked by clk)
Endpoint: results_flat[46] (output port clocked by clk)
Path Group: clk
Path Type: max

Fanout         Cap        Slew       Delay        Time   Description
---------------------------------------------------------------------------------------------
                                  0.000000    0.000000   clock clk (rise edge)
                                  0.000000    0.000000   clock source latency
   396    0.970704    6.824127    4.828285    4.828285 ^ clk (in)
                                                         clk (net)
                      6.824721    0.000000    4.828285 ^ g_row[1].g_col[0].pe/_2759_/CLK (sky130_fd_sc_hd__dfxtp_2)
     5    0.015947    0.093319    2.077404    6.905689 v g_row[1].g_col[0].pe/_2759_/Q (sky130_fd_sc_hd__dfxtp_2)
                                                         g_row[1].g_col[0].pe/r4_acc[3] (net)
                      0.093319    0.000028    6.905716 v g_row[1].g_col[0].pe/_1347_/A (sky130_fd_sc_hd__or4_2)
     3    0.013412    0.291809    1.704712    8.610428 v g_row[1].g_col[0].pe/_1347_/X (sky130_fd_sc_hd__or4_2)
                                                         g_row[1].g_col[0].pe/_0593_ (net)
                      0.291809    0.000141    8.610569 v g_row[1].g_col[0].pe/_1352_/A3 (sky130_fd_sc_hd__o31a_2)
     2    0.010918    0.130443    0.689123    9.299692 v g_row[1].g_col[0].pe/_1352_/X (sky130_fd_sc_hd__o31a_2)
                                                         g_row[1].g_col[0].pe/_0596_ (net)
                      0.130443    0.000027    9.299719 v g_row[1].g_col[0].pe/_1354_/B1 (sky130_fd_sc_hd__a21o_2)
     2    0.011028    0.096729    0.407216    9.706935 v g_row[1].g_col[0].pe/_1354_/X (sky130_fd_sc_hd__a21o_2)
                                                         g_row[1].g_col[0].pe/_0597_ (net)
                      0.096729    0.000021    9.706957 v g_row[1].g_col[0].pe/_1356_/A2 (sky130_fd_sc_hd__o21a_2)
     2    0.011298    0.097494    0.415285   10.122241 v g_row[1].g_col[0].pe/_1356_/X (sky130_fd_sc_hd__o21a_2)
                                                         g_row[1].g_col[0].pe/_0598_ (net)
                      0.097494    0.000049   10.122290 v g_row[1].g_col[0].pe/_1358_/A2 (sky130_fd_sc_hd__o21a_2)
     2    0.011124    0.099396    0.414710   10.537000 v g_row[1].g_col[0].pe/_1358_/X (sky130_fd_sc_hd__o21a_2)
                                                         g_row[1].g_col[0].pe/_0599_ (net)
                      0.099396    0.000031   10.537031 v g_row[1].g_col[0].pe/_1360_/A2 (sky130_fd_sc_hd__o21a_2)
     3    0.016361    0.122595    0.443392   10.980423 v g_row[1].g_col[0].pe/_1360_/X (sky130_fd_sc_hd__o21a_2)
                                                         g_row[1].g_col[0].pe/_0600_ (net)
                      0.122595    0.000137   10.980560 v g_row[1].g_col[0].pe/_1365_/A3 (sky130_fd_sc_hd__o31a_2)
     3    0.017022    0.153449    0.663150   11.643710 v g_row[1].g_col[0].pe/_1365_/X (sky130_fd_sc_hd__o31a_2)
                                                         g_row[1].g_col[0].pe/_0603_ (net)
                      0.153449    0.000175   11.643886 v g_row[1].g_col[0].pe/_1370_/A3 (sky130_fd_sc_hd__o31a_2)
     1    0.008549    0.119097    0.619208   12.263093 v g_row[1].g_col[0].pe/_1370_/X (sky130_fd_sc_hd__o31a_2)
                                                         g_row[1].g_col[0].pe/_0606_ (net)
                      0.119097    0.000017   12.263110 v g_row[1].g_col[0].pe/_1371_/B (sky130_fd_sc_hd__xnor2_2)
     1    0.035755    0.736190    0.640309   12.903419 ^ g_row[1].g_col[0].pe/_1371_/Y (sky130_fd_sc_hd__xnor2_2)
                                                         results_flat[46] (net)
                      0.736190    0.000518   12.903937 ^ results_flat[46] (out)
                                             12.903937   data arrival time

                                 20.000000   20.000000   clock clk (rise edge)
                                  0.000000   20.000000   clock network delay (propagated)
                                 -0.200000   19.800001   clock uncertainty
                                  0.000000   19.800001   clock reconvergence pessimism
                                 -0.040000   19.760000   output external delay
                                             19.760000   data required time
---------------------------------------------------------------------------------------------
                                             19.760000   data required time
                                            -12.903937   data arrival time
---------------------------------------------------------------------------------------------
                                              6.856063   slack (MET)




===========================================================================
report_checks --slack_max -0.01
============================================================================
======================= max_ss_100C_1v60 Corner ===================================

No paths found.


===========================================================================
 report_check_types -max_slew -max_cap -max_fanout -violators
============================================================================
======================= max_ss_100C_1v60 Corner ===================================

max slew

Pin                                        Limit        Slew       Slack
------------------------------------------------------------------------
clk                                     1.498289    6.824127   -5.325838 (VIOLATED)
_293_/CLK                               1.500000    6.825561   -5.325562 (VIOLATED)
_294_/CLK                               1.500000    6.825560   -5.325561 (VIOLATED)
_295_/CLK                               1.500000    6.825560   -5.325561 (VIOLATED)
_296_/CLK                               1.500000    6.825561   -5.325562 (VIOLATED)
_297_/CLK                               1.500000    6.825560   -5.325560 (VIOLATED)
_298_/CLK                               1.500000    6.825557   -5.325557 (VIOLATED)
_300_/CLK                               1.500000    6.825560   -5.325561 (VIOLATED)
_308_/CLK                               1.500000    6.825561   -5.325561 (VIOLATED)
_299_/CLK                               1.500000    6.825554   -5.325554 (VIOLATED)
g_row[1].g_col[0].pe/_2690_/CLK         1.500000    6.825553   -5.325553 (VIOLATED)
g_row[1].g_col[0].pe/_2692_/CLK         1.500000    6.825553   -5.325553 (VIOLATED)
g_row[1].g_col[1].pe/_2766_/CLK         1.500000    6.825558   -5.325558 (VIOLATED)
g_row[1].g_col[1].pe/_2767_/CLK         1.500000    6.825558   -5.325558 (VIOLATED)
g_row[1].g_col[0].pe/_2696_/CLK         1.500000    6.825553   -5.325552 (VIOLATED)
g_row[1].g_col[1].pe/_2768_/CLK         1.500000    6.825557   -5.325557 (VIOLATED)
g_row[1].g_col[1].pe/_2769_/CLK         1.500000    6.825550   -5.325550 (VIOLATED)
_301_/CLK                               1.500000    6.825545   -5.325545 (VIOLATED)
_304_/CLK                               1.500000    6.825540   -5.325540 (VIOLATED)
g_row[1].g_col[0].pe/_2691_/CLK         1.500000    6.825536   -5.325537 (VIOLATED)
g_row[1].g_col[0].pe/_2693_/CLK         1.500000    6.825535   -5.325535 (VIOLATED)
g_row[1].g_col[0].pe/_2694_/CLK         1.500000    6.825535   -5.325535 (VIOLATED)
g_row[1].g_col[0].pe/_2695_/CLK         1.500000    6.825536   -5.325536 (VIOLATED)
g_row[1].g_col[0].pe/_2705_/CLK         1.500000    6.825536   -5.325536 (VIOLATED)
g_row[1].g_col[1].pe/_2770_/CLK         1.500000    6.825536   -5.325536 (VIOLATED)
g_row[1].g_col[0].pe/_2699_/CLK         1.500000    6.825531   -5.325531 (VIOLATED)
_302_/CLK                               1.500000    6.825522   -5.325522 (VIOLATED)
g_row[1].g_col[1].pe/_2745_/CLK         1.500000    6.825526   -5.325526 (VIOLATED)
g_row[1].g_col[1].pe/_2746_/CLK         1.500000    6.825527   -5.325527 (VIOLATED)
g_row[1].g_col[1].pe/_2747_/CLK         1.500000    6.825527   -5.325527 (VIOLATED)
g_row[1].g_col[1].pe/_2748_/CLK         1.500000    6.825526   -5.325526 (VIOLATED)
g_row[1].g_col[1].pe/_2749_/CLK         1.500000    6.825525   -5.325525 (VIOLATED)
g_row[1].g_col[0].pe/_2697_/CLK         1.500000    6.825519   -5.325519 (VIOLATED)
g_row[1].g_col[0].pe/_2698_/CLK         1.500000    6.825518   -5.325518 (VIOLATED)
_303_/CLK                               1.500000    6.825507   -5.325507 (VIOLATED)
g_row[1].g_col[0].pe/_2700_/CLK         1.500000    6.825510   -5.325510 (VIOLATED)
g_row[1].g_col[0].pe/_2701_/CLK         1.500000    6.825513   -5.325512 (VIOLATED)
g_row[1].g_col[1].pe/_2741_/CLK         1.500000    6.825514   -5.325513 (VIOLATED)
g_row[1].g_col[1].pe/_2742_/CLK         1.500000    6.825517   -5.325517 (VIOLATED)
g_row[1].g_col[1].pe/_2743_/CLK         1.500000    6.825516   -5.325516 (VIOLATED)
g_row[1].g_col[1].pe/_2744_/CLK         1.500000    6.825520   -5.325520 (VIOLATED)
g_row[1].g_col[1].pe/_2750_/CLK         1.500000    6.825524   -5.325524 (VIOLATED)
g_row[1].g_col[1].pe/_2751_/CLK         1.500000    6.825522   -5.325522 (VIOLATED)
g_row[1].g_col[1].pe/_2752_/CLK         1.500000    6.825521   -5.325521 (VIOLATED)
g_row[1].g_col[1].pe/_2753_/CLK         1.500000    6.825523   -5.325523 (VIOLATED)
g_row[1].g_col[1].pe/_2739_/CLK         1.500000    6.825501   -5.325501 (VIOLATED)
g_row[1].g_col[1].pe/_2740_/CLK         1.500000    6.825499   -5.325500 (VIOLATED)
g_row[1].g_col[1].pe/_2757_/CLK         1.500000    6.825495   -5.325496 (VIOLATED)
g_row[1].g_col[1].pe/_2758_/CLK         1.500000    6.825500   -5.325500 (VIOLATED)
g_row[1].g_col[1].pe/_2759_/CLK         1.500000    6.825502   -5.325502 (VIOLATED)
g_row[1].g_col[1].pe/_2761_/CLK         1.500000    6.825505   -5.325505 (VIOLATED)
g_row[1].g_col[1].pe/_2762_/CLK         1.500000    6.825508   -5.325508 (VIOLATED)
g_row[1].g_col[1].pe/_2763_/CLK         1.500000    6.825508   -5.325508 (VIOLATED)
g_row[1].g_col[1].pe/_2764_/CLK         1.500000    6.825508   -5.325507 (VIOLATED)
g_row[1].g_col[1].pe/_2765_/CLK         1.500000    6.825507   -5.325507 (VIOLATED)
g_row[1].g_col[1].pe/_2754_/CLK         1.500000    6.825490   -5.325490 (VIOLATED)
g_row[1].g_col[1].pe/_2760_/CLK         1.500000    6.825494   -5.325494 (VIOLATED)
g_row[1].g_col[1].pe/_2771_/CLK         1.500000    6.825499   -5.325499 (VIOLATED)
g_row[1].g_col[1].pe/_2756_/CLK         1.500000    6.825484   -5.325484 (VIOLATED)
g_row[1].g_col[1].pe/_2755_/CLK         1.500000    6.825464   -5.325464 (VIOLATED)
g_row[1].g_col[1].pe/_2738_/CLK         1.500000    6.825440   -5.325441 (VIOLATED)
g_row[1].g_col[1].pe/_2705_/CLK         1.500000    6.825424   -5.325424 (VIOLATED)
g_row[1].g_col[1].pe/_2694_/CLK         1.500000    6.825396   -5.325396 (VIOLATED)
g_row[1].g_col[1].pe/_2696_/CLK         1.500000    6.825385   -5.325385 (VIOLATED)
g_row[1].g_col[1].pe/_2701_/CLK         1.500000    6.825360   -5.325361 (VIOLATED)
g_row[1].g_col[1].pe/_2698_/CLK         1.500000    6.825347   -5.325347 (VIOLATED)
g_row[1].g_col[1].pe/_2700_/CLK         1.500000    6.825334   -5.325334 (VIOLATED)
g_row[1].g_col[1].pe/_2699_/CLK         1.500000    6.825313   -5.325313 (VIOLATED)
g_row[1].g_col[1].pe/_2697_/CLK         1.500000    6.825301   -5.325300 (VIOLATED)
g_row[1].g_col[1].pe/_2695_/CLK         1.500000    6.825287   -5.325287 (VIOLATED)
g_row[1].g_col[1].pe/_2702_/CLK         1.500000    6.825287   -5.325287 (VIOLATED)
g_row[1].g_col[1].pe/_2703_/CLK         1.500000    6.825288   -5.325288 (VIOLATED)
g_row[1].g_col[1].pe/_2690_/CLK         1.500000    6.825267   -5.325267 (VIOLATED)
g_row[1].g_col[1].pe/_2691_/CLK         1.500000    6.825264   -5.325265 (VIOLATED)
g_row[1].g_col[1].pe/_2692_/CLK         1.500000    6.825243   -5.325243 (VIOLATED)
g_row[1].g_col[1].pe/_2693_/CLK         1.500000    6.825239   -5.325239 (VIOLATED)
g_row[1].g_col[1].pe/_2704_/CLK         1.500000    6.825243   -5.325243 (VIOLATED)
g_row[1].g_col[1].pe/_2715_/CLK         1.500000    6.825231   -5.325231 (VIOLATED)
g_row[1].g_col[1].pe/_2718_/CLK         1.500000    6.825230   -5.325230 (VIOLATED)
g_row[1].g_col[1].pe/_2719_/CLK         1.500000    6.825231   -5.325231 (VIOLATED)
g_row[1].g_col[1].pe/_2720_/CLK         1.500000    6.825231   -5.325231 (VIOLATED)
g_row[1].g_col[1].pe/_2727_/CLK         1.500000    6.825229   -5.325229 (VIOLATED)
_327_/CLK                               1.500000    6.825219   -5.325219 (VIOLATED)
_330_/CLK                               1.500000    6.825219   -5.325219 (VIOLATED)
g_row[0].g_col[1].pe/_2708_/CLK         1.500000    6.825216   -5.325216 (VIOLATED)
g_row[0].g_col[1].pe/_2711_/CLK         1.500000    6.825217   -5.325218 (VIOLATED)
g_row[1].g_col[1].pe/_2708_/CLK         1.500000    6.825216   -5.325216 (VIOLATED)
g_row[1].g_col[1].pe/_2710_/CLK         1.500000    6.825216   -5.325216 (VIOLATED)
g_row[1].g_col[1].pe/_2712_/CLK         1.500000    6.825217   -5.325218 (VIOLATED)
g_row[1].g_col[1].pe/_2714_/CLK         1.500000    6.825219   -5.325219 (VIOLATED)
g_row[1].g_col[1].pe/_2716_/CLK         1.500000    6.825219   -5.325220 (VIOLATED)
g_row[1].g_col[1].pe/_2717_/CLK         1.500000    6.825219   -5.325220 (VIOLATED)
g_row[1].g_col[1].pe/_2722_/CLK         1.500000    6.825224   -5.325224 (VIOLATED)
g_row[1].g_col[1].pe/_2725_/CLK         1.500000    6.825220   -5.325221 (VIOLATED)
g_row[1].g_col[1].pe/_2726_/CLK         1.500000    6.825224   -5.325224 (VIOLATED)
g_row[1].g_col[1].pe/_2728_/CLK         1.500000    6.825227   -5.325227 (VIOLATED)
g_row[1].g_col[1].pe/_2729_/CLK         1.500000    6.825228   -5.325228 (VIOLATED)
g_row[1].g_col[1].pe/_2730_/CLK         1.500000    6.825226   -5.325226 (VIOLATED)
g_row[1].g_col[1].pe/_2731_/CLK         1.500000    6.825227   -5.325228 (VIOLATED)
g_row[1].g_col[1].pe/_2732_/CLK         1.500000    6.825226   -5.325227 (VIOLATED)
g_row[1].g_col[1].pe/_2733_/CLK         1.500000    6.825224   -5.325224 (VIOLATED)
g_row[1].g_col[1].pe/_2734_/CLK         1.500000    6.825225   -5.325225 (VIOLATED)
g_row[1].g_col[1].pe/_2735_/CLK         1.500000    6.825227   -5.325227 (VIOLATED)
g_row[1].g_col[1].pe/_2736_/CLK         1.500000    6.825227   -5.325227 (VIOLATED)
g_row[1].g_col[1].pe/_2737_/CLK         1.500000    6.825227   -5.325228 (VIOLATED)
g_row[0].g_col[1].pe/_2707_/CLK         1.500000    6.825210   -5.325210 (VIOLATED)
g_row[0].g_col[1].pe/_2710_/CLK         1.500000    6.825212   -5.325212 (VIOLATED)
g_row[0].g_col[1].pe/_2712_/CLK         1.500000    6.825215   -5.325215 (VIOLATED)
g_row[0].g_col[1].pe/_2718_/CLK         1.500000    6.825214   -5.325214 (VIOLATED)
g_row[1].g_col[1].pe/_2711_/CLK         1.500000    6.825210   -5.325210 (VIOLATED)
g_row[1].g_col[1].pe/_2713_/CLK         1.500000    6.825212   -5.325212 (VIOLATED)
_325_/CLK                               1.500000    6.825202   -5.325202 (VIOLATED)
_326_/CLK                               1.500000    6.825204   -5.325203 (VIOLATED)
_328_/CLK                               1.500000    6.825203   -5.325202 (VIOLATED)
_329_/CLK                               1.500000    6.825204   -5.325203 (VIOLATED)
_331_/CLK                               1.500000    6.825203   -5.325202 (VIOLATED)
_333_/CLK                               1.500000    6.825203   -5.325203 (VIOLATED)
_334_/CLK                               1.500000    6.825203   -5.325202 (VIOLATED)
_335_/CLK                               1.500000    6.825203   -5.325203 (VIOLATED)
_337_/CLK                               1.500000    6.825203   -5.325203 (VIOLATED)
_339_/CLK                               1.500000    6.825202   -5.325202 (VIOLATED)
_340_/CLK                               1.500000    6.825204   -5.325203 (VIOLATED)
g_row[0].g_col[1].pe/_2713_/CLK         1.500000    6.825201   -5.325201 (VIOLATED)
g_row[1].g_col[1].pe/_2721_/CLK         1.500000    6.825205   -5.325205 (VIOLATED)
g_row[1].g_col[1].pe/_2706_/CLK         1.500000    6.825200   -5.325200 (VIOLATED)
g_row[0].g_col[1].pe/_2706_/CLK         1.500000    6.825192   -5.325193 (VIOLATED)
g_row[0].g_col[1].pe/_2709_/CLK         1.500000    6.825194   -5.325194 (VIOLATED)
g_row[0].g_col[1].pe/_2714_/CLK         1.500000    6.825198   -5.325197 (VIOLATED)
g_row[0].g_col[1].pe/_2715_/CLK         1.500000    6.825201   -5.325201 (VIOLATED)
g_row[0].g_col[1].pe/_2716_/CLK         1.500000    6.825202   -5.325202 (VIOLATED)
g_row[0].g_col[1].pe/_2719_/CLK         1.500000    6.825206   -5.325206 (VIOLATED)
g_row[0].g_col[1].pe/_2721_/CLK         1.500000    6.825205   -5.325205 (VIOLATED)
g_row[0].g_col[1].pe/_2717_/CLK         1.500000    6.825197   -5.325196 (VIOLATED)
g_row[0].g_col[1].pe/_2720_/CLK         1.500000    6.825194   -5.325195 (VIOLATED)
g_row[1].g_col[1].pe/_2707_/CLK         1.500000    6.825197   -5.325197 (VIOLATED)
g_row[1].g_col[1].pe/_2709_/CLK         1.500000    6.825199   -5.325199 (VIOLATED)
g_row[1].g_col[1].pe/_2723_/CLK         1.500000    6.825201   -5.325201 (VIOLATED)
g_row[1].g_col[1].pe/_2724_/CLK         1.500000    6.825201   -5.325201 (VIOLATED)
g_row[0].g_col[1].pe/_2722_/CLK         1.500000    6.825190   -5.325189 (VIOLATED)
g_row[0].g_col[1].pe/_2725_/CLK         1.500000    6.825193   -5.325193 (VIOLATED)
g_row[0].g_col[1].pe/_2727_/CLK         1.500000    6.825190   -5.325189 (VIOLATED)
g_row[0].g_col[1].pe/_2729_/CLK         1.500000    6.825189   -5.325189 (VIOLATED)
g_row[0].g_col[1].pe/_2734_/CLK         1.500000    6.825190   -5.325189 (VIOLATED)
g_row[0].g_col[1].pe/_2735_/CLK         1.500000    6.825190   -5.325189 (VIOLATED)
g_row[0].g_col[1].pe/_2736_/CLK         1.500000    6.825189   -5.325189 (VIOLATED)
g_row[0].g_col[1].pe/_2753_/CLK         1.500000    6.825192   -5.325192 (VIOLATED)
g_row[0].g_col[1].pe/_2731_/CLK         1.500000    6.825180   -5.325180 (VIOLATED)
g_row[0].g_col[1].pe/_2732_/CLK         1.500000    6.825182   -5.325182 (VIOLATED)
g_row[0].g_col[1].pe/_2733_/CLK         1.500000    6.825173   -5.325173 (VIOLATED)
g_row[0].g_col[1].pe/_2737_/CLK         1.500000    6.825162   -5.325163 (VIOLATED)
_307_/CLK                               1.500000    6.825153   -5.325154 (VIOLATED)
g_row[0].g_col[1].pe/_2691_/CLK         1.500000    6.825143   -5.325143 (VIOLATED)
g_row[0].g_col[1].pe/_2692_/CLK         1.500000    6.825142   -5.325142 (VIOLATED)
g_row[0].g_col[1].pe/_2690_/CLK         1.500000    6.825135   -5.325135 (VIOLATED)
_306_/CLK                               1.500000    6.825111   -5.325111 (VIOLATED)
_305_/CLK                               1.500000    6.825102   -5.325102 (VIOLATED)
g_row[1].g_col[0].pe/_2702_/CLK         1.500000    6.825077   -5.325078 (VIOLATED)
g_row[1].g_col[0].pe/_2704_/CLK         1.500000    6.825064   -5.325064 (VIOLATED)
g_row[1].g_col[0].pe/_2723_/CLK         1.500000    6.825043   -5.325044 (VIOLATED)
_336_/CLK                               1.500000    6.825023   -5.325022 (VIOLATED)
g_row[1].g_col[0].pe/_2703_/CLK         1.500000    6.825025   -5.325025 (VIOLATED)
g_row[1].g_col[0].pe/_2724_/CLK         1.500000    6.825023   -5.325023 (VIOLATED)
g_row[0].g_col[1].pe/_2698_/CLK         1.500000    6.825009   -5.325009 (VIOLATED)
g_row[0].g_col[1].pe/_2699_/CLK         1.500000    6.825008   -5.325008 (VIOLATED)
g_row[0].g_col[1].pe/_2704_/CLK         1.500000    6.825008   -5.325008 (VIOLATED)
g_row[1].g_col[0].pe/_2727_/CLK         1.500000    6.825006   -5.325006 (VIOLATED)
g_row[0].g_col[1].pe/_2701_/CLK         1.500000    6.824998   -5.324998 (VIOLATED)
g_row[0].g_col[1].pe/_2697_/CLK         1.500000    6.824971   -5.324971 (VIOLATED)
g_row[1].g_col[0].pe/_2706_/CLK         1.500000    6.824973   -5.324973 (VIOLATED)
_276_/CLK                               1.500000    6.824944   -5.324944 (VIOLATED)
g_row[0].g_col[0].pe/_2706_/CLK         1.500000    6.824949   -5.324949 (VIOLATED)
g_row[0].g_col[1].pe/_2693_/CLK         1.500000    6.824948   -5.324948 (VIOLATED)
g_row[0].g_col[1].pe/_2695_/CLK         1.500000    6.824945   -5.324945 (VIOLATED)
g_row[0].g_col[1].pe/_2700_/CLK         1.500000    6.824948   -5.324949 (VIOLATED)
g_row[0].g_col[1].pe/_2702_/CLK         1.500000    6.824945   -5.324945 (VIOLATED)
g_row[0].g_col[1].pe/_2703_/CLK         1.500000    6.824949   -5.324949 (VIOLATED)
g_row[0].g_col[1].pe/_2705_/CLK         1.500000    6.824949   -5.324949 (VIOLATED)
g_row[0].g_col[1].pe/_2739_/CLK         1.500000    6.824946   -5.324946 (VIOLATED)
g_row[0].g_col[1].pe/_2752_/CLK         1.500000    6.824949   -5.324949 (VIOLATED)
g_row[0].g_col[1].pe/_2754_/CLK         1.500000    6.824948   -5.324949 (VIOLATED)
g_row[0].g_col[0].pe/_2708_/CLK         1.500000    6.824940   -5.324940 (VIOLATED)
g_row[0].g_col[1].pe/_2694_/CLK         1.500000    6.824932   -5.324932 (VIOLATED)
g_row[0].g_col[0].pe/_2709_/CLK         1.500000    6.824916   -5.324916 (VIOLATED)
g_row[0].g_col[1].pe/_2740_/CLK         1.500000    6.824913   -5.324912 (VIOLATED)
g_row[0].g_col[1].pe/_2742_/CLK         1.500000    6.824909   -5.324910 (VIOLATED)
g_row[0].g_col[0].pe/_2707_/CLK         1.500000    6.824896   -5.324896 (VIOLATED)
g_row[0].g_col[1].pe/_2696_/CLK         1.500000    6.824896   -5.324896 (VIOLATED)
g_row[1].g_col[0].pe/_2708_/CLK         1.500000    6.824894   -5.324894 (VIOLATED)
g_row[0].g_col[0].pe/_2710_/CLK         1.500000    6.824889   -5.324889 (VIOLATED)
g_row[1].g_col[0].pe/_2709_/CLK         1.500000    6.824892   -5.324892 (VIOLATED)
g_row[1].g_col[0].pe/_2710_/CLK         1.500000    6.824892   -5.324892 (VIOLATED)
g_row[1].g_col[0].pe/_2711_/CLK         1.500000    6.824893   -5.324893 (VIOLATED)
g_row[1].g_col[0].pe/_2712_/CLK         1.500000    6.824890   -5.324890 (VIOLATED)
g_row[1].g_col[0].pe/_2725_/CLK         1.500000    6.824894   -5.324894 (VIOLATED)
g_row[1].g_col[0].pe/_2726_/CLK         1.500000    6.824894   -5.324894 (VIOLATED)
g_row[1].g_col[0].pe/_2728_/CLK         1.500000    6.824894   -5.324893 (VIOLATED)
g_row[0].g_col[1].pe/_2741_/CLK         1.500000    6.824883   -5.324883 (VIOLATED)
g_row[0].g_col[0].pe/_2711_/CLK         1.500000    6.824868   -5.324869 (VIOLATED)
g_row[0].g_col[0].pe/_2713_/CLK         1.500000    6.824864   -5.324864 (VIOLATED)
g_row[0].g_col[0].pe/_2712_/CLK         1.500000    6.824846   -5.324846 (VIOLATED)
g_row[0].g_col[0].pe/_2719_/CLK         1.500000    6.824847   -5.324846 (VIOLATED)
g_row[0].g_col[1].pe/_2743_/CLK         1.500000    6.824847   -5.324846 (VIOLATED)
g_row[0].g_col[0].pe/_2721_/CLK         1.500000    6.824831   -5.324831 (VIOLATED)
g_row[0].g_col[0].pe/_2720_/CLK         1.500000    6.824812   -5.324812 (VIOLATED)
g_row[0].g_col[1].pe/_2738_/CLK         1.500000    6.824814   -5.324814 (VIOLATED)
g_row[0].g_col[1].pe/_2744_/CLK         1.500000    6.824807   -5.324808 (VIOLATED)
g_row[0].g_col[1].pe/_2745_/CLK         1.500000    6.824810   -5.324810 (VIOLATED)
g_row[0].g_col[1].pe/_2746_/CLK         1.500000    6.824810   -5.324810 (VIOLATED)
g_row[0].g_col[1].pe/_2747_/CLK         1.500000    6.824810   -5.324810 (VIOLATED)
g_row[0].g_col[1].pe/_2748_/CLK         1.500000    6.824810   -5.324809 (VIOLATED)
g_row[0].g_col[1].pe/_2749_/CLK         1.500000    6.824810   -5.324810 (VIOLATED)
g_row[0].g_col[1].pe/_2750_/CLK         1.500000    6.824811   -5.324811 (VIOLATED)
g_row[0].g_col[1].pe/_2751_/CLK         1.500000    6.824811   -5.324811 (VIOLATED)
g_row[0].g_col[1].pe/_2755_/CLK         1.500000    6.824814   -5.324814 (VIOLATED)
g_row[0].g_col[0].pe/_2714_/CLK         1.500000    6.824796   -5.324796 (VIOLATED)
g_row[0].g_col[1].pe/_2763_/CLK         1.500000    6.824796   -5.324796 (VIOLATED)
g_row[1].g_col[0].pe/_2722_/CLK         1.500000    6.824799   -5.324800 (VIOLATED)
g_row[1].g_col[0].pe/_2729_/CLK         1.500000    6.824800   -5.324800 (VIOLATED)
g_row[1].g_col[0].pe/_2730_/CLK         1.500000    6.824800   -5.324800 (VIOLATED)
g_row[1].g_col[0].pe/_2732_/CLK         1.500000    6.824799   -5.324800 (VIOLATED)
g_row[0].g_col[0].pe/_2715_/CLK         1.500000    6.824787   -5.324787 (VIOLATED)
g_row[0].g_col[0].pe/_2762_/CLK         1.500000    6.824791   -5.324791 (VIOLATED)
g_row[0].g_col[0].pe/_2718_/CLK         1.500000    6.824786   -5.324786 (VIOLATED)
g_row[1].g_col[0].pe/_2707_/CLK         1.500000    6.824789   -5.324789 (VIOLATED)
g_row[1].g_col[0].pe/_2713_/CLK         1.500000    6.824790   -5.324790 (VIOLATED)
g_row[1].g_col[0].pe/_2714_/CLK         1.500000    6.824790   -5.324790 (VIOLATED)
g_row[1].g_col[0].pe/_2715_/CLK         1.500000    6.824794   -5.324794 (VIOLATED)
g_row[1].g_col[0].pe/_2716_/CLK         1.500000    6.824791   -5.324791 (VIOLATED)
g_row[1].g_col[0].pe/_2717_/CLK         1.500000    6.824794   -5.324794 (VIOLATED)
g_row[1].g_col[0].pe/_2733_/CLK         1.500000    6.824797   -5.324797 (VIOLATED)
g_row[1].g_col[0].pe/_2734_/CLK         1.500000    6.824797   -5.324798 (VIOLATED)
g_row[1].g_col[0].pe/_2735_/CLK         1.500000    6.824796   -5.324796 (VIOLATED)
g_row[1].g_col[0].pe/_2736_/CLK         1.500000    6.824798   -5.324799 (VIOLATED)
g_row[1].g_col[0].pe/_2737_/CLK         1.500000    6.824799   -5.324800 (VIOLATED)
g_row[1].g_col[0].pe/_2718_/CLK         1.500000    6.824789   -5.324789 (VIOLATED)
g_row[1].g_col[0].pe/_2719_/CLK         1.500000    6.824787   -5.324787 (VIOLATED)
g_row[1].g_col[0].pe/_2720_/CLK         1.500000    6.824789   -5.324789 (VIOLATED)
g_row[1].g_col[0].pe/_2721_/CLK         1.500000    6.824789   -5.324789 (VIOLATED)
g_row[1].g_col[0].pe/_2731_/CLK         1.500000    6.824790   -5.324790 (VIOLATED)
g_row[0].g_col[0].pe/_2717_/CLK         1.500000    6.824781   -5.324781 (VIOLATED)
g_row[0].g_col[0].pe/_2760_/CLK         1.500000    6.824779   -5.324779 (VIOLATED)
g_row[0].g_col[0].pe/_2761_/CLK         1.500000    6.824779   -5.324779 (VIOLATED)
_320_/CLK                               1.500000    6.824769   -5.324769 (VIOLATED)
_321_/CLK                               1.500000    6.824772   -5.324772 (VIOLATED)
_322_/CLK                               1.500000    6.824771   -5.324771 (VIOLATED)
g_row[0].g_col[0].pe/_2716_/CLK         1.500000    6.824771   -5.324771 (VIOLATED)
_319_/CLK                               1.500000    6.824752   -5.324752 (VIOLATED)
g_row[0].g_col[1].pe/_2761_/CLK         1.500000    6.824749   -5.324749 (VIOLATED)
g_row[1].g_col[0].pe/_2739_/CLK         1.500000    6.824727   -5.324727 (VIOLATED)
g_row[1].g_col[0].pe/_2740_/CLK         1.500000    6.824727   -5.324728 (VIOLATED)
g_row[1].g_col[0].pe/_2741_/CLK         1.500000    6.824726   -5.324727 (VIOLATED)
g_row[1].g_col[0].pe/_2742_/CLK         1.500000    6.824727   -5.324728 (VIOLATED)
g_row[1].g_col[0].pe/_2743_/CLK         1.500000    6.824726   -5.324727 (VIOLATED)
g_row[1].g_col[0].pe/_2744_/CLK         1.500000    6.824726   -5.324726 (VIOLATED)
g_row[1].g_col[0].pe/_2745_/CLK         1.500000    6.824726   -5.324726 (VIOLATED)
g_row[1].g_col[0].pe/_2746_/CLK         1.500000    6.824725   -5.324725 (VIOLATED)
g_row[1].g_col[0].pe/_2756_/CLK         1.500000    6.824726   -5.324726 (VIOLATED)
g_row[1].g_col[0].pe/_2738_/CLK         1.500000    6.824719   -5.324719 (VIOLATED)
g_row[1].g_col[0].pe/_2747_/CLK         1.500000    6.824723   -5.324723 (VIOLATED)
g_row[1].g_col[0].pe/_2748_/CLK         1.500000    6.824722   -5.324722 (VIOLATED)
g_row[0].g_col[0].pe/_2755_/CLK         1.500000    6.824713   -5.324713 (VIOLATED)
g_row[1].g_col[0].pe/_2749_/CLK         1.500000    6.824718   -5.324718 (VIOLATED)
g_row[1].g_col[0].pe/_2750_/CLK         1.500000    6.824716   -5.324716 (VIOLATED)
g_row[1].g_col[0].pe/_2755_/CLK         1.500000    6.824720   -5.324720 (VIOLATED)
g_row[1].g_col[0].pe/_2757_/CLK         1.500000    6.824724   -5.324724 (VIOLATED)
g_row[1].g_col[0].pe/_2758_/CLK         1.500000    6.824722   -5.324722 (VIOLATED)
g_row[1].g_col[0].pe/_2759_/CLK         1.500000    6.824721   -5.324721 (VIOLATED)
g_row[1].g_col[0].pe/_2760_/CLK         1.500000    6.824720   -5.324720 (VIOLATED)
g_row[1].g_col[0].pe/_2761_/CLK         1.500000    6.824718   -5.324718 (VIOLATED)
g_row[1].g_col[0].pe/_2762_/CLK         1.500000    6.824716   -5.324716 (VIOLATED)
g_row[1].g_col[0].pe/_2751_/CLK         1.500000    6.824711   -5.324710 (VIOLATED)
g_row[1].g_col[0].pe/_2754_/CLK         1.500000    6.824713   -5.324713 (VIOLATED)
g_row[1].g_col[0].pe/_2763_/CLK         1.500000    6.824714   -5.324714 (VIOLATED)
g_row[1].g_col[0].pe/_2764_/CLK         1.500000    6.824711   -5.324711 (VIOLATED)
g_row[1].g_col[0].pe/_2752_/CLK         1.500000    6.824707   -5.324706 (VIOLATED)
g_row[1].g_col[0].pe/_2753_/CLK         1.500000    6.824702   -5.324703 (VIOLATED)
g_row[1].g_col[0].pe/_2765_/CLK         1.500000    6.824706   -5.324706 (VIOLATED)
g_row[1].g_col[0].pe/_2771_/CLK         1.500000    6.824709   -5.324710 (VIOLATED)
g_row[1].g_col[0].pe/_2766_/CLK         1.500000    6.824703   -5.324704 (VIOLATED)
g_row[1].g_col[0].pe/_2767_/CLK         1.500000    6.824697   -5.324697 (VIOLATED)
g_row[0].g_col[0].pe/_2766_/CLK         1.500000    6.824692   -5.324692 (VIOLATED)
g_row[0].g_col[0].pe/_2767_/CLK         1.500000    6.824695   -5.324695 (VIOLATED)
g_row[0].g_col[0].pe/_2769_/CLK         1.500000    6.824695   -5.324696 (VIOLATED)
g_row[0].g_col[0].pe/_2770_/CLK         1.500000    6.824695   -5.324696 (VIOLATED)
g_row[1].g_col[0].pe/_2768_/CLK         1.500000    6.824692   -5.324692 (VIOLATED)
g_row[1].g_col[0].pe/_2769_/CLK         1.500000    6.824695   -5.324695 (VIOLATED)
g_row[1].g_col[0].pe/_2770_/CLK         1.500000    6.824697   -5.324697 (VIOLATED)
_332_/CLK                               1.500000    6.824687   -5.324687 (VIOLATED)
g_row[0].g_col[1].pe/_2723_/CLK         1.500000    6.824690   -5.324690 (VIOLATED)
g_row[0].g_col[1].pe/_2724_/CLK         1.500000    6.824689   -5.324689 (VIOLATED)
g_row[0].g_col[1].pe/_2726_/CLK         1.500000    6.824691   -5.324691 (VIOLATED)
g_row[0].g_col[1].pe/_2728_/CLK         1.500000    6.824694   -5.324694 (VIOLATED)
g_row[0].g_col[1].pe/_2730_/CLK         1.500000    6.824694   -5.324694 (VIOLATED)
g_row[0].g_col[0].pe/_2765_/CLK         1.500000    6.824680   -5.324679 (VIOLATED)
_338_/CLK                               1.500000    6.824673   -5.324673 (VIOLATED)
g_row[0].g_col[1].pe/_2760_/CLK         1.500000    6.824678   -5.324678 (VIOLATED)
g_row[0].g_col[0].pe/_2768_/CLK         1.500000    6.824671   -5.324672 (VIOLATED)
g_row[0].g_col[0].pe/_2771_/CLK         1.500000    6.824667   -5.324667 (VIOLATED)
g_row[0].g_col[1].pe/_2762_/CLK         1.500000    6.824667   -5.324667 (VIOLATED)
g_row[0].g_col[1].pe/_2766_/CLK         1.500000    6.824668   -5.324669 (VIOLATED)
g_row[0].g_col[1].pe/_2767_/CLK         1.500000    6.824669   -5.324669 (VIOLATED)
g_row[0].g_col[1].pe/_2768_/CLK         1.500000    6.824670   -5.324671 (VIOLATED)
g_row[0].g_col[1].pe/_2769_/CLK         1.500000    6.824666   -5.324666 (VIOLATED)
_273_/CLK                               1.500000    6.824656   -5.324656 (VIOLATED)
_274_/CLK                               1.500000    6.824656   -5.324656 (VIOLATED)
g_row[0].g_col[1].pe/_2757_/CLK         1.500000    6.824653   -5.324653 (VIOLATED)
g_row[0].g_col[1].pe/_2770_/CLK         1.500000    6.824657   -5.324657 (VIOLATED)
g_row[0].g_col[1].pe/_2771_/CLK         1.500000    6.824656   -5.324656 (VIOLATED)
g_row[0].g_col[1].pe/_2758_/CLK         1.500000    6.824646   -5.324646 (VIOLATED)
g_row[0].g_col[1].pe/_2759_/CLK         1.500000    6.824649   -5.324649 (VIOLATED)
_275_/CLK                               1.500000    6.824637   -5.324638 (VIOLATED)
_278_/CLK                               1.500000    6.824639   -5.324639 (VIOLATED)
_279_/CLK                               1.500000    6.824642   -5.324642 (VIOLATED)
_280_/CLK                               1.500000    6.824642   -5.324642 (VIOLATED)
_281_/CLK                               1.500000    6.824644   -5.324644 (VIOLATED)
_282_/CLK                               1.500000    6.824643   -5.324643 (VIOLATED)
_283_/CLK                               1.500000    6.824644   -5.324644 (VIOLATED)
_284_/CLK                               1.500000    6.824643   -5.324643 (VIOLATED)
g_row[0].g_col[0].pe/_2691_/CLK         1.500000    6.824646   -5.324646 (VIOLATED)
g_row[0].g_col[0].pe/_2738_/CLK         1.500000    6.824642   -5.324642 (VIOLATED)
g_row[0].g_col[0].pe/_2740_/CLK         1.500000    6.824642   -5.324642 (VIOLATED)
g_row[0].g_col[0].pe/_2763_/CLK         1.500000    6.824637   -5.324637 (VIOLATED)
g_row[0].g_col[0].pe/_2764_/CLK         1.500000    6.824642   -5.324641 (VIOLATED)
g_row[0].g_col[0].pe/_2692_/CLK         1.500000    6.824631   -5.324632 (VIOLATED)
g_row[0].g_col[1].pe/_2756_/CLK         1.500000    6.824636   -5.324635 (VIOLATED)
g_row[0].g_col[1].pe/_2764_/CLK         1.500000    6.824636   -5.324636 (VIOLATED)
g_row[0].g_col[1].pe/_2765_/CLK         1.500000    6.824636   -5.324637 (VIOLATED)
g_row[0].g_col[0].pe/_2693_/CLK         1.500000    6.824629   -5.324629 (VIOLATED)
g_row[0].g_col[0].pe/_2705_/CLK         1.500000    6.824625   -5.324625 (VIOLATED)
g_row[0].g_col[0].pe/_2739_/CLK         1.500000    6.824629   -5.324629 (VIOLATED)
g_row[0].g_col[0].pe/_2694_/CLK         1.500000    6.824605   -5.324605 (VIOLATED)
g_row[0].g_col[0].pe/_2758_/CLK         1.500000    6.824603   -5.324602 (VIOLATED)
g_row[0].g_col[0].pe/_2759_/CLK         1.500000    6.824600   -5.324601 (VIOLATED)
_313_/CLK                               1.500000    6.824590   -5.324591 (VIOLATED)
_315_/CLK                               1.500000    6.824584   -5.324584 (VIOLATED)
g_row[0].g_col[0].pe/_2757_/CLK         1.500000    6.824586   -5.324586 (VIOLATED)
_286_/CLK                               1.500000    6.824578   -5.324578 (VIOLATED)
_287_/CLK                               1.500000    6.824578   -5.324578 (VIOLATED)
_289_/CLK                               1.500000    6.824578   -5.324578 (VIOLATED)
_290_/CLK                               1.500000    6.824577   -5.324577 (VIOLATED)
_291_/CLK                               1.500000    6.824578   -5.324578 (VIOLATED)
_292_/CLK                               1.500000    6.824577   -5.324577 (VIOLATED)
_317_/CLK                               1.500000    6.824575   -5.324575 (VIOLATED)
_324_/CLK                               1.500000    6.824576   -5.324575 (VIOLATED)
g_row[0].g_col[0].pe/_2695_/CLK         1.500000    6.824577   -5.324577 (VIOLATED)
g_row[0].g_col[0].pe/_2696_/CLK         1.500000    6.824578   -5.324578 (VIOLATED)
g_row[0].g_col[0].pe/_2697_/CLK         1.500000    6.824577   -5.324576 (VIOLATED)
g_row[0].g_col[0].pe/_2699_/CLK         1.500000    6.824577   -5.324577 (VIOLATED)
g_row[0].g_col[0].pe/_2700_/CLK         1.500000    6.824576   -5.324575 (VIOLATED)
g_row[0].g_col[0].pe/_2701_/CLK         1.500000    6.824574   -5.324574 (VIOLATED)
g_row[0].g_col[0].pe/_2702_/CLK         1.500000    6.824574   -5.324574 (VIOLATED)
g_row[0].g_col[0].pe/_2756_/CLK         1.500000    6.824575   -5.324575 (VIOLATED)
_312_/CLK                               1.500000    6.824566   -5.324567 (VIOLATED)
_316_/CLK                               1.500000    6.824566   -5.324567 (VIOLATED)
_318_/CLK                               1.500000    6.824564   -5.324563 (VIOLATED)
_323_/CLK                               1.500000    6.824566   -5.324567 (VIOLATED)
g_row[0].g_col[0].pe/_2703_/CLK         1.500000    6.824571   -5.324571 (VIOLATED)
g_row[0].g_col[0].pe/_2704_/CLK         1.500000    6.824571   -5.324571 (VIOLATED)
g_row[0].g_col[0].pe/_2698_/CLK         1.500000    6.824565   -5.324566 (VIOLATED)
_314_/CLK                               1.500000    6.824545   -5.324545 (VIOLATED)
g_row[0].g_col[0].pe/_2727_/CLK         1.500000    6.824525   -5.324525 (VIOLATED)
g_row[0].g_col[0].pe/_2690_/CLK         1.500000    6.824519   -5.324519 (VIOLATED)
g_row[0].g_col[0].pe/_2723_/CLK         1.500000    6.824519   -5.324519 (VIOLATED)
g_row[0].g_col[0].pe/_2724_/CLK         1.500000    6.824519   -5.324519 (VIOLATED)
g_row[0].g_col[0].pe/_2725_/CLK         1.500000    6.824518   -5.324518 (VIOLATED)
g_row[0].g_col[0].pe/_2726_/CLK         1.500000    6.824517   -5.324517 (VIOLATED)
g_row[0].g_col[0].pe/_2728_/CLK         1.500000    6.824513   -5.324513 (VIOLATED)
_311_/CLK                               1.500000    6.824506   -5.324506 (VIOLATED)
g_row[0].g_col[0].pe/_2722_/CLK         1.500000    6.824508   -5.324508 (VIOLATED)
g_row[0].g_col[0].pe/_2731_/CLK         1.500000    6.824512   -5.324512 (VIOLATED)
g_row[0].g_col[0].pe/_2729_/CLK         1.500000    6.824506   -5.324505 (VIOLATED)
g_row[0].g_col[0].pe/_2732_/CLK         1.500000    6.824510   -5.324510 (VIOLATED)
g_row[0].g_col[0].pe/_2733_/CLK         1.500000    6.824506   -5.324506 (VIOLATED)
g_row[0].g_col[0].pe/_2734_/CLK         1.500000    6.824509   -5.324509 (VIOLATED)
g_row[0].g_col[0].pe/_2735_/CLK         1.500000    6.824507   -5.324507 (VIOLATED)
g_row[0].g_col[0].pe/_2736_/CLK         1.500000    6.824509   -5.324509 (VIOLATED)
g_row[0].g_col[0].pe/_2737_/CLK         1.500000    6.824511   -5.324511 (VIOLATED)
g_row[0].g_col[0].pe/_2741_/CLK         1.500000    6.824501   -5.324501 (VIOLATED)
g_row[0].g_col[0].pe/_2742_/CLK         1.500000    6.824503   -5.324503 (VIOLATED)
g_row[0].g_col[0].pe/_2754_/CLK         1.500000    6.824502   -5.324503 (VIOLATED)
g_row[0].g_col[0].pe/_2749_/CLK         1.500000    6.824493   -5.324493 (VIOLATED)
g_row[0].g_col[0].pe/_2751_/CLK         1.500000    6.824497   -5.324497 (VIOLATED)
_310_/CLK                               1.500000    6.824467   -5.324466 (VIOLATED)
_309_/CLK                               1.500000    6.824432   -5.324432 (VIOLATED)
g_row[0].g_col[0].pe/_2730_/CLK         1.500000    6.824420   -5.324420 (VIOLATED)
g_row[0].g_col[0].pe/_2743_/CLK         1.500000    6.824394   -5.324394 (VIOLATED)
g_row[0].g_col[0].pe/_2744_/CLK         1.500000    6.824393   -5.324394 (VIOLATED)
g_row[0].g_col[0].pe/_2745_/CLK         1.500000    6.824393   -5.324393 (VIOLATED)
g_row[0].g_col[0].pe/_2746_/CLK         1.500000    6.824392   -5.324392 (VIOLATED)
g_row[0].g_col[0].pe/_2747_/CLK         1.500000    6.824391   -5.324391 (VIOLATED)
g_row[0].g_col[0].pe/_2748_/CLK         1.500000    6.824390   -5.324390 (VIOLATED)
g_row[0].g_col[0].pe/_2750_/CLK         1.500000    6.824393   -5.324394 (VIOLATED)
g_row[0].g_col[0].pe/_2752_/CLK         1.500000    6.824393   -5.324394 (VIOLATED)
g_row[0].g_col[0].pe/_2753_/CLK         1.500000    6.824394   -5.324394 (VIOLATED)
_277_/CLK                               1.500000    6.824358   -5.324357 (VIOLATED)
_285_/CLK                               1.500000    6.824261   -5.324261 (VIOLATED)
_288_/CLK                               1.500000    6.824158   -5.324158 (VIOLATED)

max fanout

Pin                                   Limit Fanout  Slack
---------------------------------------------------------
clk                                       8    396   -388 (VIOLATED)

max capacitance

Pin                                        Limit         Cap       Slack
------------------------------------------------------------------------
clk                                     0.209666    0.970704   -0.761038 (VIOLATED)



===========================================================================
report_parasitic_annotation -report_unannotated
============================================================================
Found 14 unannotated drivers.
 g_row\[0\].g_col\[0\].pe/_2689_/SUM
 g_row\[0\].g_col\[0\].pe/_2772_/HI
 g_row\[0\].g_col\[0\].pe/_2773_/HI
 g_row\[0\].g_col\[1\].pe/_2689_/SUM
 g_row\[0\].g_col\[1\].pe/_2772_/HI
 g_row\[0\].g_col\[1\].pe/_2773_/HI
 g_row\[0\].g_col\[1\].pe/_2774_/X
 g_row\[1\].g_col\[0\].pe/_2689_/SUM
 g_row\[1\].g_col\[0\].pe/_2772_/HI
 g_row\[1\].g_col\[0\].pe/_2773_/HI
 g_row\[1\].g_col\[1\].pe/_2689_/SUM
 g_row\[1\].g_col\[1\].pe/_2772_/HI
 g_row\[1\].g_col\[1\].pe/_2773_/HI
 g_row\[1\].g_col\[1\].pe/_2774_/X
Found 0 partially unannotated drivers.

===========================================================================
max slew violation count 397
Writing metric design__max_slew_violation__count__corner:max_ss_100C_1v60: 397
max fanout violation count 1
Writing metric design__max_fanout_violation__count__corner:max_ss_100C_1v60: 1
max cap violation count 1
Writing metric design__max_cap_violation__count__corner:max_ss_100C_1v60: 1
============================================================================

===========================================================================
check_setup -verbose -unconstrained_endpoints -multiple_clock -no_clock -no_input_delay -loops -generated_clocks
===========================================================================
