Clock: clk
Sources: clk 
Generated: no
Virtual: yes
Propagated: no
Period: 20.000000

===========================================================================
report_clock_properties
============================================================================
Clock                   Period          Waveform
----------------------------------------------------
clk                  20.000000    0.000000 10.000000

===========================================================================
report_clock_latency
============================================================================
Clock clk
rise -> rise
    min     max
0.000000 0.000000 source latency
4.786982         network latency _288_/CLK
        4.857599 network latency _293_/CLK
---------------
4.786982 4.857599 latency
        0.070617 skew

fall -> fall
    min     max
0.000000 0.000000 source latency
2.734539         network latency _288_/CLK
        2.801497 network latency _293_/CLK
---------------
2.734539 2.801497 latency
        0.066958 skew



===========================================================================
report_clock_min_period
============================================================================
clk period_min = 12.38 fmax = 80.75
