
===========================================================================
Violator List
============================================================================
[hold in-reg] a_inputs_flat[19] -> _296_/D : -5.879976
[hold in-reg] a_inputs_flat[16] -> _293_/D : -5.879848
[hold in-reg] a_inputs_flat[23] -> _300_/D : -5.876656
[hold in-reg] a_inputs_flat[31] -> _308_/D : -5.876558
[hold in-reg] a_inputs_flat[17] -> _294_/D : -5.875643
[hold in-reg] a_inputs_flat[18] -> _295_/D : -5.874741
[hold in-reg] a_inputs_flat[20] -> _297_/D : -5.873237
[hold in-reg] a_inputs_flat[21] -> _298_/D : -5.871781
[hold in-reg] a_inputs_flat[22] -> _299_/D : -5.869620
[hold in-reg] b_inputs_flat[18] -> _327_/D : -5.867707
[hold in-reg] b_inputs_flat[22] -> _331_/D : -5.866684
[hold in-reg] b_inputs_flat[16] -> _325_/D : -5.866462
[hold in-reg] b_inputs_flat[17] -> _326_/D : -5.866192
[hold in-reg] b_inputs_flat[28] -> _337_/D : -5.865836
[hold in-reg] b_inputs_flat[21] -> _330_/D : -5.865437
[hold in-reg] b_inputs_flat[19] -> _328_/D : -5.865387
[hold in-reg] b_inputs_flat[25] -> _334_/D : -5.865367
[hold in-reg] b_inputs_flat[31] -> _340_/D : -5.864890
[hold in-reg] b_inputs_flat[26] -> _335_/D : -5.864629
[hold in-reg] b_inputs_flat[20] -> _329_/D : -5.864085
[hold in-reg] b_inputs_flat[24] -> _333_/D : -5.862703
[hold in-reg] b_inputs_flat[30] -> _339_/D : -5.861066
[hold in-reg] a_inputs_flat[24] -> _301_/D : -5.860829
[hold in-reg] a_inputs_flat[27] -> _304_/D : -5.860168
[hold in-reg] a_inputs_flat[25] -> _302_/D : -5.853270
[hold in-reg] a_inputs_flat[26] -> _303_/D : -5.850965
[hold in-reg] compute_enable -> _274_/D : -5.846295
[hold in-reg] enable -> _273_/D : -5.845855
[hold in-reg] b_inputs_flat[29] -> _338_/D : -5.841375
[hold in-reg] b_inputs_flat[8] -> _317_/D : -5.841019
[hold in-reg] a_inputs_flat[4] -> _281_/D : -5.840608
[hold in-reg] a_inputs_flat[12] -> _289_/D : -5.840538
[hold in-reg] b_inputs_flat[15] -> _324_/D : -5.840142
[hold in-reg] a_inputs_flat[6] -> _283_/D : -5.839929
[hold in-reg] a_inputs_flat[10] -> _287_/D : -5.839521
[hold in-reg] b_inputs_flat[12] -> _321_/D : -5.839395
[hold in-reg] a_inputs_flat[14] -> _291_/D : -5.839202
[hold in-reg] a_inputs_flat[7] -> _284_/D : -5.838979
[hold in-reg] b_inputs_flat[9] -> _318_/D : -5.838967
[hold in-reg] b_inputs_flat[13] -> _322_/D : -5.838851
[hold in-reg] b_inputs_flat[7] -> _316_/D : -5.837980
[hold in-reg] a_inputs_flat[9] -> _286_/D : -5.837617
[hold in-reg] b_inputs_flat[3] -> _312_/D : -5.837508
[hold in-reg] b_inputs_flat[5] -> _314_/D : -5.837342
[hold in-reg] b_inputs_flat[14] -> _323_/D : -5.836991
[hold in-reg] b_inputs_flat[10] -> _319_/D : -5.836748
[hold in-reg] b_inputs_flat[4] -> _313_/D : -5.836614
[hold in-reg] b_inputs_flat[2] -> _311_/D : -5.836427
[hold in-reg] b_inputs_flat[6] -> _315_/D : -5.836379
[hold in-reg] b_inputs_flat[11] -> _320_/D : -5.836253
[hold in-reg] a_inputs_flat[3] -> _280_/D : -5.835592
[hold in-reg] a_inputs_flat[5] -> _282_/D : -5.835514
[hold in-reg] a_inputs_flat[2] -> _279_/D : -5.835171
[hold in-reg] b_inputs_flat[1] -> _310_/D : -5.834501
[hold in-reg] clear_acc -> _275_/D : -5.834440
[hold in-reg] b_inputs_flat[0] -> _309_/D : -5.833078
[hold in-reg] a_inputs_flat[1] -> _278_/D : -5.830606
[hold in-reg] b_inputs_flat[23] -> _332_/D : -5.830572
[hold in-reg] a_inputs_flat[15] -> _292_/D : -5.829677
[hold in-reg] a_inputs_flat[13] -> _290_/D : -5.825116
[hold in-reg] load_weights -> _276_/D : -5.814631
[hold in-reg] b_inputs_flat[27] -> _336_/D : -5.812882
[hold in-reg] a_inputs_flat[0] -> _277_/D : -5.805091
[hold in-reg] a_inputs_flat[8] -> _285_/D : -5.799650
[hold in-reg] a_inputs_flat[28] -> _305_/D : -5.798592
[hold in-reg] a_inputs_flat[30] -> _307_/D : -5.797848
[hold in-reg] a_inputs_flat[29] -> _306_/D : -5.785930
[hold in-reg] a_inputs_flat[11] -> _288_/D : -5.774745
[hold in-reg] reset -> g_row[1].g_col[1].pe/_2742_/D : -5.260892
[hold in-reg] reset -> g_row[1].g_col[1].pe/_2744_/D : -5.251967
[hold in-reg] reset -> g_row[1].g_col[1].pe/_2738_/D : -5.251079
[hold in-reg] reset -> g_row[1].g_col[1].pe/_2741_/D : -5.250875
[hold in-reg] reset -> g_row[1].g_col[1].pe/_2743_/D : -5.244187
[hold in-reg] reset -> g_row[1].g_col[1].pe/_2752_/D : -5.194535
[hold in-reg] reset -> g_row[0].g_col[0].pe/_2753_/D : -5.179312
[hold in-reg] reset -> g_row[1].g_col[0].pe/_2752_/D : -5.159503
[hold in-reg] reset -> g_row[1].g_col[1].pe/_2757_/D : -5.080987
[hold in-reg] reset -> g_row[1].g_col[1].pe/_2760_/D : -5.080519
[hold in-reg] reset -> g_row[1].g_col[1].pe/_2771_/D : -5.080159
[hold in-reg] reset -> g_row[1].g_col[1].pe/_2739_/D : -5.079817
[hold in-reg] reset -> g_row[1].g_col[0].pe/_2770_/D : -5.045490
[hold in-reg] reset -> g_row[1].g_col[1].pe/_2740_/D : -5.009515
[hold in-reg] reset -> g_row[1].g_col[1].pe/_2754_/D : -5.009501
[hold in-reg] reset -> g_row[1].g_col[1].pe/_2755_/D : -5.009244
[hold in-reg] reset -> g_row[1].g_col[1].pe/_2756_/D : -5.005532
[hold in-reg] reset -> g_row[1].g_col[1].pe/_2705_/D : -4.968724
[hold in-reg] reset -> g_row[1].g_col[0].pe/_2728_/D : -4.968596
[hold in-reg] reset -> g_row[1].g_col[0].pe/_2699_/D : -4.966629
[hold in-reg] reset -> g_row[1].g_col[0].pe/_2722_/D : -4.965124
[hold in-reg] reset -> g_row[1].g_col[0].pe/_2698_/D : -4.964537
[hold in-reg] reset -> g_row[1].g_col[0].pe/_2729_/D : -4.964497
[hold in-reg] reset -> g_row[1].g_col[0].pe/_2694_/D : -4.964206
[hold in-reg] reset -> g_row[1].g_col[0].pe/_2730_/D : -4.963268
[hold in-reg] reset -> g_row[1].g_col[0].pe/_2701_/D : -4.963056
[hold in-reg] reset -> g_row[1].g_col[1].pe/_2734_/D : -4.960857
[hold in-reg] reset -> g_row[1].g_col[1].pe/_2736_/D : -4.959461
[hold in-reg] reset -> g_row[1].g_col[1].pe/_2730_/D : -4.959186
[hold in-reg] reset -> g_row[1].g_col[0].pe/_2700_/D : -4.959106
[hold in-reg] reset -> g_row[1].g_col[1].pe/_2753_/D : -4.943972
[hold in-reg] reset -> g_row[1].g_col[1].pe/_2751_/D : -4.938660
[hold in-reg] reset -> g_row[1].g_col[1].pe/_2747_/D : -4.938126
[hold in-reg] reset -> g_row[1].g_col[1].pe/_2749_/D : -4.937997
[hold in-reg] reset -> g_row[1].g_col[1].pe/_2746_/D : -4.937871
[hold in-reg] reset -> g_row[1].g_col[1].pe/_2750_/D : -4.937383
[hold in-reg] reset -> g_row[1].g_col[1].pe/_2748_/D : -4.937301
[hold in-reg] reset -> g_row[1].g_col[1].pe/_2745_/D : -4.936755
[hold in-reg] reset -> g_row[1].g_col[0].pe/_2713_/D : -4.935060
[hold in-reg] reset -> g_row[1].g_col[1].pe/_2702_/D : -4.933962
[hold in-reg] reset -> g_row[0].g_col[0].pe/_2749_/D : -4.903313
[hold in-reg] reset -> g_row[0].g_col[0].pe/_2746_/D : -4.900267
[hold in-reg] reset -> g_row[1].g_col[0].pe/_2747_/D : -4.900250
[hold in-reg] reset -> g_row[0].g_col[0].pe/_2747_/D : -4.900016
[hold in-reg] reset -> g_row[0].g_col[0].pe/_2745_/D : -4.899956
[hold in-reg] reset -> g_row[0].g_col[0].pe/_2744_/D : -4.899780
[hold in-reg] reset -> g_row[0].g_col[0].pe/_2750_/D : -4.899552
[hold in-reg] reset -> g_row[1].g_col[0].pe/_2748_/D : -4.899396
[hold in-reg] reset -> g_row[0].g_col[0].pe/_2748_/D : -4.899246
[hold in-reg] reset -> g_row[0].g_col[0].pe/_2743_/D : -4.894722
[hold in-reg] reset -> g_row[1].g_col[1].pe/_2768_/D : -4.868553
[hold in-reg] reset -> g_row[1].g_col[1].pe/_2766_/D : -4.868460
[hold in-reg] reset -> g_row[1].g_col[1].pe/_2769_/D : -4.867610
[hold in-reg] reset -> g_row[1].g_col[1].pe/_2767_/D : -4.867571
[hold in-reg] reset -> g_row[1].g_col[1].pe/_2770_/D : -4.865654
[hold in-reg] reset -> g_row[0].g_col[0].pe/_2736_/D : -4.843956
[hold in-reg] reset -> g_row[0].g_col[0].pe/_2737_/D : -4.843455
[hold in-reg] reset -> g_row[0].g_col[0].pe/_2734_/D : -4.843416
[hold in-reg] reset -> g_row[0].g_col[0].pe/_2722_/D : -4.841438
[hold in-reg] reset -> g_row[1].g_col[0].pe/_2764_/D : -4.826090
[hold in-reg] reset -> g_row[1].g_col[0].pe/_2767_/D : -4.825193
[hold in-reg] reset -> g_row[1].g_col[0].pe/_2765_/D : -4.824662
[hold in-reg] reset -> g_row[1].g_col[0].pe/_2768_/D : -4.824508
[hold in-reg] reset -> g_row[1].g_col[0].pe/_2766_/D : -4.824345
[hold in-reg] reset -> g_row[1].g_col[0].pe/_2769_/D : -4.824221
[hold in-reg] reset -> g_row[1].g_col[0].pe/_2771_/D : -4.817409
[hold in-reg] reset -> g_row[0].g_col[1].pe/_2739_/D : -4.774796
[hold in-reg] reset -> g_row[1].g_col[1].pe/_2763_/D : -4.772345
[hold in-reg] reset -> g_row[1].g_col[0].pe/_2705_/D : -4.764803
[hold in-reg] reset -> g_row[1].g_col[0].pe/_2690_/D : -4.739754
[hold in-reg] reset -> g_row[1].g_col[0].pe/_2696_/D : -4.739163
[hold in-reg] reset -> g_row[1].g_col[0].pe/_2692_/D : -4.739079
[hold in-reg] reset -> g_row[1].g_col[0].pe/_2691_/D : -4.738403
[hold in-reg] reset -> g_row[1].g_col[0].pe/_2693_/D : -4.738376
[hold in-reg] reset -> g_row[1].g_col[0].pe/_2695_/D : -4.737550
[hold in-reg] reset -> g_row[1].g_col[0].pe/_2736_/D : -4.733960
[hold in-reg] reset -> g_row[1].g_col[0].pe/_2737_/D : -4.733312
[hold in-reg] reset -> g_row[1].g_col[0].pe/_2735_/D : -4.733276
[hold in-reg] reset -> g_row[1].g_col[0].pe/_2733_/D : -4.733007
[hold in-reg] reset -> g_row[1].g_col[0].pe/_2731_/D : -4.732545
[hold in-reg] reset -> g_row[1].g_col[0].pe/_2734_/D : -4.732440
[hold in-reg] reset -> g_row[1].g_col[1].pe/_2732_/D : -4.729373
[hold in-reg] reset -> g_row[1].g_col[1].pe/_2729_/D : -4.728900
[hold in-reg] reset -> g_row[1].g_col[1].pe/_2727_/D : -4.728857
[hold in-reg] reset -> g_row[1].g_col[0].pe/_2697_/D : -4.728842
[hold in-reg] reset -> g_row[1].g_col[0].pe/_2732_/D : -4.728228
[hold in-reg] reset -> g_row[1].g_col[1].pe/_2731_/D : -4.728204
[hold in-reg] reset -> g_row[1].g_col[1].pe/_2737_/D : -4.727564
[hold in-reg] reset -> g_row[1].g_col[1].pe/_2735_/D : -4.727230
[hold in-reg] reset -> g_row[1].g_col[0].pe/_2763_/D : -4.719052
[hold in-reg] reset -> g_row[1].g_col[1].pe/_2722_/D : -4.716514
[hold in-reg] reset -> g_row[1].g_col[1].pe/_2696_/D : -4.711503
[hold in-reg] reset -> g_row[1].g_col[1].pe/_2694_/D : -4.711227
[hold in-reg] reset -> g_row[1].g_col[1].pe/_2701_/D : -4.711128
[hold in-reg] reset -> g_row[1].g_col[1].pe/_2698_/D : -4.710714
[hold in-reg] reset -> g_row[1].g_col[1].pe/_2700_/D : -4.710397
[hold in-reg] reset -> g_row[1].g_col[1].pe/_2699_/D : -4.708612
[hold in-reg] reset -> g_row[1].g_col[0].pe/_2708_/D : -4.706690
[hold in-reg] reset -> g_row[1].g_col[0].pe/_2711_/D : -4.705689
[hold in-reg] reset -> g_row[1].g_col[0].pe/_2709_/D : -4.705327
[hold in-reg] reset -> g_row[1].g_col[0].pe/_2706_/D : -4.704270
[hold in-reg] reset -> g_row[1].g_col[0].pe/_2710_/D : -4.703837
[hold in-reg] reset -> g_row[1].g_col[0].pe/_2712_/D : -4.703135
[hold in-reg] reset -> g_row[1].g_col[1].pe/_2697_/D : -4.702866
[hold in-reg] reset -> g_row[1].g_col[0].pe/_2721_/D : -4.701224
[hold in-reg] reset -> g_row[1].g_col[1].pe/_2695_/D : -4.700928
[hold in-reg] reset -> g_row[1].g_col[1].pe/_2718_/D : -4.699885
[hold in-reg] reset -> g_row[1].g_col[1].pe/_2703_/D : -4.690736
[hold in-reg] reset -> g_row[1].g_col[1].pe/_2691_/D : -4.688555
[hold in-reg] reset -> g_row[1].g_col[1].pe/_2690_/D : -4.688016
[hold in-reg] reset -> g_row[1].g_col[1].pe/_2693_/D : -4.687739
[hold in-reg] reset -> g_row[1].g_col[1].pe/_2704_/D : -4.687162
[hold in-reg] reset -> g_row[0].g_col[1].pe/_2731_/D : -4.678897
[hold in-reg] reset -> g_row[0].g_col[1].pe/_2733_/D : -4.678813
[hold in-reg] reset -> g_row[1].g_col[1].pe/_2765_/D : -4.660603
[hold in-reg] reset -> g_row[1].g_col[1].pe/_2761_/D : -4.659949
[hold in-reg] reset -> g_row[1].g_col[1].pe/_2762_/D : -4.659372
[hold in-reg] reset -> g_row[1].g_col[1].pe/_2764_/D : -4.657641
[hold in-reg] reset -> g_row[1].g_col[1].pe/_2759_/D : -4.654795
[hold in-reg] reset -> g_row[0].g_col[1].pe/_2763_/D : -4.653240
[hold in-reg] reset -> g_row[1].g_col[1].pe/_2758_/D : -4.649315
[hold in-reg] reset -> g_row[0].g_col[1].pe/_2713_/D : -4.647838
[hold in-reg] reset -> g_row[0].g_col[0].pe/_2742_/D : -4.641416
[hold in-reg] reset -> g_row[0].g_col[0].pe/_2738_/D : -4.639227
[hold in-reg] reset -> g_row[0].g_col[0].pe/_2740_/D : -4.638982
[hold in-reg] reset -> g_row[0].g_col[0].pe/_2754_/D : -4.632217
[hold in-reg] reset -> g_row[0].g_col[0].pe/_2741_/D : -4.630837
[hold in-reg] reset -> g_row[0].g_col[0].pe/_2751_/D : -4.630589
[hold in-reg] reset -> g_row[1].g_col[0].pe/_2742_/D : -4.627223
[hold in-reg] reset -> g_row[1].g_col[0].pe/_2740_/D : -4.618264
[hold in-reg] reset -> g_row[1].g_col[0].pe/_2745_/D : -4.617839
[hold in-reg] reset -> g_row[1].g_col[0].pe/_2746_/D : -4.617527
[hold in-reg] reset -> g_row[1].g_col[0].pe/_2744_/D : -4.617301
[hold in-reg] reset -> g_row[1].g_col[0].pe/_2741_/D : -4.616861
[hold in-reg] reset -> g_row[1].g_col[0].pe/_2756_/D : -4.613755
[hold in-reg] reset -> g_row[1].g_col[0].pe/_2743_/D : -4.611697
[hold in-reg] reset -> g_row[1].g_col[0].pe/_2739_/D : -4.607674
[hold in-reg] reset -> g_row[1].g_col[0].pe/_2759_/D : -4.607647
[hold in-reg] reset -> g_row[1].g_col[0].pe/_2758_/D : -4.607565
[hold in-reg] reset -> g_row[1].g_col[0].pe/_2762_/D : -4.607190
[hold in-reg] reset -> g_row[1].g_col[0].pe/_2757_/D : -4.606956
[hold in-reg] reset -> g_row[1].g_col[0].pe/_2761_/D : -4.605960
[hold in-reg] reset -> g_row[1].g_col[0].pe/_2760_/D : -4.605890
[hold in-reg] reset -> g_row[0].g_col[0].pe/_2721_/D : -4.593390
[hold in-reg] reset -> g_row[0].g_col[0].pe/_2712_/D : -4.593163
[hold in-reg] reset -> g_row[0].g_col[0].pe/_2719_/D : -4.593114
[hold in-reg] reset -> g_row[0].g_col[0].pe/_2720_/D : -4.591444
[hold in-reg] reset -> g_row[0].g_col[0].pe/_2716_/D : -4.591230
[hold in-reg] reset -> g_row[0].g_col[0].pe/_2714_/D : -4.591074
[hold in-reg] reset -> g_row[0].g_col[0].pe/_2731_/D : -4.589107
[hold in-reg] reset -> g_row[0].g_col[0].pe/_2732_/D : -4.587652
[hold in-reg] reset -> g_row[0].g_col[0].pe/_2735_/D : -4.585910
[hold in-reg] reset -> g_row[0].g_col[0].pe/_2733_/D : -4.584501
[hold in-reg] reset -> g_row[0].g_col[0].pe/_2752_/D : -4.572739
[hold in-reg] reset -> g_row[0].g_col[0].pe/_2704_/D : -4.560706
[hold in-reg] reset -> g_row[0].g_col[1].pe/_2761_/D : -4.539262
[hold in-reg] reset -> g_row[0].g_col[1].pe/_2760_/D : -4.535051
[hold in-reg] reset -> g_row[0].g_col[1].pe/_2762_/D : -4.534631
[hold in-reg] reset -> g_row[0].g_col[1].pe/_2765_/D : -4.533464
[hold in-reg] reset -> g_row[0].g_col[1].pe/_2770_/D : -4.533417
[hold in-reg] reset -> g_row[0].g_col[1].pe/_2764_/D : -4.532831
[hold in-reg] reset -> g_row[1].g_col[0].pe/_2723_/D : -4.517391
[hold in-reg] reset -> g_row[1].g_col[0].pe/_2727_/D : -4.515467
[hold in-reg] reset -> g_row[1].g_col[0].pe/_2724_/D : -4.514084
[hold in-reg] reset -> g_row[1].g_col[0].pe/_2725_/D : -4.511155
[hold in-reg] reset -> g_row[1].g_col[0].pe/_2726_/D : -4.510450
[hold in-reg] reset -> g_row[1].g_col[1].pe/_2720_/D : -4.489732
[hold in-reg] reset -> g_row[1].g_col[1].pe/_2733_/D : -4.489724
[hold in-reg] reset -> g_row[1].g_col[0].pe/_2704_/D : -4.489666
[hold in-reg] reset -> g_row[1].g_col[1].pe/_2728_/D : -4.489385
[hold in-reg] reset -> g_row[1].g_col[1].pe/_2725_/D : -4.489213
[hold in-reg] reset -> g_row[1].g_col[1].pe/_2715_/D : -4.489154
[hold in-reg] reset -> g_row[1].g_col[1].pe/_2719_/D : -4.489004
[hold in-reg] reset -> g_row[1].g_col[0].pe/_2702_/D : -4.488464
[hold in-reg] reset -> g_row[1].g_col[1].pe/_2726_/D : -4.488118
[hold in-reg] reset -> g_row[1].g_col[0].pe/_2703_/D : -4.487339
[hold in-reg] reset -> g_row[1].g_col[1].pe/_2717_/D : -4.486251
[hold in-reg] reset -> g_row[1].g_col[1].pe/_2716_/D : -4.483930
[hold in-reg] reset -> g_row[1].g_col[1].pe/_2723_/D : -4.482315
[hold in-reg] reset -> g_row[1].g_col[1].pe/_2724_/D : -4.481890
[hold in-reg] reset -> g_row[1].g_col[1].pe/_2714_/D : -4.481421
[hold in-reg] reset -> g_row[1].g_col[0].pe/_2720_/D : -4.475180
[hold in-reg] reset -> g_row[1].g_col[0].pe/_2715_/D : -4.475054
[hold in-reg] reset -> g_row[1].g_col[0].pe/_2714_/D : -4.474474
[hold in-reg] reset -> g_row[1].g_col[0].pe/_2717_/D : -4.474249
[hold in-reg] reset -> g_row[0].g_col[0].pe/_2771_/D : -4.474223
[hold in-reg] reset -> g_row[1].g_col[0].pe/_2718_/D : -4.473753
[hold in-reg] reset -> g_row[1].g_col[0].pe/_2716_/D : -4.473710
[hold in-reg] reset -> g_row[1].g_col[0].pe/_2719_/D : -4.472898
[hold in-reg] reset -> g_row[0].g_col[0].pe/_2739_/D : -4.472521
[hold in-reg] reset -> g_row[0].g_col[0].pe/_2759_/D : -4.472084
[hold in-reg] reset -> g_row[1].g_col[0].pe/_2707_/D : -4.471944
[hold in-reg] reset -> g_row[0].g_col[0].pe/_2757_/D : -4.468662
[hold in-reg] reset -> g_row[0].g_col[0].pe/_2758_/D : -4.467010
[hold in-reg] reset -> g_row[1].g_col[1].pe/_2708_/D : -4.461258
[hold in-reg] reset -> g_row[1].g_col[1].pe/_2711_/D : -4.457443
[hold in-reg] reset -> g_row[1].g_col[1].pe/_2710_/D : -4.456444
[hold in-reg] reset -> g_row[1].g_col[1].pe/_2712_/D : -4.454937
[hold in-reg] reset -> g_row[1].g_col[1].pe/_2692_/D : -4.453321
[hold in-reg] reset -> g_row[1].g_col[1].pe/_2713_/D : -4.453254
[hold in-reg] reset -> g_row[0].g_col[1].pe/_2729_/D : -4.451453
[hold in-reg] reset -> g_row[1].g_col[1].pe/_2721_/D : -4.451126
[hold in-reg] reset -> g_row[1].g_col[1].pe/_2706_/D : -4.449744
[hold in-reg] reset -> g_row[1].g_col[1].pe/_2707_/D : -4.447596
[hold in-reg] reset -> g_row[1].g_col[1].pe/_2709_/D : -4.447346
[hold in-reg] reset -> g_row[0].g_col[1].pe/_2727_/D : -4.433557
[hold in-reg] reset -> g_row[0].g_col[1].pe/_2725_/D : -4.432712
[hold in-reg] reset -> g_row[0].g_col[1].pe/_2732_/D : -4.430322
[hold in-reg] reset -> g_row[0].g_col[1].pe/_2708_/D : -4.425402
[hold in-reg] reset -> g_row[0].g_col[1].pe/_2711_/D : -4.425377
[hold in-reg] reset -> g_row[0].g_col[1].pe/_2712_/D : -4.425294
[hold in-reg] reset -> g_row[0].g_col[1].pe/_2707_/D : -4.425199
[hold in-reg] reset -> g_row[0].g_col[1].pe/_2710_/D : -4.425190
[hold in-reg] reset -> g_row[0].g_col[1].pe/_2721_/D : -4.424819
[hold in-reg] reset -> g_row[0].g_col[1].pe/_2714_/D : -4.424547
[hold in-reg] reset -> g_row[0].g_col[1].pe/_2718_/D : -4.424512
[hold in-reg] reset -> g_row[0].g_col[1].pe/_2709_/D : -4.424381
[hold in-reg] reset -> g_row[0].g_col[1].pe/_2715_/D : -4.423988
[hold in-reg] reset -> g_row[0].g_col[1].pe/_2719_/D : -4.423622
[hold in-reg] reset -> g_row[0].g_col[1].pe/_2716_/D : -4.423615
[hold in-reg] reset -> g_row[0].g_col[1].pe/_2706_/D : -4.423100
[hold in-reg] reset -> g_row[0].g_col[1].pe/_2720_/D : -4.422903
[hold in-reg] reset -> g_row[0].g_col[1].pe/_2717_/D : -4.422473
[hold in-reg] reset -> g_row[0].g_col[1].pe/_2726_/D : -4.412020
[hold in-reg] reset -> g_row[0].g_col[1].pe/_2730_/D : -4.411628
[hold in-reg] reset -> g_row[0].g_col[1].pe/_2728_/D : -4.410174
[hold in-reg] reset -> g_row[0].g_col[1].pe/_2723_/D : -4.407695
[hold in-reg] reset -> g_row[0].g_col[1].pe/_2724_/D : -4.406613
[hold in-reg] reset -> g_row[0].g_col[1].pe/_2698_/D : -4.404616
[hold in-reg] reset -> g_row[0].g_col[1].pe/_2695_/D : -4.404468
[hold in-reg] reset -> g_row[0].g_col[1].pe/_2694_/D : -4.403681
[hold in-reg] reset -> g_row[0].g_col[1].pe/_2697_/D : -4.402285
[hold in-reg] reset -> g_row[0].g_col[1].pe/_2701_/D : -4.395905
[hold in-reg] reset -> g_row[0].g_col[1].pe/_2696_/D : -4.395451
[hold in-reg] reset -> g_row[0].g_col[0].pe/_2717_/D : -4.383362
[hold in-reg] reset -> g_row[0].g_col[0].pe/_2715_/D : -4.383195
[hold in-reg] reset -> g_row[0].g_col[0].pe/_2718_/D : -4.382051
[hold in-reg] reset -> g_row[0].g_col[0].pe/_2763_/D : -4.371265
[hold in-reg] reset -> g_row[0].g_col[0].pe/_2728_/D : -4.369258
[hold in-reg] reset -> g_row[0].g_col[0].pe/_2726_/D : -4.367957
[hold in-reg] reset -> g_row[0].g_col[0].pe/_2705_/D : -4.367232
[hold in-reg] reset -> g_row[0].g_col[0].pe/_2725_/D : -4.367091
[hold in-reg] reset -> g_row[0].g_col[0].pe/_2723_/D : -4.366992
[hold in-reg] reset -> g_row[0].g_col[0].pe/_2708_/D : -4.363816
[hold in-reg] reset -> g_row[0].g_col[0].pe/_2709_/D : -4.363524
[hold in-reg] reset -> g_row[0].g_col[0].pe/_2706_/D : -4.363503
[hold in-reg] reset -> g_row[0].g_col[0].pe/_2707_/D : -4.363177
[hold in-reg] reset -> g_row[0].g_col[0].pe/_2724_/D : -4.362683
[hold in-reg] reset -> g_row[0].g_col[0].pe/_2710_/D : -4.361464
[hold in-reg] reset -> g_row[0].g_col[0].pe/_2711_/D : -4.360988
[hold in-reg] reset -> g_row[0].g_col[0].pe/_2713_/D : -4.360634
[hold in-reg] reset -> g_row[0].g_col[0].pe/_2727_/D : -4.360019
[hold in-reg] reset -> g_row[0].g_col[0].pe/_2729_/D : -4.357295
[hold in-reg] reset -> g_row[0].g_col[0].pe/_2690_/D : -4.340170
[hold in-reg] reset -> g_row[0].g_col[0].pe/_2691_/D : -4.338321
[hold in-reg] reset -> g_row[0].g_col[0].pe/_2693_/D : -4.337847
[hold in-reg] reset -> g_row[0].g_col[0].pe/_2701_/D : -4.337512
[hold in-reg] reset -> g_row[0].g_col[0].pe/_2700_/D : -4.337343
[hold in-reg] reset -> g_row[0].g_col[0].pe/_2692_/D : -4.337234
[hold in-reg] reset -> g_row[0].g_col[0].pe/_2699_/D : -4.337197
[hold in-reg] reset -> g_row[0].g_col[0].pe/_2702_/D : -4.337168
[hold in-reg] reset -> g_row[0].g_col[0].pe/_2695_/D : -4.335798
[hold in-reg] reset -> g_row[0].g_col[0].pe/_2697_/D : -4.335793
[hold in-reg] reset -> g_row[0].g_col[0].pe/_2698_/D : -4.335510
[hold in-reg] reset -> g_row[0].g_col[0].pe/_2703_/D : -4.333818
[hold in-reg] reset -> g_row[0].g_col[0].pe/_2696_/D : -4.328016
[hold in-reg] reset -> g_row[0].g_col[1].pe/_2767_/D : -4.322304
[hold in-reg] reset -> g_row[0].g_col[1].pe/_2766_/D : -4.322266
[hold in-reg] reset -> g_row[0].g_col[1].pe/_2769_/D : -4.321467
[hold in-reg] reset -> g_row[0].g_col[1].pe/_2758_/D : -4.321460
[hold in-reg] reset -> g_row[0].g_col[1].pe/_2759_/D : -4.320920
[hold in-reg] reset -> g_row[0].g_col[1].pe/_2757_/D : -4.320741
[hold in-reg] reset -> g_row[0].g_col[1].pe/_2771_/D : -4.319937
[hold in-reg] reset -> g_row[0].g_col[1].pe/_2768_/D : -4.318892
[hold in-reg] reset -> g_row[0].g_col[0].pe/_2694_/D : -4.316895
[hold in-reg] reset -> g_row[0].g_col[0].pe/_2730_/D : -4.313172
[hold in-reg] reset -> g_row[1].g_col[0].pe/_2753_/D : -4.300932
[hold in-reg] reset -> g_row[0].g_col[0].pe/_2755_/D : -4.298262
[hold in-reg] reset -> g_row[1].g_col[0].pe/_2738_/D : -4.295187
[hold in-reg] reset -> g_row[1].g_col[0].pe/_2751_/D : -4.295131
[hold in-reg] reset -> g_row[1].g_col[0].pe/_2755_/D : -4.294799
[hold in-reg] reset -> g_row[1].g_col[0].pe/_2749_/D : -4.294503
[hold in-reg] reset -> g_row[1].g_col[0].pe/_2754_/D : -4.293608
[hold in-reg] reset -> g_row[1].g_col[0].pe/_2750_/D : -4.293321
[hold in-reg] reset -> g_row[0].g_col[0].pe/_2762_/D : -4.268120
[hold in-reg] reset -> g_row[0].g_col[0].pe/_2760_/D : -4.267681
[hold in-reg] reset -> g_row[0].g_col[0].pe/_2761_/D : -4.266299
[hold in-reg] reset -> g_row[0].g_col[0].pe/_2769_/D : -4.261489
[hold in-reg] reset -> g_row[0].g_col[0].pe/_2767_/D : -4.261470
[hold in-reg] reset -> g_row[0].g_col[0].pe/_2770_/D : -4.261129
[hold in-reg] reset -> g_row[0].g_col[0].pe/_2766_/D : -4.260204
[hold in-reg] reset -> g_row[0].g_col[0].pe/_2768_/D : -4.257913
[hold in-reg] reset -> g_row[0].g_col[0].pe/_2764_/D : -4.257380
[hold in-reg] reset -> g_row[0].g_col[0].pe/_2765_/D : -4.257246
[hold in-reg] reset -> g_row[0].g_col[1].pe/_2736_/D : -4.210940
[hold in-reg] reset -> g_row[0].g_col[1].pe/_2722_/D : -4.209750
[hold in-reg] reset -> g_row[0].g_col[1].pe/_2734_/D : -4.209630
[hold in-reg] reset -> g_row[0].g_col[1].pe/_2735_/D : -4.209548
[hold in-reg] reset -> g_row[0].g_col[1].pe/_2737_/D : -4.207426
[hold in-reg] reset -> g_row[0].g_col[1].pe/_2705_/D : -4.206774
[hold in-reg] reset -> g_row[0].g_col[1].pe/_2690_/D : -4.179914
[hold in-reg] reset -> g_row[0].g_col[1].pe/_2692_/D : -4.179243
[hold in-reg] reset -> g_row[0].g_col[1].pe/_2693_/D : -4.178791
[hold in-reg] reset -> g_row[0].g_col[1].pe/_2704_/D : -4.178622
[hold in-reg] reset -> g_row[0].g_col[1].pe/_2700_/D : -4.178299
[hold in-reg] reset -> g_row[0].g_col[1].pe/_2691_/D : -4.177320
[hold in-reg] reset -> g_row[0].g_col[1].pe/_2702_/D : -4.176220
[hold in-reg] reset -> g_row[0].g_col[1].pe/_2703_/D : -4.176016
[hold in-reg] reset -> g_row[0].g_col[1].pe/_2699_/D : -4.175899
[hold in-reg] reset -> g_row[0].g_col[1].pe/_2752_/D : -4.173918
[hold in-reg] reset -> g_row[0].g_col[1].pe/_2745_/D : -4.096189
[hold in-reg] reset -> g_row[0].g_col[1].pe/_2746_/D : -4.095640
[hold in-reg] reset -> g_row[0].g_col[1].pe/_2756_/D : -4.083797
[hold in-reg] reset -> g_row[0].g_col[0].pe/_2756_/D : -3.902018
[hold in-reg] reset -> g_row[0].g_col[1].pe/_2751_/D : -3.812346
[hold in-reg] reset -> g_row[0].g_col[1].pe/_2750_/D : -3.812044
[hold in-reg] reset -> g_row[0].g_col[1].pe/_2749_/D : -3.811496
[hold in-reg] reset -> g_row[0].g_col[1].pe/_2738_/D : -3.811148
[hold in-reg] reset -> g_row[0].g_col[1].pe/_2744_/D : -3.810977
[hold in-reg] reset -> g_row[0].g_col[1].pe/_2755_/D : -3.810952
[hold in-reg] reset -> g_row[0].g_col[1].pe/_2747_/D : -3.810535
[hold in-reg] reset -> g_row[0].g_col[1].pe/_2748_/D : -3.810443
[hold in-reg] reset -> g_row[0].g_col[1].pe/_2753_/D : -3.747309
[hold in-reg] reset -> g_row[0].g_col[1].pe/_2742_/D : -3.744422
[hold in-reg] reset -> g_row[0].g_col[1].pe/_2754_/D : -3.731262
[hold in-reg] reset -> g_row[0].g_col[1].pe/_2740_/D : -3.730040
[hold in-reg] reset -> g_row[0].g_col[1].pe/_2741_/D : -3.728503
[hold in-reg] reset -> g_row[0].g_col[1].pe/_2743_/D : -3.721804
Writing metric timing__hold_vio__count__corner:max_ss_100C_1v60: 396
Writing metric timing__hold_r2r__ws__corner:max_ss_100C_1v60: 1e30
Writing metric timing__hold_r2r_vio__count__corner:max_ss_100C_1v60: 0
Writing metric timing__setup_vio__count__corner:max_ss_100C_1v60: 0
Writing metric timing__setup_r2r__ws__corner:max_ss_100C_1v60: 7.616008
Writing metric timing__setup_r2r_vio__count__corner:max_ss_100C_1v60: 0
