Clock: clk
Sources: gpio_in[38] 
Generated: no
Virtual: yes
Propagated: no
Period: 20.000000

===========================================================================
report_clock_properties
============================================================================
Clock                   Period          Waveform
----------------------------------------------------
clk                  20.000000    0.000000 10.000000

===========================================================================
report_clock_latency
============================================================================
Clock clk
rise -> rise
    min     max
0.000000 0.000000 source latency
4.470537         network latency _4125_/CLK
        6.281561 network latency _4236_/CLK
---------------
4.470537 6.281561 latency
        1.811024 skew

fall -> fall
    min     max
0.000000 0.000000 source latency
1.874411         network latency chip.gpu_inst.tiles[0].tile/clk
        6.666414 network latency _4236_/CLK
---------------
1.874411 6.666414 latency
        4.792003 skew



===========================================================================
report_clock_min_period
============================================================================
clk period_min = 7.71 fmax = 129.64
