Reading timing models for corner max_ss_100C_1v60…
Reading timing library for the 'max_ss_100C_1v60' corner at '/home/research/.ciel/ciel/sky130/versions/1689ac3f2dc763876eaf967227c7dfe831b031ae/sky130A/libs.ref/sky130_fd_sc_hd/lib/sky130_fd_sc_hd__ss_100C_1v60.lib'…
Reading timing library for the 'max_ss_100C_1v60' corner at '/home/research/.ciel/ciel/sky130/versions/1689ac3f2dc763876eaf967227c7dfe831b031ae/sky130A/libs.ref/sky130_fd_io/lib/sky130_ef_io__vccd_lvc_clamped_pad_ss_100C_1v60_3v00_3v00.lib'…
[WARNING STA-1173] /home/research/.ciel/ciel/sky130/versions/1689ac3f2dc763876eaf967227c7dfe831b031ae/sky130A/libs.ref/sky130_fd_io/lib/sky130_ef_io__vccd_lvc_clamped_pad_ss_100C_1v60_3v00_3v00.lib line 42, default_fanout_load is 0.0.
Reading timing library for the 'max_ss_100C_1v60' corner at '/home/research/.ciel/ciel/sky130/versions/1689ac3f2dc763876eaf967227c7dfe831b031ae/sky130A/libs.ref/sky130_fd_io/lib/sky130_ef_io__vssd_lvc_clamped_pad_ss_100C_1v60_3v00.lib'…
[WARNING STA-1173] /home/research/.ciel/ciel/sky130/versions/1689ac3f2dc763876eaf967227c7dfe831b031ae/sky130A/libs.ref/sky130_fd_io/lib/sky130_ef_io__vssd_lvc_clamped_pad_ss_100C_1v60_3v00.lib line 43, default_fanout_load is 0.0.
Reading timing library for the 'max_ss_100C_1v60' corner at '/home/research/.ciel/ciel/sky130/versions/1689ac3f2dc763876eaf967227c7dfe831b031ae/sky130A/libs.ref/sky130_fd_io/lib/sky130_ef_io__vddio_hvc_clamped_pad_ss_100C_1v60_3v00_3v00.lib'…
[WARNING STA-1173] /home/research/.ciel/ciel/sky130/versions/1689ac3f2dc763876eaf967227c7dfe831b031ae/sky130A/libs.ref/sky130_fd_io/lib/sky130_ef_io__vddio_hvc_clamped_pad_ss_100C_1v60_3v00_3v00.lib line 42, default_fanout_load is 0.0.
Reading timing library for the 'max_ss_100C_1v60' corner at '/home/research/.ciel/ciel/sky130/versions/1689ac3f2dc763876eaf967227c7dfe831b031ae/sky130A/libs.ref/sky130_fd_io/lib/sky130_ef_io__vssio_hvc_clamped_pad_ss_100C_1v60_3v00_3v00.lib'…
[WARNING STA-1173] /home/research/.ciel/ciel/sky130/versions/1689ac3f2dc763876eaf967227c7dfe831b031ae/sky130A/libs.ref/sky130_fd_io/lib/sky130_ef_io__vssio_hvc_clamped_pad_ss_100C_1v60_3v00_3v00.lib line 42, default_fanout_load is 0.0.
Reading timing library for the 'max_ss_100C_1v60' corner at '/home/research/.ciel/ciel/sky130/versions/1689ac3f2dc763876eaf967227c7dfe831b031ae/sky130A/libs.ref/sky130_fd_io/lib/sky130_ef_io__gpiov2_pad_ss_ss_100C_1v60_3v00.lib'…
[WARNING STA-1173] /home/research/.ciel/ciel/sky130/versions/1689ac3f2dc763876eaf967227c7dfe831b031ae/sky130A/libs.ref/sky130_fd_io/lib/sky130_ef_io__gpiov2_pad_ss_ss_100C_1v60_3v00.lib line 33, default_fanout_load is 0.0.
Reading timing library for the 'max_ss_100C_1v60' corner at '/home/research/.ciel/ciel/sky130/versions/1689ac3f2dc763876eaf967227c7dfe831b031ae/sky130A/libs.ref/sky130_fd_io/lib/slices_stubs.lib'…
[WARNING STA-1173] /home/research/.ciel/ciel/sky130/versions/1689ac3f2dc763876eaf967227c7dfe831b031ae/sky130A/libs.ref/sky130_fd_io/lib/slices_stubs.lib line 33, default_fanout_load is 0.0.
Reading timing library for the 'max_ss_100C_1v60' corner at '/home/research/.ciel/ciel/sky130/versions/1689ac3f2dc763876eaf967227c7dfe831b031ae/sky130A/libs.ref/sky130_fd_io/lib/sky130_ef_io__analog_stubs.lib'…
[WARNING STA-1173] /home/research/.ciel/ciel/sky130/versions/1689ac3f2dc763876eaf967227c7dfe831b031ae/sky130A/libs.ref/sky130_fd_io/lib/sky130_ef_io__analog_stubs.lib line 43, default_fanout_load is 0.0.
Reading timing library for the 'max_ss_100C_1v60' corner at '/home/research/alosh/superfloat.gpu/librelane/core_tile/views/lib/max_ss_100C_1v60/core_tile__max_ss_100C_1v60.lib'…
Reading OpenROAD database at '/home/research/alosh/superfloat.gpu/librelane/openframe/runs/chip_20_eco2/02-openroad-detailedrouting/openframe_project_wrapper.odb'…
[WARNING ORD-2056] The following 2 liberty cell(s) do not have LEF masters and will be marked as dont-use:
  sky130_ef_io__analog_minesd_pad
  sky130_ef_io__analog_minesd_pad_short
Reading design constraints file at '/home/research/alosh/superfloat.gpu/librelane/openframe/pnr.sdc'…
%OL_CREATE_REPORT /home/research/alosh/superfloat.gpu/librelane/openframe/runs/chip_20_eco2/04-openroad-checkantennas/reports/antenna.rpt
[INFO ANT-0002] Found 0 net violations.
[INFO ANT-0001] Found 0 pin violations.
%OL_END_REPORT
