                                                                       Cells by Function                                                                        
┏━━━━━━━━━━━━━━━━━━━━━━━━━━━━━━━━━━━━━━━━━━━━━━━━━━━━━━━━━━━━━━━━━━━━━━━━━━━━━━━━━━━━━━━━━━━━━━━━━━━━━━━━━━━━━━━━━━━━━━━━━━━━━━━━┳━━━━━━━━━━━━━━━━━━━━━━━━━━━━━┓
┃ Cell Function                                                                                                                  ┃ Count                       ┃
┡━━━━━━━━━━━━━━━━━━━━━━━━━━━━━━━━━━━━━━━━━━━━━━━━━━━━━━━━━━━━━━━━━━━━━━━━━━━━━━━━━━━━━━━━━━━━━━━━━━━━━━━━━━━━━━━━━━━━━━━━━━━━━━━━╇━━━━━━━━━━━━━━━━━━━━━━━━━━━━━┩
│ sky130_fd_sc_hd__a211o                                                                                                         │ 24                          │
│ sky130_fd_sc_hd__a211oi                                                                                                        │ 16                          │
│ sky130_fd_sc_hd__a21bo                                                                                                         │ 44                          │
│ sky130_fd_sc_hd__a21boi                                                                                                        │ 28                          │
│ sky130_fd_sc_hd__a21o                                                                                                          │ 228                         │
│ sky130_fd_sc_hd__a21oi                                                                                                         │ 216                         │
│ sky130_fd_sc_hd__a221o                                                                                                         │ 4                           │
│ sky130_fd_sc_hd__a22o                                                                                                          │ 428                         │
│ sky130_fd_sc_hd__a22oi                                                                                                         │ 8                           │
│ sky130_fd_sc_hd__a2bb2o                                                                                                        │ 4                           │
│ sky130_fd_sc_hd__a311o                                                                                                         │ 16                          │
│ sky130_fd_sc_hd__a311oi                                                                                                        │ 4                           │
│ sky130_fd_sc_hd__a31o                                                                                                          │ 32                          │
│ sky130_fd_sc_hd__a31oi                                                                                                         │ 8                           │
│ sky130_fd_sc_hd__a32o                                                                                                          │ 96                          │
│ sky130_fd_sc_hd__a32oi                                                                                                         │ 4                           │
│ sky130_fd_sc_hd__and2                                                                                                          │ 320                         │
│ sky130_fd_sc_hd__and2b                                                                                                         │ 148                         │
│ sky130_fd_sc_hd__and3                                                                                                          │ 72                          │
│ sky130_fd_sc_hd__and3b                                                                                                         │ 28                          │
│ sky130_fd_sc_hd__and4                                                                                                          │ 20                          │
│ sky130_fd_sc_hd__and4bb                                                                                                        │ 4                           │
│ sky130_fd_sc_hd__buf                                                                                                           │ 620                         │
│ sky130_fd_sc_hd__clkbuf                                                                                                        │ 2299                        │
│ sky130_fd_sc_hd__conb                                                                                                          │ 8                           │
│ sky130_fd_sc_hd__decap                                                                                                         │ 2396                        │
│ sky130_fd_sc_hd__dfxtp                                                                                                         │ 396                         │
│ sky130_fd_sc_hd__diode                                                                                                         │ 182                         │
│ sky130_fd_sc_hd__fa                                                                                                            │ 8                           │
│ sky130_fd_sc_hd__fill                                                                                                          │ 2687                        │
│ sky130_fd_sc_hd__inv                                                                                                           │ 158                         │
│ sky130_fd_sc_hd__mux2                                                                                                          │ 8                           │
│ sky130_fd_sc_hd__nand2                                                                                                         │ 332                         │
│ sky130_fd_sc_hd__nand2b                                                                                                        │ 20                          │
│ sky130_fd_sc_hd__nand3                                                                                                         │ 60                          │
│ sky130_fd_sc_hd__nand3b                                                                                                        │ 32                          │
│ sky130_fd_sc_hd__nand4                                                                                                         │ 8                           │
│ sky130_fd_sc_hd__nor2                                                                                                          │ 324                         │
│ sky130_fd_sc_hd__nor2b                                                                                                         │ 80                          │
│ sky130_fd_sc_hd__nor3                                                                                                          │ 16                          │
│ sky130_fd_sc_hd__o2111ai                                                                                                       │ 4                           │
│ sky130_fd_sc_hd__o211a                                                                                                         │ 208                         │
│ sky130_fd_sc_hd__o211ai                                                                                                        │ 8                           │
│ sky130_fd_sc_hd__o21a                                                                                                          │ 68                          │
│ sky130_fd_sc_hd__o21ai                                                                                                         │ 108                         │
│ sky130_fd_sc_hd__o21ba                                                                                                         │ 12                          │
│ sky130_fd_sc_hd__o21bai                                                                                                        │ 16                          │
│ sky130_fd_sc_hd__o22a                                                                                                          │ 36                          │
│ sky130_fd_sc_hd__o2bb2a                                                                                                        │ 20                          │
│ sky130_fd_sc_hd__o311a                                                                                                         │ 4                           │
│ sky130_fd_sc_hd__o311ai                                                                                                        │ 4                           │
│ sky130_fd_sc_hd__o31a                                                                                                          │ 28                          │
│ sky130_fd_sc_hd__o31ai                                                                                                         │ 4                           │
│ sky130_fd_sc_hd__o32a                                                                                                          │ 8                           │
│ sky130_fd_sc_hd__o41a                                                                                                          │ 8                           │
│ sky130_fd_sc_hd__or2                                                                                                           │ 348                         │
│ sky130_fd_sc_hd__or2b                                                                                                          │ 56                          │
│ sky130_fd_sc_hd__or3                                                                                                           │ 60                          │
│ sky130_fd_sc_hd__or3b                                                                                                          │ 44                          │
│ sky130_fd_sc_hd__or4                                                                                                           │ 40                          │
│ sky130_fd_sc_hd__or4b                                                                                                          │ 16                          │
│ sky130_fd_sc_hd__tapvpwrvgnd                                                                                                   │ 1440                        │
│ sky130_fd_sc_hd__xnor2                                                                                                         │ 712                         │
│ sky130_fd_sc_hd__xor2                                                                                                          │ 596                         │
└────────────────────────────────────────────────────────────────────────────────────────────────────────────────────────────────┴─────────────────────────────┘
