[WARNING ORD-0039] .openroad ignored with -python
                                Cells by Master                                 
┏━━━━━━━━━━━━━━━━━━━━━━━━━━━━━━━━━━━━━━━━━━━━━━━━━━━━━━━━━━━━━━━━┳━━━━━━━━━━━━━┓
┃ Cell                                                           ┃ Count       ┃
┡━━━━━━━━━━━━━━━━━━━━━━━━━━━━━━━━━━━━━━━━━━━━━━━━━━━━━━━━━━━━━━━━╇━━━━━━━━━━━━━┩
│ sky130_fd_sc_hd__a211o_2                                       │ 20          │
│ sky130_fd_sc_hd__a211o_4                                       │ 4           │
│ sky130_fd_sc_hd__a211oi_2                                      │ 16          │
│ sky130_fd_sc_hd__a21bo_2                                       │ 44          │
│ sky130_fd_sc_hd__a21boi_2                                      │ 28          │
│ sky130_fd_sc_hd__a21o_2                                        │ 228         │
│ sky130_fd_sc_hd__a21oi_2                                       │ 212         │
│ sky130_fd_sc_hd__a21oi_4                                       │ 4           │
│ sky130_fd_sc_hd__a221o_2                                       │ 4           │
│ sky130_fd_sc_hd__a22o_2                                        │ 424         │
│ sky130_fd_sc_hd__a22o_4                                        │ 4           │
│ sky130_fd_sc_hd__a22oi_2                                       │ 8           │
│ sky130_fd_sc_hd__a2bb2o_2                                      │ 4           │
│ sky130_fd_sc_hd__a311o_2                                       │ 12          │
│ sky130_fd_sc_hd__a311o_4                                       │ 4           │
│ sky130_fd_sc_hd__a311oi_2                                      │ 4           │
│ sky130_fd_sc_hd__a31o_2                                        │ 32          │
│ sky130_fd_sc_hd__a31oi_2                                       │ 8           │
│ sky130_fd_sc_hd__a32o_2                                        │ 96          │
│ sky130_fd_sc_hd__a32oi_2                                       │ 4           │
│ sky130_fd_sc_hd__and2_2                                        │ 300         │
│ sky130_fd_sc_hd__and2_4                                        │ 20          │
│ sky130_fd_sc_hd__and2b_2                                       │ 148         │
│ sky130_fd_sc_hd__and3_2                                        │ 60          │
│ sky130_fd_sc_hd__and3_4                                        │ 12          │
│ sky130_fd_sc_hd__and3b_2                                       │ 24          │
│ sky130_fd_sc_hd__and3b_4                                       │ 4           │
│ sky130_fd_sc_hd__and4_2                                        │ 12          │
│ sky130_fd_sc_hd__and4_4                                        │ 8           │
│ sky130_fd_sc_hd__and4bb_2                                      │ 4           │
│ sky130_fd_sc_hd__buf_2                                         │ 148         │
│ sky130_fd_sc_hd__buf_4                                         │ 1           │
│ sky130_fd_sc_hd__buf_6                                         │ 471         │
│ sky130_fd_sc_hd__clkbuf_16                                     │ 127         │
│ sky130_fd_sc_hd__clkbuf_2                                      │ 2167        │
│ sky130_fd_sc_hd__clkbuf_8                                      │ 5           │
│ sky130_fd_sc_hd__conb_1                                        │ 8           │
│ sky130_fd_sc_hd__decap_3                                       │ 2396        │
│ sky130_fd_sc_hd__dfxtp_2                                       │ 396         │
│ sky130_fd_sc_hd__diode_2                                       │ 182         │
│ sky130_fd_sc_hd__fa_1                                          │ 8           │
│ sky130_fd_sc_hd__fill_1                                        │ 1538        │
│ sky130_fd_sc_hd__fill_2                                        │ 1149        │
│ sky130_fd_sc_hd__inv_2                                         │ 153         │
│ sky130_fd_sc_hd__inv_4                                         │ 4           │
│ sky130_fd_sc_hd__inv_6                                         │ 1           │
│ sky130_fd_sc_hd__mux2_1                                        │ 8           │
│ sky130_fd_sc_hd__nand2_2                                       │ 332         │
│ sky130_fd_sc_hd__nand2b_2                                      │ 16          │
│ sky130_fd_sc_hd__nand2b_4                                      │ 4           │
│ sky130_fd_sc_hd__nand3_2                                       │ 60          │
│ sky130_fd_sc_hd__nand3b_2                                      │ 32          │
│ sky130_fd_sc_hd__nand4_2                                       │ 8           │
│ sky130_fd_sc_hd__nor2_2                                        │ 320         │
│ sky130_fd_sc_hd__nor2_8                                        │ 4           │
│ sky130_fd_sc_hd__nor2b_2                                       │ 4           │
│ sky130_fd_sc_hd__nor2b_4                                       │ 76          │
│ sky130_fd_sc_hd__nor3_2                                        │ 16          │
│ sky130_fd_sc_hd__o2111ai_2                                     │ 4           │
│ sky130_fd_sc_hd__o211a_2                                       │ 204         │
│ sky130_fd_sc_hd__o211a_4                                       │ 4           │
│ sky130_fd_sc_hd__o211ai_2                                      │ 8           │
│ sky130_fd_sc_hd__o21a_2                                        │ 68          │
│ sky130_fd_sc_hd__o21ai_2                                       │ 108         │
│ sky130_fd_sc_hd__o21ba_2                                       │ 12          │
│ sky130_fd_sc_hd__o21bai_2                                      │ 16          │
│ sky130_fd_sc_hd__o22a_2                                        │ 32          │
│ sky130_fd_sc_hd__o22a_4                                        │ 4           │
│ sky130_fd_sc_hd__o2bb2a_2                                      │ 20          │
│ sky130_fd_sc_hd__o311a_2                                       │ 4           │
│ sky130_fd_sc_hd__o311ai_2                                      │ 4           │
│ sky130_fd_sc_hd__o31a_2                                        │ 28          │
│ sky130_fd_sc_hd__o31ai_2                                       │ 4           │
│ sky130_fd_sc_hd__o32a_2                                        │ 8           │
│ sky130_fd_sc_hd__o41a_2                                        │ 8           │
│ sky130_fd_sc_hd__or2_2                                         │ 320         │
│ sky130_fd_sc_hd__or2_4                                         │ 28          │
│ sky130_fd_sc_hd__or2b_2                                        │ 56          │
│ sky130_fd_sc_hd__or3_2                                         │ 40          │
│ sky130_fd_sc_hd__or3_4                                         │ 20          │
│ sky130_fd_sc_hd__or3b_2                                        │ 20          │
│ sky130_fd_sc_hd__or3b_4                                        │ 24          │
│ sky130_fd_sc_hd__or4_2                                         │ 36          │
│ sky130_fd_sc_hd__or4_4                                         │ 4           │
│ sky130_fd_sc_hd__or4b_2                                        │ 4           │
│ sky130_fd_sc_hd__or4b_4                                        │ 12          │
│ sky130_fd_sc_hd__tapvpwrvgnd_1                                 │ 1440        │
│ sky130_fd_sc_hd__xnor2_2                                       │ 712         │
│ sky130_fd_sc_hd__xor2_2                                        │ 596         │
└────────────────────────────────────────────────────────────────┴─────────────┘
                               Cells by Function                                
┏━━━━━━━━━━━━━━━━━━━━━━━━━━━━━━━━━━━━━━━━━━━━━━━━━━━━━━━━━━━━━━━┳━━━━━━━━━━━━━━┓
┃ Cell Function                                                 ┃ Count        ┃
┡━━━━━━━━━━━━━━━━━━━━━━━━━━━━━━━━━━━━━━━━━━━━━━━━━━━━━━━━━━━━━━━╇━━━━━━━━━━━━━━┩
│ sky130_fd_sc_hd__a211o                                        │ 24           │
│ sky130_fd_sc_hd__a211oi                                       │ 16           │
│ sky130_fd_sc_hd__a21bo                                        │ 44           │
│ sky130_fd_sc_hd__a21boi                                       │ 28           │
│ sky130_fd_sc_hd__a21o                                         │ 228          │
│ sky130_fd_sc_hd__a21oi                                        │ 216          │
│ sky130_fd_sc_hd__a221o                                        │ 4            │
│ sky130_fd_sc_hd__a22o                                         │ 428          │
│ sky130_fd_sc_hd__a22oi                                        │ 8            │
│ sky130_fd_sc_hd__a2bb2o                                       │ 4            │
│ sky130_fd_sc_hd__a311o                                        │ 16           │
│ sky130_fd_sc_hd__a311oi                                       │ 4            │
│ sky130_fd_sc_hd__a31o                                         │ 32           │
│ sky130_fd_sc_hd__a31oi                                        │ 8            │
│ sky130_fd_sc_hd__a32o                                         │ 96           │
│ sky130_fd_sc_hd__a32oi                                        │ 4            │
│ sky130_fd_sc_hd__and2                                         │ 320          │
│ sky130_fd_sc_hd__and2b                                        │ 148          │
│ sky130_fd_sc_hd__and3                                         │ 72           │
│ sky130_fd_sc_hd__and3b                                        │ 28           │
│ sky130_fd_sc_hd__and4                                         │ 20           │
│ sky130_fd_sc_hd__and4bb                                       │ 4            │
│ sky130_fd_sc_hd__buf                                          │ 620          │
│ sky130_fd_sc_hd__clkbuf                                       │ 2299         │
│ sky130_fd_sc_hd__conb                                         │ 8            │
│ sky130_fd_sc_hd__decap                                        │ 2396         │
│ sky130_fd_sc_hd__dfxtp                                        │ 396          │
│ sky130_fd_sc_hd__diode                                        │ 182          │
│ sky130_fd_sc_hd__fa                                           │ 8            │
│ sky130_fd_sc_hd__fill                                         │ 2687         │
│ sky130_fd_sc_hd__inv                                          │ 158          │
│ sky130_fd_sc_hd__mux2                                         │ 8            │
│ sky130_fd_sc_hd__nand2                                        │ 332          │
│ sky130_fd_sc_hd__nand2b                                       │ 20           │
│ sky130_fd_sc_hd__nand3                                        │ 60           │
│ sky130_fd_sc_hd__nand3b                                       │ 32           │
│ sky130_fd_sc_hd__nand4                                        │ 8            │
│ sky130_fd_sc_hd__nor2                                         │ 324          │
│ sky130_fd_sc_hd__nor2b                                        │ 80           │
│ sky130_fd_sc_hd__nor3                                         │ 16           │
│ sky130_fd_sc_hd__o2111ai                                      │ 4            │
│ sky130_fd_sc_hd__o211a                                        │ 208          │
│ sky130_fd_sc_hd__o211ai                                       │ 8            │
│ sky130_fd_sc_hd__o21a                                         │ 68           │
│ sky130_fd_sc_hd__o21ai                                        │ 108          │
│ sky130_fd_sc_hd__o21ba                                        │ 12           │
│ sky130_fd_sc_hd__o21bai                                       │ 16           │
│ sky130_fd_sc_hd__o22a                                         │ 36           │
│ sky130_fd_sc_hd__o2bb2a                                       │ 20           │
│ sky130_fd_sc_hd__o311a                                        │ 4            │
│ sky130_fd_sc_hd__o311ai                                       │ 4            │
│ sky130_fd_sc_hd__o31a                                         │ 28           │
│ sky130_fd_sc_hd__o31ai                                        │ 4            │
│ sky130_fd_sc_hd__o32a                                         │ 8            │
│ sky130_fd_sc_hd__o41a                                         │ 8            │
│ sky130_fd_sc_hd__or2                                          │ 348          │
│ sky130_fd_sc_hd__or2b                                         │ 56           │
│ sky130_fd_sc_hd__or3                                          │ 60           │
│ sky130_fd_sc_hd__or3b                                         │ 44           │
│ sky130_fd_sc_hd__or4                                          │ 40           │
│ sky130_fd_sc_hd__or4b                                         │ 16           │
│ sky130_fd_sc_hd__tapvpwrvgnd                                  │ 1440         │
│ sky130_fd_sc_hd__xnor2                                        │ 712          │
│ sky130_fd_sc_hd__xor2                                         │ 596          │
└───────────────────────────────────────────────────────────────┴──────────────┘
                                  Cells by SCL                                  
┏━━━━━━━━━━━━━━━━━━━━━━━━━━━━━━━━━━━━━━━━━━━━━━━━━━━━━━━┳━━━━━━━━━━━━━━━━━━━━━━┓
┃ SCL                                                   ┃ Count                ┃
┡━━━━━━━━━━━━━━━━━━━━━━━━━━━━━━━━━━━━━━━━━━━━━━━━━━━━━━━╇━━━━━━━━━━━━━━━━━━━━━━┩
│ sky130_fd_sc_hd                                       │ 15234                │
└───────────────────────────────────────────────────────┴──────────────────────┘
                             Buffers by Cell Master                             
┏━━━━━━━━━━━━━━━━━━━━━━━━━━━━━━━━━━━━━━━━━━━━━━━━━━━━━━━━━━━━━━┳━━━━━━━━━━━━━━━┓
┃ Buffer                                                       ┃ Count         ┃
┡━━━━━━━━━━━━━━━━━━━━━━━━━━━━━━━━━━━━━━━━━━━━━━━━━━━━━━━━━━━━━━╇━━━━━━━━━━━━━━━┩
│ sky130_fd_sc_hd__buf_2                                       │ 148           │
│ sky130_fd_sc_hd__buf_4                                       │ 1             │
│ sky130_fd_sc_hd__buf_6                                       │ 471           │
│ sky130_fd_sc_hd__clkbuf_16                                   │ 127           │
│ sky130_fd_sc_hd__clkbuf_2                                    │ 2167          │
│ sky130_fd_sc_hd__clkbuf_8                                    │ 5             │
└──────────────────────────────────────────────────────────────┴───────────────┘
