Reading timing models for corner max_ss_100C_1v60…
Reading timing library for the 'max_ss_100C_1v60' corner at '/Users/aoxo/.ciel/ciel/sky130/versions/74c0e6b118a67d94c24172143d3bd597473fa63d/sky130A/libs.ref/sky130_fd_sc_hd/lib/sky130_fd_sc_hd__ss_100C_1v60.lib'…
Reading timing library for the 'max_ss_100C_1v60' corner at '/Users/aoxo/.ciel/ciel/sky130/versions/74c0e6b118a67d94c24172143d3bd597473fa63d/sky130A/libs.ref/sky130_fd_io/lib/sky130_ef_io__vccd_lvc_clamped_pad_ss_100C_1v60_3v00_3v00.lib'…
[WARNING STA-1173] /Users/aoxo/.ciel/ciel/sky130/versions/74c0e6b118a67d94c24172143d3bd597473fa63d/sky130A/libs.ref/sky130_fd_io/lib/sky130_ef_io__vccd_lvc_clamped_pad_ss_100C_1v60_3v00_3v00.lib line 42, default_fanout_load is 0.0.
Reading timing library for the 'max_ss_100C_1v60' corner at '/Users/aoxo/.ciel/ciel/sky130/versions/74c0e6b118a67d94c24172143d3bd597473fa63d/sky130A/libs.ref/sky130_fd_io/lib/sky130_ef_io__vssd_lvc_clamped_pad_ss_100C_1v60_3v00.lib'…
[WARNING STA-1173] /Users/aoxo/.ciel/ciel/sky130/versions/74c0e6b118a67d94c24172143d3bd597473fa63d/sky130A/libs.ref/sky130_fd_io/lib/sky130_ef_io__vssd_lvc_clamped_pad_ss_100C_1v60_3v00.lib line 43, default_fanout_load is 0.0.
Reading timing library for the 'max_ss_100C_1v60' corner at '/Users/aoxo/.ciel/ciel/sky130/versions/74c0e6b118a67d94c24172143d3bd597473fa63d/sky130A/libs.ref/sky130_fd_io/lib/sky130_ef_io__vddio_hvc_clamped_pad_ss_100C_1v60_3v00_3v00.lib'…
[WARNING STA-1173] /Users/aoxo/.ciel/ciel/sky130/versions/74c0e6b118a67d94c24172143d3bd597473fa63d/sky130A/libs.ref/sky130_fd_io/lib/sky130_ef_io__vddio_hvc_clamped_pad_ss_100C_1v60_3v00_3v00.lib line 42, default_fanout_load is 0.0.
Reading timing library for the 'max_ss_100C_1v60' corner at '/Users/aoxo/.ciel/ciel/sky130/versions/74c0e6b118a67d94c24172143d3bd597473fa63d/sky130A/libs.ref/sky130_fd_io/lib/sky130_ef_io__vssio_hvc_clamped_pad_ss_100C_1v60_3v00_3v00.lib'…
[WARNING STA-1173] /Users/aoxo/.ciel/ciel/sky130/versions/74c0e6b118a67d94c24172143d3bd597473fa63d/sky130A/libs.ref/sky130_fd_io/lib/sky130_ef_io__vssio_hvc_clamped_pad_ss_100C_1v60_3v00_3v00.lib line 42, default_fanout_load is 0.0.
Reading timing library for the 'max_ss_100C_1v60' corner at '/Users/aoxo/.ciel/ciel/sky130/versions/74c0e6b118a67d94c24172143d3bd597473fa63d/sky130A/libs.ref/sky130_fd_io/lib/sky130_ef_io__gpiov2_pad_ss_ss_100C_1v60_3v00.lib'…
[WARNING STA-1173] /Users/aoxo/.ciel/ciel/sky130/versions/74c0e6b118a67d94c24172143d3bd597473fa63d/sky130A/libs.ref/sky130_fd_io/lib/sky130_ef_io__gpiov2_pad_ss_ss_100C_1v60_3v00.lib line 33, default_fanout_load is 0.0.
Reading timing library for the 'max_ss_100C_1v60' corner at '/Users/aoxo/.ciel/ciel/sky130/versions/74c0e6b118a67d94c24172143d3bd597473fa63d/sky130A/libs.ref/sky130_fd_io/lib/slices_stubs.lib'…
[WARNING STA-1173] /Users/aoxo/.ciel/ciel/sky130/versions/74c0e6b118a67d94c24172143d3bd597473fa63d/sky130A/libs.ref/sky130_fd_io/lib/slices_stubs.lib line 33, default_fanout_load is 0.0.
Reading timing library for the 'max_ss_100C_1v60' corner at '/Users/aoxo/.ciel/ciel/sky130/versions/74c0e6b118a67d94c24172143d3bd597473fa63d/sky130A/libs.ref/sky130_fd_io/lib/sky130_ef_io__analog_stubs.lib'…
[WARNING STA-1173] /Users/aoxo/.ciel/ciel/sky130/versions/74c0e6b118a67d94c24172143d3bd597473fa63d/sky130A/libs.ref/sky130_fd_io/lib/sky130_ef_io__analog_stubs.lib line 43, default_fanout_load is 0.0.
Reading OpenROAD database at '/Users/aoxo/vscode/superfloat.gpu/librelane/systolic_array/runs/RUN_2026-06-24_19-18-33/25-openroad-ioplacement/systolic_array.odb'…
[WARNING ORD-2056] The following 2 liberty cell(s) do not have LEF masters and will be marked as dont-use:
  sky130_ef_io__analog_minesd_pad
  sky130_ef_io__analog_minesd_pad_short
Reading design constraints file at '/nix/store/38q40jfdrbmaz6c7rq2km1bipdi0873m-python3-3.13.9-env/lib/python3.13/site-packages/librelane/scripts/base.sdc'…
[INFO] Using clock clk…
[INFO] Setting output delay to: 0.04
[INFO] Setting input delay to: 0.04
[INFO] Setting load to: 0.033442
[INFO] Setting clock uncertainty to: 0.20
[INFO] Setting clock transition to: 0.30
[INFO] Setting timing derate to: 5%
[INFO] Setting signal min routing layer to: met1 and clock min routing layer to met1. 
[INFO] Setting signal max routing layer to: met4 and clock max routing layer to met4. 
+ global_placement -density 0.65 -timing_driven -routability_driven -pad_right 0 -pad_left 0 -init_wirelength_coef 0.25
[INFO GPL-0001] ---- Initialize GPL Main Data Structures
[INFO GPL-0002] DBU: 1000
[INFO GPL-0003] SiteSize: (  0.460  2.720 ) um
[INFO GPL-0004] CoreBBox: (  5.520 10.880 ) ( 394.220 266.560 ) um
[INFO GPL-0036] Movable instances area:      66002.051 um^2
[INFO GPL-0037] Total instances area:        68509.456 um^2
[INFO GPL-0035] Pin density area adjust:      8417.538 um^2
[INFO GPL-0032] ---- Initialize Region: Top-level
[INFO GPL-0006] Number of instances:              7581
[INFO GPL-0007] Movable instances:                5953
[INFO GPL-0008] Fixed instances:                  1628
[INFO GPL-0009] Dummy instances:                     0
[INFO GPL-0010] Number of nets:                   6031
[INFO GPL-0011] Number of pins:                  20813
[INFO GPL-0012] Die BBox:  (  0.000  0.000 ) ( 400.000 280.000 ) um
[INFO GPL-0013] Core BBox: (  5.520 10.880 ) ( 394.220 266.560 ) um
[INFO GPL-0016] Core area:                   99382.816 um^2
[INFO GPL-0014] Region name: top-level.
[INFO GPL-0015] Region area:                 99382.816 um^2
[INFO GPL-0017] Fixed instances area:         2507.405 um^2
[INFO GPL-0018] Movable instances area:      74419.589 um^2
[INFO GPL-0019] Utilization:                    76.820 %
[INFO GPL-0020] Standard cells area:         74419.589 um^2
[INFO GPL-0021] Large instances area:            0.000 um^2
[INFO GPL-0005] ---- Execute Conjugate Gradient Initial Placement.
[INFO GPL-0051] Source of initial instance position counters:
	Odb location = 5953	Core center = 0	Region center = 0
[InitialPlace]  Iter: 1 conjugate gradient residual: 0.00056983 HPWL: 154587982
[InitialPlace]  Iter: 2 conjugate gradient residual: 0.00018978 HPWL: 94423879
[InitialPlace]  Iter: 3 conjugate gradient residual: 0.00007208 HPWL: 85013549
[InitialPlace]  Iter: 4 conjugate gradient residual: 0.00004985 HPWL: 82373344
[InitialPlace]  Iter: 5 conjugate gradient residual: 0.00004156 HPWL: 81402072
[InitialPlace]  Iter: 6 conjugate gradient residual: 0.00002700 HPWL: 80992087
[InitialPlace]  Iter: 7 conjugate gradient residual: 0.00006545 HPWL: 80753938
[InitialPlace]  Iter: 8 conjugate gradient residual: 0.00000804 HPWL: 80645971
[INFO GPL-0033] ---- Initialize Nesterov Region: Top-level
[WARNING GPL-0302] Target density 0.6500 is too low for the available free area.
Automatically adjusting to uniform density 0.7700.
[INFO GPL-0023] Placement target density:       0.7700
[INFO GPL-0024] Movable insts average area:     12.501 um^2
[INFO GPL-0025] Ideal bin area:                 16.235 um^2
[INFO GPL-0026] Ideal bin count:                  6121
[INFO GPL-0027] Total bin area:              99382.816 um^2
[INFO GPL-0028] Bin count (X, Y):          64 ,     64
[INFO GPL-0029] Bin size (W * H):       6.073 *  3.995 um
[INFO GPL-0030] Number of bins:                   4096
[INFO GPL-0007] ---- Execute Nesterov Global Placement.
[INFO GPL-0031] HPWL: Half-Perimeter Wirelength
Iteration | Overflow |     HPWL (um) |  HPWL(%) |   Penalty | Group
---------------------------------------------------------------
        0 |   0.9246 |  4.247860e+04 |   +0.00% |  4.16e-15 |      
       10 |   0.8681 |  4.713471e+04 |  +10.96% |  6.77e-15 |      
       20 |   0.8567 |  4.804268e+04 |   +1.93% |  1.10e-14 |      
       30 |   0.8534 |  4.880087e+04 |   +1.58% |  1.80e-14 |      
       40 |   0.8506 |  4.967587e+04 |   +1.79% |  2.92e-14 |      
       50 |   0.8490 |  4.992500e+04 |   +0.50% |  4.76e-14 |      
       60 |   0.8513 |  4.959605e+04 |   -0.66% |  7.76e-14 |      
       70 |   0.8533 |  4.925240e+04 |   -0.69% |  1.26e-13 |      
       80 |   0.8538 |  4.917917e+04 |   -0.15% |  2.06e-13 |      
       90 |   0.8538 |  4.933173e+04 |   +0.31% |  3.35e-13 |      
      100 |   0.8537 |  4.958013e+04 |   +0.50% |  5.46e-13 |      
      110 |   0.8522 |  4.979464e+04 |   +0.43% |  8.90e-13 |      
      120 |   0.8517 |  4.993538e+04 |   +0.28% |  1.45e-12 |      
      130 |   0.8508 |  5.009242e+04 |   +0.31% |  2.36e-12 |      
      140 |   0.8477 |  5.042976e+04 |   +0.67% |  3.84e-12 |      
      150 |   0.8419 |  5.116953e+04 |   +1.47% |  6.26e-12 |      
      160 |   0.8351 |  5.258597e+04 |   +2.77% |  1.02e-11 |      
      170 |   0.8232 |  5.480663e+04 |   +4.22% |  1.66e-11 |      
      180 |   0.8054 |  5.757392e+04 |   +5.05% |  2.70e-11 |      
      190 |   0.7838 |  6.079129e+04 |   +5.59% |  4.40e-11 |      
      200 |   0.7606 |  6.474345e+04 |   +6.50% |  7.17e-11 |      
      210 |   0.7337 |  6.870793e+04 |   +6.12% |  1.17e-10 |      
      220 |   0.7054 |  7.197149e+04 |   +4.75% |  1.90e-10 |      
      230 |   0.6736 |  7.493239e+04 |   +4.11% |  3.10e-10 |      
      240 |   0.6354 |  7.775374e+04 |   +3.77% |  5.04e-10 |      
[INFO GPL-0100] Timing-driven iteration 1/2, virtual: false.
[INFO GPL-0101]    Iter: 242, overflow: 0.631, keep resizer changes at: 1, HPWL: 78085934
Iteration |   Area    | Resized | Buffers | Nets repaired | Remaining
---------------------------------------------------------------------
        0 |     +0.0% |       0 |       0 |             0 |      6039
    final |     +4.0% |       0 |     349 |           107 |         0
---------------------------------------------------------------------
[INFO RSZ-0034] Found 2 slew violations.
[INFO RSZ-0035] Found 107 fanout violations.
[INFO RSZ-0038] Inserted 349 buffers in 107 nets.
   Iter   |    Area   | Removed | Inserted |   Pins
          |           | Buffers | Buffers  | Remaining
-------------------------------------------------------
        0 |     +0.0% |       0 |        0 |      5618
      560 |     -0.7% |      80 |       12 |      5058
     1120 |     -0.7% |      80 |       12 |      4498
     1680 |     -0.7% |      80 |       12 |      3938
     2240 |     -0.7% |      80 |       12 |      3378
     2800 |     -0.7% |      80 |       12 |      2818
     3360 |     -0.7% |      80 |       12 |      2258
     3920 |     -0.7% |      80 |       12 |      1698
     4480 |     -0.7% |      80 |       12 |      1138
     5040 |     +0.1% |     224 |      154 |       578
     5600 |     +0.0% |     639 |      445 |        18
    final |     -0.2% |     682 |      466 |         0
-------------------------------------------------------
[INFO GPL-0106] Timing-driven: worst slack 7.4e-09
[INFO GPL-0107] Timing-driven: repair_design delta area: 2482.381 um^2 (+3.34%)
[INFO GPL-0108] Timing-driven: repair_design, gpl delta gcells: 133 (+2.23%)
[INFO GPL-0109] Timing-driven: repair_design, gcells created: 815, deleted: 682
[INFO GPL-0110] Timing-driven: new target density: 0.79562443
[INFO GPL-0038] Routability snapshot saved at iter = 250
      249 |   0.5941 |  8.975013e+04 |          |           |      
Iteration | Overflow |     HPWL (um) |  HPWL(%) |   Penalty | Group
---------------------------------------------------------------
      250 |   0.5866 |  8.981048e+04 |  +15.51% |  8.20e-10 |      
      260 |   0.5438 |  9.168202e+04 |   +2.08% |  1.34e-09 |      
      270 |   0.5184 |  9.340985e+04 |   +1.88% |  2.17e-09 |      
      280 |   0.4674 |  9.805530e+04 |   +4.97% |  3.54e-09 |      
      290 |   0.4084 |  1.025335e+05 |   +4.57% |  5.76e-09 |      
      300 |   0.3628 |  1.060725e+05 |   +3.45% |  9.39e-09 |      
      310 |   0.3252 |  1.103194e+05 |   +4.00% |  1.45e-08 |      
[INFO GPL-0040] Routability iteration: 1
[INFO GPL-0041] Total routing overflow: 1.1413
[INFO GPL-0042] Number of overflowed tiles: 29 (1.27%)
[INFO GPL-0043] Average top 0.5% routing congestion: 1.0720
[INFO GPL-0044] Average top 1.0% routing congestion: 1.0486
[INFO GPL-0045] Average top 2.0% routing congestion: 1.0166
[INFO GPL-0046] Average top 5.0% routing congestion: 0.9688
[INFO GPL-0047] Routability iteration weighted routing congestion: 1.0603
[INFO GPL-0048] Routing congestion (1.0603) lower than previous minimum (1e+30). Updating minimum.
[INFO GPL-0051] Inflated area:                 267.445 um^2 (+0.35%)
[INFO GPL-0052] Placement target density:       0.7956
[INFO GPL-0076] Removing fillers, count: Before: 13, After: 0 (-100.00%)
[INFO GPL-0077] Filler area (um^2)     : Before: 174.478, After: 0.000 (-100.00%)
[INFO GPL-0078] Removed fillers count: 13, area removed: 164.274 um^2. Remaining area to be compensated by modifying density: 103.171 um^2
[INFO GPL-0079] New target density: 0.7965841
[INFO GPL-0058] White space area:            96875.411 um^2 (+0.00%)
[INFO GPL-0059] Movable instances area:      77169.418 um^2 (+0.12%)
[INFO GPL-0060] Total filler area:               0.000 um^2 (-100.00%)
[INFO GPL-0061] Total non-inflated area:     77169.415 um^2 (+0.12%)
[INFO GPL-0062] Total inflated area:         77436.860 um^2 (+0.12%)
[INFO GPL-0063] New Target Density:             0.7966
[INFO GPL-0087] Routability end iteration: increase inflation and revert back to snapshot.
Iteration | Overflow |     HPWL (um) |  HPWL(%) |   Penalty | Group
---------------------------------------------------------------
      320 |   0.5808 |  8.989180e+04 |  -18.52% |  8.52e-10 |      
      330 |   0.5463 |  9.149820e+04 |   +1.79% |  1.26e-09 |      
      340 |   0.5346 |  9.217035e+04 |   +0.73% |  1.85e-09 |      
      350 |   0.4921 |  9.607054e+04 |   +4.23% |  2.72e-09 |      
      360 |   0.4440 |  9.975528e+04 |   +3.84% |  4.01e-09 |      
      370 |   0.4089 |  1.020755e+05 |   +2.33% |  5.91e-09 |      
      380 |   0.3714 |  1.053040e+05 |   +3.16% |  8.70e-09 |      
      390 |   0.3338 |  1.083566e+05 |   +2.90% |  1.28e-08 |      
      400 |   0.3033 |  1.109832e+05 |   +2.42% |  1.89e-08 |      
[INFO GPL-0040] Routability iteration: 2
[INFO GPL-0041] Total routing overflow: 0.7672
[INFO GPL-0042] Number of overflowed tiles: 15 (0.66%)
[INFO GPL-0043] Average top 0.5% routing congestion: 1.0630
[INFO GPL-0044] Average top 1.0% routing congestion: 1.0316
[INFO GPL-0045] Average top 2.0% routing congestion: 1.0021
[INFO GPL-0046] Average top 5.0% routing congestion: 0.9558
[INFO GPL-0047] Routability iteration weighted routing congestion: 1.0473
[INFO GPL-0048] Routing congestion (1.0473) lower than previous minimum (1.06). Updating minimum.
[INFO GPL-0051] Inflated area:                 134.877 um^2 (+0.17%)
[INFO GPL-0052] Placement target density:       0.7966
[INFO GPL-0076] Removing fillers, count: Before: 0, After: 0 (+0.00%)
[INFO GPL-0077] Filler area (um^2)     : Before: 0.000, After: 0.000 (+0.00%)
[INFO GPL-0078] Removed fillers count: 0, area removed: 0.000 um^2. Remaining area to be compensated by modifying density: 134.877 um^2
[INFO GPL-0079] New target density: 0.7979764
[INFO GPL-0058] White space area:            96875.411 um^2 (+0.00%)
[INFO GPL-0059] Movable instances area:      77304.291 um^2 (+0.17%)
[INFO GPL-0060] Total filler area:               0.000 um^2 (+0.00%)
[INFO GPL-0061] Total non-inflated area:     77304.291 um^2 (+0.17%)
[INFO GPL-0062] Total inflated area:         77439.168 um^2 (+0.17%)
[INFO GPL-0063] New Target Density:             0.7980
[INFO GPL-0087] Routability end iteration: increase inflation and revert back to snapshot.
Iteration | Overflow |     HPWL (um) |  HPWL(%) |   Penalty | Group
---------------------------------------------------------------
      410 |   0.5525 |  9.110147e+04 |  -17.91% |  1.12e-09 |      
      420 |   0.5387 |  9.175789e+04 |   +0.72% |  1.65e-09 |      
      430 |   0.5066 |  9.470106e+04 |   +3.21% |  2.42e-09 |      
      440 |   0.4585 |  9.884054e+04 |   +4.37% |  3.57e-09 |      
      450 |   0.4174 |  1.013501e+05 |   +2.54% |  5.26e-09 |      
      460 |   0.3825 |  1.043244e+05 |   +2.93% |  7.75e-09 |      
      470 |   0.3448 |  1.074560e+05 |   +3.00% |  1.14e-08 |      
      480 |   0.3125 |  1.103673e+05 |   +2.71% |  1.68e-08 |      
[INFO GPL-0040] Routability iteration: 3
[INFO GPL-0041] Total routing overflow: 0.6674
[INFO GPL-0042] Number of overflowed tiles: 18 (0.79%)
[INFO GPL-0043] Average top 0.5% routing congestion: 1.0510
[INFO GPL-0044] Average top 1.0% routing congestion: 1.0276
[INFO GPL-0045] Average top 2.0% routing congestion: 0.9993
[INFO GPL-0046] Average top 5.0% routing congestion: 0.9565
[INFO GPL-0047] Routability iteration weighted routing congestion: 1.0393
[INFO GPL-0048] Routing congestion (1.0393) lower than previous minimum (1.047). Updating minimum.
[INFO GPL-0051] Inflated area:                 107.512 um^2 (+0.14%)
[INFO GPL-0052] Placement target density:       0.7980
[INFO GPL-0076] Removing fillers, count: Before: 0, After: 0 (+0.00%)
[INFO GPL-0077] Filler area (um^2)     : Before: 0.000, After: 0.000 (+0.00%)
[INFO GPL-0078] Removed fillers count: 0, area removed: 0.000 um^2. Remaining area to be compensated by modifying density: 107.512 um^2
[INFO GPL-0079] New target density: 0.79908615
[INFO GPL-0058] White space area:            96875.411 um^2 (+0.00%)
[INFO GPL-0059] Movable instances area:      77411.803 um^2 (+0.14%)
[INFO GPL-0060] Total filler area:               0.000 um^2 (+0.00%)
[INFO GPL-0061] Total non-inflated area:     77411.803 um^2 (+0.14%)
[INFO GPL-0062] Total inflated area:         77519.315 um^2 (+0.14%)
[INFO GPL-0063] New Target Density:             0.7991
[INFO GPL-0087] Routability end iteration: increase inflation and revert back to snapshot.
Iteration | Overflow |     HPWL (um) |  HPWL(%) |   Penalty | Group
---------------------------------------------------------------
      490 |   0.5640 |  9.041691e+04 |  -18.08% |  9.57e-10 |      
      500 |   0.5422 |  9.165706e+04 |   +1.37% |  1.41e-09 |      
      510 |   0.5242 |  9.308503e+04 |   +1.56% |  2.08e-09 |      
      520 |   0.4761 |  9.739952e+04 |   +4.64% |  3.06e-09 |      
      530 |   0.4314 |  1.005000e+05 |   +3.18% |  4.50e-09 |      
      540 |   0.3986 |  1.029878e+05 |   +2.48% |  6.63e-09 |      
      550 |   0.3587 |  1.062934e+05 |   +3.21% |  9.77e-09 |      
      560 |   0.3240 |  1.093581e+05 |   +2.88% |  1.44e-08 |      
[INFO GPL-0040] Routability iteration: 4
[INFO GPL-0041] Total routing overflow: 0.6020
[INFO GPL-0042] Number of overflowed tiles: 17 (0.75%)
[INFO GPL-0043] Average top 0.5% routing congestion: 1.0467
[INFO GPL-0044] Average top 1.0% routing congestion: 1.0245
[INFO GPL-0045] Average top 2.0% routing congestion: 0.9983
[INFO GPL-0046] Average top 5.0% routing congestion: 0.9573
[INFO GPL-0047] Routability iteration weighted routing congestion: 1.0356
[INFO GPL-0048] Routing congestion (1.0356) lower than previous minimum (1.039). Updating minimum.
[INFO GPL-0051] Inflated area:                  76.996 um^2 (+0.10%)
[INFO GPL-0052] Placement target density:       0.7991
[INFO GPL-0076] Removing fillers, count: Before: 0, After: 0 (+0.00%)
[INFO GPL-0077] Filler area (um^2)     : Before: 0.000, After: 0.000 (+0.00%)
[INFO GPL-0078] Removed fillers count: 0, area removed: 0.000 um^2. Remaining area to be compensated by modifying density: 76.996 um^2
[INFO GPL-0079] New target density: 0.799881
[INFO GPL-0058] White space area:            96875.411 um^2 (+0.00%)
[INFO GPL-0059] Movable instances area:      77488.800 um^2 (+0.10%)
[INFO GPL-0060] Total filler area:               0.000 um^2 (+0.00%)
[INFO GPL-0061] Total non-inflated area:     77488.799 um^2 (+0.10%)
[INFO GPL-0062] Total inflated area:         77565.795 um^2 (+0.10%)
[INFO GPL-0063] New Target Density:             0.7999
[INFO GPL-0087] Routability end iteration: increase inflation and revert back to snapshot.
Iteration | Overflow |     HPWL (um) |  HPWL(%) |   Penalty | Group
---------------------------------------------------------------
      570 |   0.5809 |  8.989761e+04 |  -17.80% |  8.52e-10 |      
      580 |   0.5459 |  9.155658e+04 |   +1.85% |  1.26e-09 |      
      590 |   0.5346 |  9.220318e+04 |   +0.71% |  1.85e-09 |      
      600 |   0.4915 |  9.609416e+04 |   +4.22% |  2.72e-09 |      
      610 |   0.4438 |  9.983011e+04 |   +3.89% |  4.01e-09 |      
      620 |   0.4083 |  1.021202e+05 |   +2.29% |  5.91e-09 |      
      630 |   0.3702 |  1.053322e+05 |   +3.15% |  8.70e-09 |      
      640 |   0.3338 |  1.084563e+05 |   +2.97% |  1.28e-08 |      
      650 |   0.3024 |  1.110330e+05 |   +2.38% |  1.89e-08 |      
[INFO GPL-0040] Routability iteration: 5
[INFO GPL-0041] Total routing overflow: 0.6787
[INFO GPL-0042] Number of overflowed tiles: 18 (0.79%)
[INFO GPL-0043] Average top 0.5% routing congestion: 1.0510
[INFO GPL-0044] Average top 1.0% routing congestion: 1.0279
[INFO GPL-0045] Average top 2.0% routing congestion: 1.0004
[INFO GPL-0046] Average top 5.0% routing congestion: 0.9585
[INFO GPL-0047] Routability iteration weighted routing congestion: 1.0394
[INFO GPL-0049] Routing congestion (1.0394) higher than minimum (1.0356). Consecutive non-improvement count: 1.
[INFO GPL-0051] Inflated area:                  95.520 um^2 (+0.12%)
[INFO GPL-0052] Placement target density:       0.7999
[INFO GPL-0076] Removing fillers, count: Before: 0, After: 0 (+0.00%)
[INFO GPL-0077] Filler area (um^2)     : Before: 0.000, After: 0.000 (+0.00%)
[INFO GPL-0078] Removed fillers count: 0, area removed: 0.000 um^2. Remaining area to be compensated by modifying density: 95.520 um^2
[INFO GPL-0079] New target density: 0.80086696
[INFO GPL-0058] White space area:            96875.411 um^2 (+0.00%)
[INFO GPL-0059] Movable instances area:      77584.318 um^2 (+0.12%)
[INFO GPL-0060] Total filler area:               0.000 um^2 (+0.00%)
[INFO GPL-0061] Total non-inflated area:     77584.320 um^2 (+0.12%)
[INFO GPL-0062] Total inflated area:         77679.840 um^2 (+0.12%)
[INFO GPL-0063] New Target Density:             0.8009
[INFO GPL-0087] Routability end iteration: increase inflation and revert back to snapshot.
Iteration | Overflow |     HPWL (um) |  HPWL(%) |   Penalty | Group
---------------------------------------------------------------
      660 |   0.5523 |  9.114977e+04 |  -17.91% |  1.12e-09 |      
      670 |   0.5382 |  9.177979e+04 |   +0.69% |  1.65e-09 |      
      680 |   0.5061 |  9.471567e+04 |   +3.20% |  2.42e-09 |      
      690 |   0.4581 |  9.886517e+04 |   +4.38% |  3.57e-09 |      
      700 |   0.4164 |  1.013569e+05 |   +2.52% |  5.26e-09 |      
      710 |   0.3812 |  1.043228e+05 |   +2.93% |  7.75e-09 |      
      720 |   0.3442 |  1.074962e+05 |   +3.04% |  1.14e-08 |      
      730 |   0.3111 |  1.104291e+05 |   +2.73% |  1.68e-08 |      
[INFO GPL-0040] Routability iteration: 6
[INFO GPL-0041] Total routing overflow: 0.7095
[INFO GPL-0042] Number of overflowed tiles: 19 (0.83%)
[INFO GPL-0043] Average top 0.5% routing congestion: 1.0544
[INFO GPL-0044] Average top 1.0% routing congestion: 1.0299
[INFO GPL-0045] Average top 2.0% routing congestion: 1.0026
[INFO GPL-0046] Average top 5.0% routing congestion: 0.9588
[INFO GPL-0047] Routability iteration weighted routing congestion: 1.0421
[INFO GPL-0049] Routing congestion (1.0421) higher than minimum (1.0356). Consecutive non-improvement count: 2.
[INFO GPL-0051] Inflated area:                 113.788 um^2 (+0.15%)
[INFO GPL-0052] Placement target density:       0.8009
[INFO GPL-0076] Removing fillers, count: Before: 0, After: 0 (+0.00%)
[INFO GPL-0077] Filler area (um^2)     : Before: 0.000, After: 0.000 (+0.00%)
[INFO GPL-0078] Removed fillers count: 0, area removed: 0.000 um^2. Remaining area to be compensated by modifying density: 113.788 um^2
[INFO GPL-0079] New target density: 0.80204153
[INFO GPL-0058] White space area:            96875.411 um^2 (+0.00%)
[INFO GPL-0059] Movable instances area:      77698.105 um^2 (+0.15%)
[INFO GPL-0060] Total filler area:               0.000 um^2 (+0.00%)
[INFO GPL-0061] Total non-inflated area:     77698.108 um^2 (+0.15%)
[INFO GPL-0062] Total inflated area:         77811.896 um^2 (+0.15%)
[INFO GPL-0063] New Target Density:             0.8020
[INFO GPL-0087] Routability end iteration: increase inflation and revert back to snapshot.
Iteration | Overflow |     HPWL (um) |  HPWL(%) |   Penalty | Group
---------------------------------------------------------------
      740 |   0.5604 |  9.071672e+04 |  -17.85% |  9.95e-10 |      
      750 |   0.5407 |  9.171657e+04 |   +1.10% |  1.47e-09 |      
      760 |   0.5188 |  9.347228e+04 |   +1.91% |  2.16e-09 |      
      770 |   0.4714 |  9.781380e+04 |   +4.64% |  3.18e-09 |      
      780 |   0.4270 |  1.007558e+05 |   +3.01% |  4.68e-09 |      
      790 |   0.3938 |  1.033137e+05 |   +2.54% |  6.90e-09 |      
      800 |   0.3534 |  1.066165e+05 |   +3.20% |  1.02e-08 |      
      810 |   0.3196 |  1.096960e+05 |   +2.89% |  1.50e-08 |      
[INFO GPL-0040] Routability iteration: 7
[INFO GPL-0041] Total routing overflow: 0.7191
[INFO GPL-0042] Number of overflowed tiles: 17 (0.75%)
[INFO GPL-0043] Average top 0.5% routing congestion: 1.0566
[INFO GPL-0044] Average top 1.0% routing congestion: 1.0300
[INFO GPL-0045] Average top 2.0% routing congestion: 1.0023
[INFO GPL-0046] Average top 5.0% routing congestion: 0.9581
[INFO GPL-0047] Routability iteration weighted routing congestion: 1.0433
[INFO GPL-0049] Routing congestion (1.0433) higher than minimum (1.0356). Consecutive non-improvement count: 3.
[INFO GPL-0051] Inflated area:                 130.750 um^2 (+0.17%)
[INFO GPL-0052] Placement target density:       0.8020
[INFO GPL-0076] Removing fillers, count: Before: 0, After: 0 (+0.00%)
[INFO GPL-0077] Filler area (um^2)     : Before: 0.000, After: 0.000 (+0.00%)
[INFO GPL-0078] Removed fillers count: 0, area removed: 0.000 um^2. Remaining area to be compensated by modifying density: 130.750 um^2
[INFO GPL-0079] New target density: 0.8033912
[INFO GPL-0054] No improvement in routing congestion for 3 consecutive iterations (limit is 3).
[INFO GPL-0055] Reverting inflation values and target density from the iteration with minimum observed routing congestion.
[INFO GPL-0056] Minimum observed routing congestion: 1.0356
[INFO GPL-0057] Target density at minimum routing congestion: 0.7991
[INFO GPL-0080] Restoring 0 previously removed fillers.
[INFO GPL-0089] Routability finished. Reverting to minimal observed routing congestion, could not reach target.
Iteration | Overflow |     HPWL (um) |  HPWL(%) |   Penalty | Group
---------------------------------------------------------------
      820 |   0.5724 |  8.997948e+04 |  -17.97% |  8.86e-10 |      
      830 |   0.5439 |  9.146442e+04 |   +1.65% |  1.31e-09 |      
      840 |   0.5312 |  9.232022e+04 |   +0.94% |  1.92e-09 |      
      850 |   0.4854 |  9.644731e+04 |   +4.47% |  2.83e-09 |      
      860 |   0.4385 |  9.996137e+04 |   +3.64% |  4.17e-09 |      
      870 |   0.4047 |  1.023105e+05 |   +2.35% |  6.14e-09 |      
      880 |   0.3656 |  1.056017e+05 |   +3.22% |  9.04e-09 |      
      890 |   0.3298 |  1.087154e+05 |   +2.95% |  1.33e-08 |      
      900 |   0.2989 |  1.112197e+05 |   +2.30% |  1.96e-08 |      
      910 |   0.2685 |  1.128872e+05 |   +1.50% |  2.89e-08 |      
      920 |   0.2400 |  1.146254e+05 |   +1.54% |  4.26e-08 |      
      930 |   0.2168 |  1.159163e+05 |   +1.13% |  6.27e-08 |      
[INFO GPL-0100] Timing-driven iteration 2/2, virtual: false.
[INFO GPL-0101]    Iter: 940, overflow: 0.193, keep resizer changes at: 1, HPWL: 116624649
Iteration |   Area    | Resized | Buffers | Nets repaired | Remaining
---------------------------------------------------------------------
        0 |     +0.0% |       0 |       0 |             0 |      6172
    final |     +0.0% |       0 |       0 |             0 |         0
---------------------------------------------------------------------
   Iter   |    Area   | Removed | Inserted |   Pins
          |           | Buffers | Buffers  | Remaining
-------------------------------------------------------
        0 |     +0.0% |       0 |        0 |      5618
      560 |     +0.0% |      12 |       12 |      5058
     1120 |     +0.0% |      12 |       12 |      4498
     1680 |     +0.0% |      12 |       12 |      3938
     2240 |     +0.0% |      12 |       12 |      3378
     2800 |     +0.0% |      12 |       12 |      2818
     3360 |     +0.0% |      12 |       12 |      2258
     3920 |     +0.0% |      12 |       12 |      1698
     4480 |     +0.0% |      12 |       12 |      1138
     5040 |     +0.0% |     154 |      154 |       578
     5600 |     +0.0% |     445 |      448 |        18
    final |     +0.1% |     466 |      470 |         0
-------------------------------------------------------
[INFO GPL-0106] Timing-driven: worst slack 6.86e-09
[INFO GPL-0107] Timing-driven: repair_design delta area: 34.256 um^2 (+0.04%)
[INFO GPL-0108] Timing-driven: repair_design, gpl delta gcells: 4 (+0.07%)
[INFO GPL-0109] Timing-driven: repair_design, gcells created: 470, deleted: 466
[INFO GPL-0110] Timing-driven: new target density: 0.80239516
Iteration | Overflow |     HPWL (um) |  HPWL(%) |   Penalty | Group
---------------------------------------------------------------
      940 |   0.2075 |  1.197060e+05 |   +3.27% |  9.23e-08 |      
      950 |   0.1716 |  1.167395e+05 |   -2.48% |  1.36e-07 |      
      960 |   0.1491 |  1.158154e+05 |   -0.79% |  2.00e-07 |      
      970 |   0.1292 |  1.158271e+05 |   +0.01% |  2.95e-07 |      
      980 |   0.1130 |  1.159648e+05 |   +0.12% |  4.35e-07 |      
      988 |   0.0997 |  1.161504e+05 |          |  6.16e-07 |      
---------------------------------------------------------------
[INFO GPL-1001] Global placement finished at iteration 988
[INFO GPL-1003] Routability mode iteration count: 643
[INFO GPL-1005] Routability final weighted congestion: 0.9945
[INFO GPL-1002] Placed Cell Area            77446.0597
[INFO GPL-1003] Available Free Area         96875.4112
[INFO GPL-1004] Minimum Feasible Density        0.7700 (cell_area / free_area)
[INFO GPL-1006]   Suggested Target Densities:
[INFO GPL-1007]     - For 90% usage of free space: 0.8883
[INFO GPL-1008]     - For 80% usage of free space: 0.9993
[INFO GPL-1011] Original area (um^2): 74419.59
[INFO GPL-1012] Total routability artificial inflation: 509.83 (+0.69%)
[INFO GPL-1013] Total timing-driven delta area: 2516.64 (+3.38%)
[INFO GPL-1014] Final placement area: 77446.06 (+4.07%)
Setting global connections for newly added cells…
[INFO] Setting global connections...
[INFO ODB-0403] 1884 connections made, 0 conflicts skipped.
Updating metrics…
Cell type report:                       Count       Area
  Fill cell                               188     705.68
  Tap cell                               1440    1801.73
  Buffer                                   10      50.05
  Timing Repair Buffer                    471    5300.08
  Inverter                                157     599.32
  Sequential cell                         396    8423.08
  Multi-Input combinational cell         5056   54156.94
  Total                                  7718   71036.88
Writing OpenROAD database to '/Users/aoxo/vscode/superfloat.gpu/librelane/systolic_array/runs/RUN_2026-06-24_19-18-33/28-openroad-globalplacement/systolic_array.odb'…
Writing netlist to '/Users/aoxo/vscode/superfloat.gpu/librelane/systolic_array/runs/RUN_2026-06-24_19-18-33/28-openroad-globalplacement/systolic_array.nl.v'…
Writing powered netlist to '/Users/aoxo/vscode/superfloat.gpu/librelane/systolic_array/runs/RUN_2026-06-24_19-18-33/28-openroad-globalplacement/systolic_array.pnl.v'…
Writing layout to '/Users/aoxo/vscode/superfloat.gpu/librelane/systolic_array/runs/RUN_2026-06-24_19-18-33/28-openroad-globalplacement/systolic_array.def'…
Writing timing constraints to '/Users/aoxo/vscode/superfloat.gpu/librelane/systolic_array/runs/RUN_2026-06-24_19-18-33/28-openroad-globalplacement/systolic_array.sdc'…
