+ analyze_power_grid -net VPWR -voltage_file /Users/aoxo/vscode/superfloat.gpu/librelane/systolic_array/runs/RUN_2026-06-24_19-18-33/58-openroad-irdropreport/net-VPWR.csv
[INFO PSM-0040] All shapes on net VPWR are connected.
########## IR report #################
Net              : VPWR
Corner           : max_ss_100C_1v60
Total power      : 4.75e-03 W
Supply voltage   : 1.60e+00 V
Worstcase voltage: 1.60e+00 V
Average voltage  : 1.60e+00 V
Average IR drop  : 2.25e-04 V
Worstcase IR drop: 6.40e-04 V
Percentage drop  : 0.04 %
######################################
+ analyze_power_grid -net VGND -voltage_file /Users/aoxo/vscode/superfloat.gpu/librelane/systolic_array/runs/RUN_2026-06-24_19-18-33/58-openroad-irdropreport/net-VGND.csv
[INFO PSM-0040] All shapes on net VGND are connected.
########## IR report #################
Net              : VGND
Corner           : max_ss_100C_1v60
Total power      : 4.75e-03 W
Supply voltage   : 0.00e+00 V
Worstcase voltage: 7.62e-04 V
Average voltage  : 2.18e-04 V
Average IR drop  : 2.18e-04 V
Worstcase IR drop: 7.62e-04 V
Percentage drop  : 0.05 %
######################################
