
Magic 8.3 revision 677 - Compiled on Fri Jul 24 07:13:43 UTC 2026.
Starting magic under Tcl interpreter
Using the terminal as the console.
WARNING: RLIMIT_NOFILE is above 1024 and Tcl_Version<9 this may cause runtime issues [rlim_cur=10240]
Using NULL graphics device.
Processing system .magicrc file
Switching to WIRING tool.
Switching to NETLIST tool.
Switching to PICK tool.
Switching to BOX tool.
Sourcing design .magicrc for technology sky130A ...
2 Magic internal units = 1 Lambda
Input style sky130(): scaleFactor=2, multiplier=2
The following types are not handled by extraction and will be treated as non-electrical types:
    ubm 
Scaled tech values by 2 / 1 to match internal grid scaling
Loading sky130A Device Generator Menu ...
Loading "/nix/store/nkihm22x38gfypmyvz3ya2sv72vk2pa8-python3-3.13.13-env/lib/python3.13/site-packages/librelane/scripts/magic/wrapper.tcl" from command line.
Reading LEF data from file /home/research/.ciel/ciel/sky130/versions/1689ac3f2dc763876eaf967227c7dfe831b031ae/sky130A/libs.ref/sky130_fd_sc_hd/techlef/sky130_fd_sc_hd__max.tlef.
This action cannot be undone.
LEF read, Line 82 (Message): Unknown keyword "ANTENNAMODEL" in LEF file; ignoring.
LEF read, Line 83 (Message): Unknown keyword "ANTENNADIFFSIDEAREARATIO" in LEF file; ignoring.
LEF read, Line 116 (Message): Unknown keyword "MINENCLOSEDAREA" in LEF file; ignoring.
LEF read, Line 118 (Message): Unknown keyword "ANTENNAMODEL" in LEF file; ignoring.
LEF read, Line 119 (Message): Unknown keyword "ANTENNADIFFSIDEAREARATIO" in LEF file; ignoring.
LEF read, Line 125 (Message): Unknown keyword "MAXIMUMDENSITY" in LEF file; ignoring.
LEF read, Line 126 (Message): Unknown keyword "DENSITYCHECKWINDOW" in LEF file; ignoring.
LEF read, Line 127 (Message): Unknown keyword "DENSITYCHECKSTEP" in LEF file; ignoring.
LEF read, Line 160 (Message): Unknown keyword "MINENCLOSEDAREA" in LEF file; ignoring.
LEF read, Line 168 (Message): Unknown keyword "ANTENNAMODEL" in LEF file; ignoring.
LEF read, Line 169 (Message): Unknown keyword "ANTENNADIFFSIDEAREARATIO" in LEF file; ignoring.
LEF read, Line 171 (Message): Unknown keyword "MAXIMUMDENSITY" in LEF file; ignoring.
LEF read, Line 172 (Message): Unknown keyword "DENSITYCHECKWINDOW" in LEF file; ignoring.
LEF read, Line 173 (Message): Unknown keyword "DENSITYCHECKSTEP" in LEF file; ignoring.
LEF read, Line 210 (Message): Unknown keyword "ANTENNAMODEL" in LEF file; ignoring.
LEF read, Line 211 (Message): Unknown keyword "ANTENNADIFFSIDEAREARATIO" in LEF file; ignoring.
LEF read, Line 213 (Message): Unknown keyword "MAXIMUMDENSITY" in LEF file; ignoring.
LEF read, Line 214 (Message): Unknown keyword "DENSITYCHECKWINDOW" in LEF file; ignoring.
LEF read, Line 215 (Message): Unknown keyword "DENSITYCHECKSTEP" in LEF file; ignoring.
LEF read, Line 252 (Message): Unknown keyword "ANTENNAMODEL" in LEF file; ignoring.
LEF read, Line 253 (Message): Unknown keyword "ANTENNADIFFSIDEAREARATIO" in LEF file; ignoring.
LEF read, Line 255 (Message): Unknown keyword "MAXIMUMDENSITY" in LEF file; ignoring.
LEF read, Line 256 (Message): Unknown keyword "DENSITYCHECKWINDOW" in LEF file; ignoring.
LEF read, Line 257 (Message): Unknown keyword "DENSITYCHECKSTEP" in LEF file; ignoring.
LEF read, Line 294 (Message): Unknown keyword "ANTENNAMODEL" in LEF file; ignoring.
LEF read, Line 295 (Message): Unknown keyword "ANTENNADIFFSIDEAREARATIO" in LEF file; ignoring.
LEF read: Processed 801 lines.
reading core_tile as an abstract from /home/research/alosh/superfloat.gpu/librelane/core_tile/views_fp16/lef/core_tile.lef
Reading LEF data from file /home/research/alosh/superfloat.gpu/librelane/core_tile/views_fp16/lef/core_tile.lef.
This action cannot be undone.
LEF read: Processed 1312 lines.
Warning: Calma reading is not undoable!  I hope that's OK.
Library written using GDS-II Release 3.0
Library name: openframe_project_wrapper
Reading "sky130_fd_sc_hd__tapvpwrvgnd_1".
Reading "sky130_fd_sc_hd__decap_12".
Reading "sky130_fd_sc_hd__decap_3".
Reading "sky130_fd_sc_hd__fill_1".
Reading "sky130_fd_sc_hd__decap_6".
Reading "sky130_fd_sc_hd__buf_2".
Reading "sky130_fd_sc_hd__decap_4".
Reading "sky130_fd_sc_hd__clkbuf_2".
Reading "sky130_fd_sc_hd__conb_1".
Reading "sky130_fd_sc_hd__dfrtp_1".
Reading "sky130_fd_sc_hd__clkbuf_16".
Reading "sky130_fd_sc_hd__dfrtp_4".
Reading "sky130_fd_sc_hd__decap_8".
Reading "sky130_fd_sc_hd__buf_6".
Reading "sky130_fd_sc_hd__fill_2".
Reading "sky130_fd_sc_hd__buf_4".
Reading "sky130_fd_sc_hd__and2_1".
Reading "sky130_fd_sc_hd__bufinv_16".
Reading "sky130_fd_sc_hd__inv_4".
Reading "sky130_fd_sc_hd__clkbuf_8".
Reading "GV_sky130_fd_sc_hd__decap_12".
Reading "GV_sky130_fd_sc_hd__decap_3".
Reading "GV_sky130_fd_sc_hd__fill_1".
Reading "GV_sky130_fd_sc_hd__tapvpwrvgnd_1".
Reading "GV_sky130_fd_sc_hd__dfxtp_1".
Reading "GV_sky130_fd_sc_hd__xnor2_1".
Reading "GV_sky130_fd_sc_hd__decap_4".
Reading "GV_sky130_fd_sc_hd__inv_1".
Reading "GV_sky130_fd_sc_hd__nand2_1".
Reading "GV_sky130_fd_sc_hd__o21ai_1".
Reading "GV_sky130_fd_sc_hd__fill_2".
Reading "GV_sky130_fd_sc_hd__a21oi_1".
Reading "GV_sky130_fd_sc_hd__decap_6".
Reading "GV_sky130_fd_sc_hd__decap_8".
Reading "GV_sky130_fd_sc_hd__and2_1".
Reading "GV_sky130_fd_sc_hd__clkbuf_2".
Reading "GV_sky130_fd_sc_hd__nand2b_1".
Reading "GV_sky130_fd_sc_hd__nor2b_1".
Reading "GV_sky130_fd_sc_hd__xor2_1".
Reading "GV_sky130_fd_sc_hd__or2_1".
Reading "GV_sky130_fd_sc_hd__a21o_1".
Reading "GV_sky130_fd_sc_hd__or3_1".
Reading "GV_sky130_fd_sc_hd__nor3b_1".
Reading "GV_sky130_fd_sc_hd__a2bb2oi_1".
Reading "GV_sky130_fd_sc_hd__a31oi_1".
Reading "GV_sky130_fd_sc_hd__nand3_1".
Reading "GV_sky130_fd_sc_hd__o21a_1".
Reading "GV_sky130_fd_sc_hd__nor3_1".
Reading "GV_sky130_fd_sc_hd__a32oi_1".
Reading "GV_sky130_fd_sc_hd__a22oi_1".
Reading "GV_sky130_fd_sc_hd__buf_6".
Reading "GV_sky130_fd_sc_hd__o21bai_1".
Reading "GV_sky130_fd_sc_hd__o22ai_1".
Reading "GV_sky130_fd_sc_hd__maj3_1".
Reading "GV_sky130_fd_sc_hd__clkbuf_16".
Reading "GV_sky130_fd_sc_hd__nand3b_1".
Reading "GV_sky130_fd_sc_hd__nand4_1".
Reading "GV_sky130_fd_sc_hd__o211ai_1".
Reading "GV_sky130_fd_sc_hd__maj3_2".
Reading "GV_sky130_fd_sc_hd__diode_2".
Reading "GV_sky130_fd_sc_hd__mux2i_1".
Reading "GV_sky130_fd_sc_hd__and3_1".
Reading "GV_sky130_fd_sc_hd__o22a_1".
Reading "GV_sky130_fd_sc_hd__xnor3_1".
Reading "GV_sky130_fd_sc_hd__a211oi_1".
Reading "GV_sky130_fd_sc_hd__a21boi_1".
Reading "GV_sky130_fd_sc_hd__nor4_1".
Reading "GV_sky130_fd_sc_hd__o221a_1".
Reading "GV_sky130_fd_sc_hd__mux2_1".
Reading "GV_sky130_fd_sc_hd__or4_1".
Reading "GV_sky130_fd_sc_hd__o221ai_1".
Reading "GV_sky130_fd_sc_hd__a22o_1".
Reading "GV_sky130_fd_sc_hd__a21bo_1".
Reading "GV_sky130_fd_sc_hd__o311ai_1".
Reading "GV_sky130_fd_sc_hd__a221oi_1".
Reading "GV_sky130_fd_sc_hd__nand4b_1".
Reading "GV_sky130_fd_sc_hd__o32a_1".
Reading "GV_sky130_fd_sc_hd__a31o_1".
Reading "GV_sky130_fd_sc_hd__clkbuf_8".
Reading "GV_sky130_fd_sc_hd__o32ai_1".
Reading "GV_sky130_fd_sc_hd__a211o_1".
Reading "GV_sky130_fd_sc_hd__nor4_2".
Reading "GV_sky130_fd_sc_hd__buf_4".
Reading "GV_sky130_fd_sc_hd__nand2_2".
Reading "GV_sky130_fd_sc_hd__xor3_1".
Reading "GV_sky130_fd_sc_hd__and3b_1".
Reading "GV_sky130_fd_sc_hd__o2111ai_1".
Reading "GV_sky130_fd_sc_hd__a32o_1".
Reading "GV_sky130_fd_sc_hd__and4b_1".
Reading "GV_sky130_fd_sc_hd__o2bb2ai_1".
Reading "GV_sky130_fd_sc_hd__a221o_1".
Reading "GV_sky130_fd_sc_hd__clkbuf_4".
Reading "GV_sky130_fd_sc_hd__a2111o_1".
Reading "GV_sky130_fd_sc_hd__o41ai_1".
Reading "GV_sky130_fd_sc_hd__a311oi_1".
Reading "GV_sky130_fd_sc_hd__nor4b_1".
Reading "GV_sky130_fd_sc_hd__o21ba_1".
Reading "GV_sky130_fd_sc_hd__o31a_1".
Reading "GV_sky130_fd_sc_hd__clkinv_2".
Reading "GV_sky130_fd_sc_hd__xor2_2".
Reading "GV_sky130_fd_sc_hd__a222oi_1".
CIF file read warning: CIF style sky130(): units rescaled by factor of 5 / 1
Reading "GV_sky130_fd_sc_hd__a21boi_2".
Reading "GV_sky130_fd_sc_hd__o21ai_2".
Reading "GV_sky130_fd_sc_hd__and4_1".
Reading "GV_sky130_fd_sc_hd__inv_6".
Reading "GV_sky130_fd_sc_hd__dfxtp_2".
Reading "GV_sky130_fd_sc_hd__o41a_1".
Reading "GV_sky130_fd_sc_hd__or3b_1".
Reading "GV_sky130_fd_sc_hd__a2111oi_1".
CIF file read warning: Input off lambda grid by 2/5; snapped to grid.
Reading "GV_sky130_fd_sc_hd__a41o_1".
Reading "GV_sky130_fd_sc_hd__a21oi_2".
Reading "GV_sky130_fd_sc_hd__o211a_1".
Reading "GV_sky130_fd_sc_hd__a2bb2o_1".
Reading "GV_sky130_fd_sc_hd__a41oi_1".
Reading "GV_sky130_fd_sc_hd__nor2_4".
Reading "GV_sky130_fd_sc_hd__mux2i_2".
Reading "GV_sky130_fd_sc_hd__o2111a_1".
Reading "GV_sky130_fd_sc_hd__o311ai_2".
Reading "GV_sky130_fd_sc_hd__a311o_1".
Reading "GV_sky130_fd_sc_hd__or4b_1".
Reading "GV_sky130_fd_sc_hd__o311a_1".
Reading "GV_sky130_fd_sc_hd__nor3_4".
Reading "GV_sky130_fd_sc_hd__a311oi_2".
Reading "GV_sky130_fd_sc_hd__xnor2_2".
Reading "GV_sky130_fd_sc_hd__nand3_2".
Reading "GV_sky130_fd_sc_hd__a31oi_2".
Reading "GV_sky130_fd_sc_hd__nor3_2".
Reading "GV_sky130_fd_sc_hd__nand4bb_1".
Reading "GV_sky130_fd_sc_hd__buf_8".
Reading "GV_sky130_fd_sc_hd__a221oi_2".
Reading "GV_sky130_fd_sc_hd__a21oi_4".
Reading "GV_sky130_fd_sc_hd__nor2b_2".
Reading "GV_sky130_fd_sc_hd__nor4b_2".
Reading "GV_sky130_fd_sc_hd__nor4_4".
Reading "GV_sky130_fd_sc_hd__o41ai_2".
Reading "GV_sky130_fd_sc_hd__xor2_4".
Reading "GV_sky130_fd_sc_hd__inv_8".
Reading "GV_sky130_fd_sc_hd__nor4bb_1".
Reading "GV_sky130_fd_sc_hd__o31ai_2".
Reading "GV_sky130_fd_sc_hd__nor4b_4".
Reading "GV_sky130_fd_sc_hd__a41oi_4".
Reading "GV_sky130_fd_sc_hd__o311ai_4".
Reading "GV_sky130_fd_sc_hd__a41oi_2".
Reading "GV_sky130_fd_sc_hd__clkinv_1".
Reading "GV_sky130_fd_sc_hd__a31oi_4".
Reading "GV_sky130_fd_sc_hd__o22ai_2".
Reading "GV_sky130_fd_sc_hd__o211ai_2".
Reading "GV_sky130_fd_sc_hd__o2bb2a_1".
Reading "GV_sky130_fd_sc_hd__buf_12".
Reading "GV_sky130_fd_sc_hd__clkinv_4".
Reading "GV_sky130_fd_sc_hd__o21bai_2".
Reading "GV_sky130_fd_sc_hd__nor2b_4".
Reading "GV_sky130_fd_sc_hd__nand2_4".
Reading "GV_sky130_fd_sc_hd__a221oi_4".
Reading "GV_sky130_fd_sc_hd__inv_2".
Reading "GV_sky130_fd_sc_hd__a211oi_2".
Reading "GV_sky130_fd_sc_hd__and2_2".
Reading "GV_sky130_fd_sc_hd__edfxtp_1".
Reading "GV_sky130_fd_sc_hd__o32ai_2".
Reading "GV_sky130_fd_sc_hd__nor3b_2".
Reading "GV_sky130_fd_sc_hd__a2111oi_2".
Reading "GV_sky130_fd_sc_hd__nand2b_2".
Reading "GV_sky130_fd_sc_hd__buf_2".
Reading "GV_sky130_fd_sc_hd__o2bb2a_2".
Reading "GV_sky130_fd_sc_hd__a22oi_2".
Reading "GV_sky130_fd_sc_hd__nor4bb_2".
Reading "GV_sky130_fd_sc_hd__and3_2".
Reading "GV_sky130_fd_sc_hd__o21ai_4".
Reading "GV_sky130_fd_sc_hd__buf_1".
Reading "GV_sky130_fd_sc_hd__conb_1".
Reading "core_tile".
Note:  cell core_tile already existed before reading GDS.
Using pre-existing cell definition
Reading "sky130_fd_sc_hd__inv_2".
Reading "sky130_fd_sc_hd__buf_8".
Reading "sky130_fd_sc_hd__diode_2".
Reading "sky130_fd_sc_hd__clkinv_2".
Reading "sky130_fd_sc_hd__dfxtp_1".
Reading "sky130_fd_sc_hd__a21oi_1".
Reading "sky130_fd_sc_hd__edfxtp_1".
Reading "sky130_fd_sc_hd__o21ai_1".
Reading "sky130_fd_sc_hd__clkinv_1".
Reading "sky130_fd_sc_hd__mux4_2".
Reading "sky130_fd_sc_hd__clkbuf_4".
Reading "sky130_fd_sc_hd__clkbuf_1".
Reading "sky130_fd_sc_hd__mux2i_4".
Reading "sky130_fd_sc_hd__mux2i_2".
Reading "vssd1_connection".
Reading "sky130_fd_sc_hd__o21a_1".
Reading "sky130_fd_sc_hd__inv_1".
Reading "sky130_fd_sc_hd__o22ai_1".
Reading "sky130_fd_sc_hd__dfxtp_4".
Reading "sky130_fd_sc_hd__a211oi_1".
Reading "sky130_fd_sc_hd__nor3_1".
Reading "sky130_fd_sc_hd__dfxtp_2".
Reading "sky130_fd_sc_hd__mux2_2".
Reading "sky130_fd_sc_hd__nand2b_1".
Reading "sky130_fd_sc_hd__mux2_4".
Reading "sky130_fd_sc_hd__mux2_1".
Reading "sky130_fd_sc_hd__o211ai_1".
Reading "sky130_fd_sc_hd__a21oi_4".
Reading "sky130_fd_sc_hd__nor2b_1".
Reading "sky130_fd_sc_hd__nand2_4".
Reading "sky130_fd_sc_hd__nand2_1".
Reading "sky130_fd_sc_hd__o21bai_1".
Reading "sky130_fd_sc_hd__mux2i_1".
Reading "sky130_fd_sc_hd__a21oi_2".
Reading "sky130_fd_sc_hd__inv_6".
Reading "sky130_fd_sc_hd__a21boi_1".
Reading "sky130_fd_sc_hd__a311oi_1".
Reading "sky130_fd_sc_hd__a22oi_1".
Reading "sky130_fd_sc_hd__and3_1".
Reading "sky130_fd_sc_hd__xnor2_1".
Reading "sky130_fd_sc_hd__xor2_1".
Reading "sky130_fd_sc_hd__xor2_2".
Reading "sky130_fd_sc_hd__xnor2_2".
Reading "sky130_fd_sc_hd__a22oi_2".
Reading "sky130_fd_sc_hd__a21o_1".
Reading "sky130_fd_sc_hd__buf_12".
Reading "sky130_fd_sc_hd__or3_1".
Reading "sky130_fd_sc_hd__a221oi_1".
Reading "sky130_fd_sc_hd__nand3_1".
Reading "sky130_fd_sc_hd__a222oi_1".
Reading "sky130_fd_sc_hd__a32oi_4".
Reading "sky130_fd_sc_hd__a221oi_4".
Reading "sky130_fd_sc_hd__or2_1".
Reading "sky130_fd_sc_hd__o21ai_4".
Reading "sky130_fd_sc_hd__a31oi_1".
Reading "sky130_fd_sc_hd__and4_1".
Reading "sky130_fd_sc_hd__nor3_2".
Reading "sky130_fd_sc_hd__o2bb2ai_1".
Reading "sky130_fd_sc_hd__a221o_1".
Reading "sky130_fd_sc_hd__nand3b_1".
Reading "sky130_fd_sc_hd__o21ai_2".
Reading "sky130_fd_sc_hd__a211o_1".
Reading "sky130_fd_sc_hd__a221o_4".
Reading "sky130_fd_sc_hd__a221oi_2".
Reading "sky130_fd_sc_hd__o211a_1".
Reading "sky130_fd_sc_hd__nor2b_4".
Reading "sky130_fd_sc_hd__a32oi_1".
Reading "sky130_fd_sc_hd__nand4_1".
Reading "sky130_fd_sc_hd__nor4_1".
Reading "sky130_fd_sc_hd__maj3_1".
Reading "sky130_fd_sc_hd__o2111ai_1".
Reading "sky130_fd_sc_hd__a311oi_2".
Reading "sky130_fd_sc_hd__nor4bb_1".
Reading "sky130_fd_sc_hd__and4_2".
Reading "sky130_fd_sc_hd__o221ai_1".
Reading "sky130_fd_sc_hd__nor3b_1".
Reading "sky130_fd_sc_hd__a22o_1".
Reading "sky130_fd_sc_hd__o31a_1".
Reading "sky130_fd_sc_hd__nand3_4".
Reading "sky130_fd_sc_hd__a31o_1".
Reading "sky130_fd_sc_hd__o32ai_1".
Reading "sky130_fd_sc_hd__a21bo_1".
Reading "sky130_fd_sc_hd__o41ai_1".
Reading "sky130_fd_sc_hd__a211oi_4".
Reading "sky130_fd_sc_hd__o21bai_4".
Reading "sky130_fd_sc_hd__o21bai_2".
Reading "sky130_fd_sc_hd__o221ai_4".
Reading "sky130_fd_sc_hd__a32o_1".
Reading "sky130_fd_sc_hd__and3b_1".
Reading "sky130_fd_sc_hd__o2111a_1".
Reading "sky130_fd_sc_hd__xnor3_1".
Reading "sky130_fd_sc_hd__and3_2".
Reading "sky130_fd_sc_hd__nor4b_2".
Reading "sky130_fd_sc_hd__and2_4".
Reading "sky130_fd_sc_hd__nand3_2".
Reading "sky130_fd_sc_hd__nor4_2".
Reading "sky130_fd_sc_hd__nor3b_2".
Reading "sky130_fd_sc_hd__nor2_4".
Reading "vccd1_connection".
Reading "openframe_project_wrapper".
    5000 uses
    10000 uses
    15000 uses
    20000 uses
    25000 uses
    30000 uses
    35000 uses
    40000 uses
    45000 uses
    50000 uses
    55000 uses
    60000 uses
    65000 uses
    70000 uses
    75000 uses
> spice read /home/research/.ciel/ciel/sky130/versions/1689ac3f2dc763876eaf967227c7dfe831b031ae/sky130A/libs.ref/sky130_fd_sc_hd/spice/sky130_ef_sc_hd__fill_2.spice
Annotating port orders from /home/research/.ciel/ciel/sky130/versions/1689ac3f2dc763876eaf967227c7dfe831b031ae/sky130A/libs.ref/sky130_fd_sc_hd/spice/sky130_ef_sc_hd__fill_2.spice
Cell sky130_ef_sc_hd__fill_2 in netlist has not been loaded.
> spice read /home/research/.ciel/ciel/sky130/versions/1689ac3f2dc763876eaf967227c7dfe831b031ae/sky130A/libs.ref/sky130_fd_sc_hd/spice/sky130_ef_sc_hd__fill_12.spice
Annotating port orders from /home/research/.ciel/ciel/sky130/versions/1689ac3f2dc763876eaf967227c7dfe831b031ae/sky130A/libs.ref/sky130_fd_sc_hd/spice/sky130_ef_sc_hd__fill_12.spice
Cell sky130_ef_sc_hd__fill_12 in netlist has not been loaded.
> spice read /home/research/.ciel/ciel/sky130/versions/1689ac3f2dc763876eaf967227c7dfe831b031ae/sky130A/libs.ref/sky130_fd_sc_hd/spice/sky130_ef_sc_hd__decap_60_12.spice
Annotating port orders from /home/research/.ciel/ciel/sky130/versions/1689ac3f2dc763876eaf967227c7dfe831b031ae/sky130A/libs.ref/sky130_fd_sc_hd/spice/sky130_ef_sc_hd__decap_60_12.spice
Cell sky130_ef_sc_hd__decap_60_12 in netlist has not been loaded.
> spice read /home/research/.ciel/ciel/sky130/versions/1689ac3f2dc763876eaf967227c7dfe831b031ae/sky130A/libs.ref/sky130_fd_sc_hd/spice/sky130_ef_sc_hd__decap_40_12.spice
Annotating port orders from /home/research/.ciel/ciel/sky130/versions/1689ac3f2dc763876eaf967227c7dfe831b031ae/sky130A/libs.ref/sky130_fd_sc_hd/spice/sky130_ef_sc_hd__decap_40_12.spice
Cell sky130_ef_sc_hd__decap_40_12 in netlist has not been loaded.
> spice read /home/research/.ciel/ciel/sky130/versions/1689ac3f2dc763876eaf967227c7dfe831b031ae/sky130A/libs.ref/sky130_fd_sc_hd/spice/sky130_ef_sc_hd__fill_8.spice
Annotating port orders from /home/research/.ciel/ciel/sky130/versions/1689ac3f2dc763876eaf967227c7dfe831b031ae/sky130A/libs.ref/sky130_fd_sc_hd/spice/sky130_ef_sc_hd__fill_8.spice
Cell sky130_ef_sc_hd__fill_8 in netlist has not been loaded.
> spice read /home/research/.ciel/ciel/sky130/versions/1689ac3f2dc763876eaf967227c7dfe831b031ae/sky130A/libs.ref/sky130_fd_sc_hd/spice/sky130_fd_sc_hd.spice
Annotating port orders from /home/research/.ciel/ciel/sky130/versions/1689ac3f2dc763876eaf967227c7dfe831b031ae/sky130A/libs.ref/sky130_fd_sc_hd/spice/sky130_fd_sc_hd.spice
Cell sky130_fd_sc_hd__a2bb2o_1 in netlist has not been loaded.
Cell sky130_fd_sc_hd__a2bb2o_2 in netlist has not been loaded.
Cell sky130_fd_sc_hd__a2bb2o_4 in netlist has not been loaded.
Cell sky130_fd_sc_hd__a2bb2oi_1 in netlist has not been loaded.
Cell sky130_fd_sc_hd__a2bb2oi_2 in netlist has not been loaded.
Cell sky130_fd_sc_hd__a2bb2oi_4 in netlist has not been loaded.
Annotating cell sky130_fd_sc_hd__a21bo_1
Cell sky130_fd_sc_hd__a21bo_1 port order was modified.
Cell sky130_fd_sc_hd__a21bo_2 in netlist has not been loaded.
Cell sky130_fd_sc_hd__a21bo_4 in netlist has not been loaded.
Cell sky130_fd_sc_hd__a21boi_0 in netlist has not been loaded.
Annotating cell sky130_fd_sc_hd__a21boi_1
Cell sky130_fd_sc_hd__a21boi_1 port order was modified.
Cell sky130_fd_sc_hd__a21boi_2 in netlist has not been loaded.
Cell sky130_fd_sc_hd__a21boi_4 in netlist has not been loaded.
Annotating cell sky130_fd_sc_hd__a21o_1
Cell sky130_fd_sc_hd__a21o_1 port order was modified.
Cell sky130_fd_sc_hd__a21o_2 in netlist has not been loaded.
Cell sky130_fd_sc_hd__a21o_4 in netlist has not been loaded.
Annotating cell sky130_fd_sc_hd__a21oi_1
Cell sky130_fd_sc_hd__a21oi_1 port order was modified.
Annotating cell sky130_fd_sc_hd__a21oi_2
Cell sky130_fd_sc_hd__a21oi_2 port order was modified.
Annotating cell sky130_fd_sc_hd__a21oi_4
Cell sky130_fd_sc_hd__a21oi_4 port order was modified.
Annotating cell sky130_fd_sc_hd__a22o_1
Cell sky130_fd_sc_hd__a22o_1 port order was modified.
Cell sky130_fd_sc_hd__a22o_2 in netlist has not been loaded.
Cell sky130_fd_sc_hd__a22o_4 in netlist has not been loaded.
Annotating cell sky130_fd_sc_hd__a22oi_1
Cell sky130_fd_sc_hd__a22oi_1 port order was modified.
Annotating cell sky130_fd_sc_hd__a22oi_2
Cell sky130_fd_sc_hd__a22oi_2 port order was modified.
Cell sky130_fd_sc_hd__a22oi_4 in netlist has not been loaded.
Annotating cell sky130_fd_sc_hd__a31o_1
Cell sky130_fd_sc_hd__a31o_1 port order was modified.
Cell sky130_fd_sc_hd__a31o_2 in netlist has not been loaded.
Cell sky130_fd_sc_hd__a31o_4 in netlist has not been loaded.
Annotating cell sky130_fd_sc_hd__a31oi_1
Cell sky130_fd_sc_hd__a31oi_1 port order was modified.
Cell sky130_fd_sc_hd__a31oi_2 in netlist has not been loaded.
Cell sky130_fd_sc_hd__a31oi_4 in netlist has not been loaded.
Annotating cell sky130_fd_sc_hd__a32o_1
Cell sky130_fd_sc_hd__a32o_1 port order was modified.
Cell sky130_fd_sc_hd__a32o_2 in netlist has not been loaded.
Cell sky130_fd_sc_hd__a32o_4 in netlist has not been loaded.
Annotating cell sky130_fd_sc_hd__a32oi_1
Cell sky130_fd_sc_hd__a32oi_1 port order was modified.
Cell sky130_fd_sc_hd__a32oi_2 in netlist has not been loaded.
Annotating cell sky130_fd_sc_hd__a32oi_4
Cell sky130_fd_sc_hd__a32oi_4 port order was modified.
Cell sky130_fd_sc_hd__a41o_1 in netlist has not been loaded.
Cell sky130_fd_sc_hd__a41o_2 in netlist has not been loaded.
Cell sky130_fd_sc_hd__a41o_4 in netlist has not been loaded.
Cell sky130_fd_sc_hd__a41oi_1 in netlist has not been loaded.
Cell sky130_fd_sc_hd__a41oi_2 in netlist has not been loaded.
Cell sky130_fd_sc_hd__a41oi_4 in netlist has not been loaded.
Annotating cell sky130_fd_sc_hd__a211o_1
Cell sky130_fd_sc_hd__a211o_1 port order was modified.
Cell sky130_fd_sc_hd__a211o_2 in netlist has not been loaded.
Cell sky130_fd_sc_hd__a211o_4 in netlist has not been loaded.
Annotating cell sky130_fd_sc_hd__a211oi_1
Cell sky130_fd_sc_hd__a211oi_1 port order was modified.
Cell sky130_fd_sc_hd__a211oi_2 in netlist has not been loaded.
Annotating cell sky130_fd_sc_hd__a211oi_4
Cell sky130_fd_sc_hd__a211oi_4 port order was modified.
Annotating cell sky130_fd_sc_hd__a221o_1
Cell sky130_fd_sc_hd__a221o_1 port order was modified.
Cell sky130_fd_sc_hd__a221o_2 in netlist has not been loaded.
Annotating cell sky130_fd_sc_hd__a221o_4
Cell sky130_fd_sc_hd__a221o_4 port order was modified.
Annotating cell sky130_fd_sc_hd__a221oi_1
Cell sky130_fd_sc_hd__a221oi_1 port order was modified.
Annotating cell sky130_fd_sc_hd__a221oi_2
Cell sky130_fd_sc_hd__a221oi_2 port order was modified.
Annotating cell sky130_fd_sc_hd__a221oi_4
Cell sky130_fd_sc_hd__a221oi_4 port order was modified.
Annotating cell sky130_fd_sc_hd__a222oi_1
Cell sky130_fd_sc_hd__a222oi_1 port order was modified.
Cell sky130_fd_sc_hd__a311o_1 in netlist has not been loaded.
Cell sky130_fd_sc_hd__a311o_2 in netlist has not been loaded.
Cell sky130_fd_sc_hd__a311o_4 in netlist has not been loaded.
Annotating cell sky130_fd_sc_hd__a311oi_1
Cell sky130_fd_sc_hd__a311oi_1 port order was modified.
Annotating cell sky130_fd_sc_hd__a311oi_2
Cell sky130_fd_sc_hd__a311oi_2 port order was modified.
Cell sky130_fd_sc_hd__a311oi_4 in netlist has not been loaded.
Cell sky130_fd_sc_hd__a2111o_1 in netlist has not been loaded.
Cell sky130_fd_sc_hd__a2111o_2 in netlist has not been loaded.
Cell sky130_fd_sc_hd__a2111o_4 in netlist has not been loaded.
Cell sky130_fd_sc_hd__a2111oi_0 in netlist has not been loaded.
Cell sky130_fd_sc_hd__a2111oi_1 in netlist has not been loaded.
Cell sky130_fd_sc_hd__a2111oi_2 in netlist has not been loaded.
Cell sky130_fd_sc_hd__a2111oi_4 in netlist has not been loaded.
Cell sky130_fd_sc_hd__and2_0 in netlist has not been loaded.
Annotating cell sky130_fd_sc_hd__and2_1
Cell sky130_fd_sc_hd__and2_1 port order was modified.
Cell sky130_fd_sc_hd__and2_2 in netlist has not been loaded.
Annotating cell sky130_fd_sc_hd__and2_4
Cell sky130_fd_sc_hd__and2_4 port order was modified.
Cell sky130_fd_sc_hd__and2b_1 in netlist has not been loaded.
Cell sky130_fd_sc_hd__and2b_2 in netlist has not been loaded.
Cell sky130_fd_sc_hd__and2b_4 in netlist has not been loaded.
Annotating cell sky130_fd_sc_hd__and3_1
Cell sky130_fd_sc_hd__and3_1 port order was modified.
Annotating cell sky130_fd_sc_hd__and3_2
Cell sky130_fd_sc_hd__and3_2 port order was modified.
Cell sky130_fd_sc_hd__and3_4 in netlist has not been loaded.
Annotating cell sky130_fd_sc_hd__and3b_1
Cell sky130_fd_sc_hd__and3b_1 port order was modified.
Cell sky130_fd_sc_hd__and3b_2 in netlist has not been loaded.
Cell sky130_fd_sc_hd__and3b_4 in netlist has not been loaded.
Annotating cell sky130_fd_sc_hd__and4_1
Cell sky130_fd_sc_hd__and4_1 port order was modified.
Annotating cell sky130_fd_sc_hd__and4_2
Cell sky130_fd_sc_hd__and4_2 port order was modified.
Cell sky130_fd_sc_hd__and4_4 in netlist has not been loaded.
Cell sky130_fd_sc_hd__and4b_1 in netlist has not been loaded.
Cell sky130_fd_sc_hd__and4b_2 in netlist has not been loaded.
Cell sky130_fd_sc_hd__and4b_4 in netlist has not been loaded.
Cell sky130_fd_sc_hd__and4bb_1 in netlist has not been loaded.
Cell sky130_fd_sc_hd__and4bb_2 in netlist has not been loaded.
Cell sky130_fd_sc_hd__and4bb_4 in netlist has not been loaded.
Cell sky130_fd_sc_hd__buf_1 in netlist has not been loaded.
Annotating cell sky130_fd_sc_hd__buf_2
Cell sky130_fd_sc_hd__buf_2 port order was modified.
Annotating cell sky130_fd_sc_hd__buf_4
Cell sky130_fd_sc_hd__buf_4 port order was modified.
Annotating cell sky130_fd_sc_hd__buf_6
Cell sky130_fd_sc_hd__buf_6 port order was modified.
Annotating cell sky130_fd_sc_hd__buf_8
Cell sky130_fd_sc_hd__buf_8 port order was modified.
Annotating cell sky130_fd_sc_hd__buf_12
Cell sky130_fd_sc_hd__buf_12 port order was modified.
Cell sky130_fd_sc_hd__buf_16 in netlist has not been loaded.
Cell sky130_fd_sc_hd__bufbuf_8 in netlist has not been loaded.
Cell sky130_fd_sc_hd__bufbuf_16 in netlist has not been loaded.
Cell sky130_fd_sc_hd__bufinv_8 in netlist has not been loaded.
Annotating cell sky130_fd_sc_hd__bufinv_16
Cell sky130_fd_sc_hd__bufinv_16 port order was modified.
Annotating cell sky130_fd_sc_hd__clkbuf_1
Cell sky130_fd_sc_hd__clkbuf_1 port order was modified.
Annotating cell sky130_fd_sc_hd__clkbuf_2
Cell sky130_fd_sc_hd__clkbuf_2 port order was modified.
Annotating cell sky130_fd_sc_hd__clkbuf_4
Cell sky130_fd_sc_hd__clkbuf_4 port order was modified.
Annotating cell sky130_fd_sc_hd__clkbuf_8
Cell sky130_fd_sc_hd__clkbuf_8 port order was modified.
Annotating cell sky130_fd_sc_hd__clkbuf_16
Cell sky130_fd_sc_hd__clkbuf_16 port order was modified.
Cell sky130_fd_sc_hd__clkdlybuf4s15_1 in netlist has not been loaded.
Cell sky130_fd_sc_hd__clkdlybuf4s15_2 in netlist has not been loaded.
Cell sky130_fd_sc_hd__clkdlybuf4s18_1 in netlist has not been loaded.
Cell sky130_fd_sc_hd__clkdlybuf4s18_2 in netlist has not been loaded.
Cell sky130_fd_sc_hd__clkdlybuf4s25_1 in netlist has not been loaded.
Cell sky130_fd_sc_hd__clkdlybuf4s25_2 in netlist has not been loaded.
Cell sky130_fd_sc_hd__clkdlybuf4s50_1 in netlist has not been loaded.
Cell sky130_fd_sc_hd__clkdlybuf4s50_2 in netlist has not been loaded.
Annotating cell sky130_fd_sc_hd__clkinv_1
Cell sky130_fd_sc_hd__clkinv_1 port order was modified.
Annotating cell sky130_fd_sc_hd__clkinv_2
Cell sky130_fd_sc_hd__clkinv_2 port order was modified.
Cell sky130_fd_sc_hd__clkinv_4 in netlist has not been loaded.
Cell sky130_fd_sc_hd__clkinv_8 in netlist has not been loaded.
Cell sky130_fd_sc_hd__clkinv_16 in netlist has not been loaded.
Cell sky130_fd_sc_hd__clkinvlp_2 in netlist has not been loaded.
Cell sky130_fd_sc_hd__clkinvlp_4 in netlist has not been loaded.
Annotating cell sky130_fd_sc_hd__conb_1
Cell sky130_fd_sc_hd__conb_1 port order was modified.
Annotating cell sky130_fd_sc_hd__decap_3
Cell sky130_fd_sc_hd__decap_3 port order was modified.
Annotating cell sky130_fd_sc_hd__decap_4
Cell sky130_fd_sc_hd__decap_4 port order was modified.
Annotating cell sky130_fd_sc_hd__decap_6
Cell sky130_fd_sc_hd__decap_6 port order was modified.
Annotating cell sky130_fd_sc_hd__decap_8
Cell sky130_fd_sc_hd__decap_8 port order was modified.
Annotating cell sky130_fd_sc_hd__decap_12
Cell sky130_fd_sc_hd__decap_12 port order was modified.
Cell sky130_fd_sc_hd__dfbbn_1 in netlist has not been loaded.
Cell sky130_fd_sc_hd__dfbbn_2 in netlist has not been loaded.
Cell sky130_fd_sc_hd__dfbbp_1 in netlist has not been loaded.
Cell sky130_fd_sc_hd__dfrbp_1 in netlist has not been loaded.
Cell sky130_fd_sc_hd__dfrbp_2 in netlist has not been loaded.
Cell sky130_fd_sc_hd__dfrtn_1 in netlist has not been loaded.
Annotating cell sky130_fd_sc_hd__dfrtp_1
Cell sky130_fd_sc_hd__dfrtp_1 port order was modified.
Cell sky130_fd_sc_hd__dfrtp_2 in netlist has not been loaded.
Annotating cell sky130_fd_sc_hd__dfrtp_4
Cell sky130_fd_sc_hd__dfrtp_4 port order was modified.
Cell sky130_fd_sc_hd__dfsbp_1 in netlist has not been loaded.
Cell sky130_fd_sc_hd__dfsbp_2 in netlist has not been loaded.
Cell sky130_fd_sc_hd__dfstp_1 in netlist has not been loaded.
Cell sky130_fd_sc_hd__dfstp_2 in netlist has not been loaded.
Cell sky130_fd_sc_hd__dfstp_4 in netlist has not been loaded.
Cell sky130_fd_sc_hd__dfxbp_1 in netlist has not been loaded.
Cell sky130_fd_sc_hd__dfxbp_2 in netlist has not been loaded.
Annotating cell sky130_fd_sc_hd__dfxtp_1
Cell sky130_fd_sc_hd__dfxtp_1 port order was modified.
Annotating cell sky130_fd_sc_hd__dfxtp_2
Cell sky130_fd_sc_hd__dfxtp_2 port order was modified.
Annotating cell sky130_fd_sc_hd__dfxtp_4
Cell sky130_fd_sc_hd__dfxtp_4 port order was modified.
Annotating cell sky130_fd_sc_hd__diode_2
Cell sky130_fd_sc_hd__diode_2 port order was modified.
Cell sky130_fd_sc_hd__dlclkp_1 in netlist has not been loaded.
Cell sky130_fd_sc_hd__dlclkp_2 in netlist has not been loaded.
Cell sky130_fd_sc_hd__dlclkp_4 in netlist has not been loaded.
Cell sky130_fd_sc_hd__dlrbn_1 in netlist has not been loaded.
Cell sky130_fd_sc_hd__dlrbn_2 in netlist has not been loaded.
Cell sky130_fd_sc_hd__dlrbp_1 in netlist has not been loaded.
Cell sky130_fd_sc_hd__dlrbp_2 in netlist has not been loaded.
Cell sky130_fd_sc_hd__dlrtn_1 in netlist has not been loaded.
Cell sky130_fd_sc_hd__dlrtn_2 in netlist has not been loaded.
Cell sky130_fd_sc_hd__dlrtn_4 in netlist has not been loaded.
Cell sky130_fd_sc_hd__dlrtp_1 in netlist has not been loaded.
Cell sky130_fd_sc_hd__dlrtp_2 in netlist has not been loaded.
Cell sky130_fd_sc_hd__dlrtp_4 in netlist has not been loaded.
Cell sky130_fd_sc_hd__dlxbn_1 in netlist has not been loaded.
Cell sky130_fd_sc_hd__dlxbn_2 in netlist has not been loaded.
Cell sky130_fd_sc_hd__dlxbp_1 in netlist has not been loaded.
Cell sky130_fd_sc_hd__dlxtn_1 in netlist has not been loaded.
Cell sky130_fd_sc_hd__dlxtn_2 in netlist has not been loaded.
Cell sky130_fd_sc_hd__dlxtn_4 in netlist has not been loaded.
Cell sky130_fd_sc_hd__dlxtp_1 in netlist has not been loaded.
Cell sky130_fd_sc_hd__dlygate4sd1_1 in netlist has not been loaded.
Cell sky130_fd_sc_hd__dlygate4sd2_1 in netlist has not been loaded.
Cell sky130_fd_sc_hd__dlygate4sd3_1 in netlist has not been loaded.
Cell sky130_fd_sc_hd__dlymetal6s2s_1 in netlist has not been loaded.
Cell sky130_fd_sc_hd__dlymetal6s4s_1 in netlist has not been loaded.
Cell sky130_fd_sc_hd__dlymetal6s6s_1 in netlist has not been loaded.
Cell sky130_fd_sc_hd__ebufn_1 in netlist has not been loaded.
Cell sky130_fd_sc_hd__ebufn_2 in netlist has not been loaded.
Cell sky130_fd_sc_hd__ebufn_4 in netlist has not been loaded.
Cell sky130_fd_sc_hd__ebufn_8 in netlist has not been loaded.
Cell sky130_fd_sc_hd__edfxbp_1 in netlist has not been loaded.
Annotating cell sky130_fd_sc_hd__edfxtp_1
Cell sky130_fd_sc_hd__edfxtp_1 port order was modified.
Cell sky130_fd_sc_hd__einvn_0 in netlist has not been loaded.
Cell sky130_fd_sc_hd__einvn_1 in netlist has not been loaded.
Cell sky130_fd_sc_hd__einvn_2 in netlist has not been loaded.
Cell sky130_fd_sc_hd__einvn_4 in netlist has not been loaded.
Cell sky130_fd_sc_hd__einvn_8 in netlist has not been loaded.
Cell sky130_fd_sc_hd__einvp_1 in netlist has not been loaded.
Cell sky130_fd_sc_hd__einvp_2 in netlist has not been loaded.
Cell sky130_fd_sc_hd__einvp_4 in netlist has not been loaded.
Cell sky130_fd_sc_hd__einvp_8 in netlist has not been loaded.
Cell sky130_fd_sc_hd__fa_1 in netlist has not been loaded.
Cell sky130_fd_sc_hd__fa_2 in netlist has not been loaded.
Cell sky130_fd_sc_hd__fa_4 in netlist has not been loaded.
Cell sky130_fd_sc_hd__fah_1 in netlist has not been loaded.
Cell sky130_fd_sc_hd__fahcin_1 in netlist has not been loaded.
Cell sky130_fd_sc_hd__fahcon_1 in netlist has not been loaded.
Annotating cell sky130_fd_sc_hd__fill_1
Cell sky130_fd_sc_hd__fill_1 port order was modified.
Annotating cell sky130_fd_sc_hd__fill_2
Cell sky130_fd_sc_hd__fill_2 port order was modified.
Cell sky130_fd_sc_hd__fill_4 in netlist has not been loaded.
Cell sky130_fd_sc_hd__fill_8 in netlist has not been loaded.
Cell sky130_fd_sc_hd__ha_1 in netlist has not been loaded.
Cell sky130_fd_sc_hd__ha_2 in netlist has not been loaded.
Cell sky130_fd_sc_hd__ha_4 in netlist has not been loaded.
Annotating cell sky130_fd_sc_hd__inv_1
Cell sky130_fd_sc_hd__inv_1 port order was modified.
Annotating cell sky130_fd_sc_hd__inv_2
Cell sky130_fd_sc_hd__inv_2 port order was modified.
Annotating cell sky130_fd_sc_hd__inv_4
Cell sky130_fd_sc_hd__inv_4 port order was modified.
Annotating cell sky130_fd_sc_hd__inv_6
Cell sky130_fd_sc_hd__inv_6 port order was modified.
Cell sky130_fd_sc_hd__inv_8 in netlist has not been loaded.
Cell sky130_fd_sc_hd__inv_12 in netlist has not been loaded.
Cell sky130_fd_sc_hd__inv_16 in netlist has not been loaded.
Cell sky130_fd_sc_hd__lpflow_bleeder_1 in netlist has not been loaded.
Cell sky130_fd_sc_hd__lpflow_clkbufkapwr_1 in netlist has not been loaded.
Cell sky130_fd_sc_hd__lpflow_clkbufkapwr_2 in netlist has not been loaded.
Cell sky130_fd_sc_hd__lpflow_clkbufkapwr_4 in netlist has not been loaded.
Cell sky130_fd_sc_hd__lpflow_clkbufkapwr_8 in netlist has not been loaded.
Cell sky130_fd_sc_hd__lpflow_clkbufkapwr_16 in netlist has not been loaded.
Cell sky130_fd_sc_hd__lpflow_clkinvkapwr_1 in netlist has not been loaded.
Cell sky130_fd_sc_hd__lpflow_clkinvkapwr_2 in netlist has not been loaded.
Cell sky130_fd_sc_hd__lpflow_clkinvkapwr_4 in netlist has not been loaded.
Cell sky130_fd_sc_hd__lpflow_clkinvkapwr_8 in netlist has not been loaded.
Cell sky130_fd_sc_hd__lpflow_clkinvkapwr_16 in netlist has not been loaded.
Cell sky130_fd_sc_hd__lpflow_decapkapwr_3 in netlist has not been loaded.
Cell sky130_fd_sc_hd__lpflow_decapkapwr_4 in netlist has not been loaded.
Cell sky130_fd_sc_hd__lpflow_decapkapwr_6 in netlist has not been loaded.
Cell sky130_fd_sc_hd__lpflow_decapkapwr_8 in netlist has not been loaded.
Cell sky130_fd_sc_hd__lpflow_decapkapwr_12 in netlist has not been loaded.
Cell sky130_fd_sc_hd__lpflow_inputiso0n_1 in netlist has not been loaded.
Cell sky130_fd_sc_hd__lpflow_inputiso0p_1 in netlist has not been loaded.
Cell sky130_fd_sc_hd__lpflow_inputiso1n_1 in netlist has not been loaded.
Cell sky130_fd_sc_hd__lpflow_inputiso1p_1 in netlist has not been loaded.
Cell sky130_fd_sc_hd__lpflow_inputisolatch_1 in netlist has not been loaded.
Cell sky130_fd_sc_hd__lpflow_isobufsrc_1 in netlist has not been loaded.
Cell sky130_fd_sc_hd__lpflow_isobufsrc_2 in netlist has not been loaded.
Cell sky130_fd_sc_hd__lpflow_isobufsrc_4 in netlist has not been loaded.
Cell sky130_fd_sc_hd__lpflow_isobufsrc_8 in netlist has not been loaded.
Cell sky130_fd_sc_hd__lpflow_isobufsrc_16 in netlist has not been loaded.
Cell sky130_fd_sc_hd__lpflow_isobufsrckapwr_16 in netlist has not been loaded.
Cell sky130_fd_sc_hd__lpflow_lsbuf_lh_hl_isowell_tap_1 in netlist has not been loaded.
Cell sky130_fd_sc_hd__lpflow_lsbuf_lh_hl_isowell_tap_2 in netlist has not been loaded.
Cell sky130_fd_sc_hd__lpflow_lsbuf_lh_hl_isowell_tap_4 in netlist has not been loaded.
Cell sky130_fd_sc_hd__lpflow_lsbuf_lh_isowell_4 in netlist has not been loaded.
Cell sky130_fd_sc_hd__lpflow_lsbuf_lh_isowell_tap_1 in netlist has not been loaded.
Cell sky130_fd_sc_hd__lpflow_lsbuf_lh_isowell_tap_2 in netlist has not been loaded.
Cell sky130_fd_sc_hd__lpflow_lsbuf_lh_isowell_tap_4 in netlist has not been loaded.
Cell sky130_fd_sc_hd__macro_sparecell in netlist has not been loaded.
Annotating cell sky130_fd_sc_hd__maj3_1
Cell sky130_fd_sc_hd__maj3_1 port order was modified.
Cell sky130_fd_sc_hd__maj3_2 in netlist has not been loaded.
Cell sky130_fd_sc_hd__maj3_4 in netlist has not been loaded.
Annotating cell sky130_fd_sc_hd__mux2_1
Cell sky130_fd_sc_hd__mux2_1 port order was modified.
Annotating cell sky130_fd_sc_hd__mux2_2
Cell sky130_fd_sc_hd__mux2_2 port order was modified.
Annotating cell sky130_fd_sc_hd__mux2_4
Cell sky130_fd_sc_hd__mux2_4 port order was modified.
Cell sky130_fd_sc_hd__mux2_8 in netlist has not been loaded.
Annotating cell sky130_fd_sc_hd__mux2i_1
Cell sky130_fd_sc_hd__mux2i_1 port order was modified.
Annotating cell sky130_fd_sc_hd__mux2i_2
Cell sky130_fd_sc_hd__mux2i_2 port order was modified.
Annotating cell sky130_fd_sc_hd__mux2i_4
Cell sky130_fd_sc_hd__mux2i_4 port order was modified.
Cell sky130_fd_sc_hd__mux4_1 in netlist has not been loaded.
Annotating cell sky130_fd_sc_hd__mux4_2
Cell sky130_fd_sc_hd__mux4_2 port order was modified.
Cell sky130_fd_sc_hd__mux4_4 in netlist has not been loaded.
Annotating cell sky130_fd_sc_hd__nand2_1
Cell sky130_fd_sc_hd__nand2_1 port order was modified.
Cell sky130_fd_sc_hd__nand2_2 in netlist has not been loaded.
Annotating cell sky130_fd_sc_hd__nand2_4
Cell sky130_fd_sc_hd__nand2_4 port order was modified.
Cell sky130_fd_sc_hd__nand2_8 in netlist has not been loaded.
Annotating cell sky130_fd_sc_hd__nand2b_1
Cell sky130_fd_sc_hd__nand2b_1 port order was modified.
Cell sky130_fd_sc_hd__nand2b_2 in netlist has not been loaded.
Cell sky130_fd_sc_hd__nand2b_4 in netlist has not been loaded.
Annotating cell sky130_fd_sc_hd__nand3_1
Cell sky130_fd_sc_hd__nand3_1 port order was modified.
Annotating cell sky130_fd_sc_hd__nand3_2
Cell sky130_fd_sc_hd__nand3_2 port order was modified.
Annotating cell sky130_fd_sc_hd__nand3_4
Cell sky130_fd_sc_hd__nand3_4 port order was modified.
Annotating cell sky130_fd_sc_hd__nand3b_1
Cell sky130_fd_sc_hd__nand3b_1 port order was modified.
Cell sky130_fd_sc_hd__nand3b_2 in netlist has not been loaded.
Cell sky130_fd_sc_hd__nand3b_4 in netlist has not been loaded.
Annotating cell sky130_fd_sc_hd__nand4_1
Cell sky130_fd_sc_hd__nand4_1 port order was modified.
Cell sky130_fd_sc_hd__nand4_2 in netlist has not been loaded.
Cell sky130_fd_sc_hd__nand4_4 in netlist has not been loaded.
Cell sky130_fd_sc_hd__nand4b_1 in netlist has not been loaded.
Cell sky130_fd_sc_hd__nand4b_2 in netlist has not been loaded.
Cell sky130_fd_sc_hd__nand4b_4 in netlist has not been loaded.
Cell sky130_fd_sc_hd__nand4bb_1 in netlist has not been loaded.
Cell sky130_fd_sc_hd__nand4bb_2 in netlist has not been loaded.
Cell sky130_fd_sc_hd__nand4bb_4 in netlist has not been loaded.
Cell sky130_fd_sc_hd__nor2_1 in netlist has not been loaded.
Cell sky130_fd_sc_hd__nor2_2 in netlist has not been loaded.
Annotating cell sky130_fd_sc_hd__nor2_4
Cell sky130_fd_sc_hd__nor2_4 port order was modified.
Cell sky130_fd_sc_hd__nor2_8 in netlist has not been loaded.
Annotating cell sky130_fd_sc_hd__nor2b_1
Cell sky130_fd_sc_hd__nor2b_1 port order was modified.
Cell sky130_fd_sc_hd__nor2b_2 in netlist has not been loaded.
Annotating cell sky130_fd_sc_hd__nor2b_4
Cell sky130_fd_sc_hd__nor2b_4 port order was modified.
Annotating cell sky130_fd_sc_hd__nor3_1
Cell sky130_fd_sc_hd__nor3_1 port order was modified.
Annotating cell sky130_fd_sc_hd__nor3_2
Cell sky130_fd_sc_hd__nor3_2 port order was modified.
Cell sky130_fd_sc_hd__nor3_4 in netlist has not been loaded.
Annotating cell sky130_fd_sc_hd__nor3b_1
Cell sky130_fd_sc_hd__nor3b_1 port order was modified.
Annotating cell sky130_fd_sc_hd__nor3b_2
Cell sky130_fd_sc_hd__nor3b_2 port order was modified.
Cell sky130_fd_sc_hd__nor3b_4 in netlist has not been loaded.
Annotating cell sky130_fd_sc_hd__nor4_1
Cell sky130_fd_sc_hd__nor4_1 port order was modified.
Annotating cell sky130_fd_sc_hd__nor4_2
Cell sky130_fd_sc_hd__nor4_2 port order was modified.
Cell sky130_fd_sc_hd__nor4_4 in netlist has not been loaded.
Cell sky130_fd_sc_hd__nor4b_1 in netlist has not been loaded.
Annotating cell sky130_fd_sc_hd__nor4b_2
Cell sky130_fd_sc_hd__nor4b_2 port order was modified.
Cell sky130_fd_sc_hd__nor4b_4 in netlist has not been loaded.
Annotating cell sky130_fd_sc_hd__nor4bb_1
Cell sky130_fd_sc_hd__nor4bb_1 port order was modified.
Cell sky130_fd_sc_hd__nor4bb_2 in netlist has not been loaded.
Cell sky130_fd_sc_hd__nor4bb_4 in netlist has not been loaded.
Cell sky130_fd_sc_hd__o2bb2a_1 in netlist has not been loaded.
Cell sky130_fd_sc_hd__o2bb2a_2 in netlist has not been loaded.
Cell sky130_fd_sc_hd__o2bb2a_4 in netlist has not been loaded.
Annotating cell sky130_fd_sc_hd__o2bb2ai_1
Cell sky130_fd_sc_hd__o2bb2ai_1 port order was modified.
Cell sky130_fd_sc_hd__o2bb2ai_2 in netlist has not been loaded.
Cell sky130_fd_sc_hd__o2bb2ai_4 in netlist has not been loaded.
Annotating cell sky130_fd_sc_hd__o21a_1
Cell sky130_fd_sc_hd__o21a_1 port order was modified.
Cell sky130_fd_sc_hd__o21a_2 in netlist has not been loaded.
Cell sky130_fd_sc_hd__o21a_4 in netlist has not been loaded.
Cell sky130_fd_sc_hd__o21ai_0 in netlist has not been loaded.
Annotating cell sky130_fd_sc_hd__o21ai_1
Cell sky130_fd_sc_hd__o21ai_1 port order was modified.
Annotating cell sky130_fd_sc_hd__o21ai_2
Cell sky130_fd_sc_hd__o21ai_2 port order was modified.
Annotating cell sky130_fd_sc_hd__o21ai_4
Cell sky130_fd_sc_hd__o21ai_4 port order was modified.
Cell sky130_fd_sc_hd__o21ba_1 in netlist has not been loaded.
Cell sky130_fd_sc_hd__o21ba_2 in netlist has not been loaded.
Cell sky130_fd_sc_hd__o21ba_4 in netlist has not been loaded.
Annotating cell sky130_fd_sc_hd__o21bai_1
Cell sky130_fd_sc_hd__o21bai_1 port order was modified.
Annotating cell sky130_fd_sc_hd__o21bai_2
Cell sky130_fd_sc_hd__o21bai_2 port order was modified.
Annotating cell sky130_fd_sc_hd__o21bai_4
Cell sky130_fd_sc_hd__o21bai_4 port order was modified.
Cell sky130_fd_sc_hd__o22a_1 in netlist has not been loaded.
Cell sky130_fd_sc_hd__o22a_2 in netlist has not been loaded.
Cell sky130_fd_sc_hd__o22a_4 in netlist has not been loaded.
Annotating cell sky130_fd_sc_hd__o22ai_1
Cell sky130_fd_sc_hd__o22ai_1 port order was modified.
Cell sky130_fd_sc_hd__o22ai_2 in netlist has not been loaded.
Cell sky130_fd_sc_hd__o22ai_4 in netlist has not been loaded.
Annotating cell sky130_fd_sc_hd__o31a_1
Cell sky130_fd_sc_hd__o31a_1 port order was modified.
Cell sky130_fd_sc_hd__o31a_2 in netlist has not been loaded.
Cell sky130_fd_sc_hd__o31a_4 in netlist has not been loaded.
Cell sky130_fd_sc_hd__o31ai_1 in netlist has not been loaded.
Cell sky130_fd_sc_hd__o31ai_2 in netlist has not been loaded.
Cell sky130_fd_sc_hd__o31ai_4 in netlist has not been loaded.
Cell sky130_fd_sc_hd__o32a_1 in netlist has not been loaded.
Cell sky130_fd_sc_hd__o32a_2 in netlist has not been loaded.
Cell sky130_fd_sc_hd__o32a_4 in netlist has not been loaded.
Annotating cell sky130_fd_sc_hd__o32ai_1
Cell sky130_fd_sc_hd__o32ai_1 port order was modified.
Cell sky130_fd_sc_hd__o32ai_2 in netlist has not been loaded.
Cell sky130_fd_sc_hd__o32ai_4 in netlist has not been loaded.
Cell sky130_fd_sc_hd__o41a_1 in netlist has not been loaded.
Cell sky130_fd_sc_hd__o41a_2 in netlist has not been loaded.
Cell sky130_fd_sc_hd__o41a_4 in netlist has not been loaded.
Annotating cell sky130_fd_sc_hd__o41ai_1
Cell sky130_fd_sc_hd__o41ai_1 port order was modified.
Cell sky130_fd_sc_hd__o41ai_2 in netlist has not been loaded.
Cell sky130_fd_sc_hd__o41ai_4 in netlist has not been loaded.
Annotating cell sky130_fd_sc_hd__o211a_1
Cell sky130_fd_sc_hd__o211a_1 port order was modified.
Cell sky130_fd_sc_hd__o211a_2 in netlist has not been loaded.
Cell sky130_fd_sc_hd__o211a_4 in netlist has not been loaded.
Annotating cell sky130_fd_sc_hd__o211ai_1
Cell sky130_fd_sc_hd__o211ai_1 port order was modified.
Cell sky130_fd_sc_hd__o211ai_2 in netlist has not been loaded.
Cell sky130_fd_sc_hd__o211ai_4 in netlist has not been loaded.
Cell sky130_fd_sc_hd__o221a_1 in netlist has not been loaded.
Cell sky130_fd_sc_hd__o221a_2 in netlist has not been loaded.
Cell sky130_fd_sc_hd__o221a_4 in netlist has not been loaded.
Annotating cell sky130_fd_sc_hd__o221ai_1
Cell sky130_fd_sc_hd__o221ai_1 port order was modified.
Cell sky130_fd_sc_hd__o221ai_2 in netlist has not been loaded.
Annotating cell sky130_fd_sc_hd__o221ai_4
Cell sky130_fd_sc_hd__o221ai_4 port order was modified.
Cell sky130_fd_sc_hd__o311a_1 in netlist has not been loaded.
Cell sky130_fd_sc_hd__o311a_2 in netlist has not been loaded.
Cell sky130_fd_sc_hd__o311a_4 in netlist has not been loaded.
Cell sky130_fd_sc_hd__o311ai_0 in netlist has not been loaded.
Cell sky130_fd_sc_hd__o311ai_1 in netlist has not been loaded.
Cell sky130_fd_sc_hd__o311ai_2 in netlist has not been loaded.
Cell sky130_fd_sc_hd__o311ai_4 in netlist has not been loaded.
Annotating cell sky130_fd_sc_hd__o2111a_1
Cell sky130_fd_sc_hd__o2111a_1 port order was modified.
Cell sky130_fd_sc_hd__o2111a_2 in netlist has not been loaded.
Cell sky130_fd_sc_hd__o2111a_4 in netlist has not been loaded.
Annotating cell sky130_fd_sc_hd__o2111ai_1
Cell sky130_fd_sc_hd__o2111ai_1 port order was modified.
Cell sky130_fd_sc_hd__o2111ai_2 in netlist has not been loaded.
Cell sky130_fd_sc_hd__o2111ai_4 in netlist has not been loaded.
Cell sky130_fd_sc_hd__or2_0 in netlist has not been loaded.
Annotating cell sky130_fd_sc_hd__or2_1
Cell sky130_fd_sc_hd__or2_1 port order was modified.
Cell sky130_fd_sc_hd__or2_2 in netlist has not been loaded.
Cell sky130_fd_sc_hd__or2_4 in netlist has not been loaded.
Cell sky130_fd_sc_hd__or2b_1 in netlist has not been loaded.
Cell sky130_fd_sc_hd__or2b_2 in netlist has not been loaded.
Cell sky130_fd_sc_hd__or2b_4 in netlist has not been loaded.
Annotating cell sky130_fd_sc_hd__or3_1
Cell sky130_fd_sc_hd__or3_1 port order was modified.
Cell sky130_fd_sc_hd__or3_2 in netlist has not been loaded.
Cell sky130_fd_sc_hd__or3_4 in netlist has not been loaded.
Cell sky130_fd_sc_hd__or3b_1 in netlist has not been loaded.
Cell sky130_fd_sc_hd__or3b_2 in netlist has not been loaded.
Cell sky130_fd_sc_hd__or3b_4 in netlist has not been loaded.
Cell sky130_fd_sc_hd__or4_1 in netlist has not been loaded.
Cell sky130_fd_sc_hd__or4_2 in netlist has not been loaded.
Cell sky130_fd_sc_hd__or4_4 in netlist has not been loaded.
Cell sky130_fd_sc_hd__or4b_1 in netlist has not been loaded.
Cell sky130_fd_sc_hd__or4b_2 in netlist has not been loaded.
Cell sky130_fd_sc_hd__or4b_4 in netlist has not been loaded.
Cell sky130_fd_sc_hd__or4bb_1 in netlist has not been loaded.
Cell sky130_fd_sc_hd__or4bb_2 in netlist has not been loaded.
Cell sky130_fd_sc_hd__or4bb_4 in netlist has not been loaded.
Cell sky130_fd_sc_hd__probe_p_8 in netlist has not been loaded.
Cell sky130_fd_sc_hd__probec_p_8 in netlist has not been loaded.
Cell sky130_fd_sc_hd__sdfbbn_1 in netlist has not been loaded.
Cell sky130_fd_sc_hd__sdfbbn_2 in netlist has not been loaded.
Cell sky130_fd_sc_hd__sdfbbp_1 in netlist has not been loaded.
Cell sky130_fd_sc_hd__sdfrbp_1 in netlist has not been loaded.
Cell sky130_fd_sc_hd__sdfrbp_2 in netlist has not been loaded.
Cell sky130_fd_sc_hd__sdfrtn_1 in netlist has not been loaded.
Cell sky130_fd_sc_hd__sdfrtp_1 in netlist has not been loaded.
Cell sky130_fd_sc_hd__sdfrtp_2 in netlist has not been loaded.
Cell sky130_fd_sc_hd__sdfrtp_4 in netlist has not been loaded.
Cell sky130_fd_sc_hd__sdfsbp_1 in netlist has not been loaded.
Cell sky130_fd_sc_hd__sdfsbp_2 in netlist has not been loaded.
Cell sky130_fd_sc_hd__sdfstp_1 in netlist has not been loaded.
Cell sky130_fd_sc_hd__sdfstp_2 in netlist has not been loaded.
Cell sky130_fd_sc_hd__sdfstp_4 in netlist has not been loaded.
Cell sky130_fd_sc_hd__sdfxbp_1 in netlist has not been loaded.
Cell sky130_fd_sc_hd__sdfxbp_2 in netlist has not been loaded.
Cell sky130_fd_sc_hd__sdfxtp_1 in netlist has not been loaded.
Cell sky130_fd_sc_hd__sdfxtp_2 in netlist has not been loaded.
Cell sky130_fd_sc_hd__sdfxtp_4 in netlist has not been loaded.
Cell sky130_fd_sc_hd__sdlclkp_1 in netlist has not been loaded.
Cell sky130_fd_sc_hd__sdlclkp_2 in netlist has not been loaded.
Cell sky130_fd_sc_hd__sdlclkp_4 in netlist has not been loaded.
Cell sky130_fd_sc_hd__sedfxbp_1 in netlist has not been loaded.
Cell sky130_fd_sc_hd__sedfxbp_2 in netlist has not been loaded.
Cell sky130_fd_sc_hd__sedfxtp_1 in netlist has not been loaded.
Cell sky130_fd_sc_hd__sedfxtp_2 in netlist has not been loaded.
Cell sky130_fd_sc_hd__sedfxtp_4 in netlist has not been loaded.
Cell sky130_fd_sc_hd__tap_1 in netlist has not been loaded.
Cell sky130_fd_sc_hd__tap_2 in netlist has not been loaded.
Cell sky130_fd_sc_hd__tapvgnd2_1 in netlist has not been loaded.
Cell sky130_fd_sc_hd__tapvgnd_1 in netlist has not been loaded.
Annotating cell sky130_fd_sc_hd__tapvpwrvgnd_1
Cell sky130_fd_sc_hd__tapvpwrvgnd_1 port order was modified.
Annotating cell sky130_fd_sc_hd__xnor2_1
Cell sky130_fd_sc_hd__xnor2_1 port order was modified.
Annotating cell sky130_fd_sc_hd__xnor2_2
Cell sky130_fd_sc_hd__xnor2_2 port order was modified.
Cell sky130_fd_sc_hd__xnor2_4 in netlist has not been loaded.
Annotating cell sky130_fd_sc_hd__xnor3_1
Cell sky130_fd_sc_hd__xnor3_1 port order was modified.
Cell sky130_fd_sc_hd__xnor3_2 in netlist has not been loaded.
Cell sky130_fd_sc_hd__xnor3_4 in netlist has not been loaded.
Annotating cell sky130_fd_sc_hd__xor2_1
Cell sky130_fd_sc_hd__xor2_1 port order was modified.
Annotating cell sky130_fd_sc_hd__xor2_2
Cell sky130_fd_sc_hd__xor2_2 port order was modified.
Cell sky130_fd_sc_hd__xor2_4 in netlist has not been loaded.
Cell sky130_fd_sc_hd__xor3_1 in netlist has not been loaded.
Cell sky130_fd_sc_hd__xor3_2 in netlist has not been loaded.
Cell sky130_fd_sc_hd__xor3_4 in netlist has not been loaded.
> spice read /home/research/.ciel/ciel/sky130/versions/1689ac3f2dc763876eaf967227c7dfe831b031ae/sky130A/libs.ref/sky130_fd_sc_hd/spice/sky130_ef_sc_hd__decap_12.spice
Annotating port orders from /home/research/.ciel/ciel/sky130/versions/1689ac3f2dc763876eaf967227c7dfe831b031ae/sky130A/libs.ref/sky130_fd_sc_hd/spice/sky130_ef_sc_hd__decap_12.spice
Cell sky130_ef_sc_hd__decap_12 in netlist has not been loaded.
> spice read /home/research/.ciel/ciel/sky130/versions/1689ac3f2dc763876eaf967227c7dfe831b031ae/sky130A/libs.ref/sky130_fd_sc_hd/spice/sky130_ef_sc_hd__fill_4.spice
Annotating port orders from /home/research/.ciel/ciel/sky130/versions/1689ac3f2dc763876eaf967227c7dfe831b031ae/sky130A/libs.ref/sky130_fd_sc_hd/spice/sky130_ef_sc_hd__fill_4.spice
Cell sky130_ef_sc_hd__fill_4 in netlist has not been loaded.
> spice read /home/research/.ciel/ciel/sky130/versions/1689ac3f2dc763876eaf967227c7dfe831b031ae/sky130A/libs.ref/sky130_fd_sc_hd/spice/sky130_ef_sc_hd__decap_80_12.spice
Annotating port orders from /home/research/.ciel/ciel/sky130/versions/1689ac3f2dc763876eaf967227c7dfe831b031ae/sky130A/libs.ref/sky130_fd_sc_hd/spice/sky130_ef_sc_hd__decap_80_12.spice
Cell sky130_ef_sc_hd__decap_80_12 in netlist has not been loaded.
> spice read /home/research/.ciel/ciel/sky130/versions/1689ac3f2dc763876eaf967227c7dfe831b031ae/sky130A/libs.ref/sky130_fd_sc_hd/spice/sky130_ef_sc_hd__decap_20_12.spice
Annotating port orders from /home/research/.ciel/ciel/sky130/versions/1689ac3f2dc763876eaf967227c7dfe831b031ae/sky130A/libs.ref/sky130_fd_sc_hd/spice/sky130_ef_sc_hd__decap_20_12.spice
Cell sky130_ef_sc_hd__decap_20_12 in netlist has not been loaded.
core_tile matched with the expression '^core_tile$'
Warning:  Extract option "do unique" disabled because "extract unique" was run.
Processing sky130_fd_sc_hd__conb_1
Processing sky130_fd_sc_hd__tapvpwrvgnd_1
Processing sky130_fd_sc_hd__decap_4
Processing sky130_fd_sc_hd__decap_3
Processing sky130_fd_sc_hd__decap_12
Processing sky130_fd_sc_hd__decap_6
Processing sky130_fd_sc_hd__fill_1
Processing sky130_fd_sc_hd__decap_8
Processing sky130_fd_sc_hd__fill_2
Processing sky130_fd_sc_hd__buf_2
Processing sky130_fd_sc_hd__diode_2
Processing sky130_fd_sc_hd__buf_6
Processing sky130_fd_sc_hd__buf_4
Processing sky130_fd_sc_hd__clkbuf_8
Processing vccd1_connection
Processing sky130_fd_sc_hd__clkbuf_4
Processing sky130_fd_sc_hd__clkbuf_16
Processing sky130_fd_sc_hd__dfxtp_1
Processing sky130_fd_sc_hd__clkbuf_2
Processing sky130_fd_sc_hd__inv_1
Processing sky130_fd_sc_hd__a21oi_1
Processing sky130_fd_sc_hd__mux4_2
Processing sky130_fd_sc_hd__nand3_1
Processing sky130_fd_sc_hd__a222oi_1
Processing sky130_fd_sc_hd__nor2_4
Processing sky130_fd_sc_hd__nor2b_1
Processing sky130_fd_sc_hd__nor3_2
Processing sky130_fd_sc_hd__and2_1
Processing sky130_fd_sc_hd__nor3b_2
Processing sky130_fd_sc_hd__a22oi_1
Processing sky130_fd_sc_hd__clkbuf_1
Processing sky130_fd_sc_hd__nor3_1
Processing sky130_fd_sc_hd__o21ai_1
Processing sky130_fd_sc_hd__nor4_2
Processing sky130_fd_sc_hd__nand3_2
Processing sky130_fd_sc_hd__o22ai_1
Processing sky130_fd_sc_hd__edfxtp_1
Processing sky130_fd_sc_hd__nand2_1
Processing sky130_fd_sc_hd__buf_8
Processing sky130_fd_sc_hd__clkinv_2
Processing sky130_fd_sc_hd__mux2_1
Processing sky130_fd_sc_hd__mux2i_1
Processing sky130_fd_sc_hd__a221oi_1
Processing sky130_fd_sc_hd__nor4_1
Processing sky130_fd_sc_hd__a22o_1
Processing sky130_fd_sc_hd__xnor2_1
Processing sky130_fd_sc_hd__o2bb2ai_1
Processing sky130_fd_sc_hd__a31oi_1
Processing sky130_fd_sc_hd__dfxtp_4
Processing sky130_fd_sc_hd__bufinv_16
Processing sky130_fd_sc_hd__mux2_4
Processing sky130_fd_sc_hd__nor2b_4
Processing sky130_fd_sc_hd__dfxtp_2
Processing sky130_fd_sc_hd__or2_1
Processing sky130_fd_sc_hd__and3_1
Processing sky130_fd_sc_hd__o211ai_1
Processing sky130_fd_sc_hd__and2_4
Processing sky130_fd_sc_hd__or3_1
Processing sky130_fd_sc_hd__buf_12
Processing sky130_fd_sc_hd__a21oi_2
Processing sky130_fd_sc_hd__o21ai_2
Processing sky130_fd_sc_hd__nand2b_1
Processing sky130_fd_sc_hd__a21o_1
Processing sky130_fd_sc_hd__xor2_1
Processing sky130_fd_sc_hd__a221oi_2
Processing sky130_fd_sc_hd__a211oi_1
Processing sky130_fd_sc_hd__o21a_1
Processing sky130_fd_sc_hd__xnor2_2
Processing sky130_fd_sc_hd__clkinv_1
Processing sky130_fd_sc_hd__o21bai_1
Processing sky130_fd_sc_hd__a21oi_4
Processing sky130_fd_sc_hd__nand2_4
Processing sky130_fd_sc_hd__o21ai_4
Processing sky130_fd_sc_hd__a221o_4
Processing sky130_fd_sc_hd__o211a_1
Processing sky130_fd_sc_hd__a21boi_1
Processing sky130_fd_sc_hd__a32oi_1
Processing sky130_fd_sc_hd__nor3b_1
Processing sky130_fd_sc_hd__nor4b_2
Processing sky130_fd_sc_hd__and3_2
Processing sky130_fd_sc_hd__nand4_1
Processing sky130_fd_sc_hd__o2111ai_1
Processing sky130_fd_sc_hd__a31o_1
Processing sky130_fd_sc_hd__xnor3_1
Processing sky130_fd_sc_hd__o2111a_1
Processing sky130_fd_sc_hd__nand3b_1
Processing sky130_fd_sc_hd__and3b_1
Processing sky130_fd_sc_hd__a32o_1
Processing sky130_fd_sc_hd__inv_4
Processing sky130_fd_sc_hd__nand3_4
Processing sky130_fd_sc_hd__o221ai_4
Processing sky130_fd_sc_hd__o21bai_2
Processing sky130_fd_sc_hd__a211o_1
Processing sky130_fd_sc_hd__a32oi_4
Processing sky130_fd_sc_hd__a221o_1
Processing sky130_fd_sc_hd__o21bai_4
Processing sky130_fd_sc_hd__a211oi_4
Processing sky130_fd_sc_hd__and4_1
Processing sky130_fd_sc_hd__o41ai_1
Processing sky130_fd_sc_hd__a21bo_1
Processing sky130_fd_sc_hd__a311oi_2
Processing sky130_fd_sc_hd__o32ai_1
Processing sky130_fd_sc_hd__a221oi_4
Processing sky130_fd_sc_hd__o221ai_1
Processing sky130_fd_sc_hd__o31a_1
Processing sky130_fd_sc_hd__and4_2
Processing sky130_fd_sc_hd__nor4bb_1
Processing sky130_fd_sc_hd__maj3_1
Processing sky130_fd_sc_hd__a22oi_2
Processing sky130_fd_sc_hd__inv_2
Processing sky130_fd_sc_hd__xor2_2
Processing sky130_fd_sc_hd__a311oi_1
Processing sky130_fd_sc_hd__inv_6
Processing sky130_fd_sc_hd__mux2_2
Processing vssd1_connection
Processing sky130_fd_sc_hd__mux2i_2
Processing sky130_fd_sc_hd__mux2i_4
Processing sky130_fd_sc_hd__dfrtp_4
Processing sky130_fd_sc_hd__dfrtp_1
Processing openframe_project_wrapper
Extracting sky130_fd_sc_hd__conb_1 into sky130_fd_sc_hd__conb_1.ext:
Extracting sky130_fd_sc_hd__tapvpwrvgnd_1 into sky130_fd_sc_hd__tapvpwrvgnd_1.ext:
Extracting sky130_fd_sc_hd__decap_4 into sky130_fd_sc_hd__decap_4.ext:
freeMagic called with NULL argument.
sky130_fd_sc_hd__decap_4: 2 warnings
Extracting sky130_fd_sc_hd__decap_3 into sky130_fd_sc_hd__decap_3.ext:
sky130_fd_sc_hd__decap_3: 2 warnings
Extracting sky130_fd_sc_hd__decap_12 into sky130_fd_sc_hd__decap_12.ext:
sky130_fd_sc_hd__decap_12: 2 warnings
Extracting sky130_fd_sc_hd__decap_6 into sky130_fd_sc_hd__decap_6.ext:
sky130_fd_sc_hd__decap_6: 2 warnings
Extracting sky130_fd_sc_hd__fill_1 into sky130_fd_sc_hd__fill_1.ext:
Extracting sky130_fd_sc_hd__decap_8 into sky130_fd_sc_hd__decap_8.ext:
sky130_fd_sc_hd__decap_8: 2 warnings
Extracting sky130_fd_sc_hd__fill_2 into sky130_fd_sc_hd__fill_2.ext:
Extracting sky130_fd_sc_hd__buf_2 into sky130_fd_sc_hd__buf_2.ext:
Extracting sky130_fd_sc_hd__diode_2 into sky130_fd_sc_hd__diode_2.ext:
sky130_fd_sc_hd__diode_2: 1 warning
Extracting sky130_fd_sc_hd__buf_6 into sky130_fd_sc_hd__buf_6.ext:
Extracting sky130_fd_sc_hd__buf_4 into sky130_fd_sc_hd__buf_4.ext:
Extracting sky130_fd_sc_hd__clkbuf_8 into sky130_fd_sc_hd__clkbuf_8.ext:
Extracting core_tile into core_tile.ext:
Extracting vccd1_connection into vccd1_connection.ext:
Extracting sky130_fd_sc_hd__clkbuf_4 into sky130_fd_sc_hd__clkbuf_4.ext:
Extracting sky130_fd_sc_hd__clkbuf_16 into sky130_fd_sc_hd__clkbuf_16.ext:
Extracting sky130_fd_sc_hd__dfxtp_1 into sky130_fd_sc_hd__dfxtp_1.ext:
Extracting sky130_fd_sc_hd__clkbuf_2 into sky130_fd_sc_hd__clkbuf_2.ext:
Extracting sky130_fd_sc_hd__inv_1 into sky130_fd_sc_hd__inv_1.ext:
Extracting sky130_fd_sc_hd__a21oi_1 into sky130_fd_sc_hd__a21oi_1.ext:
Extracting sky130_fd_sc_hd__mux4_2 into sky130_fd_sc_hd__mux4_2.ext:
Extracting sky130_fd_sc_hd__nand3_1 into sky130_fd_sc_hd__nand3_1.ext:
Extracting sky130_fd_sc_hd__a222oi_1 into sky130_fd_sc_hd__a222oi_1.ext:
Extracting sky130_fd_sc_hd__nor2_4 into sky130_fd_sc_hd__nor2_4.ext:
Extracting sky130_fd_sc_hd__nor2b_1 into sky130_fd_sc_hd__nor2b_1.ext:
Extracting sky130_fd_sc_hd__nor3_2 into sky130_fd_sc_hd__nor3_2.ext:
Extracting sky130_fd_sc_hd__and2_1 into sky130_fd_sc_hd__and2_1.ext:
Extracting sky130_fd_sc_hd__nor3b_2 into sky130_fd_sc_hd__nor3b_2.ext:
Extracting sky130_fd_sc_hd__a22oi_1 into sky130_fd_sc_hd__a22oi_1.ext:
Extracting sky130_fd_sc_hd__clkbuf_1 into sky130_fd_sc_hd__clkbuf_1.ext:
Extracting sky130_fd_sc_hd__nor3_1 into sky130_fd_sc_hd__nor3_1.ext:
Extracting sky130_fd_sc_hd__o21ai_1 into sky130_fd_sc_hd__o21ai_1.ext:
Extracting sky130_fd_sc_hd__nor4_2 into sky130_fd_sc_hd__nor4_2.ext:
Extracting sky130_fd_sc_hd__nand3_2 into sky130_fd_sc_hd__nand3_2.ext:
Extracting sky130_fd_sc_hd__o22ai_1 into sky130_fd_sc_hd__o22ai_1.ext:
Extracting sky130_fd_sc_hd__edfxtp_1 into sky130_fd_sc_hd__edfxtp_1.ext:
Extracting sky130_fd_sc_hd__nand2_1 into sky130_fd_sc_hd__nand2_1.ext:
Extracting sky130_fd_sc_hd__buf_8 into sky130_fd_sc_hd__buf_8.ext:
Extracting sky130_fd_sc_hd__clkinv_2 into sky130_fd_sc_hd__clkinv_2.ext:
Extracting sky130_fd_sc_hd__mux2_1 into sky130_fd_sc_hd__mux2_1.ext:
Extracting sky130_fd_sc_hd__mux2i_1 into sky130_fd_sc_hd__mux2i_1.ext:
Extracting sky130_fd_sc_hd__a221oi_1 into sky130_fd_sc_hd__a221oi_1.ext:
Extracting sky130_fd_sc_hd__nor4_1 into sky130_fd_sc_hd__nor4_1.ext:
Extracting sky130_fd_sc_hd__a22o_1 into sky130_fd_sc_hd__a22o_1.ext:
Extracting sky130_fd_sc_hd__xnor2_1 into sky130_fd_sc_hd__xnor2_1.ext:
Extracting sky130_fd_sc_hd__o2bb2ai_1 into sky130_fd_sc_hd__o2bb2ai_1.ext:
Extracting sky130_fd_sc_hd__a31oi_1 into sky130_fd_sc_hd__a31oi_1.ext:
Extracting sky130_fd_sc_hd__dfxtp_4 into sky130_fd_sc_hd__dfxtp_4.ext:
Extracting sky130_fd_sc_hd__bufinv_16 into sky130_fd_sc_hd__bufinv_16.ext:
Extracting sky130_fd_sc_hd__mux2_4 into sky130_fd_sc_hd__mux2_4.ext:
Extracting sky130_fd_sc_hd__nor2b_4 into sky130_fd_sc_hd__nor2b_4.ext:
Extracting sky130_fd_sc_hd__dfxtp_2 into sky130_fd_sc_hd__dfxtp_2.ext:
Extracting sky130_fd_sc_hd__or2_1 into sky130_fd_sc_hd__or2_1.ext:
Extracting sky130_fd_sc_hd__and3_1 into sky130_fd_sc_hd__and3_1.ext:
Extracting sky130_fd_sc_hd__o211ai_1 into sky130_fd_sc_hd__o211ai_1.ext:
Extracting sky130_fd_sc_hd__and2_4 into sky130_fd_sc_hd__and2_4.ext:
Extracting sky130_fd_sc_hd__or3_1 into sky130_fd_sc_hd__or3_1.ext:
Extracting sky130_fd_sc_hd__buf_12 into sky130_fd_sc_hd__buf_12.ext:
Extracting sky130_fd_sc_hd__a21oi_2 into sky130_fd_sc_hd__a21oi_2.ext:
Extracting sky130_fd_sc_hd__o21ai_2 into sky130_fd_sc_hd__o21ai_2.ext:
Extracting sky130_fd_sc_hd__nand2b_1 into sky130_fd_sc_hd__nand2b_1.ext:
Extracting sky130_fd_sc_hd__a21o_1 into sky130_fd_sc_hd__a21o_1.ext:
Extracting sky130_fd_sc_hd__xor2_1 into sky130_fd_sc_hd__xor2_1.ext:
Extracting sky130_fd_sc_hd__a221oi_2 into sky130_fd_sc_hd__a221oi_2.ext:
Extracting sky130_fd_sc_hd__a211oi_1 into sky130_fd_sc_hd__a211oi_1.ext:
Extracting sky130_fd_sc_hd__o21a_1 into sky130_fd_sc_hd__o21a_1.ext:
Extracting sky130_fd_sc_hd__xnor2_2 into sky130_fd_sc_hd__xnor2_2.ext:
Extracting sky130_fd_sc_hd__clkinv_1 into sky130_fd_sc_hd__clkinv_1.ext:
Extracting sky130_fd_sc_hd__o21bai_1 into sky130_fd_sc_hd__o21bai_1.ext:
Extracting sky130_fd_sc_hd__a21oi_4 into sky130_fd_sc_hd__a21oi_4.ext:
Extracting sky130_fd_sc_hd__nand2_4 into sky130_fd_sc_hd__nand2_4.ext:
Extracting sky130_fd_sc_hd__o21ai_4 into sky130_fd_sc_hd__o21ai_4.ext:
Extracting sky130_fd_sc_hd__a221o_4 into sky130_fd_sc_hd__a221o_4.ext:
Extracting sky130_fd_sc_hd__o211a_1 into sky130_fd_sc_hd__o211a_1.ext:
Extracting sky130_fd_sc_hd__a21boi_1 into sky130_fd_sc_hd__a21boi_1.ext:
Extracting sky130_fd_sc_hd__a32oi_1 into sky130_fd_sc_hd__a32oi_1.ext:
Extracting sky130_fd_sc_hd__nor3b_1 into sky130_fd_sc_hd__nor3b_1.ext:
Extracting sky130_fd_sc_hd__nor4b_2 into sky130_fd_sc_hd__nor4b_2.ext:
Extracting sky130_fd_sc_hd__and3_2 into sky130_fd_sc_hd__and3_2.ext:
Extracting sky130_fd_sc_hd__nand4_1 into sky130_fd_sc_hd__nand4_1.ext:
Extracting sky130_fd_sc_hd__o2111ai_1 into sky130_fd_sc_hd__o2111ai_1.ext:
Extracting sky130_fd_sc_hd__a31o_1 into sky130_fd_sc_hd__a31o_1.ext:
Extracting sky130_fd_sc_hd__xnor3_1 into sky130_fd_sc_hd__xnor3_1.ext:
Extracting sky130_fd_sc_hd__o2111a_1 into sky130_fd_sc_hd__o2111a_1.ext:
Extracting sky130_fd_sc_hd__nand3b_1 into sky130_fd_sc_hd__nand3b_1.ext:
Extracting sky130_fd_sc_hd__and3b_1 into sky130_fd_sc_hd__and3b_1.ext:
Extracting sky130_fd_sc_hd__a32o_1 into sky130_fd_sc_hd__a32o_1.ext:
Extracting sky130_fd_sc_hd__inv_4 into sky130_fd_sc_hd__inv_4.ext:
Extracting sky130_fd_sc_hd__nand3_4 into sky130_fd_sc_hd__nand3_4.ext:
Extracting sky130_fd_sc_hd__o221ai_4 into sky130_fd_sc_hd__o221ai_4.ext:
Extracting sky130_fd_sc_hd__o21bai_2 into sky130_fd_sc_hd__o21bai_2.ext:
Extracting sky130_fd_sc_hd__a211o_1 into sky130_fd_sc_hd__a211o_1.ext:
Extracting sky130_fd_sc_hd__a32oi_4 into sky130_fd_sc_hd__a32oi_4.ext:
Extracting sky130_fd_sc_hd__a221o_1 into sky130_fd_sc_hd__a221o_1.ext:
Extracting sky130_fd_sc_hd__o21bai_4 into sky130_fd_sc_hd__o21bai_4.ext:
Extracting sky130_fd_sc_hd__a211oi_4 into sky130_fd_sc_hd__a211oi_4.ext:
Extracting sky130_fd_sc_hd__and4_1 into sky130_fd_sc_hd__and4_1.ext:
Extracting sky130_fd_sc_hd__o41ai_1 into sky130_fd_sc_hd__o41ai_1.ext:
Extracting sky130_fd_sc_hd__a21bo_1 into sky130_fd_sc_hd__a21bo_1.ext:
Extracting sky130_fd_sc_hd__a311oi_2 into sky130_fd_sc_hd__a311oi_2.ext:
Extracting sky130_fd_sc_hd__o32ai_1 into sky130_fd_sc_hd__o32ai_1.ext:
Extracting sky130_fd_sc_hd__a221oi_4 into sky130_fd_sc_hd__a221oi_4.ext:
Extracting sky130_fd_sc_hd__o221ai_1 into sky130_fd_sc_hd__o221ai_1.ext:
Extracting sky130_fd_sc_hd__o31a_1 into sky130_fd_sc_hd__o31a_1.ext:
Extracting sky130_fd_sc_hd__and4_2 into sky130_fd_sc_hd__and4_2.ext:
Extracting sky130_fd_sc_hd__nor4bb_1 into sky130_fd_sc_hd__nor4bb_1.ext:
Extracting sky130_fd_sc_hd__maj3_1 into sky130_fd_sc_hd__maj3_1.ext:
Extracting sky130_fd_sc_hd__a22oi_2 into sky130_fd_sc_hd__a22oi_2.ext:
Extracting sky130_fd_sc_hd__inv_2 into sky130_fd_sc_hd__inv_2.ext:
Extracting sky130_fd_sc_hd__xor2_2 into sky130_fd_sc_hd__xor2_2.ext:
Extracting sky130_fd_sc_hd__a311oi_1 into sky130_fd_sc_hd__a311oi_1.ext:
Extracting sky130_fd_sc_hd__inv_6 into sky130_fd_sc_hd__inv_6.ext:
Extracting sky130_fd_sc_hd__mux2_2 into sky130_fd_sc_hd__mux2_2.ext:
Extracting vssd1_connection into vssd1_connection.ext:
Extracting sky130_fd_sc_hd__mux2i_2 into sky130_fd_sc_hd__mux2i_2.ext:
Extracting sky130_fd_sc_hd__mux2i_4 into sky130_fd_sc_hd__mux2i_4.ext:
Extracting sky130_fd_sc_hd__dfrtp_4 into sky130_fd_sc_hd__dfrtp_4.ext:
Extracting sky130_fd_sc_hd__dfrtp_1 into sky130_fd_sc_hd__dfrtp_1.ext:
Extracting openframe_project_wrapper into openframe_project_wrapper.ext:
openframe_project_wrapper: 40 warnings
Total of 51 warnings.
exttospice finished.
