
===========================================================================
report_checks -unconstrained
===========================================================================
======================= max_ss_100C_1v60 Corner ===================================

Startpoint: _46237_ (rising edge-triggered flip-flop clocked by clk)
Endpoint: _45862_ (rising edge-triggered flip-flop clocked by clk)
Path Group: clk
Path Type: max

Fanout         Cap        Slew       Delay        Time   Description
---------------------------------------------------------------------------------------------
                                  0.000000    0.000000   clock clk (rise edge)
                                  0.000000    0.000000   clock source latency
     1    0.065803    0.000000    0.000000    0.000000 ^ clk (in)
                                                         clk (net)
                      0.016933    0.008467    0.008467 ^ clkbuf_0_clk/A (sky130_fd_sc_hd__clkbuf_16)
     4    0.047081    0.102997    0.234573    0.243039 ^ clkbuf_0_clk/X (sky130_fd_sc_hd__clkbuf_16)
                                                         clknet_0_clk (net)
                      0.103018    0.001376    0.244416 ^ clkbuf_2_1_0_clk/A (sky130_fd_sc_hd__clkbuf_4)
    16    0.111219    0.516284    0.589662    0.834078 ^ clkbuf_2_1_0_clk/X (sky130_fd_sc_hd__clkbuf_4)
                                                         clknet_2_1_0_clk (net)
                      0.516480    0.004359    0.838437 ^ clkbuf_6_31_0_clk/A (sky130_fd_sc_hd__clkbuf_4)
     9    0.118974    0.551264    0.800664    1.639101 ^ clkbuf_6_31_0_clk/X (sky130_fd_sc_hd__clkbuf_4)
                                                         clknet_6_31_0_clk (net)
                      0.551264    0.000417    1.639518 ^ clkbuf_leaf_166_clk/A (sky130_fd_sc_hd__clkbuf_16)
     4    0.010335    0.062354    0.411163    2.050681 ^ clkbuf_leaf_166_clk/X (sky130_fd_sc_hd__clkbuf_16)
                                                         clknet_leaf_166_clk (net)
                      0.062354    0.000016    2.050698 ^ _46237_/CLK (sky130_fd_sc_hd__dfxtp_2)
     2    0.007056    0.058931    0.612783    2.663480 v _46237_/Q (sky130_fd_sc_hd__dfxtp_2)
                                                         net429 (net)
                      0.058931    0.000024    2.663504 v _33652_/A (sky130_fd_sc_hd__or3_2)
     3    0.010312    0.208686    1.178500    3.842004 v _33652_/X (sky130_fd_sc_hd__or3_2)
                                                         _08086_ (net)
                      0.208686    0.000084    3.842088 v _33653_/C (sky130_fd_sc_hd__or3_2)
     3    0.008987    0.208118    1.083781    4.925869 v _33653_/X (sky130_fd_sc_hd__or3_2)
                                                         _08087_ (net)
                      0.208118    0.000063    4.925931 v _33655_/B (sky130_fd_sc_hd__or2_2)
     4    0.010923    0.151860    0.741224    5.667155 v _33655_/X (sky130_fd_sc_hd__or2_2)
                                                         _08089_ (net)
                      0.151860    0.000053    5.667208 v _33656_/B (sky130_fd_sc_hd__and2_2)
     1    0.008500    0.097624    0.467491    6.134700 v _33656_/X (sky130_fd_sc_hd__and2_2)
                                                         _08090_ (net)
                      0.097624    0.000012    6.134711 v _33725_/B (sky130_fd_sc_hd__xnor2_2)
     2    0.006362    0.113424    0.257089    6.391800 v _33725_/Y (sky130_fd_sc_hd__xnor2_2)
                                                         _08159_ (net)
                      0.113424    0.000010    6.391810 v _33728_/A (sky130_fd_sc_hd__and2_2)
     1    0.003103    0.071407    0.368235    6.760045 v _33728_/X (sky130_fd_sc_hd__and2_2)
                                                         _08162_ (net)
                      0.071407    0.000028    6.760073 v _33729_/B (sky130_fd_sc_hd__or2_2)
     1    0.007027    0.134432    0.657701    7.417773 v _33729_/X (sky130_fd_sc_hd__or2_2)
                                                         _08163_ (net)
                      0.134432    0.000096    7.417870 v _33730_/A (sky130_fd_sc_hd__inv_2)
     2    0.012837    0.108037    0.146814    7.564683 ^ _33730_/Y (sky130_fd_sc_hd__inv_2)
                                                         _08164_ (net)
                      0.108037    0.000069    7.564753 ^ _33769_/A1 (sky130_fd_sc_hd__a21o_2)
     2    0.011729    0.118735    0.295493    7.860246 ^ _33769_/X (sky130_fd_sc_hd__a21o_2)
                                                         _08203_ (net)
                      0.118735    0.000048    7.860294 ^ _33784_/B (sky130_fd_sc_hd__xor2_2)
     2    0.006937    0.119210    0.151006    8.011300 v _33784_/X (sky130_fd_sc_hd__xor2_2)
                                                         _08218_ (net)
                      0.119210    0.000077    8.011377 v _33800_/A (sky130_fd_sc_hd__or4b_2)
     1    0.001720    0.202210    1.540338    9.551715 v _33800_/X (sky130_fd_sc_hd__or4b_2)
                                                         _08234_ (net)
                      0.202210    0.000004    9.551719 v _33801_/B (sky130_fd_sc_hd__or3b_2)
     1    0.002579    0.159648    1.059079   10.610798 v _33801_/X (sky130_fd_sc_hd__or3b_2)
                                                         _08235_ (net)
                      0.159648    0.000015   10.610813 v _33803_/C (sky130_fd_sc_hd__or4_2)
     1    0.005372    0.245028    1.518304   12.129117 v _33803_/X (sky130_fd_sc_hd__or4_2)
                                                         _08237_ (net)
                      0.245028    0.000030   12.129147 v _33804_/B (sky130_fd_sc_hd__nor2_2)
     1    0.003925    0.134685    0.202808   12.331954 ^ _33804_/Y (sky130_fd_sc_hd__nor2_2)
                                                         _08238_ (net)
                      0.134685    0.000025   12.331980 ^ _33805_/A3 (sky130_fd_sc_hd__a32o_2)
     2    0.008138    0.130092    0.420018   12.751997 ^ _33805_/X (sky130_fd_sc_hd__a32o_2)
                                                         _08239_ (net)
                      0.130092    0.000029   12.752027 ^ _33806_/B (sky130_fd_sc_hd__nand2_2)
    13    0.047707    0.451930    0.380846   13.132872 v _33806_/Y (sky130_fd_sc_hd__nand2_2)
                                                         _08240_ (net)
                      0.451930    0.000014   13.132886 v _33815_/A2 (sky130_fd_sc_hd__a21o_2)
     5    0.017200    0.123741    0.604265   13.737151 v _33815_/X (sky130_fd_sc_hd__a21o_2)
                                                         _08249_ (net)
                      0.123741    0.000193   13.737344 v _33817_/B (sky130_fd_sc_hd__or2_2)
     3    0.006010    0.132673    0.670357   14.407701 v _33817_/X (sky130_fd_sc_hd__or2_2)
                                                         _08251_ (net)
                      0.132673    0.000011   14.407712 v _33824_/A (sky130_fd_sc_hd__or4_2)
     4    0.011798    0.289658    1.698511   16.106222 v _33824_/X (sky130_fd_sc_hd__or4_2)
                                                         _08258_ (net)
                      0.289658    0.000023   16.106245 v _33852_/C (sky130_fd_sc_hd__or4b_2)
     3    0.009461    0.272870    1.612712   17.718958 v _33852_/X (sky130_fd_sc_hd__or4b_2)
                                                         _08284_ (net)
                      0.272870    0.000030   17.718988 v _33863_/B (sky130_fd_sc_hd__or3_2)
     3    0.008913    0.207646    1.190914   18.909903 v _33863_/X (sky130_fd_sc_hd__or3_2)
                                                         _08294_ (net)
                      0.207646    0.000044   18.909946 v _33892_/A (sky130_fd_sc_hd__or3b_2)
     2    0.010705    0.217799    1.212513   20.122459 v _33892_/X (sky130_fd_sc_hd__or3b_2)
                                                         _08320_ (net)
                      0.217799    0.000025   20.122484 v _33894_/A1 (sky130_fd_sc_hd__o21ai_2)
     2    0.015012    0.345555    0.422483   20.544968 ^ _33894_/Y (sky130_fd_sc_hd__o21ai_2)
                                                         _08322_ (net)
                      0.345555    0.000059   20.545025 ^ _33902_/A (sky130_fd_sc_hd__xnor2_2)
     3    0.007706    0.134293    0.252253   20.797279 v _33902_/Y (sky130_fd_sc_hd__xnor2_2)
                                                         _08329_ (net)
                      0.134293    0.000020   20.797298 v _33927_/A (sky130_fd_sc_hd__and3_2)
     1    0.001474    0.064569    0.373898   21.171198 v _33927_/X (sky130_fd_sc_hd__and3_2)
                                                         _08346_ (net)
                      0.064569    0.000004   21.171200 v _33928_/D (sky130_fd_sc_hd__or4_2)
     1    0.005781    0.248512    1.349946   22.521147 v _33928_/X (sky130_fd_sc_hd__or4_2)
                                                         _08347_ (net)
                      0.248512    0.000036   22.521181 v _33929_/A2 (sky130_fd_sc_hd__a21oi_2)
     1    0.001744    0.148240    0.267166   22.788347 ^ _33929_/Y (sky130_fd_sc_hd__a21oi_2)
                                                         _01234_ (net)
                      0.148240    0.000002   22.788349 ^ _45862_/D (sky130_fd_sc_hd__dfxtp_2)
                                             22.788349   data arrival time

                                 24.000000   24.000000   clock clk (rise edge)
                                  0.000000   24.000000   clock source latency
     1    0.065803    0.000000    0.000000   24.000000 ^ clk (in)
                                                         clk (net)
                      0.016933    0.008466   24.008465 ^ clkbuf_0_clk/A (sky130_fd_sc_hd__clkbuf_16)
     4    0.047081    0.102997    0.234573   24.243038 ^ clkbuf_0_clk/X (sky130_fd_sc_hd__clkbuf_16)
                                                         clknet_0_clk (net)
                      0.103019    0.001396   24.244434 ^ clkbuf_2_3_0_clk/A (sky130_fd_sc_hd__clkbuf_4)
    16    0.111385    0.517129    0.589658   24.834093 ^ clkbuf_2_3_0_clk/X (sky130_fd_sc_hd__clkbuf_4)
                                                         clknet_2_3_0_clk (net)
                      0.517318    0.003993   24.838085 ^ clkbuf_6_53_0_clk/A (sky130_fd_sc_hd__clkbuf_4)
    11    0.134557    0.620839    0.850420   25.688507 ^ clkbuf_6_53_0_clk/X (sky130_fd_sc_hd__clkbuf_4)
                                                         clknet_6_53_0_clk (net)
                      0.620839    0.000421   25.688927 ^ clkbuf_leaf_172_clk/A (sky130_fd_sc_hd__clkbuf_16)
     4    0.010389    0.063911    0.439414   26.128342 ^ clkbuf_leaf_172_clk/X (sky130_fd_sc_hd__clkbuf_16)
                                                         clknet_leaf_172_clk (net)
                      0.063911    0.000028   26.128370 ^ _45862_/CLK (sky130_fd_sc_hd__dfxtp_2)
                                 -0.250000   25.878370   clock uncertainty
                                  0.000000   25.878370   clock reconvergence pessimism
                                 -0.162635   25.715736   library setup time
                                             25.715736   data required time
---------------------------------------------------------------------------------------------
                                             25.715736   data required time
                                            -22.788349   data arrival time
---------------------------------------------------------------------------------------------
                                              2.927387   slack (MET)




===========================================================================
report_checks --slack_max -0.01
============================================================================
======================= max_ss_100C_1v60 Corner ===================================

No paths found.


===========================================================================
 report_check_types -max_slew -max_cap -max_fanout -violators
============================================================================
======================= max_ss_100C_1v60 Corner ===================================



===========================================================================
report_parasitic_annotation -report_unannotated
============================================================================
Found 161 unannotated drivers.
 _44218__1484/HI
 _44219__1485/HI
 _44220__1486/HI
 _44221__1487/HI
 _44222__1488/HI
 _44223__1489/HI
 _44224__1490/HI
 _44225__1491/HI
 _44226__1468/HI
 _44227__1469/HI
 _44228__1470/HI
 _44229__1471/HI
 _44230_/SUM
 _44230__1472/HI
 _44231_/SUM
 _44231__1473/HI
 _44232_/SUM
 _44232__1474/HI
 _44233_/SUM
 _44233__1475/HI
 _44234_/SUM
 _44234__1476/HI
 _44235_/SUM
 _44235__1477/HI
 _44236_/SUM
 _44236__1478/HI
 _44237_/SUM
 _44237__1479/HI
 _44238_/SUM
 _44238__1480/HI
 _44239_/SUM
 _44239__1481/HI
 _44240_/SUM
 _44240__1482/HI
 _44241_/SUM
 _44241__1483/HI
 clkload0/Y
 clkload1/Y
 clkload10/Y
 clkload100/X
 clkload11/Y
 clkload12/Y
 clkload13/Y
 clkload14/Y
 clkload15/Y
 clkload16/Y
 clkload17/Y
 clkload18/Y
 clkload19/Y
 clkload2/Y
 clkload20/Y
 clkload21/Y
 clkload22/Y
 clkload23/Y
 clkload24/Y
 clkload25/Y
 clkload26/Y
 clkload27/Y
 clkload28/Y
 clkload29/Y
 clkload3/Y
 clkload30/Y
 clkload31/Y
 clkload32/Y
 clkload33/Y
 clkload34/X
 clkload35/Y
 clkload36/Y
 clkload37/Y
 clkload38/Y
 clkload39/X
 clkload4/Y
 clkload40/Y
 clkload41/Y
 clkload42/Y
 clkload43/X
 clkload44/Y
 clkload45/Y
 clkload46/Y
 clkload47/Y
 clkload48/Y
 clkload49/X
 clkload5/Y
 clkload50/Y
 clkload51/Y
 clkload52/Y
 clkload53/Y
 clkload54/Y
 clkload55/Y
 clkload56/Y
 clkload57/Y
 clkload58/Y
 clkload59/Y
 clkload6/Y
 clkload60/X
 clkload61/X
 clkload62/X
 clkload63/X
 clkload64/X
 clkload65/X
 clkload66/X
 clkload67/X
 clkload68/X
 clkload69/X
 clkload7/Y
 clkload70/X
 clkload71/X
 clkload72/X
 clkload73/X
 clkload74/X
 clkload75/X
 clkload76/X
 clkload77/X
 clkload78/X
 clkload79/X
 clkload8/Y
 clkload80/X
 clkload81/X
 clkload82/X
 clkload83/X
 clkload84/X
 clkload85/X
 clkload86/X
 clkload87/X
 clkload88/X
 clkload89/X
 clkload9/X
 clkload90/X
 clkload91/X
 clkload92/X
 clkload93/X
 clkload94/X
 clkload95/X
 clkload96/X
 clkload97/X
 clkload98/X
 clkload99/X
 core/HI
 core_1492/HI
 core_1493/HI
 core_1494/HI
 core_1495/HI
 core_1496/HI
 core_1497/HI
 core_1498/HI
 core_1499/HI
 core_1500/HI
 core_1501/HI
 core_1502/HI
 core_1503/HI
 core_1504/HI
 core_1505/HI
 core_1506/HI
 core_1507/HI
 core_1508/HI
 core_1509/HI
 core_1510/HI
 core_1511/HI
 core_1512/HI
 core_1513/HI
 core_1514/HI
Found 0 partially unannotated drivers.

===========================================================================
max slew violation count 0
Writing metric design__max_slew_violation__count__corner:max_ss_100C_1v60: 0
max fanout violation count 0
Writing metric design__max_fanout_violation__count__corner:max_ss_100C_1v60: 0
max cap violation count 0
Writing metric design__max_cap_violation__count__corner:max_ss_100C_1v60: 0
============================================================================

===========================================================================
check_setup -verbose -unconstrained_endpoints -multiple_clock -no_clock -no_input_delay -loops -generated_clocks
===========================================================================
