Clock: clk
Sources: clk 
Generated: no
Virtual: yes
Propagated: no
Period: 24.000000

===========================================================================
report_clock_properties
============================================================================
Clock                   Period          Waveform
----------------------------------------------------
clk                  24.000000    0.000000 12.000000

===========================================================================
report_clock_latency
============================================================================
Clock clk
rise -> rise
    min     max
0.000000 0.000000 source latency
1.529940         network latency _45173_/CLK
        2.173204 network latency _46051_/CLK
---------------
1.529940 2.173204 latency
        0.643264 skew

fall -> fall
    min     max
0.000000 0.000000 source latency
1.361556         network latency _45173_/CLK
        1.922329 network latency _46051_/CLK
---------------
1.361556 1.922329 latency
        0.560773 skew



===========================================================================
report_clock_min_period
============================================================================
clk period_min = 21.07 fmax = 47.45
