Reading timing models for corner max_ss_100C_1v60…
Reading timing library for the 'max_ss_100C_1v60' corner at '/Users/aoxo/.ciel/ciel/sky130/versions/74c0e6b118a67d94c24172143d3bd597473fa63d/sky130A/libs.ref/sky130_fd_sc_hd/lib/sky130_fd_sc_hd__ss_100C_1v60.lib'…
Reading timing library for the 'max_ss_100C_1v60' corner at '/Users/aoxo/.ciel/ciel/sky130/versions/74c0e6b118a67d94c24172143d3bd597473fa63d/sky130A/libs.ref/sky130_fd_io/lib/sky130_ef_io__vccd_lvc_clamped_pad_ss_100C_1v60_3v00_3v00.lib'…
[WARNING STA-1173] /Users/aoxo/.ciel/ciel/sky130/versions/74c0e6b118a67d94c24172143d3bd597473fa63d/sky130A/libs.ref/sky130_fd_io/lib/sky130_ef_io__vccd_lvc_clamped_pad_ss_100C_1v60_3v00_3v00.lib line 42, default_fanout_load is 0.0.
Reading timing library for the 'max_ss_100C_1v60' corner at '/Users/aoxo/.ciel/ciel/sky130/versions/74c0e6b118a67d94c24172143d3bd597473fa63d/sky130A/libs.ref/sky130_fd_io/lib/sky130_ef_io__vssd_lvc_clamped_pad_ss_100C_1v60_3v00.lib'…
[WARNING STA-1173] /Users/aoxo/.ciel/ciel/sky130/versions/74c0e6b118a67d94c24172143d3bd597473fa63d/sky130A/libs.ref/sky130_fd_io/lib/sky130_ef_io__vssd_lvc_clamped_pad_ss_100C_1v60_3v00.lib line 43, default_fanout_load is 0.0.
Reading timing library for the 'max_ss_100C_1v60' corner at '/Users/aoxo/.ciel/ciel/sky130/versions/74c0e6b118a67d94c24172143d3bd597473fa63d/sky130A/libs.ref/sky130_fd_io/lib/sky130_ef_io__vddio_hvc_clamped_pad_ss_100C_1v60_3v00_3v00.lib'…
[WARNING STA-1173] /Users/aoxo/.ciel/ciel/sky130/versions/74c0e6b118a67d94c24172143d3bd597473fa63d/sky130A/libs.ref/sky130_fd_io/lib/sky130_ef_io__vddio_hvc_clamped_pad_ss_100C_1v60_3v00_3v00.lib line 42, default_fanout_load is 0.0.
Reading timing library for the 'max_ss_100C_1v60' corner at '/Users/aoxo/.ciel/ciel/sky130/versions/74c0e6b118a67d94c24172143d3bd597473fa63d/sky130A/libs.ref/sky130_fd_io/lib/sky130_ef_io__vssio_hvc_clamped_pad_ss_100C_1v60_3v00_3v00.lib'…
[WARNING STA-1173] /Users/aoxo/.ciel/ciel/sky130/versions/74c0e6b118a67d94c24172143d3bd597473fa63d/sky130A/libs.ref/sky130_fd_io/lib/sky130_ef_io__vssio_hvc_clamped_pad_ss_100C_1v60_3v00_3v00.lib line 42, default_fanout_load is 0.0.
Reading timing library for the 'max_ss_100C_1v60' corner at '/Users/aoxo/.ciel/ciel/sky130/versions/74c0e6b118a67d94c24172143d3bd597473fa63d/sky130A/libs.ref/sky130_fd_io/lib/sky130_ef_io__gpiov2_pad_ss_ss_100C_1v60_3v00.lib'…
[WARNING STA-1173] /Users/aoxo/.ciel/ciel/sky130/versions/74c0e6b118a67d94c24172143d3bd597473fa63d/sky130A/libs.ref/sky130_fd_io/lib/sky130_ef_io__gpiov2_pad_ss_ss_100C_1v60_3v00.lib line 33, default_fanout_load is 0.0.
Reading timing library for the 'max_ss_100C_1v60' corner at '/Users/aoxo/.ciel/ciel/sky130/versions/74c0e6b118a67d94c24172143d3bd597473fa63d/sky130A/libs.ref/sky130_fd_io/lib/slices_stubs.lib'…
[WARNING STA-1173] /Users/aoxo/.ciel/ciel/sky130/versions/74c0e6b118a67d94c24172143d3bd597473fa63d/sky130A/libs.ref/sky130_fd_io/lib/slices_stubs.lib line 33, default_fanout_load is 0.0.
Reading timing library for the 'max_ss_100C_1v60' corner at '/Users/aoxo/.ciel/ciel/sky130/versions/74c0e6b118a67d94c24172143d3bd597473fa63d/sky130A/libs.ref/sky130_fd_io/lib/sky130_ef_io__analog_stubs.lib'…
[WARNING STA-1173] /Users/aoxo/.ciel/ciel/sky130/versions/74c0e6b118a67d94c24172143d3bd597473fa63d/sky130A/libs.ref/sky130_fd_io/lib/sky130_ef_io__analog_stubs.lib line 43, default_fanout_load is 0.0.
Reading OpenROAD database at '/Users/aoxo/vscode/superfloat.gpu/librelane/core/runs/RUN_2026-07-02_10-20-07/21-openroad-generatepdn/core.odb'…
[WARNING ORD-2056] The following 2 liberty cell(s) do not have LEF masters and will be marked as dont-use:
  sky130_ef_io__analog_minesd_pad
  sky130_ef_io__analog_minesd_pad_short
Reading design constraints file at '/Users/aoxo/vscode/superfloat.gpu/librelane/core/core.sdc'…
[WARNING STA-0441] set_input_delay relative to a clock defined on the same port/pin not allowed.
[WARNING STA-0441] set_input_delay relative to a clock defined on the same port/pin not allowed.
+ global_placement -density 0.7 -skip_io -pad_right 0 -pad_left 0 -init_wirelength_coef 0.25
[INFO GPL-0001] ---- Initialize GPL Main Data Structures
[INFO GPL-0002] DBU: 1000
[INFO GPL-0003] SiteSize: (  0.460  2.720 ) um
[INFO GPL-0004] CoreBBox: (  5.520 10.880 ) ( 954.040 486.880 ) um
[INFO GPL-0036] Movable instances area:     259080.979 um^2
[INFO GPL-0037] Total instances area:       268477.491 um^2
[INFO GPL-0035] Pin density area adjust:     40075.406 um^2
[INFO GPL-0032] ---- Initialize Region: Top-level
[INFO GPL-0006] Number of instances:             31275
[INFO GPL-0007] Movable instances:               24465
[INFO GPL-0008] Fixed instances:                  6810
[INFO GPL-0009] Dummy instances:                     0
[INFO GPL-0010] Number of nets:                  24636
[INFO GPL-0011] Number of pins:                  91925
[INFO GPL-0012] Die BBox:  (  0.000  0.000 ) ( 960.000 500.000 ) um
[INFO GPL-0013] Core BBox: (  5.520 10.880 ) ( 954.040 486.880 ) um
[INFO GPL-0016] Core area:                  451495.520 um^2
[INFO GPL-0014] Region name: top-level.
[INFO GPL-0015] Region area:                451495.520 um^2
[INFO GPL-0017] Fixed instances area:         9396.512 um^2
[INFO GPL-0018] Movable instances area:     299156.386 um^2
[INFO GPL-0019] Utilization:                    67.667 %
[INFO GPL-0020] Standard cells area:        299156.386 um^2
[INFO GPL-0021] Large instances area:            0.000 um^2
[INFO GPL-0005] ---- Execute Conjugate Gradient Initial Placement.
[INFO GPL-0051] Source of initial instance position counters:
	Odb location = 0	Core center = 24465	Region center = 0
[INFO GPL-0033] ---- Initialize Nesterov Region: Top-level
[INFO GPL-0023] Placement target density:       0.7000
[INFO GPL-0024] Movable insts average area:     12.228 um^2
[INFO GPL-0025] Ideal bin area:                 17.468 um^2
[INFO GPL-0026] Ideal bin count:                 25846
[INFO GPL-0027] Total bin area:             451495.520 um^2
[INFO GPL-0028] Bin count (X, Y):         128 ,    128
[INFO GPL-0029] Bin size (W * H):       7.410 *  3.719 um
[INFO GPL-0030] Number of bins:                  16384
[INFO GPL-0007] ---- Execute Nesterov Global Placement.
[INFO GPL-0031] HPWL: Half-Perimeter Wirelength
Iteration | Overflow |     HPWL (um) |  HPWL(%) |   Penalty | Group
---------------------------------------------------------------
        0 |   0.9994 |  6.702099e+04 |   +0.00% |  1.98e-16 |      
       10 |   0.9991 |  4.592942e+04 |  -31.47% |  3.23e-16 |      
       20 |   0.9991 |  4.523599e+04 |   -1.51% |  5.25e-16 |      
       30 |   0.9991 |  4.494677e+04 |   -0.64% |  8.56e-16 |      
       40 |   0.9991 |  4.478442e+04 |   -0.36% |  1.39e-15 |      
       50 |   0.9991 |  4.467201e+04 |   -0.25% |  2.27e-15 |      
       60 |   0.9991 |  4.460136e+04 |   -0.16% |  3.70e-15 |      
       70 |   0.9991 |  4.453763e+04 |   -0.14% |  6.02e-15 |      
       80 |   0.9991 |  4.447208e+04 |   -0.15% |  9.81e-15 |      
       90 |   0.9989 |  4.442406e+04 |   -0.11% |  1.60e-14 |      
      100 |   0.9986 |  4.448311e+04 |   +0.13% |  2.60e-14 |      
      110 |   0.9981 |  4.508416e+04 |   +1.35% |  4.24e-14 |      
      120 |   0.9975 |  4.799826e+04 |   +6.46% |  6.91e-14 |      
      130 |   0.9959 |  5.511625e+04 |  +14.83% |  1.12e-13 |      
      140 |   0.9938 |  6.490038e+04 |  +17.75% |  1.83e-13 |      
      150 |   0.9907 |  7.573590e+04 |  +16.70% |  2.98e-13 |      
      160 |   0.9864 |  8.707846e+04 |  +14.98% |  4.84e-13 |      
      170 |   0.9808 |  9.897051e+04 |  +13.66% |  7.88e-13 |      
      180 |   0.9729 |  1.129794e+05 |  +14.15% |  1.28e-12 |      
      190 |   0.9631 |  1.307048e+05 |  +15.69% |  2.08e-12 |      
      200 |   0.9490 |  1.532662e+05 |  +17.26% |  3.38e-12 |      
      210 |   0.9315 |  1.802676e+05 |  +17.62% |  5.50e-12 |      
      220 |   0.9117 |  2.113129e+05 |  +17.22% |  8.92e-12 |      
      230 |   0.8860 |  2.456500e+05 |  +16.25% |  1.45e-11 |      
      240 |   0.8571 |  2.814056e+05 |  +14.56% |  2.35e-11 |      
      250 |   0.8276 |  3.169674e+05 |  +12.64% |  3.81e-11 |      
      260 |   0.7978 |  3.526809e+05 |  +11.27% |  6.19e-11 |      
      270 |   0.7631 |  3.916871e+05 |  +11.06% |  1.00e-10 |      
      280 |   0.7174 |  4.371279e+05 |  +11.60% |  1.63e-10 |      
      290 |   0.6739 |  4.798207e+05 |   +9.77% |  2.64e-10 |      
      300 |   0.6332 |  5.202310e+05 |   +8.42% |  4.28e-10 |      
      310 |   0.5923 |  5.537774e+05 |   +6.45% |  6.94e-10 |      
      320 |   0.5503 |  5.677937e+05 |   +2.53% |  1.13e-09 |      
      330 |   0.5119 |  5.647308e+05 |   -0.54% |  1.84e-09 |      
      340 |   0.4723 |  5.635386e+05 |   -0.21% |  2.99e-09 |      
      350 |   0.4219 |  5.631643e+05 |   -0.07% |  4.87e-09 |      
      360 |   0.3767 |  5.834625e+05 |   +3.60% |  7.92e-09 |      
      370 |   0.3373 |  5.861857e+05 |   +0.47% |  1.26e-08 |      
      380 |   0.3065 |  5.807826e+05 |   -0.92% |  1.86e-08 |      
      390 |   0.2718 |  5.888175e+05 |   +1.38% |  2.74e-08 |      
      400 |   0.2417 |  5.884226e+05 |   -0.07% |  4.04e-08 |      
      410 |   0.2123 |  5.905968e+05 |   +0.37% |  5.95e-08 |      
      420 |   0.1892 |  5.879721e+05 |   -0.44% |  8.76e-08 |      
      430 |   0.1675 |  5.924590e+05 |   +0.76% |  1.29e-07 |      
      440 |   0.1471 |  5.960362e+05 |   +0.60% |  1.90e-07 |      
      450 |   0.1285 |  5.996063e+05 |   +0.60% |  2.80e-07 |      
      460 |   0.1121 |  6.025459e+05 |   +0.49% |  4.12e-07 |      
      469 |   0.0988 |  6.052990e+05 |          |  6.07e-07 |      
---------------------------------------------------------------
[INFO GPL-1001] Global placement finished at iteration 469
[INFO GPL-1002] Placed Cell Area            299156.3855
[INFO GPL-1003] Available Free Area         442099.0080
[INFO GPL-1004] Minimum Feasible Density        0.6800 (cell_area / free_area)
[INFO GPL-1006]   Suggested Target Densities:
[INFO GPL-1007]     - For 90% usage of free space: 0.7519
[INFO GPL-1008]     - For 80% usage of free space: 0.8458
[INFO GPL-1014] Final placement area: 299156.39 (+0.00%)
Setting global connections for newly added cells…
[INFO] Setting global connections...
[INFO ODB-0403] 0 connections made, 0 conflicts skipped.
Updating metrics…
Cell type report:                       Count       Area
  Fill cell                               350    1313.76
  Tap cell                               6460    8082.75
  Buffer                                   80     400.38
  Inverter                                462    1734.16
  Sequential cell                        2240   47645.70
  Multi-Input combinational cell        21683  209300.74
  Total                                 31275  268477.49
Writing OpenROAD database to '/Users/aoxo/vscode/superfloat.gpu/librelane/core/runs/RUN_2026-07-02_10-20-07/24-openroad-globalplacementskipio/core.odb'…
Writing netlist to '/Users/aoxo/vscode/superfloat.gpu/librelane/core/runs/RUN_2026-07-02_10-20-07/24-openroad-globalplacementskipio/core.nl.v'…
Writing powered netlist to '/Users/aoxo/vscode/superfloat.gpu/librelane/core/runs/RUN_2026-07-02_10-20-07/24-openroad-globalplacementskipio/core.pnl.v'…
Writing layout to '/Users/aoxo/vscode/superfloat.gpu/librelane/core/runs/RUN_2026-07-02_10-20-07/24-openroad-globalplacementskipio/core.def'…
Writing timing constraints to '/Users/aoxo/vscode/superfloat.gpu/librelane/core/runs/RUN_2026-07-02_10-20-07/24-openroad-globalplacementskipio/core.sdc'…
