                                                                       Cells by Function                                                                        
┏━━━━━━━━━━━━━━━━━━━━━━━━━━━━━━━━━━━━━━━━━━━━━━━━━━━━━━━━━━━━━━━━━━━━━━━━━━━━━━━━━━━━━━━━━━━━━━━━━━━━━━━━━━━━━━━━━━━━━━━━━━━━━━━━┳━━━━━━━━━━━━━━━━━━━━━━━━━━━━━┓
┃ Cell Function                                                                                                                  ┃ Count                       ┃
┡━━━━━━━━━━━━━━━━━━━━━━━━━━━━━━━━━━━━━━━━━━━━━━━━━━━━━━━━━━━━━━━━━━━━━━━━━━━━━━━━━━━━━━━━━━━━━━━━━━━━━━━━━━━━━━━━━━━━━━━━━━━━━━━━╇━━━━━━━━━━━━━━━━━━━━━━━━━━━━━┩
│ sky130_fd_sc_hd__a211o                                                                                                         │ 3                           │
│ sky130_fd_sc_hd__a211oi                                                                                                        │ 33                          │
│ sky130_fd_sc_hd__a21bo                                                                                                         │ 1                           │
│ sky130_fd_sc_hd__a21boi                                                                                                        │ 7                           │
│ sky130_fd_sc_hd__a21o                                                                                                          │ 12                          │
│ sky130_fd_sc_hd__a21oi                                                                                                         │ 249                         │
│ sky130_fd_sc_hd__a221o                                                                                                         │ 9                           │
│ sky130_fd_sc_hd__a221oi                                                                                                        │ 37                          │
│ sky130_fd_sc_hd__a222oi                                                                                                        │ 22                          │
│ sky130_fd_sc_hd__a22o                                                                                                          │ 5                           │
│ sky130_fd_sc_hd__a22oi                                                                                                         │ 26                          │
│ sky130_fd_sc_hd__a311oi                                                                                                        │ 3                           │
│ sky130_fd_sc_hd__a31o                                                                                                          │ 2                           │
│ sky130_fd_sc_hd__a31oi                                                                                                         │ 12                          │
│ sky130_fd_sc_hd__a32o                                                                                                          │ 2                           │
│ sky130_fd_sc_hd__a32oi                                                                                                         │ 6                           │
│ sky130_fd_sc_hd__and2                                                                                                          │ 26                          │
│ sky130_fd_sc_hd__and3                                                                                                          │ 18                          │
│ sky130_fd_sc_hd__and3b                                                                                                         │ 1                           │
│ sky130_fd_sc_hd__and4                                                                                                          │ 3                           │
│ sky130_fd_sc_hd__buf                                                                                                           │ 1803                        │
│ sky130_fd_sc_hd__bufinv                                                                                                        │ 20                          │
│ sky130_fd_sc_hd__clkbuf                                                                                                        │ 1205                        │
│ sky130_fd_sc_hd__clkinv                                                                                                        │ 24                          │
│ sky130_fd_sc_hd__conb                                                                                                          │ 548                         │
│ sky130_fd_sc_hd__decap                                                                                                         │ 41972                       │
│ sky130_fd_sc_hd__dfrtp                                                                                                         │ 2                           │
│ sky130_fd_sc_hd__dfxtp                                                                                                         │ 259                         │
│ sky130_fd_sc_hd__diode                                                                                                         │ 226                         │
│ sky130_fd_sc_hd__edfxtp                                                                                                        │ 640                         │
│ sky130_fd_sc_hd__fill                                                                                                          │ 10039                       │
│ sky130_fd_sc_hd__inv                                                                                                           │ 137                         │
│ sky130_fd_sc_hd__maj3                                                                                                          │ 2                           │
│ sky130_fd_sc_hd__mux2                                                                                                          │ 56                          │
│ sky130_fd_sc_hd__mux2i                                                                                                         │ 41                          │
│ sky130_fd_sc_hd__mux4                                                                                                          │ 165                         │
│ sky130_fd_sc_hd__nand2                                                                                                         │ 122                         │
│ sky130_fd_sc_hd__nand2b                                                                                                        │ 24                          │
│ sky130_fd_sc_hd__nand3                                                                                                         │ 73                          │
│ sky130_fd_sc_hd__nand3b                                                                                                        │ 5                           │
│ sky130_fd_sc_hd__nand4                                                                                                         │ 7                           │
│ sky130_fd_sc_hd__nor2                                                                                                          │ 1                           │
│ sky130_fd_sc_hd__nor2b                                                                                                         │ 80                          │
│ sky130_fd_sc_hd__nor3                                                                                                          │ 94                          │
│ sky130_fd_sc_hd__nor3b                                                                                                         │ 9                           │
│ sky130_fd_sc_hd__nor4                                                                                                          │ 10                          │
│ sky130_fd_sc_hd__nor4b                                                                                                         │ 1                           │
│ sky130_fd_sc_hd__nor4bb                                                                                                        │ 1                           │
│ sky130_fd_sc_hd__o2111a                                                                                                        │ 1                           │
│ sky130_fd_sc_hd__o2111ai                                                                                                       │ 4                           │
│ sky130_fd_sc_hd__o211a                                                                                                         │ 8                           │
│ sky130_fd_sc_hd__o211ai                                                                                                        │ 19                          │
│ sky130_fd_sc_hd__o21a                                                                                                          │ 29                          │
│ sky130_fd_sc_hd__o21ai                                                                                                         │ 121                         │
│ sky130_fd_sc_hd__o21bai                                                                                                        │ 49                          │
│ sky130_fd_sc_hd__o221ai                                                                                                        │ 4                           │
│ sky130_fd_sc_hd__o22ai                                                                                                         │ 18                          │
│ sky130_fd_sc_hd__o2bb2ai                                                                                                       │ 3                           │
│ sky130_fd_sc_hd__o31a                                                                                                          │ 1                           │
│ sky130_fd_sc_hd__o32ai                                                                                                         │ 1                           │
│ sky130_fd_sc_hd__o41ai                                                                                                         │ 1                           │
│ sky130_fd_sc_hd__or2                                                                                                           │ 5                           │
│ sky130_fd_sc_hd__or3                                                                                                           │ 6                           │
│ sky130_fd_sc_hd__tapvpwrvgnd                                                                                                   │ 17634                       │
│ sky130_fd_sc_hd__xnor2                                                                                                         │ 59                          │
│ sky130_fd_sc_hd__xnor3                                                                                                         │ 1                           │
│ sky130_fd_sc_hd__xor2                                                                                                          │ 33                          │
└────────────────────────────────────────────────────────────────────────────────────────────────────────────────────────────────┴─────────────────────────────┘
