[WARNING ORD-0039] .openroad ignored with -python
                                Cells by Master                                 
┏━━━━━━━━━━━━━━━━━━━━━━━━━━━━━━━━━━━━━━━━━━━━━━━━━━━━━━━━━━━━━━━━┳━━━━━━━━━━━━━┓
┃ Cell                                                           ┃ Count       ┃
┡━━━━━━━━━━━━━━━━━━━━━━━━━━━━━━━━━━━━━━━━━━━━━━━━━━━━━━━━━━━━━━━━╇━━━━━━━━━━━━━┩
│ core_tile                                                      │ 4           │
│ sky130_fd_sc_hd__a211o_1                                       │ 3           │
│ sky130_fd_sc_hd__a211oi_1                                      │ 32          │
│ sky130_fd_sc_hd__a211oi_4                                      │ 1           │
│ sky130_fd_sc_hd__a21bo_1                                       │ 1           │
│ sky130_fd_sc_hd__a21boi_1                                      │ 7           │
│ sky130_fd_sc_hd__a21o_1                                        │ 12          │
│ sky130_fd_sc_hd__a21oi_1                                       │ 226         │
│ sky130_fd_sc_hd__a21oi_2                                       │ 12          │
│ sky130_fd_sc_hd__a21oi_4                                       │ 11          │
│ sky130_fd_sc_hd__a221o_1                                       │ 7           │
│ sky130_fd_sc_hd__a221o_2                                       │ 2           │
│ sky130_fd_sc_hd__a221oi_1                                      │ 34          │
│ sky130_fd_sc_hd__a221oi_2                                      │ 1           │
│ sky130_fd_sc_hd__a221oi_4                                      │ 2           │
│ sky130_fd_sc_hd__a222oi_1                                      │ 22          │
│ sky130_fd_sc_hd__a22o_1                                        │ 5           │
│ sky130_fd_sc_hd__a22oi_1                                       │ 23          │
│ sky130_fd_sc_hd__a22oi_2                                       │ 3           │
│ sky130_fd_sc_hd__a311oi_1                                      │ 1           │
│ sky130_fd_sc_hd__a311oi_2                                      │ 1           │
│ sky130_fd_sc_hd__a311oi_4                                      │ 1           │
│ sky130_fd_sc_hd__a31o_1                                        │ 2           │
│ sky130_fd_sc_hd__a31oi_1                                       │ 10          │
│ sky130_fd_sc_hd__a31oi_2                                       │ 2           │
│ sky130_fd_sc_hd__a32o_1                                        │ 2           │
│ sky130_fd_sc_hd__a32oi_1                                       │ 4           │
│ sky130_fd_sc_hd__a32oi_4                                       │ 2           │
│ sky130_fd_sc_hd__and2_1                                        │ 24          │
│ sky130_fd_sc_hd__and2_2                                        │ 2           │
│ sky130_fd_sc_hd__and3_1                                        │ 18          │
│ sky130_fd_sc_hd__and3b_1                                       │ 1           │
│ sky130_fd_sc_hd__and4_1                                        │ 3           │
│ sky130_fd_sc_hd__buf_12                                        │ 11          │
│ sky130_fd_sc_hd__buf_2                                         │ 47          │
│ sky130_fd_sc_hd__buf_4                                         │ 874         │
│ sky130_fd_sc_hd__buf_6                                         │ 736         │
│ sky130_fd_sc_hd__buf_8                                         │ 135         │
│ sky130_fd_sc_hd__bufinv_16                                     │ 20          │
│ sky130_fd_sc_hd__clkbuf_1                                      │ 17          │
│ sky130_fd_sc_hd__clkbuf_16                                     │ 358         │
│ sky130_fd_sc_hd__clkbuf_2                                      │ 767         │
│ sky130_fd_sc_hd__clkbuf_4                                      │ 49          │
│ sky130_fd_sc_hd__clkbuf_8                                      │ 14          │
│ sky130_fd_sc_hd__clkinv_1                                      │ 8           │
│ sky130_fd_sc_hd__clkinv_2                                      │ 15          │
│ sky130_fd_sc_hd__clkinv_4                                      │ 1           │
│ sky130_fd_sc_hd__conb_1                                        │ 548         │
│ sky130_fd_sc_hd__decap_12                                      │ 28829       │
│ sky130_fd_sc_hd__decap_3                                       │ 2684        │
│ sky130_fd_sc_hd__decap_4                                       │ 1208        │
│ sky130_fd_sc_hd__decap_6                                       │ 7880        │
│ sky130_fd_sc_hd__decap_8                                       │ 1371        │
│ sky130_fd_sc_hd__dfrtp_1                                       │ 1           │
│ sky130_fd_sc_hd__dfrtp_4                                       │ 1           │
│ sky130_fd_sc_hd__dfxtp_1                                       │ 204         │
│ sky130_fd_sc_hd__dfxtp_2                                       │ 32          │
│ sky130_fd_sc_hd__dfxtp_4                                       │ 23          │
│ sky130_fd_sc_hd__diode_2                                       │ 226         │
│ sky130_fd_sc_hd__edfxtp_1                                      │ 640         │
│ sky130_fd_sc_hd__fill_1                                        │ 8318        │
│ sky130_fd_sc_hd__fill_2                                        │ 1721        │
│ sky130_fd_sc_hd__inv_1                                         │ 129         │
│ sky130_fd_sc_hd__inv_2                                         │ 7           │
│ sky130_fd_sc_hd__inv_4                                         │ 1           │
│ sky130_fd_sc_hd__maj3_1                                        │ 2           │
│ sky130_fd_sc_hd__mux2_1                                        │ 42          │
│ sky130_fd_sc_hd__mux2_2                                        │ 14          │
│ sky130_fd_sc_hd__mux2i_1                                       │ 37          │
│ sky130_fd_sc_hd__mux2i_2                                       │ 1           │
│ sky130_fd_sc_hd__mux2i_4                                       │ 3           │
│ sky130_fd_sc_hd__mux4_2                                        │ 165         │
│ sky130_fd_sc_hd__nand2_1                                       │ 115         │
│ sky130_fd_sc_hd__nand2_2                                       │ 7           │
│ sky130_fd_sc_hd__nand2b_1                                      │ 24          │
│ sky130_fd_sc_hd__nand3_1                                       │ 71          │
│ sky130_fd_sc_hd__nand3_2                                       │ 1           │
│ sky130_fd_sc_hd__nand3_4                                       │ 1           │
│ sky130_fd_sc_hd__nand3b_1                                      │ 5           │
│ sky130_fd_sc_hd__nand4_1                                       │ 7           │
│ sky130_fd_sc_hd__nor2_4                                        │ 1           │
│ sky130_fd_sc_hd__nor2b_1                                       │ 73          │
│ sky130_fd_sc_hd__nor2b_2                                       │ 1           │
│ sky130_fd_sc_hd__nor2b_4                                       │ 6           │
│ sky130_fd_sc_hd__nor3_1                                        │ 78          │
│ sky130_fd_sc_hd__nor3_2                                        │ 16          │
│ sky130_fd_sc_hd__nor3b_1                                       │ 5           │
│ sky130_fd_sc_hd__nor3b_2                                       │ 4           │
│ sky130_fd_sc_hd__nor4_1                                        │ 8           │
│ sky130_fd_sc_hd__nor4_2                                        │ 2           │
│ sky130_fd_sc_hd__nor4b_1                                       │ 1           │
│ sky130_fd_sc_hd__nor4bb_1                                      │ 1           │
│ sky130_fd_sc_hd__o2111a_1                                      │ 1           │
│ sky130_fd_sc_hd__o2111ai_1                                     │ 4           │
│ sky130_fd_sc_hd__o211a_1                                       │ 8           │
│ sky130_fd_sc_hd__o211ai_1                                      │ 19          │
│ sky130_fd_sc_hd__o21a_1                                        │ 29          │
│ sky130_fd_sc_hd__o21ai_1                                       │ 107         │
│ sky130_fd_sc_hd__o21ai_2                                       │ 6           │
│ sky130_fd_sc_hd__o21ai_4                                       │ 8           │
│ sky130_fd_sc_hd__o21bai_1                                      │ 44          │
│ sky130_fd_sc_hd__o21bai_2                                      │ 3           │
│ sky130_fd_sc_hd__o21bai_4                                      │ 2           │
│ sky130_fd_sc_hd__o221ai_1                                      │ 3           │
│ sky130_fd_sc_hd__o221ai_4                                      │ 1           │
│ sky130_fd_sc_hd__o22ai_1                                       │ 18          │
│ sky130_fd_sc_hd__o2bb2ai_1                                     │ 3           │
│ sky130_fd_sc_hd__o31a_1                                        │ 1           │
│ sky130_fd_sc_hd__o32ai_1                                       │ 1           │
│ sky130_fd_sc_hd__o41ai_1                                       │ 1           │
│ sky130_fd_sc_hd__or2_1                                         │ 5           │
│ sky130_fd_sc_hd__or3_1                                         │ 6           │
│ sky130_fd_sc_hd__tapvpwrvgnd_1                                 │ 17634       │
│ sky130_fd_sc_hd__xnor2_1                                       │ 47          │
│ sky130_fd_sc_hd__xnor2_2                                       │ 12          │
│ sky130_fd_sc_hd__xnor3_1                                       │ 1           │
│ sky130_fd_sc_hd__xor2_1                                        │ 32          │
│ sky130_fd_sc_hd__xor2_2                                        │ 1           │
│ vccd1_connection                                               │ 1           │
│ vssd1_connection                                               │ 1           │
└────────────────────────────────────────────────────────────────┴─────────────┘
                               Cells by Function                                
┏━━━━━━━━━━━━━━━━━━━━━━━━━━━━━━━━━━━━━━━━━━━━━━━━━━━━━━━━━━━━━━━┳━━━━━━━━━━━━━━┓
┃ Cell Function                                                 ┃ Count        ┃
┡━━━━━━━━━━━━━━━━━━━━━━━━━━━━━━━━━━━━━━━━━━━━━━━━━━━━━━━━━━━━━━━╇━━━━━━━━━━━━━━┩
│ sky130_fd_sc_hd__a211o                                        │ 3            │
│ sky130_fd_sc_hd__a211oi                                       │ 33           │
│ sky130_fd_sc_hd__a21bo                                        │ 1            │
│ sky130_fd_sc_hd__a21boi                                       │ 7            │
│ sky130_fd_sc_hd__a21o                                         │ 12           │
│ sky130_fd_sc_hd__a21oi                                        │ 249          │
│ sky130_fd_sc_hd__a221o                                        │ 9            │
│ sky130_fd_sc_hd__a221oi                                       │ 37           │
│ sky130_fd_sc_hd__a222oi                                       │ 22           │
│ sky130_fd_sc_hd__a22o                                         │ 5            │
│ sky130_fd_sc_hd__a22oi                                        │ 26           │
│ sky130_fd_sc_hd__a311oi                                       │ 3            │
│ sky130_fd_sc_hd__a31o                                         │ 2            │
│ sky130_fd_sc_hd__a31oi                                        │ 12           │
│ sky130_fd_sc_hd__a32o                                         │ 2            │
│ sky130_fd_sc_hd__a32oi                                        │ 6            │
│ sky130_fd_sc_hd__and2                                         │ 26           │
│ sky130_fd_sc_hd__and3                                         │ 18           │
│ sky130_fd_sc_hd__and3b                                        │ 1            │
│ sky130_fd_sc_hd__and4                                         │ 3            │
│ sky130_fd_sc_hd__buf                                          │ 1803         │
│ sky130_fd_sc_hd__bufinv                                       │ 20           │
│ sky130_fd_sc_hd__clkbuf                                       │ 1205         │
│ sky130_fd_sc_hd__clkinv                                       │ 24           │
│ sky130_fd_sc_hd__conb                                         │ 548          │
│ sky130_fd_sc_hd__decap                                        │ 41972        │
│ sky130_fd_sc_hd__dfrtp                                        │ 2            │
│ sky130_fd_sc_hd__dfxtp                                        │ 259          │
│ sky130_fd_sc_hd__diode                                        │ 226          │
│ sky130_fd_sc_hd__edfxtp                                       │ 640          │
│ sky130_fd_sc_hd__fill                                         │ 10039        │
│ sky130_fd_sc_hd__inv                                          │ 137          │
│ sky130_fd_sc_hd__maj3                                         │ 2            │
│ sky130_fd_sc_hd__mux2                                         │ 56           │
│ sky130_fd_sc_hd__mux2i                                        │ 41           │
│ sky130_fd_sc_hd__mux4                                         │ 165          │
│ sky130_fd_sc_hd__nand2                                        │ 122          │
│ sky130_fd_sc_hd__nand2b                                       │ 24           │
│ sky130_fd_sc_hd__nand3                                        │ 73           │
│ sky130_fd_sc_hd__nand3b                                       │ 5            │
│ sky130_fd_sc_hd__nand4                                        │ 7            │
│ sky130_fd_sc_hd__nor2                                         │ 1            │
│ sky130_fd_sc_hd__nor2b                                        │ 80           │
│ sky130_fd_sc_hd__nor3                                         │ 94           │
│ sky130_fd_sc_hd__nor3b                                        │ 9            │
│ sky130_fd_sc_hd__nor4                                         │ 10           │
│ sky130_fd_sc_hd__nor4b                                        │ 1            │
│ sky130_fd_sc_hd__nor4bb                                       │ 1            │
│ sky130_fd_sc_hd__o2111a                                       │ 1            │
│ sky130_fd_sc_hd__o2111ai                                      │ 4            │
│ sky130_fd_sc_hd__o211a                                        │ 8            │
│ sky130_fd_sc_hd__o211ai                                       │ 19           │
│ sky130_fd_sc_hd__o21a                                         │ 29           │
│ sky130_fd_sc_hd__o21ai                                        │ 121          │
│ sky130_fd_sc_hd__o21bai                                       │ 49           │
│ sky130_fd_sc_hd__o221ai                                       │ 4            │
│ sky130_fd_sc_hd__o22ai                                        │ 18           │
│ sky130_fd_sc_hd__o2bb2ai                                      │ 3            │
│ sky130_fd_sc_hd__o31a                                         │ 1            │
│ sky130_fd_sc_hd__o32ai                                        │ 1            │
│ sky130_fd_sc_hd__o41ai                                        │ 1            │
│ sky130_fd_sc_hd__or2                                          │ 5            │
│ sky130_fd_sc_hd__or3                                          │ 6            │
│ sky130_fd_sc_hd__tapvpwrvgnd                                  │ 17634        │
│ sky130_fd_sc_hd__xnor2                                        │ 59           │
│ sky130_fd_sc_hd__xnor3                                        │ 1            │
│ sky130_fd_sc_hd__xor2                                         │ 33           │
└───────────────────────────────────────────────────────────────┴──────────────┘
                                  Cells by SCL                                  
┏━━━━━━━━━━━━━━━━━━━━━━━━━━━━━━━━━━━━━━━━━━━━━━━━━━━━━━━┳━━━━━━━━━━━━━━━━━━━━━━┓
┃ SCL                                                   ┃ Count                ┃
┡━━━━━━━━━━━━━━━━━━━━━━━━━━━━━━━━━━━━━━━━━━━━━━━━━━━━━━━╇━━━━━━━━━━━━━━━━━━━━━━┩
│ sky130_fd_sc_hd                                       │ 76040                │
└───────────────────────────────────────────────────────┴──────────────────────┘
                             Buffers by Cell Master                             
┏━━━━━━━━━━━━━━━━━━━━━━━━━━━━━━━━━━━━━━━━━━━━━━━━━━━━━━━━━━━━━━┳━━━━━━━━━━━━━━━┓
┃ Buffer                                                       ┃ Count         ┃
┡━━━━━━━━━━━━━━━━━━━━━━━━━━━━━━━━━━━━━━━━━━━━━━━━━━━━━━━━━━━━━━╇━━━━━━━━━━━━━━━┩
│ sky130_fd_sc_hd__buf_12                                      │ 11            │
│ sky130_fd_sc_hd__buf_2                                       │ 47            │
│ sky130_fd_sc_hd__buf_4                                       │ 874           │
│ sky130_fd_sc_hd__buf_6                                       │ 736           │
│ sky130_fd_sc_hd__buf_8                                       │ 135           │
│ sky130_fd_sc_hd__clkbuf_1                                    │ 17            │
│ sky130_fd_sc_hd__clkbuf_16                                   │ 358           │
│ sky130_fd_sc_hd__clkbuf_2                                    │ 767           │
│ sky130_fd_sc_hd__clkbuf_4                                    │ 49            │
│ sky130_fd_sc_hd__clkbuf_8                                    │ 14            │
└──────────────────────────────────────────────────────────────┴───────────────┘
