Clock: clk
Sources: gpio_in[38] 
Generated: no
Virtual: yes
Propagated: no
Period: 20.000000

===========================================================================
report_clock_properties
============================================================================
Clock                   Period          Waveform
----------------------------------------------------
clk                  20.000000    0.000000 10.000000

===========================================================================
report_clock_latency
============================================================================
Clock clk
rise -> rise
    min     max
0.000000 0.000000 source latency
4.423613         network latency _3807_/CLK
        7.091156 network latency _4236_/CLK
---------------
4.423613 7.091156 latency
        2.667543 skew

fall -> fall
    min     max
0.000000 0.000000 source latency
1.970477         network latency chip.gpu_inst.tiles[0].tile/clk
        7.364695 network latency _4236_/CLK
---------------
1.970477 7.364695 latency
        5.394217 skew



===========================================================================
report_clock_min_period
============================================================================
clk period_min = 8.65 fmax = 115.61
