Clock: clk
Sources: gpio_in[38] 
Generated: no
Virtual: yes
Propagated: no
Period: 20.000000

===========================================================================
report_clock_properties
============================================================================
Clock                   Period          Waveform
----------------------------------------------------
clk                  20.000000    0.000000 10.000000

===========================================================================
report_clock_latency
============================================================================
Clock clk
rise -> rise
    min     max
0.000000 0.000000 source latency
4.341948         network latency _3807_/CLK
        6.816926 network latency _4236_/CLK
---------------
4.341948 6.816926 latency
        2.474978 skew

fall -> fall
    min     max
0.000000 0.000000 source latency
1.879057         network latency chip.gpu_inst.tiles[0].tile/clk
        7.075573 network latency _4236_/CLK
---------------
1.879057 7.075573 latency
        5.196516 skew



===========================================================================
report_clock_min_period
============================================================================
clk period_min = 8.15 fmax = 122.77
