
===========================================================================
report_checks -unconstrained
===========================================================================
======================= max_tt_025C_1v80 Corner ===================================

Startpoint: _4006_ (rising edge-triggered flip-flop clocked by clk)
Endpoint: gpio_out[19] (output port clocked by clk)
Path Group: clk
Path Type: max

Fanout         Cap        Slew       Delay        Time   Description
---------------------------------------------------------------------------------------------
                                  0.000000    0.000000   clock clk (rise edge)
                                  0.000000    0.000000   clock source latency
     2    0.030524    0.000000    0.000000    0.000000 ^ gpio_in[38] (in)
                                                         gpio_in[38] (net)
                      0.005931    0.002966    0.002966 ^ delaybuf_0_clk/A (sky130_fd_sc_hd__clkbuf_16)
     1    0.011707    0.034844    0.103533    0.106498 ^ delaybuf_0_clk/X (sky130_fd_sc_hd__clkbuf_16)
                                                         delaynet_0_clk (net)
                      0.034850    0.001088    0.107587 ^ delaybuf_1_clk/A (sky130_fd_sc_hd__clkbuf_16)
     1    0.011790    0.034901    0.113668    0.221255 ^ delaybuf_1_clk/X (sky130_fd_sc_hd__clkbuf_16)
                                                         delaynet_1_clk (net)
                      0.034906    0.001081    0.222336 ^ delaybuf_2_clk/A (sky130_fd_sc_hd__clkbuf_16)
     1    0.011658    0.034774    0.113646    0.335982 ^ delaybuf_2_clk/X (sky130_fd_sc_hd__clkbuf_16)
                                                         delaynet_2_clk (net)
                      0.034776    0.000738    0.336721 ^ delaybuf_3_clk/A (sky130_fd_sc_hd__clkbuf_16)
     1    0.011795    0.034905    0.113646    0.450366 ^ delaybuf_3_clk/X (sky130_fd_sc_hd__clkbuf_16)
                                                         delaynet_3_clk (net)
                      0.034911    0.001082    0.451448 ^ delaybuf_4_clk/A (sky130_fd_sc_hd__clkbuf_16)
     1    0.011586    0.034728    0.113493    0.564941 ^ delaybuf_4_clk/X (sky130_fd_sc_hd__clkbuf_16)
                                                         delaynet_4_clk (net)
                      0.034733    0.001069    0.566010 ^ delaybuf_5_clk/A (sky130_fd_sc_hd__clkbuf_16)
     1    0.012041    0.035101    0.113940    0.679950 ^ delaybuf_5_clk/X (sky130_fd_sc_hd__clkbuf_16)
                                                         delaynet_5_clk (net)
                      0.035102    0.000772    0.680722 ^ delaybuf_6_clk/A (sky130_fd_sc_hd__clkbuf_16)
     1    0.011864    0.034958    0.113866    0.794587 ^ delaybuf_6_clk/X (sky130_fd_sc_hd__clkbuf_16)
                                                         delaynet_6_clk (net)
                      0.034962    0.000997    0.795584 ^ delaybuf_7_clk/A (sky130_fd_sc_hd__clkbuf_16)
     1    0.019600    0.041557    0.120788    0.916372 ^ delaybuf_7_clk/X (sky130_fd_sc_hd__clkbuf_16)
                                                         delaynet_7_clk (net)
                      0.041734    0.002287    0.918659 ^ wire2250/A (sky130_fd_sc_hd__buf_6)
     1    0.017882    0.047259    0.100538    1.019197 ^ wire2250/X (sky130_fd_sc_hd__buf_6)
                                                         net2250 (net)
                      0.047449    0.002134    1.021331 ^ wire2249/A (sky130_fd_sc_hd__buf_6)
     1    0.119938    0.237905    0.193592    1.214924 ^ wire2249/X (sky130_fd_sc_hd__buf_6)
                                                         net2249 (net)
                      0.276174    0.072821    1.287745 ^ wire2248/A (sky130_fd_sc_hd__buf_6)
     1    0.031495    0.073964    0.177154    1.464899 ^ wire2248/X (sky130_fd_sc_hd__buf_6)
                                                         net2248 (net)
                      0.075119    0.007250    1.472149 ^ delaybuf_8_clk/A (sky130_fd_sc_hd__clkbuf_16)
     1    0.019476    0.041481    0.135153    1.607302 ^ delaybuf_8_clk/X (sky130_fd_sc_hd__clkbuf_16)
                                                         delaynet_8_clk (net)
                      0.041741    0.002734    1.610037 ^ delaybuf_9_clk/A (sky130_fd_sc_hd__clkbuf_16)
     1    0.019793    0.041721    0.123308    1.733344 ^ delaybuf_9_clk/X (sky130_fd_sc_hd__clkbuf_16)
                                                         delaynet_9_clk (net)
                      0.041955    0.002450    1.735795 ^ delaybuf_10_clk/A (sky130_fd_sc_hd__clkbuf_16)
     1    0.022473    0.043953    0.125511    1.861305 ^ delaybuf_10_clk/X (sky130_fd_sc_hd__clkbuf_16)
                                                         delaynet_10_clk (net)
                      0.044654    0.003345    1.864650 ^ delaybuf_11_clk/A (sky130_fd_sc_hd__clkbuf_16)
     1    0.021740    0.043342    0.125823    1.990473 ^ delaybuf_11_clk/X (sky130_fd_sc_hd__clkbuf_16)
                                                         delaynet_11_clk (net)
                      0.043955    0.003287    1.993761 ^ delaybuf_12_clk/A (sky130_fd_sc_hd__clkbuf_16)
     1    0.020279    0.042130    0.124528    2.118289 ^ delaybuf_12_clk/X (sky130_fd_sc_hd__clkbuf_16)
                                                         delaynet_12_clk (net)
                      0.042409    0.002517    2.120806 ^ delaybuf_13_clk/A (sky130_fd_sc_hd__clkbuf_16)
     1    0.017624    0.039891    0.121644    2.242450 ^ delaybuf_13_clk/X (sky130_fd_sc_hd__clkbuf_16)
                                                         delaynet_13_clk (net)
                      0.039933    0.002141    2.244591 ^ delaybuf_14_clk/A (sky130_fd_sc_hd__clkbuf_16)
     1    0.021905    0.043494    0.124522    2.369113 ^ delaybuf_14_clk/X (sky130_fd_sc_hd__clkbuf_16)
                                                         delaynet_14_clk (net)
                      0.043962    0.002831    2.371944 ^ delaybuf_15_clk/A (sky130_fd_sc_hd__clkbuf_16)
     1    0.021080    0.042801    0.125260    2.497203 ^ delaybuf_15_clk/X (sky130_fd_sc_hd__clkbuf_16)
                                                         delaynet_15_clk (net)
                      0.043142    0.002482    2.499685 ^ delaybuf_16_clk/A (sky130_fd_sc_hd__clkbuf_16)
     1    0.023642    0.045300    0.127046    2.626731 ^ delaybuf_16_clk/X (sky130_fd_sc_hd__clkbuf_16)
                                                         delaynet_16_clk (net)
                      0.045787    0.003583    2.630314 ^ delaybuf_17_clk/A (sky130_fd_sc_hd__clkbuf_16)
     1    0.018848    0.040925    0.123947    2.754261 ^ delaybuf_17_clk/X (sky130_fd_sc_hd__clkbuf_16)
                                                         delaynet_17_clk (net)
                      0.041008    0.002306    2.756567 ^ delaybuf_18_clk/A (sky130_fd_sc_hd__clkbuf_16)
     1    0.019548    0.041514    0.122840    2.879407 ^ delaybuf_18_clk/X (sky130_fd_sc_hd__clkbuf_16)
                                                         delaynet_18_clk (net)
                      0.041648    0.002336    2.881743 ^ delaybuf_19_clk/A (sky130_fd_sc_hd__clkbuf_16)
     1    0.022116    0.043664    0.125206    3.006949 ^ delaybuf_19_clk/X (sky130_fd_sc_hd__clkbuf_16)
                                                         delaynet_19_clk (net)
                      0.044213    0.002969    3.009918 ^ delaybuf_20_clk/A (sky130_fd_sc_hd__clkbuf_16)
     1    0.022488    0.044116    0.126526    3.136444 ^ delaybuf_20_clk/X (sky130_fd_sc_hd__clkbuf_16)
                                                         delaynet_20_clk (net)
                      0.044509    0.002722    3.139166 ^ clkbuf_regs_0_clk/A (sky130_fd_sc_hd__clkbuf_16)
     1    0.008860    0.032372    0.114477    3.253643 ^ clkbuf_regs_0_clk/X (sky130_fd_sc_hd__clkbuf_16)
                                                         gpio_in[38]_regs (net)
                      0.032375    0.000702    3.254345 ^ clkbuf_0_gpio_in[38]_regs/A (sky130_fd_sc_hd__clkbuf_16)
     2    0.076048    0.094918    0.152288    3.406632 ^ clkbuf_0_gpio_in[38]_regs/X (sky130_fd_sc_hd__clkbuf_16)
                                                         clknet_0_gpio_in[38]_regs (net)
                      0.103132    0.021360    3.427993 ^ clkbuf_1_1_0_gpio_in[38]_regs/A (sky130_fd_sc_hd__clkbuf_16)
     1    0.095305    0.113768    0.188319    3.616312 ^ clkbuf_1_1_0_gpio_in[38]_regs/X (sky130_fd_sc_hd__clkbuf_16)
                                                         clknet_1_1_0_gpio_in[38]_regs (net)
                      0.129182    0.031954    3.648266 ^ clkbuf_1_1_1_gpio_in[38]_regs/A (sky130_fd_sc_hd__clkbuf_16)
     2    0.065587    0.084534    0.185325    3.833591 ^ clkbuf_1_1_1_gpio_in[38]_regs/X (sky130_fd_sc_hd__clkbuf_16)
                                                         clknet_1_1_1_gpio_in[38]_regs (net)
                      0.088117    0.013541    3.847132 ^ clkbuf_2_3_0_gpio_in[38]_regs/A (sky130_fd_sc_hd__clkbuf_16)
     1    0.092207    0.110033    0.190490    4.037622 ^ clkbuf_2_3_0_gpio_in[38]_regs/X (sky130_fd_sc_hd__clkbuf_16)
                                                         clknet_2_3_0_gpio_in[38]_regs (net)
                      0.112043    0.011805    4.049427 ^ clkbuf_2_3_1_gpio_in[38]_regs/A (sky130_fd_sc_hd__clkbuf_16)
     2    0.085579    0.102646    0.196506    4.245933 ^ clkbuf_2_3_1_gpio_in[38]_regs/X (sky130_fd_sc_hd__clkbuf_16)
                                                         clknet_2_3_1_gpio_in[38]_regs (net)
                      0.104547    0.011076    4.257009 ^ clkbuf_3_7_0_gpio_in[38]_regs/A (sky130_fd_sc_hd__clkbuf_16)
     2    0.028384    0.049492    0.153868    4.410878 ^ clkbuf_3_7_0_gpio_in[38]_regs/X (sky130_fd_sc_hd__clkbuf_16)
                                                         clknet_3_7_0_gpio_in[38]_regs (net)
                      0.049745    0.003467    4.414345 ^ clkbuf_4_15_0_gpio_in[38]_regs/A (sky130_fd_sc_hd__clkbuf_16)
     2    0.094092    0.111652    0.178393    4.592738 ^ clkbuf_4_15_0_gpio_in[38]_regs/X (sky130_fd_sc_hd__clkbuf_16)
                                                         clknet_4_15_0_gpio_in[38]_regs (net)
                      0.113540    0.011538    4.604276 ^ clkbuf_5_30_0_gpio_in[38]_regs/A (sky130_fd_sc_hd__clkbuf_16)
     2    0.039455    0.059052    0.165142    4.769418 ^ clkbuf_5_30_0_gpio_in[38]_regs/X (sky130_fd_sc_hd__clkbuf_16)
                                                         clknet_5_30_0_gpio_in[38]_regs (net)
                      0.059833    0.004500    4.773918 ^ clkbuf_6_60__f_gpio_in[38]_regs/A (sky130_fd_sc_hd__clkbuf_16)
     3    0.037284    0.057242    0.144704    4.918622 ^ clkbuf_6_60__f_gpio_in[38]_regs/X (sky130_fd_sc_hd__clkbuf_16)
                                                         clknet_6_60__leaf_gpio_in[38]_regs (net)
                      0.057319    0.000869    4.919491 ^ clkbuf_leaf_168_gpio_in[38]_regs/A (sky130_fd_sc_hd__clkbuf_16)
     6    0.022810    0.044302    0.132460    5.051950 ^ clkbuf_leaf_168_gpio_in[38]_regs/X (sky130_fd_sc_hd__clkbuf_16)
                                                         clknet_leaf_168_gpio_in[38]_regs (net)
                      0.044309    0.000549    5.052500 ^ _4006_/CLK (sky130_fd_sc_hd__dfxtp_4)
     2    0.111651    0.315997    0.535007    5.587507 ^ _4006_/Q (sky130_fd_sc_hd__dfxtp_4)
                                                         bus_req (net)
                      0.316814    0.012189    5.599696 ^ wire1424/A (sky130_fd_sc_hd__buf_8)
     2    0.094734    0.158872    0.233157    5.832852 ^ wire1424/X (sky130_fd_sc_hd__buf_8)
                                                         net1424 (net)
                      0.161361    0.015831    5.848683 ^ wire1423/A (sky130_fd_sc_hd__buf_6)
     1    0.074415    0.151916    0.210250    6.058933 ^ wire1423/X (sky130_fd_sc_hd__buf_6)
                                                         net1423 (net)
                      0.152499    0.007641    6.066574 ^ wire1422/A (sky130_fd_sc_hd__buf_6)
     1    0.062255    0.130912    0.183146    6.249720 ^ wire1422/X (sky130_fd_sc_hd__buf_6)
                                                         net1422 (net)
                      0.137409    0.022677    6.272397 ^ wire1421/A (sky130_fd_sc_hd__buf_6)
     1    0.048850    0.105044    0.167396    6.439793 ^ wire1421/X (sky130_fd_sc_hd__buf_6)
                                                         net1421 (net)
                      0.108779    0.015454    6.455246 ^ _4805_/A (sky130_fd_sc_hd__clkbuf_2)
     1    0.035149    0.193809    0.230559    6.685805 ^ _4805_/X (sky130_fd_sc_hd__clkbuf_2)
                                                         net31 (net)
                      0.194232    0.007355    6.693161 ^ wire3014/A (sky130_fd_sc_hd__buf_4)
     1    0.034385    0.103905    0.201395    6.894556 ^ wire3014/X (sky130_fd_sc_hd__buf_4)
                                                         net3014 (net)
                      0.104663    0.007081    6.901637 ^ wire3013/A (sky130_fd_sc_hd__buf_6)
     2    0.075775    0.155451    0.186569    7.088206 ^ wire3013/X (sky130_fd_sc_hd__buf_6)
                                                         net3013 (net)
                      0.164071    0.028523    7.116730 ^ wire688/A (sky130_fd_sc_hd__buf_6)
     1    0.005294    0.027223    0.117289    7.234018 ^ wire688/X (sky130_fd_sc_hd__buf_6)
                                                         net688 (net)
                      0.027223    0.000417    7.234435 ^ output31/A (sky130_fd_sc_hd__buf_2)
     1    0.003628    0.030260    0.087408    7.321843 ^ output31/X (sky130_fd_sc_hd__buf_2)
                                                         gpio_out[19] (net)
                      0.030261    0.000210    7.322053 ^ gpio_out[19] (out)
                                              7.322053   data arrival time

                                 20.000000   20.000000   clock clk (rise edge)
                                  0.000000   20.000000   clock network delay (propagated)
                                 -0.250000   19.750002   clock uncertainty
                                  0.000000   19.750002   clock reconvergence pessimism
                                 -4.000000   15.750001   output external delay
                                             15.750001   data required time
---------------------------------------------------------------------------------------------
                                             15.750001   data required time
                                             -7.322053   data arrival time
---------------------------------------------------------------------------------------------
                                              8.427948   slack (MET)




===========================================================================
report_checks --slack_max -0.01
============================================================================
======================= max_tt_025C_1v80 Corner ===================================

No paths found.


===========================================================================
 report_check_types -max_slew -max_cap -max_fanout -violators
============================================================================
======================= max_tt_025C_1v80 Corner ===================================



===========================================================================
report_parasitic_annotation -report_unannotated
============================================================================
Found 927 unannotated drivers.
 analog_io[0]
 analog_io[10]
 analog_io[11]
 analog_io[12]
 analog_io[13]
 analog_io[14]
 analog_io[15]
 analog_io[16]
 analog_io[17]
 analog_io[18]
 analog_io[19]
 analog_io[1]
 analog_io[20]
 analog_io[21]
 analog_io[22]
 analog_io[23]
 analog_io[24]
 analog_io[25]
 analog_io[26]
 analog_io[27]
 analog_io[28]
 analog_io[29]
 analog_io[2]
 analog_io[30]
 analog_io[31]
 analog_io[32]
 analog_io[33]
 analog_io[34]
 analog_io[35]
 analog_io[36]
 analog_io[37]
 analog_io[38]
 analog_io[39]
 analog_io[3]
 analog_io[40]
 analog_io[41]
 analog_io[42]
 analog_io[43]
 analog_io[4]
 analog_io[5]
 analog_io[6]
 analog_io[7]
 analog_io[8]
 analog_io[9]
 analog_noesd_io[0]
 analog_noesd_io[10]
 analog_noesd_io[11]
 analog_noesd_io[12]
 analog_noesd_io[13]
 analog_noesd_io[14]
 analog_noesd_io[15]
 analog_noesd_io[16]
 analog_noesd_io[17]
 analog_noesd_io[18]
 analog_noesd_io[19]
 analog_noesd_io[1]
 analog_noesd_io[20]
 analog_noesd_io[21]
 analog_noesd_io[22]
 analog_noesd_io[23]
 analog_noesd_io[24]
 analog_noesd_io[25]
 analog_noesd_io[26]
 analog_noesd_io[27]
 analog_noesd_io[28]
 analog_noesd_io[29]
 analog_noesd_io[2]
 analog_noesd_io[30]
 analog_noesd_io[31]
 analog_noesd_io[32]
 analog_noesd_io[33]
 analog_noesd_io[34]
 analog_noesd_io[35]
 analog_noesd_io[36]
 analog_noesd_io[37]
 analog_noesd_io[38]
 analog_noesd_io[39]
 analog_noesd_io[3]
 analog_noesd_io[40]
 analog_noesd_io[41]
 analog_noesd_io[42]
 analog_noesd_io[43]
 analog_noesd_io[4]
 analog_noesd_io[5]
 analog_noesd_io[6]
 analog_noesd_io[7]
 analog_noesd_io[8]
 analog_noesd_io[9]
 gpio_in[0]
 gpio_in[10]
 gpio_in[11]
 gpio_in[12]
 gpio_in[13]
 gpio_in[14]
 gpio_in[15]
 gpio_in[16]
 gpio_in[17]
 gpio_in[18]
 gpio_in[19]
 gpio_in[1]
 gpio_in[22]
 gpio_in[23]
 gpio_in[2]
 gpio_in[3]
 gpio_in[41]
 gpio_in[42]
 gpio_in[43]
 gpio_in[4]
 gpio_in[5]
 gpio_in[6]
 gpio_in[7]
 gpio_in[8]
 gpio_in[9]
 gpio_in_h[0]
 gpio_in_h[10]
 gpio_in_h[11]
 gpio_in_h[12]
 gpio_in_h[13]
 gpio_in_h[14]
 gpio_in_h[15]
 gpio_in_h[16]
 gpio_in_h[17]
 gpio_in_h[18]
 gpio_in_h[19]
 gpio_in_h[1]
 gpio_in_h[20]
 gpio_in_h[21]
 gpio_in_h[22]
 gpio_in_h[23]
 gpio_in_h[24]
 gpio_in_h[25]
 gpio_in_h[26]
 gpio_in_h[27]
 gpio_in_h[28]
 gpio_in_h[29]
 gpio_in_h[2]
 gpio_in_h[30]
 gpio_in_h[31]
 gpio_in_h[32]
 gpio_in_h[33]
 gpio_in_h[34]
 gpio_in_h[35]
 gpio_in_h[36]
 gpio_in_h[37]
 gpio_in_h[38]
 gpio_in_h[39]
 gpio_in_h[3]
 gpio_in_h[40]
 gpio_in_h[41]
 gpio_in_h[42]
 gpio_in_h[43]
 gpio_in_h[4]
 gpio_in_h[5]
 gpio_in_h[6]
 gpio_in_h[7]
 gpio_in_h[8]
 gpio_in_h[9]
 gpio_loopback_one[0]
 gpio_loopback_one[10]
 gpio_loopback_one[11]
 gpio_loopback_one[12]
 gpio_loopback_one[13]
 gpio_loopback_one[14]
 gpio_loopback_one[15]
 gpio_loopback_one[16]
 gpio_loopback_one[17]
 gpio_loopback_one[18]
 gpio_loopback_one[19]
 gpio_loopback_one[1]
 gpio_loopback_one[20]
 gpio_loopback_one[21]
 gpio_loopback_one[22]
 gpio_loopback_one[23]
 gpio_loopback_one[24]
 gpio_loopback_one[25]
 gpio_loopback_one[26]
 gpio_loopback_one[27]
 gpio_loopback_one[28]
 gpio_loopback_one[29]
 gpio_loopback_one[2]
 gpio_loopback_one[30]
 gpio_loopback_one[31]
 gpio_loopback_one[32]
 gpio_loopback_one[33]
 gpio_loopback_one[34]
 gpio_loopback_one[35]
 gpio_loopback_one[36]
 gpio_loopback_one[37]
 gpio_loopback_one[38]
 gpio_loopback_one[39]
 gpio_loopback_one[3]
 gpio_loopback_one[40]
 gpio_loopback_one[41]
 gpio_loopback_one[42]
 gpio_loopback_one[43]
 gpio_loopback_one[4]
 gpio_loopback_one[5]
 gpio_loopback_one[6]
 gpio_loopback_one[7]
 gpio_loopback_one[8]
 gpio_loopback_one[9]
 gpio_loopback_zero[0]
 gpio_loopback_zero[10]
 gpio_loopback_zero[11]
 gpio_loopback_zero[12]
 gpio_loopback_zero[13]
 gpio_loopback_zero[14]
 gpio_loopback_zero[15]
 gpio_loopback_zero[16]
 gpio_loopback_zero[17]
 gpio_loopback_zero[18]
 gpio_loopback_zero[19]
 gpio_loopback_zero[1]
 gpio_loopback_zero[20]
 gpio_loopback_zero[21]
 gpio_loopback_zero[22]
 gpio_loopback_zero[23]
 gpio_loopback_zero[24]
 gpio_loopback_zero[25]
 gpio_loopback_zero[26]
 gpio_loopback_zero[27]
 gpio_loopback_zero[28]
 gpio_loopback_zero[29]
 gpio_loopback_zero[2]
 gpio_loopback_zero[30]
 gpio_loopback_zero[31]
 gpio_loopback_zero[32]
 gpio_loopback_zero[33]
 gpio_loopback_zero[34]
 gpio_loopback_zero[35]
 gpio_loopback_zero[36]
 gpio_loopback_zero[37]
 gpio_loopback_zero[38]
 gpio_loopback_zero[39]
 gpio_loopback_zero[3]
 gpio_loopback_zero[40]
 gpio_loopback_zero[41]
 gpio_loopback_zero[42]
 gpio_loopback_zero[43]
 gpio_loopback_zero[4]
 gpio_loopback_zero[5]
 gpio_loopback_zero[6]
 gpio_loopback_zero[7]
 gpio_loopback_zero[8]
 gpio_loopback_zero[9]
 mask_rev[0]
 mask_rev[10]
 mask_rev[11]
 mask_rev[12]
 mask_rev[13]
 mask_rev[14]
 mask_rev[15]
 mask_rev[16]
 mask_rev[17]
 mask_rev[18]
 mask_rev[19]
 mask_rev[1]
 mask_rev[20]
 mask_rev[21]
 mask_rev[22]
 mask_rev[23]
 mask_rev[24]
 mask_rev[25]
 mask_rev[26]
 mask_rev[27]
 mask_rev[28]
 mask_rev[29]
 mask_rev[2]
 mask_rev[30]
 mask_rev[31]
 mask_rev[3]
 mask_rev[4]
 mask_rev[5]
 mask_rev[6]
 mask_rev[7]
 mask_rev[8]
 mask_rev[9]
 por_l
 porb_h
 resetb_h
 _4236__2100/LO
 chip.gpu_inst.tiles\[0\].tile/data_mem_read_address[16]
 chip.gpu_inst.tiles\[0\].tile/data_mem_read_address[17]
 chip.gpu_inst.tiles\[0\].tile/data_mem_read_address[18]
 chip.gpu_inst.tiles\[0\].tile/data_mem_write_address[16]
 chip.gpu_inst.tiles\[0\].tile/data_mem_write_address[17]
 chip.gpu_inst.tiles\[0\].tile/data_mem_write_address[18]
 chip.gpu_inst.tiles\[1\].tile/data_mem_read_address[16]
 chip.gpu_inst.tiles\[1\].tile/data_mem_read_address[17]
 chip.gpu_inst.tiles\[1\].tile/data_mem_read_address[18]
 chip.gpu_inst.tiles\[1\].tile/data_mem_write_address[16]
 chip.gpu_inst.tiles\[1\].tile/data_mem_write_address[17]
 chip.gpu_inst.tiles\[1\].tile/data_mem_write_address[18]
 chip.gpu_inst.tiles\[2\].tile/data_mem_read_address[16]
 chip.gpu_inst.tiles\[2\].tile/data_mem_read_address[17]
 chip.gpu_inst.tiles\[2\].tile/data_mem_read_address[18]
 chip.gpu_inst.tiles\[2\].tile/data_mem_write_address[16]
 chip.gpu_inst.tiles\[2\].tile/data_mem_write_address[17]
 chip.gpu_inst.tiles\[2\].tile/data_mem_write_address[18]
 chip.gpu_inst.tiles\[3\].tile/data_mem_read_address[16]
 chip.gpu_inst.tiles\[3\].tile/data_mem_read_address[17]
 chip.gpu_inst.tiles\[3\].tile/data_mem_read_address[18]
 chip.gpu_inst.tiles\[3\].tile/data_mem_write_address[16]
 chip.gpu_inst.tiles\[3\].tile/data_mem_write_address[17]
 chip.gpu_inst.tiles\[3\].tile/data_mem_write_address[18]
 clkload0/Y
 clkload1/Y
 clkload10/X
 clkload11/X
 clkload12/Y
 clkload13/X
 clkload14/Y
 clkload15/X
 clkload16/X
 clkload17/X
 clkload18/Y
 clkload19/Y
 clkload2/X
 clkload20/Y
 clkload21/Y
 clkload22/Y
 clkload23/X
 clkload24/X
 clkload25/Y
 clkload26/X
 clkload27/X
 clkload28/X
 clkload29/Y
 clkload3/X
 clkload30/Y
 clkload31/X
 clkload32/Y
 clkload33/X
 clkload34/X
 clkload35/X
 clkload36/Y
 clkload37/Y
 clkload38/Y
 clkload39/Y
 clkload4/Y
 clkload40/Y
 clkload41/Y
 clkload42/Y
 clkload43/Y
 clkload44/Y
 clkload45/Y
 clkload46/Y
 clkload47/Y
 clkload48/Y
 clkload49/Y
 clkload5/Y
 clkload50/Y
 clkload51/Y
 clkload52/X
 clkload53/X
 clkload54/X
 clkload55/X
 clkload56/X
 clkload57/Y
 clkload58/Y
 clkload59/Y
 clkload6/X
 clkload60/X
 clkload61/Y
 clkload62/Y
 clkload63/Y
 clkload64/Y
 clkload65/Y
 clkload66/Y
 clkload67/X
 clkload68/Y
 clkload69/X
 clkload7/X
 clkload70/X
 clkload71/X
 clkload72/Y
 clkload73/X
 clkload74/X
 clkload8/Y
 clkload9/X
 openframe_project_wrapper/HI
 openframe_project_wrapper_1669/HI
 openframe_project_wrapper_1670/HI
 openframe_project_wrapper_1671/HI
 openframe_project_wrapper_1672/HI
 openframe_project_wrapper_1673/HI
 openframe_project_wrapper_1674/HI
 openframe_project_wrapper_1675/HI
 openframe_project_wrapper_1676/HI
 openframe_project_wrapper_1677/HI
 openframe_project_wrapper_1678/HI
 openframe_project_wrapper_1679/HI
 openframe_project_wrapper_1680/HI
 openframe_project_wrapper_1681/HI
 openframe_project_wrapper_1682/HI
 openframe_project_wrapper_1683/HI
 openframe_project_wrapper_1684/HI
 openframe_project_wrapper_1685/HI
 openframe_project_wrapper_1686/HI
 openframe_project_wrapper_1687/HI
 openframe_project_wrapper_1688/HI
 openframe_project_wrapper_1689/HI
 openframe_project_wrapper_1690/HI
 openframe_project_wrapper_1691/HI
 openframe_project_wrapper_1692/HI
 openframe_project_wrapper_1693/HI
 openframe_project_wrapper_1694/HI
 openframe_project_wrapper_1695/HI
 openframe_project_wrapper_1696/HI
 openframe_project_wrapper_1697/HI
 openframe_project_wrapper_1698/HI
 openframe_project_wrapper_1699/HI
 openframe_project_wrapper_1700/HI
 openframe_project_wrapper_1701/HI
 openframe_project_wrapper_1702/HI
 openframe_project_wrapper_1703/HI
 openframe_project_wrapper_1704/HI
 openframe_project_wrapper_1705/HI
 openframe_project_wrapper_1706/HI
 openframe_project_wrapper_1707/HI
 openframe_project_wrapper_1708/HI
 openframe_project_wrapper_1709/HI
 openframe_project_wrapper_1710/HI
 openframe_project_wrapper_1711/HI
 openframe_project_wrapper_1712/HI
 openframe_project_wrapper_1713/HI
 openframe_project_wrapper_1714/HI
 openframe_project_wrapper_1715/HI
 openframe_project_wrapper_1716/HI
 openframe_project_wrapper_1717/HI
 openframe_project_wrapper_1718/HI
 openframe_project_wrapper_1719/HI
 openframe_project_wrapper_1720/HI
 openframe_project_wrapper_1721/HI
 openframe_project_wrapper_1722/HI
 openframe_project_wrapper_1723/HI
 openframe_project_wrapper_1724/HI
 openframe_project_wrapper_1725/HI
 openframe_project_wrapper_1726/HI
 openframe_project_wrapper_1727/HI
 openframe_project_wrapper_1728/HI
 openframe_project_wrapper_1729/HI
 openframe_project_wrapper_1730/HI
 openframe_project_wrapper_1731/HI
 openframe_project_wrapper_1732/HI
 openframe_project_wrapper_1733/HI
 openframe_project_wrapper_1734/HI
 openframe_project_wrapper_1735/HI
 openframe_project_wrapper_1736/HI
 openframe_project_wrapper_1737/HI
 openframe_project_wrapper_1738/HI
 openframe_project_wrapper_1739/HI
 openframe_project_wrapper_1740/HI
 openframe_project_wrapper_1741/HI
 openframe_project_wrapper_1742/HI
 openframe_project_wrapper_1743/HI
 openframe_project_wrapper_1744/HI
 openframe_project_wrapper_1745/HI
 openframe_project_wrapper_1746/HI
 openframe_project_wrapper_1747/HI
 openframe_project_wrapper_1748/HI
 openframe_project_wrapper_1749/HI
 openframe_project_wrapper_1750/HI
 openframe_project_wrapper_1751/HI
 openframe_project_wrapper_1752/HI
 openframe_project_wrapper_1753/HI
 openframe_project_wrapper_1754/HI
 openframe_project_wrapper_1755/HI
 openframe_project_wrapper_1756/HI
 openframe_project_wrapper_1757/HI
 openframe_project_wrapper_1758/HI
 openframe_project_wrapper_1759/HI
 openframe_project_wrapper_1760/HI
 openframe_project_wrapper_1761/HI
 openframe_project_wrapper_1762/HI
 openframe_project_wrapper_1763/HI
 openframe_project_wrapper_1764/HI
 openframe_project_wrapper_1765/HI
 openframe_project_wrapper_1766/HI
 openframe_project_wrapper_1767/HI
 openframe_project_wrapper_1768/HI
 openframe_project_wrapper_1769/HI
 openframe_project_wrapper_1770/HI
 openframe_project_wrapper_1771/HI
 openframe_project_wrapper_1772/HI
 openframe_project_wrapper_1773/HI
 openframe_project_wrapper_1774/HI
 openframe_project_wrapper_1775/HI
 openframe_project_wrapper_1776/HI
 openframe_project_wrapper_1777/HI
 openframe_project_wrapper_1778/HI
 openframe_project_wrapper_1779/HI
 openframe_project_wrapper_1780/HI
 openframe_project_wrapper_1781/HI
 openframe_project_wrapper_1782/HI
 openframe_project_wrapper_1783/HI
 openframe_project_wrapper_1784/HI
 openframe_project_wrapper_1785/HI
 openframe_project_wrapper_1786/HI
 openframe_project_wrapper_1787/HI
 openframe_project_wrapper_1788/HI
 openframe_project_wrapper_1789/HI
 openframe_project_wrapper_1790/HI
 openframe_project_wrapper_1791/HI
 openframe_project_wrapper_1792/HI
 openframe_project_wrapper_1793/HI
 openframe_project_wrapper_1794/HI
 openframe_project_wrapper_1795/HI
 openframe_project_wrapper_1796/HI
 openframe_project_wrapper_1797/HI
 openframe_project_wrapper_1798/HI
 openframe_project_wrapper_1799/HI
 openframe_project_wrapper_1800/HI
 openframe_project_wrapper_1801/HI
 openframe_project_wrapper_1802/HI
 openframe_project_wrapper_1803/HI
 openframe_project_wrapper_1804/HI
 openframe_project_wrapper_1805/HI
 openframe_project_wrapper_1806/HI
 openframe_project_wrapper_1807/HI
 openframe_project_wrapper_1808/HI
 openframe_project_wrapper_1809/HI
 openframe_project_wrapper_1810/HI
 openframe_project_wrapper_1811/HI
 openframe_project_wrapper_1812/HI
 openframe_project_wrapper_1813/HI
 openframe_project_wrapper_1814/HI
 openframe_project_wrapper_1815/HI
 openframe_project_wrapper_1816/HI
 openframe_project_wrapper_1817/HI
 openframe_project_wrapper_1818/HI
 openframe_project_wrapper_1819/HI
 openframe_project_wrapper_1820/HI
 openframe_project_wrapper_1821/HI
 openframe_project_wrapper_1822/HI
 openframe_project_wrapper_1823/HI
 openframe_project_wrapper_1824/HI
 openframe_project_wrapper_1825/HI
 openframe_project_wrapper_1826/HI
 openframe_project_wrapper_1827/HI
 openframe_project_wrapper_1828/HI
 openframe_project_wrapper_1829/HI
 openframe_project_wrapper_1830/HI
 openframe_project_wrapper_1831/HI
 openframe_project_wrapper_1832/HI
 openframe_project_wrapper_1833/HI
 openframe_project_wrapper_1834/HI
 openframe_project_wrapper_1835/HI
 openframe_project_wrapper_1836/HI
 openframe_project_wrapper_1837/HI
 openframe_project_wrapper_1838/HI
 openframe_project_wrapper_1839/HI
 openframe_project_wrapper_1840/HI
 openframe_project_wrapper_1841/HI
 openframe_project_wrapper_1842/HI
 openframe_project_wrapper_1843/HI
 openframe_project_wrapper_1844/HI
 openframe_project_wrapper_1845/HI
 openframe_project_wrapper_1846/HI
 openframe_project_wrapper_1847/HI
 openframe_project_wrapper_1848/HI
 openframe_project_wrapper_1849/HI
 openframe_project_wrapper_1850/HI
 openframe_project_wrapper_1851/HI
 openframe_project_wrapper_1852/HI
 openframe_project_wrapper_1853/HI
 openframe_project_wrapper_1854/HI
 openframe_project_wrapper_1855/HI
 openframe_project_wrapper_1856/HI
 openframe_project_wrapper_1857/HI
 openframe_project_wrapper_1858/HI
 openframe_project_wrapper_1859/HI
 openframe_project_wrapper_1860/HI
 openframe_project_wrapper_1861/HI
 openframe_project_wrapper_1862/HI
 openframe_project_wrapper_1863/HI
 openframe_project_wrapper_1864/HI
 openframe_project_wrapper_1865/HI
 openframe_project_wrapper_1866/HI
 openframe_project_wrapper_1867/HI
 openframe_project_wrapper_1868/HI
 openframe_project_wrapper_1869/HI
 openframe_project_wrapper_1870/HI
 openframe_project_wrapper_1871/HI
 openframe_project_wrapper_1872/HI
 openframe_project_wrapper_1873/HI
 openframe_project_wrapper_1874/HI
 openframe_project_wrapper_1875/HI
 openframe_project_wrapper_1876/HI
 openframe_project_wrapper_1877/HI
 openframe_project_wrapper_1878/HI
 openframe_project_wrapper_1879/HI
 openframe_project_wrapper_1880/HI
 openframe_project_wrapper_1881/HI
 openframe_project_wrapper_1882/HI
 openframe_project_wrapper_1883/HI
 openframe_project_wrapper_1884/HI
 openframe_project_wrapper_1885/HI
 openframe_project_wrapper_1886/HI
 openframe_project_wrapper_1887/HI
 openframe_project_wrapper_1888/HI
 openframe_project_wrapper_1889/HI
 openframe_project_wrapper_1890/HI
 openframe_project_wrapper_1891/HI
 openframe_project_wrapper_1892/HI
 openframe_project_wrapper_1893/HI
 openframe_project_wrapper_1894/HI
 openframe_project_wrapper_1895/HI
 openframe_project_wrapper_1896/HI
 openframe_project_wrapper_1897/HI
 openframe_project_wrapper_1898/HI
 openframe_project_wrapper_1899/HI
 openframe_project_wrapper_1900/HI
 openframe_project_wrapper_1901/HI
 openframe_project_wrapper_1902/HI
 openframe_project_wrapper_1903/HI
 openframe_project_wrapper_1904/HI
 openframe_project_wrapper_1905/HI
 openframe_project_wrapper_1906/HI
 openframe_project_wrapper_1907/HI
 openframe_project_wrapper_1908/HI
 openframe_project_wrapper_1909/HI
 openframe_project_wrapper_1910/HI
 openframe_project_wrapper_1911/HI
 openframe_project_wrapper_1912/HI
 openframe_project_wrapper_1913/HI
 openframe_project_wrapper_1914/HI
 openframe_project_wrapper_1915/HI
 openframe_project_wrapper_1916/HI
 openframe_project_wrapper_1917/HI
 openframe_project_wrapper_1918/HI
 openframe_project_wrapper_1919/HI
 openframe_project_wrapper_1920/HI
 openframe_project_wrapper_1921/HI
 openframe_project_wrapper_1922/HI
 openframe_project_wrapper_1923/HI
 openframe_project_wrapper_1924/HI
 openframe_project_wrapper_1925/HI
 openframe_project_wrapper_1926/HI
 openframe_project_wrapper_1927/HI
 openframe_project_wrapper_1928/HI
 openframe_project_wrapper_1929/HI
 openframe_project_wrapper_1930/HI
 openframe_project_wrapper_1931/HI
 openframe_project_wrapper_1932/HI
 openframe_project_wrapper_1933/HI
 openframe_project_wrapper_1934/HI
 openframe_project_wrapper_1935/HI
 openframe_project_wrapper_1936/HI
 openframe_project_wrapper_1937/HI
 openframe_project_wrapper_1938/HI
 openframe_project_wrapper_1939/HI
 openframe_project_wrapper_1940/HI
 openframe_project_wrapper_1941/HI
 openframe_project_wrapper_1942/HI
 openframe_project_wrapper_1943/HI
 openframe_project_wrapper_1944/HI
 openframe_project_wrapper_1945/HI
 openframe_project_wrapper_1946/HI
 openframe_project_wrapper_1947/HI
 openframe_project_wrapper_1948/HI
 openframe_project_wrapper_1949/HI
 openframe_project_wrapper_1950/HI
 openframe_project_wrapper_1951/HI
 openframe_project_wrapper_1952/HI
 openframe_project_wrapper_1953/HI
 openframe_project_wrapper_1954/HI
 openframe_project_wrapper_1955/HI
 openframe_project_wrapper_1956/HI
 openframe_project_wrapper_1957/HI
 openframe_project_wrapper_1958/HI
 openframe_project_wrapper_1959/HI
 openframe_project_wrapper_1960/HI
 openframe_project_wrapper_1961/HI
 openframe_project_wrapper_1962/HI
 openframe_project_wrapper_1963/HI
 openframe_project_wrapper_1964/HI
 openframe_project_wrapper_1965/HI
 openframe_project_wrapper_1966/HI
 openframe_project_wrapper_1967/HI
 openframe_project_wrapper_1968/HI
 openframe_project_wrapper_1969/HI
 openframe_project_wrapper_1970/HI
 openframe_project_wrapper_1971/HI
 openframe_project_wrapper_1972/HI
 openframe_project_wrapper_1973/HI
 openframe_project_wrapper_1974/HI
 openframe_project_wrapper_1975/HI
 openframe_project_wrapper_1976/HI
 openframe_project_wrapper_1977/HI
 openframe_project_wrapper_1978/HI
 openframe_project_wrapper_1979/HI
 openframe_project_wrapper_1980/HI
 openframe_project_wrapper_1981/HI
 openframe_project_wrapper_1982/HI
 openframe_project_wrapper_1983/HI
 openframe_project_wrapper_1984/HI
 openframe_project_wrapper_1985/HI
 openframe_project_wrapper_1986/HI
 openframe_project_wrapper_1987/HI
 openframe_project_wrapper_1988/HI
 openframe_project_wrapper_1989/HI
 openframe_project_wrapper_1990/HI
 openframe_project_wrapper_1991/HI
 openframe_project_wrapper_1992/HI
 openframe_project_wrapper_1993/HI
 openframe_project_wrapper_1994/HI
 openframe_project_wrapper_1995/HI
 openframe_project_wrapper_1996/HI
 openframe_project_wrapper_1997/HI
 openframe_project_wrapper_1998/HI
 openframe_project_wrapper_1999/HI
 openframe_project_wrapper_2000/HI
 openframe_project_wrapper_2001/HI
 openframe_project_wrapper_2002/HI
 openframe_project_wrapper_2003/HI
 openframe_project_wrapper_2004/HI
 openframe_project_wrapper_2005/HI
 openframe_project_wrapper_2006/HI
 openframe_project_wrapper_2007/HI
 openframe_project_wrapper_2008/HI
 openframe_project_wrapper_2009/HI
 openframe_project_wrapper_2010/HI
 openframe_project_wrapper_2011/HI
 openframe_project_wrapper_2012/HI
 openframe_project_wrapper_2013/HI
 openframe_project_wrapper_2014/HI
 openframe_project_wrapper_2015/HI
 openframe_project_wrapper_2016/HI
 openframe_project_wrapper_2017/HI
 openframe_project_wrapper_2018/HI
 openframe_project_wrapper_2019/HI
 openframe_project_wrapper_2020/HI
 openframe_project_wrapper_2021/HI
 openframe_project_wrapper_2022/HI
 openframe_project_wrapper_2023/HI
 openframe_project_wrapper_2024/HI
 openframe_project_wrapper_2025/HI
 openframe_project_wrapper_2026/HI
 openframe_project_wrapper_2027/HI
 openframe_project_wrapper_2028/HI
 openframe_project_wrapper_2029/HI
 openframe_project_wrapper_2030/HI
 openframe_project_wrapper_2031/HI
 openframe_project_wrapper_2032/HI
 openframe_project_wrapper_2033/HI
 openframe_project_wrapper_2034/HI
 openframe_project_wrapper_2035/HI
 openframe_project_wrapper_2036/HI
 openframe_project_wrapper_2037/HI
 openframe_project_wrapper_2038/HI
 openframe_project_wrapper_2039/HI
 openframe_project_wrapper_2040/HI
 openframe_project_wrapper_2041/HI
 openframe_project_wrapper_2042/HI
 openframe_project_wrapper_2043/HI
 openframe_project_wrapper_2044/HI
 openframe_project_wrapper_2045/HI
 openframe_project_wrapper_2046/HI
 openframe_project_wrapper_2047/HI
 openframe_project_wrapper_2048/HI
 openframe_project_wrapper_2049/HI
 openframe_project_wrapper_2050/HI
 openframe_project_wrapper_2051/HI
 openframe_project_wrapper_2052/HI
 openframe_project_wrapper_2053/HI
 openframe_project_wrapper_2054/HI
 openframe_project_wrapper_2055/HI
 openframe_project_wrapper_2056/HI
 openframe_project_wrapper_2057/HI
 openframe_project_wrapper_2058/HI
 openframe_project_wrapper_2059/HI
 openframe_project_wrapper_2060/HI
 openframe_project_wrapper_2061/HI
 openframe_project_wrapper_2062/HI
 openframe_project_wrapper_2063/HI
 openframe_project_wrapper_2064/HI
 openframe_project_wrapper_2065/HI
 openframe_project_wrapper_2066/HI
 openframe_project_wrapper_2067/HI
 openframe_project_wrapper_2068/HI
 openframe_project_wrapper_2069/HI
 openframe_project_wrapper_2070/HI
 openframe_project_wrapper_2071/HI
 openframe_project_wrapper_2072/HI
 openframe_project_wrapper_2073/HI
 openframe_project_wrapper_2074/HI
 openframe_project_wrapper_2075/HI
 openframe_project_wrapper_2076/HI
 openframe_project_wrapper_2077/HI
 openframe_project_wrapper_2078/HI
 openframe_project_wrapper_2079/HI
 openframe_project_wrapper_2080/HI
 openframe_project_wrapper_2081/HI
 openframe_project_wrapper_2082/HI
 openframe_project_wrapper_2083/HI
 openframe_project_wrapper_2084/HI
 openframe_project_wrapper_2085/HI
 openframe_project_wrapper_2086/HI
 openframe_project_wrapper_2087/HI
 openframe_project_wrapper_2088/HI
 openframe_project_wrapper_2089/HI
 openframe_project_wrapper_2090/HI
 openframe_project_wrapper_2091/HI
 openframe_project_wrapper_2092/HI
 openframe_project_wrapper_2093/HI
 openframe_project_wrapper_2094/HI
 openframe_project_wrapper_2095/HI
 openframe_project_wrapper_2096/HI
 openframe_project_wrapper_2097/HI
 openframe_project_wrapper_2098/HI
 openframe_project_wrapper_2099/HI
 openframe_project_wrapper_2101/LO
 openframe_project_wrapper_2102/LO
 openframe_project_wrapper_2103/LO
 openframe_project_wrapper_2104/LO
 openframe_project_wrapper_2105/LO
 openframe_project_wrapper_2106/LO
 openframe_project_wrapper_2107/LO
 openframe_project_wrapper_2108/LO
 openframe_project_wrapper_2109/LO
 openframe_project_wrapper_2110/LO
 openframe_project_wrapper_2111/LO
 openframe_project_wrapper_2112/LO
 openframe_project_wrapper_2113/LO
 openframe_project_wrapper_2114/LO
 openframe_project_wrapper_2115/LO
 openframe_project_wrapper_2116/LO
 openframe_project_wrapper_2117/LO
 openframe_project_wrapper_2118/LO
 openframe_project_wrapper_2119/LO
 openframe_project_wrapper_2120/LO
 openframe_project_wrapper_2121/LO
 openframe_project_wrapper_2122/LO
 openframe_project_wrapper_2123/LO
 openframe_project_wrapper_2124/LO
 openframe_project_wrapper_2125/LO
 openframe_project_wrapper_2126/LO
 openframe_project_wrapper_2127/LO
 openframe_project_wrapper_2128/LO
 openframe_project_wrapper_2129/LO
 openframe_project_wrapper_2130/LO
 openframe_project_wrapper_2131/LO
 openframe_project_wrapper_2132/LO
 openframe_project_wrapper_2133/LO
 openframe_project_wrapper_2134/LO
 openframe_project_wrapper_2135/LO
 openframe_project_wrapper_2136/LO
 openframe_project_wrapper_2137/LO
 openframe_project_wrapper_2138/LO
 openframe_project_wrapper_2139/LO
 openframe_project_wrapper_2140/LO
 openframe_project_wrapper_2141/LO
 openframe_project_wrapper_2142/LO
 openframe_project_wrapper_2143/LO
 openframe_project_wrapper_2144/LO
 openframe_project_wrapper_2145/LO
 openframe_project_wrapper_2146/LO
 openframe_project_wrapper_2147/LO
 openframe_project_wrapper_2148/LO
 openframe_project_wrapper_2149/LO
 openframe_project_wrapper_2150/LO
 openframe_project_wrapper_2151/LO
 openframe_project_wrapper_2152/LO
 openframe_project_wrapper_2153/LO
 openframe_project_wrapper_2154/LO
 openframe_project_wrapper_2155/LO
 openframe_project_wrapper_2156/LO
 openframe_project_wrapper_2157/LO
 openframe_project_wrapper_2158/LO
 openframe_project_wrapper_2159/LO
 openframe_project_wrapper_2160/LO
 openframe_project_wrapper_2161/LO
 openframe_project_wrapper_2162/LO
 openframe_project_wrapper_2163/LO
 openframe_project_wrapper_2164/LO
 openframe_project_wrapper_2165/LO
 openframe_project_wrapper_2166/LO
 openframe_project_wrapper_2167/LO
 openframe_project_wrapper_2168/LO
 openframe_project_wrapper_2169/LO
 openframe_project_wrapper_2170/LO
 openframe_project_wrapper_2171/LO
 openframe_project_wrapper_2172/LO
 openframe_project_wrapper_2173/LO
 openframe_project_wrapper_2174/LO
 openframe_project_wrapper_2175/LO
 openframe_project_wrapper_2176/LO
 openframe_project_wrapper_2177/LO
 openframe_project_wrapper_2178/LO
 openframe_project_wrapper_2179/LO
 openframe_project_wrapper_2180/LO
 openframe_project_wrapper_2181/LO
 openframe_project_wrapper_2182/LO
 openframe_project_wrapper_2183/LO
 openframe_project_wrapper_2184/LO
 openframe_project_wrapper_2185/LO
 openframe_project_wrapper_2186/LO
 openframe_project_wrapper_2187/LO
 openframe_project_wrapper_2188/LO
 openframe_project_wrapper_2189/LO
 openframe_project_wrapper_2190/LO
 openframe_project_wrapper_2191/LO
 openframe_project_wrapper_2192/LO
 openframe_project_wrapper_2193/LO
 openframe_project_wrapper_2194/LO
 openframe_project_wrapper_2195/LO
 openframe_project_wrapper_2196/LO
 openframe_project_wrapper_2197/LO
 openframe_project_wrapper_2198/LO
 openframe_project_wrapper_2199/LO
 openframe_project_wrapper_2200/LO
 openframe_project_wrapper_2201/LO
 openframe_project_wrapper_2202/LO
 openframe_project_wrapper_2203/LO
 openframe_project_wrapper_2204/LO
 openframe_project_wrapper_2205/LO
 openframe_project_wrapper_2206/LO
 openframe_project_wrapper_2207/LO
 openframe_project_wrapper_2208/LO
 openframe_project_wrapper_2209/LO
 openframe_project_wrapper_2210/LO
 openframe_project_wrapper_2211/LO
 openframe_project_wrapper_2212/LO
 openframe_project_wrapper_2213/LO
 openframe_project_wrapper_2214/LO
 openframe_project_wrapper_2215/LO
Found 0 partially unannotated drivers.

===========================================================================
max slew violation count 0
max fanout violation count 0
max cap violation count 0
============================================================================

===========================================================================
check_setup -verbose -unconstrained_endpoints -multiple_clock -no_clock -no_input_delay -loops -generated_clocks
===========================================================================
Warning: There are 282 input ports missing set_input_delay.
  analog_io[0]
  analog_io[10]
  analog_io[11]
  analog_io[12]
  analog_io[13]
  analog_io[14]
  analog_io[15]
  analog_io[16]
  analog_io[17]
  analog_io[18]
  analog_io[19]
  analog_io[1]
  analog_io[20]
  analog_io[21]
  analog_io[22]
  analog_io[23]
  analog_io[24]
  analog_io[25]
  analog_io[26]
  analog_io[27]
  analog_io[28]
  analog_io[29]
  analog_io[2]
  analog_io[30]
  analog_io[31]
  analog_io[32]
  analog_io[33]
  analog_io[34]
  analog_io[35]
  analog_io[36]
  analog_io[37]
  analog_io[38]
  analog_io[39]
  analog_io[3]
  analog_io[40]
  analog_io[41]
  analog_io[42]
  analog_io[43]
  analog_io[4]
  analog_io[5]
  analog_io[6]
  analog_io[7]
  analog_io[8]
  analog_io[9]
  analog_noesd_io[0]
  analog_noesd_io[10]
  analog_noesd_io[11]
  analog_noesd_io[12]
  analog_noesd_io[13]
  analog_noesd_io[14]
  analog_noesd_io[15]
  analog_noesd_io[16]
  analog_noesd_io[17]
  analog_noesd_io[18]
  analog_noesd_io[19]
  analog_noesd_io[1]
  analog_noesd_io[20]
  analog_noesd_io[21]
  analog_noesd_io[22]
  analog_noesd_io[23]
  analog_noesd_io[24]
  analog_noesd_io[25]
  analog_noesd_io[26]
  analog_noesd_io[27]
  analog_noesd_io[28]
  analog_noesd_io[29]
  analog_noesd_io[2]
  analog_noesd_io[30]
  analog_noesd_io[31]
  analog_noesd_io[32]
  analog_noesd_io[33]
  analog_noesd_io[34]
  analog_noesd_io[35]
  analog_noesd_io[36]
  analog_noesd_io[37]
  analog_noesd_io[38]
  analog_noesd_io[39]
  analog_noesd_io[3]
  analog_noesd_io[40]
  analog_noesd_io[41]
  analog_noesd_io[42]
  analog_noesd_io[43]
  analog_noesd_io[4]
  analog_noesd_io[5]
  analog_noesd_io[6]
  analog_noesd_io[7]
  analog_noesd_io[8]
  analog_noesd_io[9]
  gpio_in[0]
  gpio_in[10]
  gpio_in[11]
  gpio_in[12]
  gpio_in[13]
  gpio_in[14]
  gpio_in[15]
  gpio_in[16]
  gpio_in[17]
  gpio_in[18]
  gpio_in[19]
  gpio_in[1]
  gpio_in[22]
  gpio_in[23]
  gpio_in[2]
  gpio_in[3]
  gpio_in[41]
  gpio_in[42]
  gpio_in[43]
  gpio_in[4]
  gpio_in[5]
  gpio_in[6]
  gpio_in[7]
  gpio_in[8]
  gpio_in[9]
  gpio_in_h[0]
  gpio_in_h[10]
  gpio_in_h[11]
  gpio_in_h[12]
  gpio_in_h[13]
  gpio_in_h[14]
  gpio_in_h[15]
  gpio_in_h[16]
  gpio_in_h[17]
  gpio_in_h[18]
  gpio_in_h[19]
  gpio_in_h[1]
  gpio_in_h[20]
  gpio_in_h[21]
  gpio_in_h[22]
  gpio_in_h[23]
  gpio_in_h[24]
  gpio_in_h[25]
  gpio_in_h[26]
  gpio_in_h[27]
  gpio_in_h[28]
  gpio_in_h[29]
  gpio_in_h[2]
  gpio_in_h[30]
  gpio_in_h[31]
  gpio_in_h[32]
  gpio_in_h[33]
  gpio_in_h[34]
  gpio_in_h[35]
  gpio_in_h[36]
  gpio_in_h[37]
  gpio_in_h[38]
  gpio_in_h[39]
  gpio_in_h[3]
  gpio_in_h[40]
  gpio_in_h[41]
  gpio_in_h[42]
  gpio_in_h[43]
  gpio_in_h[4]
  gpio_in_h[5]
  gpio_in_h[6]
  gpio_in_h[7]
  gpio_in_h[8]
  gpio_in_h[9]
  gpio_loopback_one[0]
  gpio_loopback_one[10]
  gpio_loopback_one[11]
  gpio_loopback_one[12]
  gpio_loopback_one[13]
  gpio_loopback_one[14]
  gpio_loopback_one[15]
  gpio_loopback_one[16]
  gpio_loopback_one[17]
  gpio_loopback_one[18]
  gpio_loopback_one[19]
  gpio_loopback_one[1]
  gpio_loopback_one[20]
  gpio_loopback_one[21]
  gpio_loopback_one[22]
  gpio_loopback_one[23]
  gpio_loopback_one[24]
  gpio_loopback_one[25]
  gpio_loopback_one[26]
  gpio_loopback_one[27]
  gpio_loopback_one[28]
  gpio_loopback_one[29]
  gpio_loopback_one[2]
  gpio_loopback_one[30]
  gpio_loopback_one[31]
  gpio_loopback_one[32]
  gpio_loopback_one[33]
  gpio_loopback_one[34]
  gpio_loopback_one[35]
  gpio_loopback_one[36]
  gpio_loopback_one[37]
  gpio_loopback_one[38]
  gpio_loopback_one[39]
  gpio_loopback_one[3]
  gpio_loopback_one[40]
  gpio_loopback_one[41]
  gpio_loopback_one[42]
  gpio_loopback_one[43]
  gpio_loopback_one[4]
  gpio_loopback_one[5]
  gpio_loopback_one[6]
  gpio_loopback_one[7]
  gpio_loopback_one[8]
  gpio_loopback_one[9]
  gpio_loopback_zero[0]
  gpio_loopback_zero[10]
  gpio_loopback_zero[11]
  gpio_loopback_zero[12]
  gpio_loopback_zero[13]
  gpio_loopback_zero[14]
  gpio_loopback_zero[15]
  gpio_loopback_zero[16]
  gpio_loopback_zero[17]
  gpio_loopback_zero[18]
  gpio_loopback_zero[19]
  gpio_loopback_zero[1]
  gpio_loopback_zero[20]
  gpio_loopback_zero[21]
  gpio_loopback_zero[22]
  gpio_loopback_zero[23]
  gpio_loopback_zero[24]
  gpio_loopback_zero[25]
  gpio_loopback_zero[26]
  gpio_loopback_zero[27]
  gpio_loopback_zero[28]
  gpio_loopback_zero[29]
  gpio_loopback_zero[2]
  gpio_loopback_zero[30]
  gpio_loopback_zero[31]
  gpio_loopback_zero[32]
  gpio_loopback_zero[33]
  gpio_loopback_zero[34]
  gpio_loopback_zero[35]
  gpio_loopback_zero[36]
  gpio_loopback_zero[37]
  gpio_loopback_zero[38]
  gpio_loopback_zero[39]
  gpio_loopback_zero[3]
  gpio_loopback_zero[40]
  gpio_loopback_zero[41]
  gpio_loopback_zero[42]
  gpio_loopback_zero[43]
  gpio_loopback_zero[4]
  gpio_loopback_zero[5]
  gpio_loopback_zero[6]
  gpio_loopback_zero[7]
  gpio_loopback_zero[8]
  gpio_loopback_zero[9]
  mask_rev[0]
  mask_rev[10]
  mask_rev[11]
  mask_rev[12]
  mask_rev[13]
  mask_rev[14]
  mask_rev[15]
  mask_rev[16]
  mask_rev[17]
  mask_rev[18]
  mask_rev[19]
  mask_rev[1]
  mask_rev[20]
  mask_rev[21]
  mask_rev[22]
  mask_rev[23]
  mask_rev[24]
  mask_rev[25]
  mask_rev[26]
  mask_rev[27]
  mask_rev[28]
  mask_rev[29]
  mask_rev[2]
  mask_rev[30]
  mask_rev[31]
  mask_rev[3]
  mask_rev[4]
  mask_rev[5]
  mask_rev[6]
  mask_rev[7]
  mask_rev[8]
  mask_rev[9]
  por_l
  porb_h
  porb_l
  resetb_h
  resetb_l
Warning: There are 88 unconstrained endpoints.
  analog_io[0]
  analog_io[10]
  analog_io[11]
  analog_io[12]
  analog_io[13]
  analog_io[14]
  analog_io[15]
  analog_io[16]
  analog_io[17]
  analog_io[18]
  analog_io[19]
  analog_io[1]
  analog_io[20]
  analog_io[21]
  analog_io[22]
  analog_io[23]
  analog_io[24]
  analog_io[25]
  analog_io[26]
  analog_io[27]
  analog_io[28]
  analog_io[29]
  analog_io[2]
  analog_io[30]
  analog_io[31]
  analog_io[32]
  analog_io[33]
  analog_io[34]
  analog_io[35]
  analog_io[36]
  analog_io[37]
  analog_io[38]
  analog_io[39]
  analog_io[3]
  analog_io[40]
  analog_io[41]
  analog_io[42]
  analog_io[43]
  analog_io[4]
  analog_io[5]
  analog_io[6]
  analog_io[7]
  analog_io[8]
  analog_io[9]
  analog_noesd_io[0]
  analog_noesd_io[10]
  analog_noesd_io[11]
  analog_noesd_io[12]
  analog_noesd_io[13]
  analog_noesd_io[14]
  analog_noesd_io[15]
  analog_noesd_io[16]
  analog_noesd_io[17]
  analog_noesd_io[18]
  analog_noesd_io[19]
  analog_noesd_io[1]
  analog_noesd_io[20]
  analog_noesd_io[21]
  analog_noesd_io[22]
  analog_noesd_io[23]
  analog_noesd_io[24]
  analog_noesd_io[25]
  analog_noesd_io[26]
  analog_noesd_io[27]
  analog_noesd_io[28]
  analog_noesd_io[29]
  analog_noesd_io[2]
  analog_noesd_io[30]
  analog_noesd_io[31]
  analog_noesd_io[32]
  analog_noesd_io[33]
  analog_noesd_io[34]
  analog_noesd_io[35]
  analog_noesd_io[36]
  analog_noesd_io[37]
  analog_noesd_io[38]
  analog_noesd_io[39]
  analog_noesd_io[3]
  analog_noesd_io[40]
  analog_noesd_io[41]
  analog_noesd_io[42]
  analog_noesd_io[43]
  analog_noesd_io[4]
  analog_noesd_io[5]
  analog_noesd_io[6]
  analog_noesd_io[7]
  analog_noesd_io[8]
  analog_noesd_io[9]
