Clock: clk
Sources: gpio_in[38] 
Generated: no
Virtual: yes
Propagated: no
Period: 20.000000

===========================================================================
report_clock_properties
============================================================================
Clock                   Period          Waveform
----------------------------------------------------
clk                  20.000000    0.000000 10.000000

===========================================================================
report_clock_latency
============================================================================
Clock clk
rise -> rise
    min     max
0.000000 0.000000 source latency
4.834008         network latency _4231_/CLK
        7.016150 network latency _4237_/CLK
---------------
4.834008 7.016150 latency
        2.182141 skew

fall -> fall
    min     max
0.000000 0.000000 source latency
2.127043         network latency chip.gpu_inst.tiles[0].tile/clk
        7.327302 network latency _4237_/CLK
---------------
2.127043 7.327302 latency
        5.200260 skew



===========================================================================
report_clock_min_period
============================================================================
clk period_min = 8.97 fmax = 111.44
