
===========================================================================
report_checks -unconstrained
===========================================================================
======================= min_ff_n40C_1v95 Corner ===================================

Startpoint: _2660_ (rising edge-triggered flip-flop clocked by clk)
Endpoint: _2684_ (rising edge-triggered flip-flop clocked by clk)
Path Group: clk
Path Type: max

Fanout         Cap        Slew       Delay        Time   Description
---------------------------------------------------------------------------------------------
                                  0.000000    0.000000   clock clk (rise edge)
                                  0.000000    0.000000   clock source latency
     1    0.027560    0.096800    0.066974    0.066974 ^ clk (in)
                                                         clk (net)
                      0.096820    0.000000    0.066974 ^ clkbuf_0_clk/A (sky130_fd_sc_hd__clkbuf_16)
    16    0.105468    0.093387    0.149471    0.216445 ^ clkbuf_0_clk/X (sky130_fd_sc_hd__clkbuf_16)
                                                         clknet_0_clk (net)
                      0.093701    0.004352    0.220797 ^ clkbuf_4_1_0_clk/A (sky130_fd_sc_hd__clkbuf_8)
     6    0.017201    0.035097    0.102362    0.323159 ^ clkbuf_4_1_0_clk/X (sky130_fd_sc_hd__clkbuf_8)
                                                         clknet_4_1_0_clk (net)
                      0.035098    0.000171    0.323330 ^ _2660_/CLK (sky130_fd_sc_hd__dfxtp_2)
     6    0.029002    0.113722    0.257170    0.580499 ^ _2660_/Q (sky130_fd_sc_hd__dfxtp_2)
                                                         r2_mantissa[5] (net)
                      0.113722    0.000238    0.580738 ^ place251/A (sky130_fd_sc_hd__buf_1)
     8    0.045442    0.394239    0.309778    0.890515 ^ place251/X (sky130_fd_sc_hd__buf_1)
                                                         net251 (net)
                      0.394247    0.001497    0.892012 ^ place250/A (sky130_fd_sc_hd__buf_1)
     6    0.043821    0.379602    0.293279    1.185291 ^ place250/X (sky130_fd_sc_hd__buf_1)
                                                         net250 (net)
                      0.379602    0.000343    1.185634 ^ _1388_/B1 (sky130_fd_sc_hd__a21o_2)
     3    0.008671    0.044242    0.073777    1.259411 ^ _1388_/X (sky130_fd_sc_hd__a21o_2)
                                                         _0612_ (net)
                      0.044242    0.000073    1.259484 ^ _1390_/A (sky130_fd_sc_hd__and2_4)
     5    0.015887    0.045758    0.098827    1.358311 ^ _1390_/X (sky130_fd_sc_hd__and2_4)
                                                         _0614_ (net)
                      0.045758    0.000193    1.358504 ^ place208/A (sky130_fd_sc_hd__buf_1)
     8    0.030251    0.265399    0.215389    1.573893 ^ place208/X (sky130_fd_sc_hd__buf_1)
                                                         net208 (net)
                      0.265406    0.001182    1.575075 ^ _1677_/B1 (sky130_fd_sc_hd__a22o_2)
     1    0.008977    0.047043    0.113143    1.688218 ^ _1677_/X (sky130_fd_sc_hd__a22o_2)
                                                         _0901_ (net)
                      0.047043    0.000080    1.688299 ^ _1678_/B (sky130_fd_sc_hd__xor2_2)
     3    0.012398    0.143391    0.135926    1.824224 ^ _1678_/X (sky130_fd_sc_hd__xor2_2)
                                                         _0902_ (net)
                      0.143391    0.000030    1.824255 ^ _1680_/A2 (sky130_fd_sc_hd__a21oi_2)
     2    0.016428    0.063386    0.069543    1.893798 v _1680_/Y (sky130_fd_sc_hd__a21oi_2)
                                                         _0904_ (net)
                      0.063389    0.000339    1.894137 v _1682_/A (sky130_fd_sc_hd__xor2_2)
     2    0.011059    0.066506    0.132736    2.026873 v _1682_/X (sky130_fd_sc_hd__xor2_2)
                                                         _0906_ (net)
                      0.066506    0.000041    2.026914 v _1684_/A3 (sky130_fd_sc_hd__a31o_2)
     2    0.014693    0.047983    0.191678    2.218593 v _1684_/X (sky130_fd_sc_hd__a31o_2)
                                                         _0908_ (net)
                      0.047984    0.000251    2.218844 v _1686_/A (sky130_fd_sc_hd__xor2_2)
     2    0.013293    0.068444    0.130955    2.349799 v _1686_/X (sky130_fd_sc_hd__xor2_2)
                                                         _0910_ (net)
                      0.068447    0.000095    2.349894 v _1733_/B (sky130_fd_sc_hd__xnor2_2)
     1    0.006131    0.041079    0.098361    2.448255 v _1733_/Y (sky130_fd_sc_hd__xnor2_2)
                                                         _0957_ (net)
                      0.041079    0.000131    2.448386 v _1734_/B1 (sky130_fd_sc_hd__a31o_2)
     1    0.014807    0.048193    0.104304    2.552690 v _1734_/X (sky130_fd_sc_hd__a31o_2)
                                                         _0958_ (net)
                      0.048205    0.000700    2.553390 v _1737_/B (sky130_fd_sc_hd__or4_4)
     1    0.003908    0.056996    0.304992    2.858382 v _1737_/X (sky130_fd_sc_hd__or4_4)
                                                         _0961_ (net)
                      0.056996    0.000056    2.858438 v _1738_/C1 (sky130_fd_sc_hd__o211a_2)
     1    0.009258    0.041675    0.093164    2.951602 v _1738_/X (sky130_fd_sc_hd__o211a_2)
                                                         _0962_ (net)
                      0.041675    0.000091    2.951694 v _1744_/A1 (sky130_fd_sc_hd__o21ai_4)
     3    0.012477    0.107389    0.122590    3.074283 ^ _1744_/Y (sky130_fd_sc_hd__o21ai_4)
                                                         _0968_ (net)
                      0.107389    0.000199    3.074482 ^ _1799_/A3 (sky130_fd_sc_hd__a32o_2)
     2    0.015369    0.078907    0.142661    3.217144 ^ _1799_/X (sky130_fd_sc_hd__a32o_2)
                                                         _1022_ (net)
                      0.078907    0.000241    3.217385 ^ _1899_/A1 (sky130_fd_sc_hd__a21oi_2)
     4    0.019836    0.061222    0.061949    3.279334 v _1899_/Y (sky130_fd_sc_hd__a21oi_2)
                                                         _1121_ (net)
                      0.061231    0.000609    3.279943 v _2224_/A1 (sky130_fd_sc_hd__o31a_2)
     2    0.013185    0.056165    0.241440    3.521383 v _2224_/X (sky130_fd_sc_hd__o31a_2)
                                                         _0221_ (net)
                      0.056167    0.000426    3.521809 v _2256_/A2 (sky130_fd_sc_hd__a41o_2)
     4    0.014013    0.048815    0.185029    3.706838 v _2256_/X (sky130_fd_sc_hd__a41o_2)
                                                         _0252_ (net)
                      0.048816    0.000349    3.707187 v _2285_/A1 (sky130_fd_sc_hd__a21o_2)
     2    0.005628    0.030188    0.127189    3.834376 v _2285_/X (sky130_fd_sc_hd__a21o_2)
                                                         _0280_ (net)
                      0.030188    0.000064    3.834439 v _2305_/A2 (sky130_fd_sc_hd__a311o_2)
     1    0.006005    0.045599    0.226477    4.060916 v _2305_/X (sky130_fd_sc_hd__a311o_2)
                                                         _0299_ (net)
                      0.045599    0.000101    4.061017 v _2306_/B1 (sky130_fd_sc_hd__a21oi_2)
     1    0.006240    0.084147    0.062624    4.123641 ^ _2306_/Y (sky130_fd_sc_hd__a21oi_2)
                                                         _0300_ (net)
                      0.084147    0.000090    4.123730 ^ _2307_/A2 (sky130_fd_sc_hd__o21a_4)
     1    0.002296    0.023999    0.072002    4.195732 ^ _2307_/X (sky130_fd_sc_hd__o21a_4)
                                                         _0029_ (net)
                      0.023999    0.000023    4.195755 ^ _2684_/D (sky130_fd_sc_hd__dfxtp_2)
                                              4.195755   data arrival time

                                 20.000000   20.000000   clock clk (rise edge)
                                  0.000000   20.000000   clock source latency
     1    0.027560    0.096800    0.066974   20.066975 ^ clk (in)
                                                         clk (net)
                      0.096820    0.000000   20.066975 ^ clkbuf_0_clk/A (sky130_fd_sc_hd__clkbuf_16)
    16    0.105468    0.093387    0.149472   20.216446 ^ clkbuf_0_clk/X (sky130_fd_sc_hd__clkbuf_16)
                                                         clknet_0_clk (net)
                      0.093443    0.001885   20.218330 ^ clkbuf_4_9_0_clk/A (sky130_fd_sc_hd__clkbuf_8)
     6    0.024061    0.042641    0.109315   20.327646 ^ clkbuf_4_9_0_clk/X (sky130_fd_sc_hd__clkbuf_8)
                                                         clknet_4_9_0_clk (net)
                      0.042660    0.000837   20.328482 ^ _2684_/CLK (sky130_fd_sc_hd__dfxtp_2)
                                 -0.200000   20.128483   clock uncertainty
                                  0.000000   20.128483   clock reconvergence pessimism
                                 -0.030414   20.098070   library setup time
                                             20.098070   data required time
---------------------------------------------------------------------------------------------
                                             20.098070   data required time
                                             -4.195755   data arrival time
---------------------------------------------------------------------------------------------
                                             15.902314   slack (MET)




===========================================================================
report_checks --slack_max -0.01
============================================================================
======================= min_ff_n40C_1v95 Corner ===================================

No paths found.


===========================================================================
 report_check_types -max_slew -max_cap -max_fanout -violators
============================================================================
======================= min_ff_n40C_1v95 Corner ===================================

max fanout

Pin                                   Limit Fanout  Slack
---------------------------------------------------------
clkbuf_0_clk/X                            8     16     -8 (VIOLATED)



===========================================================================
report_parasitic_annotation -report_unannotated
============================================================================
Found 17 unannotated drivers.
 _2620__402/HI
 _2621_/SUM
 _2621__401/HI
 clkload0/X
 clkload1/X
 clkload10/X
 clkload11/X
 clkload12/X
 clkload13/X
 clkload2/X
 clkload3/X
 clkload4/X
 clkload5/X
 clkload6/X
 clkload7/X
 clkload8/X
 clkload9/X
Found 0 partially unannotated drivers.

===========================================================================
max slew violation count 0
max fanout violation count 1
max cap violation count 0
============================================================================

===========================================================================
check_setup -verbose -unconstrained_endpoints -multiple_clock -no_clock -no_input_delay -loops -generated_clocks
===========================================================================
