Clock: clk
Sources: clk 
Generated: no
Virtual: yes
Propagated: no
Period: 20.000000

===========================================================================
report_clock_properties
============================================================================
Clock                   Period          Waveform
----------------------------------------------------
clk                  20.000000    0.000000 10.000000

===========================================================================
report_clock_latency
============================================================================
Clock clk
rise -> rise
    min     max
0.000000 0.000000 source latency
0.322050         network latency _2659_/CLK
        0.336361 network latency _2638_/CLK
---------------
0.322050 0.336361 latency
        0.014311 skew

fall -> fall
    min     max
0.000000 0.000000 source latency
0.272597         network latency _2659_/CLK
        0.283169 network latency _2638_/CLK
---------------
0.272597 0.283169 latency
        0.010572 skew



===========================================================================
report_clock_min_period
============================================================================
clk period_min = 4.10 fmax = 244.04
