Clock: clk
Sources: clk 
Generated: no
Virtual: yes
Propagated: no
Period: 24.000000

===========================================================================
report_clock_properties
============================================================================
Clock                   Period          Waveform
----------------------------------------------------
clk                  24.000000    0.000000 12.000000

===========================================================================
report_clock_latency
============================================================================
Clock clk
rise -> rise
    min     max
0.000000 0.000000 source latency
0.860621         network latency _45173_/CLK
        1.176845 network latency _46051_/CLK
---------------
0.860621 1.176845 latency
        0.316224 skew

fall -> fall
    min     max
0.000000 0.000000 source latency
0.743991         network latency _45173_/CLK
        1.042958 network latency _46051_/CLK
---------------
0.743991 1.042958 latency
        0.298967 skew



===========================================================================
report_clock_min_period
============================================================================
clk period_min = 6.45 fmax = 155.13
