
===========================================================================
report_checks -unconstrained
===========================================================================
======================= max_ss_100C_1v60 Corner ===================================

Startpoint: g_row[0].g_col[1].pe/_2723_
            (rising edge-triggered flip-flop clocked by clk)
Endpoint: g_row[0].g_col[1].pe/_2753_
          (rising edge-triggered flip-flop clocked by clk)
Path Group: clk
Path Type: max

Fanout         Cap        Slew       Delay        Time   Description
---------------------------------------------------------------------------------------------
                                  0.000000    0.000000   clock clk (rise edge)
                                  0.000000    0.000000   clock source latency
     1    0.034606    0.252310    0.175910    0.175910 ^ clk (in)
                                                         clk (net)
                      0.252375    0.000000    0.175910 ^ clkbuf_0_clk/A (sky130_fd_sc_hd__clkbuf_16)
    16    0.195843    0.309639    0.499593    0.675503 ^ clkbuf_0_clk/X (sky130_fd_sc_hd__clkbuf_16)
                                                         clknet_0_clk (net)
                      0.309715    0.004705    0.680208 ^ clkbuf_4_0_0_clk/A (sky130_fd_sc_hd__clkbuf_16)
     7    0.074107    0.141198    0.393279    1.073487 ^ clkbuf_4_0_0_clk/X (sky130_fd_sc_hd__clkbuf_16)
                                                         clknet_4_0_0_clk (net)
                      0.141200    0.000794    1.074281 ^ clkbuf_leaf_102_clk/A (sky130_fd_sc_hd__clkbuf_16)
     3    0.012841    0.058479    0.244122    1.318403 ^ clkbuf_leaf_102_clk/X (sky130_fd_sc_hd__clkbuf_16)
                                                         clknet_leaf_102_clk (net)
                      0.058479    0.000053    1.318456 ^ g_row[0].g_col[1].pe/_2723_/CLK (sky130_fd_sc_hd__dfxtp_2)
     2    0.010564    0.109640    0.679601    1.998057 ^ g_row[0].g_col[1].pe/_2723_/Q (sky130_fd_sc_hd__dfxtp_2)
                                                         g_row[0].g_col[1].pe/r2_mantissa[0] (net)
                      0.109640    0.000020    1.998078 ^ g_row[0].g_col[1].pe/_1340_/A (sky130_fd_sc_hd__inv_2)
     2    0.011761    0.060892    0.099775    2.097852 v g_row[0].g_col[1].pe/_1340_/Y (sky130_fd_sc_hd__inv_2)
                                                         g_row[0].g_col[1].pe/_0002_ (net)
                      0.060892    0.000037    2.097889 v g_row[0].g_col[1].pe/_2689_/A (sky130_fd_sc_hd__fa_1)
     5    0.017699    0.280396    1.105827    3.203716 v g_row[0].g_col[1].pe/_2689_/COUT (sky130_fd_sc_hd__fa_1)
                                                         g_row[0].g_col[1].pe/_0003_ (net)
                      0.280396    0.000043    3.203759 v g_row[0].g_col[1].pe/place853/A (sky130_fd_sc_hd__buf_6)
     5    0.011985    0.047259    0.312165    3.515924 v g_row[0].g_col[1].pe/place853/X (sky130_fd_sc_hd__buf_6)
                                                         g_row[0].g_col[1].pe/net853 (net)
                      0.047259    0.000083    3.516007 v g_row[0].g_col[1].pe/_1761_/B2 (sky130_fd_sc_hd__a22o_2)
     1    0.008874    0.098340    0.439375    3.955382 v g_row[0].g_col[1].pe/_1761_/X (sky130_fd_sc_hd__a22o_2)
                                                         g_row[0].g_col[1].pe/_0984_ (net)
                      0.098340    0.000033    3.955415 v g_row[0].g_col[1].pe/_1762_/B (sky130_fd_sc_hd__xnor2_2)
     2    0.014923    0.374910    0.353202    4.308617 ^ g_row[0].g_col[1].pe/_1762_/Y (sky130_fd_sc_hd__xnor2_2)
                                                         g_row[0].g_col[1].pe/_0985_ (net)
                      0.374910    0.000051    4.308667 ^ g_row[0].g_col[1].pe/_1766_/A (sky130_fd_sc_hd__xor2_2)
     2    0.014034    0.335028    0.442285    4.750952 ^ g_row[0].g_col[1].pe/_1766_/X (sky130_fd_sc_hd__xor2_2)
                                                         g_row[0].g_col[1].pe/_0989_ (net)
                      0.335028    0.000023    4.750975 ^ g_row[0].g_col[1].pe/_1769_/A (sky130_fd_sc_hd__nand2_2)
     2    0.007122    0.120121    0.193518    4.944493 v g_row[0].g_col[1].pe/_1769_/Y (sky130_fd_sc_hd__nand2_2)
                                                         g_row[0].g_col[1].pe/_0992_ (net)
                      0.120121    0.000010    4.944504 v g_row[0].g_col[1].pe/_1793_/C (sky130_fd_sc_hd__and3_2)
     1    0.002340    0.070049    0.447789    5.392293 v g_row[0].g_col[1].pe/_1793_/X (sky130_fd_sc_hd__and3_2)
                                                         g_row[0].g_col[1].pe/_1016_ (net)
                      0.070049    0.000000    5.392294 v g_row[0].g_col[1].pe/_1794_/B (sky130_fd_sc_hd__or2_4)
     2    0.004844    0.081207    0.433594    5.825888 v g_row[0].g_col[1].pe/_1794_/X (sky130_fd_sc_hd__or2_4)
                                                         g_row[0].g_col[1].pe/_1017_ (net)
                      0.081207    0.000023    5.825911 v g_row[0].g_col[1].pe/_1795_/C (sky130_fd_sc_hd__and3_2)
     2    0.005097    0.086528    0.453379    6.279290 v g_row[0].g_col[1].pe/_1795_/X (sky130_fd_sc_hd__and3_2)
                                                         g_row[0].g_col[1].pe/_1018_ (net)
                      0.086528    0.000007    6.279296 v g_row[0].g_col[1].pe/_1810_/A2 (sky130_fd_sc_hd__o41a_2)
     1    0.002668    0.107723    0.894065    7.173361 v g_row[0].g_col[1].pe/_1810_/X (sky130_fd_sc_hd__o41a_2)
                                                         g_row[0].g_col[1].pe/_1033_ (net)
                      0.107723    0.000007    7.173368 v g_row[0].g_col[1].pe/_1812_/A3 (sky130_fd_sc_hd__o31a_2)
     1    0.004781    0.100224    0.575113    7.748481 v g_row[0].g_col[1].pe/_1812_/X (sky130_fd_sc_hd__o31a_2)
                                                         g_row[0].g_col[1].pe/_1035_ (net)
                      0.100224    0.000017    7.748498 v g_row[0].g_col[1].pe/_1814_/A2 (sky130_fd_sc_hd__o21ai_2)
     1    0.007952    0.217872    0.247018    7.995516 ^ g_row[0].g_col[1].pe/_1814_/Y (sky130_fd_sc_hd__o21ai_2)
                                                         g_row[0].g_col[1].pe/_1037_ (net)
                      0.217872    0.000150    7.995666 ^ g_row[0].g_col[1].pe/_1821_/B (sky130_fd_sc_hd__and4_2)
     1    0.005980    0.124938    0.524032    8.519697 ^ g_row[0].g_col[1].pe/_1821_/X (sky130_fd_sc_hd__and4_2)
                                                         g_row[0].g_col[1].pe/_1044_ (net)
                      0.124938    0.000034    8.519731 ^ g_row[0].g_col[1].pe/_1829_/A1 (sky130_fd_sc_hd__o311ai_2)
     2    0.008562    0.227552    0.304958    8.824689 v g_row[0].g_col[1].pe/_1829_/Y (sky130_fd_sc_hd__o311ai_2)
                                                         g_row[0].g_col[1].pe/_1052_ (net)
                      0.227552    0.000075    8.824763 v g_row[0].g_col[1].pe/_1842_/A2 (sky130_fd_sc_hd__a211o_2)
     2    0.012189    0.129137    0.741838    9.566601 v g_row[0].g_col[1].pe/_1842_/X (sky130_fd_sc_hd__a211o_2)
                                                         g_row[0].g_col[1].pe/_1064_ (net)
                      0.129137    0.000390    9.566991 v g_row[0].g_col[1].pe/_1895_/A2 (sky130_fd_sc_hd__a21bo_2)
     4    0.013955    0.111943    0.466842   10.033833 v g_row[0].g_col[1].pe/_1895_/X (sky130_fd_sc_hd__a21bo_2)
                                                         g_row[0].g_col[1].pe/_1116_ (net)
                      0.111943    0.000040   10.033873 v g_row[0].g_col[1].pe/_2301_/A2 (sky130_fd_sc_hd__a211o_4)
     2    0.006528    0.082706    0.612614   10.646486 v g_row[0].g_col[1].pe/_2301_/X (sky130_fd_sc_hd__a211o_4)
                                                         g_row[0].g_col[1].pe/_0263_ (net)
                      0.082706    0.000030   10.646517 v g_row[0].g_col[1].pe/_2332_/A2 (sky130_fd_sc_hd__a311o_4)
     3    0.015580    0.118774    0.716260   11.362777 v g_row[0].g_col[1].pe/_2332_/X (sky130_fd_sc_hd__a311o_4)
                                                         g_row[0].g_col[1].pe/_0293_ (net)
                      0.118774    0.000226   11.363003 v g_row[0].g_col[1].pe/_2378_/A1 (sky130_fd_sc_hd__a21o_2)
     3    0.010837    0.093107    0.409839   11.772841 v g_row[0].g_col[1].pe/_2378_/X (sky130_fd_sc_hd__a21o_2)
                                                         g_row[0].g_col[1].pe/_0337_ (net)
                      0.093107    0.000057   11.772899 v g_row[0].g_col[1].pe/_2394_/A1 (sky130_fd_sc_hd__a31o_2)
     1    0.004521    0.073328    0.389182   12.162081 v g_row[0].g_col[1].pe/_2394_/X (sky130_fd_sc_hd__a31o_2)
                                                         g_row[0].g_col[1].pe/_0352_ (net)
                      0.073328    0.000007   12.162087 v g_row[0].g_col[1].pe/_2395_/B2 (sky130_fd_sc_hd__o22a_4)
     1    0.016256    0.110152    0.399258   12.561346 v g_row[0].g_col[1].pe/_2395_/X (sky130_fd_sc_hd__o22a_4)
                                                         g_row[0].g_col[1].pe/_0353_ (net)
                      0.110152    0.000036   12.561382 v g_row[0].g_col[1].pe/_2396_/B (sky130_fd_sc_hd__nor2_8)
     1    0.001728    0.081406    0.119414   12.680797 ^ g_row[0].g_col[1].pe/_2396_/Y (sky130_fd_sc_hd__nor2_8)
                                                         g_row[0].g_col[1].pe/_0030_ (net)
                      0.081406    0.000003   12.680799 ^ g_row[0].g_col[1].pe/_2753_/D (sky130_fd_sc_hd__dfxtp_2)
                                             12.680799   data arrival time

                                 20.000000   20.000000   clock clk (rise edge)
                                  0.000000   20.000000   clock source latency
     1    0.034606    0.252310    0.175909   20.175909 ^ clk (in)
                                                         clk (net)
                      0.252375    0.000000   20.175909 ^ clkbuf_0_clk/A (sky130_fd_sc_hd__clkbuf_16)
    16    0.195843    0.309639    0.499593   20.675503 ^ clkbuf_0_clk/X (sky130_fd_sc_hd__clkbuf_16)
                                                         clknet_0_clk (net)
                      0.309656    0.002681   20.678183 ^ clkbuf_4_9_0_clk/A (sky130_fd_sc_hd__clkbuf_16)
     7    0.068919    0.134073    0.387690   21.065874 ^ clkbuf_4_9_0_clk/X (sky130_fd_sc_hd__clkbuf_16)
                                                         clknet_4_9_0_clk (net)
                      0.134075    0.000847   21.066721 ^ clkbuf_leaf_88_clk/A (sky130_fd_sc_hd__clkbuf_16)
     4    0.009385    0.054042    0.235852   21.302572 ^ clkbuf_leaf_88_clk/X (sky130_fd_sc_hd__clkbuf_16)
                                                         clknet_leaf_88_clk (net)
                      0.054042    0.000030   21.302603 ^ g_row[0].g_col[1].pe/_2753_/CLK (sky130_fd_sc_hd__dfxtp_2)
                                 -0.200000   21.102602   clock uncertainty
                                  0.000000   21.102602   clock reconvergence pessimism
                                 -0.146810   20.955791   library setup time
                                             20.955791   data required time
---------------------------------------------------------------------------------------------
                                             20.955791   data required time
                                            -12.680799   data arrival time
---------------------------------------------------------------------------------------------
                                              8.274993   slack (MET)




===========================================================================
report_checks --slack_max -0.01
============================================================================
======================= max_ss_100C_1v60 Corner ===================================

No paths found.


===========================================================================
 report_check_types -max_slew -max_cap -max_fanout -violators
============================================================================
======================= max_ss_100C_1v60 Corner ===================================

max fanout

Pin                                   Limit Fanout  Slack
---------------------------------------------------------
clkbuf_0_clk/X                            8     16     -8 (VIOLATED)



===========================================================================
report_parasitic_annotation -report_unannotated
============================================================================
Found 32 unannotated drivers.
 clkload0/X
 clkload1/X
 clkload10/X
 clkload11/X
 clkload12/X
 clkload13/X
 clkload14/X
 clkload15/X
 clkload16/X
 clkload17/X
 clkload2/X
 clkload3/X
 clkload4/X
 clkload5/X
 clkload6/X
 clkload7/Y
 clkload8/X
 clkload9/X
 g_row\[0\].g_col\[0\].pe/_2688__1422/HI
 g_row\[0\].g_col\[0\].pe/_2689_/SUM
 g_row\[0\].g_col\[0\].pe/_2689__1421/HI
 g_row\[0\].g_col\[1\].pe/_2688__1424/HI
 g_row\[0\].g_col\[1\].pe/_2689_/SUM
 g_row\[0\].g_col\[1\].pe/_2689__1423/HI
 g_row\[0\].g_col\[1\].pe/_2774_/X
 g_row\[1\].g_col\[0\].pe/_2688__1426/HI
 g_row\[1\].g_col\[0\].pe/_2689_/SUM
 g_row\[1\].g_col\[0\].pe/_2689__1425/HI
 g_row\[1\].g_col\[1\].pe/_2688__1428/HI
 g_row\[1\].g_col\[1\].pe/_2689_/SUM
 g_row\[1\].g_col\[1\].pe/_2689__1427/HI
 g_row\[1\].g_col\[1\].pe/_2774_/X
Found 0 partially unannotated drivers.

===========================================================================
max slew violation count 0
Writing metric design__max_slew_violation__count__corner:max_ss_100C_1v60: 0
max fanout violation count 1
Writing metric design__max_fanout_violation__count__corner:max_ss_100C_1v60: 1
max cap violation count 0
Writing metric design__max_cap_violation__count__corner:max_ss_100C_1v60: 0
============================================================================

===========================================================================
check_setup -verbose -unconstrained_endpoints -multiple_clock -no_clock -no_input_delay -loops -generated_clocks
===========================================================================
