Clock: clk
Sources: clk 
Generated: no
Virtual: yes
Propagated: no
Period: 20.000000

===========================================================================
report_clock_properties
============================================================================
Clock                   Period          Waveform
----------------------------------------------------
clk                  20.000000    0.000000 10.000000

===========================================================================
report_clock_latency
============================================================================
Clock clk
rise -> rise
    min     max
0.000000 0.000000 source latency
1.067249         network latency g_row[1].g_col[0].pe/_2743_/CLK
        1.319878 network latency g_row[0].g_col[0].pe/_2725_/CLK
---------------
1.067249 1.319878 latency
        0.252628 skew

fall -> fall
    min     max
0.000000 0.000000 source latency
0.904977         network latency g_row[1].g_col[0].pe/_2743_/CLK
        1.173636 network latency g_row[0].g_col[0].pe/_2725_/CLK
---------------
0.904977 1.173636 latency
        0.268659 skew



===========================================================================
report_clock_min_period
============================================================================
clk period_min = 11.73 fmax = 85.29
