
===========================================================================
Violator List
============================================================================
[hold in-reg] b_inputs_flat[29] -> _338_/D : -1.012088
[hold in-reg] compute_enable -> _274_/D : -1.008535
[hold in-reg] a_inputs_flat[31] -> _308_/D : -1.006172
[hold in-reg] a_inputs_flat[14] -> _291_/D : -1.000751
[hold in-reg] b_inputs_flat[21] -> _330_/D : -1.000559
[hold in-reg] b_inputs_flat[19] -> _328_/D : -0.999229
[hold in-reg] a_inputs_flat[9] -> _286_/D : -0.997462
[hold in-reg] b_inputs_flat[20] -> _329_/D : -0.996983
[hold in-reg] b_inputs_flat[18] -> _327_/D : -0.995628
[hold in-reg] b_inputs_flat[31] -> _340_/D : -0.993256
[hold in-reg] a_inputs_flat[8] -> _285_/D : -0.993202
[hold in-reg] a_inputs_flat[7] -> _284_/D : -0.992935
[hold in-reg] b_inputs_flat[7] -> _316_/D : -0.992113
[hold in-reg] b_inputs_flat[9] -> _318_/D : -0.991603
[hold in-reg] b_inputs_flat[8] -> _317_/D : -0.991347
[hold in-reg] b_inputs_flat[24] -> _333_/D : -0.988943
[hold in-reg] b_inputs_flat[3] -> _312_/D : -0.988553
[hold in-reg] b_inputs_flat[30] -> _339_/D : -0.987365
[hold in-reg] b_inputs_flat[25] -> _334_/D : -0.986618
[hold in-reg] b_inputs_flat[16] -> _325_/D : -0.985776
[hold in-reg] a_inputs_flat[2] -> _279_/D : -0.985011
[hold in-reg] b_inputs_flat[22] -> _331_/D : -0.984036
[hold in-reg] b_inputs_flat[15] -> _324_/D : -0.983104
[hold in-reg] enable -> _273_/D : -0.983011
[hold in-reg] b_inputs_flat[0] -> _309_/D : -0.982476
[hold in-reg] b_inputs_flat[1] -> _310_/D : -0.981395
[hold in-reg] b_inputs_flat[17] -> _326_/D : -0.981282
[hold in-reg] b_inputs_flat[12] -> _321_/D : -0.981280
[hold in-reg] b_inputs_flat[14] -> _323_/D : -0.981265
[hold in-reg] b_inputs_flat[28] -> _337_/D : -0.980825
[hold in-reg] a_inputs_flat[3] -> _280_/D : -0.980181
[hold in-reg] a_inputs_flat[12] -> _289_/D : -0.979760
[hold in-reg] b_inputs_flat[26] -> _335_/D : -0.979296
[hold in-reg] b_inputs_flat[11] -> _320_/D : -0.979249
[hold in-reg] b_inputs_flat[10] -> _319_/D : -0.978977
[hold in-reg] a_inputs_flat[21] -> _298_/D : -0.977828
[hold in-reg] a_inputs_flat[10] -> _287_/D : -0.977344
[hold in-reg] a_inputs_flat[22] -> _299_/D : -0.975062
[hold in-reg] a_inputs_flat[6] -> _283_/D : -0.974885
[hold in-reg] a_inputs_flat[23] -> _300_/D : -0.971100
[hold in-reg] b_inputs_flat[6] -> _315_/D : -0.970359
[hold in-reg] b_inputs_flat[2] -> _311_/D : -0.970252
[hold in-reg] b_inputs_flat[23] -> _332_/D : -0.970248
[hold in-reg] b_inputs_flat[13] -> _322_/D : -0.969378
[hold in-reg] b_inputs_flat[4] -> _313_/D : -0.969348
[hold in-reg] a_inputs_flat[16] -> _293_/D : -0.969337
[hold in-reg] a_inputs_flat[4] -> _281_/D : -0.968514
[hold in-reg] a_inputs_flat[17] -> _294_/D : -0.967368
[hold in-reg] a_inputs_flat[18] -> _295_/D : -0.966933
[hold in-reg] a_inputs_flat[19] -> _296_/D : -0.966764
[hold in-reg] a_inputs_flat[25] -> _302_/D : -0.964394
[hold in-reg] a_inputs_flat[20] -> _297_/D : -0.962832
[hold in-reg] b_inputs_flat[5] -> _314_/D : -0.962590
[hold in-reg] a_inputs_flat[15] -> _292_/D : -0.962031
[hold in-reg] a_inputs_flat[5] -> _282_/D : -0.960175
[hold in-reg] clear_acc -> _275_/D : -0.958933
[hold in-reg] a_inputs_flat[27] -> _304_/D : -0.958747
[hold in-reg] a_inputs_flat[11] -> _288_/D : -0.956392
[hold in-reg] a_inputs_flat[26] -> _303_/D : -0.956147
[hold in-reg] a_inputs_flat[1] -> _278_/D : -0.954537
[hold in-reg] a_inputs_flat[24] -> _301_/D : -0.950242
[hold in-reg] a_inputs_flat[0] -> _277_/D : -0.947448
[hold in-reg] a_inputs_flat[13] -> _290_/D : -0.929837
[hold in-reg] load_weights -> _276_/D : -0.913295
[hold in-reg] b_inputs_flat[27] -> _336_/D : -0.901004
[hold in-reg] a_inputs_flat[28] -> _305_/D : -0.898610
[hold in-reg] a_inputs_flat[30] -> _307_/D : -0.895541
[hold in-reg] a_inputs_flat[29] -> _306_/D : -0.874533
[hold in-reg] reset -> g_row[0].g_col[0].pe/_2753_/D : -0.581729
[hold in-reg] reset -> g_row[1].g_col[1].pe/_2738_/D : -0.581689
[hold in-reg] reset -> g_row[1].g_col[1].pe/_2741_/D : -0.573016
[hold in-reg] reset -> g_row[1].g_col[1].pe/_2744_/D : -0.568300
[hold in-reg] reset -> g_row[1].g_col[1].pe/_2743_/D : -0.564418
[hold in-reg] reset -> g_row[1].g_col[1].pe/_2742_/D : -0.560210
[hold in-reg] reset -> g_row[1].g_col[0].pe/_2752_/D : -0.498593
[hold in-reg] reset -> g_row[1].g_col[0].pe/_2770_/D : -0.496033
[hold in-reg] reset -> g_row[1].g_col[1].pe/_2757_/D : -0.495625
[hold in-reg] reset -> g_row[1].g_col[1].pe/_2771_/D : -0.493294
[hold in-reg] reset -> g_row[1].g_col[1].pe/_2760_/D : -0.491448
[hold in-reg] reset -> g_row[1].g_col[1].pe/_2739_/D : -0.491300
[hold in-reg] reset -> g_row[1].g_col[1].pe/_2752_/D : -0.486711
[hold in-reg] reset -> g_row[1].g_col[1].pe/_2755_/D : -0.335206
[hold in-reg] reset -> g_row[1].g_col[1].pe/_2756_/D : -0.334720
[hold in-reg] reset -> g_row[1].g_col[1].pe/_2754_/D : -0.331437
[hold in-reg] reset -> g_row[1].g_col[1].pe/_2740_/D : -0.327733
[hold in-reg] reset -> g_row[0].g_col[0].pe/_2743_/D : -0.322993
[hold in-reg] reset -> g_row[1].g_col[0].pe/_2748_/D : -0.307564
[hold in-reg] reset -> g_row[1].g_col[1].pe/_2766_/D : -0.301970
[hold in-reg] reset -> g_row[1].g_col[0].pe/_2747_/D : -0.300644
[hold in-reg] reset -> g_row[1].g_col[1].pe/_2746_/D : -0.299872
[hold in-reg] reset -> g_row[0].g_col[0].pe/_2745_/D : -0.299011
[hold in-reg] reset -> g_row[1].g_col[1].pe/_2748_/D : -0.298763
[hold in-reg] reset -> g_row[0].g_col[0].pe/_2748_/D : -0.297943
[hold in-reg] reset -> g_row[1].g_col[1].pe/_2753_/D : -0.297037
[hold in-reg] reset -> g_row[1].g_col[1].pe/_2747_/D : -0.294586
[hold in-reg] reset -> g_row[1].g_col[1].pe/_2749_/D : -0.293988
[hold in-reg] reset -> g_row[1].g_col[1].pe/_2751_/D : -0.293563
[hold in-reg] reset -> g_row[0].g_col[0].pe/_2746_/D : -0.291872
[hold in-reg] reset -> g_row[0].g_col[0].pe/_2750_/D : -0.291792
[hold in-reg] reset -> g_row[0].g_col[0].pe/_2747_/D : -0.291020
[hold in-reg] reset -> g_row[1].g_col[0].pe/_2728_/D : -0.291008
[hold in-reg] reset -> g_row[1].g_col[0].pe/_2729_/D : -0.290528
[hold in-reg] reset -> g_row[1].g_col[1].pe/_2745_/D : -0.288832
[hold in-reg] reset -> g_row[1].g_col[0].pe/_2768_/D : -0.287810
[hold in-reg] reset -> g_row[1].g_col[1].pe/_2769_/D : -0.287464
[hold in-reg] reset -> g_row[1].g_col[1].pe/_2750_/D : -0.287429
[hold in-reg] reset -> g_row[1].g_col[0].pe/_2767_/D : -0.286984
[hold in-reg] reset -> g_row[1].g_col[1].pe/_2770_/D : -0.286656
[hold in-reg] reset -> g_row[1].g_col[1].pe/_2767_/D : -0.284155
[hold in-reg] reset -> g_row[1].g_col[0].pe/_2769_/D : -0.283678
[hold in-reg] reset -> g_row[0].g_col[0].pe/_2749_/D : -0.282684
[hold in-reg] reset -> g_row[1].g_col[1].pe/_2768_/D : -0.282202
[hold in-reg] reset -> g_row[0].g_col[0].pe/_2744_/D : -0.281568
[hold in-reg] reset -> g_row[1].g_col[0].pe/_2722_/D : -0.280124
[hold in-reg] reset -> g_row[1].g_col[0].pe/_2730_/D : -0.278661
[hold in-reg] reset -> g_row[1].g_col[1].pe/_2705_/D : -0.278537
[hold in-reg] reset -> g_row[1].g_col[0].pe/_2764_/D : -0.274808
[hold in-reg] reset -> g_row[1].g_col[0].pe/_2766_/D : -0.274791
[hold in-reg] reset -> g_row[1].g_col[0].pe/_2765_/D : -0.274426
[hold in-reg] reset -> g_row[1].g_col[0].pe/_2771_/D : -0.270691
[hold in-reg] reset -> g_row[1].g_col[0].pe/_2701_/D : -0.266564
[hold in-reg] reset -> g_row[1].g_col[0].pe/_2713_/D : -0.261253
[hold in-reg] reset -> g_row[1].g_col[1].pe/_2734_/D : -0.260791
[hold in-reg] reset -> g_row[1].g_col[1].pe/_2730_/D : -0.259337
[hold in-reg] reset -> g_row[1].g_col[1].pe/_2736_/D : -0.257380
[hold in-reg] reset -> g_row[1].g_col[0].pe/_2698_/D : -0.253549
[hold in-reg] reset -> g_row[1].g_col[0].pe/_2700_/D : -0.253272
[hold in-reg] reset -> g_row[1].g_col[0].pe/_2699_/D : -0.250878
[hold in-reg] reset -> g_row[1].g_col[0].pe/_2694_/D : -0.249881
[hold in-reg] reset -> g_row[1].g_col[1].pe/_2702_/D : -0.239061
[hold in-reg] reset -> g_row[0].g_col[1].pe/_2739_/D : -0.234767
[hold in-reg] reset -> g_row[0].g_col[0].pe/_2737_/D : -0.180781
[hold in-reg] reset -> g_row[0].g_col[0].pe/_2736_/D : -0.179688
[hold in-reg] reset -> g_row[0].g_col[0].pe/_2734_/D : -0.178044
[hold in-reg] reset -> g_row[0].g_col[0].pe/_2722_/D : -0.175960
[hold in-reg] reset -> g_row[1].g_col[1].pe/_2759_/D : -0.119705
[hold in-reg] reset -> g_row[1].g_col[1].pe/_2762_/D : -0.116408
[hold in-reg] reset -> g_row[1].g_col[1].pe/_2765_/D : -0.114859
[hold in-reg] reset -> g_row[1].g_col[1].pe/_2764_/D : -0.114638
[hold in-reg] reset -> g_row[1].g_col[1].pe/_2761_/D : -0.114175
[hold in-reg] reset -> g_row[1].g_col[1].pe/_2758_/D : -0.112507
[hold in-reg] reset -> g_row[1].g_col[1].pe/_2763_/D : -0.105182
[hold in-reg] reset -> g_row[1].g_col[0].pe/_2759_/D : -0.085494
[hold in-reg] reset -> g_row[1].g_col[0].pe/_2760_/D : -0.084623
[hold in-reg] reset -> g_row[1].g_col[0].pe/_2758_/D : -0.084622
[hold in-reg] reset -> g_row[1].g_col[0].pe/_2761_/D : -0.084179
[hold in-reg] reset -> g_row[1].g_col[0].pe/_2762_/D : -0.083635
[hold in-reg] reset -> g_row[1].g_col[0].pe/_2739_/D : -0.081391
[hold in-reg] reset -> g_row[1].g_col[0].pe/_2757_/D : -0.080425
[hold in-reg] reset -> g_row[1].g_col[0].pe/_2763_/D : -0.075697
[hold in-reg] reset -> g_row[1].g_col[0].pe/_2705_/D : -0.067415
[hold in-reg] reset -> g_row[1].g_col[0].pe/_2733_/D : -0.059608
[hold in-reg] reset -> g_row[0].g_col[0].pe/_2751_/D : -0.051614
[hold in-reg] reset -> g_row[1].g_col[0].pe/_2737_/D : -0.049882
[hold in-reg] reset -> g_row[1].g_col[0].pe/_2735_/D : -0.049800
[hold in-reg] reset -> g_row[1].g_col[0].pe/_2731_/D : -0.047982
[hold in-reg] reset -> g_row[0].g_col[1].pe/_2760_/D : -0.047498
[hold in-reg] reset -> g_row[1].g_col[0].pe/_2736_/D : -0.046947
[hold in-reg] reset -> g_row[0].g_col[1].pe/_2765_/D : -0.046125
[hold in-reg] reset -> g_row[0].g_col[1].pe/_2770_/D : -0.045557
[hold in-reg] reset -> g_row[0].g_col[1].pe/_2761_/D : -0.045448
[hold in-reg] reset -> g_row[0].g_col[1].pe/_2762_/D : -0.045350
[hold in-reg] reset -> g_row[1].g_col[0].pe/_2734_/D : -0.045246
[hold in-reg] reset -> g_row[0].g_col[1].pe/_2764_/D : -0.044932
[hold in-reg] reset -> g_row[1].g_col[0].pe/_2732_/D : -0.042378
[hold in-reg] reset -> g_row[0].g_col[0].pe/_2738_/D : -0.039043
[hold in-reg] reset -> g_row[0].g_col[0].pe/_2742_/D : -0.037467
[hold in-reg] reset -> g_row[1].g_col[0].pe/_2691_/D : -0.037042
[hold in-reg] reset -> g_row[0].g_col[0].pe/_2741_/D : -0.036645
[hold in-reg] reset -> g_row[1].g_col[0].pe/_2745_/D : -0.036538
[hold in-reg] reset -> g_row[1].g_col[0].pe/_2746_/D : -0.036409
[hold in-reg] reset -> g_row[1].g_col[0].pe/_2742_/D : -0.035876
[hold in-reg] reset -> g_row[1].g_col[0].pe/_2744_/D : -0.035858
[hold in-reg] reset -> g_row[1].g_col[0].pe/_2740_/D : -0.035109
[hold in-reg] reset -> g_row[1].g_col[0].pe/_2695_/D : -0.034824
[hold in-reg] reset -> g_row[1].g_col[0].pe/_2756_/D : -0.034194
[hold in-reg] reset -> g_row[1].g_col[0].pe/_2693_/D : -0.030970
[hold in-reg] reset -> g_row[1].g_col[0].pe/_2696_/D : -0.030683
[hold in-reg] reset -> g_row[1].g_col[0].pe/_2741_/D : -0.029895
[hold in-reg] reset -> g_row[0].g_col[0].pe/_2754_/D : -0.029760
[hold in-reg] reset -> g_row[0].g_col[0].pe/_2740_/D : -0.029359
[hold in-reg] reset -> g_row[1].g_col[0].pe/_2706_/D : -0.028849
[hold in-reg] reset -> g_row[1].g_col[0].pe/_2721_/D : -0.027467
[hold in-reg] reset -> g_row[1].g_col[0].pe/_2690_/D : -0.027449
[hold in-reg] reset -> g_row[1].g_col[0].pe/_2711_/D : -0.025657
[hold in-reg] reset -> g_row[1].g_col[0].pe/_2697_/D : -0.025641
[hold in-reg] reset -> g_row[1].g_col[0].pe/_2692_/D : -0.024831
[hold in-reg] reset -> g_row[1].g_col[0].pe/_2709_/D : -0.024740
[hold in-reg] reset -> g_row[1].g_col[0].pe/_2708_/D : -0.023918
[hold in-reg] reset -> g_row[1].g_col[0].pe/_2710_/D : -0.023773
[hold in-reg] reset -> g_row[1].g_col[1].pe/_2727_/D : -0.023282
[hold in-reg] reset -> g_row[1].g_col[1].pe/_2729_/D : -0.021605
[hold in-reg] reset -> g_row[1].g_col[1].pe/_2732_/D : -0.020771
[hold in-reg] reset -> g_row[1].g_col[1].pe/_2737_/D : -0.018607
[hold in-reg] reset -> g_row[1].g_col[1].pe/_2735_/D : -0.018572
[hold in-reg] reset -> g_row[1].g_col[0].pe/_2712_/D : -0.017718
[hold in-reg] reset -> g_row[1].g_col[1].pe/_2731_/D : -0.016964
[hold in-reg] reset -> g_row[1].g_col[1].pe/_2722_/D : -0.016863
[hold in-reg] reset -> g_row[1].g_col[1].pe/_2698_/D : -0.016791
[hold in-reg] reset -> g_row[0].g_col[1].pe/_2763_/D : -0.015933
[hold in-reg] reset -> g_row[1].g_col[1].pe/_2701_/D : -0.013362
[hold in-reg] reset -> g_row[1].g_col[1].pe/_2694_/D : -0.013129
[hold in-reg] reset -> g_row[1].g_col[1].pe/_2700_/D : -0.011106
[hold in-reg] reset -> g_row[1].g_col[1].pe/_2696_/D : -0.010957
[hold in-reg] reset -> g_row[1].g_col[1].pe/_2695_/D : -0.010473
[hold in-reg] reset -> g_row[1].g_col[1].pe/_2699_/D : -0.010039
[hold in-reg] reset -> g_row[1].g_col[1].pe/_2697_/D : -0.003297
Writing metric timing__hold_vio__count__corner:max_ss_100C_1v60: 207
Writing metric timing__hold_r2r__ws__corner:max_ss_100C_1v60: 1e30
Writing metric timing__hold_r2r_vio__count__corner:max_ss_100C_1v60: 0
Writing metric timing__setup_vio__count__corner:max_ss_100C_1v60: 0
Writing metric timing__setup_r2r__ws__corner:max_ss_100C_1v60: 8.274993
Writing metric timing__setup_r2r_vio__count__corner:max_ss_100C_1v60: 0
