
===========================================================================
report_checks -unconstrained
===========================================================================
======================= max_ff_n40C_1v95 Corner ===================================

Startpoint: _2660_ (rising edge-triggered flip-flop clocked by clk)
Endpoint: _2684_ (rising edge-triggered flip-flop clocked by clk)
Path Group: clk
Path Type: max

Fanout         Cap        Slew       Delay        Time   Description
---------------------------------------------------------------------------------------------
                                  0.000000    0.000000   clock clk (rise edge)
                                  0.000000    0.000000   clock source latency
     1    0.030516    0.106680    0.074492    0.074492 ^ clk (in)
                                                         clk (net)
                      0.106747    0.000000    0.074492 ^ clkbuf_0_clk/A (sky130_fd_sc_hd__clkbuf_16)
    16    0.115085    0.101619    0.152544    0.227036 ^ clkbuf_0_clk/X (sky130_fd_sc_hd__clkbuf_16)
                                                         clknet_0_clk (net)
                      0.104060    0.012441    0.239478 ^ clkbuf_4_1_0_clk/A (sky130_fd_sc_hd__clkbuf_8)
     6    0.018677    0.036936    0.106457    0.345935 ^ clkbuf_4_1_0_clk/X (sky130_fd_sc_hd__clkbuf_8)
                                                         clknet_4_1_0_clk (net)
                      0.036966    0.000932    0.346866 ^ _2660_/CLK (sky130_fd_sc_hd__dfxtp_2)
     6    0.031057    0.120946    0.261876    0.608742 ^ _2660_/Q (sky130_fd_sc_hd__dfxtp_2)
                                                         r2_mantissa[5] (net)
                      0.120975    0.001844    0.610586 ^ place251/A (sky130_fd_sc_hd__buf_1)
     8    0.047714    0.414054    0.320561    0.931148 ^ place251/X (sky130_fd_sc_hd__buf_1)
                                                         net251 (net)
                      0.414174    0.005870    0.937017 ^ place250/A (sky130_fd_sc_hd__buf_1)
     6    0.045843    0.397243    0.302135    1.239152 ^ place250/X (sky130_fd_sc_hd__buf_1)
                                                         net250 (net)
                      0.397258    0.002109    1.241261 ^ _1388_/B1 (sky130_fd_sc_hd__a21o_2)
     3    0.009038    0.045682    0.073617    1.314878 ^ _1388_/X (sky130_fd_sc_hd__a21o_2)
                                                         _0612_ (net)
                      0.045687    0.000490    1.315368 ^ _1390_/A (sky130_fd_sc_hd__and2_4)
     5    0.016616    0.047209    0.100077    1.415446 ^ _1390_/X (sky130_fd_sc_hd__and2_4)
                                                         _0614_ (net)
                      0.047229    0.000912    1.416358 ^ place208/A (sky130_fd_sc_hd__buf_1)
     8    0.032714    0.286630    0.229029    1.645386 ^ place208/X (sky130_fd_sc_hd__buf_1)
                                                         net208 (net)
                      0.286677    0.003045    1.648431 ^ _1677_/B1 (sky130_fd_sc_hd__a22o_2)
     1    0.009117    0.047976    0.114570    1.763001 ^ _1677_/X (sky130_fd_sc_hd__a22o_2)
                                                         _0901_ (net)
                      0.047981    0.000507    1.763508 ^ _1678_/B (sky130_fd_sc_hd__xor2_2)
     3    0.012629    0.145192    0.137145    1.900653 ^ _1678_/X (sky130_fd_sc_hd__xor2_2)
                                                         _0902_ (net)
                      0.145192    0.000412    1.901065 ^ _1680_/A2 (sky130_fd_sc_hd__a21oi_2)
     2    0.017170    0.065500    0.070836    1.971901 v _1680_/Y (sky130_fd_sc_hd__a21oi_2)
                                                         _0904_ (net)
                      0.065535    0.001200    1.973101 v _1682_/A (sky130_fd_sc_hd__xor2_2)
     2    0.011223    0.067176    0.133503    2.106604 v _1682_/X (sky130_fd_sc_hd__xor2_2)
                                                         _0906_ (net)
                      0.067177    0.000336    2.106940 v _1684_/A3 (sky130_fd_sc_hd__a31o_2)
     2    0.015176    0.048715    0.192247    2.299186 v _1684_/X (sky130_fd_sc_hd__a31o_2)
                                                         _0908_ (net)
                      0.048791    0.001422    2.300609 v _1686_/A (sky130_fd_sc_hd__xor2_2)
     2    0.013475    0.069103    0.131169    2.431778 v _1686_/X (sky130_fd_sc_hd__xor2_2)
                                                         _0910_ (net)
                      0.069142    0.000848    2.432626 v _1733_/B (sky130_fd_sc_hd__xnor2_2)
     1    0.006900    0.043252    0.100316    2.532942 v _1733_/Y (sky130_fd_sc_hd__xnor2_2)
                                                         _0957_ (net)
                      0.043258    0.000405    2.533346 v _1734_/B1 (sky130_fd_sc_hd__a31o_2)
     1    0.017030    0.051402    0.107803    2.641150 v _1734_/X (sky130_fd_sc_hd__a31o_2)
                                                         _0958_ (net)
                      0.051469    0.001599    2.642749 v _1737_/B (sky130_fd_sc_hd__or4_4)
     1    0.004221    0.057495    0.306856    2.949605 v _1737_/X (sky130_fd_sc_hd__or4_4)
                                                         _0961_ (net)
                      0.057496    0.000288    2.949893 v _1738_/C1 (sky130_fd_sc_hd__o211a_2)
     1    0.009413    0.042136    0.093266    3.043159 v _1738_/X (sky130_fd_sc_hd__o211a_2)
                                                         _0962_ (net)
                      0.042150    0.000727    3.043886 v _1744_/A1 (sky130_fd_sc_hd__o21ai_4)
     3    0.012986    0.109571    0.124252    3.168138 ^ _1744_/Y (sky130_fd_sc_hd__o21ai_4)
                                                         _0968_ (net)
                      0.109573    0.000821    3.168959 ^ _1799_/A3 (sky130_fd_sc_hd__a32o_2)
     2    0.015755    0.080414    0.143677    3.312636 ^ _1799_/X (sky130_fd_sc_hd__a32o_2)
                                                         _1022_ (net)
                      0.080435    0.001258    3.313894 ^ _1899_/A1 (sky130_fd_sc_hd__a21oi_2)
     4    0.021439    0.064823    0.064243    3.378137 v _1899_/Y (sky130_fd_sc_hd__a21oi_2)
                                                         _1121_ (net)
                      0.064923    0.002075    3.380211 v _2224_/A1 (sky130_fd_sc_hd__o31a_2)
     2    0.015211    0.059306    0.246638    3.626850 v _2224_/X (sky130_fd_sc_hd__o31a_2)
                                                         _0221_ (net)
                      0.059342    0.001505    3.628355 v _2256_/A2 (sky130_fd_sc_hd__a41o_2)
     4    0.015123    0.050149    0.188187    3.816542 v _2256_/X (sky130_fd_sc_hd__a41o_2)
                                                         _0252_ (net)
                      0.050215    0.001303    3.817845 v _2285_/A1 (sky130_fd_sc_hd__a21o_2)
     2    0.006111    0.030947    0.128630    3.946475 v _2285_/X (sky130_fd_sc_hd__a21o_2)
                                                         _0280_ (net)
                      0.030947    0.000411    3.946887 v _2305_/A2 (sky130_fd_sc_hd__a311o_2)
     1    0.006437    0.046442    0.227882    4.174768 v _2305_/X (sky130_fd_sc_hd__a311o_2)
                                                         _0299_ (net)
                      0.046442    0.000485    4.175253 v _2306_/B1 (sky130_fd_sc_hd__a21oi_2)
     1    0.006618    0.086745    0.064442    4.239696 ^ _2306_/Y (sky130_fd_sc_hd__a21oi_2)
                                                         _0300_ (net)
                      0.086746    0.000500    4.240195 ^ _2307_/A2 (sky130_fd_sc_hd__o21a_4)
     1    0.002393    0.024831    0.072508    4.312704 ^ _2307_/X (sky130_fd_sc_hd__o21a_4)
                                                         _0029_ (net)
                      0.024832    0.000171    4.312875 ^ _2684_/D (sky130_fd_sc_hd__dfxtp_2)
                                              4.312875   data arrival time

                                 20.000000   20.000000   clock clk (rise edge)
                                  0.000000   20.000000   clock source latency
     1    0.030516    0.106680    0.074492   20.074492 ^ clk (in)
                                                         clk (net)
                      0.106747    0.000000   20.074492 ^ clkbuf_0_clk/A (sky130_fd_sc_hd__clkbuf_16)
    16    0.115085    0.101619    0.152545   20.227037 ^ clkbuf_0_clk/X (sky130_fd_sc_hd__clkbuf_16)
                                                         clknet_0_clk (net)
                      0.102513    0.007697   20.234734 ^ clkbuf_4_9_0_clk/A (sky130_fd_sc_hd__clkbuf_8)
     6    0.027125    0.046251    0.113825   20.348558 ^ clkbuf_4_9_0_clk/X (sky130_fd_sc_hd__clkbuf_8)
                                                         clknet_4_9_0_clk (net)
                      0.046585    0.002805   20.351364 ^ _2684_/CLK (sky130_fd_sc_hd__dfxtp_2)
                                 -0.200000   20.151363   clock uncertainty
                                  0.000000   20.151363   clock reconvergence pessimism
                                 -0.030369   20.120995   library setup time
                                             20.120995   data required time
---------------------------------------------------------------------------------------------
                                             20.120995   data required time
                                             -4.312875   data arrival time
---------------------------------------------------------------------------------------------
                                             15.808120   slack (MET)




===========================================================================
report_checks --slack_max -0.01
============================================================================
======================= max_ff_n40C_1v95 Corner ===================================

No paths found.


===========================================================================
 report_check_types -max_slew -max_cap -max_fanout -violators
============================================================================
======================= max_ff_n40C_1v95 Corner ===================================

max fanout

Pin                                   Limit Fanout  Slack
---------------------------------------------------------
clkbuf_0_clk/X                            8     16     -8 (VIOLATED)



===========================================================================
report_parasitic_annotation -report_unannotated
============================================================================
Found 17 unannotated drivers.
 _2620__402/HI
 _2621_/SUM
 _2621__401/HI
 clkload0/X
 clkload1/X
 clkload10/X
 clkload11/X
 clkload12/X
 clkload13/X
 clkload2/X
 clkload3/X
 clkload4/X
 clkload5/X
 clkload6/X
 clkload7/X
 clkload8/X
 clkload9/X
Found 0 partially unannotated drivers.

===========================================================================
max slew violation count 0
max fanout violation count 1
max cap violation count 0
============================================================================

===========================================================================
check_setup -verbose -unconstrained_endpoints -multiple_clock -no_clock -no_input_delay -loops -generated_clocks
===========================================================================
