Clock: clk
Sources: clk 
Generated: no
Virtual: yes
Propagated: no
Period: 20.000000

===========================================================================
report_clock_properties
============================================================================
Clock                   Period          Waveform
----------------------------------------------------
clk                  20.000000    0.000000 10.000000

===========================================================================
report_clock_latency
============================================================================
Clock clk
rise -> rise
    min     max
0.000000 0.000000 source latency
0.343757         network latency _2659_/CLK
        0.361715 network latency _2651_/CLK
---------------
0.343757 0.361715 latency
        0.017958 skew

fall -> fall
    min     max
0.000000 0.000000 source latency
0.288508         network latency _2659_/CLK
        0.304416 network latency _2651_/CLK
---------------
0.288508 0.304416 latency
        0.015908 skew



===========================================================================
report_clock_min_period
============================================================================
clk period_min = 4.19 fmax = 238.56
