Clock: clk
Sources: clk 
Generated: no
Virtual: yes
Propagated: no
Period: 20.000000

===========================================================================
report_clock_properties
============================================================================
Clock                   Period          Waveform
----------------------------------------------------
clk                  20.000000    0.000000 10.000000

===========================================================================
report_clock_latency
============================================================================
Clock clk
rise -> rise
    min     max
0.000000 0.000000 source latency
2.533277         network latency _216203_/CLK
        2.818451 network latency _223610_/CLK
---------------
2.533277 2.818451 latency
        0.285174 skew

fall -> fall
    min     max
0.000000 0.000000 source latency
2.601650         network latency _216203_/CLK
        2.865631 network latency _223610_/CLK
---------------
2.601650 2.865631 latency
        0.263981 skew



===========================================================================
report_clock_min_period
============================================================================
clk period_min = 8.80 fmax = 113.68
