Clock: clk
Sources: clk 
Generated: no
Virtual: yes
Propagated: no
Period: 20.000000

===========================================================================
report_clock_properties
============================================================================
Clock                   Period          Waveform
----------------------------------------------------
clk                  20.000000    0.000000 10.000000

===========================================================================
report_clock_latency
============================================================================
Clock clk
rise -> rise
    min     max
0.000000 0.000000 source latency
1.577416         network latency g_row[1].g_col[0].pe/_2743_/CLK
        1.906198 network latency g_row[0].g_col[0].pe/_2725_/CLK
---------------
1.577416 1.906198 latency
        0.328782 skew

fall -> fall
    min     max
0.000000 0.000000 source latency
1.251313         network latency g_row[1].g_col[0].pe/_2743_/CLK
        1.581027 network latency g_row[0].g_col[0].pe/_2725_/CLK
---------------
1.251313 1.581027 latency
        0.329714 skew



===========================================================================
report_clock_min_period
============================================================================
clk period_min = 12.67 fmax = 78.91
