[WARNING ORD-0039] .openroad ignored with -python
Unannotated report:
['report_parasitic_annotation -report_unannotated\n',
 '============================================================================\n',
 'Found 32 unannotated drivers.\n',
 ' clkload0/X\n',
 ' clkload1/X\n',
 ' clkload10/X\n',
 ' clkload11/X\n',
 ' clkload12/X\n',
 ' clkload13/X\n',
 ' clkload14/X\n',
 ' clkload15/X\n',
 ' clkload16/X\n',
 ' clkload17/X\n',
 ' clkload2/X\n',
 ' clkload3/X\n',
 ' clkload4/X\n',
 ' clkload5/X\n',
 ' clkload6/X\n',
 ' clkload7/Y\n',
 ' clkload8/X\n',
 ' clkload9/X\n',
 ' g_row\\[0\\].g_col\\[0\\].pe\\/_2688__1422/HI\n',
 ' g_row\\[0\\].g_col\\[0\\].pe\\/_2689_/SUM\n',
 ' g_row\\[0\\].g_col\\[0\\].pe\\/_2689__1421/HI\n',
 ' g_row\\[0\\].g_col\\[1\\].pe\\/_2688__1424/HI\n',
 ' g_row\\[0\\].g_col\\[1\\].pe\\/_2689_/SUM\n',
 ' g_row\\[0\\].g_col\\[1\\].pe\\/_2689__1423/HI\n',
 ' g_row\\[0\\].g_col\\[1\\].pe\\/_2774_/X\n',
 ' g_row\\[1\\].g_col\\[0\\].pe\\/_2688__1426/HI\n',
 ' g_row\\[1\\].g_col\\[0\\].pe\\/_2689_/SUM\n',
 ' g_row\\[1\\].g_col\\[0\\].pe\\/_2689__1425/HI\n',
 ' g_row\\[1\\].g_col\\[1\\].pe\\/_2688__1428/HI\n',
 ' g_row\\[1\\].g_col\\[1\\].pe\\/_2689_/SUM\n',
 ' g_row\\[1\\].g_col\\[1\\].pe\\/_2689__1427/HI\n',
 ' g_row\\[1\\].g_col\\[1\\].pe\\/_2774_/X\n',
 'Found 0 partially unannotated drivers.\n',
 '\n']
Reported nets:
['clkload0/X',
 'clkload1/X',
 'clkload10/X',
 'clkload11/X',
 'clkload12/X',
 'clkload13/X',
 'clkload14/X',
 'clkload15/X',
 'clkload16/X',
 'clkload17/X',
 'clkload2/X',
 'clkload3/X',
 'clkload4/X',
 'clkload5/X',
 'clkload6/X',
 'clkload7/Y',
 'clkload8/X',
 'clkload9/X',
 'g_row\\[0\\].g_col\\[0\\].pe\\/_2688__1422/HI',
 'g_row\\[0\\].g_col\\[0\\].pe\\/_2689_/SUM',
 'g_row\\[0\\].g_col\\[0\\].pe\\/_2689__1421/HI',
 'g_row\\[0\\].g_col\\[1\\].pe\\/_2688__1424/HI',
 'g_row\\[0\\].g_col\\[1\\].pe\\/_2689_/SUM',
 'g_row\\[0\\].g_col\\[1\\].pe\\/_2689__1423/HI',
 'g_row\\[0\\].g_col\\[1\\].pe\\/_2774_/X',
 'g_row\\[1\\].g_col\\[0\\].pe\\/_2688__1426/HI',
 'g_row\\[1\\].g_col\\[0\\].pe\\/_2689_/SUM',
 'g_row\\[1\\].g_col\\[0\\].pe\\/_2689__1425/HI',
 'g_row\\[1\\].g_col\\[1\\].pe\\/_2688__1428/HI',
 'g_row\\[1\\].g_col\\[1\\].pe\\/_2689_/SUM',
 'g_row\\[1\\].g_col\\[1\\].pe\\/_2689__1427/HI',
 'g_row\\[1\\].g_col\\[1\\].pe\\/_2774_/X']
Filtered nets:
[]
done
