Starting…
Skipping step 'Insert ECO Buffers'…
Skipping step 'Detailed Routing'…
Skipping step 'Remove Obstructions'…
Skipping step 'Check Antennas'…
Skipping step 'Routing DRC Checker'…
Skipping step 'Report Disconnected Pins'…
Skipping step 'Disconnected Pins Checker'…
Skipping step 'Report Wire Length'…
Skipping step 'Wire Length Threshold Checker'…
Skipping step 'Fill Insertion'…
Skipping step 'Generate Cell Frequency Tables'…
Skipping step 'Parasitics (RC) Extraction'…
Skipping step 'STA (Post-PnR)'…
Running 'Magic.StreamOut' at 'runs/chip_fp16_1_eco_s/01-magic-streamout'…
Logging subprocess to [repr.filename]'runs/chip_fp16_1_eco_s/01-magic-streamout/core_tile.get_bbox.log'[/repr.filename]…
Logging subprocess to [repr.filename]'runs/chip_fp16_1_eco_s/01-magic-streamout/vccd1_connection.get_bbox.log'[/repr.filename]…
Logging subprocess to [repr.filename]'runs/chip_fp16_1_eco_s/01-magic-streamout/vssd1_connection.get_bbox.log'[/repr.filename]…
Logging subprocess to [repr.filename]'runs/chip_fp16_1_eco_s/01-magic-streamout/magic-streamout.log'[/repr.filename]…
Running 'KLayout.StreamOut' at 'runs/chip_fp16_1_eco_s/02-klayout-streamout'…
Logging subprocess to [repr.filename]'runs/chip_fp16_1_eco_s/02-klayout-streamout/klayout-streamout.log'[/repr.filename]…
Running 'Magic.WriteLEFAbstractMacros' at 'runs/chip_fp16_1_eco_s/03-magic-writelefabstractmacros'…
Logging subprocess to [repr.filename]'runs/chip_fp16_1_eco_s/03-magic-writelefabstractmacros/magic-writelefabstractmacros.log'[/repr.filename]…
Running 'Odb.CheckDesignAntennaProperties' at 'runs/chip_fp16_1_eco_s/04-odb-checkdesignantennaproperties'…
Logging subprocess to [repr.filename]'runs/chip_fp16_1_eco_s/04-odb-checkdesignantennaproperties/odb-checkdesignantennaproperties.log'[/repr.filename]…
Cell 'openframe_project_wrapper' has (88) inout pin(s) without antenna gate information not antenna diffusion information. They might be disconnected.
Cell 'openframe_project_wrapper' has (192) input pin(s) without antenna gate information. They might not be connected to a gate.
Cell 'openframe_project_wrapper' has (547) output pin(s) without antenna diffusion information. They might not be driven.
Running 'KLayout.XOR' at 'runs/chip_fp16_1_eco_s/05-klayout-xor'…
Running XOR with 24 threads…
Logging subprocess to [repr.filename]'runs/chip_fp16_1_eco_s/05-klayout-xor/klayout-xor.log'[/repr.filename]…
Running 'Checker.XOR' at 'runs/chip_fp16_1_eco_s/06-checker-xor'…
Check for XOR differences clear.
Running 'Magic.DRC' at 'runs/chip_fp16_1_eco_s/07-magic-drc'…
Logging subprocess to [repr.filename]'runs/chip_fp16_1_eco_s/07-magic-drc/magic-drc.log'[/repr.filename]…
Running 'KLayout.DRC' at 'runs/chip_fp16_1_eco_s/08-klayout-drc'…
Running KLayout DRC with 8 threads…
Logging subprocess to [repr.filename]'runs/chip_fp16_1_eco_s/08-klayout-drc/klayout-drc.log'[/repr.filename]…
Logging subprocess to [repr.filename]'runs/chip_fp16_1_eco_s/08-klayout-drc/xml_drc_report_to_json.log'[/repr.filename]…
Running 'Checker.MagicDRC' at 'runs/chip_fp16_1_eco_s/09-checker-magicdrc'…
Check for Magic DRC errors clear.
Running 'Checker.KLayoutDRC' at 'runs/chip_fp16_1_eco_s/10-checker-klayoutdrc'…
Check for KLayout DRC errors clear.
Running 'Magic.SpiceExtractionAbstractMacros' at 'runs/chip_fp16_1_eco_s/11-magic-spiceextractionabstractmacros'…
Logging subprocess to [repr.filename]'runs/chip_fp16_1_eco_s/11-magic-spiceextractionabstractmacros/magic-spiceextractionabstractmacros.log'[/repr.filename]…
Running 'Checker.IllegalOverlap' at 'runs/chip_fp16_1_eco_s/12-checker-illegaloverlap'…
Check for Magic Illegal Overlap errors clear.
Running 'Netgen.LVS' at 'runs/chip_fp16_1_eco_s/13-netgen-lvs'…
Logging subprocess to [repr.filename]'runs/chip_fp16_1_eco_s/13-netgen-lvs/netgen-lvs.log'[/repr.filename]…
Running 'Checker.LVS' at 'runs/chip_fp16_1_eco_s/14-checker-lvs'…
Check for LVS errors clear.
Running 'Checker.SetupViolations' at 'runs/chip_fp16_1_eco_s/15-checker-setupviolations'…
No setup violations found
Running 'Checker.HoldViolations' at 'runs/chip_fp16_1_eco_s/16-checker-holdviolations'…
No hold violations found
Running 'Checker.MaxSlewViolations' at 'runs/chip_fp16_1_eco_s/17-checker-maxslewviolations'…
No max slew violations found
Running 'Checker.MaxCapViolations' at 'runs/chip_fp16_1_eco_s/18-checker-maxcapviolations'…
No max cap violations found
Running 'Misc.ReportManufacturability' at 'runs/chip_fp16_1_eco_s/19-misc-reportmanufacturability'…
Saving views to '/home/research/alosh/superfloat.gpu/librelane/openframe/runs/chip_fp16_1_eco_s/final'…
Flow complete.
