Clock: clk
Sources: gpio_in[38] 
Generated: no
Virtual: yes
Propagated: no
Period: 20.000000

===========================================================================
report_clock_properties
============================================================================
Clock                   Period          Waveform
----------------------------------------------------
clk                  20.000000    0.000000 10.000000

===========================================================================
report_clock_latency
============================================================================
Clock clk
rise -> rise
    min     max
0.000000 0.000000 source latency
2.975957         network latency _3807_/CLK
        4.663290 network latency _4236_/CLK
---------------
2.975957 4.663290 latency
        1.687332 skew

fall -> fall
    min     max
0.000000 0.000000 source latency
1.319894         network latency chip.gpu_inst.tiles[0].tile/clk
        4.999337 network latency _4236_/CLK
---------------
1.319894 4.999337 latency
        3.679444 skew



===========================================================================
report_clock_min_period
============================================================================
clk period_min = 5.52 fmax = 181.26
