
===========================================================================
report_checks -unconstrained
===========================================================================
======================= nom_tt_025C_1v80 Corner ===================================

Startpoint: _2660_ (rising edge-triggered flip-flop clocked by clk)
Endpoint: _2684_ (rising edge-triggered flip-flop clocked by clk)
Path Group: clk
Path Type: max

Fanout         Cap        Slew       Delay        Time   Description
---------------------------------------------------------------------------------------------
                                  0.000000    0.000000   clock clk (rise edge)
                                  0.000000    0.000000   clock source latency
     1    0.021153    0.100886    0.069830    0.069830 ^ clk (in)
                                                         clk (net)
                      0.100909    0.000000    0.069830 ^ clkbuf_0_clk/A (sky130_fd_sc_hd__clkbuf_16)
    16    0.095653    0.112396    0.199673    0.269503 ^ clkbuf_0_clk/X (sky130_fd_sc_hd__clkbuf_16)
                                                         clknet_0_clk (net)
                      0.113403    0.008527    0.278030 ^ clkbuf_4_1_0_clk/A (sky130_fd_sc_hd__clkbuf_8)
     6    0.015926    0.045092    0.151172    0.429202 ^ clkbuf_4_1_0_clk/X (sky130_fd_sc_hd__clkbuf_8)
                                                         clknet_4_1_0_clk (net)
                      0.045093    0.000276    0.429478 ^ _2660_/CLK (sky130_fd_sc_hd__dfxtp_2)
     6    0.026594    0.140046    0.389642    0.819120 ^ _2660_/Q (sky130_fd_sc_hd__dfxtp_2)
                                                         r2_mantissa[5] (net)
                      0.140046    0.000479    0.819599 ^ place251/A (sky130_fd_sc_hd__buf_1)
     8    0.044710    0.521222    0.435452    1.255051 ^ place251/X (sky130_fd_sc_hd__buf_1)
                                                         net251 (net)
                      0.521233    0.001958    1.257009 ^ place250/A (sky130_fd_sc_hd__buf_1)
     6    0.038818    0.451560    0.425006    1.682015 ^ place250/X (sky130_fd_sc_hd__buf_1)
                                                         net250 (net)
                      0.451563    0.000902    1.682917 ^ _1388_/B1 (sky130_fd_sc_hd__a21o_2)
     3    0.008986    0.061061    0.175359    1.858276 ^ _1388_/X (sky130_fd_sc_hd__a21o_2)
                                                         _0612_ (net)
                      0.061061    0.000231    1.858507 ^ _1390_/A (sky130_fd_sc_hd__and2_4)
     5    0.015128    0.062509    0.157803    2.016310 ^ _1390_/X (sky130_fd_sc_hd__and2_4)
                                                         _0614_ (net)
                      0.062510    0.000387    2.016696 ^ place208/A (sky130_fd_sc_hd__buf_1)
     8    0.028086    0.331390    0.286051    2.302747 ^ place208/X (sky130_fd_sc_hd__buf_1)
                                                         net208 (net)
                      0.331401    0.001579    2.304326 ^ _1633_/B1 (sky130_fd_sc_hd__a22o_2)
     1    0.010114    0.072083    0.226472    2.530798 ^ _1633_/X (sky130_fd_sc_hd__a22o_2)
                                                         _0857_ (net)
                      0.072083    0.000349    2.531147 ^ _1634_/B (sky130_fd_sc_hd__xor2_2)
     2    0.015248    0.221028    0.222519    2.753666 ^ _1634_/X (sky130_fd_sc_hd__xor2_2)
                                                         _0858_ (net)
                      0.221028    0.000304    2.753970 ^ _1655_/B (sky130_fd_sc_hd__xnor2_2)
     2    0.011213    0.190513    0.162861    2.916830 ^ _1655_/Y (sky130_fd_sc_hd__xnor2_2)
                                                         _0879_ (net)
                      0.190513    0.000199    2.917029 ^ _1657_/B (sky130_fd_sc_hd__xor2_2)
     2    0.015456    0.223219    0.242125    3.159154 ^ _1657_/X (sky130_fd_sc_hd__xor2_2)
                                                         _0881_ (net)
                      0.223219    0.000409    3.159563 ^ _1685_/A (sky130_fd_sc_hd__xor2_2)
     2    0.014659    0.214658    0.237339    3.396902 ^ _1685_/X (sky130_fd_sc_hd__xor2_2)
                                                         _0909_ (net)
                      0.214658    0.000324    3.397226 ^ _1686_/B (sky130_fd_sc_hd__xor2_2)
     2    0.015204    0.220551    0.242804    3.640030 ^ _1686_/X (sky130_fd_sc_hd__xor2_2)
                                                         _0910_ (net)
                      0.220551    0.000305    3.640336 ^ _1733_/B (sky130_fd_sc_hd__xnor2_2)
     1    0.005919    0.055884    0.091693    3.732029 v _1733_/Y (sky130_fd_sc_hd__xnor2_2)
                                                         _0957_ (net)
                      0.055884    0.000266    3.732295 v _1734_/B1 (sky130_fd_sc_hd__a31o_2)
     1    0.010655    0.056840    0.239448    3.971742 v _1734_/X (sky130_fd_sc_hd__a31o_2)
                                                         _0958_ (net)
                      0.056849    0.000716    3.972458 v _1737_/B (sky130_fd_sc_hd__or4_4)
     1    0.003814    0.081606    0.504861    4.477319 v _1737_/X (sky130_fd_sc_hd__or4_4)
                                                         _0961_ (net)
                      0.081606    0.000134    4.477452 v _1738_/C1 (sky130_fd_sc_hd__o211a_2)
     1    0.009681    0.057755    0.147959    4.625411 v _1738_/X (sky130_fd_sc_hd__o211a_2)
                                                         _0962_ (net)
                      0.057755    0.000267    4.625678 v _1744_/A1 (sky130_fd_sc_hd__o21ai_4)
     3    0.013056    0.147414    0.178048    4.803727 ^ _1744_/Y (sky130_fd_sc_hd__o21ai_4)
                                                         _0968_ (net)
                      0.147414    0.000441    4.804168 ^ _1799_/A3 (sky130_fd_sc_hd__a32o_2)
     2    0.015774    0.110313    0.243687    5.047855 ^ _1799_/X (sky130_fd_sc_hd__a32o_2)
                                                         _1022_ (net)
                      0.110313    0.000491    5.048346 ^ _1899_/A1 (sky130_fd_sc_hd__a21oi_2)
     4    0.018725    0.086402    0.104924    5.153270 v _1899_/Y (sky130_fd_sc_hd__a21oi_2)
                                                         _1121_ (net)
                      0.086407    0.000767    5.154037 v _2224_/A1 (sky130_fd_sc_hd__o31a_2)
     2    0.009400    0.067454    0.377772    5.531809 v _2224_/X (sky130_fd_sc_hd__o31a_2)
                                                         _0221_ (net)
                      0.067456    0.000456    5.532265 v _2256_/A2 (sky130_fd_sc_hd__a41o_2)
     4    0.013002    0.063278    0.279817    5.812082 v _2256_/X (sky130_fd_sc_hd__a41o_2)
                                                         _0252_ (net)
                      0.063278    0.000520    5.812602 v _2285_/A1 (sky130_fd_sc_hd__a21o_2)
     2    0.005217    0.039983    0.197445    6.010047 v _2285_/X (sky130_fd_sc_hd__a21o_2)
                                                         _0280_ (net)
                      0.039983    0.000161    6.010208 v _2305_/A2 (sky130_fd_sc_hd__a311o_2)
     1    0.005248    0.060272    0.362427    6.372635 v _2305_/X (sky130_fd_sc_hd__a311o_2)
                                                         _0299_ (net)
                      0.060272    0.000187    6.372822 v _2306_/B1 (sky130_fd_sc_hd__a21oi_2)
     1    0.005724    0.109548    0.120434    6.493257 ^ _2306_/Y (sky130_fd_sc_hd__a21oi_2)
                                                         _0300_ (net)
                      0.109548    0.000198    6.493454 ^ _2307_/A2 (sky130_fd_sc_hd__o21a_4)
     1    0.003022    0.031890    0.121593    6.615047 ^ _2307_/X (sky130_fd_sc_hd__o21a_4)
                                                         _0029_ (net)
                      0.031890    0.000077    6.615124 ^ _2684_/D (sky130_fd_sc_hd__dfxtp_2)
                                              6.615124   data arrival time

                                 20.000000   20.000000   clock clk (rise edge)
                                  0.000000   20.000000   clock source latency
     1    0.021153    0.100886    0.069830   20.069830 ^ clk (in)
                                                         clk (net)
                      0.100909    0.000000   20.069830 ^ clkbuf_0_clk/A (sky130_fd_sc_hd__clkbuf_16)
    16    0.095653    0.112396    0.199673   20.269505 ^ clkbuf_0_clk/X (sky130_fd_sc_hd__clkbuf_16)
                                                         clknet_0_clk (net)
                      0.112759    0.005228   20.274733 ^ clkbuf_4_9_0_clk/A (sky130_fd_sc_hd__clkbuf_8)
     6    0.019318    0.050343    0.155820   20.430552 ^ clkbuf_4_9_0_clk/X (sky130_fd_sc_hd__clkbuf_8)
                                                         clknet_4_9_0_clk (net)
                      0.050357    0.000822   20.431374 ^ _2684_/CLK (sky130_fd_sc_hd__dfxtp_2)
                                 -0.200000   20.231375   clock uncertainty
                                  0.000000   20.231375   clock reconvergence pessimism
                                 -0.054984   20.176392   library setup time
                                             20.176392   data required time
---------------------------------------------------------------------------------------------
                                             20.176392   data required time
                                             -6.615124   data arrival time
---------------------------------------------------------------------------------------------
                                             13.561267   slack (MET)




===========================================================================
report_checks --slack_max -0.01
============================================================================
======================= nom_tt_025C_1v80 Corner ===================================

No paths found.


===========================================================================
 report_check_types -max_slew -max_cap -max_fanout -violators
============================================================================
======================= nom_tt_025C_1v80 Corner ===================================

max fanout

Pin                                   Limit Fanout  Slack
---------------------------------------------------------
clkbuf_0_clk/X                            8     16     -8 (VIOLATED)



===========================================================================
report_parasitic_annotation -report_unannotated
============================================================================
Found 17 unannotated drivers.
 _2620__402/HI
 _2621_/SUM
 _2621__401/HI
 clkload0/X
 clkload1/X
 clkload10/X
 clkload11/X
 clkload12/X
 clkload13/X
 clkload2/X
 clkload3/X
 clkload4/X
 clkload5/X
 clkload6/X
 clkload7/X
 clkload8/X
 clkload9/X
Found 0 partially unannotated drivers.

===========================================================================
max slew violation count 0
Writing metric design__max_slew_violation__count__corner:nom_tt_025C_1v80: 0
max fanout violation count 1
Writing metric design__max_fanout_violation__count__corner:nom_tt_025C_1v80: 1
max cap violation count 0
Writing metric design__max_cap_violation__count__corner:nom_tt_025C_1v80: 0
============================================================================

===========================================================================
check_setup -verbose -unconstrained_endpoints -multiple_clock -no_clock -no_input_delay -loops -generated_clocks
===========================================================================
