Clock: clk
Sources: clk 
Generated: no
Virtual: yes
Propagated: no
Period: 20.000000

===========================================================================
report_clock_properties
============================================================================
Clock                   Period          Waveform
----------------------------------------------------
clk                  20.000000    0.000000 10.000000

===========================================================================
report_clock_latency
============================================================================
Clock clk
rise -> rise
    min     max
0.000000 0.000000 source latency
0.428252         network latency _2625_/CLK
        0.438100 network latency _2651_/CLK
---------------
0.428252 0.438100 latency
        0.009847 skew

fall -> fall
    min     max
0.000000 0.000000 source latency
0.377072         network latency _2628_/CLK
        0.385544 network latency _2651_/CLK
---------------
0.377072 0.385544 latency
        0.008472 skew



===========================================================================
report_clock_min_period
============================================================================
clk period_min = 6.44 fmax = 155.31
