Clock: clk
Sources: gpio_in[38] 
Generated: no
Virtual: yes
Propagated: no
Period: 20.000000

===========================================================================
report_clock_properties
============================================================================
Clock                   Period          Waveform
----------------------------------------------------
clk                  20.000000    0.000000 10.000000

===========================================================================
report_clock_latency
============================================================================
Clock clk
rise -> rise
    min     max
0.000000 0.000000 source latency
3.198039         network latency _4125_/CLK
        4.596919 network latency _4236_/CLK
---------------
3.198039 4.596919 latency
        1.398879 skew

fall -> fall
    min     max
0.000000 0.000000 source latency
3.533435         network latency _4125_/CLK
        5.004919 network latency _4236_/CLK
---------------
3.533435 5.004919 latency
        1.471483 skew



===========================================================================
report_clock_min_period
============================================================================
clk period_min = 5.72 fmax = 174.80
