
===========================================================================
report_checks -unconstrained
===========================================================================
======================= min_tt_025C_1v80 Corner ===================================

Startpoint: g_row[1].g_col[0].pe/_2723_
            (rising edge-triggered flip-flop clocked by clk)
Endpoint: g_row[1].g_col[0].pe/_2752_
          (rising edge-triggered flip-flop clocked by clk)
Path Group: clk
Path Type: max

Fanout         Cap        Slew       Delay        Time   Description
---------------------------------------------------------------------------------------------
                                  0.000000    0.000000   clock clk (rise edge)
                                  0.000000    0.000000   clock source latency
     1    0.064451    0.292604    0.207221    0.207221 ^ clk (in)
                                                         clk (net)
                      0.292950    0.000000    0.207221 ^ clkbuf_0_clk/A (sky130_fd_sc_hd__clkbuf_16)
    16    0.248762    0.258552    0.363028    0.570249 ^ clkbuf_0_clk/X (sky130_fd_sc_hd__clkbuf_16)
                                                         clknet_0_clk (net)
                      0.258652    0.004235    0.574484 ^ clkbuf_4_12_0_clk/A (sky130_fd_sc_hd__clkbuf_16)
     7    0.078452    0.097014    0.240164    0.814648 ^ clkbuf_4_12_0_clk/X (sky130_fd_sc_hd__clkbuf_16)
                                                         clknet_4_12_0_clk (net)
                      0.097028    0.001250    0.815898 ^ clkbuf_leaf_43_clk/A (sky130_fd_sc_hd__clkbuf_16)
     4    0.009872    0.033261    0.134925    0.950823 ^ clkbuf_leaf_43_clk/X (sky130_fd_sc_hd__clkbuf_16)
                                                         clknet_leaf_43_clk (net)
                      0.033261    0.000060    0.950884 ^ g_row[1].g_col[0].pe/_2723_/CLK (sky130_fd_sc_hd__dfxtp_2)
     2    0.009481    0.059136    0.325592    1.276475 ^ g_row[1].g_col[0].pe/_2723_/Q (sky130_fd_sc_hd__dfxtp_2)
                                                         g_row[1].g_col[0].pe/r2_mantissa[0] (net)
                      0.059136    0.000079    1.276554 ^ g_row[1].g_col[0].pe/hold2050/A (sky130_fd_sc_hd__clkbuf_2)
     1    0.006953    0.048175    0.112021    1.388575 ^ g_row[1].g_col[0].pe/hold2050/X (sky130_fd_sc_hd__clkbuf_2)
                                                         g_row[1].g_col[0].pe/net2049 (net)
                      0.048175    0.000110    1.388685 ^ g_row[1].g_col[0].pe/_1340_/A (sky130_fd_sc_hd__inv_2)
     2    0.012325    0.031951    0.045703    1.434388 v g_row[1].g_col[0].pe/_1340_/Y (sky130_fd_sc_hd__inv_2)
                                                         g_row[1].g_col[0].pe/_0002_ (net)
                      0.031952    0.000187    1.434575 v g_row[1].g_col[0].pe/_2689_/A (sky130_fd_sc_hd__fa_1)
     2    0.010365    0.107301    0.463245    1.897820 v g_row[1].g_col[0].pe/_2689_/COUT (sky130_fd_sc_hd__fa_1)
                                                         g_row[1].g_col[0].pe/_0003_ (net)
                      0.107301    0.000100    1.897920 v g_row[1].g_col[0].pe/place840/A (sky130_fd_sc_hd__buf_6)
     8    0.027733    0.038816    0.160246    2.058167 v g_row[1].g_col[0].pe/place840/X (sky130_fd_sc_hd__buf_6)
                                                         g_row[1].g_col[0].pe/net840 (net)
                      0.038820    0.000435    2.058601 v g_row[1].g_col[0].pe/_1761_/B2 (sky130_fd_sc_hd__a22o_2)
     1    0.009054    0.055191    0.240845    2.299447 v g_row[1].g_col[0].pe/_1761_/X (sky130_fd_sc_hd__a22o_2)
                                                         g_row[1].g_col[0].pe/_0984_ (net)
                      0.055191    0.000110    2.299556 v g_row[1].g_col[0].pe/_1762_/B (sky130_fd_sc_hd__xnor2_2)
     2    0.015623    0.239583    0.219855    2.519411 ^ g_row[1].g_col[0].pe/_1762_/Y (sky130_fd_sc_hd__xnor2_2)
                                                         g_row[1].g_col[0].pe/_0985_ (net)
                      0.239583    0.000144    2.519555 ^ g_row[1].g_col[0].pe/_1766_/A (sky130_fd_sc_hd__xor2_2)
     2    0.014869    0.216910    0.241685    2.761240 ^ g_row[1].g_col[0].pe/_1766_/X (sky130_fd_sc_hd__xor2_2)
                                                         g_row[1].g_col[0].pe/_0989_ (net)
                      0.216910    0.000126    2.761366 ^ g_row[1].g_col[0].pe/_1769_/A (sky130_fd_sc_hd__nand2_2)
     2    0.007377    0.067967    0.084987    2.846354 v g_row[1].g_col[0].pe/_1769_/Y (sky130_fd_sc_hd__nand2_2)
                                                         g_row[1].g_col[0].pe/_0992_ (net)
                      0.067967    0.000043    2.846396 v g_row[1].g_col[0].pe/_1793_/C (sky130_fd_sc_hd__and3_2)
     1    0.002647    0.036755    0.210515    3.056911 v g_row[1].g_col[0].pe/_1793_/X (sky130_fd_sc_hd__and3_2)
                                                         g_row[1].g_col[0].pe/_1016_ (net)
                      0.036755    0.000024    3.056935 v g_row[1].g_col[0].pe/_1794_/B (sky130_fd_sc_hd__or2_4)
     2    0.004840    0.047147    0.221385    3.278320 v g_row[1].g_col[0].pe/_1794_/X (sky130_fd_sc_hd__or2_4)
                                                         g_row[1].g_col[0].pe/_1017_ (net)
                      0.047147    0.000052    3.278372 v g_row[1].g_col[0].pe/_1795_/C (sky130_fd_sc_hd__and3_2)
     2    0.006039    0.045607    0.215277    3.493649 v g_row[1].g_col[0].pe/_1795_/X (sky130_fd_sc_hd__and3_2)
                                                         g_row[1].g_col[0].pe/_1018_ (net)
                      0.045607    0.000027    3.493676 v g_row[1].g_col[0].pe/_1810_/A2 (sky130_fd_sc_hd__o41a_2)
     1    0.002840    0.061526    0.455033    3.948709 v g_row[1].g_col[0].pe/_1810_/X (sky130_fd_sc_hd__o41a_2)
                                                         g_row[1].g_col[0].pe/_1033_ (net)
                      0.061526    0.000028    3.948737 v g_row[1].g_col[0].pe/_1812_/A3 (sky130_fd_sc_hd__o31a_2)
     1    0.004603    0.056080    0.290817    4.239554 v g_row[1].g_col[0].pe/_1812_/X (sky130_fd_sc_hd__o31a_2)
                                                         g_row[1].g_col[0].pe/_1035_ (net)
                      0.056080    0.000026    4.239580 v g_row[1].g_col[0].pe/_1814_/A2 (sky130_fd_sc_hd__o21ai_2)
     1    0.013672    0.189512    0.185260    4.424840 ^ g_row[1].g_col[0].pe/_1814_/Y (sky130_fd_sc_hd__o21ai_2)
                                                         g_row[1].g_col[0].pe/_1037_ (net)
                      0.189515    0.000608    4.425447 ^ g_row[1].g_col[0].pe/_1821_/B (sky130_fd_sc_hd__and4_2)
     1    0.005633    0.064100    0.255358    4.680805 ^ g_row[1].g_col[0].pe/_1821_/X (sky130_fd_sc_hd__and4_2)
                                                         g_row[1].g_col[0].pe/_1044_ (net)
                      0.064100    0.000063    4.680868 ^ g_row[1].g_col[0].pe/_1829_/A1 (sky130_fd_sc_hd__o311ai_2)
     2    0.023137    0.190868    0.199420    4.880289 v g_row[1].g_col[0].pe/_1829_/Y (sky130_fd_sc_hd__o311ai_2)
                                                         g_row[1].g_col[0].pe/_1052_ (net)
                      0.190887    0.001497    4.881786 v g_row[1].g_col[0].pe/_1842_/A2 (sky130_fd_sc_hd__a211o_2)
     2    0.011587    0.072617    0.410895    5.292681 v g_row[1].g_col[0].pe/_1842_/X (sky130_fd_sc_hd__a211o_2)
                                                         g_row[1].g_col[0].pe/_1064_ (net)
                      0.072617    0.000318    5.292999 v g_row[1].g_col[0].pe/_1895_/A2 (sky130_fd_sc_hd__a21bo_2)
     4    0.017553    0.068130    0.261113    5.554112 v g_row[1].g_col[0].pe/_1895_/X (sky130_fd_sc_hd__a21bo_2)
                                                         g_row[1].g_col[0].pe/_1116_ (net)
                      0.068131    0.000388    5.554500 v g_row[1].g_col[0].pe/_2301_/A2 (sky130_fd_sc_hd__a211o_4)
     2    0.010821    0.058825    0.350690    5.905190 v g_row[1].g_col[0].pe/_2301_/X (sky130_fd_sc_hd__a211o_4)
                                                         g_row[1].g_col[0].pe/_0263_ (net)
                      0.058826    0.000322    5.905512 v g_row[1].g_col[0].pe/_2332_/A2 (sky130_fd_sc_hd__a311o_4)
     3    0.018427    0.077379    0.404243    6.309755 v g_row[1].g_col[0].pe/_2332_/X (sky130_fd_sc_hd__a311o_4)
                                                         g_row[1].g_col[0].pe/_0293_ (net)
                      0.077379    0.000381    6.310136 v g_row[1].g_col[0].pe/_2378_/A1 (sky130_fd_sc_hd__a21o_2)
     3    0.011751    0.055837    0.224095    6.534232 v g_row[1].g_col[0].pe/_2378_/X (sky130_fd_sc_hd__a21o_2)
                                                         g_row[1].g_col[0].pe/_0337_ (net)
                      0.055837    0.000162    6.534393 v g_row[1].g_col[0].pe/_2380_/A2 (sky130_fd_sc_hd__a32o_2)
     1    0.002954    0.039514    0.261363    6.795757 v g_row[1].g_col[0].pe/_2380_/X (sky130_fd_sc_hd__a32o_2)
                                                         g_row[1].g_col[0].pe/_0339_ (net)
                      0.039514    0.000030    6.795787 v g_row[1].g_col[0].pe/hold3017/A (sky130_fd_sc_hd__clkbuf_2)
     1    0.003983    0.027304    0.099298    6.895085 v g_row[1].g_col[0].pe/hold3017/X (sky130_fd_sc_hd__clkbuf_2)
                                                         g_row[1].g_col[0].pe/net3016 (net)
                      0.027304    0.000052    6.895136 v g_row[1].g_col[0].pe/_2381_/B (sky130_fd_sc_hd__and2_4)
     1    0.002585    0.027491    0.138864    7.034000 v g_row[1].g_col[0].pe/_2381_/X (sky130_fd_sc_hd__and2_4)
                                                         g_row[1].g_col[0].pe/_0340_ (net)
                      0.027491    0.000024    7.034024 v g_row[1].g_col[0].pe/hold1659/A (sky130_fd_sc_hd__clkbuf_2)
     1    0.002061    0.020815    0.086283    7.120307 v g_row[1].g_col[0].pe/hold1659/X (sky130_fd_sc_hd__clkbuf_2)
                                                         g_row[1].g_col[0].pe/net1658 (net)
                      0.020815    0.000010    7.120317 v g_row[1].g_col[0].pe/_2752_/D (sky130_fd_sc_hd__dfxtp_2)
                                              7.120317   data arrival time

                                 20.000000   20.000000   clock clk (rise edge)
                                  0.000000   20.000000   clock source latency
     1    0.064451    0.292604    0.207221   20.207222 ^ clk (in)
                                                         clk (net)
                      0.292950    0.000000   20.207222 ^ clkbuf_0_clk/A (sky130_fd_sc_hd__clkbuf_16)
    16    0.248762    0.258552    0.363029   20.570250 ^ clkbuf_0_clk/X (sky130_fd_sc_hd__clkbuf_16)
                                                         clknet_0_clk (net)
                      0.258808    0.006713   20.576963 ^ clkbuf_4_15_0_clk/A (sky130_fd_sc_hd__clkbuf_16)
     7    0.087817    0.105901    0.247269   20.824232 ^ clkbuf_4_15_0_clk/X (sky130_fd_sc_hd__clkbuf_16)
                                                         clknet_4_15_0_clk (net)
                      0.105906    0.000892   20.825123 ^ clkbuf_leaf_54_clk/A (sky130_fd_sc_hd__clkbuf_16)
     4    0.017220    0.039535    0.145137   20.970261 ^ clkbuf_leaf_54_clk/X (sky130_fd_sc_hd__clkbuf_16)
                                                         clknet_leaf_54_clk (net)
                      0.039535    0.000327   20.970587 ^ g_row[1].g_col[0].pe/_2752_/CLK (sky130_fd_sc_hd__dfxtp_2)
                                 -0.200000   20.770588   clock uncertainty
                                  0.000000   20.770588   clock reconvergence pessimism
                                 -0.103603   20.666985   library setup time
                                             20.666985   data required time
---------------------------------------------------------------------------------------------
                                             20.666985   data required time
                                             -7.120317   data arrival time
---------------------------------------------------------------------------------------------
                                             13.546668   slack (MET)




===========================================================================
report_checks --slack_max -0.01
============================================================================
======================= min_tt_025C_1v80 Corner ===================================

No paths found.


===========================================================================
 report_check_types -max_slew -max_cap -max_fanout -violators
============================================================================
======================= min_tt_025C_1v80 Corner ===================================

max fanout

Pin                                   Limit Fanout  Slack
---------------------------------------------------------
clkbuf_0_clk/X                            8     16     -8 (VIOLATED)
g_row[0].g_col[1].pe/place1117/X          8      9        (VIOLATED)



===========================================================================
report_parasitic_annotation -report_unannotated
============================================================================
Found 32 unannotated drivers.
 clkload0/X
 clkload1/X
 clkload10/X
 clkload11/X
 clkload12/X
 clkload13/X
 clkload14/X
 clkload15/X
 clkload16/X
 clkload17/X
 clkload2/X
 clkload3/X
 clkload4/X
 clkload5/X
 clkload6/X
 clkload7/Y
 clkload8/X
 clkload9/X
 g_row\[0\].g_col\[0\].pe\/_2688__1422/HI
 g_row\[0\].g_col\[0\].pe\/_2689_/SUM
 g_row\[0\].g_col\[0\].pe\/_2689__1421/HI
 g_row\[0\].g_col\[1\].pe\/_2688__1424/HI
 g_row\[0\].g_col\[1\].pe\/_2689_/SUM
 g_row\[0\].g_col\[1\].pe\/_2689__1423/HI
 g_row\[0\].g_col\[1\].pe\/_2774_/X
 g_row\[1\].g_col\[0\].pe\/_2688__1426/HI
 g_row\[1\].g_col\[0\].pe\/_2689_/SUM
 g_row\[1\].g_col\[0\].pe\/_2689__1425/HI
 g_row\[1\].g_col\[1\].pe\/_2688__1428/HI
 g_row\[1\].g_col\[1\].pe\/_2689_/SUM
 g_row\[1\].g_col\[1\].pe\/_2689__1427/HI
 g_row\[1\].g_col\[1\].pe\/_2774_/X
Found 0 partially unannotated drivers.

===========================================================================
max slew violation count 0
max fanout violation count 2
max cap violation count 0
============================================================================

===========================================================================
check_setup -verbose -unconstrained_endpoints -multiple_clock -no_clock -no_input_delay -loops -generated_clocks
===========================================================================
