Clock: clk
Sources: clk 
Generated: no
Virtual: yes
Propagated: no
Period: 20.000000

===========================================================================
report_clock_properties
============================================================================
Clock                   Period          Waveform
----------------------------------------------------
clk                  20.000000    0.000000 10.000000

===========================================================================
report_clock_latency
============================================================================
Clock clk
rise -> rise
    min     max
0.000000 0.000000 source latency
0.818331         network latency g_row[1].g_col[0].pe/_2743_/CLK
        0.990520 network latency g_row[0].g_col[0].pe/_2725_/CLK
---------------
0.818331 0.990520 latency
        0.172189 skew

fall -> fall
    min     max
0.000000 0.000000 source latency
0.631935         network latency g_row[1].g_col[0].pe/_2743_/CLK
        0.809022 network latency g_row[0].g_col[0].pe/_2725_/CLK
---------------
0.631935 0.809022 latency
        0.177088 skew



===========================================================================
report_clock_min_period
============================================================================
clk period_min = 6.45 fmax = 154.96
