Clock: clk
Sources: clk 
Generated: no
Virtual: no
Propagated: no
Period: 20.000000

===========================================================================
report_clock_properties
============================================================================
Clock                   Period          Waveform
----------------------------------------------------
clk                  20.000000    0.000000 10.000000

===========================================================================
report_clock_latency
============================================================================
Clock clk
rise -> rise
    min     max
0.000000 0.000000 source latency
0.476354         network latency _2622_/CLK
        0.476354 network latency _2622_/CLK
---------------
0.476354 0.476354 latency
        0.000000 skew

fall -> fall
    min     max
0.000000 0.000000 source latency
0.224802         network latency _2622_/CLK
        0.224802 network latency _2622_/CLK
---------------
0.224802 0.224802 latency
        0.000000 skew



===========================================================================
report_clock_min_period
============================================================================
clk period_min = 5.97 fmax = 167.62
