
===========================================================================
Violator List
============================================================================
[hold in-reg] a_in[2] -> _2624_/D : -0.021096
[hold in-reg] a_in[6] -> _2628_/D : -0.021096
[hold in-reg] a_in[10] -> _2632_/D : -0.021096
[hold in-reg] a_in[1] -> _2623_/D : -0.020760
[hold in-reg] a_in[5] -> _2627_/D : -0.020760
[hold in-reg] a_in[9] -> _2631_/D : -0.020760
[hold in-reg] a_in[13] -> _2635_/D : -0.020760
[hold in-reg] a_in[3] -> _2625_/D : -0.020276
[hold in-reg] a_in[7] -> _2629_/D : -0.020276
[hold in-reg] a_in[11] -> _2633_/D : -0.020276
[hold in-reg] a_in[14] -> _2636_/D : -0.020276
[hold in-reg] a_in[0] -> _2622_/D : -0.019312
[hold in-reg] a_in[4] -> _2626_/D : -0.019312
[hold in-reg] a_in[8] -> _2630_/D : -0.019312
[hold in-reg] a_in[12] -> _2634_/D : -0.019312
[hold in-reg] b_in[6] -> _2644_/D : -0.013877
[hold in-reg] b_in[10] -> _2648_/D : -0.013877
[hold in-reg] b_in[5] -> _2643_/D : -0.013560
[hold in-reg] b_in[9] -> _2647_/D : -0.013560
[hold in-reg] b_in[13] -> _2651_/D : -0.013560
[hold in-reg] b_in[7] -> _2645_/D : -0.013103
[hold in-reg] b_in[11] -> _2649_/D : -0.013103
[hold in-reg] b_in[14] -> _2652_/D : -0.013103
[hold in-reg] b_in[4] -> _2642_/D : -0.012195
[hold in-reg] b_in[8] -> _2646_/D : -0.012195
[hold in-reg] b_in[12] -> _2650_/D : -0.012195
[hold in-reg] b_in[2] -> _2640_/D : -0.009491
[hold in-reg] b_in[1] -> _2639_/D : -0.009174
[hold in-reg] b_in[3] -> _2641_/D : -0.008717
[hold in-reg] b_in[0] -> _2638_/D : -0.007808
