Clock: clk
Sources: gpio_in[38] 
Generated: no
Virtual: yes
Propagated: no
Period: 20.000000

===========================================================================
report_clock_properties
============================================================================
Clock                   Period          Waveform
----------------------------------------------------
clk                  20.000000    0.000000 10.000000

===========================================================================
report_clock_latency
============================================================================
Clock clk
rise -> rise
    min     max
0.000000 0.000000 source latency
3.429335         network latency chip.gpu_inst.tiles[0].tile/clk
        11.131738 network latency _4236_/CLK
---------------
3.429335 11.131738 latency
        7.702403 skew

fall -> fall
    min     max
0.000000 0.000000 source latency
3.274171         network latency chip.gpu_inst.tiles[0].tile/clk
        11.630592 network latency _4236_/CLK
---------------
3.274171 11.630592 latency
        8.356421 skew



===========================================================================
report_clock_min_period
============================================================================
clk period_min = 13.89 fmax = 71.99
