
===========================================================================
report_checks -unconstrained
===========================================================================
======================= max_ss_100C_1v60 Corner ===================================

Startpoint: _46237_ (rising edge-triggered flip-flop clocked by clk)
Endpoint: _45862_ (rising edge-triggered flip-flop clocked by clk)
Path Group: clk
Path Type: max

Fanout         Cap        Slew       Delay        Time   Description
---------------------------------------------------------------------------------------------
                                  0.000000    0.000000   clock clk (rise edge)
                                  0.000000    0.000000   clock source latency
     2    0.067809    0.000000    0.000000    0.000000 ^ clk (in)
                                                         clk (net)
                      0.017586    0.008793    0.008793 ^ clkbuf_0_clk/A (sky130_fd_sc_hd__clkbuf_16)
     4    0.048344    0.104702    0.235296    0.244088 ^ clkbuf_0_clk/X (sky130_fd_sc_hd__clkbuf_16)
                                                         clknet_0_clk (net)
                      0.104808    0.002903    0.246992 ^ clkbuf_2_1_0_clk/A (sky130_fd_sc_hd__clkbuf_4)
    16    0.113638    0.528476    0.591582    0.838574 ^ clkbuf_2_1_0_clk/X (sky130_fd_sc_hd__clkbuf_4)
                                                         clknet_2_1_0_clk (net)
                      0.528870    0.011996    0.850570 ^ clkbuf_6_31_0_clk/A (sky130_fd_sc_hd__clkbuf_4)
     9    0.121780    0.565183    0.810014    1.660584 ^ clkbuf_6_31_0_clk/X (sky130_fd_sc_hd__clkbuf_4)
                                                         clknet_6_31_0_clk (net)
                      0.565302    0.007938    1.668522 ^ clkbuf_leaf_166_clk/A (sky130_fd_sc_hd__clkbuf_16)
     4    0.011304    0.063855    0.418186    2.086708 ^ clkbuf_leaf_166_clk/X (sky130_fd_sc_hd__clkbuf_16)
                                                         clknet_leaf_166_clk (net)
                      0.063856    0.000586    2.087293 ^ _46237_/CLK (sky130_fd_sc_hd__dfxtp_2)
     2    0.008214    0.061239    0.618025    2.705318 v _46237_/Q (sky130_fd_sc_hd__dfxtp_2)
                                                         net429 (net)
                      0.061239    0.000405    2.705723 v _33652_/A (sky130_fd_sc_hd__or3_2)
     3    0.011550    0.215991    1.191314    3.897037 v _33652_/X (sky130_fd_sc_hd__or3_2)
                                                         _08086_ (net)
                      0.215992    0.000963    3.898000 v _33653_/C (sky130_fd_sc_hd__or3_2)
     3    0.009685    0.205077    1.092930    4.990930 v _33653_/X (sky130_fd_sc_hd__or3_2)
                                                         _08087_ (net)
                      0.205077    0.000685    4.991615 v _33655_/B (sky130_fd_sc_hd__or2_2)
     4    0.013158    0.164277    0.756448    5.748063 v _33655_/X (sky130_fd_sc_hd__or2_2)
                                                         _08089_ (net)
                      0.164277    0.000557    5.748620 v _33656_/B (sky130_fd_sc_hd__and2_2)
     1    0.008669    0.094969    0.474380    6.222999 v _33656_/X (sky130_fd_sc_hd__and2_2)
                                                         _08090_ (net)
                      0.094969    0.000433    6.223433 v _33725_/B (sky130_fd_sc_hd__xnor2_2)
     2    0.007055    0.116106    0.260359    6.483792 v _33725_/Y (sky130_fd_sc_hd__xnor2_2)
                                                         _08159_ (net)
                      0.116106    0.000223    6.484015 v _33728_/A (sky130_fd_sc_hd__and2_2)
     1    0.003394    0.072694    0.371769    6.855784 v _33728_/X (sky130_fd_sc_hd__and2_2)
                                                         _08162_ (net)
                      0.072694    0.000251    6.856035 v _33729_/B (sky130_fd_sc_hd__or2_2)
     1    0.007715    0.137449    0.663112    7.519147 v _33729_/X (sky130_fd_sc_hd__or2_2)
                                                         _08163_ (net)
                      0.137449    0.000711    7.519858 v _33730_/A (sky130_fd_sc_hd__inv_2)
     2    0.013581    0.113363    0.151450    7.671308 ^ _33730_/Y (sky130_fd_sc_hd__inv_2)
                                                         _08164_ (net)
                      0.113415    0.000998    7.672306 ^ _33769_/A1 (sky130_fd_sc_hd__a21o_2)
     2    0.012601    0.121920    0.302646    7.974952 ^ _33769_/X (sky130_fd_sc_hd__a21o_2)
                                                         _08203_ (net)
                      0.121922    0.000713    7.975665 ^ _33784_/B (sky130_fd_sc_hd__xor2_2)
     2    0.008748    0.133122    0.163853    8.139518 v _33784_/X (sky130_fd_sc_hd__xor2_2)
                                                         _08218_ (net)
                      0.133123    0.000544    8.140062 v _33800_/A (sky130_fd_sc_hd__or4b_2)
     1    0.002914    0.213194    1.571165    9.711227 v _33800_/X (sky130_fd_sc_hd__or4b_2)
                                                         _08234_ (net)
                      0.213194    0.000203    9.711432 v _33801_/B (sky130_fd_sc_hd__or3b_2)
     1    0.003369    0.163638    1.076788   10.788218 v _33801_/X (sky130_fd_sc_hd__or3b_2)
                                                         _08235_ (net)
                      0.163638    0.000250   10.788468 v _33803_/C (sky130_fd_sc_hd__or4_2)
     1    0.005930    0.245761    1.527380   12.315848 v _33803_/X (sky130_fd_sc_hd__or4_2)
                                                         _08237_ (net)
                      0.245761    0.000341   12.316190 v _33804_/B (sky130_fd_sc_hd__nor2_2)
     1    0.004268    0.135760    0.207627   12.523816 ^ _33804_/Y (sky130_fd_sc_hd__nor2_2)
                                                         _08238_ (net)
                      0.135760    0.000229   12.524045 ^ _33805_/A3 (sky130_fd_sc_hd__a32o_2)
     2    0.009912    0.139032    0.434083   12.958128 ^ _33805_/X (sky130_fd_sc_hd__a32o_2)
                                                         _08239_ (net)
                      0.139033    0.000695   12.958823 ^ _33806_/B (sky130_fd_sc_hd__nand2_2)
    13    0.051361    0.488360    0.404587   13.363409 v _33806_/Y (sky130_fd_sc_hd__nand2_2)
                                                         _08240_ (net)
                      0.488366    0.002292   13.365702 v _33815_/A2 (sky130_fd_sc_hd__a21o_2)
     5    0.019105    0.126001    0.626127   13.991829 v _33815_/X (sky130_fd_sc_hd__a21o_2)
                                                         _08249_ (net)
                      0.126089    0.001094   13.992923 v _33817_/B (sky130_fd_sc_hd__or2_2)
     3    0.007429    0.136026    0.681867   14.674789 v _33817_/X (sky130_fd_sc_hd__or2_2)
                                                         _08251_ (net)
                      0.136026    0.000298   14.675087 v _33824_/A (sky130_fd_sc_hd__or4_2)
     4    0.013786    0.294078    1.724289   16.399376 v _33824_/X (sky130_fd_sc_hd__or4_2)
                                                         _08258_ (net)
                      0.294078    0.000478   16.399855 v _33852_/C (sky130_fd_sc_hd__or4b_2)
     3    0.010601    0.270786    1.628612   18.028467 v _33852_/X (sky130_fd_sc_hd__or4b_2)
                                                         _08284_ (net)
                      0.270786    0.000764   18.029230 v _33863_/B (sky130_fd_sc_hd__or3_2)
     3    0.009953    0.206358    1.200252   19.229483 v _33863_/X (sky130_fd_sc_hd__or3_2)
                                                         _08294_ (net)
                      0.206358    0.000652   19.230135 v _33892_/A (sky130_fd_sc_hd__or3b_2)
     2    0.011129    0.212431    1.216087   20.446220 v _33892_/X (sky130_fd_sc_hd__or3b_2)
                                                         _08320_ (net)
                      0.212431    0.000608   20.446829 v _33894_/A1 (sky130_fd_sc_hd__o21ai_2)
     2    0.015649    0.344749    0.427695   20.874523 ^ _33894_/Y (sky130_fd_sc_hd__o21ai_2)
                                                         _08322_ (net)
                      0.344749    0.001195   20.875719 ^ _33902_/A (sky130_fd_sc_hd__xnor2_2)
     3    0.008287    0.134485    0.256268   21.131987 v _33902_/Y (sky130_fd_sc_hd__xnor2_2)
                                                         _08329_ (net)
                      0.134485    0.000329   21.132317 v _33927_/A (sky130_fd_sc_hd__and3_2)
     1    0.001884    0.066564    0.377987   21.510303 v _33927_/X (sky130_fd_sc_hd__and3_2)
                                                         _08346_ (net)
                      0.066565    0.000083   21.510387 v _33928_/D (sky130_fd_sc_hd__or4_2)
     1    0.007208    0.253384    1.367877   22.878263 v _33928_/X (sky130_fd_sc_hd__or4_2)
                                                         _08347_ (net)
                      0.253384    0.000624   22.878887 v _33929_/A2 (sky130_fd_sc_hd__a21oi_2)
     1    0.002882    0.172490    0.284183   23.163071 ^ _33929_/Y (sky130_fd_sc_hd__a21oi_2)
                                                         _01234_ (net)
                      0.172490    0.000203   23.163273 ^ _45862_/D (sky130_fd_sc_hd__dfxtp_2)
                                             23.163273   data arrival time

                                 24.000000   24.000000   clock clk (rise edge)
                                  0.000000   24.000000   clock source latency
     2    0.067809    0.000000    0.000000   24.000000 ^ clk (in)
                                                         clk (net)
                      0.017586    0.008793   24.008793 ^ clkbuf_0_clk/A (sky130_fd_sc_hd__clkbuf_16)
     4    0.048344    0.104702    0.235296   24.244089 ^ clkbuf_0_clk/X (sky130_fd_sc_hd__clkbuf_16)
                                                         clknet_0_clk (net)
                      0.105094    0.004484   24.248571 ^ clkbuf_2_3_0_clk/A (sky130_fd_sc_hd__clkbuf_4)
    16    0.116453    0.540713    0.602135   24.850708 ^ clkbuf_2_3_0_clk/X (sky130_fd_sc_hd__clkbuf_4)
                                                         clknet_2_3_0_clk (net)
                      0.540985    0.010093   24.860800 ^ clkbuf_6_53_0_clk/A (sky130_fd_sc_hd__clkbuf_4)
    11    0.137909    0.637109    0.867219   25.728020 ^ clkbuf_6_53_0_clk/X (sky130_fd_sc_hd__clkbuf_4)
                                                         clknet_6_53_0_clk (net)
                      0.637138    0.004890   25.732910 ^ clkbuf_leaf_172_clk/A (sky130_fd_sc_hd__clkbuf_16)
     4    0.011988    0.066269    0.447216   26.180126 ^ clkbuf_leaf_172_clk/X (sky130_fd_sc_hd__clkbuf_16)
                                                         clknet_leaf_172_clk (net)
                      0.066269    0.000504   26.180630 ^ _45862_/CLK (sky130_fd_sc_hd__dfxtp_2)
                                 -0.250000   25.930632   clock uncertainty
                                  0.000000   25.930632   clock reconvergence pessimism
                                 -0.168586   25.762043   library setup time
                                             25.762043   data required time
---------------------------------------------------------------------------------------------
                                             25.762043   data required time
                                            -23.163273   data arrival time
---------------------------------------------------------------------------------------------
                                              2.598771   slack (MET)




===========================================================================
report_checks --slack_max -0.01
============================================================================
======================= max_ss_100C_1v60 Corner ===================================

No paths found.


===========================================================================
 report_check_types -max_slew -max_cap -max_fanout -violators
============================================================================
======================= max_ss_100C_1v60 Corner ===================================



===========================================================================
report_parasitic_annotation -report_unannotated
============================================================================
Found 161 unannotated drivers.
 _44218__1484/HI
 _44219__1485/HI
 _44220__1486/HI
 _44221__1487/HI
 _44222__1488/HI
 _44223__1489/HI
 _44224__1490/HI
 _44225__1491/HI
 _44226__1468/HI
 _44227__1469/HI
 _44228__1470/HI
 _44229__1471/HI
 _44230_/SUM
 _44230__1472/HI
 _44231_/SUM
 _44231__1473/HI
 _44232_/SUM
 _44232__1474/HI
 _44233_/SUM
 _44233__1475/HI
 _44234_/SUM
 _44234__1476/HI
 _44235_/SUM
 _44235__1477/HI
 _44236_/SUM
 _44236__1478/HI
 _44237_/SUM
 _44237__1479/HI
 _44238_/SUM
 _44238__1480/HI
 _44239_/SUM
 _44239__1481/HI
 _44240_/SUM
 _44240__1482/HI
 _44241_/SUM
 _44241__1483/HI
 clkload0/Y
 clkload1/Y
 clkload10/Y
 clkload100/X
 clkload11/Y
 clkload12/Y
 clkload13/Y
 clkload14/Y
 clkload15/Y
 clkload16/Y
 clkload17/Y
 clkload18/Y
 clkload19/Y
 clkload2/Y
 clkload20/Y
 clkload21/Y
 clkload22/Y
 clkload23/Y
 clkload24/Y
 clkload25/Y
 clkload26/Y
 clkload27/Y
 clkload28/Y
 clkload29/Y
 clkload3/Y
 clkload30/Y
 clkload31/Y
 clkload32/Y
 clkload33/Y
 clkload34/X
 clkload35/Y
 clkload36/Y
 clkload37/Y
 clkload38/Y
 clkload39/X
 clkload4/Y
 clkload40/Y
 clkload41/Y
 clkload42/Y
 clkload43/X
 clkload44/Y
 clkload45/Y
 clkload46/Y
 clkload47/Y
 clkload48/Y
 clkload49/X
 clkload5/Y
 clkload50/Y
 clkload51/Y
 clkload52/Y
 clkload53/Y
 clkload54/Y
 clkload55/Y
 clkload56/Y
 clkload57/Y
 clkload58/Y
 clkload59/Y
 clkload6/Y
 clkload60/X
 clkload61/X
 clkload62/X
 clkload63/X
 clkload64/X
 clkload65/X
 clkload66/X
 clkload67/X
 clkload68/X
 clkload69/X
 clkload7/Y
 clkload70/X
 clkload71/X
 clkload72/X
 clkload73/X
 clkload74/X
 clkload75/X
 clkload76/X
 clkload77/X
 clkload78/X
 clkload79/X
 clkload8/Y
 clkload80/X
 clkload81/X
 clkload82/X
 clkload83/X
 clkload84/X
 clkload85/X
 clkload86/X
 clkload87/X
 clkload88/X
 clkload89/X
 clkload9/X
 clkload90/X
 clkload91/X
 clkload92/X
 clkload93/X
 clkload94/X
 clkload95/X
 clkload96/X
 clkload97/X
 clkload98/X
 clkload99/X
 core/HI
 core_1492/HI
 core_1493/HI
 core_1494/HI
 core_1495/HI
 core_1496/HI
 core_1497/HI
 core_1498/HI
 core_1499/HI
 core_1500/HI
 core_1501/HI
 core_1502/HI
 core_1503/HI
 core_1504/HI
 core_1505/HI
 core_1506/HI
 core_1507/HI
 core_1508/HI
 core_1509/HI
 core_1510/HI
 core_1511/HI
 core_1512/HI
 core_1513/HI
 core_1514/HI
Found 0 partially unannotated drivers.

===========================================================================
max slew violation count 0
Writing metric design__max_slew_violation__count__corner:max_ss_100C_1v60: 0
max fanout violation count 0
Writing metric design__max_fanout_violation__count__corner:max_ss_100C_1v60: 0
max cap violation count 0
Writing metric design__max_cap_violation__count__corner:max_ss_100C_1v60: 0
============================================================================

===========================================================================
check_setup -verbose -unconstrained_endpoints -multiple_clock -no_clock -no_input_delay -loops -generated_clocks
===========================================================================
