Clock: clk
Sources: clk 
Generated: no
Virtual: yes
Propagated: no
Period: 24.000000

===========================================================================
report_clock_properties
============================================================================
Clock                   Period          Waveform
----------------------------------------------------
clk                  24.000000    0.000000 12.000000

===========================================================================
report_clock_latency
============================================================================
Clock clk
rise -> rise
    min     max
0.000000 0.000000 source latency
1.571583         network latency _45173_/CLK
        2.229824 network latency _45946_/CLK
---------------
1.571583 2.229824 latency
        0.658240 skew

fall -> fall
    min     max
0.000000 0.000000 source latency
1.394903         network latency _45173_/CLK
        1.969576 network latency _45946_/CLK
---------------
1.394903 1.969576 latency
        0.574673 skew



===========================================================================
report_clock_min_period
============================================================================
clk period_min = 21.40 fmax = 46.73
