Reading timing models for corner nom_tt_025C_1v80…
Reading timing library for the 'nom_tt_025C_1v80' corner at '/Users/aoxo/.ciel/ciel/sky130/versions/74c0e6b118a67d94c24172143d3bd597473fa63d/sky130A/libs.ref/sky130_fd_sc_hd/lib/sky130_fd_sc_hd__tt_025C_1v80.lib'…
Reading timing library for the 'nom_tt_025C_1v80' corner at '/Users/aoxo/.ciel/ciel/sky130/versions/74c0e6b118a67d94c24172143d3bd597473fa63d/sky130A/libs.ref/sky130_fd_io/lib/sky130_ef_io__vccd_lvc_clamped_pad_tt_025C_1v80_3v30_3v30.lib'…
[WARNING STA-1173] /Users/aoxo/.ciel/ciel/sky130/versions/74c0e6b118a67d94c24172143d3bd597473fa63d/sky130A/libs.ref/sky130_fd_io/lib/sky130_ef_io__vccd_lvc_clamped_pad_tt_025C_1v80_3v30_3v30.lib line 42, default_fanout_load is 0.0.
Reading timing library for the 'nom_tt_025C_1v80' corner at '/Users/aoxo/.ciel/ciel/sky130/versions/74c0e6b118a67d94c24172143d3bd597473fa63d/sky130A/libs.ref/sky130_fd_io/lib/sky130_ef_io__vssd_lvc_clamped_pad_tt_025C_1v80_3v30.lib'…
[WARNING STA-1173] /Users/aoxo/.ciel/ciel/sky130/versions/74c0e6b118a67d94c24172143d3bd597473fa63d/sky130A/libs.ref/sky130_fd_io/lib/sky130_ef_io__vssd_lvc_clamped_pad_tt_025C_1v80_3v30.lib line 43, default_fanout_load is 0.0.
Reading timing library for the 'nom_tt_025C_1v80' corner at '/Users/aoxo/.ciel/ciel/sky130/versions/74c0e6b118a67d94c24172143d3bd597473fa63d/sky130A/libs.ref/sky130_fd_io/lib/sky130_ef_io__vddio_hvc_clamped_pad_tt_025C_1v80_3v30_3v30.lib'…
[WARNING STA-1173] /Users/aoxo/.ciel/ciel/sky130/versions/74c0e6b118a67d94c24172143d3bd597473fa63d/sky130A/libs.ref/sky130_fd_io/lib/sky130_ef_io__vddio_hvc_clamped_pad_tt_025C_1v80_3v30_3v30.lib line 42, default_fanout_load is 0.0.
Reading timing library for the 'nom_tt_025C_1v80' corner at '/Users/aoxo/.ciel/ciel/sky130/versions/74c0e6b118a67d94c24172143d3bd597473fa63d/sky130A/libs.ref/sky130_fd_io/lib/sky130_ef_io__vssio_hvc_clamped_pad_tt_025C_1v80_3v30_3v30.lib'…
[WARNING STA-1173] /Users/aoxo/.ciel/ciel/sky130/versions/74c0e6b118a67d94c24172143d3bd597473fa63d/sky130A/libs.ref/sky130_fd_io/lib/sky130_ef_io__vssio_hvc_clamped_pad_tt_025C_1v80_3v30_3v30.lib line 42, default_fanout_load is 0.0.
Reading timing library for the 'nom_tt_025C_1v80' corner at '/Users/aoxo/.ciel/ciel/sky130/versions/74c0e6b118a67d94c24172143d3bd597473fa63d/sky130A/libs.ref/sky130_fd_io/lib/sky130_ef_io__gpiov2_pad_tt_tt_025C_1v80_3v30.lib'…
[WARNING STA-1173] /Users/aoxo/.ciel/ciel/sky130/versions/74c0e6b118a67d94c24172143d3bd597473fa63d/sky130A/libs.ref/sky130_fd_io/lib/sky130_ef_io__gpiov2_pad_tt_tt_025C_1v80_3v30.lib line 33, default_fanout_load is 0.0.
Reading timing library for the 'nom_tt_025C_1v80' corner at '/Users/aoxo/.ciel/ciel/sky130/versions/74c0e6b118a67d94c24172143d3bd597473fa63d/sky130A/libs.ref/sky130_fd_io/lib/slices_stubs.lib'…
[WARNING STA-1173] /Users/aoxo/.ciel/ciel/sky130/versions/74c0e6b118a67d94c24172143d3bd597473fa63d/sky130A/libs.ref/sky130_fd_io/lib/slices_stubs.lib line 33, default_fanout_load is 0.0.
Reading timing library for the 'nom_tt_025C_1v80' corner at '/Users/aoxo/.ciel/ciel/sky130/versions/74c0e6b118a67d94c24172143d3bd597473fa63d/sky130A/libs.ref/sky130_fd_io/lib/sky130_ef_io__analog_stubs.lib'…
[WARNING STA-1173] /Users/aoxo/.ciel/ciel/sky130/versions/74c0e6b118a67d94c24172143d3bd597473fa63d/sky130A/libs.ref/sky130_fd_io/lib/sky130_ef_io__analog_stubs.lib line 43, default_fanout_load is 0.0.
Reading OpenROAD database at '/Users/aoxo/vscode/superfloat.gpu/librelane/systolic_pe/runs/RUN_2026-06-24_01-59-44/21-openroad-generatepdn/systolic_pe.odb'…
[WARNING ORD-2056] The following 2 liberty cell(s) do not have LEF masters and will be marked as dont-use:
  sky130_ef_io__analog_minesd_pad
  sky130_ef_io__analog_minesd_pad_short
Reading design constraints file at '/nix/store/38q40jfdrbmaz6c7rq2km1bipdi0873m-python3-3.13.9-env/lib/python3.13/site-packages/librelane/scripts/base.sdc'…
[INFO] Using clock clk…
[INFO] Setting output delay to: 0.02
[INFO] Setting input delay to: 0.02
[INFO] Setting load to: 0.033442
[INFO] Setting clock uncertainty to: 0.20
[INFO] Setting clock transition to: 0.25
[INFO] Setting timing derate to: 5%
+ global_placement -density 0.698047 -skip_io -pad_right 0 -pad_left 0 -init_wirelength_coef 0.25
[INFO GPL-0001] ---- Initialize GPL Main Data Structures
[INFO GPL-0002] DBU: 1000
[INFO GPL-0003] SiteSize: (  0.460  2.720 ) um
[INFO GPL-0004] CoreBBox: (  5.520 10.880 ) ( 154.100 187.680 ) um
[INFO GPL-0036] Movable instances area:      15249.626 um^2
[INFO GPL-0037] Total instances area:        16198.035 um^2
[INFO GPL-0035] Pin density area adjust:      2007.990 um^2
[INFO GPL-0032] ---- Initialize Region: Top-level
[INFO GPL-0006] Number of instances:              1901
[INFO GPL-0007] Movable instances:                1403
[INFO GPL-0008] Fixed instances:                   498
[INFO GPL-0009] Dummy instances:                     0
[INFO GPL-0010] Number of nets:                   1443
[INFO GPL-0011] Number of pins:                   4901
[INFO GPL-0012] Die BBox:  (  0.000  0.000 ) ( 160.000 200.000 ) um
[INFO GPL-0013] Core BBox: (  5.520 10.880 ) ( 154.100 187.680 ) um
[INFO GPL-0016] Core area:                   26268.944 um^2
[INFO GPL-0014] Region name: top-level.
[INFO GPL-0015] Region area:                 26268.944 um^2
[INFO GPL-0017] Fixed instances area:          948.410 um^2
[INFO GPL-0018] Movable instances area:      17257.616 um^2
[INFO GPL-0019] Utilization:                    68.157 %
[INFO GPL-0020] Standard cells area:         17257.616 um^2
[INFO GPL-0021] Large instances area:            0.000 um^2
[INFO GPL-0005] ---- Execute Conjugate Gradient Initial Placement.
[INFO GPL-0051] Source of initial instance position counters:
	Odb location = 0	Core center = 1403	Region center = 0
[INFO GPL-0033] ---- Initialize Nesterov Region: Top-level
[INFO GPL-0023] Placement target density:       0.6980
[INFO GPL-0024] Movable insts average area:     12.301 um^2
[INFO GPL-0025] Ideal bin area:                 17.621 um^2
[INFO GPL-0026] Ideal bin count:                  1490
[INFO GPL-0027] Total bin area:              26268.944 um^2
[INFO GPL-0028] Bin count (X, Y):          32 ,     32
[INFO GPL-0029] Bin size (W * H):       4.643 *  5.525 um
[INFO GPL-0030] Number of bins:                   1024
[INFO GPL-0007] ---- Execute Nesterov Global Placement.
[INFO GPL-0031] HPWL: Half-Perimeter Wirelength
Iteration | Overflow |     HPWL (um) |  HPWL(%) |   Penalty | Group
---------------------------------------------------------------
        0 |   0.9955 |  3.623452e+03 |   +0.00% |  5.21e-15 |      
       10 |   0.9916 |  2.460242e+03 |  -32.10% |  8.49e-15 |      
       20 |   0.9916 |  2.415503e+03 |   -1.82% |  1.38e-14 |      
       30 |   0.9916 |  2.403268e+03 |   -0.51% |  2.25e-14 |      
       40 |   0.9916 |  2.396645e+03 |   -0.28% |  3.67e-14 |      
       50 |   0.9916 |  2.393920e+03 |   -0.11% |  5.98e-14 |      
       60 |   0.9916 |  2.392634e+03 |   -0.05% |  9.74e-14 |      
       70 |   0.9916 |  2.391233e+03 |   -0.06% |  1.59e-13 |      
       80 |   0.9916 |  2.389958e+03 |   -0.05% |  2.58e-13 |      
       90 |   0.9915 |  2.389292e+03 |   -0.03% |  4.21e-13 |      
      100 |   0.9911 |  2.393088e+03 |   +0.16% |  6.86e-13 |      
      110 |   0.9888 |  2.408417e+03 |   +0.64% |  1.12e-12 |      
      120 |   0.9875 |  2.452913e+03 |   +1.85% |  1.82e-12 |      
      130 |   0.9855 |  2.551741e+03 |   +4.03% |  2.96e-12 |      
      140 |   0.9833 |  2.750597e+03 |   +7.79% |  4.83e-12 |      
      150 |   0.9788 |  3.109320e+03 |  +13.04% |  7.86e-12 |      
      160 |   0.9627 |  3.927837e+03 |  +26.32% |  1.28e-11 |      
      170 |   0.9334 |  5.702434e+03 |  +45.18% |  2.09e-11 |      
      180 |   0.9017 |  7.221720e+03 |  +26.64% |  3.40e-11 |      
      190 |   0.8841 |  8.112960e+03 |  +12.34% |  5.53e-11 |      
      200 |   0.8495 |  9.271312e+03 |  +14.28% |  9.01e-11 |      
      210 |   0.8132 |  1.048749e+04 |  +13.12% |  1.47e-10 |      
      220 |   0.7734 |  1.173992e+04 |  +11.94% |  2.39e-10 |      
      230 |   0.7320 |  1.294064e+04 |  +10.23% |  3.89e-10 |      
      240 |   0.6871 |  1.417138e+04 |   +9.51% |  6.34e-10 |      
      250 |   0.6369 |  1.540195e+04 |   +8.68% |  1.03e-09 |      
      260 |   0.5853 |  1.658365e+04 |   +7.67% |  1.68e-09 |      
      270 |   0.5324 |  1.778301e+04 |   +7.23% |  2.74e-09 |      
      280 |   0.4767 |  1.887790e+04 |   +6.16% |  4.46e-09 |      
      290 |   0.4165 |  1.984504e+04 |   +5.12% |  7.26e-09 |      
      300 |   0.3656 |  2.088679e+04 |   +5.25% |  1.18e-08 |      
      310 |   0.3246 |  2.149469e+04 |   +2.91% |  1.83e-08 |      
      320 |   0.2986 |  2.181449e+04 |   +1.49% |  2.70e-08 |      
      330 |   0.2624 |  2.216951e+04 |   +1.63% |  3.98e-08 |      
      340 |   0.2284 |  2.239092e+04 |   +1.00% |  5.86e-08 |      
      350 |   0.2079 |  2.241183e+04 |   +0.09% |  8.63e-08 |      
      360 |   0.1822 |  2.233482e+04 |   -0.34% |  1.27e-07 |      
      370 |   0.1558 |  2.235816e+04 |   +0.10% |  1.87e-07 |      
      380 |   0.1379 |  2.235099e+04 |   -0.03% |  2.76e-07 |      
      390 |   0.1244 |  2.239284e+04 |   +0.19% |  4.06e-07 |      
      400 |   0.1092 |  2.243450e+04 |   +0.19% |  5.99e-07 |      
      404 |   0.0993 |  2.245055e+04 |          |  7.27e-07 |      
---------------------------------------------------------------
[INFO GPL-1001] Global placement finished at iteration 404
[INFO GPL-1002] Placed Cell Area            17257.6157
[INFO GPL-1003] Available Free Area         25320.5344
[INFO GPL-1004] Minimum Feasible Density        0.6900 (cell_area / free_area)
[INFO GPL-1006]   Suggested Target Densities:
[INFO GPL-1007]     - For 90% usage of free space: 0.7573
[INFO GPL-1008]     - For 80% usage of free space: 0.8520
[INFO GPL-1014] Final placement area: 17257.62 (+0.00%)
Setting global connections for newly added cells…
[INFO] Setting global connections...
[INFO ODB-0403] 0 connections made, 0 conflicts skipped.
Updating metrics…
Cell type report:                       Count       Area
  Fill cell                               130     487.97
  Tap cell                                368     460.44
  Buffer                                   71     301.54
  Inverter                                 27     108.85
  Sequential cell                          82    1744.17
  Multi-Input combinational cell         1223   13095.06
  Total                                  1901   16198.04
Writing OpenROAD database to '/Users/aoxo/vscode/superfloat.gpu/librelane/systolic_pe/runs/RUN_2026-06-24_01-59-44/24-openroad-globalplacementskipio/systolic_pe.odb'…
Writing netlist to '/Users/aoxo/vscode/superfloat.gpu/librelane/systolic_pe/runs/RUN_2026-06-24_01-59-44/24-openroad-globalplacementskipio/systolic_pe.nl.v'…
Writing powered netlist to '/Users/aoxo/vscode/superfloat.gpu/librelane/systolic_pe/runs/RUN_2026-06-24_01-59-44/24-openroad-globalplacementskipio/systolic_pe.pnl.v'…
Writing layout to '/Users/aoxo/vscode/superfloat.gpu/librelane/systolic_pe/runs/RUN_2026-06-24_01-59-44/24-openroad-globalplacementskipio/systolic_pe.def'…
Writing timing constraints to '/Users/aoxo/vscode/superfloat.gpu/librelane/systolic_pe/runs/RUN_2026-06-24_01-59-44/24-openroad-globalplacementskipio/systolic_pe.sdc'…
