
===========================================================================
report_checks -unconstrained
===========================================================================
======================= nom_ff_n40C_1v95 Corner ===================================

Startpoint: core_reset (input port clocked by clk)
Endpoint: _198946_ (rising edge-triggered flip-flop clocked by clk)
Path Group: clk
Path Type: max

Fanout         Cap        Slew       Delay        Time   Description
---------------------------------------------------------------------------------------------
                                  0.000000    0.000000   clock clk (rise edge)
                                  0.000000    0.000000   clock network delay (propagated)
                                  3.000000    3.000000 v input external delay
     1    0.010330    0.000000    0.000000    3.000000 v core_reset (in)
                                                         core_reset (net)
                      0.000619    0.000309    3.000309 v fanout18175/A (sky130_fd_sc_hd__buf_4)
     3    0.034316    0.043190    0.098863    3.099172 v fanout18175/X (sky130_fd_sc_hd__buf_4)
                                                         net18175 (net)
                      0.043316    0.001584    3.100756 v _097394_/A (sky130_fd_sc_hd__inv_1)
     3    0.030846    0.195274    0.158603    3.259359 ^ _097394_/Y (sky130_fd_sc_hd__inv_1)
                                                         _021316_ (net)
                      0.195285    0.001238    3.260597 ^ place49822/A (sky130_fd_sc_hd__buf_6)
     5    0.030908    0.054496    0.100934    3.361531 ^ place49822/X (sky130_fd_sc_hd__buf_6)
                                                         net49822 (net)
                      0.054560    0.001090    3.362621 ^ place49821/A (sky130_fd_sc_hd__buf_6)
     8    0.061159    0.096112    0.115677    3.478298 ^ place49821/X (sky130_fd_sc_hd__buf_6)
                                                         net49821 (net)
                      0.096449    0.004624    3.482922 ^ place49820/A (sky130_fd_sc_hd__buf_6)
     5    0.045436    0.073745    0.107514    3.590436 ^ place49820/X (sky130_fd_sc_hd__buf_6)
                                                         net49820 (net)
                      0.073897    0.002708    3.593144 ^ place49770/A (sky130_fd_sc_hd__buf_6)
     8    0.055385    0.087340    0.114794    3.707938 ^ place49770/X (sky130_fd_sc_hd__buf_6)
                                                         net49770 (net)
                      0.087395    0.001795    3.709733 ^ place49769/A (sky130_fd_sc_hd__buf_6)
     8    0.047824    0.076742    0.109111    3.818844 ^ place49769/X (sky130_fd_sc_hd__buf_6)
                                                         net49769 (net)
                      0.076756    0.000851    3.819695 ^ place49768/A (sky130_fd_sc_hd__buf_6)
     8    0.056982    0.089993    0.116061    3.935755 ^ place49768/X (sky130_fd_sc_hd__buf_6)
                                                         net49768 (net)
                      0.090122    0.002786    3.938541 ^ place49767/A (sky130_fd_sc_hd__buf_6)
     5    0.049314    0.079175    0.109722    4.048264 ^ place49767/X (sky130_fd_sc_hd__buf_6)
                                                         net49767 (net)
                      0.079718    0.005250    4.053514 ^ wire55199/A (sky130_fd_sc_hd__clkbuf_4)
     2    0.034454    0.084942    0.138435    4.191949 ^ wire55199/X (sky130_fd_sc_hd__clkbuf_4)
                                                         net55199 (net)
                      0.085090    0.002877    4.194827 ^ place49759/A (sky130_fd_sc_hd__buf_6)
     8    0.116105    0.175051    0.170911    4.365737 ^ place49759/X (sky130_fd_sc_hd__buf_6)
                                                         net49759 (net)
                      0.175595    0.008068    4.373806 ^ place49758/A (sky130_fd_sc_hd__buf_6)
     8    0.033393    0.057618    0.102552    4.476357 ^ place49758/X (sky130_fd_sc_hd__buf_6)
                                                         net49758 (net)
                      0.057629    0.000818    4.477176 ^ place49757/A (sky130_fd_sc_hd__buf_6)
     6    0.027512    0.047898    0.084460    4.561635 ^ place49757/X (sky130_fd_sc_hd__buf_6)
                                                         net49757 (net)
                      0.047969    0.001177    4.562812 ^ place49756/A (sky130_fd_sc_hd__buf_6)
     6    0.055666    0.088242    0.108535    4.671347 ^ place49756/X (sky130_fd_sc_hd__buf_6)
                                                         net49756 (net)
                      0.088909    0.006156    4.677503 ^ wire53749/A (sky130_fd_sc_hd__buf_4)
     3    0.045195    0.098525    0.132987    4.810490 ^ wire53749/X (sky130_fd_sc_hd__buf_4)
                                                         net53749 (net)
                      0.098991    0.005469    4.815959 ^ place49755/A (sky130_fd_sc_hd__buf_6)
     2    0.021984    0.041145    0.085173    4.901132 ^ place49755/X (sky130_fd_sc_hd__buf_6)
                                                         net49755 (net)
                      0.041227    0.001236    4.902368 ^ wire53267/A (sky130_fd_sc_hd__buf_4)
     2    0.043873    0.095897    0.120063    5.022430 ^ wire53267/X (sky130_fd_sc_hd__buf_4)
                                                         net53267 (net)
                      0.096386    0.005513    5.027944 ^ wire53266/A (sky130_fd_sc_hd__buf_6)
     1    0.009876    0.025478    0.071499    5.099443 ^ wire53266/X (sky130_fd_sc_hd__buf_6)
                                                         net53266 (net)
                      0.025481    0.000469    5.099912 ^ wire68272/A (sky130_fd_sc_hd__buf_6)
     5    0.056799    0.089622    0.104348    5.204260 ^ wire68272/X (sky130_fd_sc_hd__buf_6)
                                                         net68272 (net)
                      0.089731    0.002578    5.206839 ^ place49749/A (sky130_fd_sc_hd__buf_6)
     8    0.063532    0.098882    0.125189    5.332027 ^ place49749/X (sky130_fd_sc_hd__buf_6)
                                                         net49749 (net)
                      0.098962    0.002313    5.334340 ^ place49748/A (sky130_fd_sc_hd__buf_6)
     1    0.034835    0.058837    0.097912    5.432252 ^ place49748/X (sky130_fd_sc_hd__buf_6)
                                                         net49748 (net)
                      0.058985    0.002341    5.434593 ^ wire52535/A (sky130_fd_sc_hd__buf_8)
     5    0.032456    0.047631    0.082608    5.517200 ^ wire52535/X (sky130_fd_sc_hd__buf_8)
                                                         net52535 (net)
                      0.047838    0.002482    5.519683 ^ wire67700/A (sky130_fd_sc_hd__buf_4)
     4    0.041683    0.091550    0.119134    5.638818 ^ wire67700/X (sky130_fd_sc_hd__buf_4)
                                                         net67700 (net)
                      0.091840    0.004170    5.642988 ^ place49747/A (sky130_fd_sc_hd__buf_6)
     1    0.009971    0.025468    0.070892    5.713880 ^ place49747/X (sky130_fd_sc_hd__buf_6)
                                                         net49747 (net)
                      0.025471    0.000555    5.714435 ^ wire52183/A (sky130_fd_sc_hd__buf_4)
     4    0.044356    0.096721    0.116697    5.831131 ^ wire52183/X (sky130_fd_sc_hd__buf_4)
                                                         net52183 (net)
                      0.097004    0.004245    5.835377 ^ place49746/A (sky130_fd_sc_hd__buf_6)
     8    0.062732    0.098679    0.122281    5.957658 ^ place49746/X (sky130_fd_sc_hd__buf_6)
                                                         net49746 (net)
                      0.098970    0.004419    5.962076 ^ place49742/A (sky130_fd_sc_hd__buf_6)
     3    0.018122    0.036065    0.081121    6.043197 ^ place49742/X (sky130_fd_sc_hd__buf_6)
                                                         net49742 (net)
                      0.036076    0.000613    6.043810 ^ wire51562/A (sky130_fd_sc_hd__buf_4)
     4    0.046534    0.101109    0.122674    6.166484 ^ wire51562/X (sky130_fd_sc_hd__buf_4)
                                                         net51562 (net)
                      0.101256    0.003161    6.169645 ^ place49741/A (sky130_fd_sc_hd__buf_6)
     4    0.037528    0.062657    0.100589    6.270234 ^ place49741/X (sky130_fd_sc_hd__buf_6)
                                                         net49741 (net)
                      0.062870    0.002908    6.273143 ^ wire51254/A (sky130_fd_sc_hd__buf_4)
     5    0.043417    0.095135    0.124667    6.397810 ^ wire51254/X (sky130_fd_sc_hd__buf_4)
                                                         net51254 (net)
                      0.095595    0.005338    6.403149 ^ place49740/A (sky130_fd_sc_hd__buf_6)
     5    0.033530    0.056979    0.096039    6.499187 ^ place49740/X (sky130_fd_sc_hd__buf_6)
                                                         net49740 (net)
                      0.057124    0.002285    6.501472 ^ place49739/A (sky130_fd_sc_hd__buf_6)
     2    0.029701    0.051136    0.086239    6.587711 ^ place49739/X (sky130_fd_sc_hd__buf_6)
                                                         net49739 (net)
                      0.051318    0.002411    6.590122 ^ wire50800/A (sky130_fd_sc_hd__clkbuf_2)
     1    0.024019    0.103751    0.123043    6.713166 ^ wire50800/X (sky130_fd_sc_hd__clkbuf_2)
                                                         net50800 (net)
                      0.103834    0.002379    6.715544 ^ wire50799/A (sky130_fd_sc_hd__buf_6)
     3    0.036463    0.061106    0.099002    6.814547 ^ wire50799/X (sky130_fd_sc_hd__buf_6)
                                                         net50799 (net)
                      0.061705    0.004794    6.819341 ^ wire50798/A (sky130_fd_sc_hd__buf_4)
     4    0.039757    0.087639    0.119962    6.939303 ^ wire50798/X (sky130_fd_sc_hd__buf_4)
                                                         net50798 (net)
                      0.087979    0.004399    6.943702 ^ wire50797/A (sky130_fd_sc_hd__buf_4)
     2    0.036000    0.080336    0.120861    7.064563 ^ wire50797/X (sky130_fd_sc_hd__buf_4)
                                                         net50797 (net)
                      0.080556    0.003394    7.067957 ^ place49738/A (sky130_fd_sc_hd__buf_6)
     8    0.062784    0.098238    0.122739    7.190696 ^ place49738/X (sky130_fd_sc_hd__buf_6)
                                                         net49738 (net)
                      0.098273    0.001545    7.192241 ^ place49734/A (sky130_fd_sc_hd__buf_6)
     5    0.044793    0.072551    0.107673    7.299915 ^ place49734/X (sky130_fd_sc_hd__buf_6)
                                                         net49734 (net)
                      0.072707    0.002705    7.302619 ^ place49733/A (sky130_fd_sc_hd__buf_6)
     8    0.034540    0.058152    0.093528    7.396147 ^ place49733/X (sky130_fd_sc_hd__buf_6)
                                                         net49733 (net)
                      0.058267    0.002064    7.398211 ^ place49732/A (sky130_fd_sc_hd__buf_6)
     8    0.041295    0.067537    0.096969    7.495180 ^ place49732/X (sky130_fd_sc_hd__buf_6)
                                                         net49732 (net)
                      0.068034    0.004625    7.499804 ^ _155622_/B1 (sky130_fd_sc_hd__o21ai_1)
     1    0.002561    0.036668    0.026577    7.526381 v _155622_/Y (sky130_fd_sc_hd__o21ai_1)
                                                         _075099_ (net)
                      0.036668    0.000051    7.526432 v _155623_/B1 (sky130_fd_sc_hd__a21oi_1)
     1    0.021256    0.330928    0.191672    7.718104 ^ _155623_/Y (sky130_fd_sc_hd__a21oi_1)
                                                         _004382_ (net)
                      0.330950    0.002270    7.720375 ^ place33643/A (sky130_fd_sc_hd__buf_6)
     1    0.022737    0.045874    0.094088    7.814463 ^ place33643/X (sky130_fd_sc_hd__buf_6)
                                                         net33643 (net)
                      0.046034    0.001839    7.816302 ^ wire50375/A (sky130_fd_sc_hd__clkbuf_2)
     1    0.016850    0.074625    0.102548    7.918851 ^ wire50375/X (sky130_fd_sc_hd__clkbuf_2)
                                                         net50375 (net)
                      0.074652    0.001153    7.920003 ^ _198946_/D (sky130_fd_sc_hd__dfxtp_1)
                                              7.920003   data arrival time

                                 20.000000   20.000000   clock clk (rise edge)
                                  0.000000   20.000000   clock source latency
     2    0.248966    0.000000    0.000000   20.000000 ^ clk (in)
                                                         clk (net)
                      0.306467    0.153234   20.153234 ^ clkbuf_0_clk/A (sky130_fd_sc_hd__clkbuf_16)
     2    0.013350    0.034673    0.126061   20.279295 ^ clkbuf_0_clk/X (sky130_fd_sc_hd__clkbuf_16)
                                                         clknet_0_clk (net)
                      0.034673    0.000348   20.279644 ^ clkbuf_1_0_0_clk/A (sky130_fd_sc_hd__clkbuf_8)
     1    0.022789    0.041127    0.091216   20.370859 ^ clkbuf_1_0_0_clk/X (sky130_fd_sc_hd__clkbuf_8)
                                                         clknet_1_0_0_clk (net)
                      0.041307    0.002146   20.373005 ^ clkbuf_1_0_1_clk/A (sky130_fd_sc_hd__clkbuf_8)
     1    0.023493    0.041909    0.093491   20.466497 ^ clkbuf_1_0_1_clk/X (sky130_fd_sc_hd__clkbuf_8)
                                                         clknet_1_0_1_clk (net)
                      0.042175    0.002618   20.469114 ^ clkbuf_1_0_2_clk/A (sky130_fd_sc_hd__clkbuf_8)
     1    0.025733    0.043954    0.095790   20.564905 ^ clkbuf_1_0_2_clk/X (sky130_fd_sc_hd__clkbuf_8)
                                                         clknet_1_0_2_clk (net)
                      0.044319    0.003071   20.567976 ^ clkbuf_1_0_3_clk/A (sky130_fd_sc_hd__clkbuf_8)
     1    0.029264    0.048203    0.100496   20.668472 ^ clkbuf_1_0_3_clk/X (sky130_fd_sc_hd__clkbuf_8)
                                                         clknet_1_0_3_clk (net)
                      0.048279    0.001135   20.669607 ^ clkbuf_1_0_4_clk/A (sky130_fd_sc_hd__clkbuf_8)
     2    0.020802    0.038572    0.093417   20.763023 ^ clkbuf_1_0_4_clk/X (sky130_fd_sc_hd__clkbuf_8)
                                                         clknet_1_0_4_clk (net)
                      0.038600    0.000940   20.763964 ^ clkbuf_2_0_0_clk/A (sky130_fd_sc_hd__clkbuf_8)
     1    0.029562    0.048636    0.098428   20.862392 ^ clkbuf_2_0_0_clk/X (sky130_fd_sc_hd__clkbuf_8)
                                                         clknet_2_0_0_clk (net)
                      0.048913    0.002856   20.865248 ^ clkbuf_2_0_1_clk/A (sky130_fd_sc_hd__clkbuf_8)
     1    0.031413    0.050894    0.102796   20.968044 ^ clkbuf_2_0_1_clk/X (sky130_fd_sc_hd__clkbuf_8)
                                                         clknet_2_0_1_clk (net)
                      0.051260    0.003377   20.971420 ^ clkbuf_2_0_2_clk/A (sky130_fd_sc_hd__clkbuf_8)
     2    0.025859    0.044206    0.099037   21.070457 ^ clkbuf_2_0_2_clk/X (sky130_fd_sc_hd__clkbuf_8)
                                                         clknet_2_0_2_clk (net)
                      0.044374    0.001881   21.072340 ^ clkbuf_3_0_0_clk/A (sky130_fd_sc_hd__clkbuf_8)
     1    0.025734    0.043970    0.096506   21.168844 ^ clkbuf_3_0_0_clk/X (sky130_fd_sc_hd__clkbuf_8)
                                                         clknet_3_0_0_clk (net)
                      0.044306    0.002945   21.171791 ^ clkbuf_3_0_1_clk/A (sky130_fd_sc_hd__clkbuf_8)
     2    0.027838    0.046552    0.098439   21.270229 ^ clkbuf_3_0_1_clk/X (sky130_fd_sc_hd__clkbuf_8)
                                                         clknet_3_0_1_clk (net)
                      0.046830    0.002789   21.273018 ^ clkbuf_4_1_0_clk/A (sky130_fd_sc_hd__clkbuf_8)
     2    0.045221    0.067699    0.113140   21.386158 ^ clkbuf_4_1_0_clk/X (sky130_fd_sc_hd__clkbuf_8)
                                                         clknet_4_1_0_clk (net)
                      0.068622    0.006242   21.392399 ^ clkbuf_5_2_0_clk/A (sky130_fd_sc_hd__clkbuf_8)
     8    0.137797    0.183580    0.190413   21.582813 ^ clkbuf_5_2_0_clk/X (sky130_fd_sc_hd__clkbuf_8)
                                                         clknet_5_2_0_clk (net)
                      0.185793    0.016318   21.599131 ^ clkbuf_8_19_0_clk/A (sky130_fd_sc_hd__clkbuf_8)
     2    0.026712    0.047792    0.128694   21.727823 ^ clkbuf_8_19_0_clk/X (sky130_fd_sc_hd__clkbuf_8)
                                                         clknet_8_19_0_clk (net)
                      0.047830    0.001156   21.728981 ^ clkbuf_9_38__f_clk/A (sky130_fd_sc_hd__clkbuf_16)
     5    0.064085    0.062513    0.114509   21.843489 ^ clkbuf_9_38__f_clk/X (sky130_fd_sc_hd__clkbuf_16)
                                                         clknet_9_38__leaf_clk (net)
                      0.062645    0.002249   21.845737 ^ clkbuf_leaf_2397_clk/A (sky130_fd_sc_hd__clkbuf_16)
     4    0.010817    0.025356    0.087134   21.932873 ^ clkbuf_leaf_2397_clk/X (sky130_fd_sc_hd__clkbuf_16)
                                                         clknet_leaf_2397_clk (net)
                      0.025356    0.000135   21.933006 ^ _198946_/CLK (sky130_fd_sc_hd__dfxtp_1)
                                 -0.250000   21.683008   clock uncertainty
                                  0.000000   21.683008   clock reconvergence pessimism
                                 -0.033038   21.649971   library setup time
                                             21.649971   data required time
---------------------------------------------------------------------------------------------
                                             21.649971   data required time
                                             -7.920003   data arrival time
---------------------------------------------------------------------------------------------
                                             13.729968   slack (MET)




===========================================================================
report_checks --slack_max -0.01
============================================================================
======================= nom_ff_n40C_1v95 Corner ===================================

No paths found.


===========================================================================
 report_check_types -max_slew -max_cap -max_fanout -violators
============================================================================
======================= nom_ff_n40C_1v95 Corner ===================================



===========================================================================
report_parasitic_annotation -report_unannotated
============================================================================
Found 774 unannotated drivers.
 clkload0/Y
 clkload1/Y
 clkload10/Y
 clkload100/X
 clkload101/X
 clkload102/Y
 clkload103/X
 clkload104/X
 clkload105/Y
 clkload106/Y
 clkload107/X
 clkload108/X
 clkload109/X
 clkload11/Y
 clkload110/Y
 clkload111/Y
 clkload112/Y
 clkload113/X
 clkload114/Y
 clkload115/Y
 clkload116/Y
 clkload117/X
 clkload118/X
 clkload119/X
 clkload12/Y
 clkload120/Y
 clkload121/Y
 clkload122/Y
 clkload123/X
 clkload124/Y
 clkload125/X
 clkload126/Y
 clkload127/Y
 clkload128/Y
 clkload129/Y
 clkload13/Y
 clkload130/Y
 clkload131/Y
 clkload132/X
 clkload133/Y
 clkload134/X
 clkload135/Y
 clkload136/Y
 clkload137/X
 clkload138/Y
 clkload139/X
 clkload14/Y
 clkload140/Y
 clkload141/X
 clkload142/Y
 clkload143/X
 clkload144/Y
 clkload145/X
 clkload146/Y
 clkload147/X
 clkload148/X
 clkload149/Y
 clkload15/Y
 clkload150/X
 clkload151/Y
 clkload152/Y
 clkload153/X
 clkload154/X
 clkload155/X
 clkload156/Y
 clkload157/Y
 clkload158/X
 clkload159/X
 clkload16/Y
 clkload160/X
 clkload161/Y
 clkload162/X
 clkload163/X
 clkload164/Y
 clkload165/Y
 clkload166/Y
 clkload167/X
 clkload168/X
 clkload169/Y
 clkload17/X
 clkload170/X
 clkload171/X
 clkload172/Y
 clkload173/X
 clkload174/X
 clkload175/X
 clkload176/Y
 clkload177/X
 clkload178/Y
 clkload179/Y
 clkload18/Y
 clkload180/X
 clkload181/Y
 clkload182/X
 clkload183/Y
 clkload184/X
 clkload185/X
 clkload186/Y
 clkload187/X
 clkload188/X
 clkload189/X
 clkload19/Y
 clkload190/X
 clkload191/Y
 clkload192/Y
 clkload193/Y
 clkload194/Y
 clkload195/Y
 clkload196/X
 clkload197/Y
 clkload198/Y
 clkload199/Y
 clkload2/Y
 clkload20/Y
 clkload200/X
 clkload201/Y
 clkload202/Y
 clkload203/Y
 clkload204/Y
 clkload205/Y
 clkload206/Y
 clkload207/Y
 clkload208/Y
 clkload209/Y
 clkload21/Y
 clkload210/Y
 clkload211/Y
 clkload212/Y
 clkload213/Y
 clkload214/Y
 clkload215/Y
 clkload216/Y
 clkload217/Y
 clkload218/X
 clkload219/X
 clkload22/Y
 clkload220/X
 clkload221/Y
 clkload222/Y
 clkload223/Y
 clkload224/Y
 clkload225/Y
 clkload226/Y
 clkload227/Y
 clkload228/Y
 clkload229/Y
 clkload23/Y
 clkload230/Y
 clkload231/Y
 clkload232/Y
 clkload233/Y
 clkload234/Y
 clkload235/Y
 clkload236/Y
 clkload237/Y
 clkload238/Y
 clkload239/Y
 clkload24/X
 clkload240/Y
 clkload241/Y
 clkload242/Y
 clkload243/Y
 clkload244/Y
 clkload245/Y
 clkload246/Y
 clkload247/Y
 clkload248/Y
 clkload249/Y
 clkload25/X
 clkload250/Y
 clkload251/Y
 clkload252/Y
 clkload253/Y
 clkload254/Y
 clkload255/Y
 clkload256/Y
 clkload257/Y
 clkload258/Y
 clkload259/Y
 clkload26/Y
 clkload260/Y
 clkload261/Y
 clkload262/Y
 clkload263/Y
 clkload264/Y
 clkload265/Y
 clkload266/Y
 clkload267/Y
 clkload268/X
 clkload269/Y
 clkload27/X
 clkload270/Y
 clkload271/X
 clkload272/X
 clkload273/Y
 clkload274/Y
 clkload275/Y
 clkload276/Y
 clkload277/Y
 clkload278/Y
 clkload279/Y
 clkload28/Y
 clkload280/Y
 clkload281/Y
 clkload282/Y
 clkload283/Y
 clkload284/Y
 clkload285/Y
 clkload286/Y
 clkload287/Y
 clkload288/Y
 clkload289/Y
 clkload29/X
 clkload290/Y
 clkload291/Y
 clkload292/Y
 clkload293/Y
 clkload294/Y
 clkload295/Y
 clkload296/Y
 clkload297/Y
 clkload298/Y
 clkload299/Y
 clkload3/Y
 clkload30/Y
 clkload300/Y
 clkload301/Y
 clkload302/Y
 clkload303/Y
 clkload304/X
 clkload305/X
 clkload306/Y
 clkload307/Y
 clkload308/Y
 clkload309/Y
 clkload31/Y
 clkload310/X
 clkload311/X
 clkload312/Y
 clkload313/Y
 clkload314/X
 clkload315/Y
 clkload316/Y
 clkload317/X
 clkload318/Y
 clkload319/Y
 clkload32/X
 clkload320/Y
 clkload321/Y
 clkload322/Y
 clkload323/Y
 clkload324/Y
 clkload325/Y
 clkload326/Y
 clkload327/Y
 clkload328/Y
 clkload329/Y
 clkload33/Y
 clkload330/Y
 clkload331/Y
 clkload332/Y
 clkload333/Y
 clkload334/Y
 clkload335/Y
 clkload336/Y
 clkload337/Y
 clkload338/Y
 clkload339/Y
 clkload34/Y
 clkload340/Y
 clkload341/Y
 clkload342/Y
 clkload343/Y
 clkload344/Y
 clkload345/Y
 clkload346/Y
 clkload347/Y
 clkload348/Y
 clkload349/Y
 clkload35/Y
 clkload350/Y
 clkload351/Y
 clkload352/Y
 clkload353/Y
 clkload354/Y
 clkload355/Y
 clkload356/Y
 clkload357/Y
 clkload358/Y
 clkload359/Y
 clkload36/Y
 clkload360/Y
 clkload361/Y
 clkload362/Y
 clkload363/Y
 clkload364/Y
 clkload365/Y
 clkload366/Y
 clkload367/Y
 clkload368/Y
 clkload369/Y
 clkload37/X
 clkload370/Y
 clkload371/Y
 clkload372/Y
 clkload373/Y
 clkload374/Y
 clkload375/Y
 clkload376/Y
 clkload377/Y
 clkload378/Y
 clkload379/Y
 clkload38/Y
 clkload380/Y
 clkload381/Y
 clkload382/Y
 clkload383/X
 clkload384/Y
 clkload385/Y
 clkload386/Y
 clkload387/Y
 clkload388/Y
 clkload389/Y
 clkload39/Y
 clkload390/Y
 clkload391/Y
 clkload392/Y
 clkload393/Y
 clkload394/Y
 clkload395/Y
 clkload396/Y
 clkload397/Y
 clkload398/Y
 clkload399/Y
 clkload4/X
 clkload40/Y
 clkload400/Y
 clkload401/Y
 clkload402/Y
 clkload403/Y
 clkload404/Y
 clkload405/Y
 clkload406/Y
 clkload407/Y
 clkload408/Y
 clkload409/Y
 clkload41/X
 clkload410/Y
 clkload411/Y
 clkload412/Y
 clkload413/Y
 clkload414/X
 clkload415/X
 clkload416/Y
 clkload417/X
 clkload418/Y
 clkload419/X
 clkload42/Y
 clkload420/Y
 clkload421/Y
 clkload422/Y
 clkload423/Y
 clkload424/X
 clkload425/Y
 clkload426/Y
 clkload427/Y
 clkload428/X
 clkload429/Y
 clkload43/X
 clkload430/X
 clkload431/Y
 clkload432/X
 clkload433/X
 clkload434/Y
 clkload435/Y
 clkload436/X
 clkload437/X
 clkload438/X
 clkload439/X
 clkload44/Y
 clkload440/Y
 clkload441/X
 clkload442/X
 clkload443/Y
 clkload444/Y
 clkload445/Y
 clkload446/Y
 clkload447/Y
 clkload448/Y
 clkload449/Y
 clkload45/Y
 clkload450/X
 clkload451/Y
 clkload452/Y
 clkload453/Y
 clkload454/Y
 clkload455/Y
 clkload456/Y
 clkload457/Y
 clkload458/Y
 clkload459/Y
 clkload46/Y
 clkload460/Y
 clkload461/Y
 clkload462/Y
 clkload463/Y
 clkload464/Y
 clkload465/Y
 clkload466/Y
 clkload467/Y
 clkload468/Y
 clkload469/Y
 clkload47/X
 clkload470/Y
 clkload471/Y
 clkload472/Y
 clkload473/Y
 clkload474/Y
 clkload475/X
 clkload476/Y
 clkload477/Y
 clkload478/Y
 clkload479/Y
 clkload48/Y
 clkload480/Y
 clkload481/Y
 clkload482/Y
 clkload483/Y
 clkload484/Y
 clkload485/Y
 clkload486/Y
 clkload487/X
 clkload488/Y
 clkload489/Y
 clkload49/X
 clkload490/Y
 clkload491/Y
 clkload492/Y
 clkload493/Y
 clkload494/Y
 clkload495/Y
 clkload496/Y
 clkload497/Y
 clkload498/Y
 clkload499/Y
 clkload5/Y
 clkload50/Y
 clkload500/Y
 clkload501/Y
 clkload502/Y
 clkload503/Y
 clkload504/Y
 clkload505/X
 clkload506/Y
 clkload507/Y
 clkload508/Y
 clkload509/Y
 clkload51/Y
 clkload510/Y
 clkload511/Y
 clkload512/Y
 clkload513/Y
 clkload514/Y
 clkload515/Y
 clkload516/Y
 clkload517/Y
 clkload518/Y
 clkload519/Y
 clkload52/X
 clkload520/Y
 clkload521/Y
 clkload522/Y
 clkload523/Y
 clkload524/Y
 clkload525/Y
 clkload526/Y
 clkload527/Y
 clkload528/Y
 clkload529/Y
 clkload53/X
 clkload530/Y
 clkload531/Y
 clkload532/Y
 clkload533/Y
 clkload534/Y
 clkload535/Y
 clkload536/Y
 clkload537/Y
 clkload538/Y
 clkload539/Y
 clkload54/X
 clkload540/Y
 clkload541/Y
 clkload542/Y
 clkload543/Y
 clkload544/Y
 clkload545/Y
 clkload546/Y
 clkload547/Y
 clkload548/Y
 clkload549/Y
 clkload55/Y
 clkload550/Y
 clkload551/Y
 clkload552/Y
 clkload553/Y
 clkload554/Y
 clkload555/Y
 clkload556/Y
 clkload557/Y
 clkload558/Y
 clkload559/Y
 clkload56/X
 clkload560/Y
 clkload561/Y
 clkload562/Y
 clkload563/Y
 clkload564/Y
 clkload565/Y
 clkload566/Y
 clkload567/Y
 clkload568/Y
 clkload569/Y
 clkload57/Y
 clkload570/Y
 clkload571/Y
 clkload572/X
 clkload573/Y
 clkload574/Y
 clkload575/Y
 clkload576/Y
 clkload577/Y
 clkload578/Y
 clkload579/Y
 clkload58/Y
 clkload580/Y
 clkload581/X
 clkload582/Y
 clkload583/Y
 clkload584/Y
 clkload585/Y
 clkload586/Y
 clkload587/Y
 clkload588/Y
 clkload589/Y
 clkload59/X
 clkload590/Y
 clkload591/Y
 clkload592/Y
 clkload593/Y
 clkload594/Y
 clkload595/Y
 clkload596/Y
 clkload597/Y
 clkload598/Y
 clkload599/Y
 clkload6/Y
 clkload60/X
 clkload600/Y
 clkload601/Y
 clkload602/Y
 clkload603/Y
 clkload604/Y
 clkload605/Y
 clkload606/Y
 clkload607/Y
 clkload608/Y
 clkload609/Y
 clkload61/Y
 clkload610/Y
 clkload611/Y
 clkload612/Y
 clkload613/Y
 clkload614/Y
 clkload615/Y
 clkload616/Y
 clkload617/Y
 clkload618/Y
 clkload619/Y
 clkload62/Y
 clkload620/Y
 clkload621/Y
 clkload622/Y
 clkload623/Y
 clkload624/Y
 clkload625/Y
 clkload626/Y
 clkload627/Y
 clkload628/Y
 clkload629/Y
 clkload63/X
 clkload630/Y
 clkload631/Y
 clkload632/Y
 clkload633/Y
 clkload634/Y
 clkload635/Y
 clkload636/Y
 clkload637/Y
 clkload638/Y
 clkload639/Y
 clkload64/Y
 clkload640/Y
 clkload641/Y
 clkload642/Y
 clkload643/Y
 clkload644/Y
 clkload645/Y
 clkload646/Y
 clkload647/Y
 clkload648/Y
 clkload649/Y
 clkload65/Y
 clkload650/Y
 clkload651/Y
 clkload652/Y
 clkload653/Y
 clkload654/Y
 clkload655/Y
 clkload656/Y
 clkload657/Y
 clkload658/Y
 clkload659/Y
 clkload66/Y
 clkload660/Y
 clkload661/Y
 clkload662/Y
 clkload663/Y
 clkload664/Y
 clkload665/Y
 clkload666/Y
 clkload667/Y
 clkload668/Y
 clkload669/Y
 clkload67/Y
 clkload670/Y
 clkload671/Y
 clkload672/Y
 clkload673/Y
 clkload674/X
 clkload675/X
 clkload676/X
 clkload677/Y
 clkload678/X
 clkload679/Y
 clkload68/Y
 clkload680/X
 clkload681/Y
 clkload682/Y
 clkload683/Y
 clkload684/Y
 clkload685/Y
 clkload686/X
 clkload687/Y
 clkload688/X
 clkload689/Y
 clkload69/Y
 clkload690/Y
 clkload691/Y
 clkload692/Y
 clkload693/Y
 clkload694/Y
 clkload695/Y
 clkload696/Y
 clkload697/Y
 clkload698/Y
 clkload699/Y
 clkload7/Y
 clkload70/Y
 clkload700/Y
 clkload701/Y
 clkload702/Y
 clkload703/Y
 clkload704/Y
 clkload705/Y
 clkload706/Y
 clkload707/Y
 clkload708/Y
 clkload709/Y
 clkload71/X
 clkload710/Y
 clkload711/Y
 clkload712/Y
 clkload713/Y
 clkload714/Y
 clkload715/Y
 clkload716/Y
 clkload717/Y
 clkload718/Y
 clkload719/Y
 clkload72/Y
 clkload720/Y
 clkload721/Y
 clkload722/Y
 clkload723/Y
 clkload724/Y
 clkload725/Y
 clkload726/Y
 clkload727/Y
 clkload728/Y
 clkload729/Y
 clkload73/Y
 clkload730/Y
 clkload731/Y
 clkload732/Y
 clkload733/Y
 clkload734/Y
 clkload735/Y
 clkload736/Y
 clkload737/Y
 clkload738/Y
 clkload739/Y
 clkload74/X
 clkload740/Y
 clkload741/Y
 clkload742/Y
 clkload743/Y
 clkload744/Y
 clkload745/Y
 clkload746/Y
 clkload747/Y
 clkload748/Y
 clkload749/Y
 clkload75/X
 clkload750/Y
 clkload751/Y
 clkload752/Y
 clkload753/Y
 clkload754/Y
 clkload755/Y
 clkload756/Y
 clkload757/Y
 clkload758/Y
 clkload759/Y
 clkload76/X
 clkload760/Y
 clkload761/Y
 clkload762/Y
 clkload763/Y
 clkload764/Y
 clkload765/Y
 clkload766/Y
 clkload767/Y
 clkload77/Y
 clkload78/X
 clkload79/Y
 clkload8/X
 clkload80/X
 clkload81/Y
 clkload82/Y
 clkload83/X
 clkload84/X
 clkload85/Y
 clkload86/X
 clkload87/X
 clkload88/X
 clkload89/X
 clkload9/Y
 clkload90/Y
 clkload91/X
 clkload92/X
 clkload93/X
 clkload94/Y
 clkload95/Y
 clkload96/X
 clkload97/X
 clkload98/X
 clkload99/Y
 core_tile/HI
 core_tile_64037/HI
 core_tile_64038/HI
 core_tile_64039/HI
 core_tile_64040/HI
 core_tile_64041/HI
Found 0 partially unannotated drivers.

===========================================================================
max slew violation count 0
max fanout violation count 0
max cap violation count 0
============================================================================

===========================================================================
check_setup -verbose -unconstrained_endpoints -multiple_clock -no_clock -no_input_delay -loops -generated_clocks
===========================================================================
