Clock: clk
Sources: clk 
Generated: no
Virtual: yes
Propagated: no
Period: 20.000000

===========================================================================
report_clock_properties
============================================================================
Clock                   Period          Waveform
----------------------------------------------------
clk                  20.000000    0.000000 10.000000

===========================================================================
report_clock_latency
============================================================================
Clock clk
rise -> rise
    min     max
0.000000 0.000000 source latency
1.783472         network latency _196098_/CLK
        2.078145 network latency _194918_/CLK
---------------
1.783472 2.078145 latency
        0.294673 skew

fall -> fall
    min     max
0.000000 0.000000 source latency
1.889076         network latency _196098_/CLK
        2.152494 network latency _194918_/CLK
---------------
1.889076 2.152494 latency
        0.263418 skew



===========================================================================
report_clock_min_period
============================================================================
clk period_min = 6.11 fmax = 163.55
