                                                                       Cells by Function                                                                        
┏━━━━━━━━━━━━━━━━━━━━━━━━━━━━━━━━━━━━━━━━━━━━━━━━━━━━━━━━━━━━━━━━━━━━━━━━━━━━━━━━━━━━━━━━━━━━━━━━━━━━━━━━━━━━━━━━━━━━━━━━━━━━┳━━━━━━━━━━━━━━━━━━━━━━━━━━━━━━━━━┓
┃ Cell Function                                                                                                              ┃ Count                           ┃
┡━━━━━━━━━━━━━━━━━━━━━━━━━━━━━━━━━━━━━━━━━━━━━━━━━━━━━━━━━━━━━━━━━━━━━━━━━━━━━━━━━━━━━━━━━━━━━━━━━━━━━━━━━━━━━━━━━━━━━━━━━━━━╇━━━━━━━━━━━━━━━━━━━━━━━━━━━━━━━━━┩
│ sky130_fd_sc_hd__a2111o                                                                                                    │ 5                               │
│ sky130_fd_sc_hd__a2111oi                                                                                                   │ 6                               │
│ sky130_fd_sc_hd__a211o                                                                                                     │ 36                              │
│ sky130_fd_sc_hd__a211oi                                                                                                    │ 414                             │
│ sky130_fd_sc_hd__a21bo                                                                                                     │ 53                              │
│ sky130_fd_sc_hd__a21boi                                                                                                    │ 299                             │
│ sky130_fd_sc_hd__a21o                                                                                                      │ 1030                            │
│ sky130_fd_sc_hd__a21oi                                                                                                     │ 5690                            │
│ sky130_fd_sc_hd__a221o                                                                                                     │ 89                              │
│ sky130_fd_sc_hd__a221oi                                                                                                    │ 2222                            │
│ sky130_fd_sc_hd__a222oi                                                                                                    │ 1210                            │
│ sky130_fd_sc_hd__a22o                                                                                                      │ 2613                            │
│ sky130_fd_sc_hd__a22oi                                                                                                     │ 5523                            │
│ sky130_fd_sc_hd__a2bb2o                                                                                                    │ 2                               │
│ sky130_fd_sc_hd__a2bb2oi                                                                                                   │ 165                             │
│ sky130_fd_sc_hd__a311o                                                                                                     │ 15                              │
│ sky130_fd_sc_hd__a311oi                                                                                                    │ 74                              │
│ sky130_fd_sc_hd__a31o                                                                                                      │ 152                             │
│ sky130_fd_sc_hd__a31oi                                                                                                     │ 899                             │
│ sky130_fd_sc_hd__a32o                                                                                                      │ 220                             │
│ sky130_fd_sc_hd__a32oi                                                                                                     │ 3369                            │
│ sky130_fd_sc_hd__a41o                                                                                                      │ 14                              │
│ sky130_fd_sc_hd__a41oi                                                                                                     │ 153                             │
│ sky130_fd_sc_hd__and2                                                                                                      │ 1454                            │
│ sky130_fd_sc_hd__and3                                                                                                      │ 817                             │
│ sky130_fd_sc_hd__and3b                                                                                                     │ 37                              │
│ sky130_fd_sc_hd__and4                                                                                                      │ 68                              │
│ sky130_fd_sc_hd__and4b                                                                                                     │ 24                              │
│ sky130_fd_sc_hd__buf                                                                                                       │ 25350                           │
│ sky130_fd_sc_hd__clkbuf                                                                                                    │ 13226                           │
│ sky130_fd_sc_hd__clkinv                                                                                                    │ 53                              │
│ sky130_fd_sc_hd__clkinvlp                                                                                                  │ 1                               │
│ sky130_fd_sc_hd__conb                                                                                                      │ 6                               │
│ sky130_fd_sc_hd__decap                                                                                                     │ 167535                          │
│ sky130_fd_sc_hd__dfxtp                                                                                                     │ 6537                            │
│ sky130_fd_sc_hd__diode                                                                                                     │ 711                             │
│ sky130_fd_sc_hd__edfxtp                                                                                                    │ 2944                            │
│ sky130_fd_sc_hd__fill                                                                                                      │ 70437                           │
│ sky130_fd_sc_hd__inv                                                                                                       │ 4203                            │
│ sky130_fd_sc_hd__maj3                                                                                                      │ 5341                            │
│ sky130_fd_sc_hd__mux2                                                                                                      │ 24                              │
│ sky130_fd_sc_hd__mux2i                                                                                                     │ 1081                            │
│ sky130_fd_sc_hd__nand2                                                                                                     │ 9853                            │
│ sky130_fd_sc_hd__nand2b                                                                                                    │ 2017                            │
│ sky130_fd_sc_hd__nand3                                                                                                     │ 1757                            │
│ sky130_fd_sc_hd__nand3b                                                                                                    │ 33                              │
│ sky130_fd_sc_hd__nand4                                                                                                     │ 507                             │
│ sky130_fd_sc_hd__nand4b                                                                                                    │ 27                              │
│ sky130_fd_sc_hd__nand4bb                                                                                                   │ 7                               │
│ sky130_fd_sc_hd__nor2                                                                                                      │ 46                              │
│ sky130_fd_sc_hd__nor2b                                                                                                     │ 3434                            │
│ sky130_fd_sc_hd__nor3                                                                                                      │ 2062                            │
│ sky130_fd_sc_hd__nor3b                                                                                                     │ 227                             │
│ sky130_fd_sc_hd__nor4                                                                                                      │ 371                             │
│ sky130_fd_sc_hd__nor4b                                                                                                     │ 34                              │
│ sky130_fd_sc_hd__nor4bb                                                                                                    │ 17                              │
│ sky130_fd_sc_hd__o2111a                                                                                                    │ 3                               │
│ sky130_fd_sc_hd__o2111ai                                                                                                   │ 21                              │
│ sky130_fd_sc_hd__o211a                                                                                                     │ 747                             │
│ sky130_fd_sc_hd__o211ai                                                                                                    │ 274                             │
│ sky130_fd_sc_hd__o21a                                                                                                      │ 954                             │
│ sky130_fd_sc_hd__o21ai                                                                                                     │ 7269                            │
│ sky130_fd_sc_hd__o21ba                                                                                                     │ 45                              │
│ sky130_fd_sc_hd__o21bai                                                                                                    │ 99                              │
│ sky130_fd_sc_hd__o221a                                                                                                     │ 165                             │
│ sky130_fd_sc_hd__o221ai                                                                                                    │ 126                             │
│ sky130_fd_sc_hd__o22a                                                                                                      │ 25                              │
│ sky130_fd_sc_hd__o22ai                                                                                                     │ 1069                            │
│ sky130_fd_sc_hd__o2bb2a                                                                                                    │ 4                               │
│ sky130_fd_sc_hd__o2bb2ai                                                                                                   │ 22                              │
│ sky130_fd_sc_hd__o311a                                                                                                     │ 17                              │
│ sky130_fd_sc_hd__o311ai                                                                                                    │ 178                             │
│ sky130_fd_sc_hd__o31a                                                                                                      │ 120                             │
│ sky130_fd_sc_hd__o31ai                                                                                                     │ 11                              │
│ sky130_fd_sc_hd__o32a                                                                                                      │ 16                              │
│ sky130_fd_sc_hd__o32ai                                                                                                     │ 53                              │
│ sky130_fd_sc_hd__o41a                                                                                                      │ 9                               │
│ sky130_fd_sc_hd__o41ai                                                                                                     │ 37                              │
│ sky130_fd_sc_hd__or2                                                                                                       │ 1102                            │
│ sky130_fd_sc_hd__or3                                                                                                       │ 171                             │
│ sky130_fd_sc_hd__or3b                                                                                                      │ 69                              │
│ sky130_fd_sc_hd__or4                                                                                                       │ 213                             │
│ sky130_fd_sc_hd__or4b                                                                                                      │ 29                              │
│ sky130_fd_sc_hd__tapvpwrvgnd                                                                                               │ 47207                           │
│ sky130_fd_sc_hd__xnor2                                                                                                     │ 17352                           │
│ sky130_fd_sc_hd__xnor3                                                                                                     │ 999                             │
│ sky130_fd_sc_hd__xor2                                                                                                      │ 6809                            │
│ sky130_fd_sc_hd__xor3                                                                                                      │ 816                             │
└────────────────────────────────────────────────────────────────────────────────────────────────────────────────────────────┴─────────────────────────────────┘
