                                                                        Cells by Master                                                                         
┏━━━━━━━━━━━━━━━━━━━━━━━━━━━━━━━━━━━━━━━━━━━━━━━━━━━━━━━━━━━━━━━━━━━━━━━━━━━━━━━━━━━━━━━━━━━━━━━━━━━━━━━━━━━━━━━━━━━━━━━━━━━━━━━━━┳━━━━━━━━━━━━━━━━━━━━━━━━━━━━┓
┃ Cell                                                                                                                            ┃ Count                      ┃
┡━━━━━━━━━━━━━━━━━━━━━━━━━━━━━━━━━━━━━━━━━━━━━━━━━━━━━━━━━━━━━━━━━━━━━━━━━━━━━━━━━━━━━━━━━━━━━━━━━━━━━━━━━━━━━━━━━━━━━━━━━━━━━━━━━╇━━━━━━━━━━━━━━━━━━━━━━━━━━━━┩
│ sky130_fd_sc_hd__a2111o_1                                                                                                       │ 5                          │
│ sky130_fd_sc_hd__a2111oi_1                                                                                                      │ 5                          │
│ sky130_fd_sc_hd__a2111oi_2                                                                                                      │ 1                          │
│ sky130_fd_sc_hd__a211o_1                                                                                                        │ 36                         │
│ sky130_fd_sc_hd__a211oi_1                                                                                                       │ 395                        │
│ sky130_fd_sc_hd__a211oi_2                                                                                                       │ 15                         │
│ sky130_fd_sc_hd__a211oi_4                                                                                                       │ 4                          │
│ sky130_fd_sc_hd__a21bo_1                                                                                                        │ 53                         │
│ sky130_fd_sc_hd__a21boi_1                                                                                                       │ 299                        │
│ sky130_fd_sc_hd__a21o_1                                                                                                         │ 1030                       │
│ sky130_fd_sc_hd__a21oi_1                                                                                                        │ 5650                       │
│ sky130_fd_sc_hd__a21oi_2                                                                                                        │ 35                         │
│ sky130_fd_sc_hd__a21oi_4                                                                                                        │ 5                          │
│ sky130_fd_sc_hd__a221o_1                                                                                                        │ 89                         │
│ sky130_fd_sc_hd__a221oi_1                                                                                                       │ 2146                       │
│ sky130_fd_sc_hd__a221oi_2                                                                                                       │ 65                         │
│ sky130_fd_sc_hd__a221oi_4                                                                                                       │ 11                         │
│ sky130_fd_sc_hd__a222oi_1                                                                                                       │ 1210                       │
│ sky130_fd_sc_hd__a22o_1                                                                                                         │ 2613                       │
│ sky130_fd_sc_hd__a22oi_1                                                                                                        │ 5520                       │
│ sky130_fd_sc_hd__a22oi_2                                                                                                        │ 3                          │
│ sky130_fd_sc_hd__a2bb2o_1                                                                                                       │ 2                          │
│ sky130_fd_sc_hd__a2bb2oi_1                                                                                                      │ 164                        │
│ sky130_fd_sc_hd__a2bb2oi_4                                                                                                      │ 1                          │
│ sky130_fd_sc_hd__a311o_1                                                                                                        │ 15                         │
│ sky130_fd_sc_hd__a311oi_1                                                                                                       │ 71                         │
│ sky130_fd_sc_hd__a311oi_2                                                                                                       │ 1                          │
│ sky130_fd_sc_hd__a311oi_4                                                                                                       │ 2                          │
│ sky130_fd_sc_hd__a31o_1                                                                                                         │ 152                        │
│ sky130_fd_sc_hd__a31oi_1                                                                                                        │ 867                        │
│ sky130_fd_sc_hd__a31oi_2                                                                                                        │ 28                         │
│ sky130_fd_sc_hd__a31oi_4                                                                                                        │ 4                          │
│ sky130_fd_sc_hd__a32o_1                                                                                                         │ 220                        │
│ sky130_fd_sc_hd__a32oi_1                                                                                                        │ 3368                       │
│ sky130_fd_sc_hd__a32oi_2                                                                                                        │ 1                          │
│ sky130_fd_sc_hd__a41o_1                                                                                                         │ 14                         │
│ sky130_fd_sc_hd__a41oi_1                                                                                                        │ 95                         │
│ sky130_fd_sc_hd__a41oi_2                                                                                                        │ 45                         │
│ sky130_fd_sc_hd__a41oi_4                                                                                                        │ 13                         │
│ sky130_fd_sc_hd__and2_1                                                                                                         │ 1449                       │
│ sky130_fd_sc_hd__and2_2                                                                                                         │ 5                          │
│ sky130_fd_sc_hd__and3_1                                                                                                         │ 814                        │
│ sky130_fd_sc_hd__and3_2                                                                                                         │ 3                          │
│ sky130_fd_sc_hd__and3b_1                                                                                                        │ 37                         │
│ sky130_fd_sc_hd__and4_1                                                                                                         │ 68                         │
│ sky130_fd_sc_hd__and4b_1                                                                                                        │ 24                         │
│ sky130_fd_sc_hd__buf_12                                                                                                         │ 16                         │
│ sky130_fd_sc_hd__buf_16                                                                                                         │ 1                          │
│ sky130_fd_sc_hd__buf_2                                                                                                          │ 95                         │
│ sky130_fd_sc_hd__buf_4                                                                                                          │ 3505                       │
│ sky130_fd_sc_hd__buf_6                                                                                                          │ 21683                      │
│ sky130_fd_sc_hd__buf_8                                                                                                          │ 50                         │
│ sky130_fd_sc_hd__clkbuf_16                                                                                                      │ 2979                       │
│ sky130_fd_sc_hd__clkbuf_2                                                                                                       │ 7824                       │
│ sky130_fd_sc_hd__clkbuf_4                                                                                                       │ 1903                       │
│ sky130_fd_sc_hd__clkbuf_8                                                                                                       │ 520                        │
│ sky130_fd_sc_hd__clkinv_1                                                                                                       │ 3                          │
│ sky130_fd_sc_hd__clkinv_2                                                                                                       │ 44                         │
│ sky130_fd_sc_hd__clkinv_4                                                                                                       │ 6                          │
│ sky130_fd_sc_hd__clkinvlp_4                                                                                                     │ 1                          │
│ sky130_fd_sc_hd__conb_1                                                                                                         │ 6                          │
│ sky130_fd_sc_hd__decap_12                                                                                                       │ 81273                      │
│ sky130_fd_sc_hd__decap_3                                                                                                        │ 19691                      │
│ sky130_fd_sc_hd__decap_4                                                                                                        │ 21129                      │
│ sky130_fd_sc_hd__decap_6                                                                                                        │ 22385                      │
│ sky130_fd_sc_hd__decap_8                                                                                                        │ 23057                      │
│ sky130_fd_sc_hd__dfxtp_1                                                                                                        │ 6513                       │
│ sky130_fd_sc_hd__dfxtp_2                                                                                                        │ 24                         │
│ sky130_fd_sc_hd__diode_2                                                                                                        │ 711                        │
│ sky130_fd_sc_hd__edfxtp_1                                                                                                       │ 2944                       │
│ sky130_fd_sc_hd__fill_1                                                                                                         │ 48364                      │
│ sky130_fd_sc_hd__fill_2                                                                                                         │ 22073                      │
│ sky130_fd_sc_hd__inv_1                                                                                                          │ 4189                       │
│ sky130_fd_sc_hd__inv_2                                                                                                          │ 9                          │
│ sky130_fd_sc_hd__inv_6                                                                                                          │ 4                          │
│ sky130_fd_sc_hd__inv_8                                                                                                          │ 1                          │
│ sky130_fd_sc_hd__maj3_1                                                                                                         │ 5341                       │
│ sky130_fd_sc_hd__mux2_1                                                                                                         │ 24                         │
│ sky130_fd_sc_hd__mux2i_1                                                                                                        │ 1061                       │
│ sky130_fd_sc_hd__mux2i_2                                                                                                        │ 3                          │
│ sky130_fd_sc_hd__mux2i_4                                                                                                        │ 17                         │
│ sky130_fd_sc_hd__nand2_1                                                                                                        │ 9841                       │
│ sky130_fd_sc_hd__nand2_2                                                                                                        │ 12                         │
│ sky130_fd_sc_hd__nand2b_1                                                                                                       │ 2017                       │
│ sky130_fd_sc_hd__nand3_1                                                                                                        │ 1757                       │
│ sky130_fd_sc_hd__nand3b_1                                                                                                       │ 33                         │
│ sky130_fd_sc_hd__nand4_1                                                                                                        │ 501                        │
│ sky130_fd_sc_hd__nand4_2                                                                                                        │ 5                          │
│ sky130_fd_sc_hd__nand4_4                                                                                                        │ 1                          │
│ sky130_fd_sc_hd__nand4b_1                                                                                                       │ 27                         │
│ sky130_fd_sc_hd__nand4bb_1                                                                                                      │ 7                          │
│ sky130_fd_sc_hd__nor2_4                                                                                                         │ 46                         │
│ sky130_fd_sc_hd__nor2b_1                                                                                                        │ 3338                       │
│ sky130_fd_sc_hd__nor2b_2                                                                                                        │ 79                         │
│ sky130_fd_sc_hd__nor2b_4                                                                                                        │ 17                         │
│ sky130_fd_sc_hd__nor3_1                                                                                                         │ 1978                       │
│ sky130_fd_sc_hd__nor3_2                                                                                                         │ 68                         │
│ sky130_fd_sc_hd__nor3_4                                                                                                         │ 16                         │
│ sky130_fd_sc_hd__nor3b_1                                                                                                        │ 203                        │
│ sky130_fd_sc_hd__nor3b_2                                                                                                        │ 20                         │
│ sky130_fd_sc_hd__nor3b_4                                                                                                        │ 4                          │
│ sky130_fd_sc_hd__nor4_1                                                                                                         │ 351                        │
│ sky130_fd_sc_hd__nor4_2                                                                                                         │ 16                         │
│ sky130_fd_sc_hd__nor4_4                                                                                                         │ 4                          │
│ sky130_fd_sc_hd__nor4b_1                                                                                                        │ 31                         │
│ sky130_fd_sc_hd__nor4b_2                                                                                                        │ 2                          │
│ sky130_fd_sc_hd__nor4b_4                                                                                                        │ 1                          │
│ sky130_fd_sc_hd__nor4bb_1                                                                                                       │ 17                         │
│ sky130_fd_sc_hd__o2111a_1                                                                                                       │ 3                          │
│ sky130_fd_sc_hd__o2111ai_1                                                                                                      │ 21                         │
│ sky130_fd_sc_hd__o211a_1                                                                                                        │ 747                        │
│ sky130_fd_sc_hd__o211ai_1                                                                                                       │ 272                        │
│ sky130_fd_sc_hd__o211ai_2                                                                                                       │ 2                          │
│ sky130_fd_sc_hd__o21a_1                                                                                                         │ 954                        │
│ sky130_fd_sc_hd__o21ai_1                                                                                                        │ 7216                       │
│ sky130_fd_sc_hd__o21ai_2                                                                                                        │ 51                         │
│ sky130_fd_sc_hd__o21ai_4                                                                                                        │ 2                          │
│ sky130_fd_sc_hd__o21ba_1                                                                                                        │ 45                         │
│ sky130_fd_sc_hd__o21bai_1                                                                                                       │ 99                         │
│ sky130_fd_sc_hd__o221a_1                                                                                                        │ 165                        │
│ sky130_fd_sc_hd__o221ai_1                                                                                                       │ 126                        │
│ sky130_fd_sc_hd__o22a_1                                                                                                         │ 25                         │
│ sky130_fd_sc_hd__o22ai_1                                                                                                        │ 1036                       │
│ sky130_fd_sc_hd__o22ai_2                                                                                                        │ 33                         │
│ sky130_fd_sc_hd__o2bb2a_1                                                                                                       │ 4                          │
│ sky130_fd_sc_hd__o2bb2ai_1                                                                                                      │ 22                         │
│ sky130_fd_sc_hd__o311a_1                                                                                                        │ 17                         │
│ sky130_fd_sc_hd__o311ai_1                                                                                                       │ 96                         │
│ sky130_fd_sc_hd__o311ai_2                                                                                                       │ 33                         │
│ sky130_fd_sc_hd__o311ai_4                                                                                                       │ 49                         │
│ sky130_fd_sc_hd__o31a_1                                                                                                         │ 120                        │
│ sky130_fd_sc_hd__o31ai_2                                                                                                        │ 11                         │
│ sky130_fd_sc_hd__o32a_1                                                                                                         │ 16                         │
│ sky130_fd_sc_hd__o32ai_1                                                                                                        │ 53                         │
│ sky130_fd_sc_hd__o41a_1                                                                                                         │ 9                          │
│ sky130_fd_sc_hd__o41ai_1                                                                                                        │ 28                         │
│ sky130_fd_sc_hd__o41ai_2                                                                                                        │ 8                          │
│ sky130_fd_sc_hd__o41ai_4                                                                                                        │ 1                          │
│ sky130_fd_sc_hd__or2_1                                                                                                          │ 1101                       │
│ sky130_fd_sc_hd__or2_2                                                                                                          │ 1                          │
│ sky130_fd_sc_hd__or3_1                                                                                                          │ 171                        │
│ sky130_fd_sc_hd__or3b_1                                                                                                         │ 69                         │
│ sky130_fd_sc_hd__or4_1                                                                                                          │ 213                        │
│ sky130_fd_sc_hd__or4b_1                                                                                                         │ 29                         │
│ sky130_fd_sc_hd__tapvpwrvgnd_1                                                                                                  │ 47207                      │
│ sky130_fd_sc_hd__xnor2_1                                                                                                        │ 17352                      │
│ sky130_fd_sc_hd__xnor3_1                                                                                                        │ 999                        │
│ sky130_fd_sc_hd__xor2_1                                                                                                         │ 6808                       │
│ sky130_fd_sc_hd__xor2_2                                                                                                         │ 1                          │
│ sky130_fd_sc_hd__xor3_1                                                                                                         │ 816                        │
└─────────────────────────────────────────────────────────────────────────────────────────────────────────────────────────────────┴────────────────────────────┘
