+ analyze_power_grid -net VPWR -voltage_file /Users/aoxo/vscode/superfloat.gpu/librelane/systolic_pe/runs/RUN_2026-06-24_01-59-44/58-openroad-irdropreport/net-VPWR.csv
[INFO PSM-0040] All shapes on net VPWR are connected.
########## IR report #################
Net              : VPWR
Corner           : nom_tt_025C_1v80
Total power      : 2.33e-03 W
Supply voltage   : 1.80e+00 V
Worstcase voltage: 1.80e+00 V
Average voltage  : 1.80e+00 V
Average IR drop  : 5.19e-04 V
Worstcase IR drop: 1.35e-03 V
Percentage drop  : 0.07 %
######################################
+ analyze_power_grid -net VGND -voltage_file /Users/aoxo/vscode/superfloat.gpu/librelane/systolic_pe/runs/RUN_2026-06-24_01-59-44/58-openroad-irdropreport/net-VGND.csv
[INFO PSM-0040] All shapes on net VGND are connected.
########## IR report #################
Net              : VGND
Corner           : nom_tt_025C_1v80
Total power      : 2.33e-03 W
Supply voltage   : 0.00e+00 V
Worstcase voltage: 1.52e-03 V
Average voltage  : 4.94e-04 V
Average IR drop  : 4.94e-04 V
Worstcase IR drop: 1.52e-03 V
Percentage drop  : 0.08 %
######################################
