┏━━━━━━━┳━━━━━━━━━┳━━━━━━━━━━┳━━━━━━━━━━━━━━━━━━━━━━━━━━━━━━━━━━━━━━━━━┳━━━━━━━━━━━━━━━━━━━━━━━━━━━━━━━━━━━━┳━━━━━━━┓
┃ P / R ┃ Partial ┃ Required ┃ Net                                     ┃ Pin                                ┃ Layer ┃
┡━━━━━━━╇━━━━━━━━━╇━━━━━━━━━━╇━━━━━━━━━━━━━━━━━━━━━━━━━━━━━━━━━━━━━━━━━╇━━━━━━━━━━━━━━━━━━━━━━━━━━━━━━━━━━━━╇━━━━━━━┩
│ 3.07  │ 1229.26 │ 400.00   │ ce_row[0\]                              │ g_row[0\].g_col[1\].pe/_1407_/A1_N │ met3  │
│ 3.07  │ 1229.26 │ 400.00   │ ce_row[0\]                              │ g_row[1\].g_col[1\].pe/_1407_/A1_N │ met3  │
│ 2.35  │ 938.25  │ 400.00   │ net2432                                 │ hold3168/A                         │ met3  │
│ 2.13  │ 850.03  │ 400.00   │ b_inputs_flat[1]                        │ hold3361/A                         │ met4  │
│ 2.10  │ 840.30  │ 400.00   │ net3314                                 │ input1326/A                        │ met3  │
│ 2.10  │ 840.30  │ 400.00   │ net3384                                 │ input1312/A                        │ met3  │
│ 2.09  │ 834.59  │ 400.00   │ _117_                                   │ hold2586/A                         │ met3  │
│ 1.96  │ 782.65  │ 400.00   │ b_inputs_flat[10]                       │ hold3403/A                         │ met4  │
│ 1.96  │ 782.65  │ 400.00   │ b_inputs_flat[15]                       │ hold3284/A                         │ met4  │
│ 1.96  │ 782.65  │ 400.00   │ b_inputs_flat[28]                       │ hold3319/A                         │ met4  │
│ 1.83  │ 730.93  │ 400.00   │ net1633                                 │ hold1640/A                         │ met3  │
│ 1.78  │ 711.55  │ 400.00   │ clear_acc                               │ hold3501/A                         │ met3  │
│ 1.76  │ 705.54  │ 400.00   │ enable                                  │ hold3270/A                         │ met3  │
│ 1.70  │ 679.10  │ 400.00   │ _133_                                   │ hold2526/A                         │ met3  │
│ 1.70  │ 678.99  │ 400.00   │ a_inputs_flat[10]                       │ hold3305/A                         │ met4  │
│ 1.67  │ 667.68  │ 400.00   │ compute_enable                          │ hold3137/A                         │ met3  │
│ 1.65  │ 661.15  │ 400.00   │ a_inputs_flat[24]                       │ hold3541/A                         │ met3  │
│ 1.59  │ 637.30  │ 400.00   │ a_inputs_flat[6]                        │ hold3347/A                         │ met3  │
│ 1.58  │ 632.45  │ 400.00   │ b_inputs_flat[16]                       │ hold3277/A                         │ met3  │
│ 1.58  │ 632.34  │ 400.00   │ a_inputs_flat[12]                       │ hold3333/A                         │ met4  │
│ 1.56  │ 622.29  │ 400.00   │ net2568                                 │ _337_/D                            │ met3  │
│ 1.50  │ 598.87  │ 400.00   │ a_inputs_flat[31]                       │ hold3172/A                         │ met3  │
│ 1.45  │ 580.62  │ 400.00   │ net2625                                 │ hold3408/A                         │ met3  │
│ 1.45  │ 580.28  │ 400.00   │ a_inputs_flat[14]                       │ hold3144/A                         │ met3  │
│ 1.44  │ 575.44  │ 400.00   │ net1515                                 │ hold3321/A                         │ met3  │
│ 1.44  │ 575.32  │ 400.00   │ a_inputs_flat[18]                       │ hold3438/A                         │ met4  │
│ 1.44  │ 575.32  │ 400.00   │ a_inputs_flat[20]                       │ hold3515/A                         │ met4  │
│ 1.44  │ 575.32  │ 400.00   │ b_inputs_flat[16]                       │ hold3277/A                         │ met4  │
│ 1.44  │ 575.32  │ 400.00   │ b_inputs_flat[20]                       │ hold3207/A                         │ met4  │
│ 1.44  │ 575.32  │ 400.00   │ b_inputs_flat[26]                       │ hold3340/A                         │ met4  │
│ 1.43  │ 572.66  │ 400.00   │ a_inputs_flat[19]                       │ hold3431/A                         │ met3  │
│ 1.41  │ 564.17  │ 400.00   │ a_inputs_flat[13]                       │ hold3559/A                         │ met3  │
│ 1.41  │ 562.57  │ 400.00   │ net3188                                 │ input1327/A                        │ met3  │
│ 1.41  │ 562.57  │ 400.00   │ net3279                                 │ input1325/A                        │ met3  │
│ 1.41  │ 562.57  │ 400.00   │ net3328                                 │ input1318/A                        │ met3  │
│ 1.32  │ 528.79  │ 400.00   │ _110_                                   │ hold2478/A                         │ met3  │
│ 1.32  │ 528.79  │ 400.00   │ net1554                                 │ hold3370/A                         │ met3  │
│ 1.32  │ 528.79  │ 400.00   │ net3269                                 │ hold2546/A                         │ met3  │
│ 1.31  │ 523.61  │ 400.00   │ b_inputs_flat[3]                        │ hold3298/A                         │ met3  │
│ 1.31  │ 523.61  │ 400.00   │ net1470                                 │ hold3230/A                         │ met3  │
│ 1.28  │ 512.11  │ 400.00   │ a_inputs_flat[28]                       │ hold3577/A                         │ met3  │
│ 1.27  │ 507.07  │ 400.00   │ net3237                                 │ input1316/A                        │ met3  │
│ 1.26  │ 502.65  │ 400.00   │ a_inputs_flat[3]                        │ hold3263/A                         │ met3  │
│ 1.25  │ 500.08  │ 400.00   │ ce_row[0\]                              │ g_row[0\].g_col[0\].pe/_1407_/A1_N │ met3  │
│ 1.24  │ 496.80  │ 400.00   │ net3202                                 │ input1342/A                        │ met1  │
│ 1.24  │ 494.46  │ 400.00   │ a_inputs_flat[17]                       │ hold3473/A                         │ met3  │
│ 1.23  │ 493.13  │ 400.00   │ net1411                                 │ output1411/A                       │ met3  │
│ 1.23  │ 493.13  │ 400.00   │ net3209                                 │ input1330/A                        │ met3  │
│ 1.21  │ 482.14  │ 400.00   │ net3212                                 │ hold2453/A                         │ met3  │
│ 1.19  │ 476.96  │ 400.00   │ net2559                                 │ hold3331/A                         │ met3  │
│ 1.19  │ 476.96  │ 400.00   │ net3477                                 │ hold1571/A                         │ met3  │
│ 1.18  │ 471.77  │ 400.00   │ g_row[0\].g_col[0\].pe/r3_prod_mant[9\] │ g_row[0\].g_col[0\].pe/hold1703/A  │ met3  │
│ 1.18  │ 471.77  │ 400.00   │ net2479                                 │ hold3229/A                         │ met3  │
│ 1.18  │ 471.77  │ 400.00   │ net3218                                 │ hold1466/A                         │ met3  │
│ 1.18  │ 471.77  │ 400.00   │ net3351                                 │ hold1544/A                         │ met3  │
│ 1.18  │ 471.66  │ 400.00   │ a_inputs_flat[1]                        │ hold3508/A                         │ met4  │
│ 1.18  │ 471.66  │ 400.00   │ b_inputs_flat[7]                        │ hold3214/A                         │ met3  │
│ 1.13  │ 450.62  │ 400.00   │ net2776                                 │ _143_/B_N                          │ met3  │
│ 1.12  │ 447.97  │ 400.00   │ net2778                                 │ _277_/D                            │ met1  │
│ 1.12  │ 447.05  │ 400.00   │ b_reg[0\]                               │ g_row[0\].g_col[0\].pe/_2673_/B    │ met3  │
│ 1.12  │ 447.05  │ 400.00   │ net2490                                 │ _333_/D                            │ met3  │
│ 1.12  │ 447.05  │ 400.00   │ net2502                                 │ _285_/D                            │ met3  │
│ 1.09  │ 434.40  │ 400.00   │ ce_row[0\]                              │ g_row[1\].g_col[1\].pe/_1407_/A1_N │ met2  │
│ 1.06  │ 425.16  │ 400.00   │ net3203                                 │ hold2470/A                         │ met3  │
│ 1.06  │ 425.13  │ 400.00   │ _104_                                   │ hold2610/A                         │ met3  │
│ 1.06  │ 425.13  │ 400.00   │ net1531                                 │ hold3409/A                         │ met3  │
│ 1.06  │ 425.13  │ 400.00   │ net1611                                 │ hold3555/A                         │ met3  │
│ 1.06  │ 425.13  │ 400.00   │ net2413                                 │ hold3138/A                         │ met3  │
│ 1.06  │ 425.13  │ 400.00   │ net2459                                 │ hold1455/A                         │ met3  │
│ 1.06  │ 425.13  │ 400.00   │ net3242                                 │ hold1468/A                         │ met3  │
│ 1.06  │ 425.13  │ 400.00   │ net3274                                 │ hold1499/A                         │ met3  │
│ 1.06  │ 423.70  │ 400.00   │ net3174                                 │ input1310/A                        │ met3  │
│ 1.05  │ 419.94  │ 400.00   │ _131_                                   │ hold2568/A                         │ met3  │
│ 1.05  │ 419.94  │ 400.00   │ net1476                                 │ hold3300/A                         │ met3  │
│ 1.05  │ 419.94  │ 400.00   │ net1514                                 │ hold2587/A                         │ met3  │
│ 1.05  │ 419.94  │ 400.00   │ net1623                                 │ hold3579/A                         │ met3  │
│ 1.05  │ 419.94  │ 400.00   │ net2655                                 │ hold3387/A                         │ met3  │
│ 1.05  │ 419.94  │ 400.00   │ net3211                                 │ hold1451/A                         │ met3  │
│ 1.05  │ 419.94  │ 400.00   │ net3322                                 │ hold2566/A                         │ met3  │
│ 1.05  │ 419.94  │ 400.00   │ net3559                                 │ hold1615/A                         │ met3  │
│ 1.05  │ 419.83  │ 400.00   │ a_inputs_flat[22]                       │ hold3452/A                         │ met4  │
│ 1.05  │ 419.83  │ 400.00   │ b_inputs_flat[19]                       │ hold3179/A                         │ met4  │
│ 1.05  │ 419.83  │ 400.00   │ b_inputs_flat[22]                       │ hold3256/A                         │ met4  │
│ 1.05  │ 419.83  │ 400.00   │ b_inputs_flat[3]                        │ hold3298/A                         │ met4  │
│ 1.04  │ 415.97  │ 400.00   │ net2526                                 │ _339_/D                            │ met1  │
│ 1.04  │ 414.23  │ 400.00   │ a_inputs_flat[25]                       │ hold3529/A                         │ met3  │
└───────┴─────────┴──────────┴─────────────────────────────────────────┴────────────────────────────────────┴───────┘
