
===========================================================================
report_checks -unconstrained
===========================================================================
======================= nom_ss_100C_1v60 Corner ===================================

Startpoint: _46237_ (rising edge-triggered flip-flop clocked by clk)
Endpoint: _45862_ (rising edge-triggered flip-flop clocked by clk)
Path Group: clk
Path Type: max

Fanout         Cap        Slew       Delay        Time   Description
---------------------------------------------------------------------------------------------
                                  0.000000    0.000000   clock clk (rise edge)
                                  0.000000    0.000000   clock source latency
     2    0.126964    0.000000    0.000000    0.000000 ^ clk (in)
                                                         clk (net)
                      0.025625    0.012812    0.012812 ^ clkbuf_0_clk/A (sky130_fd_sc_hd__clkbuf_16)
     4    0.085844    0.156048    0.278987    0.291799 ^ clkbuf_0_clk/X (sky130_fd_sc_hd__clkbuf_16)
                                                         clknet_0_clk (net)
                      0.156116    0.002642    0.294442 ^ clkbuf_2_1_0_clk/A (sky130_fd_sc_hd__clkbuf_4)
    16    0.212541    0.969390    0.928573    1.223014 ^ clkbuf_2_1_0_clk/X (sky130_fd_sc_hd__clkbuf_4)
                                                         clknet_2_1_0_clk (net)
                      0.969614    0.012386    1.235400 ^ clkbuf_6_31_0_clk/A (sky130_fd_sc_hd__clkbuf_4)
     9    0.135835    0.628950    1.007113    2.242513 ^ clkbuf_6_31_0_clk/X (sky130_fd_sc_hd__clkbuf_4)
                                                         clknet_6_31_0_clk (net)
                      0.628953    0.002603    2.245116 ^ clkbuf_leaf_166_clk/A (sky130_fd_sc_hd__clkbuf_16)
     4    0.015495    0.070214    0.450209    2.695326 ^ clkbuf_leaf_166_clk/X (sky130_fd_sc_hd__clkbuf_16)
                                                         clknet_leaf_166_clk (net)
                      0.070214    0.000250    2.695576 ^ _46237_/CLK (sky130_fd_sc_hd__dfxtp_2)
     2    0.008663    0.062933    0.622847    3.318423 v _46237_/Q (sky130_fd_sc_hd__dfxtp_2)
                                                         net429 (net)
                      0.062933    0.000212    3.318635 v _33652_/A (sky130_fd_sc_hd__or3_2)
     3    0.013505    0.227972    1.211655    4.530290 v _33652_/X (sky130_fd_sc_hd__or3_2)
                                                         _08086_ (net)
                      0.227972    0.000755    4.531045 v _33653_/C (sky130_fd_sc_hd__or3_2)
     3    0.010895    0.211426    1.109509    5.640554 v _33653_/X (sky130_fd_sc_hd__or3_2)
                                                         _08087_ (net)
                      0.211426    0.000323    5.640877 v _33655_/B (sky130_fd_sc_hd__or2_2)
     4    0.014776    0.173532    0.771372    6.412249 v _33655_/X (sky130_fd_sc_hd__or2_2)
                                                         _08089_ (net)
                      0.173532    0.000368    6.412617 v _33656_/B (sky130_fd_sc_hd__and2_2)
     1    0.008550    0.094501    0.478453    6.891070 v _33656_/X (sky130_fd_sc_hd__and2_2)
                                                         _08090_ (net)
                      0.094501    0.000172    6.891243 v _33725_/B (sky130_fd_sc_hd__xnor2_2)
     2    0.007550    0.119949    0.263499    7.154741 v _33725_/Y (sky130_fd_sc_hd__xnor2_2)
                                                         _08159_ (net)
                      0.119949    0.000147    7.154888 v _33728_/A (sky130_fd_sc_hd__and2_2)
     1    0.004796    0.079258    0.384695    7.539583 v _33728_/X (sky130_fd_sc_hd__and2_2)
                                                         _08162_ (net)
                      0.079258    0.000184    7.539767 v _33729_/B (sky130_fd_sc_hd__or2_2)
     1    0.010396    0.149658    0.685381    8.225148 v _33729_/X (sky130_fd_sc_hd__or2_2)
                                                         _08163_ (net)
                      0.149658    0.000538    8.225686 v _33730_/A (sky130_fd_sc_hd__inv_2)
     2    0.015251    0.124955    0.166301    8.391987 ^ _33730_/Y (sky130_fd_sc_hd__inv_2)
                                                         _08164_ (net)
                      0.124955    0.000378    8.392365 ^ _33769_/A1 (sky130_fd_sc_hd__a21o_2)
     2    0.012918    0.124081    0.309629    8.701994 ^ _33769_/X (sky130_fd_sc_hd__a21o_2)
                                                         _08203_ (net)
                      0.124081    0.000260    8.702254 ^ _33784_/B (sky130_fd_sc_hd__xor2_2)
     2    0.010559    0.145784    0.176482    8.878736 v _33784_/X (sky130_fd_sc_hd__xor2_2)
                                                         _08218_ (net)
                      0.145784    0.000430    8.879166 v _33800_/A (sky130_fd_sc_hd__or4b_2)
     1    0.001905    0.203446    1.553525   10.432692 v _33800_/X (sky130_fd_sc_hd__or4b_2)
                                                         _08234_ (net)
                      0.203446    0.000054   10.432746 v _33801_/B (sky130_fd_sc_hd__or3b_2)
     1    0.003836    0.166644    1.081038   11.513784 v _33801_/X (sky130_fd_sc_hd__or3b_2)
                                                         _08235_ (net)
                      0.166644    0.000133   11.513917 v _33803_/C (sky130_fd_sc_hd__or4_2)
     1    0.006732    0.250072    1.538377   13.052294 v _33803_/X (sky130_fd_sc_hd__or4_2)
                                                         _08237_ (net)
                      0.250072    0.000249   13.052543 v _33804_/B (sky130_fd_sc_hd__nor2_2)
     1    0.005311    0.151241    0.222364   13.274907 ^ _33804_/Y (sky130_fd_sc_hd__nor2_2)
                                                         _08238_ (net)
                      0.151241    0.000216   13.275123 ^ _33805_/A3 (sky130_fd_sc_hd__a32o_2)
     2    0.009101    0.132776    0.433334   13.708457 ^ _33805_/X (sky130_fd_sc_hd__a32o_2)
                                                         _08239_ (net)
                      0.132776    0.000227   13.708684 ^ _33806_/B (sky130_fd_sc_hd__nand2_2)
    13    0.052661    0.516105    0.410597   14.119281 v _33806_/Y (sky130_fd_sc_hd__nand2_2)
                                                         _08240_ (net)
                      0.516105    0.000626   14.119907 v _33815_/A2 (sky130_fd_sc_hd__a21o_2)
     5    0.022410    0.138418    0.648312   14.768219 v _33815_/X (sky130_fd_sc_hd__a21o_2)
                                                         _08249_ (net)
                      0.138422    0.001008   14.769227 v _33817_/B (sky130_fd_sc_hd__or2_2)
     3    0.008030    0.138550    0.691384   15.460611 v _33817_/X (sky130_fd_sc_hd__or2_2)
                                                         _08251_ (net)
                      0.138550    0.000263   15.460874 v _33824_/A (sky130_fd_sc_hd__or4_2)
     4    0.012688    0.285675    1.711614   17.172487 v _33824_/X (sky130_fd_sc_hd__or4_2)
                                                         _08258_ (net)
                      0.285675    0.000234   17.172722 v _33852_/C (sky130_fd_sc_hd__or4b_2)
     3    0.011143    0.274064    1.632676   18.805399 v _33852_/X (sky130_fd_sc_hd__or4b_2)
                                                         _08284_ (net)
                      0.274064    0.000266   18.805666 v _33863_/B (sky130_fd_sc_hd__or3_2)
     3    0.009876    0.205707    1.200920   20.006586 v _33863_/X (sky130_fd_sc_hd__or3_2)
                                                         _08294_ (net)
                      0.205707    0.000249   20.006834 v _33892_/A (sky130_fd_sc_hd__or3b_2)
     2    0.013271    0.226270    1.237677   21.244511 v _33892_/X (sky130_fd_sc_hd__or3b_2)
                                                         _08320_ (net)
                      0.226270    0.000465   21.244976 v _33894_/A1 (sky130_fd_sc_hd__o21ai_2)
     2    0.016146    0.353112    0.440082   21.685059 ^ _33894_/Y (sky130_fd_sc_hd__o21ai_2)
                                                         _08322_ (net)
                      0.353112    0.000473   21.685530 ^ _33902_/A (sky130_fd_sc_hd__xnor2_2)
     3    0.011917    0.163704    0.286050   21.971581 v _33902_/Y (sky130_fd_sc_hd__xnor2_2)
                                                         _08329_ (net)
                      0.163704    0.000227   21.971807 v _33927_/A (sky130_fd_sc_hd__and3_2)
     1    0.001570    0.064778    0.389360   22.361168 v _33927_/X (sky130_fd_sc_hd__and3_2)
                                                         _08346_ (net)
                      0.064778    0.000044   22.361212 v _33928_/D (sky130_fd_sc_hd__or4_2)
     1    0.007222    0.253602    1.367804   23.729015 v _33928_/X (sky130_fd_sc_hd__or4_2)
                                                         _08347_ (net)
                      0.253602    0.000275   23.729292 v _33929_/A2 (sky130_fd_sc_hd__a21oi_2)
     1    0.001924    0.177649    0.271408   24.000698 ^ _33929_/Y (sky130_fd_sc_hd__a21oi_2)
                                                         _01234_ (net)
                      0.177649    0.000055   24.000753 ^ _45862_/D (sky130_fd_sc_hd__dfxtp_2)
                                             24.000753   data arrival time

                                 24.000000   24.000000   clock clk (rise edge)
                                  0.000000   24.000000   clock source latency
     2    0.126964    0.000000    0.000000   24.000000 ^ clk (in)
                                                         clk (net)
                      0.025625    0.012813   24.012812 ^ clkbuf_0_clk/A (sky130_fd_sc_hd__clkbuf_16)
     4    0.085844    0.156048    0.278986   24.291798 ^ clkbuf_0_clk/X (sky130_fd_sc_hd__clkbuf_16)
                                                         clknet_0_clk (net)
                      0.156476    0.006485   24.298283 ^ clkbuf_2_3_0_clk/A (sky130_fd_sc_hd__clkbuf_4)
    19    0.220188    1.003632    0.952142   25.250425 ^ clkbuf_2_3_0_clk/X (sky130_fd_sc_hd__clkbuf_4)
                                                         clknet_2_3_0_clk (net)
                      1.003937    0.014669   25.265095 ^ clkbuf_6_53_0_clk/A (sky130_fd_sc_hd__clkbuf_4)
    11    0.146353    0.676340    1.049518   26.314611 ^ clkbuf_6_53_0_clk/X (sky130_fd_sc_hd__clkbuf_4)
                                                         clknet_6_53_0_clk (net)
                      0.676354    0.003972   26.318584 ^ clkbuf_leaf_172_clk/A (sky130_fd_sc_hd__clkbuf_16)
     4    0.013316    0.068935    0.459439   26.778023 ^ clkbuf_leaf_172_clk/X (sky130_fd_sc_hd__clkbuf_16)
                                                         clknet_leaf_172_clk (net)
                      0.068935    0.000187   26.778210 ^ _45862_/CLK (sky130_fd_sc_hd__dfxtp_2)
                                 -0.250000   26.528210   clock uncertainty
                                  0.000000   26.528210   clock reconvergence pessimism
                                 -0.169474   26.358736   library setup time
                                             26.358736   data required time
---------------------------------------------------------------------------------------------
                                             26.358736   data required time
                                            -24.000753   data arrival time
---------------------------------------------------------------------------------------------
                                              2.357982   slack (MET)




===========================================================================
report_checks --slack_max -0.01
============================================================================
======================= nom_ss_100C_1v60 Corner ===================================

No paths found.


===========================================================================
 report_check_types -max_slew -max_cap -max_fanout -violators
============================================================================
======================= nom_ss_100C_1v60 Corner ===================================

max slew

Pin                                        Limit        Slew       Slack
------------------------------------------------------------------------
_43509_/B1                              1.500000    1.623597   -0.123597 (VIOLATED)
_43500_/A2                              1.500000    1.623590   -0.123590 (VIOLATED)
_43408_/A2                              1.500000    1.623564   -0.123564 (VIOLATED)
place1060/A                             1.500000    1.623544   -0.123544 (VIOLATED)
_43394_/A2                              1.500000    1.623513   -0.123513 (VIOLATED)
_42961_/X                               1.498522    1.621984   -0.123462 (VIOLATED)
_42997_/B1                              1.500000    1.623406   -0.123407 (VIOLATED)
_43029_/A2                              1.500000    1.623330   -0.123331 (VIOLATED)
_43527_/B1                              1.500000    1.623251   -0.123251 (VIOLATED)
_43009_/A2                              1.500000    1.623233   -0.123234 (VIOLATED)
_43424_/B1                              1.500000    1.623232   -0.123232 (VIOLATED)
_43035_/B1                              1.500000    1.623101   -0.123102 (VIOLATED)
_43021_/B1                              1.500000    1.623067   -0.123067 (VIOLATED)
_43064_/B1                              1.500000    1.622991   -0.122992 (VIOLATED)
_43104_/A2                              1.500000    1.622932   -0.122932 (VIOLATED)
_43481_/B1                              1.500000    1.622869   -0.122869 (VIOLATED)
_43521_/A2                              1.500000    1.622858   -0.122858 (VIOLATED)
_43473_/A2                              1.500000    1.622824   -0.122824 (VIOLATED)
_43442_/B1                              1.500000    1.622785   -0.122785 (VIOLATED)
_43047_/A2                              1.500000    1.622758   -0.122758 (VIOLATED)
_43446_/A2                              1.500000    1.622750   -0.122750 (VIOLATED)
_43469_/B1                              1.500000    1.622671   -0.122672 (VIOLATED)
_43490_/A2                              1.500000    1.622659   -0.122660 (VIOLATED)
_43070_/B1                              1.500000    1.622653   -0.122653 (VIOLATED)
_43456_/B1                              1.500000    1.622648   -0.122648 (VIOLATED)
_43428_/A2                              1.500000    1.622639   -0.122639 (VIOLATED)
_43080_/B1                              1.500000    1.622631   -0.122631 (VIOLATED)
_43091_/B1                              1.500000    1.622621   -0.122621 (VIOLATED)
_43412_/A2                              1.500000    1.622608   -0.122608 (VIOLATED)
_43054_/B1                              1.500000    1.622533   -0.122533 (VIOLATED)
ANTENNA_66/DIODE                        1.500000    1.561477   -0.061477 (VIOLATED)
ANTENNA_64/DIODE                        1.500000    1.561477   -0.061477 (VIOLATED)
ANTENNA_62/DIODE                        1.500000    1.561477   -0.061477 (VIOLATED)
ANTENNA_60/DIODE                        1.500000    1.561477   -0.061477 (VIOLATED)
ANTENNA_58/DIODE                        1.500000    1.561474   -0.061474 (VIOLATED)
ANTENNA_67/DIODE                        1.500000    1.561473   -0.061473 (VIOLATED)
ANTENNA_65/DIODE                        1.500000    1.561473   -0.061473 (VIOLATED)
ANTENNA_63/DIODE                        1.500000    1.561471   -0.061471 (VIOLATED)
ANTENNA_61/DIODE                        1.500000    1.561470   -0.061470 (VIOLATED)
ANTENNA_59/DIODE                        1.500000    1.561470   -0.061470 (VIOLATED)
ANTENNA_57/DIODE                        1.500000    1.561469   -0.061469 (VIOLATED)
_46450_/D                               1.500000    1.561469   -0.061469 (VIOLATED)
_43558_/X                               1.501931    1.560710   -0.058779 (VIOLATED)
place656/A                              1.500000    1.526489   -0.026489 (VIOLATED)
_34068_/B2                              1.500000    1.526213   -0.026213 (VIOLATED)
_34288_/A1                              1.500000    1.526180   -0.026180 (VIOLATED)
_34214_/A1                              1.500000    1.526168   -0.026168 (VIOLATED)
_34189_/A                               1.500000    1.526160   -0.026160 (VIOLATED)
_34318_/B1                              1.500000    1.526095   -0.026095 (VIOLATED)
_34364_/A                               1.500000    1.526087   -0.026087 (VIOLATED)
_40360_/A1                              1.500000    1.526060   -0.026060 (VIOLATED)
_40429_/A1                              1.500000    1.526060   -0.026060 (VIOLATED)
_40333_/A1                              1.500000    1.526059   -0.026059 (VIOLATED)
_40244_/B2                              1.500000    1.526059   -0.026059 (VIOLATED)
_34066_/Y                               1.501852    1.526052   -0.024200 (VIOLATED)

max capacitance

Pin                                        Limit         Cap       Slack
------------------------------------------------------------------------
_42961_/X                               0.297556    0.324260   -0.026704 (VIOLATED)
_43558_/X                               0.189524    0.197686   -0.008162 (VIOLATED)
_34066_/Y                               0.154734    0.158650   -0.003916 (VIOLATED)
_22331_/Y                               0.209666    0.210289   -0.000623 (VIOLATED)



===========================================================================
report_parasitic_annotation -report_unannotated
============================================================================
Found 161 unannotated drivers.
 _44218__1484/HI
 _44219__1485/HI
 _44220__1486/HI
 _44221__1487/HI
 _44222__1488/HI
 _44223__1489/HI
 _44224__1490/HI
 _44225__1491/HI
 _44226__1468/HI
 _44227__1469/HI
 _44228__1470/HI
 _44229__1471/HI
 _44230_/SUM
 _44230__1472/HI
 _44231_/SUM
 _44231__1473/HI
 _44232_/SUM
 _44232__1474/HI
 _44233_/SUM
 _44233__1475/HI
 _44234_/SUM
 _44234__1476/HI
 _44235_/SUM
 _44235__1477/HI
 _44236_/SUM
 _44236__1478/HI
 _44237_/SUM
 _44237__1479/HI
 _44238_/SUM
 _44238__1480/HI
 _44239_/SUM
 _44239__1481/HI
 _44240_/SUM
 _44240__1482/HI
 _44241_/SUM
 _44241__1483/HI
 clkload0/Y
 clkload1/Y
 clkload10/Y
 clkload100/X
 clkload11/Y
 clkload12/Y
 clkload13/Y
 clkload14/Y
 clkload15/Y
 clkload16/Y
 clkload17/Y
 clkload18/Y
 clkload19/Y
 clkload2/Y
 clkload20/Y
 clkload21/Y
 clkload22/Y
 clkload23/Y
 clkload24/Y
 clkload25/Y
 clkload26/Y
 clkload27/Y
 clkload28/Y
 clkload29/Y
 clkload3/Y
 clkload30/Y
 clkload31/Y
 clkload32/Y
 clkload33/Y
 clkload34/X
 clkload35/Y
 clkload36/Y
 clkload37/Y
 clkload38/Y
 clkload39/X
 clkload4/Y
 clkload40/Y
 clkload41/Y
 clkload42/Y
 clkload43/X
 clkload44/Y
 clkload45/Y
 clkload46/Y
 clkload47/Y
 clkload48/Y
 clkload49/X
 clkload5/Y
 clkload50/Y
 clkload51/Y
 clkload52/Y
 clkload53/Y
 clkload54/Y
 clkload55/Y
 clkload56/Y
 clkload57/Y
 clkload58/Y
 clkload59/Y
 clkload6/Y
 clkload60/X
 clkload61/X
 clkload62/X
 clkload63/X
 clkload64/X
 clkload65/X
 clkload66/X
 clkload67/X
 clkload68/X
 clkload69/X
 clkload7/Y
 clkload70/X
 clkload71/X
 clkload72/X
 clkload73/X
 clkload74/X
 clkload75/X
 clkload76/X
 clkload77/X
 clkload78/X
 clkload79/X
 clkload8/Y
 clkload80/X
 clkload81/X
 clkload82/X
 clkload83/X
 clkload84/X
 clkload85/X
 clkload86/X
 clkload87/X
 clkload88/X
 clkload89/X
 clkload9/X
 clkload90/X
 clkload91/X
 clkload92/X
 clkload93/X
 clkload94/X
 clkload95/X
 clkload96/X
 clkload97/X
 clkload98/X
 clkload99/X
 core/HI
 core_1492/HI
 core_1493/HI
 core_1494/HI
 core_1495/HI
 core_1496/HI
 core_1497/HI
 core_1498/HI
 core_1499/HI
 core_1500/HI
 core_1501/HI
 core_1502/HI
 core_1503/HI
 core_1504/HI
 core_1505/HI
 core_1506/HI
 core_1507/HI
 core_1508/HI
 core_1509/HI
 core_1510/HI
 core_1511/HI
 core_1512/HI
 core_1513/HI
 core_1514/HI
Found 0 partially unannotated drivers.

===========================================================================
max slew violation count 55
max fanout violation count 0
max cap violation count 4
============================================================================

===========================================================================
check_setup -verbose -unconstrained_endpoints -multiple_clock -no_clock -no_input_delay -loops -generated_clocks
===========================================================================
