Clock: clk
Sources: clk 
Generated: no
Virtual: yes
Propagated: no
Period: 24.000000

===========================================================================
report_clock_properties
============================================================================
Clock                   Period          Waveform
----------------------------------------------------
clk                  24.000000    0.000000 12.000000

===========================================================================
report_clock_latency
============================================================================
Clock clk
rise -> rise
    min     max
0.000000 0.000000 source latency
2.044414         network latency _45173_/CLK
        2.887384 network latency _46051_/CLK
---------------
2.044414 2.887384 latency
        0.842970 skew

fall -> fall
    min     max
0.000000 0.000000 source latency
1.778677         network latency _45173_/CLK
        2.511374 network latency _46051_/CLK
---------------
1.778677 2.511374 latency
        0.732697 skew



===========================================================================
report_clock_min_period
============================================================================
clk period_min = 21.64 fmax = 46.21
