
===========================================================================
 report_power
============================================================================
======================= nom_ss_100C_1v60 Corner ===================================

Group                    Internal    Switching      Leakage        Total
                            Power        Power        Power        Power (Watts)
------------------------------------------------------------------------
Sequential           3.023263e-03 2.292443e-04 3.348539e-05 3.285993e-03  19.8%
Combinational        3.532945e-03 4.409988e-03 1.249473e-04 8.067881e-03  48.6%
Clock                3.461346e-03 1.759331e-03 1.254955e-05 5.233226e-03  31.6%
Macro                0.000000e+00 0.000000e+00 0.000000e+00 0.000000e+00   0.0%
Pad                  0.000000e+00 0.000000e+00 0.000000e+00 0.000000e+00   0.0%
------------------------------------------------------------------------
Total                1.001754e-02 6.398544e-03 1.709843e-04 1.658707e-02 100.0%
                            60.4%        38.6%         1.0%

