Clock: clk
Sources: clk 
Generated: no
Virtual: yes
Propagated: no
Period: 20.000000

===========================================================================
report_clock_properties
============================================================================
Clock                   Period          Waveform
----------------------------------------------------
clk                  20.000000    0.000000 10.000000

===========================================================================
report_clock_latency
============================================================================
Clock clk
rise -> rise
    min     max
0.000000 0.000000 source latency
1.770653         network latency _255942_/CLK
        1.988797 network latency _261836_/CLK
---------------
1.770653 1.988797 latency
        0.218144 skew

fall -> fall
    min     max
0.000000 0.000000 source latency
1.851428         network latency _255942_/CLK
        2.058328 network latency _261836_/CLK
---------------
1.851428 2.058328 latency
        0.206900 skew



===========================================================================
report_clock_min_period
============================================================================
clk period_min = 5.30 fmax = 188.74
