
===========================================================================
report_checks -unconstrained
===========================================================================
======================= nom_ff_n40C_1v95 Corner ===================================

Startpoint: _2660_ (rising edge-triggered flip-flop clocked by clk)
Endpoint: _2684_ (rising edge-triggered flip-flop clocked by clk)
Path Group: clk
Path Type: max

Fanout         Cap        Slew       Delay        Time   Description
---------------------------------------------------------------------------------------------
                                  0.000000    0.000000   clock clk (rise edge)
                                  0.000000    0.000000   clock source latency
     1    0.029150    0.102106    0.070929    0.070929 ^ clk (in)
                                                         clk (net)
                      0.102141    0.000000    0.070929 ^ clkbuf_0_clk/A (sky130_fd_sc_hd__clkbuf_16)
    16    0.109385    0.096372    0.151639    0.222568 ^ clkbuf_0_clk/X (sky130_fd_sc_hd__clkbuf_16)
                                                         clknet_0_clk (net)
                      0.097114    0.006770    0.229338 ^ clkbuf_4_1_0_clk/A (sky130_fd_sc_hd__clkbuf_8)
     6    0.017849    0.035880    0.103892    0.333230 ^ clkbuf_4_1_0_clk/X (sky130_fd_sc_hd__clkbuf_8)
                                                         clknet_4_1_0_clk (net)
                      0.035884    0.000391    0.333621 ^ _2660_/CLK (sky130_fd_sc_hd__dfxtp_2)
     6    0.030030    0.117553    0.259721    0.593342 ^ _2660_/Q (sky130_fd_sc_hd__dfxtp_2)
                                                         r2_mantissa[5] (net)
                      0.117555    0.000678    0.594021 ^ place251/A (sky130_fd_sc_hd__buf_1)
     8    0.046481    0.403219    0.315304    0.909325 ^ place251/X (sky130_fd_sc_hd__buf_1)
                                                         net251 (net)
                      0.403244    0.002630    0.911956 ^ place250/A (sky130_fd_sc_hd__buf_1)
     6    0.045016    0.389939    0.299142    1.211097 ^ place250/X (sky130_fd_sc_hd__buf_1)
                                                         net250 (net)
                      0.389941    0.000877    1.211974 ^ _1388_/B1 (sky130_fd_sc_hd__a21o_2)
     3    0.008821    0.044908    0.073561    1.285535 ^ _1388_/X (sky130_fd_sc_hd__a21o_2)
                                                         _0612_ (net)
                      0.044908    0.000197    1.285732 ^ _1390_/A (sky130_fd_sc_hd__and2_4)
     5    0.016230    0.046476    0.099467    1.385199 ^ _1390_/X (sky130_fd_sc_hd__and2_4)
                                                         _0614_ (net)
                      0.046479    0.000412    1.385612 ^ place208/A (sky130_fd_sc_hd__buf_1)
     8    0.031319    0.274587    0.221458    1.607070 ^ place208/X (sky130_fd_sc_hd__buf_1)
                                                         net208 (net)
                      0.274603    0.001789    1.608859 ^ _1677_/B1 (sky130_fd_sc_hd__a22o_2)
     1    0.009037    0.047524    0.113944    1.722803 ^ _1677_/X (sky130_fd_sc_hd__a22o_2)
                                                         _0901_ (net)
                      0.047524    0.000198    1.723001 ^ _1678_/B (sky130_fd_sc_hd__xor2_2)
     3    0.012534    0.144455    0.136696    1.859697 ^ _1678_/X (sky130_fd_sc_hd__xor2_2)
                                                         _0902_ (net)
                      0.144455    0.000167    1.859865 ^ _1680_/A2 (sky130_fd_sc_hd__a21oi_2)
     2    0.016902    0.064575    0.070470    1.930334 v _1680_/Y (sky130_fd_sc_hd__a21oi_2)
                                                         _0904_ (net)
                      0.064585    0.000627    1.930962 v _1682_/A (sky130_fd_sc_hd__xor2_2)
     2    0.011148    0.066852    0.133224    2.064186 v _1682_/X (sky130_fd_sc_hd__xor2_2)
                                                         _0906_ (net)
                      0.066852    0.000148    2.064334 v _1684_/A3 (sky130_fd_sc_hd__a31o_2)
     2    0.014909    0.048301    0.192029    2.256362 v _1684_/X (sky130_fd_sc_hd__a31o_2)
                                                         _0908_ (net)
                      0.048309    0.000580    2.256942 v _1686_/A (sky130_fd_sc_hd__xor2_2)
     2    0.013368    0.068729    0.131082    2.388025 v _1686_/X (sky130_fd_sc_hd__xor2_2)
                                                         _0910_ (net)
                      0.068730    0.000318    2.388343 v _1733_/B (sky130_fd_sc_hd__xnor2_2)
     1    0.006583    0.042301    0.099470    2.487813 v _1733_/Y (sky130_fd_sc_hd__xnor2_2)
                                                         _0957_ (net)
                      0.042303    0.000233    2.488046 v _1734_/B1 (sky130_fd_sc_hd__a31o_2)
     1    0.016363    0.050397    0.106742    2.594789 v _1734_/X (sky130_fd_sc_hd__a31o_2)
                                                         _0958_ (net)
                      0.050428    0.001105    2.595894 v _1737_/B (sky130_fd_sc_hd__or4_4)
     1    0.004069    0.057250    0.306127    2.902021 v _1737_/X (sky130_fd_sc_hd__or4_4)
                                                         _0961_ (net)
                      0.057251    0.000135    2.902155 v _1738_/C1 (sky130_fd_sc_hd__o211a_2)
     1    0.009326    0.041873    0.093268    2.995424 v _1738_/X (sky130_fd_sc_hd__o211a_2)
                                                         _0962_ (net)
                      0.041874    0.000284    2.995708 v _1744_/A1 (sky130_fd_sc_hd__o21ai_4)
     3    0.012734    0.108502    0.123454    3.119162 ^ _1744_/Y (sky130_fd_sc_hd__o21ai_4)
                                                         _0968_ (net)
                      0.108503    0.000389    3.119551 ^ _1799_/A3 (sky130_fd_sc_hd__a32o_2)
     2    0.015531    0.079625    0.143188    3.262739 ^ _1799_/X (sky130_fd_sc_hd__a32o_2)
                                                         _1022_ (net)
                      0.079627    0.000527    3.263265 ^ _1899_/A1 (sky130_fd_sc_hd__a21oi_2)
     4    0.020496    0.062638    0.063011    3.326276 v _1899_/Y (sky130_fd_sc_hd__a21oi_2)
                                                         _1121_ (net)
                      0.062663    0.001037    3.327313 v _2224_/A1 (sky130_fd_sc_hd__o31a_2)
     2    0.014104    0.057939    0.244190    3.571502 v _2224_/X (sky130_fd_sc_hd__o31a_2)
                                                         _0221_ (net)
                      0.057939    0.000738    3.572241 v _2256_/A2 (sky130_fd_sc_hd__a41o_2)
     4    0.014473    0.049095    0.186648    3.758888 v _2256_/X (sky130_fd_sc_hd__a41o_2)
                                                         _0252_ (net)
                      0.049104    0.000620    3.759508 v _2285_/A1 (sky130_fd_sc_hd__a21o_2)
     2    0.005869    0.030562    0.127781    3.887290 v _2285_/X (sky130_fd_sc_hd__a21o_2)
                                                         _0280_ (net)
                      0.030562    0.000166    3.887455 v _2305_/A2 (sky130_fd_sc_hd__a311o_2)
     1    0.006183    0.045981    0.227085    4.114541 v _2305_/X (sky130_fd_sc_hd__a311o_2)
                                                         _0299_ (net)
                      0.045981    0.000229    4.114770 v _2306_/B1 (sky130_fd_sc_hd__a21oi_2)
     1    0.006402    0.085265    0.063420    4.178190 ^ _2306_/Y (sky130_fd_sc_hd__a21oi_2)
                                                         _0300_ (net)
                      0.085265    0.000226    4.178416 ^ _2307_/A2 (sky130_fd_sc_hd__o21a_4)
     1    0.002348    0.024417    0.072247    4.250663 ^ _2307_/X (sky130_fd_sc_hd__o21a_4)
                                                         _0029_ (net)
                      0.024417    0.000069    4.250732 ^ _2684_/D (sky130_fd_sc_hd__dfxtp_2)
                                              4.250732   data arrival time

                                 20.000000   20.000000   clock clk (rise edge)
                                  0.000000   20.000000   clock source latency
     1    0.029150    0.102106    0.070928   20.070929 ^ clk (in)
                                                         clk (net)
                      0.102141    0.000000   20.070929 ^ clkbuf_0_clk/A (sky130_fd_sc_hd__clkbuf_16)
    16    0.109385    0.096372    0.151640   20.222569 ^ clkbuf_0_clk/X (sky130_fd_sc_hd__clkbuf_16)
                                                         clknet_0_clk (net)
                      0.096585    0.003714   20.226284 ^ clkbuf_4_9_0_clk/A (sky130_fd_sc_hd__clkbuf_8)
     6    0.025315    0.044127    0.111166   20.337450 ^ clkbuf_4_9_0_clk/X (sky130_fd_sc_hd__clkbuf_8)
                                                         clknet_4_9_0_clk (net)
                      0.044186    0.001396   20.338846 ^ _2684_/CLK (sky130_fd_sc_hd__dfxtp_2)
                                 -0.200000   20.138845   clock uncertainty
                                  0.000000   20.138845   clock reconvergence pessimism
                                 -0.030406   20.108440   library setup time
                                             20.108440   data required time
---------------------------------------------------------------------------------------------
                                             20.108440   data required time
                                             -4.250732   data arrival time
---------------------------------------------------------------------------------------------
                                             15.857709   slack (MET)




===========================================================================
report_checks --slack_max -0.01
============================================================================
======================= nom_ff_n40C_1v95 Corner ===================================

No paths found.


===========================================================================
 report_check_types -max_slew -max_cap -max_fanout -violators
============================================================================
======================= nom_ff_n40C_1v95 Corner ===================================

max fanout

Pin                                   Limit Fanout  Slack
---------------------------------------------------------
clkbuf_0_clk/X                            8     16     -8 (VIOLATED)



===========================================================================
report_parasitic_annotation -report_unannotated
============================================================================
Found 17 unannotated drivers.
 _2620__402/HI
 _2621_/SUM
 _2621__401/HI
 clkload0/X
 clkload1/X
 clkload10/X
 clkload11/X
 clkload12/X
 clkload13/X
 clkload2/X
 clkload3/X
 clkload4/X
 clkload5/X
 clkload6/X
 clkload7/X
 clkload8/X
 clkload9/X
Found 0 partially unannotated drivers.

===========================================================================
max slew violation count 0
max fanout violation count 1
max cap violation count 0
============================================================================

===========================================================================
check_setup -verbose -unconstrained_endpoints -multiple_clock -no_clock -no_input_delay -loops -generated_clocks
===========================================================================
