Clock: clk
Sources: clk 
Generated: no
Virtual: yes
Propagated: no
Period: 20.000000

===========================================================================
report_clock_properties
============================================================================
Clock                   Period          Waveform
----------------------------------------------------
clk                  20.000000    0.000000 10.000000

===========================================================================
report_clock_latency
============================================================================
Clock clk
rise -> rise
    min     max
0.000000 0.000000 source latency
0.331893         network latency _2659_/CLK
        0.347225 network latency _2638_/CLK
---------------
0.331893 0.347225 latency
        0.015331 skew

fall -> fall
    min     max
0.000000 0.000000 source latency
0.279454         network latency _2659_/CLK
        0.291068 network latency _2651_/CLK
---------------
0.279454 0.291068 latency
        0.011614 skew



===========================================================================
report_clock_min_period
============================================================================
clk period_min = 4.14 fmax = 241.41
