
===========================================================================
 report_power
============================================================================
======================= nom_ff_n40C_1v95 Corner ===================================

Group                    Internal    Switching      Leakage        Total
                            Power        Power        Power        Power (Watts)
------------------------------------------------------------------------
Sequential           2.123224e-04 2.715618e-05 1.623847e-09 2.394802e-04   8.9%
Combinational        1.093245e-03 1.133741e-03 1.842258e-08 2.227005e-03  82.9%
Clock                1.245688e-04 9.478189e-05 7.452254e-09 2.193581e-04   8.2%
Macro                0.000000e+00 0.000000e+00 0.000000e+00 0.000000e+00   0.0%
Pad                  0.000000e+00 0.000000e+00 0.000000e+00 0.000000e+00   0.0%
------------------------------------------------------------------------
Total                1.430136e-03 1.255679e-03 2.749862e-08 2.685842e-03 100.0%
                            53.2%        46.8%         0.0%

