
24. Executing PROC_DLATCH pass (convert process syncs to latches).
No latch inferred for signal `\systolic_array.\b_wire[0]' from process `\systolic_array.$proc$/Users/aoxo/vscode/superfloat.gpu/src/systolic_array.sv:138$92'.
No latch inferred for signal `\systolic_array.\a_wire[0]' from process `\systolic_array.$proc$/Users/aoxo/vscode/superfloat.gpu/src/systolic_array.sv:126$91'.
No latch inferred for signal `\systolic_array.\results[0]' from process `\systolic_array.$proc$/Users/aoxo/vscode/superfloat.gpu/src/systolic_array.sv:113$90'.
No latch inferred for signal `\systolic_array.\b_wire[1]' from process `\systolic_array.$proc$/Users/aoxo/vscode/superfloat.gpu/src/systolic_array.sv:138$89'.
No latch inferred for signal `\systolic_array.\a_wire[1]' from process `\systolic_array.$proc$/Users/aoxo/vscode/superfloat.gpu/src/systolic_array.sv:126$88'.
No latch inferred for signal `\systolic_array.\results[1]' from process `\systolic_array.$proc$/Users/aoxo/vscode/superfloat.gpu/src/systolic_array.sv:113$87'.
No latch inferred for signal `\systolic_array.\b_wire[2]' from process `\systolic_array.$proc$/Users/aoxo/vscode/superfloat.gpu/src/systolic_array.sv:138$86'.
No latch inferred for signal `\systolic_array.\a_wire[3]' from process `\systolic_array.$proc$/Users/aoxo/vscode/superfloat.gpu/src/systolic_array.sv:126$85'.
No latch inferred for signal `\systolic_array.\results[2]' from process `\systolic_array.$proc$/Users/aoxo/vscode/superfloat.gpu/src/systolic_array.sv:113$84'.
No latch inferred for signal `\systolic_array.\b_wire[3]' from process `\systolic_array.$proc$/Users/aoxo/vscode/superfloat.gpu/src/systolic_array.sv:138$83'.
No latch inferred for signal `\systolic_array.\a_wire[4]' from process `\systolic_array.$proc$/Users/aoxo/vscode/superfloat.gpu/src/systolic_array.sv:126$82'.
No latch inferred for signal `\systolic_array.\results[3]' from process `\systolic_array.$proc$/Users/aoxo/vscode/superfloat.gpu/src/systolic_array.sv:113$81'.
No latch inferred for signal `\systolic_array.\b_wire[4]' from process `\systolic_array.$proc$/Users/aoxo/vscode/superfloat.gpu/src/systolic_array.sv:78$80'.
No latch inferred for signal `\systolic_array.\b_wire[5]' from process `\systolic_array.$proc$/Users/aoxo/vscode/superfloat.gpu/src/systolic_array.sv:78$79'.
No latch inferred for signal `\systolic_array.\a_wire[2]' from process `\systolic_array.$proc$/Users/aoxo/vscode/superfloat.gpu/src/systolic_array.sv:75$78'.
No latch inferred for signal `\systolic_array.\a_wire[5]' from process `\systolic_array.$proc$/Users/aoxo/vscode/superfloat.gpu/src/systolic_array.sv:75$77'.
