147. Printing statistics.

=== systolic_array ===

        +----------Local Count, excluding submodules.
        |        +-Local Area, excluding submodules.
        |        | 
       96        - wires
      467        - wire bits
       28        - public wires
      399        - public wire bits
       10        - ports
      135        - port bits
      137 1.45E+03 cells
       68        -   $_MUX_
        1        -   $_NOT_
       68 1.45E+03   sky130_fd_sc_hd__dfxtp_2
        4        - submodules
        4        -   systolic_pe

   Area for cell type $_ANDNOT_ is unknown!
   Area for cell type $_AND_ is unknown!
   Area for cell type $_MUX_ is unknown!
   Area for cell type $_NAND_ is unknown!
   Area for cell type $_NOR_ is unknown!
   Area for cell type $_NOT_ is unknown!
   Area for cell type $_ORNOT_ is unknown!
   Area for cell type $_OR_ is unknown!
   Area for cell type $_XNOR_ is unknown!
   Area for cell type $_XOR_ is unknown!

   Chip area for module '\systolic_array': 1446.387200
     of which used for sequential elements: 1446.387200 (100.00%)

=== systolic_pe ===

        +----------Local Count, excluding submodules.
        |        +-Local Area, excluding submodules.
        |        | 
     1814        - wires
     1962        - wire bits
       21        - public wires
      169        - public wire bits
       11        - ports
       86        - port bits
     1919 1.78E+03 cells
      616        -   $_ANDNOT_
       43        -   $_AND_
      208        -   $_MUX_
       57        -   $_NAND_
       61        -   $_NOR_
       82        -   $_NOT_
       58        -   $_ORNOT_
      227        -   $_OR_
      109        -   $_XNOR_
      374        -   $_XOR_
       82 1.74E+03   sky130_fd_sc_hd__dfxtp_2
        2   40.038   sky130_fd_sc_hd__fa_1

   Area for cell type $_ANDNOT_ is unknown!
   Area for cell type $_AND_ is unknown!
   Area for cell type $_MUX_ is unknown!
   Area for cell type $_NAND_ is unknown!
   Area for cell type $_NOR_ is unknown!
   Area for cell type $_NOT_ is unknown!
   Area for cell type $_ORNOT_ is unknown!
   Area for cell type $_OR_ is unknown!
   Area for cell type $_XNOR_ is unknown!
   Area for cell type $_XOR_ is unknown!

   Chip area for module '\systolic_pe': 1784.211200
     of which used for sequential elements: 1744.172800 (97.76%)

=== design hierarchy ===

        +----------Count including submodules.
        |        +-Area including submodules.
        |        | 
     7813 8.58E+03 systolic_array
     1919 1.78E+03 systolic_pe

        +----------Count including submodules.
        |        +-Area including submodules.
        |        | 
     7352        - wires
     8315        - wire bits
      112        - public wires
     1075        - public wire bits
       54        - ports
      479        - port bits
        -        - memories
        -        - memory bits
        -        - processes
     7813 8.58E+03 cells
     2464        -   $_ANDNOT_
      172        -   $_AND_
      900        -   $_MUX_
      228        -   $_NAND_
      244        -   $_NOR_
      329        -   $_NOT_
      232        -   $_ORNOT_
      908        -   $_OR_
      436        -   $_XNOR_
     1496        -   $_XOR_
      396 8.42E+03   sky130_fd_sc_hd__dfxtp_2
        8  160.154   sky130_fd_sc_hd__fa_1
        4 7.14E+03 submodules
        4 7.14E+03   systolic_pe

   Area for cell type $_ANDNOT_ is unknown!
   Area for cell type $_AND_ is unknown!
   Area for cell type $_MUX_ is unknown!
   Area for cell type $_NAND_ is unknown!
   Area for cell type $_NOR_ is unknown!
   Area for cell type $_NOT_ is unknown!
   Area for cell type $_ORNOT_ is unknown!
   Area for cell type $_OR_ is unknown!
   Area for cell type $_XNOR_ is unknown!
   Area for cell type $_XOR_ is unknown!

   Chip area for top module '\systolic_array': 8583.232000
     of which used for sequential elements: 8423.078400 (98.13%)

