141. Printing statistics.

=== systolic_array ===

        +----------Local Count, excluding submodules.
        |        +-Local Area, excluding submodules.
        |        | 
       28        - wires
      399        - wire bits
       28        - public wires
      399        - public wire bits
       10        - ports
      135        - port bits
       69        - cells
        1        -   $_NOT_
       68        -   $_SDFF_PP0_
        4        - submodules
        4        -   systolic_pe

   Area for cell type $_ANDNOT_ is unknown!
   Area for cell type $_AND_ is unknown!
   Area for cell type $_MUX_ is unknown!
   Area for cell type $_NAND_ is unknown!
   Area for cell type $_NOR_ is unknown!
   Area for cell type $_NOT_ is unknown!
   Area for cell type $_ORNOT_ is unknown!
   Area for cell type $_OR_ is unknown!
   Area for cell type $_SDFFE_PP0P_ is unknown!
   Area for cell type $_SDFF_PP0_ is unknown!
   Area for cell type $_XNOR_ is unknown!
   Area for cell type $_XOR_ is unknown!

   Chip area for module '\systolic_array': 0.000000
     of which used for sequential elements: 0.000000 (nan%)

=== systolic_pe ===

        +----------Local Count, excluding submodules.
        |        +-Local Area, excluding submodules.
        |        | 
     1650        - wires
     1798        - wire bits
       21        - public wires
      169        - public wire bits
       11        - ports
       86        - port bits
     1755   40.038 cells
      616        -   $_ANDNOT_
       43        -   $_AND_
       44        -   $_MUX_
       57        -   $_NAND_
       61        -   $_NOR_
       82        -   $_NOT_
       58        -   $_ORNOT_
      227        -   $_OR_
       82        -   $_SDFFE_PP0P_
      109        -   $_XNOR_
      374        -   $_XOR_
        2   40.038   sky130_fd_sc_hd__fa_1

   Area for cell type $_ANDNOT_ is unknown!
   Area for cell type $_AND_ is unknown!
   Area for cell type $_MUX_ is unknown!
   Area for cell type $_NAND_ is unknown!
   Area for cell type $_NOR_ is unknown!
   Area for cell type $_NOT_ is unknown!
   Area for cell type $_ORNOT_ is unknown!
   Area for cell type $_OR_ is unknown!
   Area for cell type $_SDFFE_PP0P_ is unknown!
   Area for cell type $_XNOR_ is unknown!
   Area for cell type $_XOR_ is unknown!

   Chip area for module '\systolic_pe': 40.038400
     of which used for sequential elements: 0.000000 (0.00%)

=== design hierarchy ===

        +----------Count including submodules.
        |        +-Area including submodules.
        |        | 
     7089  160.154 systolic_array
     1755   40.038 systolic_pe

        +----------Count including submodules.
        |        +-Area including submodules.
        |        | 
     6628        - wires
     7591        - wire bits
      112        - public wires
     1075        - public wire bits
       54        - ports
      479        - port bits
        -        - memories
        -        - memory bits
        -        - processes
     7089  160.154 cells
     2464        -   $_ANDNOT_
      172        -   $_AND_
      176        -   $_MUX_
      228        -   $_NAND_
      244        -   $_NOR_
      329        -   $_NOT_
      232        -   $_ORNOT_
      908        -   $_OR_
      328        -   $_SDFFE_PP0P_
       68        -   $_SDFF_PP0_
      436        -   $_XNOR_
     1496        -   $_XOR_
        8  160.154   sky130_fd_sc_hd__fa_1
        4  160.154 submodules
        4  160.154   systolic_pe

   Area for cell type $_ANDNOT_ is unknown!
   Area for cell type $_AND_ is unknown!
   Area for cell type $_MUX_ is unknown!
   Area for cell type $_NAND_ is unknown!
   Area for cell type $_NOR_ is unknown!
   Area for cell type $_NOT_ is unknown!
   Area for cell type $_ORNOT_ is unknown!
   Area for cell type $_OR_ is unknown!
   Area for cell type $_SDFFE_PP0P_ is unknown!
   Area for cell type $_SDFF_PP0_ is unknown!
   Area for cell type $_XNOR_ is unknown!
   Area for cell type $_XOR_ is unknown!

   Chip area for top module '\systolic_array': 160.153600
     of which used for sequential elements: 0.000000 (0.00%)

