155. Printing statistics.

=== systolic_array ===

        +----------Local Count, excluding submodules.
        |        +-Local Area, excluding submodules.
        |        | 
      342        - wires
      467        - wire bits
      206        - public wires
      331        - public wire bits
       10        - ports
      135        - port bits
      205 3.15E+03 cells
       68  765.734   sky130_fd_sc_hd__buf_6
       68 1.45E+03   sky130_fd_sc_hd__dfxtp_2
        1    3.754   sky130_fd_sc_hd__inv_2
       68  935.898   sky130_fd_sc_hd__nor2b_4
        4        - submodules
        4        -   systolic_pe

   Area for cell type \sky130_fd_sc_hd__buf_2 is unknown!

   Chip area for module '\systolic_array': 3151.772800
     of which used for sequential elements: 1446.387200 (45.89%)

=== systolic_pe ===

        +----------Local Count, excluding submodules.
        |        +-Local Area, excluding submodules.
        |        | 
     1402        - wires
     1477        - wire bits
       62        - public wires
      137        - public wire bits
       11        - ports
       86        - port bits
     1437 1.57E+04 cells
        5   50.048   sky130_fd_sc_hd__a211o_2
        1   17.517   sky130_fd_sc_hd__a211o_4
        4   50.048   sky130_fd_sc_hd__a211oi_2
       11  110.106   sky130_fd_sc_hd__a21bo_2
        7   78.826   sky130_fd_sc_hd__a21boi_2
       57  499.229   sky130_fd_sc_hd__a21o_2
       53  464.195   sky130_fd_sc_hd__a21oi_2
        1   16.266   sky130_fd_sc_hd__a21oi_4
        1   11.261   sky130_fd_sc_hd__a221o_2
      106 1.06E+03   sky130_fd_sc_hd__a22o_2
        1   17.517   sky130_fd_sc_hd__a22o_4
        2   25.024   sky130_fd_sc_hd__a22oi_2
        1   11.261   sky130_fd_sc_hd__a2bb2o_2
        3   33.782   sky130_fd_sc_hd__a311o_2
        1   20.019   sky130_fd_sc_hd__a311o_4
        1   15.014   sky130_fd_sc_hd__a311oi_2
        8   70.067   sky130_fd_sc_hd__a31o_2
        2   25.024   sky130_fd_sc_hd__a31oi_2
       24  270.259   sky130_fd_sc_hd__a32o_2
        1   16.266   sky130_fd_sc_hd__a32oi_2
       75   563.04   sky130_fd_sc_hd__and2_2
        5   43.792   sky130_fd_sc_hd__and2_4
       37  324.061   sky130_fd_sc_hd__and2b_2
       15  112.608   sky130_fd_sc_hd__and3_2
        3   33.782   sky130_fd_sc_hd__and3_4
        6   60.058   sky130_fd_sc_hd__and3b_2
        1   12.512   sky130_fd_sc_hd__and3b_4
        3   30.029   sky130_fd_sc_hd__and4_2
        2   22.522   sky130_fd_sc_hd__and4_4
        1   12.512   sky130_fd_sc_hd__and4bb_2
        3        -   sky130_fd_sc_hd__buf_2
       65  487.968   sky130_fd_sc_hd__buf_4
        1   11.261   sky130_fd_sc_hd__buf_6
        2    7.507   sky130_fd_sc_hd__conb_1
       82 1.74E+03   sky130_fd_sc_hd__dfxtp_2
        2   40.038   sky130_fd_sc_hd__fa_1
       38  142.637   sky130_fd_sc_hd__inv_2
        1    6.256   sky130_fd_sc_hd__inv_4
        2   22.522   sky130_fd_sc_hd__mux2_1
       83  519.248   sky130_fd_sc_hd__nand2_2
        4   35.034   sky130_fd_sc_hd__nand2b_2
        1   13.763   sky130_fd_sc_hd__nand2b_4
       15  150.144   sky130_fd_sc_hd__nand3_2
        8   90.086   sky130_fd_sc_hd__nand3b_2
        2   25.024   sky130_fd_sc_hd__nand4_2
       80   500.48   sky130_fd_sc_hd__nor2_2
        1   20.019   sky130_fd_sc_hd__nor2_8
        1    8.758   sky130_fd_sc_hd__nor2b_2
        2   27.526   sky130_fd_sc_hd__nor2b_4
        4   40.038   sky130_fd_sc_hd__nor3_2
        1   15.014   sky130_fd_sc_hd__o2111ai_2
       51   510.49   sky130_fd_sc_hd__o211a_2
        1   17.517   sky130_fd_sc_hd__o211a_4
        2   25.024   sky130_fd_sc_hd__o211ai_2
       17  148.893   sky130_fd_sc_hd__o21a_2
       27  236.477   sky130_fd_sc_hd__o21ai_2
        3   30.029   sky130_fd_sc_hd__o21ba_2
        4   45.043   sky130_fd_sc_hd__o21bai_2
        8   80.077   sky130_fd_sc_hd__o22a_2
        1   17.517   sky130_fd_sc_hd__o22a_4
        5   56.304   sky130_fd_sc_hd__o2bb2a_2
        1   11.261   sky130_fd_sc_hd__o311a_2
        1   16.266   sky130_fd_sc_hd__o311ai_2
        7   70.067   sky130_fd_sc_hd__o31a_2
        1   12.512   sky130_fd_sc_hd__o31ai_2
        2   22.522   sky130_fd_sc_hd__o32a_2
        2   25.024   sky130_fd_sc_hd__o41a_2
       80   500.48   sky130_fd_sc_hd__or2_2
        7   61.309   sky130_fd_sc_hd__or2_4
       14  122.618   sky130_fd_sc_hd__or2b_2
       10   75.072   sky130_fd_sc_hd__or3_2
        5   56.304   sky130_fd_sc_hd__or3_4
        5   43.792   sky130_fd_sc_hd__or3b_2
        6   67.565   sky130_fd_sc_hd__or3b_4
        9   78.826   sky130_fd_sc_hd__or4_2
        1   11.261   sky130_fd_sc_hd__or4_4
        1    10.01   sky130_fd_sc_hd__or4b_2
        3    41.29   sky130_fd_sc_hd__or4b_4
      178  2.9E+03   sky130_fd_sc_hd__xnor2_2
      149 2.42E+03   sky130_fd_sc_hd__xor2_2

   Area for cell type \sky130_fd_sc_hd__buf_2 is unknown!

   Chip area for module '\systolic_pe': 15697.555200
     of which used for sequential elements: 1744.172800 (11.11%)

=== design hierarchy ===

        +----------Count including submodules.
        |        +-Area including submodules.
        |        | 
     5953 6.59E+04 systolic_array
     1437 1.57E+04 systolic_pe

        +----------Count including submodules.
        |        +-Area including submodules.
        |        | 
     5950        - wires
     6375        - wire bits
      454        - public wires
      879        - public wire bits
       54        - ports
      479        - port bits
        -        - memories
        -        - memory bits
        -        - processes
     5953 6.59E+04 cells
       20  200.192   sky130_fd_sc_hd__a211o_2
        4   70.067   sky130_fd_sc_hd__a211o_4
       16  200.192   sky130_fd_sc_hd__a211oi_2
       44  440.422   sky130_fd_sc_hd__a21bo_2
       28  315.302   sky130_fd_sc_hd__a21boi_2
      228    2E+03   sky130_fd_sc_hd__a21o_2
      212 1.86E+03   sky130_fd_sc_hd__a21oi_2
        4   65.062   sky130_fd_sc_hd__a21oi_4
        4   45.043   sky130_fd_sc_hd__a221o_2
      424  4244.07   sky130_fd_sc_hd__a22o_2
        4   70.067   sky130_fd_sc_hd__a22o_4
        8  100.096   sky130_fd_sc_hd__a22oi_2
        4   45.043   sky130_fd_sc_hd__a2bb2o_2
       12   135.13   sky130_fd_sc_hd__a311o_2
        4   80.077   sky130_fd_sc_hd__a311o_4
        4   60.058   sky130_fd_sc_hd__a311oi_2
       32  280.269   sky130_fd_sc_hd__a31o_2
        8  100.096   sky130_fd_sc_hd__a31oi_2
       96 1.08E+03   sky130_fd_sc_hd__a32o_2
        4   65.062   sky130_fd_sc_hd__a32oi_2
      300  2252.16   sky130_fd_sc_hd__and2_2
       20  175.168   sky130_fd_sc_hd__and2_4
      148  1.3E+03   sky130_fd_sc_hd__and2b_2
       60  450.432   sky130_fd_sc_hd__and3_2
       12   135.13   sky130_fd_sc_hd__and3_4
       24   240.23   sky130_fd_sc_hd__and3b_2
        4   50.048   sky130_fd_sc_hd__and3b_4
       12  120.115   sky130_fd_sc_hd__and4_2
        8   90.086   sky130_fd_sc_hd__and4_4
        4   50.048   sky130_fd_sc_hd__and4bb_2
       12        -   sky130_fd_sc_hd__buf_2
      260 1.95E+03   sky130_fd_sc_hd__buf_4
       72  810.778   sky130_fd_sc_hd__buf_6
        8   30.029   sky130_fd_sc_hd__conb_1
      396 8.42E+03   sky130_fd_sc_hd__dfxtp_2
        8  160.154   sky130_fd_sc_hd__fa_1
      153  574.301   sky130_fd_sc_hd__inv_2
        4   25.024   sky130_fd_sc_hd__inv_4
        8   90.086   sky130_fd_sc_hd__mux2_1
      332 2.08E+03   sky130_fd_sc_hd__nand2_2
       16  140.134   sky130_fd_sc_hd__nand2b_2
        4   55.053   sky130_fd_sc_hd__nand2b_4
       60  600.576   sky130_fd_sc_hd__nand3_2
       32  360.346   sky130_fd_sc_hd__nand3b_2
        8  100.096   sky130_fd_sc_hd__nand4_2
      320  2001.92   sky130_fd_sc_hd__nor2_2
        4   80.077   sky130_fd_sc_hd__nor2_8
        4   35.034   sky130_fd_sc_hd__nor2b_2
       76 1.05E+03   sky130_fd_sc_hd__nor2b_4
       16  160.154   sky130_fd_sc_hd__nor3_2
        4   60.058   sky130_fd_sc_hd__o2111ai_2
      204 2.04E+03   sky130_fd_sc_hd__o211a_2
        4   70.067   sky130_fd_sc_hd__o211a_4
        8  100.096   sky130_fd_sc_hd__o211ai_2
       68  595.571   sky130_fd_sc_hd__o21a_2
      108  945.907   sky130_fd_sc_hd__o21ai_2
       12  120.115   sky130_fd_sc_hd__o21ba_2
       16  180.173   sky130_fd_sc_hd__o21bai_2
       32  320.307   sky130_fd_sc_hd__o22a_2
        4   70.067   sky130_fd_sc_hd__o22a_4
       20  225.216   sky130_fd_sc_hd__o2bb2a_2
        4   45.043   sky130_fd_sc_hd__o311a_2
        4   65.062   sky130_fd_sc_hd__o311ai_2
       28  280.269   sky130_fd_sc_hd__o31a_2
        4   50.048   sky130_fd_sc_hd__o31ai_2
        8   90.086   sky130_fd_sc_hd__o32a_2
        8  100.096   sky130_fd_sc_hd__o41a_2
      320  2001.92   sky130_fd_sc_hd__or2_2
       28  245.235   sky130_fd_sc_hd__or2_4
       56   490.47   sky130_fd_sc_hd__or2b_2
       40  300.288   sky130_fd_sc_hd__or3_2
       20  225.216   sky130_fd_sc_hd__or3_4
       20  175.168   sky130_fd_sc_hd__or3b_2
       24  270.259   sky130_fd_sc_hd__or3b_4
       36  315.302   sky130_fd_sc_hd__or4_2
        4   45.043   sky130_fd_sc_hd__or4_4
        4   40.038   sky130_fd_sc_hd__or4b_2
       12  165.158   sky130_fd_sc_hd__or4b_4
      712 1.16E+04   sky130_fd_sc_hd__xnor2_2
      596 9.69E+03   sky130_fd_sc_hd__xor2_2
        4 6.28E+04 submodules
        4 6.28E+04   systolic_pe

   Area for cell type \sky130_fd_sc_hd__buf_2 is unknown!

   Chip area for top module '\systolic_array': 65941.993600
     of which used for sequential elements: 8423.078400 (12.77%)

