Clock: clk
Sources: clk 
Generated: no
Virtual: yes
Propagated: no
Period: 20.000000

===========================================================================
report_clock_properties
============================================================================
Clock                   Period          Waveform
----------------------------------------------------
clk                  20.000000    0.000000 10.000000

===========================================================================
report_clock_latency
============================================================================
Clock clk
rise -> rise
    min     max
0.000000 0.000000 source latency
1.965344         network latency _216203_/CLK
        2.199464 network latency _223610_/CLK
---------------
1.965344 2.199464 latency
        0.234120 skew

fall -> fall
    min     max
0.000000 0.000000 source latency
2.072576         network latency _216203_/CLK
        2.304362 network latency _223610_/CLK
---------------
2.072576 2.304362 latency
        0.231786 skew



===========================================================================
report_clock_min_period
============================================================================
clk period_min = 6.26 fmax = 159.86
