
===========================================================================
report_checks -unconstrained
===========================================================================
======================= min_tt_025C_1v80 Corner ===================================

Startpoint: _256151_ (rising edge-triggered flip-flop clocked by clk)
Endpoint: _262993_ (rising edge-triggered flip-flop clocked by clk)
Path Group: clk
Path Type: max

Fanout         Cap        Slew       Delay        Time   Description
---------------------------------------------------------------------------------------------
                                  0.000000    0.000000   clock clk (rise edge)
                                  0.000000    0.000000   clock source latency
     1    0.245001    0.000000    0.000000    0.000000 ^ clk (in)
                                                         clk (net)
                      0.248302    0.124151    0.124151 ^ clkbuf_0_clk/A (sky130_fd_sc_hd__clkbuf_16)
     2    0.014107    0.040262    0.185956    0.310107 ^ clkbuf_0_clk/X (sky130_fd_sc_hd__clkbuf_16)
                                                         clknet_0_clk (net)
                      0.040262    0.000245    0.310352 ^ clkbuf_1_0_0_clk/A (sky130_fd_sc_hd__clkbuf_8)
     1    0.024787    0.058239    0.135603    0.445955 ^ clkbuf_1_0_0_clk/X (sky130_fd_sc_hd__clkbuf_8)
                                                         clknet_1_0_0_clk (net)
                      0.058444    0.002295    0.448250 ^ clkbuf_1_0_1_clk/A (sky130_fd_sc_hd__clkbuf_8)
     1    0.024772    0.058207    0.142265    0.590515 ^ clkbuf_1_0_1_clk/X (sky130_fd_sc_hd__clkbuf_8)
                                                         clknet_1_0_1_clk (net)
                      0.058410    0.002287    0.592801 ^ clkbuf_1_0_2_clk/A (sky130_fd_sc_hd__clkbuf_8)
     1    0.025028    0.058600    0.142573    0.735375 ^ clkbuf_1_0_2_clk/X (sky130_fd_sc_hd__clkbuf_8)
                                                         clknet_1_0_2_clk (net)
                      0.058802    0.002283    0.737658 ^ clkbuf_1_0_3_clk/A (sky130_fd_sc_hd__clkbuf_8)
     1    0.025850    0.059875    0.143679    0.881337 ^ clkbuf_1_0_3_clk/X (sky130_fd_sc_hd__clkbuf_8)
                                                         clknet_1_0_3_clk (net)
                      0.060079    0.002338    0.883675 ^ clkbuf_1_0_4_clk/A (sky130_fd_sc_hd__clkbuf_8)
     2    0.018719    0.049291    0.135402    1.019077 ^ clkbuf_1_0_4_clk/X (sky130_fd_sc_hd__clkbuf_8)
                                                         clknet_1_0_4_clk (net)
                      0.049297    0.000565    1.019642 ^ clkbuf_2_0_0_clk/A (sky130_fd_sc_hd__clkbuf_8)
     1    0.024645    0.057932    0.139149    1.158791 ^ clkbuf_2_0_0_clk/X (sky130_fd_sc_hd__clkbuf_8)
                                                         clknet_2_0_0_clk (net)
                      0.057981    0.001474    1.160265 ^ clkbuf_2_0_1_clk/A (sky130_fd_sc_hd__clkbuf_8)
     1    0.025996    0.059991    0.143894    1.304159 ^ clkbuf_2_0_1_clk/X (sky130_fd_sc_hd__clkbuf_8)
                                                         clknet_2_0_1_clk (net)
                      0.060052    0.001663    1.305822 ^ clkbuf_2_0_2_clk/A (sky130_fd_sc_hd__clkbuf_8)
     2    0.028810    0.064336    0.148212    1.454034 ^ clkbuf_2_0_2_clk/X (sky130_fd_sc_hd__clkbuf_8)
                                                         clknet_2_0_2_clk (net)
                      0.064373    0.001409    1.455442 ^ clkbuf_3_0_0_clk/A (sky130_fd_sc_hd__clkbuf_8)
     1    0.026841    0.061360    0.147699    1.603141 ^ clkbuf_3_0_0_clk/X (sky130_fd_sc_hd__clkbuf_8)
                                                         clknet_3_0_0_clk (net)
                      0.061366    0.000646    1.603787 ^ clkbuf_3_0_1_clk/A (sky130_fd_sc_hd__clkbuf_8)
     2    0.037931    0.078816    0.158961    1.762748 ^ clkbuf_3_0_1_clk/X (sky130_fd_sc_hd__clkbuf_8)
                                                         clknet_3_0_1_clk (net)
                      0.079040    0.002902    1.765650 ^ clkbuf_4_0_0_clk/A (sky130_fd_sc_hd__clkbuf_8)
     2    0.038523    0.079500    0.167245    1.932895 ^ clkbuf_4_0_0_clk/X (sky130_fd_sc_hd__clkbuf_8)
                                                         clknet_4_0_0_clk (net)
                      0.079515    0.001135    1.934030 ^ clkbuf_5_1_0_clk/A (sky130_fd_sc_hd__clkbuf_8)
     8    0.135359    0.235905    0.277433    2.211463 ^ clkbuf_5_1_0_clk/X (sky130_fd_sc_hd__clkbuf_8)
                                                         clknet_5_1_0_clk (net)
                      0.236374    0.008626    2.220089 ^ clkbuf_8_8_0_clk/A (sky130_fd_sc_hd__clkbuf_8)
     4    0.047474    0.095044    0.229953    2.450042 ^ clkbuf_8_8_0_clk/X (sky130_fd_sc_hd__clkbuf_8)
                                                         clknet_8_8_0_clk (net)
                      0.095068    0.001469    2.451511 ^ clkbuf_10_34__f_clk/A (sky130_fd_sc_hd__clkbuf_16)
     5    0.048713    0.067656    0.166725    2.618236 ^ clkbuf_10_34__f_clk/X (sky130_fd_sc_hd__clkbuf_16)
                                                         clknet_10_34__leaf_clk (net)
                      0.067658    0.000458    2.618694 ^ clkbuf_leaf_74_clk/A (sky130_fd_sc_hd__clkbuf_16)
     4    0.015433    0.037970    0.129371    2.748065 ^ clkbuf_leaf_74_clk/X (sky130_fd_sc_hd__clkbuf_16)
                                                         clknet_leaf_74_clk (net)
                      0.037970    0.000103    2.748168 ^ _256151_/CLK (sky130_fd_sc_hd__dfxtp_1)
     5    0.016364    0.083211    0.339801    3.087969 v _256151_/Q (sky130_fd_sc_hd__dfxtp_1)
                                                         core_instance.systolic_arrays[0].systolic_array_inst.g_row[2].g_col[3].g_fp.pe.ad_lo[4] (net)
                      0.083211    0.000078    3.088047 v _172109_/A2 (sky130_fd_sc_hd__o211ai_1)
     1    0.010166    0.272762    0.269046    3.357093 ^ _172109_/Y (sky130_fd_sc_hd__o211ai_1)
                                                         _108523_ (net)
                      0.272762    0.000340    3.357433 ^ _172110_/B (sky130_fd_sc_hd__nand2_2)
     2    0.009375    0.073741    0.108862    3.466295 v _172110_/Y (sky130_fd_sc_hd__nand2_2)
                                                         _108524_ (net)
                      0.073741    0.000185    3.466479 v _172113_/C (sky130_fd_sc_hd__maj3_1)
     2    0.007359    0.089883    0.387110    3.853590 v _172113_/X (sky130_fd_sc_hd__maj3_1)
                                                         _108526_ (net)
                      0.089883    0.000041    3.853630 v _172117_/C (sky130_fd_sc_hd__maj3_2)
     2    0.010774    0.076886    0.347768    4.201399 v _172117_/X (sky130_fd_sc_hd__maj3_2)
                                                         _108529_ (net)
                      0.076886    0.000259    4.201658 v _172122_/C (sky130_fd_sc_hd__maj3_1)
     2    0.008007    0.093267    0.392559    4.594217 v _172122_/X (sky130_fd_sc_hd__maj3_1)
                                                         _108533_ (net)
                      0.093267    0.000054    4.594271 v _172129_/C (sky130_fd_sc_hd__maj3_1)
     2    0.007914    0.092854    0.396729    4.991000 v _172129_/X (sky130_fd_sc_hd__maj3_1)
                                                         _108539_ (net)
                      0.092854    0.000126    4.991126 v _172134_/C (sky130_fd_sc_hd__maj3_1)
     2    0.007746    0.092006    0.395456    5.386581 v _172134_/X (sky130_fd_sc_hd__maj3_1)
                                                         _108543_ (net)
                      0.092006    0.000098    5.386679 v _172140_/C (sky130_fd_sc_hd__maj3_1)
     2    0.007581    0.091342    0.394057    5.780736 v _172140_/X (sky130_fd_sc_hd__maj3_1)
                                                         _108548_ (net)
                      0.091342    0.000113    5.780849 v _172147_/C (sky130_fd_sc_hd__maj3_1)
     2    0.006656    0.085721    0.387448    6.168298 v _172147_/X (sky130_fd_sc_hd__maj3_1)
                                                         _108554_ (net)
                      0.085721    0.000051    6.168348 v _172153_/C (sky130_fd_sc_hd__maj3_1)
     2    0.008555    0.095600    0.398968    6.567316 v _172153_/X (sky130_fd_sc_hd__maj3_1)
                                                         _108559_ (net)
                      0.095600    0.000121    6.567437 v _172161_/C (sky130_fd_sc_hd__maj3_2)
     2    0.009010    0.070500    0.342278    6.909714 v _172161_/X (sky130_fd_sc_hd__maj3_2)
                                                         _108566_ (net)
                      0.070500    0.000150    6.909864 v _172167_/C (sky130_fd_sc_hd__maj3_2)
     2    0.008221    0.068248    0.330708    7.240572 v _172167_/X (sky130_fd_sc_hd__maj3_2)
                                                         _108571_ (net)
                      0.068248    0.000076    7.240649 v _172172_/C (sky130_fd_sc_hd__maj3_2)
     2    0.012157    0.080142    0.346307    7.586955 v _172172_/X (sky130_fd_sc_hd__maj3_2)
                                                         _108575_ (net)
                      0.080144    0.000492    7.587447 v _172182_/C (sky130_fd_sc_hd__maj3_1)
     2    0.008478    0.095137    0.396762    7.984209 v _172182_/X (sky130_fd_sc_hd__maj3_1)
                                                         _108584_ (net)
                      0.095137    0.000109    7.984318 v _172188_/C (sky130_fd_sc_hd__maj3_1)
     2    0.008580    0.095623    0.401895    8.386213 v _172188_/X (sky130_fd_sc_hd__maj3_1)
                                                         _108589_ (net)
                      0.095623    0.000202    8.386415 v _172191_/C (sky130_fd_sc_hd__maj3_1)
     2    0.007551    0.093092    0.394960    8.781375 v _172191_/X (sky130_fd_sc_hd__maj3_1)
                                                         _108591_ (net)
                      0.093092    0.000032    8.781407 v _172200_/C (sky130_fd_sc_hd__maj3_1)
     2    0.007376    0.090023    0.392977    9.174384 v _172200_/X (sky130_fd_sc_hd__maj3_1)
                                                         _108599_ (net)
                      0.090023    0.000053    9.174438 v _172205_/C (sky130_fd_sc_hd__maj3_2)
     2    0.007532    0.065953    0.334251    9.508688 v _172205_/X (sky130_fd_sc_hd__maj3_2)
                                                         _108603_ (net)
                      0.065953    0.000041    9.508729 v _172215_/C (sky130_fd_sc_hd__maj3_2)
     2    0.010871    0.077235    0.340224    9.848953 v _172215_/X (sky130_fd_sc_hd__maj3_2)
                                                         _108612_ (net)
                      0.077235    0.000287    9.849240 v _172218_/C (sky130_fd_sc_hd__maj3_2)
     2    0.009122    0.071139    0.336732   10.185972 v _172218_/X (sky130_fd_sc_hd__maj3_2)
                                                         _108614_ (net)
                      0.071139    0.000063   10.186035 v _172225_/B (sky130_fd_sc_hd__nand2_1)
     2    0.011610    0.117864    0.127271   10.313306 ^ _172225_/Y (sky130_fd_sc_hd__nand2_1)
                                                         _108620_ (net)
                      0.117865    0.000328   10.313634 ^ _172226_/A2 (sky130_fd_sc_hd__a21oi_1)
     1    0.008465    0.116130    0.111343   10.424976 v _172226_/Y (sky130_fd_sc_hd__a21oi_1)
                                                         _108621_ (net)
                      0.116130    0.000227   10.425204 v _172230_/C (sky130_fd_sc_hd__nor3_2)
     1    0.007063    0.174140    0.165502   10.590707 ^ _172230_/Y (sky130_fd_sc_hd__nor3_2)
                                                         _108625_ (net)
                      0.174140    0.000132   10.590838 ^ _172231_/B (sky130_fd_sc_hd__xor2_1)
     1    0.003350    0.121235    0.165698   10.756536 ^ _172231_/X (sky130_fd_sc_hd__xor2_1)
                                                         core_instance.systolic_arrays[0].systolic_array_inst.g_row[2].g_col[3].g_fp.pe.add_mag[24] (net)
                      0.121235    0.000044   10.756580 ^ _262993_/D (sky130_fd_sc_hd__dfxtp_1)
                                             10.756580   data arrival time

                                 20.000000   20.000000   clock clk (rise edge)
                                  0.000000   20.000000   clock source latency
     1    0.245001    0.000000    0.000000   20.000000 ^ clk (in)
                                                         clk (net)
                      0.248302    0.124151   20.124151 ^ clkbuf_0_clk/A (sky130_fd_sc_hd__clkbuf_16)
     2    0.014107    0.040262    0.185956   20.310108 ^ clkbuf_0_clk/X (sky130_fd_sc_hd__clkbuf_16)
                                                         clknet_0_clk (net)
                      0.040262    0.000245   20.310352 ^ clkbuf_1_0_0_clk/A (sky130_fd_sc_hd__clkbuf_8)
     1    0.024787    0.058239    0.135602   20.445955 ^ clkbuf_1_0_0_clk/X (sky130_fd_sc_hd__clkbuf_8)
                                                         clknet_1_0_0_clk (net)
                      0.058444    0.002295   20.448250 ^ clkbuf_1_0_1_clk/A (sky130_fd_sc_hd__clkbuf_8)
     1    0.024772    0.058207    0.142265   20.590515 ^ clkbuf_1_0_1_clk/X (sky130_fd_sc_hd__clkbuf_8)
                                                         clknet_1_0_1_clk (net)
                      0.058410    0.002288   20.592802 ^ clkbuf_1_0_2_clk/A (sky130_fd_sc_hd__clkbuf_8)
     1    0.025028    0.058600    0.142572   20.735374 ^ clkbuf_1_0_2_clk/X (sky130_fd_sc_hd__clkbuf_8)
                                                         clknet_1_0_2_clk (net)
                      0.058802    0.002284   20.737659 ^ clkbuf_1_0_3_clk/A (sky130_fd_sc_hd__clkbuf_8)
     1    0.025850    0.059875    0.143677   20.881336 ^ clkbuf_1_0_3_clk/X (sky130_fd_sc_hd__clkbuf_8)
                                                         clknet_1_0_3_clk (net)
                      0.060079    0.002339   20.883677 ^ clkbuf_1_0_4_clk/A (sky130_fd_sc_hd__clkbuf_8)
     2    0.018719    0.049291    0.135401   21.019077 ^ clkbuf_1_0_4_clk/X (sky130_fd_sc_hd__clkbuf_8)
                                                         clknet_1_0_4_clk (net)
                      0.049297    0.000567   21.019644 ^ clkbuf_2_0_0_clk/A (sky130_fd_sc_hd__clkbuf_8)
     1    0.024645    0.057932    0.139147   21.158791 ^ clkbuf_2_0_0_clk/X (sky130_fd_sc_hd__clkbuf_8)
                                                         clknet_2_0_0_clk (net)
                      0.057981    0.001474   21.160265 ^ clkbuf_2_0_1_clk/A (sky130_fd_sc_hd__clkbuf_8)
     1    0.025996    0.059991    0.143894   21.304159 ^ clkbuf_2_0_1_clk/X (sky130_fd_sc_hd__clkbuf_8)
                                                         clknet_2_0_1_clk (net)
                      0.060052    0.001663   21.305822 ^ clkbuf_2_0_2_clk/A (sky130_fd_sc_hd__clkbuf_8)
     2    0.028810    0.064336    0.148212   21.454033 ^ clkbuf_2_0_2_clk/X (sky130_fd_sc_hd__clkbuf_8)
                                                         clknet_2_0_2_clk (net)
                      0.064373    0.001409   21.455442 ^ clkbuf_3_0_0_clk/A (sky130_fd_sc_hd__clkbuf_8)
     1    0.026841    0.061360    0.147699   21.603142 ^ clkbuf_3_0_0_clk/X (sky130_fd_sc_hd__clkbuf_8)
                                                         clknet_3_0_0_clk (net)
                      0.061366    0.000647   21.603788 ^ clkbuf_3_0_1_clk/A (sky130_fd_sc_hd__clkbuf_8)
     2    0.037931    0.078816    0.158961   21.762749 ^ clkbuf_3_0_1_clk/X (sky130_fd_sc_hd__clkbuf_8)
                                                         clknet_3_0_1_clk (net)
                      0.079040    0.002903   21.765652 ^ clkbuf_4_0_0_clk/A (sky130_fd_sc_hd__clkbuf_8)
     2    0.038523    0.079500    0.167244   21.932896 ^ clkbuf_4_0_0_clk/X (sky130_fd_sc_hd__clkbuf_8)
                                                         clknet_4_0_0_clk (net)
                      0.079515    0.001135   21.934031 ^ clkbuf_5_1_0_clk/A (sky130_fd_sc_hd__clkbuf_8)
     8    0.135359    0.235905    0.277433   22.211464 ^ clkbuf_5_1_0_clk/X (sky130_fd_sc_hd__clkbuf_8)
                                                         clknet_5_1_0_clk (net)
                      0.236374    0.008626   22.220089 ^ clkbuf_8_8_0_clk/A (sky130_fd_sc_hd__clkbuf_8)
     4    0.047474    0.095044    0.229953   22.450043 ^ clkbuf_8_8_0_clk/X (sky130_fd_sc_hd__clkbuf_8)
                                                         clknet_8_8_0_clk (net)
                      0.095050    0.000874   22.450916 ^ clkbuf_10_33__f_clk/A (sky130_fd_sc_hd__clkbuf_16)
     5    0.051534    0.070195    0.168516   22.619432 ^ clkbuf_10_33__f_clk/X (sky130_fd_sc_hd__clkbuf_16)
                                                         clknet_10_33__leaf_clk (net)
                      0.070200    0.000693   22.620125 ^ clkbuf_leaf_24_clk/A (sky130_fd_sc_hd__clkbuf_16)
     4    0.012366    0.035368    0.127375   22.747501 ^ clkbuf_leaf_24_clk/X (sky130_fd_sc_hd__clkbuf_16)
                                                         clknet_leaf_24_clk (net)
                      0.035368    0.000153   22.747654 ^ _262993_/CLK (sky130_fd_sc_hd__dfxtp_1)
                                 -0.250000   22.497654   clock uncertainty
                                  0.000000   22.497654   clock reconvergence pessimism
                                 -0.073022   22.424631   library setup time
                                             22.424631   data required time
---------------------------------------------------------------------------------------------
                                             22.424631   data required time
                                            -10.756580   data arrival time
---------------------------------------------------------------------------------------------
                                             11.668052   slack (MET)




===========================================================================
report_checks --slack_max -0.01
============================================================================
======================= min_tt_025C_1v80 Corner ===================================

No paths found.


===========================================================================
 report_check_types -max_slew -max_cap -max_fanout -violators
============================================================================
======================= min_tt_025C_1v80 Corner ===================================



===========================================================================
report_parasitic_annotation -report_unannotated
============================================================================
Found 1267 unannotated drivers.
 clkload0/X
 clkload1/X
 clkload10/X
 clkload100/X
 clkload1000/Y
 clkload1001/Y
 clkload1002/Y
 clkload1003/Y
 clkload1004/Y
 clkload1005/Y
 clkload1006/X
 clkload1007/Y
 clkload1008/X
 clkload1009/X
 clkload101/X
 clkload1010/Y
 clkload1011/X
 clkload1012/Y
 clkload1013/Y
 clkload1014/Y
 clkload1015/Y
 clkload1016/X
 clkload1017/Y
 clkload1018/Y
 clkload1019/Y
 clkload102/X
 clkload1020/Y
 clkload1021/Y
 clkload1022/Y
 clkload1023/Y
 clkload1024/Y
 clkload1025/Y
 clkload1026/Y
 clkload1027/Y
 clkload1028/Y
 clkload1029/Y
 clkload103/Y
 clkload1030/Y
 clkload1031/Y
 clkload1032/Y
 clkload1033/Y
 clkload1034/Y
 clkload1035/Y
 clkload1036/Y
 clkload1037/Y
 clkload1038/Y
 clkload1039/Y
 clkload104/X
 clkload1040/Y
 clkload1041/Y
 clkload1042/X
 clkload1043/X
 clkload1044/Y
 clkload1045/X
 clkload1046/X
 clkload1047/X
 clkload1048/Y
 clkload1049/Y
 clkload105/X
 clkload1050/Y
 clkload1051/Y
 clkload1052/X
 clkload1053/Y
 clkload1054/Y
 clkload1055/Y
 clkload1056/Y
 clkload1057/Y
 clkload1058/Y
 clkload1059/Y
 clkload106/X
 clkload1060/X
 clkload1061/Y
 clkload1062/Y
 clkload1063/Y
 clkload1064/Y
 clkload1065/Y
 clkload1066/Y
 clkload1067/Y
 clkload1068/Y
 clkload1069/Y
 clkload107/X
 clkload1070/Y
 clkload1071/Y
 clkload1072/Y
 clkload1073/Y
 clkload1074/Y
 clkload1075/Y
 clkload1076/Y
 clkload1077/Y
 clkload1078/Y
 clkload1079/Y
 clkload108/Y
 clkload1080/Y
 clkload1081/Y
 clkload1082/Y
 clkload1083/Y
 clkload1084/Y
 clkload1085/Y
 clkload1086/Y
 clkload1087/Y
 clkload1088/Y
 clkload1089/Y
 clkload109/X
 clkload1090/Y
 clkload1091/Y
 clkload1092/Y
 clkload1093/Y
 clkload1094/Y
 clkload1095/Y
 clkload1096/X
 clkload1097/Y
 clkload1098/Y
 clkload1099/Y
 clkload11/X
 clkload110/Y
 clkload1100/Y
 clkload1101/Y
 clkload1102/Y
 clkload1103/Y
 clkload1104/Y
 clkload1105/Y
 clkload1106/Y
 clkload1107/Y
 clkload1108/Y
 clkload1109/Y
 clkload111/Y
 clkload1110/Y
 clkload1111/Y
 clkload1112/Y
 clkload1113/Y
 clkload1114/Y
 clkload1115/Y
 clkload1116/Y
 clkload1117/Y
 clkload1118/Y
 clkload1119/Y
 clkload112/Y
 clkload1120/Y
 clkload1121/Y
 clkload1122/X
 clkload1123/Y
 clkload1124/Y
 clkload1125/Y
 clkload1126/Y
 clkload1127/Y
 clkload1128/Y
 clkload1129/Y
 clkload113/X
 clkload1130/Y
 clkload1131/Y
 clkload1132/Y
 clkload1133/Y
 clkload1134/Y
 clkload1135/Y
 clkload1136/Y
 clkload1137/Y
 clkload1138/Y
 clkload1139/Y
 clkload114/X
 clkload1140/Y
 clkload1141/Y
 clkload1142/Y
 clkload1143/Y
 clkload1144/Y
 clkload1145/Y
 clkload1146/Y
 clkload1147/X
 clkload1148/Y
 clkload1149/Y
 clkload115/X
 clkload1150/Y
 clkload1151/Y
 clkload1152/Y
 clkload1153/Y
 clkload1154/Y
 clkload1155/Y
 clkload1156/Y
 clkload1157/Y
 clkload1158/Y
 clkload1159/Y
 clkload116/X
 clkload1160/Y
 clkload1161/Y
 clkload1162/Y
 clkload1163/Y
 clkload1164/Y
 clkload1165/Y
 clkload1166/Y
 clkload1167/Y
 clkload1168/Y
 clkload1169/Y
 clkload117/X
 clkload1170/Y
 clkload1171/Y
 clkload1172/Y
 clkload1173/Y
 clkload1174/Y
 clkload1175/Y
 clkload1176/Y
 clkload1177/Y
 clkload1178/Y
 clkload1179/Y
 clkload118/X
 clkload1180/Y
 clkload1181/Y
 clkload1182/Y
 clkload1183/Y
 clkload1184/Y
 clkload1185/Y
 clkload1186/Y
 clkload1187/Y
 clkload1188/Y
 clkload1189/Y
 clkload119/X
 clkload1190/Y
 clkload1191/X
 clkload1192/Y
 clkload1193/Y
 clkload1194/Y
 clkload1195/Y
 clkload1196/Y
 clkload1197/Y
 clkload1198/Y
 clkload1199/Y
 clkload12/X
 clkload120/X
 clkload1200/Y
 clkload1201/Y
 clkload1202/Y
 clkload1203/Y
 clkload1204/Y
 clkload1205/Y
 clkload1206/Y
 clkload1207/Y
 clkload1208/Y
 clkload1209/Y
 clkload121/Y
 clkload1210/Y
 clkload1211/Y
 clkload1212/Y
 clkload1213/Y
 clkload1214/Y
 clkload1215/X
 clkload1216/Y
 clkload1217/X
 clkload1218/X
 clkload1219/Y
 clkload122/Y
 clkload1220/X
 clkload1221/Y
 clkload1222/Y
 clkload1223/Y
 clkload1224/Y
 clkload1225/Y
 clkload1226/Y
 clkload1227/Y
 clkload1228/Y
 clkload1229/Y
 clkload123/X
 clkload1230/Y
 clkload1231/Y
 clkload1232/Y
 clkload1233/Y
 clkload1234/Y
 clkload1235/Y
 clkload1236/Y
 clkload1237/Y
 clkload1238/Y
 clkload1239/Y
 clkload124/Y
 clkload1240/Y
 clkload1241/Y
 clkload1242/Y
 clkload1243/Y
 clkload1244/Y
 clkload1245/Y
 clkload1246/Y
 clkload1247/Y
 clkload1248/Y
 clkload1249/Y
 clkload125/X
 clkload1250/Y
 clkload1251/Y
 clkload1252/Y
 clkload1253/Y
 clkload1254/Y
 clkload1255/Y
 clkload1256/Y
 clkload1257/Y
 clkload1258/X
 clkload1259/Y
 clkload126/X
 clkload1260/Y
 clkload127/X
 clkload128/Y
 clkload129/Y
 clkload13/Y
 clkload130/X
 clkload131/Y
 clkload132/X
 clkload133/Y
 clkload134/X
 clkload135/X
 clkload136/X
 clkload137/Y
 clkload138/X
 clkload139/Y
 clkload14/X
 clkload140/X
 clkload141/X
 clkload142/Y
 clkload143/X
 clkload144/X
 clkload145/X
 clkload146/X
 clkload147/X
 clkload148/X
 clkload149/Y
 clkload15/X
 clkload150/X
 clkload151/X
 clkload152/X
 clkload153/Y
 clkload154/Y
 clkload155/Y
 clkload156/Y
 clkload157/Y
 clkload158/X
 clkload159/X
 clkload16/X
 clkload160/X
 clkload161/X
 clkload162/X
 clkload163/X
 clkload164/X
 clkload165/X
 clkload166/X
 clkload167/Y
 clkload168/X
 clkload169/X
 clkload17/X
 clkload170/X
 clkload171/X
 clkload172/Y
 clkload173/X
 clkload174/X
 clkload175/X
 clkload176/Y
 clkload177/X
 clkload178/Y
 clkload179/X
 clkload18/X
 clkload180/X
 clkload181/X
 clkload182/X
 clkload183/X
 clkload184/X
 clkload185/Y
 clkload186/X
 clkload187/X
 clkload188/X
 clkload189/X
 clkload19/X
 clkload190/X
 clkload191/X
 clkload192/X
 clkload193/X
 clkload194/Y
 clkload195/Y
 clkload196/X
 clkload197/X
 clkload198/X
 clkload199/X
 clkload2/X
 clkload20/Y
 clkload200/Y
 clkload201/Y
 clkload202/Y
 clkload203/Y
 clkload204/Y
 clkload205/X
 clkload206/X
 clkload207/Y
 clkload208/X
 clkload209/Y
 clkload21/X
 clkload210/X
 clkload211/X
 clkload212/X
 clkload213/X
 clkload214/X
 clkload215/X
 clkload216/X
 clkload217/Y
 clkload218/X
 clkload219/X
 clkload22/X
 clkload220/Y
 clkload221/Y
 clkload222/X
 clkload223/X
 clkload224/X
 clkload225/X
 clkload226/Y
 clkload227/X
 clkload228/X
 clkload229/Y
 clkload23/X
 clkload230/X
 clkload231/X
 clkload232/X
 clkload233/X
 clkload234/Y
 clkload235/X
 clkload236/Y
 clkload237/X
 clkload238/X
 clkload239/X
 clkload24/X
 clkload240/X
 clkload241/X
 clkload242/X
 clkload243/X
 clkload244/X
 clkload245/X
 clkload246/X
 clkload247/X
 clkload248/X
 clkload249/X
 clkload25/X
 clkload250/X
 clkload251/Y
 clkload252/Y
 clkload253/X
 clkload254/X
 clkload255/X
 clkload256/X
 clkload257/X
 clkload258/X
 clkload259/Y
 clkload26/X
 clkload260/X
 clkload261/X
 clkload262/X
 clkload263/X
 clkload264/Y
 clkload265/X
 clkload266/X
 clkload267/X
 clkload268/X
 clkload269/X
 clkload27/X
 clkload270/X
 clkload271/X
 clkload272/X
 clkload273/X
 clkload274/Y
 clkload275/X
 clkload276/X
 clkload277/X
 clkload278/Y
 clkload279/X
 clkload28/X
 clkload280/X
 clkload281/X
 clkload282/X
 clkload283/X
 clkload284/X
 clkload285/X
 clkload286/X
 clkload287/X
 clkload288/Y
 clkload289/X
 clkload29/X
 clkload290/X
 clkload291/X
 clkload292/X
 clkload293/X
 clkload294/X
 clkload295/X
 clkload296/X
 clkload297/X
 clkload298/X
 clkload299/X
 clkload3/X
 clkload30/X
 clkload300/Y
 clkload301/X
 clkload302/X
 clkload303/X
 clkload304/X
 clkload305/X
 clkload306/X
 clkload307/Y
 clkload308/X
 clkload309/X
 clkload31/Y
 clkload310/X
 clkload311/Y
 clkload312/Y
 clkload313/X
 clkload314/X
 clkload315/X
 clkload316/X
 clkload317/Y
 clkload318/X
 clkload319/X
 clkload32/X
 clkload320/X
 clkload321/X
 clkload322/X
 clkload323/X
 clkload324/Y
 clkload325/X
 clkload326/X
 clkload327/X
 clkload328/X
 clkload329/X
 clkload33/X
 clkload330/X
 clkload331/X
 clkload332/X
 clkload333/X
 clkload334/Y
 clkload335/X
 clkload336/X
 clkload337/X
 clkload338/X
 clkload339/X
 clkload34/X
 clkload340/X
 clkload341/X
 clkload342/X
 clkload343/X
 clkload344/X
 clkload345/X
 clkload346/X
 clkload347/X
 clkload348/X
 clkload349/X
 clkload35/X
 clkload350/X
 clkload351/X
 clkload352/X
 clkload353/X
 clkload354/X
 clkload355/X
 clkload356/X
 clkload357/X
 clkload358/X
 clkload359/X
 clkload36/X
 clkload360/X
 clkload361/X
 clkload362/X
 clkload363/X
 clkload364/X
 clkload365/X
 clkload366/X
 clkload367/X
 clkload368/X
 clkload369/X
 clkload37/X
 clkload370/X
 clkload371/X
 clkload372/X
 clkload373/X
 clkload374/X
 clkload375/X
 clkload376/X
 clkload377/Y
 clkload378/X
 clkload379/X
 clkload38/X
 clkload380/X
 clkload381/X
 clkload382/X
 clkload383/X
 clkload384/X
 clkload385/X
 clkload386/X
 clkload387/X
 clkload388/X
 clkload389/X
 clkload39/X
 clkload390/X
 clkload391/X
 clkload392/X
 clkload393/X
 clkload394/X
 clkload395/X
 clkload396/X
 clkload397/X
 clkload398/X
 clkload399/X
 clkload4/X
 clkload40/X
 clkload400/Y
 clkload401/X
 clkload402/X
 clkload403/X
 clkload404/Y
 clkload405/X
 clkload406/X
 clkload407/X
 clkload408/X
 clkload409/X
 clkload41/X
 clkload410/Y
 clkload411/X
 clkload412/X
 clkload413/X
 clkload414/X
 clkload415/X
 clkload416/X
 clkload417/Y
 clkload418/X
 clkload419/X
 clkload42/X
 clkload420/X
 clkload421/X
 clkload422/Y
 clkload423/X
 clkload424/X
 clkload425/Y
 clkload426/X
 clkload427/X
 clkload428/X
 clkload429/X
 clkload43/X
 clkload430/X
 clkload431/X
 clkload432/X
 clkload433/X
 clkload434/X
 clkload435/X
 clkload436/X
 clkload437/X
 clkload438/X
 clkload439/X
 clkload44/X
 clkload440/X
 clkload441/X
 clkload442/X
 clkload443/X
 clkload444/X
 clkload445/Y
 clkload446/X
 clkload447/Y
 clkload448/X
 clkload449/X
 clkload45/X
 clkload450/X
 clkload451/Y
 clkload452/Y
 clkload453/X
 clkload454/X
 clkload455/X
 clkload456/X
 clkload457/X
 clkload458/X
 clkload459/X
 clkload46/Y
 clkload460/X
 clkload461/X
 clkload462/X
 clkload463/X
 clkload464/X
 clkload465/X
 clkload466/Y
 clkload467/X
 clkload468/X
 clkload469/X
 clkload47/X
 clkload470/X
 clkload471/X
 clkload472/X
 clkload473/X
 clkload474/X
 clkload475/X
 clkload476/Y
 clkload477/X
 clkload478/X
 clkload479/X
 clkload48/Y
 clkload480/Y
 clkload481/X
 clkload482/X
 clkload483/X
 clkload484/X
 clkload485/X
 clkload486/X
 clkload487/X
 clkload488/X
 clkload489/X
 clkload49/X
 clkload490/X
 clkload491/X
 clkload492/X
 clkload493/X
 clkload494/X
 clkload495/X
 clkload496/Y
 clkload497/X
 clkload498/X
 clkload499/Y
 clkload5/X
 clkload50/X
 clkload500/X
 clkload501/X
 clkload502/X
 clkload503/X
 clkload504/X
 clkload505/X
 clkload506/X
 clkload507/X
 clkload508/X
 clkload509/X
 clkload51/X
 clkload510/X
 clkload511/X
 clkload512/X
 clkload513/X
 clkload514/X
 clkload515/X
 clkload516/X
 clkload517/X
 clkload518/X
 clkload519/X
 clkload52/X
 clkload520/X
 clkload521/X
 clkload522/X
 clkload523/X
 clkload524/Y
 clkload525/X
 clkload526/X
 clkload527/X
 clkload528/X
 clkload529/X
 clkload53/X
 clkload530/X
 clkload531/X
 clkload532/Y
 clkload533/Y
 clkload534/X
 clkload535/Y
 clkload536/X
 clkload537/Y
 clkload538/X
 clkload539/Y
 clkload54/X
 clkload540/Y
 clkload541/X
 clkload542/Y
 clkload543/X
 clkload544/X
 clkload545/Y
 clkload546/Y
 clkload547/Y
 clkload548/Y
 clkload549/Y
 clkload55/X
 clkload550/Y
 clkload551/X
 clkload552/Y
 clkload553/Y
 clkload554/X
 clkload555/Y
 clkload556/X
 clkload557/Y
 clkload558/X
 clkload559/Y
 clkload56/X
 clkload560/Y
 clkload561/Y
 clkload562/X
 clkload563/Y
 clkload564/Y
 clkload565/X
 clkload566/X
 clkload567/X
 clkload568/Y
 clkload569/Y
 clkload57/X
 clkload570/X
 clkload571/X
 clkload572/X
 clkload573/X
 clkload574/X
 clkload575/Y
 clkload576/X
 clkload577/X
 clkload578/Y
 clkload579/Y
 clkload58/X
 clkload580/Y
 clkload581/Y
 clkload582/Y
 clkload583/Y
 clkload584/Y
 clkload585/X
 clkload586/X
 clkload587/Y
 clkload588/X
 clkload589/Y
 clkload59/X
 clkload590/X
 clkload591/Y
 clkload592/Y
 clkload593/Y
 clkload594/Y
 clkload595/Y
 clkload596/Y
 clkload597/X
 clkload598/X
 clkload599/X
 clkload6/Y
 clkload60/X
 clkload600/Y
 clkload601/Y
 clkload602/Y
 clkload603/Y
 clkload604/X
 clkload605/Y
 clkload606/X
 clkload607/X
 clkload608/Y
 clkload609/X
 clkload61/X
 clkload610/X
 clkload611/X
 clkload612/X
 clkload613/Y
 clkload614/X
 clkload615/Y
 clkload616/Y
 clkload617/Y
 clkload618/X
 clkload619/Y
 clkload62/Y
 clkload620/X
 clkload621/X
 clkload622/X
 clkload623/Y
 clkload624/X
 clkload625/Y
 clkload626/X
 clkload627/Y
 clkload628/X
 clkload629/X
 clkload63/X
 clkload630/X
 clkload631/X
 clkload632/Y
 clkload633/X
 clkload634/Y
 clkload635/Y
 clkload636/X
 clkload637/X
 clkload638/Y
 clkload639/Y
 clkload64/Y
 clkload640/Y
 clkload641/Y
 clkload642/Y
 clkload643/X
 clkload644/X
 clkload645/Y
 clkload646/X
 clkload647/X
 clkload648/X
 clkload649/Y
 clkload65/Y
 clkload650/Y
 clkload651/X
 clkload652/X
 clkload653/Y
 clkload654/Y
 clkload655/X
 clkload656/X
 clkload657/Y
 clkload658/X
 clkload659/X
 clkload66/X
 clkload660/X
 clkload661/Y
 clkload662/Y
 clkload663/Y
 clkload664/Y
 clkload665/Y
 clkload666/Y
 clkload667/Y
 clkload668/Y
 clkload669/X
 clkload67/X
 clkload670/X
 clkload671/Y
 clkload672/Y
 clkload673/Y
 clkload674/X
 clkload675/X
 clkload676/X
 clkload677/Y
 clkload678/X
 clkload679/X
 clkload68/X
 clkload680/X
 clkload681/X
 clkload682/X
 clkload683/Y
 clkload684/Y
 clkload685/X
 clkload686/Y
 clkload687/Y
 clkload688/X
 clkload689/Y
 clkload69/X
 clkload690/Y
 clkload691/Y
 clkload692/X
 clkload693/X
 clkload694/Y
 clkload695/X
 clkload696/X
 clkload697/X
 clkload698/Y
 clkload699/X
 clkload7/X
 clkload70/X
 clkload700/X
 clkload701/X
 clkload702/X
 clkload703/Y
 clkload704/X
 clkload705/Y
 clkload706/X
 clkload707/X
 clkload708/Y
 clkload709/X
 clkload71/X
 clkload710/Y
 clkload711/X
 clkload712/Y
 clkload713/Y
 clkload714/Y
 clkload715/X
 clkload716/X
 clkload717/X
 clkload718/Y
 clkload719/X
 clkload72/Y
 clkload720/X
 clkload721/X
 clkload722/X
 clkload723/Y
 clkload724/Y
 clkload725/Y
 clkload726/Y
 clkload727/Y
 clkload728/Y
 clkload729/Y
 clkload73/X
 clkload730/Y
 clkload731/Y
 clkload732/Y
 clkload733/Y
 clkload734/Y
 clkload735/Y
 clkload736/Y
 clkload737/X
 clkload738/X
 clkload739/X
 clkload74/X
 clkload740/Y
 clkload741/Y
 clkload742/X
 clkload743/Y
 clkload744/Y
 clkload745/Y
 clkload746/Y
 clkload747/Y
 clkload748/X
 clkload749/Y
 clkload75/X
 clkload750/Y
 clkload751/Y
 clkload752/Y
 clkload753/Y
 clkload754/Y
 clkload755/Y
 clkload756/Y
 clkload757/Y
 clkload758/Y
 clkload759/Y
 clkload76/X
 clkload760/Y
 clkload761/Y
 clkload762/Y
 clkload763/Y
 clkload764/X
 clkload765/Y
 clkload766/Y
 clkload767/Y
 clkload768/X
 clkload769/Y
 clkload77/X
 clkload770/Y
 clkload771/Y
 clkload772/Y
 clkload773/Y
 clkload774/Y
 clkload775/Y
 clkload776/Y
 clkload777/Y
 clkload778/Y
 clkload779/X
 clkload78/X
 clkload780/X
 clkload781/X
 clkload782/Y
 clkload783/X
 clkload784/Y
 clkload785/Y
 clkload786/Y
 clkload787/Y
 clkload788/Y
 clkload789/Y
 clkload79/X
 clkload790/Y
 clkload791/Y
 clkload792/Y
 clkload793/Y
 clkload794/Y
 clkload795/Y
 clkload796/Y
 clkload797/Y
 clkload798/Y
 clkload799/X
 clkload8/X
 clkload80/X
 clkload800/Y
 clkload801/Y
 clkload802/Y
 clkload803/Y
 clkload804/Y
 clkload805/Y
 clkload806/Y
 clkload807/Y
 clkload808/Y
 clkload809/Y
 clkload81/X
 clkload810/Y
 clkload811/Y
 clkload812/Y
 clkload813/Y
 clkload814/Y
 clkload815/Y
 clkload816/Y
 clkload817/Y
 clkload818/Y
 clkload819/Y
 clkload82/X
 clkload820/Y
 clkload821/Y
 clkload822/X
 clkload823/Y
 clkload824/Y
 clkload825/Y
 clkload826/Y
 clkload827/Y
 clkload828/Y
 clkload829/Y
 clkload83/X
 clkload830/Y
 clkload831/Y
 clkload832/Y
 clkload833/Y
 clkload834/Y
 clkload835/Y
 clkload836/Y
 clkload837/Y
 clkload838/Y
 clkload839/Y
 clkload84/X
 clkload840/Y
 clkload841/Y
 clkload842/Y
 clkload843/Y
 clkload844/Y
 clkload845/Y
 clkload846/Y
 clkload847/Y
 clkload848/Y
 clkload849/Y
 clkload85/X
 clkload850/Y
 clkload851/Y
 clkload852/Y
 clkload853/Y
 clkload854/Y
 clkload855/Y
 clkload856/Y
 clkload857/Y
 clkload858/Y
 clkload859/Y
 clkload86/X
 clkload860/Y
 clkload861/Y
 clkload862/Y
 clkload863/Y
 clkload864/Y
 clkload865/Y
 clkload866/Y
 clkload867/Y
 clkload868/Y
 clkload869/Y
 clkload87/X
 clkload870/Y
 clkload871/X
 clkload872/Y
 clkload873/Y
 clkload874/X
 clkload875/Y
 clkload876/Y
 clkload877/Y
 clkload878/Y
 clkload879/Y
 clkload88/X
 clkload880/Y
 clkload881/Y
 clkload882/Y
 clkload883/Y
 clkload884/Y
 clkload885/Y
 clkload886/Y
 clkload887/Y
 clkload888/Y
 clkload889/Y
 clkload89/X
 clkload890/Y
 clkload891/Y
 clkload892/Y
 clkload893/Y
 clkload894/Y
 clkload895/Y
 clkload896/Y
 clkload897/Y
 clkload898/Y
 clkload899/Y
 clkload9/Y
 clkload90/X
 clkload900/Y
 clkload901/Y
 clkload902/Y
 clkload903/Y
 clkload904/Y
 clkload905/Y
 clkload906/Y
 clkload907/Y
 clkload908/Y
 clkload909/Y
 clkload91/X
 clkload910/Y
 clkload911/Y
 clkload912/Y
 clkload913/Y
 clkload914/Y
 clkload915/Y
 clkload916/Y
 clkload917/Y
 clkload918/Y
 clkload919/Y
 clkload92/X
 clkload920/X
 clkload921/Y
 clkload922/Y
 clkload923/Y
 clkload924/Y
 clkload925/Y
 clkload926/Y
 clkload927/Y
 clkload928/Y
 clkload929/Y
 clkload93/X
 clkload930/Y
 clkload931/Y
 clkload932/Y
 clkload933/Y
 clkload934/Y
 clkload935/Y
 clkload936/Y
 clkload937/Y
 clkload938/Y
 clkload939/Y
 clkload94/Y
 clkload940/Y
 clkload941/Y
 clkload942/Y
 clkload943/Y
 clkload944/Y
 clkload945/Y
 clkload946/Y
 clkload947/Y
 clkload948/X
 clkload949/X
 clkload95/X
 clkload950/Y
 clkload951/Y
 clkload952/Y
 clkload953/Y
 clkload954/Y
 clkload955/Y
 clkload956/Y
 clkload957/Y
 clkload958/Y
 clkload959/Y
 clkload96/X
 clkload960/Y
 clkload961/Y
 clkload962/Y
 clkload963/Y
 clkload964/Y
 clkload965/Y
 clkload966/Y
 clkload967/Y
 clkload968/Y
 clkload969/Y
 clkload97/X
 clkload970/Y
 clkload971/Y
 clkload972/Y
 clkload973/Y
 clkload974/Y
 clkload975/Y
 clkload976/Y
 clkload977/Y
 clkload978/Y
 clkload979/Y
 clkload98/X
 clkload980/Y
 clkload981/Y
 clkload982/Y
 clkload983/Y
 clkload984/Y
 clkload985/Y
 clkload986/Y
 clkload987/Y
 clkload988/Y
 clkload989/Y
 clkload99/X
 clkload990/Y
 clkload991/Y
 clkload992/Y
 clkload993/Y
 clkload994/Y
 clkload995/Y
 clkload996/Y
 clkload997/Y
 clkload998/Y
 clkload999/Y
 core_tile/HI
 core_tile_72051/HI
 core_tile_72052/HI
 core_tile_72053/HI
 core_tile_72054/HI
 core_tile_72055/HI
Found 0 partially unannotated drivers.

===========================================================================
max slew violation count 0
max fanout violation count 0
max cap violation count 0
============================================================================

===========================================================================
check_setup -verbose -unconstrained_endpoints -multiple_clock -no_clock -no_input_delay -loops -generated_clocks
===========================================================================
