Clock: clk
Sources: clk 
Generated: no
Virtual: yes
Propagated: no
Period: 20.000000

===========================================================================
report_clock_properties
============================================================================
Clock                   Period          Waveform
----------------------------------------------------
clk                  20.000000    0.000000 10.000000

===========================================================================
report_clock_latency
============================================================================
Clock clk
rise -> rise
    min     max
0.000000 0.000000 source latency
2.553058         network latency _258549_/CLK
        2.866882 network latency _261836_/CLK
---------------
2.553058 2.866882 latency
        0.313824 skew

fall -> fall
    min     max
0.000000 0.000000 source latency
2.621367         network latency _255942_/CLK
        2.905708 network latency _261836_/CLK
---------------
2.621367 2.905708 latency
        0.284341 skew



===========================================================================
report_clock_min_period
============================================================================
clk period_min = 8.33 fmax = 120.02
