
===========================================================================
 report_power
============================================================================
======================= min_tt_025C_1v80 Corner ===================================

Group                    Internal    Switching      Leakage        Total
                            Power        Power        Power        Power (Watts)
------------------------------------------------------------------------
Sequential           3.674882e-02 2.258377e-04 1.464116e-07 3.697480e-02  31.6%
Combinational        2.024079e-03 3.109144e-03 5.444180e-07 5.133768e-03   4.4%
Clock                5.344160e-02 2.152433e-02 5.167577e-07 7.496645e-02  64.0%
Macro                0.000000e+00 0.000000e+00 0.000000e+00 0.000000e+00   0.0%
Pad                  0.000000e+00 0.000000e+00 0.000000e+00 0.000000e+00   0.0%
------------------------------------------------------------------------
Total                9.220937e-02 2.485875e-02 1.207188e-06 1.170693e-01 100.0%
                            78.8%        21.2%         0.0%

