Clock: clk
Sources: gpio_in[38] 
Generated: no
Virtual: yes
Propagated: no
Period: 20.000000

===========================================================================
report_clock_properties
============================================================================
Clock                   Period          Waveform
----------------------------------------------------
clk                  20.000000    0.000000 10.000000

===========================================================================
report_clock_latency
============================================================================
Clock clk
rise -> rise
    min     max
0.000000 0.000000 source latency
8.150414         network latency _4125_/CLK
        11.729045 network latency _4236_/CLK
---------------
8.150414 11.729045 latency
        3.578630 skew

fall -> fall
    min     max
0.000000 0.000000 source latency
3.534217         network latency chip.gpu_inst.tiles[0].tile/clk
        12.139409 network latency _4236_/CLK
---------------
3.534217 12.139409 latency
        8.605191 skew



===========================================================================
report_clock_min_period
============================================================================
clk period_min = 15.12 fmax = 66.16
