
===========================================================================
Violator List
============================================================================
[hold in-reg] enable -> _273_/D : -0.024700
[hold in-reg] compute_enable -> _274_/D : -0.024700
[hold in-reg] clear_acc -> _275_/D : -0.024700
[hold in-reg] load_weights -> _276_/D : -0.024700
[hold in-reg] a_inputs_flat[0] -> _277_/D : -0.024700
[hold in-reg] a_inputs_flat[1] -> _278_/D : -0.024700
[hold in-reg] a_inputs_flat[2] -> _279_/D : -0.024700
[hold in-reg] a_inputs_flat[3] -> _280_/D : -0.024700
[hold in-reg] a_inputs_flat[4] -> _281_/D : -0.024700
[hold in-reg] a_inputs_flat[5] -> _282_/D : -0.024700
[hold in-reg] a_inputs_flat[6] -> _283_/D : -0.024700
[hold in-reg] a_inputs_flat[7] -> _284_/D : -0.024700
[hold in-reg] a_inputs_flat[8] -> _285_/D : -0.024700
[hold in-reg] a_inputs_flat[9] -> _286_/D : -0.024700
[hold in-reg] a_inputs_flat[10] -> _287_/D : -0.024700
[hold in-reg] a_inputs_flat[11] -> _288_/D : -0.024700
[hold in-reg] a_inputs_flat[12] -> _289_/D : -0.024700
[hold in-reg] a_inputs_flat[13] -> _290_/D : -0.024700
[hold in-reg] a_inputs_flat[14] -> _291_/D : -0.024700
[hold in-reg] a_inputs_flat[15] -> _292_/D : -0.024700
[hold in-reg] a_inputs_flat[16] -> _293_/D : -0.024700
[hold in-reg] a_inputs_flat[17] -> _294_/D : -0.024700
[hold in-reg] a_inputs_flat[18] -> _295_/D : -0.024700
[hold in-reg] a_inputs_flat[19] -> _296_/D : -0.024700
[hold in-reg] a_inputs_flat[20] -> _297_/D : -0.024700
[hold in-reg] a_inputs_flat[21] -> _298_/D : -0.024700
[hold in-reg] a_inputs_flat[22] -> _299_/D : -0.024700
[hold in-reg] a_inputs_flat[23] -> _300_/D : -0.024700
[hold in-reg] a_inputs_flat[24] -> _301_/D : -0.024700
[hold in-reg] a_inputs_flat[25] -> _302_/D : -0.024700
[hold in-reg] a_inputs_flat[26] -> _303_/D : -0.024700
[hold in-reg] a_inputs_flat[27] -> _304_/D : -0.024700
[hold in-reg] a_inputs_flat[28] -> _305_/D : -0.024700
[hold in-reg] a_inputs_flat[29] -> _306_/D : -0.024700
[hold in-reg] a_inputs_flat[30] -> _307_/D : -0.024700
[hold in-reg] a_inputs_flat[31] -> _308_/D : -0.024700
[hold in-reg] b_inputs_flat[0] -> _309_/D : -0.024700
[hold in-reg] b_inputs_flat[1] -> _310_/D : -0.024700
[hold in-reg] b_inputs_flat[2] -> _311_/D : -0.024700
[hold in-reg] b_inputs_flat[3] -> _312_/D : -0.024700
[hold in-reg] b_inputs_flat[4] -> _313_/D : -0.024700
[hold in-reg] b_inputs_flat[5] -> _314_/D : -0.024700
[hold in-reg] b_inputs_flat[6] -> _315_/D : -0.024700
[hold in-reg] b_inputs_flat[7] -> _316_/D : -0.024700
[hold in-reg] b_inputs_flat[8] -> _317_/D : -0.024700
[hold in-reg] b_inputs_flat[9] -> _318_/D : -0.024700
[hold in-reg] b_inputs_flat[10] -> _319_/D : -0.024700
[hold in-reg] b_inputs_flat[11] -> _320_/D : -0.024700
[hold in-reg] b_inputs_flat[12] -> _321_/D : -0.024700
[hold in-reg] b_inputs_flat[13] -> _322_/D : -0.024700
[hold in-reg] b_inputs_flat[14] -> _323_/D : -0.024700
[hold in-reg] b_inputs_flat[15] -> _324_/D : -0.024700
[hold in-reg] b_inputs_flat[16] -> _325_/D : -0.024700
[hold in-reg] b_inputs_flat[17] -> _326_/D : -0.024700
[hold in-reg] b_inputs_flat[18] -> _327_/D : -0.024700
[hold in-reg] b_inputs_flat[19] -> _328_/D : -0.024700
[hold in-reg] b_inputs_flat[20] -> _329_/D : -0.024700
[hold in-reg] b_inputs_flat[21] -> _330_/D : -0.024700
[hold in-reg] b_inputs_flat[22] -> _331_/D : -0.024700
[hold in-reg] b_inputs_flat[23] -> _332_/D : -0.024700
[hold in-reg] b_inputs_flat[24] -> _333_/D : -0.024700
[hold in-reg] b_inputs_flat[25] -> _334_/D : -0.024700
[hold in-reg] b_inputs_flat[26] -> _335_/D : -0.024700
[hold in-reg] b_inputs_flat[27] -> _336_/D : -0.024700
[hold in-reg] b_inputs_flat[28] -> _337_/D : -0.024700
[hold in-reg] b_inputs_flat[29] -> _338_/D : -0.024700
[hold in-reg] b_inputs_flat[30] -> _339_/D : -0.024700
[hold in-reg] b_inputs_flat[31] -> _340_/D : -0.024700
