Clock: clk
Sources: clk 
Generated: no
Virtual: yes
Propagated: no
Period: 20.000000

===========================================================================
report_clock_properties
============================================================================
Clock                   Period          Waveform
----------------------------------------------------
clk                  20.000000    0.000000 10.000000

===========================================================================
report_clock_latency
============================================================================
Clock clk
rise -> rise
    min     max
0.000000 0.000000 source latency
2.693173         network latency _255942_/CLK
        3.032014 network latency _261836_/CLK
---------------
2.693173 3.032014 latency
        0.338841 skew

fall -> fall
    min     max
0.000000 0.000000 source latency
2.753910         network latency _255942_/CLK
        3.063382 network latency _261836_/CLK
---------------
2.753910 3.063382 latency
        0.309472 skew



===========================================================================
report_clock_min_period
============================================================================
clk period_min = 8.43 fmax = 118.68
