Clock: clk
Sources: clk 
Generated: no
Virtual: yes
Propagated: no
Period: 20.000000

===========================================================================
report_clock_properties
============================================================================
Clock                   Period          Waveform
----------------------------------------------------
clk                  20.000000    0.000000 10.000000

===========================================================================
report_clock_latency
============================================================================
Clock clk
rise -> rise
    min     max
0.000000 0.000000 source latency
1.096335         network latency g_row[1].g_col[0].pe/_2743_/CLK
        1.361993 network latency g_row[0].g_col[0].pe/_2733_/CLK
---------------
1.096335 1.361993 latency
        0.265658 skew

fall -> fall
    min     max
0.000000 0.000000 source latency
0.929023         network latency g_row[1].g_col[0].pe/_2743_/CLK
        1.208929 network latency g_row[0].g_col[0].pe/_2733_/CLK
---------------
0.929023 1.208929 latency
        0.279906 skew



===========================================================================
report_clock_min_period
============================================================================
clk period_min = 12.27 fmax = 81.51
