Reading timing models for corner max_ss_100C_1v60…
Reading timing library for the 'max_ss_100C_1v60' corner at '/home/research/.ciel/ciel/sky130/versions/1689ac3f2dc763876eaf967227c7dfe831b031ae/sky130A/libs.ref/sky130_fd_sc_hd/lib/sky130_fd_sc_hd__ss_100C_1v60.lib'…
Reading timing library for the 'max_ss_100C_1v60' corner at '/home/research/.ciel/ciel/sky130/versions/1689ac3f2dc763876eaf967227c7dfe831b031ae/sky130A/libs.ref/sky130_fd_io/lib/sky130_ef_io__vccd_lvc_clamped_pad_ss_100C_1v60_3v00_3v00.lib'…
[WARNING STA-1173] /home/research/.ciel/ciel/sky130/versions/1689ac3f2dc763876eaf967227c7dfe831b031ae/sky130A/libs.ref/sky130_fd_io/lib/sky130_ef_io__vccd_lvc_clamped_pad_ss_100C_1v60_3v00_3v00.lib line 42, default_fanout_load is 0.0.
Reading timing library for the 'max_ss_100C_1v60' corner at '/home/research/.ciel/ciel/sky130/versions/1689ac3f2dc763876eaf967227c7dfe831b031ae/sky130A/libs.ref/sky130_fd_io/lib/sky130_ef_io__vssd_lvc_clamped_pad_ss_100C_1v60_3v00.lib'…
[WARNING STA-1173] /home/research/.ciel/ciel/sky130/versions/1689ac3f2dc763876eaf967227c7dfe831b031ae/sky130A/libs.ref/sky130_fd_io/lib/sky130_ef_io__vssd_lvc_clamped_pad_ss_100C_1v60_3v00.lib line 43, default_fanout_load is 0.0.
Reading timing library for the 'max_ss_100C_1v60' corner at '/home/research/.ciel/ciel/sky130/versions/1689ac3f2dc763876eaf967227c7dfe831b031ae/sky130A/libs.ref/sky130_fd_io/lib/sky130_ef_io__vddio_hvc_clamped_pad_ss_100C_1v60_3v00_3v00.lib'…
[WARNING STA-1173] /home/research/.ciel/ciel/sky130/versions/1689ac3f2dc763876eaf967227c7dfe831b031ae/sky130A/libs.ref/sky130_fd_io/lib/sky130_ef_io__vddio_hvc_clamped_pad_ss_100C_1v60_3v00_3v00.lib line 42, default_fanout_load is 0.0.
Reading timing library for the 'max_ss_100C_1v60' corner at '/home/research/.ciel/ciel/sky130/versions/1689ac3f2dc763876eaf967227c7dfe831b031ae/sky130A/libs.ref/sky130_fd_io/lib/sky130_ef_io__vssio_hvc_clamped_pad_ss_100C_1v60_3v00_3v00.lib'…
[WARNING STA-1173] /home/research/.ciel/ciel/sky130/versions/1689ac3f2dc763876eaf967227c7dfe831b031ae/sky130A/libs.ref/sky130_fd_io/lib/sky130_ef_io__vssio_hvc_clamped_pad_ss_100C_1v60_3v00_3v00.lib line 42, default_fanout_load is 0.0.
Reading timing library for the 'max_ss_100C_1v60' corner at '/home/research/.ciel/ciel/sky130/versions/1689ac3f2dc763876eaf967227c7dfe831b031ae/sky130A/libs.ref/sky130_fd_io/lib/sky130_ef_io__gpiov2_pad_ss_ss_100C_1v60_3v00.lib'…
[WARNING STA-1173] /home/research/.ciel/ciel/sky130/versions/1689ac3f2dc763876eaf967227c7dfe831b031ae/sky130A/libs.ref/sky130_fd_io/lib/sky130_ef_io__gpiov2_pad_ss_ss_100C_1v60_3v00.lib line 33, default_fanout_load is 0.0.
Reading timing library for the 'max_ss_100C_1v60' corner at '/home/research/.ciel/ciel/sky130/versions/1689ac3f2dc763876eaf967227c7dfe831b031ae/sky130A/libs.ref/sky130_fd_io/lib/slices_stubs.lib'…
[WARNING STA-1173] /home/research/.ciel/ciel/sky130/versions/1689ac3f2dc763876eaf967227c7dfe831b031ae/sky130A/libs.ref/sky130_fd_io/lib/slices_stubs.lib line 33, default_fanout_load is 0.0.
Reading timing library for the 'max_ss_100C_1v60' corner at '/home/research/.ciel/ciel/sky130/versions/1689ac3f2dc763876eaf967227c7dfe831b031ae/sky130A/libs.ref/sky130_fd_io/lib/sky130_ef_io__analog_stubs.lib'…
[WARNING STA-1173] /home/research/.ciel/ciel/sky130/versions/1689ac3f2dc763876eaf967227c7dfe831b031ae/sky130A/libs.ref/sky130_fd_io/lib/sky130_ef_io__analog_stubs.lib line 43, default_fanout_load is 0.0.
Reading timing library for the 'max_ss_100C_1v60' corner at '/home/research/alosh/superfloat.gpu/librelane/core_tile/views/lib/max_ss_100C_1v60/core_tile__max_ss_100C_1v60.lib'…
Reading OpenROAD database at '/home/research/alosh/superfloat.gpu/librelane/openframe/runs/chip_20_eco2/06-odb-reportdisconnectedpins/openframe_project_wrapper.odb'…
[WARNING ORD-2056] The following 2 liberty cell(s) do not have LEF masters and will be marked as dont-use:
  sky130_ef_io__analog_minesd_pad
  sky130_ef_io__analog_minesd_pad_short
Reading design constraints file at '/home/research/alosh/superfloat.gpu/librelane/openframe/pnr.sdc'…
sky130_fd_sc_hd__decap* sky130_fd_sc_hd__fill*
[INFO DPL-0001] Placed 52011 filler instances.
Setting global connections for newly added cells…
[INFO] Setting global connections...
chip\.gpu_inst\.tiles.* matched with chip.gpu_inst.tiles\[0\].tile
chip\.gpu_inst\.tiles.* matched with chip.gpu_inst.tiles\[1\].tile
chip\.gpu_inst\.tiles.* matched with chip.gpu_inst.tiles\[2\].tile
chip\.gpu_inst\.tiles.* matched with chip.gpu_inst.tiles\[3\].tile
[INFO ODB-0403] 208044 connections made, 0 conflicts skipped.
Updating metrics…
Cell type report:                       Count       Area
  Macro                                     6 13506773.68
  Fill cell                             52011  536564.61
  Tap cell                              17634   22063.66
  Antenna cell                            226     565.54
  Buffer                                   32     292.78
  Clock buffer                            403    9158.78
  Timing Repair Buffer                   2573   21301.68
  Inverter                                138     520.50
  Clock inverter                           43     710.68
  Sequential cell                         901   24583.58
  Multi-Input combinational cell         2079   15439.81
  Total                                 76046 14137975.30
Writing OpenROAD database to '/home/research/alosh/superfloat.gpu/librelane/openframe/runs/chip_20_eco2/10-openroad-fillinsertion/openframe_project_wrapper.odb'…
Writing netlist to '/home/research/alosh/superfloat.gpu/librelane/openframe/runs/chip_20_eco2/10-openroad-fillinsertion/openframe_project_wrapper.nl.v'…
Writing powered netlist to '/home/research/alosh/superfloat.gpu/librelane/openframe/runs/chip_20_eco2/10-openroad-fillinsertion/openframe_project_wrapper.pnl.v'…
Writing layout to '/home/research/alosh/superfloat.gpu/librelane/openframe/runs/chip_20_eco2/10-openroad-fillinsertion/openframe_project_wrapper.def'…
Writing timing constraints to '/home/research/alosh/superfloat.gpu/librelane/openframe/runs/chip_20_eco2/10-openroad-fillinsertion/openframe_project_wrapper.sdc'…
