
===========================================================================
report_checks -unconstrained
===========================================================================
======================= nom_ss_100C_1v60 Corner ===================================

Startpoint: _221442_ (rising edge-triggered flip-flop clocked by clk)
Endpoint: _215240_ (rising edge-triggered flip-flop clocked by clk)
Path Group: clk
Path Type: max

Fanout         Cap        Slew       Delay        Time   Description
---------------------------------------------------------------------------------------------
                                  0.000000    0.000000   clock clk (rise edge)
                                  0.000000    0.000000   clock source latency
     2    0.238271    0.000000    0.000000    0.000000 ^ clk (in)
                                                         clk (net)
                      0.312245    0.156122    0.156122 ^ clkbuf_0_clk/A (sky130_fd_sc_hd__clkbuf_16)
     2    0.016311    0.064656    0.322842    0.478964 ^ clkbuf_0_clk/X (sky130_fd_sc_hd__clkbuf_16)
                                                         clknet_0_clk (net)
                      0.064656    0.000450    0.479414 ^ clkbuf_1_1_0_clk/A (sky130_fd_sc_hd__clkbuf_8)
     1    0.027394    0.101328    0.248949    0.728363 ^ clkbuf_1_1_0_clk/X (sky130_fd_sc_hd__clkbuf_8)
                                                         clknet_1_1_0_clk (net)
                      0.101421    0.002779    0.731142 ^ clkbuf_1_1_1_clk/A (sky130_fd_sc_hd__clkbuf_8)
     1    0.028008    0.102868    0.266568    0.997710 ^ clkbuf_1_1_1_clk/X (sky130_fd_sc_hd__clkbuf_8)
                                                         clknet_1_1_1_clk (net)
                      0.103002    0.003325    1.001035 ^ clkbuf_1_1_2_clk/A (sky130_fd_sc_hd__clkbuf_8)
     1    0.024252    0.093619    0.259155    1.260190 ^ clkbuf_1_1_2_clk/X (sky130_fd_sc_hd__clkbuf_8)
                                                         clknet_1_1_2_clk (net)
                      0.093722    0.002813    1.263003 ^ clkbuf_1_1_3_clk/A (sky130_fd_sc_hd__clkbuf_8)
     1    0.023102    0.090825    0.252300    1.515303 ^ clkbuf_1_1_3_clk/X (sky130_fd_sc_hd__clkbuf_8)
                                                         clknet_1_1_3_clk (net)
                      0.090924    0.002697    1.518000 ^ clkbuf_1_1_4_clk/A (sky130_fd_sc_hd__clkbuf_8)
     2    0.020391    0.084262    0.245631    1.763630 ^ clkbuf_1_1_4_clk/X (sky130_fd_sc_hd__clkbuf_8)
                                                         clknet_1_1_4_clk (net)
                      0.084276    0.001062    1.764692 ^ clkbuf_2_2_0_clk/A (sky130_fd_sc_hd__clkbuf_8)
     1    0.027664    0.101845    0.258405    2.023097 ^ clkbuf_2_2_0_clk/X (sky130_fd_sc_hd__clkbuf_8)
                                                         clknet_2_2_0_clk (net)
                      0.101927    0.002623    2.025721 ^ clkbuf_2_2_1_clk/A (sky130_fd_sc_hd__clkbuf_8)
     1    0.027176    0.100695    0.265437    2.291158 ^ clkbuf_2_2_1_clk/X (sky130_fd_sc_hd__clkbuf_8)
                                                         clknet_2_2_1_clk (net)
                      0.100778    0.002641    2.293799 ^ clkbuf_2_2_2_clk/A (sky130_fd_sc_hd__clkbuf_8)
     2    0.025173    0.095773    0.260578    2.554377 ^ clkbuf_2_2_2_clk/X (sky130_fd_sc_hd__clkbuf_8)
                                                         clknet_2_2_2_clk (net)
                      0.095825    0.002066    2.556443 ^ clkbuf_3_4_0_clk/A (sky130_fd_sc_hd__clkbuf_8)
     1    0.021655    0.087308    0.250391    2.806834 ^ clkbuf_3_4_0_clk/X (sky130_fd_sc_hd__clkbuf_8)
                                                         clknet_3_4_0_clk (net)
                      0.087372    0.002126    2.808959 ^ clkbuf_3_4_1_clk/A (sky130_fd_sc_hd__clkbuf_8)
     2    0.030828    0.108972    0.266482    3.075442 ^ clkbuf_3_4_1_clk/X (sky130_fd_sc_hd__clkbuf_8)
                                                         clknet_3_4_1_clk (net)
                      0.109095    0.003292    3.078734 ^ clkbuf_4_9_0_clk/A (sky130_fd_sc_hd__clkbuf_8)
     2    0.032020    0.110390    0.279469    3.358203 ^ clkbuf_4_9_0_clk/X (sky130_fd_sc_hd__clkbuf_8)
                                                         clknet_4_9_0_clk (net)
                      0.110525    0.003374    3.361578 ^ clkbuf_5_19_0_clk/A (sky130_fd_sc_hd__clkbuf_8)
     8    0.148986    0.395218    0.491694    3.853272 ^ clkbuf_5_19_0_clk/X (sky130_fd_sc_hd__clkbuf_8)
                                                         clknet_5_19_0_clk (net)
                      0.395366    0.006376    3.859648 ^ clkbuf_8_156_0_clk/A (sky130_fd_sc_hd__clkbuf_8)
     4    0.047159    0.149282    0.433186    4.292834 ^ clkbuf_8_156_0_clk/X (sky130_fd_sc_hd__clkbuf_8)
                                                         clknet_8_156_0_clk (net)
                      0.149317    0.002245    4.295079 ^ clkbuf_10_625__f_clk/A (sky130_fd_sc_hd__clkbuf_16)
     5    0.049849    0.106898    0.297271    4.592350 ^ clkbuf_10_625__f_clk/X (sky130_fd_sc_hd__clkbuf_16)
                                                         clknet_10_625__leaf_clk (net)
                      0.106919    0.001401    4.593751 ^ clkbuf_leaf_1620_clk/A (sky130_fd_sc_hd__clkbuf_16)
     4    0.013489    0.059296    0.229233    4.822983 ^ clkbuf_leaf_1620_clk/X (sky130_fd_sc_hd__clkbuf_16)
                                                         clknet_leaf_1620_clk (net)
                      0.059296    0.000226    4.823209 ^ _221442_/CLK (sky130_fd_sc_hd__dfxtp_1)
     2    0.010838    0.112328    0.626949    5.450158 v _221442_/Q (sky130_fd_sc_hd__dfxtp_1)
                                                         core_instance.threads[4].g_fp.activation_instance.s_mag[12] (net)
                      0.112328    0.000275    5.450434 v _186631_/A (sky130_fd_sc_hd__or4_1)
     3    0.014283    0.304944    1.416262    6.866696 v _186631_/X (sky130_fd_sc_hd__or4_1)
                                                         _024065_ (net)
                      0.304944    0.000439    6.867135 v _186635_/A (sky130_fd_sc_hd__nor3_1)
     2    0.010665    0.596300    0.664248    7.531383 ^ _186635_/Y (sky130_fd_sc_hd__nor3_1)
                                                         _024069_ (net)
                      0.596300    0.000324    7.531707 ^ load_slew55272/A (sky130_fd_sc_hd__clkbuf_2)
     2    0.010742    0.113748    0.428436    7.960143 ^ load_slew55272/X (sky130_fd_sc_hd__clkbuf_2)
                                                         net55272 (net)
                      0.113748    0.000385    7.960528 ^ place36354/A (sky130_fd_sc_hd__buf_6)
     4    0.015006    0.068661    0.197510    8.158039 ^ place36354/X (sky130_fd_sc_hd__buf_6)
                                                         net36354 (net)
                      0.068662    0.000362    8.158401 ^ _186641_/A3 (sky130_fd_sc_hd__a31oi_1)
     4    0.020018    0.493058    0.463925    8.622326 v _186641_/Y (sky130_fd_sc_hd__a31oi_1)
                                                         _024075_ (net)
                      0.493061    0.001029    8.623356 v _186653_/A3 (sky130_fd_sc_hd__a41oi_1)
     2    0.016145    0.677602    0.852684    9.476040 ^ _186653_/Y (sky130_fd_sc_hd__a41oi_1)
                                                         _024087_ (net)
                      0.677602    0.000314    9.476354 ^ _186655_/C (sky130_fd_sc_hd__nand4b_1)
     2    0.017911    0.596750    0.731750   10.208103 v _186655_/Y (sky130_fd_sc_hd__nand4b_1)
                                                         _024089_ (net)
                      0.596750    0.000686   10.208789 v place34338/A (sky130_fd_sc_hd__buf_6)
     6    0.028065    0.075461    0.484539   10.693327 v place34338/X (sky130_fd_sc_hd__buf_6)
                                                         net34338 (net)
                      0.075570    0.000634   10.693961 v _186660_/A1 (sky130_fd_sc_hd__o21bai_1)
     2    0.009758    0.381569    0.389072   11.083034 ^ _186660_/Y (sky130_fd_sc_hd__o21bai_1)
                                                         _024094_ (net)
                      0.381569    0.000255   11.083288 ^ place33859/A (sky130_fd_sc_hd__buf_6)
     4    0.017474    0.078894    0.307599   11.390887 ^ place33859/X (sky130_fd_sc_hd__buf_6)
                                                         net33859 (net)
                      0.078894    0.000327   11.391214 ^ _186668_/C1 (sky130_fd_sc_hd__a211oi_1)
     3    0.010083    0.244638    0.123080   11.514295 v _186668_/Y (sky130_fd_sc_hd__a211oi_1)
                                                         _024102_ (net)
                      0.244638    0.000057   11.514352 v max_cap49604/A (sky130_fd_sc_hd__clkbuf_2)
     2    0.012798    0.103695    0.311045   11.825397 v max_cap49604/X (sky130_fd_sc_hd__clkbuf_2)
                                                         net49604 (net)
                      0.103695    0.000181   11.825578 v _186674_/A (sky130_fd_sc_hd__or3_1)
     2    0.017621    0.273632    1.040733   12.866311 v _186674_/X (sky130_fd_sc_hd__or3_1)
                                                         _024108_ (net)
                      0.273632    0.000428   12.866739 v _186684_/A1 (sky130_fd_sc_hd__a41oi_1)
     2    0.017748    0.731801    0.706237   13.572976 ^ _186684_/Y (sky130_fd_sc_hd__a41oi_1)
                                                         _024118_ (net)
                      0.731801    0.000709   13.573685 ^ _186688_/A1 (sky130_fd_sc_hd__o21ai_1)
     2    0.018428    0.370703    0.572767   14.146452 v _186688_/Y (sky130_fd_sc_hd__o21ai_1)
                                                         _024122_ (net)
                      0.370703    0.001019   14.147470 v _186691_/A1 (sky130_fd_sc_hd__a21oi_1)
     2    0.015872    0.569579    0.633252   14.780722 ^ _186691_/Y (sky130_fd_sc_hd__a21oi_1)
                                                         _024125_ (net)
                      0.569579    0.000836   14.781558 ^ _186694_/B1 (sky130_fd_sc_hd__o22ai_1)
     2    0.013716    0.308703    0.492935   15.274493 v _186694_/Y (sky130_fd_sc_hd__o22ai_1)
                                                         _024128_ (net)
                      0.308703    0.000657   15.275150 v _186699_/A1 (sky130_fd_sc_hd__a21oi_1)
     3    0.012198    0.453447    0.522116   15.797266 ^ _186699_/Y (sky130_fd_sc_hd__a21oi_1)
                                                         _024133_ (net)
                      0.453447    0.000272   15.797538 ^ _186706_/B2 (sky130_fd_sc_hd__o22ai_1)
     1    0.008557    0.223773    0.342860   16.140398 v _186706_/Y (sky130_fd_sc_hd__o22ai_1)
                                                         _024140_ (net)
                      0.223773    0.000366   16.140764 v _186707_/B (sky130_fd_sc_hd__xnor2_1)
     3    0.015654    0.294155    0.424116   16.564880 v _186707_/Y (sky130_fd_sc_hd__xnor2_1)
                                                         _024141_ (net)
                      0.294155    0.000536   16.565416 v _186719_/A1 (sky130_fd_sc_hd__a21oi_1)
     1    0.005982    0.264900    0.369162   16.934578 ^ _186719_/Y (sky130_fd_sc_hd__a21oi_1)
                                                         _024153_ (net)
                      0.264900    0.000240   16.934818 ^ wire46457/A (sky130_fd_sc_hd__clkbuf_2)
     4    0.024199    0.213685    0.381904   17.316723 ^ wire46457/X (sky130_fd_sc_hd__clkbuf_2)
                                                         net46457 (net)
                      0.213690    0.001339   17.318062 ^ place31831/A (sky130_fd_sc_hd__buf_6)
     1    0.009680    0.054998    0.230033   17.548096 ^ place31831/X (sky130_fd_sc_hd__buf_6)
                                                         net31831 (net)
                      0.054998    0.000290   17.548384 ^ _186720_/B (sky130_fd_sc_hd__nor2_4)
     4    0.012843    0.122424    0.062863   17.611248 v _186720_/Y (sky130_fd_sc_hd__nor2_4)
                                                         _024154_ (net)
                      0.122424    0.000274   17.611521 v _186783_/D_N (sky130_fd_sc_hd__nor4b_1)
     1    0.006567    0.116836    0.340966   17.952488 v _186783_/Y (sky130_fd_sc_hd__nor4b_1)
                                                         _024217_ (net)
                      0.116836    0.000261   17.952749 v wire46334/A (sky130_fd_sc_hd__clkbuf_2)
     2    0.007298    0.068453    0.223382   18.176132 v wire46334/X (sky130_fd_sc_hd__clkbuf_2)
                                                         net46334 (net)
                      0.068453    0.000163   18.176294 v max_cap46333/A (sky130_fd_sc_hd__clkbuf_2)
     1    0.004313    0.050411    0.183231   18.359526 v max_cap46333/X (sky130_fd_sc_hd__clkbuf_2)
                                                         net46333 (net)
                      0.050411    0.000149   18.359674 v _186799_/B (sky130_fd_sc_hd__nor4_1)
     1    0.009230    0.764875    0.753369   19.113045 ^ _186799_/Y (sky130_fd_sc_hd__nor4_1)
                                                         _024233_ (net)
                      0.764875    0.000462   19.113506 ^ _186835_/A3 (sky130_fd_sc_hd__a311o_1)
     1    0.006502    0.150628    0.606020   19.719526 ^ _186835_/X (sky130_fd_sc_hd__a311o_1)
                                                         _024269_ (net)
                      0.150628    0.000277   19.719803 ^ _186839_/A2 (sky130_fd_sc_hd__a31oi_1)
     3    0.014815    0.387546    0.403501   20.123304 v _186839_/Y (sky130_fd_sc_hd__a31oi_1)
                                                         _024273_ (net)
                      0.387546    0.000188   20.123493 v load_slew46230/A (sky130_fd_sc_hd__clkbuf_2)
     3    0.016409    0.129109    0.386843   20.510336 v load_slew46230/X (sky130_fd_sc_hd__clkbuf_2)
                                                         net46230 (net)
                      0.129109    0.000266   20.510601 v _186845_/B1 (sky130_fd_sc_hd__o22ai_1)
     3    0.015170    0.593279    0.526077   21.036678 ^ _186845_/Y (sky130_fd_sc_hd__o22ai_1)
                                                         _024279_ (net)
                      0.593279    0.000545   21.037224 ^ _186855_/C_N (sky130_fd_sc_hd__or3b_1)
     1    0.005649    0.168508    0.990449   22.027672 v _186855_/X (sky130_fd_sc_hd__or3b_1)
                                                         _024286_ (net)
                      0.168508    0.000218   22.027891 v _186856_/A2 (sky130_fd_sc_hd__a21oi_1)
     1    0.005344    0.242203    0.327015   22.354906 ^ _186856_/Y (sky130_fd_sc_hd__a21oi_1)
                                                         _004382_ (net)
                      0.242203    0.000211   22.355118 ^ _215240_/D (sky130_fd_sc_hd__dfxtp_1)
                                             22.355118   data arrival time

                                 20.000000   20.000000   clock clk (rise edge)
                                  0.000000   20.000000   clock source latency
     2    0.238271    0.000000    0.000000   20.000000 ^ clk (in)
                                                         clk (net)
                      0.312245    0.156122   20.156122 ^ clkbuf_0_clk/A (sky130_fd_sc_hd__clkbuf_16)
     2    0.016311    0.064656    0.322842   20.478966 ^ clkbuf_0_clk/X (sky130_fd_sc_hd__clkbuf_16)
                                                         clknet_0_clk (net)
                      0.064656    0.000449   20.479414 ^ clkbuf_1_1_0_clk/A (sky130_fd_sc_hd__clkbuf_8)
     1    0.027394    0.101328    0.248949   20.728363 ^ clkbuf_1_1_0_clk/X (sky130_fd_sc_hd__clkbuf_8)
                                                         clknet_1_1_0_clk (net)
                      0.101421    0.002778   20.731142 ^ clkbuf_1_1_1_clk/A (sky130_fd_sc_hd__clkbuf_8)
     1    0.028008    0.102868    0.266569   20.997711 ^ clkbuf_1_1_1_clk/X (sky130_fd_sc_hd__clkbuf_8)
                                                         clknet_1_1_1_clk (net)
                      0.103002    0.003324   21.001034 ^ clkbuf_1_1_2_clk/A (sky130_fd_sc_hd__clkbuf_8)
     1    0.024252    0.093619    0.259156   21.260191 ^ clkbuf_1_1_2_clk/X (sky130_fd_sc_hd__clkbuf_8)
                                                         clknet_1_1_2_clk (net)
                      0.093722    0.002812   21.263002 ^ clkbuf_1_1_3_clk/A (sky130_fd_sc_hd__clkbuf_8)
     1    0.023102    0.090825    0.252301   21.515305 ^ clkbuf_1_1_3_clk/X (sky130_fd_sc_hd__clkbuf_8)
                                                         clknet_1_1_3_clk (net)
                      0.090924    0.002697   21.518000 ^ clkbuf_1_1_4_clk/A (sky130_fd_sc_hd__clkbuf_8)
     2    0.020391    0.084262    0.245631   21.763632 ^ clkbuf_1_1_4_clk/X (sky130_fd_sc_hd__clkbuf_8)
                                                         clknet_1_1_4_clk (net)
                      0.084276    0.001069   21.764700 ^ clkbuf_2_3_0_clk/A (sky130_fd_sc_hd__clkbuf_8)
     1    0.024620    0.094354    0.251854   22.016554 ^ clkbuf_2_3_0_clk/X (sky130_fd_sc_hd__clkbuf_8)
                                                         clknet_2_3_0_clk (net)
                      0.094404    0.002013   22.018568 ^ clkbuf_2_3_1_clk/A (sky130_fd_sc_hd__clkbuf_8)
     1    0.027627    0.101771    0.263023   22.281591 ^ clkbuf_2_3_1_clk/X (sky130_fd_sc_hd__clkbuf_8)
                                                         clknet_2_3_1_clk (net)
                      0.101852    0.002625   22.284216 ^ clkbuf_2_3_2_clk/A (sky130_fd_sc_hd__clkbuf_8)
     2    0.026549    0.099161    0.264041   22.548258 ^ clkbuf_2_3_2_clk/X (sky130_fd_sc_hd__clkbuf_8)
                                                         clknet_2_3_2_clk (net)
                      0.099222    0.002268   22.550526 ^ clkbuf_3_6_0_clk/A (sky130_fd_sc_hd__clkbuf_8)
     1    0.027842    0.102259    0.266473   22.816999 ^ clkbuf_3_6_0_clk/X (sky130_fd_sc_hd__clkbuf_8)
                                                         clknet_3_6_0_clk (net)
                      0.102270    0.001124   22.818123 ^ clkbuf_3_6_1_clk/A (sky130_fd_sc_hd__clkbuf_8)
     2    0.034749    0.117176    0.281089   23.099213 ^ clkbuf_3_6_1_clk/X (sky130_fd_sc_hd__clkbuf_8)
                                                         clknet_3_6_1_clk (net)
                      0.117328    0.003677   23.102890 ^ clkbuf_4_12_0_clk/A (sky130_fd_sc_hd__clkbuf_8)
     2    0.038781    0.126908    0.295266   23.398155 ^ clkbuf_4_12_0_clk/X (sky130_fd_sc_hd__clkbuf_8)
                                                         clknet_4_12_0_clk (net)
                      0.127274    0.004716   23.402872 ^ clkbuf_5_25_0_clk/A (sky130_fd_sc_hd__clkbuf_8)
     8    0.139394    0.374119    0.477931   23.880802 ^ clkbuf_5_25_0_clk/X (sky130_fd_sc_hd__clkbuf_8)
                                                         clknet_5_25_0_clk (net)
                      0.374943    0.014458   23.895260 ^ clkbuf_8_202_0_clk/A (sky130_fd_sc_hd__clkbuf_8)
     4    0.044343    0.142264    0.419204   24.314465 ^ clkbuf_8_202_0_clk/X (sky130_fd_sc_hd__clkbuf_8)
                                                         clknet_8_202_0_clk (net)
                      0.142289    0.001906   24.316370 ^ clkbuf_10_808__f_clk/A (sky130_fd_sc_hd__clkbuf_16)
     5    0.060591    0.121635    0.304544   24.620914 ^ clkbuf_10_808__f_clk/X (sky130_fd_sc_hd__clkbuf_16)
                                                         clknet_10_808__leaf_clk (net)
                      0.121748    0.003304   24.624218 ^ clkbuf_leaf_1652_clk/A (sky130_fd_sc_hd__clkbuf_16)
     4    0.011873    0.057270    0.233751   24.857969 ^ clkbuf_leaf_1652_clk/X (sky130_fd_sc_hd__clkbuf_16)
                                                         clknet_leaf_1652_clk (net)
                      0.057270    0.000210   24.858179 ^ _215240_/CLK (sky130_fd_sc_hd__dfxtp_1)
                                 -0.250000   24.608179   clock uncertainty
                                  0.000000   24.608179   clock reconvergence pessimism
                                 -0.175347   24.432833   library setup time
                                             24.432833   data required time
---------------------------------------------------------------------------------------------
                                             24.432833   data required time
                                            -22.355118   data arrival time
---------------------------------------------------------------------------------------------
                                              2.077716   slack (MET)




===========================================================================
report_checks --slack_max -0.01
============================================================================
======================= nom_ss_100C_1v60 Corner ===================================

No paths found.


===========================================================================
 report_check_types -max_slew -max_cap -max_fanout -violators
============================================================================
======================= nom_ss_100C_1v60 Corner ===================================



===========================================================================
report_parasitic_annotation -report_unannotated
============================================================================
Found 1360 unannotated drivers.
 clkload0/X
 clkload1/X
 clkload10/X
 clkload100/X
 clkload1000/Y
 clkload1001/Y
 clkload1002/Y
 clkload1003/Y
 clkload1004/Y
 clkload1005/Y
 clkload1006/Y
 clkload1007/Y
 clkload1008/Y
 clkload1009/Y
 clkload101/X
 clkload1010/Y
 clkload1011/Y
 clkload1012/Y
 clkload1013/Y
 clkload1014/Y
 clkload1015/Y
 clkload1016/Y
 clkload1017/Y
 clkload1018/Y
 clkload1019/Y
 clkload102/X
 clkload1020/Y
 clkload1021/Y
 clkload1022/Y
 clkload1023/Y
 clkload1024/Y
 clkload1025/Y
 clkload1026/Y
 clkload1027/Y
 clkload1028/Y
 clkload1029/Y
 clkload103/X
 clkload1030/Y
 clkload1031/Y
 clkload1032/Y
 clkload1033/Y
 clkload1034/X
 clkload1035/Y
 clkload1036/Y
 clkload1037/Y
 clkload1038/Y
 clkload1039/Y
 clkload104/X
 clkload1040/Y
 clkload1041/Y
 clkload1042/Y
 clkload1043/Y
 clkload1044/Y
 clkload1045/Y
 clkload1046/Y
 clkload1047/Y
 clkload1048/Y
 clkload1049/Y
 clkload105/X
 clkload1050/Y
 clkload1051/Y
 clkload1052/Y
 clkload1053/Y
 clkload1054/Y
 clkload1055/Y
 clkload1056/Y
 clkload1057/Y
 clkload1058/Y
 clkload1059/Y
 clkload106/X
 clkload1060/Y
 clkload1061/Y
 clkload1062/Y
 clkload1063/Y
 clkload1064/X
 clkload1065/Y
 clkload1066/X
 clkload1067/Y
 clkload1068/Y
 clkload1069/Y
 clkload107/X
 clkload1070/Y
 clkload1071/Y
 clkload1072/Y
 clkload1073/Y
 clkload1074/X
 clkload1075/X
 clkload1076/X
 clkload1077/Y
 clkload1078/Y
 clkload1079/X
 clkload108/X
 clkload1080/X
 clkload1081/X
 clkload1082/Y
 clkload1083/Y
 clkload1084/Y
 clkload1085/Y
 clkload1086/Y
 clkload1087/X
 clkload1088/Y
 clkload1089/Y
 clkload109/X
 clkload1090/Y
 clkload1091/Y
 clkload1092/Y
 clkload1093/Y
 clkload1094/X
 clkload1095/Y
 clkload1096/Y
 clkload1097/Y
 clkload1098/Y
 clkload1099/Y
 clkload11/X
 clkload110/X
 clkload1100/Y
 clkload1101/Y
 clkload1102/Y
 clkload1103/Y
 clkload1104/Y
 clkload1105/Y
 clkload1106/Y
 clkload1107/X
 clkload1108/Y
 clkload1109/Y
 clkload111/X
 clkload1110/Y
 clkload1111/Y
 clkload1112/Y
 clkload1113/Y
 clkload1114/Y
 clkload1115/Y
 clkload1116/Y
 clkload1117/Y
 clkload1118/Y
 clkload1119/Y
 clkload112/X
 clkload1120/Y
 clkload1121/Y
 clkload1122/Y
 clkload1123/Y
 clkload1124/Y
 clkload1125/Y
 clkload1126/Y
 clkload1127/Y
 clkload1128/Y
 clkload1129/Y
 clkload113/X
 clkload1130/X
 clkload1131/Y
 clkload1132/Y
 clkload1133/X
 clkload1134/Y
 clkload1135/Y
 clkload1136/Y
 clkload1137/Y
 clkload1138/X
 clkload1139/Y
 clkload114/X
 clkload1140/Y
 clkload1141/Y
 clkload1142/X
 clkload1143/Y
 clkload1144/Y
 clkload1145/Y
 clkload1146/Y
 clkload1147/Y
 clkload1148/Y
 clkload1149/Y
 clkload115/X
 clkload1150/Y
 clkload1151/Y
 clkload1152/Y
 clkload1153/Y
 clkload1154/Y
 clkload1155/Y
 clkload1156/Y
 clkload1157/Y
 clkload1158/Y
 clkload1159/Y
 clkload116/X
 clkload1160/Y
 clkload1161/Y
 clkload1162/Y
 clkload1163/X
 clkload1164/Y
 clkload1165/Y
 clkload1166/Y
 clkload1167/Y
 clkload1168/Y
 clkload1169/Y
 clkload117/X
 clkload1170/Y
 clkload1171/Y
 clkload1172/Y
 clkload1173/Y
 clkload1174/Y
 clkload1175/Y
 clkload1176/Y
 clkload1177/Y
 clkload1178/Y
 clkload1179/X
 clkload118/X
 clkload1180/X
 clkload1181/Y
 clkload1182/Y
 clkload1183/Y
 clkload1184/Y
 clkload1185/Y
 clkload1186/Y
 clkload1187/Y
 clkload1188/Y
 clkload1189/Y
 clkload119/X
 clkload1190/Y
 clkload1191/Y
 clkload1192/Y
 clkload1193/Y
 clkload1194/Y
 clkload1195/Y
 clkload1196/Y
 clkload1197/Y
 clkload1198/Y
 clkload1199/Y
 clkload12/Y
 clkload120/X
 clkload1200/Y
 clkload1201/Y
 clkload1202/Y
 clkload1203/Y
 clkload1204/Y
 clkload1205/Y
 clkload1206/Y
 clkload1207/Y
 clkload1208/Y
 clkload1209/Y
 clkload121/X
 clkload1210/Y
 clkload1211/Y
 clkload1212/Y
 clkload1213/Y
 clkload1214/Y
 clkload1215/Y
 clkload1216/Y
 clkload1217/Y
 clkload1218/Y
 clkload1219/Y
 clkload122/X
 clkload1220/Y
 clkload1221/Y
 clkload1222/Y
 clkload1223/Y
 clkload1224/Y
 clkload1225/Y
 clkload1226/Y
 clkload1227/Y
 clkload1228/Y
 clkload1229/Y
 clkload123/X
 clkload1230/Y
 clkload1231/Y
 clkload1232/Y
 clkload1233/Y
 clkload1234/Y
 clkload1235/Y
 clkload1236/Y
 clkload1237/X
 clkload1238/Y
 clkload1239/Y
 clkload124/X
 clkload1240/Y
 clkload1241/Y
 clkload1242/Y
 clkload1243/Y
 clkload1244/Y
 clkload1245/Y
 clkload1246/Y
 clkload1247/Y
 clkload1248/Y
 clkload1249/Y
 clkload125/Y
 clkload1250/Y
 clkload1251/Y
 clkload1252/Y
 clkload1253/Y
 clkload1254/Y
 clkload1255/Y
 clkload1256/Y
 clkload1257/Y
 clkload1258/Y
 clkload1259/Y
 clkload126/X
 clkload1260/Y
 clkload1261/Y
 clkload1262/Y
 clkload1263/Y
 clkload1264/Y
 clkload1265/Y
 clkload1266/Y
 clkload1267/Y
 clkload1268/Y
 clkload1269/Y
 clkload127/X
 clkload1270/Y
 clkload1271/Y
 clkload1272/Y
 clkload1273/Y
 clkload1274/Y
 clkload1275/Y
 clkload1276/Y
 clkload1277/Y
 clkload1278/Y
 clkload1279/Y
 clkload128/X
 clkload1280/Y
 clkload1281/Y
 clkload1282/Y
 clkload1283/Y
 clkload1284/Y
 clkload1285/Y
 clkload1286/Y
 clkload1287/X
 clkload1288/Y
 clkload1289/Y
 clkload129/X
 clkload1290/Y
 clkload1291/Y
 clkload1292/Y
 clkload1293/Y
 clkload1294/Y
 clkload1295/Y
 clkload1296/Y
 clkload1297/Y
 clkload1298/Y
 clkload1299/Y
 clkload13/Y
 clkload130/X
 clkload1300/Y
 clkload1301/Y
 clkload1302/Y
 clkload1303/Y
 clkload1304/Y
 clkload1305/Y
 clkload1306/Y
 clkload1307/Y
 clkload1308/Y
 clkload1309/Y
 clkload131/X
 clkload1310/Y
 clkload1311/Y
 clkload1312/Y
 clkload1313/Y
 clkload1314/Y
 clkload1315/Y
 clkload1316/Y
 clkload1317/Y
 clkload1318/Y
 clkload1319/Y
 clkload132/X
 clkload1320/Y
 clkload1321/Y
 clkload1322/Y
 clkload1323/Y
 clkload1324/Y
 clkload1325/Y
 clkload1326/Y
 clkload1327/Y
 clkload1328/Y
 clkload1329/Y
 clkload133/Y
 clkload1330/Y
 clkload1331/Y
 clkload1332/Y
 clkload1333/Y
 clkload1334/Y
 clkload1335/Y
 clkload1336/Y
 clkload1337/Y
 clkload1338/Y
 clkload1339/Y
 clkload134/X
 clkload1340/Y
 clkload1341/Y
 clkload1342/Y
 clkload1343/Y
 clkload1344/X
 clkload1345/Y
 clkload1346/Y
 clkload1347/Y
 clkload1348/Y
 clkload1349/Y
 clkload135/X
 clkload1350/Y
 clkload1351/X
 clkload1352/X
 clkload1353/Y
 clkload136/X
 clkload137/X
 clkload138/X
 clkload139/X
 clkload14/Y
 clkload140/Y
 clkload141/X
 clkload142/X
 clkload143/X
 clkload144/X
 clkload145/X
 clkload146/X
 clkload147/X
 clkload148/X
 clkload149/X
 clkload15/X
 clkload150/X
 clkload151/Y
 clkload152/Y
 clkload153/X
 clkload154/X
 clkload155/X
 clkload156/X
 clkload157/X
 clkload158/X
 clkload159/X
 clkload16/X
 clkload160/X
 clkload161/X
 clkload162/X
 clkload163/X
 clkload164/X
 clkload165/X
 clkload166/X
 clkload167/Y
 clkload168/Y
 clkload169/Y
 clkload17/X
 clkload170/X
 clkload171/Y
 clkload172/Y
 clkload173/Y
 clkload174/Y
 clkload175/X
 clkload176/X
 clkload177/X
 clkload178/X
 clkload179/Y
 clkload18/Y
 clkload180/X
 clkload181/X
 clkload182/X
 clkload183/X
 clkload184/X
 clkload185/X
 clkload186/X
 clkload187/X
 clkload188/X
 clkload189/X
 clkload19/Y
 clkload190/X
 clkload191/X
 clkload192/X
 clkload193/X
 clkload194/X
 clkload195/X
 clkload196/Y
 clkload197/X
 clkload198/X
 clkload199/X
 clkload2/X
 clkload20/Y
 clkload200/Y
 clkload201/X
 clkload202/X
 clkload203/X
 clkload204/X
 clkload205/X
 clkload206/X
 clkload207/X
 clkload208/X
 clkload209/X
 clkload21/X
 clkload210/X
 clkload211/X
 clkload212/X
 clkload213/X
 clkload214/X
 clkload215/X
 clkload216/X
 clkload217/X
 clkload218/X
 clkload219/X
 clkload22/X
 clkload220/X
 clkload221/X
 clkload222/X
 clkload223/X
 clkload224/X
 clkload225/X
 clkload226/X
 clkload227/X
 clkload228/X
 clkload229/X
 clkload23/X
 clkload230/Y
 clkload231/Y
 clkload232/Y
 clkload233/X
 clkload234/X
 clkload235/X
 clkload236/X
 clkload237/X
 clkload238/Y
 clkload239/Y
 clkload24/X
 clkload240/Y
 clkload241/Y
 clkload242/X
 clkload243/X
 clkload244/X
 clkload245/Y
 clkload246/Y
 clkload247/Y
 clkload248/X
 clkload249/X
 clkload25/X
 clkload250/X
 clkload251/X
 clkload252/X
 clkload253/X
 clkload254/X
 clkload255/X
 clkload256/X
 clkload257/X
 clkload258/X
 clkload259/X
 clkload26/X
 clkload260/X
 clkload261/X
 clkload262/Y
 clkload263/Y
 clkload264/X
 clkload265/X
 clkload266/X
 clkload267/X
 clkload268/X
 clkload269/X
 clkload27/Y
 clkload270/X
 clkload271/X
 clkload272/X
 clkload273/X
 clkload274/X
 clkload275/X
 clkload276/X
 clkload277/X
 clkload278/X
 clkload279/X
 clkload28/Y
 clkload280/X
 clkload281/X
 clkload282/Y
 clkload283/Y
 clkload284/Y
 clkload285/X
 clkload286/X
 clkload287/X
 clkload288/X
 clkload289/X
 clkload29/Y
 clkload290/X
 clkload291/Y
 clkload292/Y
 clkload293/Y
 clkload294/X
 clkload295/X
 clkload296/X
 clkload297/X
 clkload298/Y
 clkload299/X
 clkload3/Y
 clkload30/X
 clkload300/X
 clkload301/X
 clkload302/X
 clkload303/X
 clkload304/X
 clkload305/X
 clkload306/X
 clkload307/X
 clkload308/X
 clkload309/X
 clkload31/X
 clkload310/X
 clkload311/Y
 clkload312/Y
 clkload313/X
 clkload314/X
 clkload315/X
 clkload316/Y
 clkload317/X
 clkload318/X
 clkload319/X
 clkload32/X
 clkload320/X
 clkload321/X
 clkload322/Y
 clkload323/X
 clkload324/Y
 clkload325/Y
 clkload326/X
 clkload327/X
 clkload328/X
 clkload329/X
 clkload33/X
 clkload330/X
 clkload331/X
 clkload332/Y
 clkload333/Y
 clkload334/X
 clkload335/X
 clkload336/X
 clkload337/X
 clkload338/X
 clkload339/X
 clkload34/X
 clkload340/X
 clkload341/X
 clkload342/X
 clkload343/X
 clkload344/X
 clkload345/X
 clkload346/X
 clkload347/X
 clkload348/Y
 clkload349/X
 clkload35/X
 clkload350/X
 clkload351/X
 clkload352/X
 clkload353/X
 clkload354/X
 clkload355/X
 clkload356/X
 clkload357/Y
 clkload358/X
 clkload359/X
 clkload36/X
 clkload360/X
 clkload361/X
 clkload362/X
 clkload363/X
 clkload364/Y
 clkload365/Y
 clkload366/Y
 clkload367/X
 clkload368/X
 clkload369/X
 clkload37/X
 clkload370/X
 clkload371/X
 clkload372/X
 clkload373/X
 clkload374/X
 clkload375/X
 clkload376/X
 clkload377/X
 clkload378/X
 clkload379/X
 clkload38/X
 clkload380/X
 clkload381/X
 clkload382/Y
 clkload383/X
 clkload384/X
 clkload385/X
 clkload386/X
 clkload387/X
 clkload388/X
 clkload389/X
 clkload39/Y
 clkload390/X
 clkload391/Y
 clkload392/X
 clkload393/X
 clkload394/X
 clkload395/X
 clkload396/X
 clkload397/X
 clkload398/Y
 clkload399/Y
 clkload4/X
 clkload40/Y
 clkload400/Y
 clkload401/X
 clkload402/X
 clkload403/X
 clkload404/Y
 clkload405/Y
 clkload406/Y
 clkload407/Y
 clkload408/X
 clkload409/Y
 clkload41/Y
 clkload410/X
 clkload411/X
 clkload412/X
 clkload413/X
 clkload414/X
 clkload415/X
 clkload416/X
 clkload417/X
 clkload418/X
 clkload419/Y
 clkload42/X
 clkload420/Y
 clkload421/Y
 clkload422/X
 clkload423/X
 clkload424/X
 clkload425/Y
 clkload426/Y
 clkload427/X
 clkload428/X
 clkload429/X
 clkload43/X
 clkload430/X
 clkload431/X
 clkload432/X
 clkload433/X
 clkload434/X
 clkload435/X
 clkload436/X
 clkload437/X
 clkload438/X
 clkload439/X
 clkload44/X
 clkload440/X
 clkload441/X
 clkload442/X
 clkload443/X
 clkload444/X
 clkload445/X
 clkload446/X
 clkload447/X
 clkload448/X
 clkload449/X
 clkload45/X
 clkload450/X
 clkload451/X
 clkload452/X
 clkload453/X
 clkload454/X
 clkload455/X
 clkload456/X
 clkload457/X
 clkload458/X
 clkload459/X
 clkload46/X
 clkload460/X
 clkload461/X
 clkload462/X
 clkload463/X
 clkload464/X
 clkload465/X
 clkload466/X
 clkload467/X
 clkload468/X
 clkload469/X
 clkload47/X
 clkload470/X
 clkload471/X
 clkload472/X
 clkload473/X
 clkload474/X
 clkload475/X
 clkload476/X
 clkload477/X
 clkload478/X
 clkload479/X
 clkload48/X
 clkload480/X
 clkload481/X
 clkload482/X
 clkload483/X
 clkload484/X
 clkload485/X
 clkload486/X
 clkload487/X
 clkload488/X
 clkload489/Y
 clkload49/X
 clkload490/X
 clkload491/Y
 clkload492/X
 clkload493/X
 clkload494/X
 clkload495/X
 clkload496/X
 clkload497/X
 clkload498/X
 clkload499/X
 clkload5/X
 clkload50/X
 clkload500/X
 clkload501/X
 clkload502/X
 clkload503/X
 clkload504/X
 clkload505/X
 clkload506/X
 clkload507/X
 clkload508/X
 clkload509/X
 clkload51/X
 clkload510/X
 clkload511/X
 clkload512/X
 clkload513/X
 clkload514/X
 clkload515/Y
 clkload516/X
 clkload517/X
 clkload518/Y
 clkload519/X
 clkload52/X
 clkload520/X
 clkload521/X
 clkload522/X
 clkload523/X
 clkload524/X
 clkload525/X
 clkload526/Y
 clkload527/X
 clkload528/X
 clkload529/X
 clkload53/Y
 clkload530/Y
 clkload531/X
 clkload532/X
 clkload533/X
 clkload534/X
 clkload535/X
 clkload536/Y
 clkload537/X
 clkload538/X
 clkload539/X
 clkload54/X
 clkload540/Y
 clkload541/X
 clkload542/X
 clkload543/X
 clkload544/X
 clkload545/X
 clkload546/X
 clkload547/X
 clkload548/Y
 clkload549/X
 clkload55/X
 clkload550/X
 clkload551/Y
 clkload552/Y
 clkload553/X
 clkload554/X
 clkload555/X
 clkload556/X
 clkload557/X
 clkload558/X
 clkload559/X
 clkload56/X
 clkload560/X
 clkload561/X
 clkload562/X
 clkload563/X
 clkload564/X
 clkload565/X
 clkload566/X
 clkload567/X
 clkload568/X
 clkload569/X
 clkload57/X
 clkload570/X
 clkload571/X
 clkload572/X
 clkload573/X
 clkload574/X
 clkload575/X
 clkload576/X
 clkload577/X
 clkload578/X
 clkload579/X
 clkload58/X
 clkload580/X
 clkload581/X
 clkload582/X
 clkload583/X
 clkload584/X
 clkload585/X
 clkload586/X
 clkload587/X
 clkload588/X
 clkload589/Y
 clkload59/X
 clkload590/X
 clkload591/X
 clkload592/X
 clkload593/Y
 clkload594/X
 clkload595/Y
 clkload596/Y
 clkload597/Y
 clkload598/X
 clkload599/X
 clkload6/X
 clkload60/X
 clkload600/X
 clkload601/Y
 clkload602/X
 clkload603/X
 clkload604/Y
 clkload605/Y
 clkload606/Y
 clkload607/X
 clkload608/Y
 clkload609/X
 clkload61/X
 clkload610/Y
 clkload611/Y
 clkload612/Y
 clkload613/X
 clkload614/X
 clkload615/X
 clkload616/X
 clkload617/X
 clkload618/X
 clkload619/X
 clkload62/X
 clkload620/X
 clkload621/X
 clkload622/X
 clkload623/X
 clkload624/X
 clkload625/Y
 clkload626/X
 clkload627/X
 clkload628/X
 clkload629/Y
 clkload63/Y
 clkload630/X
 clkload631/X
 clkload632/X
 clkload633/X
 clkload634/X
 clkload635/X
 clkload636/X
 clkload637/X
 clkload638/X
 clkload639/X
 clkload64/X
 clkload640/X
 clkload641/X
 clkload642/X
 clkload643/X
 clkload644/X
 clkload645/X
 clkload646/X
 clkload647/X
 clkload648/X
 clkload649/Y
 clkload65/Y
 clkload650/X
 clkload651/X
 clkload652/Y
 clkload653/X
 clkload654/X
 clkload655/X
 clkload656/X
 clkload657/X
 clkload658/X
 clkload659/X
 clkload66/X
 clkload660/Y
 clkload661/Y
 clkload662/Y
 clkload663/Y
 clkload664/Y
 clkload665/X
 clkload666/X
 clkload667/X
 clkload668/Y
 clkload669/X
 clkload67/X
 clkload670/X
 clkload671/X
 clkload672/X
 clkload673/X
 clkload674/X
 clkload675/X
 clkload676/X
 clkload677/X
 clkload678/Y
 clkload679/Y
 clkload68/X
 clkload680/Y
 clkload681/Y
 clkload682/X
 clkload683/X
 clkload684/X
 clkload685/X
 clkload686/X
 clkload687/X
 clkload688/X
 clkload689/X
 clkload69/X
 clkload690/Y
 clkload691/X
 clkload692/X
 clkload693/Y
 clkload694/Y
 clkload695/Y
 clkload696/Y
 clkload697/Y
 clkload698/Y
 clkload699/Y
 clkload7/X
 clkload70/X
 clkload700/Y
 clkload701/X
 clkload702/Y
 clkload703/Y
 clkload704/X
 clkload705/X
 clkload706/X
 clkload707/X
 clkload708/Y
 clkload709/X
 clkload71/X
 clkload710/X
 clkload711/X
 clkload712/X
 clkload713/Y
 clkload714/Y
 clkload715/X
 clkload716/Y
 clkload717/Y
 clkload718/Y
 clkload719/Y
 clkload72/X
 clkload720/X
 clkload721/X
 clkload722/X
 clkload723/Y
 clkload724/Y
 clkload725/Y
 clkload726/X
 clkload727/X
 clkload728/X
 clkload729/X
 clkload73/X
 clkload730/Y
 clkload731/X
 clkload732/Y
 clkload733/Y
 clkload734/X
 clkload735/Y
 clkload736/Y
 clkload737/X
 clkload738/X
 clkload739/X
 clkload74/X
 clkload740/Y
 clkload741/X
 clkload742/Y
 clkload743/X
 clkload744/Y
 clkload745/Y
 clkload746/Y
 clkload747/Y
 clkload748/Y
 clkload749/X
 clkload75/X
 clkload750/X
 clkload751/Y
 clkload752/X
 clkload753/Y
 clkload754/Y
 clkload755/X
 clkload756/Y
 clkload757/X
 clkload758/X
 clkload759/Y
 clkload76/X
 clkload760/Y
 clkload761/Y
 clkload762/Y
 clkload763/Y
 clkload764/Y
 clkload765/X
 clkload766/Y
 clkload767/X
 clkload768/Y
 clkload769/Y
 clkload77/X
 clkload770/Y
 clkload771/Y
 clkload772/X
 clkload773/X
 clkload774/Y
 clkload775/X
 clkload776/X
 clkload777/Y
 clkload778/Y
 clkload779/X
 clkload78/X
 clkload780/X
 clkload781/Y
 clkload782/Y
 clkload783/Y
 clkload784/Y
 clkload785/Y
 clkload786/Y
 clkload787/X
 clkload788/Y
 clkload789/Y
 clkload79/X
 clkload790/X
 clkload791/Y
 clkload792/X
 clkload793/Y
 clkload794/Y
 clkload795/Y
 clkload796/Y
 clkload797/Y
 clkload798/Y
 clkload799/X
 clkload8/X
 clkload80/X
 clkload800/X
 clkload801/Y
 clkload802/X
 clkload803/X
 clkload804/X
 clkload805/Y
 clkload806/Y
 clkload807/X
 clkload808/X
 clkload809/Y
 clkload81/X
 clkload810/Y
 clkload811/Y
 clkload812/Y
 clkload813/Y
 clkload814/X
 clkload815/Y
 clkload816/X
 clkload817/Y
 clkload818/Y
 clkload819/Y
 clkload82/X
 clkload820/X
 clkload821/X
 clkload822/Y
 clkload823/X
 clkload824/Y
 clkload825/Y
 clkload826/X
 clkload827/Y
 clkload828/X
 clkload829/Y
 clkload83/Y
 clkload830/Y
 clkload831/Y
 clkload832/Y
 clkload833/X
 clkload834/Y
 clkload835/X
 clkload836/Y
 clkload837/Y
 clkload838/Y
 clkload839/Y
 clkload84/X
 clkload840/Y
 clkload841/Y
 clkload842/Y
 clkload843/Y
 clkload844/Y
 clkload845/Y
 clkload846/Y
 clkload847/X
 clkload848/X
 clkload849/X
 clkload85/Y
 clkload850/Y
 clkload851/X
 clkload852/Y
 clkload853/X
 clkload854/Y
 clkload855/Y
 clkload856/Y
 clkload857/X
 clkload858/Y
 clkload859/X
 clkload86/Y
 clkload860/Y
 clkload861/Y
 clkload862/Y
 clkload863/X
 clkload864/X
 clkload865/Y
 clkload866/Y
 clkload867/Y
 clkload868/Y
 clkload869/Y
 clkload87/Y
 clkload870/Y
 clkload871/X
 clkload872/Y
 clkload873/Y
 clkload874/Y
 clkload875/Y
 clkload876/Y
 clkload877/Y
 clkload878/Y
 clkload879/Y
 clkload88/Y
 clkload880/Y
 clkload881/X
 clkload882/Y
 clkload883/Y
 clkload884/Y
 clkload885/Y
 clkload886/Y
 clkload887/Y
 clkload888/Y
 clkload889/Y
 clkload89/X
 clkload890/Y
 clkload891/Y
 clkload892/Y
 clkload893/Y
 clkload894/Y
 clkload895/Y
 clkload896/Y
 clkload897/Y
 clkload898/Y
 clkload899/Y
 clkload9/X
 clkload90/X
 clkload900/Y
 clkload901/Y
 clkload902/Y
 clkload903/Y
 clkload904/Y
 clkload905/Y
 clkload906/X
 clkload907/Y
 clkload908/Y
 clkload909/Y
 clkload91/X
 clkload910/Y
 clkload911/Y
 clkload912/Y
 clkload913/Y
 clkload914/Y
 clkload915/Y
 clkload916/Y
 clkload917/Y
 clkload918/Y
 clkload919/Y
 clkload92/X
 clkload920/Y
 clkload921/Y
 clkload922/Y
 clkload923/Y
 clkload924/Y
 clkload925/Y
 clkload926/Y
 clkload927/Y
 clkload928/Y
 clkload929/X
 clkload93/X
 clkload930/Y
 clkload931/Y
 clkload932/Y
 clkload933/Y
 clkload934/Y
 clkload935/Y
 clkload936/Y
 clkload937/Y
 clkload938/Y
 clkload939/Y
 clkload94/X
 clkload940/Y
 clkload941/Y
 clkload942/Y
 clkload943/Y
 clkload944/Y
 clkload945/Y
 clkload946/Y
 clkload947/X
 clkload948/Y
 clkload949/Y
 clkload95/X
 clkload950/Y
 clkload951/Y
 clkload952/Y
 clkload953/Y
 clkload954/Y
 clkload955/Y
 clkload956/Y
 clkload957/Y
 clkload958/Y
 clkload959/Y
 clkload96/X
 clkload960/Y
 clkload961/Y
 clkload962/Y
 clkload963/Y
 clkload964/Y
 clkload965/Y
 clkload966/X
 clkload967/Y
 clkload968/Y
 clkload969/Y
 clkload97/X
 clkload970/Y
 clkload971/Y
 clkload972/Y
 clkload973/Y
 clkload974/Y
 clkload975/Y
 clkload976/Y
 clkload977/Y
 clkload978/Y
 clkload979/Y
 clkload98/X
 clkload980/Y
 clkload981/Y
 clkload982/Y
 clkload983/Y
 clkload984/Y
 clkload985/Y
 clkload986/Y
 clkload987/Y
 clkload988/Y
 clkload989/Y
 clkload99/X
 clkload990/Y
 clkload991/Y
 clkload992/Y
 clkload993/Y
 clkload994/Y
 clkload995/Y
 clkload996/Y
 clkload997/Y
 clkload998/Y
 clkload999/Y
 core_tile/HI
 core_tile_61350/HI
 core_tile_61351/HI
 core_tile_61352/HI
 core_tile_61353/HI
 core_tile_61354/HI
Found 0 partially unannotated drivers.

===========================================================================
max slew violation count 0
max fanout violation count 0
max cap violation count 0
============================================================================

===========================================================================
check_setup -verbose -unconstrained_endpoints -multiple_clock -no_clock -no_input_delay -loops -generated_clocks
===========================================================================
