Clock: clk
Sources: clk 
Generated: no
Virtual: yes
Propagated: no
Period: 20.000000

===========================================================================
report_clock_properties
============================================================================
Clock                   Period          Waveform
----------------------------------------------------
clk                  20.000000    0.000000 10.000000

===========================================================================
report_clock_latency
============================================================================
Clock clk
rise -> rise
    min     max
0.000000 0.000000 source latency
4.568647         network latency _216203_/CLK
        5.089832 network latency _223610_/CLK
---------------
4.568647 5.089832 latency
        0.521184 skew

fall -> fall
    min     max
0.000000 0.000000 source latency
4.626532         network latency _216203_/CLK
        5.102043 network latency _223610_/CLK
---------------
4.626532 5.102043 latency
        0.475510 skew



===========================================================================
report_clock_min_period
============================================================================
clk period_min = 17.92 fmax = 55.80
