Clock: clk
Sources: clk 
Generated: no
Virtual: yes
Propagated: no
Period: 20.000000

===========================================================================
report_clock_properties
============================================================================
Clock                   Period          Waveform
----------------------------------------------------
clk                  20.000000    0.000000 10.000000

===========================================================================
report_clock_latency
============================================================================
Clock clk
rise -> rise
    min     max
0.000000 0.000000 source latency
4.408029         network latency _196098_/CLK
        5.142918 network latency _194918_/CLK
---------------
4.408029 5.142918 latency
        0.734889 skew

fall -> fall
    min     max
0.000000 0.000000 source latency
4.508110         network latency _196098_/CLK
        5.136047 network latency _194918_/CLK
---------------
4.508110 5.136047 latency
        0.627938 skew



===========================================================================
report_clock_min_period
============================================================================
clk period_min = 18.79 fmax = 53.23
