Clock: clk
Sources: clk 
Generated: no
Virtual: yes
Propagated: no
Period: 24.000000

===========================================================================
report_clock_properties
============================================================================
Clock                   Period          Waveform
----------------------------------------------------
clk                  24.000000    0.000000 12.000000

===========================================================================
report_clock_latency
============================================================================
Clock clk
rise -> rise
    min     max
0.000000 0.000000 source latency
1.105656         network latency _45173_/CLK
        1.541714 network latency _46051_/CLK
---------------
1.105656 1.541714 latency
        0.436059 skew

fall -> fall
    min     max
0.000000 0.000000 source latency
0.948037         network latency _45173_/CLK
        1.337652 network latency _46051_/CLK
---------------
0.948037 1.337652 latency
        0.389615 skew



===========================================================================
report_clock_min_period
============================================================================
clk period_min = 10.09 fmax = 99.15
