
===========================================================================
report_checks -unconstrained
===========================================================================
======================= min_tt_025C_1v80 Corner ===================================

Startpoint: _2660_ (rising edge-triggered flip-flop clocked by clk)
Endpoint: _2684_ (rising edge-triggered flip-flop clocked by clk)
Path Group: clk
Path Type: max

Fanout         Cap        Slew       Delay        Time   Description
---------------------------------------------------------------------------------------------
                                  0.000000    0.000000   clock clk (rise edge)
                                  0.000000    0.000000   clock source latency
     1    0.027491    0.129135    0.089538    0.089538 ^ clk (in)
                                                         clk (net)
                      0.129150    0.000000    0.089538 ^ clkbuf_0_clk/A (sky130_fd_sc_hd__clkbuf_16)
    16    0.104940    0.120150    0.218890    0.308428 ^ clkbuf_0_clk/X (sky130_fd_sc_hd__clkbuf_16)
                                                         clknet_0_clk (net)
                      0.120391    0.004335    0.312764 ^ clkbuf_4_1_0_clk/A (sky130_fd_sc_hd__clkbuf_8)
     6    0.016805    0.046449    0.155149    0.467912 ^ clkbuf_4_1_0_clk/X (sky130_fd_sc_hd__clkbuf_8)
                                                         clknet_4_1_0_clk (net)
                      0.046449    0.000166    0.468078 ^ _2660_/CLK (sky130_fd_sc_hd__dfxtp_2)
     6    0.028839    0.150776    0.398098    0.866176 ^ _2660_/Q (sky130_fd_sc_hd__dfxtp_2)
                                                         r2_mantissa[5] (net)
                      0.150776    0.000236    0.866412 ^ place251/A (sky130_fd_sc_hd__buf_1)
     8    0.045254    0.527140    0.441683    1.308096 ^ place251/X (sky130_fd_sc_hd__buf_1)
                                                         net251 (net)
                      0.527146    0.001493    1.309589 ^ place250/A (sky130_fd_sc_hd__buf_1)
     6    0.043621    0.505644    0.463763    1.773352 ^ place250/X (sky130_fd_sc_hd__buf_1)
                                                         net250 (net)
                      0.505644    0.000342    1.773693 ^ _1388_/B1 (sky130_fd_sc_hd__a21o_2)
     3    0.008613    0.060725    0.179131    1.952825 ^ _1388_/X (sky130_fd_sc_hd__a21o_2)
                                                         _0612_ (net)
                      0.060725    0.000073    1.952897 ^ _1390_/A (sky130_fd_sc_hd__and2_4)
     5    0.015620    0.063576    0.159006    2.111903 ^ _1390_/X (sky130_fd_sc_hd__and2_4)
                                                         _0614_ (net)
                      0.063576    0.000190    2.112093 ^ place208/A (sky130_fd_sc_hd__buf_1)
     8    0.029851    0.351486    0.300567    2.412660 ^ place208/X (sky130_fd_sc_hd__buf_1)
                                                         net208 (net)
                      0.351492    0.001166    2.413826 ^ _1677_/B1 (sky130_fd_sc_hd__a22o_2)
     1    0.009061    0.067521    0.225294    2.639120 ^ _1677_/X (sky130_fd_sc_hd__a22o_2)
                                                         _0901_ (net)
                      0.067521    0.000081    2.639201 ^ _1678_/B (sky130_fd_sc_hd__xor2_2)
     3    0.012304    0.190175    0.198536    2.837737 ^ _1678_/X (sky130_fd_sc_hd__xor2_2)
                                                         _0902_ (net)
                      0.190175    0.000030    2.837767 ^ _1680_/A2 (sky130_fd_sc_hd__a21oi_2)
     2    0.016447    0.089807    0.121699    2.959466 v _1680_/Y (sky130_fd_sc_hd__a21oi_2)
                                                         _0904_ (net)
                      0.089807    0.000340    2.959805 v _1682_/A (sky130_fd_sc_hd__xor2_2)
     2    0.011114    0.091296    0.203622    3.163428 v _1682_/X (sky130_fd_sc_hd__xor2_2)
                                                         _0906_ (net)
                      0.091296    0.000041    3.163469 v _1684_/A3 (sky130_fd_sc_hd__a31o_2)
     2    0.014699    0.064220    0.295572    3.459041 v _1684_/X (sky130_fd_sc_hd__a31o_2)
                                                         _0908_ (net)
                      0.064220    0.000252    3.459292 v _1686_/A (sky130_fd_sc_hd__xor2_2)
     2    0.013366    0.095324    0.199211    3.658504 v _1686_/X (sky130_fd_sc_hd__xor2_2)
                                                         _0910_ (net)
                      0.095324    0.000095    3.658599 v _1733_/B (sky130_fd_sc_hd__xnor2_2)
     1    0.006010    0.054992    0.152136    3.810735 v _1733_/Y (sky130_fd_sc_hd__xnor2_2)
                                                         _0957_ (net)
                      0.054992    0.000128    3.810863 v _1734_/B1 (sky130_fd_sc_hd__a31o_2)
     1    0.014812    0.064444    0.250195    4.061058 v _1734_/X (sky130_fd_sc_hd__a31o_2)
                                                         _0958_ (net)
                      0.064451    0.000700    4.061758 v _1737_/B (sky130_fd_sc_hd__or4_4)
     1    0.003876    0.081715    0.507928    4.569685 v _1737_/X (sky130_fd_sc_hd__or4_4)
                                                         _0961_ (net)
                      0.081715    0.000056    4.569742 v _1738_/C1 (sky130_fd_sc_hd__o211a_2)
     1    0.009255    0.056508    0.146905    4.716647 v _1738_/X (sky130_fd_sc_hd__o211a_2)
                                                         _0962_ (net)
                      0.056508    0.000091    4.716738 v _1744_/A1 (sky130_fd_sc_hd__o21ai_4)
     3    0.012448    0.143832    0.174853    4.891591 ^ _1744_/Y (sky130_fd_sc_hd__o21ai_4)
                                                         _0968_ (net)
                      0.143832    0.000199    4.891790 ^ _1799_/A3 (sky130_fd_sc_hd__a32o_2)
     2    0.015410    0.108244    0.241509    5.133299 ^ _1799_/X (sky130_fd_sc_hd__a32o_2)
                                                         _1022_ (net)
                      0.108244    0.000242    5.133541 ^ _1899_/A1 (sky130_fd_sc_hd__a21oi_2)
     4    0.019823    0.088050    0.107151    5.240691 v _1899_/Y (sky130_fd_sc_hd__a21oi_2)
                                                         _1121_ (net)
                      0.088052    0.000609    5.241300 v _2224_/A1 (sky130_fd_sc_hd__o31a_2)
     2    0.013150    0.076564    0.392151    5.633451 v _2224_/X (sky130_fd_sc_hd__o31a_2)
                                                         _0221_ (net)
                      0.076564    0.000425    5.633877 v _2256_/A2 (sky130_fd_sc_hd__a41o_2)
     4    0.013823    0.064929    0.285687    5.919564 v _2256_/X (sky130_fd_sc_hd__a41o_2)
                                                         _0252_ (net)
                      0.064968    0.000345    5.919909 v _2285_/A1 (sky130_fd_sc_hd__a21o_2)
     2    0.005545    0.040633    0.199218    6.119127 v _2285_/X (sky130_fd_sc_hd__a21o_2)
                                                         _0280_ (net)
                      0.040633    0.000063    6.119189 v _2305_/A2 (sky130_fd_sc_hd__a311o_2)
     1    0.005909    0.061958    0.365627    6.484817 v _2305_/X (sky130_fd_sc_hd__a311o_2)
                                                         _0299_ (net)
                      0.061958    0.000099    6.484916 v _2306_/B1 (sky130_fd_sc_hd__a21oi_2)
     1    0.006226    0.114367    0.125096    6.610012 ^ _2306_/Y (sky130_fd_sc_hd__a21oi_2)
                                                         _0300_ (net)
                      0.114367    0.000090    6.610102 ^ _2307_/A2 (sky130_fd_sc_hd__o21a_4)
     1    0.002222    0.031520    0.120369    6.730470 ^ _2307_/X (sky130_fd_sc_hd__o21a_4)
                                                         _0029_ (net)
                      0.031520    0.000022    6.730493 ^ _2684_/D (sky130_fd_sc_hd__dfxtp_2)
                                              6.730493   data arrival time

                                 20.000000   20.000000   clock clk (rise edge)
                                  0.000000   20.000000   clock source latency
     1    0.027491    0.129135    0.089537   20.089539 ^ clk (in)
                                                         clk (net)
                      0.129150    0.000000   20.089539 ^ clkbuf_0_clk/A (sky130_fd_sc_hd__clkbuf_16)
    16    0.104940    0.120150    0.218892   20.308430 ^ clkbuf_0_clk/X (sky130_fd_sc_hd__clkbuf_16)
                                                         clknet_0_clk (net)
                      0.120193    0.001876   20.310305 ^ clkbuf_4_9_0_clk/A (sky130_fd_sc_hd__clkbuf_8)
     6    0.023665    0.056646    0.164519   20.474825 ^ clkbuf_4_9_0_clk/X (sky130_fd_sc_hd__clkbuf_8)
                                                         clknet_4_9_0_clk (net)
                      0.056659    0.000821   20.475645 ^ _2684_/CLK (sky130_fd_sc_hd__dfxtp_2)
                                 -0.200000   20.275644   clock uncertainty
                                  0.000000   20.275644   clock reconvergence pessimism
                                 -0.053970   20.221676   library setup time
                                             20.221676   data required time
---------------------------------------------------------------------------------------------
                                             20.221676   data required time
                                             -6.730493   data arrival time
---------------------------------------------------------------------------------------------
                                             13.491183   slack (MET)




===========================================================================
report_checks --slack_max -0.01
============================================================================
======================= min_tt_025C_1v80 Corner ===================================

No paths found.


===========================================================================
 report_check_types -max_slew -max_cap -max_fanout -violators
============================================================================
======================= min_tt_025C_1v80 Corner ===================================

max fanout

Pin                                   Limit Fanout  Slack
---------------------------------------------------------
clkbuf_0_clk/X                            8     16     -8 (VIOLATED)



===========================================================================
report_parasitic_annotation -report_unannotated
============================================================================
Found 17 unannotated drivers.
 _2620__402/HI
 _2621_/SUM
 _2621__401/HI
 clkload0/X
 clkload1/X
 clkload10/X
 clkload11/X
 clkload12/X
 clkload13/X
 clkload2/X
 clkload3/X
 clkload4/X
 clkload5/X
 clkload6/X
 clkload7/X
 clkload8/X
 clkload9/X
Found 0 partially unannotated drivers.

===========================================================================
max slew violation count 0
max fanout violation count 1
max cap violation count 0
============================================================================

===========================================================================
check_setup -verbose -unconstrained_endpoints -multiple_clock -no_clock -no_input_delay -loops -generated_clocks
===========================================================================
