Clock: clk
Sources: clk 
Generated: no
Virtual: yes
Propagated: no
Period: 20.000000

===========================================================================
report_clock_properties
============================================================================
Clock                   Period          Waveform
----------------------------------------------------
clk                  20.000000    0.000000 10.000000

===========================================================================
report_clock_latency
============================================================================
Clock clk
rise -> rise
    min     max
0.000000 0.000000 source latency
0.466668         network latency _2659_/CLK
        0.486744 network latency _2638_/CLK
---------------
0.466668 0.486744 latency
        0.020076 skew

fall -> fall
    min     max
0.000000 0.000000 source latency
0.399454         network latency _2659_/CLK
        0.414638 network latency _2638_/CLK
---------------
0.399454 0.414638 latency
        0.015184 skew



===========================================================================
report_clock_min_period
============================================================================
clk period_min = 6.51 fmax = 153.64
