Clock: clk
Sources: gpio_in[38] 
Generated: no
Virtual: yes
Propagated: no
Period: 20.000000

===========================================================================
report_clock_properties
============================================================================
Clock                   Period          Waveform
----------------------------------------------------
clk                  20.000000    0.000000 10.000000

===========================================================================
report_clock_latency
============================================================================
Clock clk
rise -> rise
    min     max
0.000000 0.000000 source latency
4.511553         network latency _3807_/CLK
        7.366127 network latency _4236_/CLK
---------------
4.511553 7.366127 latency
        2.854573 skew

fall -> fall
    min     max
0.000000 0.000000 source latency
4.959206         network latency _3807_/CLK
        7.676792 network latency _4236_/CLK
---------------
4.959206 7.676792 latency
        2.717586 skew



===========================================================================
report_clock_min_period
============================================================================
clk period_min = 9.00 fmax = 111.06
