Clock: clk
Sources: clk 
Generated: no
Virtual: yes
Propagated: no
Period: 20.000000

===========================================================================
report_clock_properties
============================================================================
Clock                   Period          Waveform
----------------------------------------------------
clk                  20.000000    0.000000 10.000000

===========================================================================
report_clock_latency
============================================================================
Clock clk
rise -> rise
    min     max
0.000000 0.000000 source latency
4.618724         network latency _258549_/CLK
        5.190051 network latency _261836_/CLK
---------------
4.618724 5.190051 latency
        0.571327 skew

fall -> fall
    min     max
0.000000 0.000000 source latency
4.675079         network latency _258549_/CLK
        5.187135 network latency _261836_/CLK
---------------
4.675079 5.187135 latency
        0.512056 skew



===========================================================================
report_clock_min_period
============================================================================
clk period_min = 17.70 fmax = 56.49
