Clock: clk
Sources: clk 
Generated: no
Virtual: yes
Propagated: no
Period: 20.000000

===========================================================================
report_clock_properties
============================================================================
Clock                   Period          Waveform
----------------------------------------------------
clk                  20.000000    0.000000 10.000000

===========================================================================
report_clock_latency
============================================================================
Clock clk
rise -> rise
    min     max
0.000000 0.000000 source latency
1.872347         network latency _255942_/CLK
        2.111293 network latency _261836_/CLK
---------------
1.872347 2.111293 latency
        0.238946 skew

fall -> fall
    min     max
0.000000 0.000000 source latency
1.963741         network latency _255942_/CLK
        2.193443 network latency _261836_/CLK
---------------
1.963741 2.193443 latency
        0.229702 skew



===========================================================================
report_clock_min_period
============================================================================
clk period_min = 5.53 fmax = 180.70
