
===========================================================================
report_checks -unconstrained
===========================================================================
======================= nom_tt_025C_1v80 Corner ===================================

Startpoint: _4006_ (rising edge-triggered flip-flop clocked by clk)
Endpoint: gpio_out[19] (output port clocked by clk)
Path Group: clk
Path Type: max

Fanout         Cap        Slew       Delay        Time   Description
---------------------------------------------------------------------------------------------
                                  0.000000    0.000000   clock clk (rise edge)
                                  0.000000    0.000000   clock source latency
     2    0.029746    0.000000    0.000000    0.000000 ^ gpio_in[38] (in)
                                                         gpio_in[38] (net)
                      0.003675    0.001838    0.001838 ^ delaybuf_0_clk/A (sky130_fd_sc_hd__clkbuf_16)
     1    0.011540    0.034680    0.102750    0.104588 ^ delaybuf_0_clk/X (sky130_fd_sc_hd__clkbuf_16)
                                                         delaynet_0_clk (net)
                      0.034680    0.000531    0.105119 ^ delaybuf_1_clk/A (sky130_fd_sc_hd__clkbuf_16)
     1    0.011592    0.034710    0.113546    0.218665 ^ delaybuf_1_clk/X (sky130_fd_sc_hd__clkbuf_16)
                                                         delaynet_1_clk (net)
                      0.034711    0.000538    0.219203 ^ delaybuf_2_clk/A (sky130_fd_sc_hd__clkbuf_16)
     1    0.011509    0.034636    0.113504    0.332707 ^ delaybuf_2_clk/X (sky130_fd_sc_hd__clkbuf_16)
                                                         delaynet_2_clk (net)
                      0.034636    0.000427    0.333134 ^ delaybuf_3_clk/A (sky130_fd_sc_hd__clkbuf_16)
     1    0.011615    0.034730    0.113552    0.446686 ^ delaybuf_3_clk/X (sky130_fd_sc_hd__clkbuf_16)
                                                         delaynet_3_clk (net)
                      0.034730    0.000536    0.447222 ^ delaybuf_4_clk/A (sky130_fd_sc_hd__clkbuf_16)
     1    0.011427    0.034570    0.113408    0.560630 ^ delaybuf_4_clk/X (sky130_fd_sc_hd__clkbuf_16)
                                                         delaynet_4_clk (net)
                      0.034570    0.000519    0.561149 ^ delaybuf_5_clk/A (sky130_fd_sc_hd__clkbuf_16)
     1    0.011834    0.034913    0.113758    0.674907 ^ delaybuf_5_clk/X (sky130_fd_sc_hd__clkbuf_16)
                                                         delaynet_5_clk (net)
                      0.034913    0.000449    0.675357 ^ delaybuf_6_clk/A (sky130_fd_sc_hd__clkbuf_16)
     1    0.011697    0.034798    0.113741    0.789097 ^ delaybuf_6_clk/X (sky130_fd_sc_hd__clkbuf_16)
                                                         delaynet_6_clk (net)
                      0.034798    0.000511    0.789609 ^ delaybuf_7_clk/A (sky130_fd_sc_hd__clkbuf_16)
     1    0.019014    0.041002    0.120374    0.909983 ^ delaybuf_7_clk/X (sky130_fd_sc_hd__clkbuf_16)
                                                         delaynet_7_clk (net)
                      0.041022    0.001577    0.911561 ^ wire2250/A (sky130_fd_sc_hd__buf_6)
     1    0.017328    0.046043    0.099738    1.011299 ^ wire2250/X (sky130_fd_sc_hd__buf_6)
                                                         net2250 (net)
                      0.046138    0.001394    1.012692 ^ wire2249/A (sky130_fd_sc_hd__buf_6)
     1    0.112903    0.225863    0.196261    1.208953 ^ wire2249/X (sky130_fd_sc_hd__buf_6)
                                                         net2249 (net)
                      0.249433    0.055689    1.264642 ^ wire2248/A (sky130_fd_sc_hd__buf_6)
     1    0.029862    0.070712    0.170430    1.435073 ^ wire2248/X (sky130_fd_sc_hd__buf_6)
                                                         net2248 (net)
                      0.071251    0.004846    1.439918 ^ delaybuf_8_clk/A (sky130_fd_sc_hd__clkbuf_16)
     1    0.018516    0.040649    0.133218    1.573136 ^ delaybuf_8_clk/X (sky130_fd_sc_hd__clkbuf_16)
                                                         delaynet_8_clk (net)
                      0.040674    0.001530    1.574666 ^ delaybuf_9_clk/A (sky130_fd_sc_hd__clkbuf_16)
     1    0.018677    0.040765    0.122182    1.696848 ^ delaybuf_9_clk/X (sky130_fd_sc_hd__clkbuf_16)
                                                         delaynet_9_clk (net)
                      0.040790    0.001512    1.698360 ^ delaybuf_10_clk/A (sky130_fd_sc_hd__clkbuf_16)
     1    0.021235    0.042942    0.124496    1.822856 ^ delaybuf_10_clk/X (sky130_fd_sc_hd__clkbuf_16)
                                                         delaynet_10_clk (net)
                      0.043096    0.001870    1.824726 ^ delaybuf_11_clk/A (sky130_fd_sc_hd__clkbuf_16)
     1    0.020700    0.042489    0.124825    1.949551 ^ delaybuf_11_clk/X (sky130_fd_sc_hd__clkbuf_16)
                                                         delaynet_11_clk (net)
                      0.042611    0.001853    1.951403 ^ delaybuf_12_clk/A (sky130_fd_sc_hd__clkbuf_16)
     1    0.019046    0.041079    0.123207    2.074610 ^ delaybuf_12_clk/X (sky130_fd_sc_hd__clkbuf_16)
                                                         delaynet_12_clk (net)
                      0.041107    0.001556    2.076166 ^ delaybuf_13_clk/A (sky130_fd_sc_hd__clkbuf_16)
     1    0.016810    0.039140    0.120641    2.196807 ^ delaybuf_13_clk/X (sky130_fd_sc_hd__clkbuf_16)
                                                         delaynet_13_clk (net)
                      0.039158    0.001319    2.198127 ^ delaybuf_14_clk/A (sky130_fd_sc_hd__clkbuf_16)
     1    0.020855    0.042619    0.123610    2.321736 ^ delaybuf_14_clk/X (sky130_fd_sc_hd__clkbuf_16)
                                                         delaynet_14_clk (net)
                      0.042732    0.001707    2.323443 ^ delaybuf_15_clk/A (sky130_fd_sc_hd__clkbuf_16)
     1    0.019833    0.041752    0.123982    2.447425 ^ delaybuf_15_clk/X (sky130_fd_sc_hd__clkbuf_16)
                                                         delaynet_15_clk (net)
                      0.041803    0.001518    2.448944 ^ delaybuf_16_clk/A (sky130_fd_sc_hd__clkbuf_16)
     1    0.022343    0.043922    0.125936    2.574880 ^ delaybuf_16_clk/X (sky130_fd_sc_hd__clkbuf_16)
                                                         delaynet_16_clk (net)
                      0.044096    0.001921    2.576801 ^ delaybuf_17_clk/A (sky130_fd_sc_hd__clkbuf_16)
     1    0.017797    0.039970    0.122618    2.699419 ^ delaybuf_17_clk/X (sky130_fd_sc_hd__clkbuf_16)
                                                         delaynet_17_clk (net)
                      0.039992    0.001418    2.700836 ^ delaybuf_18_clk/A (sky130_fd_sc_hd__clkbuf_16)
     1    0.018338    0.040478    0.121620    2.822457 ^ delaybuf_18_clk/X (sky130_fd_sc_hd__clkbuf_16)
                                                         delaynet_18_clk (net)
                      0.040501    0.001449    2.823905 ^ delaybuf_19_clk/A (sky130_fd_sc_hd__clkbuf_16)
     1    0.020890    0.042650    0.124032    2.947938 ^ delaybuf_19_clk/X (sky130_fd_sc_hd__clkbuf_16)
                                                         delaynet_19_clk (net)
                      0.042791    0.001902    2.949839 ^ delaybuf_20_clk/A (sky130_fd_sc_hd__clkbuf_16)
     1    0.020942    0.042693    0.124959    3.074799 ^ delaybuf_20_clk/X (sky130_fd_sc_hd__clkbuf_16)
                                                         delaynet_20_clk (net)
                      0.042814    0.001673    3.076471 ^ clkbuf_regs_0_clk/A (sky130_fd_sc_hd__clkbuf_16)
     1    0.008892    0.032386    0.113972    3.190443 ^ clkbuf_regs_0_clk/X (sky130_fd_sc_hd__clkbuf_16)
                                                         gpio_in[38]_regs (net)
                      0.032387    0.000288    3.190731 ^ clkbuf_0_gpio_in[38]_regs/A (sky130_fd_sc_hd__clkbuf_16)
     2    0.070484    0.089316    0.151785    3.342516 ^ clkbuf_0_gpio_in[38]_regs/X (sky130_fd_sc_hd__clkbuf_16)
                                                         clknet_0_gpio_in[38]_regs (net)
                      0.094003    0.015793    3.358310 ^ clkbuf_1_1_0_gpio_in[38]_regs/A (sky130_fd_sc_hd__clkbuf_16)
     1    0.087710    0.105934    0.185156    3.543466 ^ clkbuf_1_1_0_gpio_in[38]_regs/X (sky130_fd_sc_hd__clkbuf_16)
                                                         clknet_1_1_0_gpio_in[38]_regs (net)
                      0.113478    0.021896    3.565362 ^ clkbuf_1_1_1_gpio_in[38]_regs/A (sky130_fd_sc_hd__clkbuf_16)
     2    0.060113    0.078858    0.178136    3.743499 ^ clkbuf_1_1_1_gpio_in[38]_regs/X (sky130_fd_sc_hd__clkbuf_16)
                                                         clknet_1_1_1_gpio_in[38]_regs (net)
                      0.080561    0.009048    3.752547 ^ clkbuf_2_3_0_gpio_in[38]_regs/A (sky130_fd_sc_hd__clkbuf_16)
     1    0.089153    0.106102    0.188214    3.940761 ^ clkbuf_2_3_0_gpio_in[38]_regs/X (sky130_fd_sc_hd__clkbuf_16)
                                                         clknet_2_3_0_gpio_in[38]_regs (net)
                      0.106937    0.007524    3.948285 ^ clkbuf_2_3_1_gpio_in[38]_regs/A (sky130_fd_sc_hd__clkbuf_16)
     2    0.079944    0.097217    0.191955    4.140240 ^ clkbuf_2_3_1_gpio_in[38]_regs/X (sky130_fd_sc_hd__clkbuf_16)
                                                         clknet_2_3_1_gpio_in[38]_regs (net)
                      0.098056    0.007180    4.147420 ^ clkbuf_3_7_0_gpio_in[38]_regs/A (sky130_fd_sc_hd__clkbuf_16)
     2    0.027180    0.048316    0.151049    4.298469 ^ clkbuf_3_7_0_gpio_in[38]_regs/X (sky130_fd_sc_hd__clkbuf_16)
                                                         clknet_3_7_0_gpio_in[38]_regs (net)
                      0.048466    0.001806    4.300275 ^ clkbuf_4_15_0_gpio_in[38]_regs/A (sky130_fd_sc_hd__clkbuf_16)
     2    0.090404    0.107234    0.177905    4.478180 ^ clkbuf_4_15_0_gpio_in[38]_regs/X (sky130_fd_sc_hd__clkbuf_16)
                                                         clknet_4_15_0_gpio_in[38]_regs (net)
                      0.107876    0.006652    4.484832 ^ clkbuf_5_30_0_gpio_in[38]_regs/A (sky130_fd_sc_hd__clkbuf_16)
     2    0.037924    0.057727    0.162419    4.647251 ^ clkbuf_5_30_0_gpio_in[38]_regs/X (sky130_fd_sc_hd__clkbuf_16)
                                                         clknet_5_30_0_gpio_in[38]_regs (net)
                      0.058234    0.003185    4.650435 ^ clkbuf_6_60__f_gpio_in[38]_regs/A (sky130_fd_sc_hd__clkbuf_16)
     3    0.035983    0.056151    0.143586    4.794021 ^ clkbuf_6_60__f_gpio_in[38]_regs/X (sky130_fd_sc_hd__clkbuf_16)
                                                         clknet_6_60__leaf_gpio_in[38]_regs (net)
                      0.056172    0.000393    4.794414 ^ clkbuf_leaf_168_gpio_in[38]_regs/A (sky130_fd_sc_hd__clkbuf_16)
     6    0.021549    0.043178    0.130964    4.925377 ^ clkbuf_leaf_168_gpio_in[38]_regs/X (sky130_fd_sc_hd__clkbuf_16)
                                                         clknet_leaf_168_gpio_in[38]_regs (net)
                      0.043181    0.000260    4.925637 ^ _4006_/CLK (sky130_fd_sc_hd__dfxtp_4)
     2    0.108443    0.305632    0.531238    5.456875 ^ _4006_/Q (sky130_fd_sc_hd__dfxtp_4)
                                                         bus_req (net)
                      0.305865    0.007681    5.464556 ^ wire1424/A (sky130_fd_sc_hd__buf_8)
     2    0.089676    0.150285    0.229428    5.693984 ^ wire1424/X (sky130_fd_sc_hd__buf_8)
                                                         net1424 (net)
                      0.151441    0.010565    5.704549 ^ wire1423/A (sky130_fd_sc_hd__buf_6)
     1    0.074705    0.152431    0.210338    5.914886 ^ wire1423/X (sky130_fd_sc_hd__buf_6)
                                                         net1423 (net)
                      0.152637    0.004594    5.919480 ^ wire1422/A (sky130_fd_sc_hd__buf_6)
     1    0.057146    0.121181    0.179946    6.099426 ^ wire1422/X (sky130_fd_sc_hd__buf_6)
                                                         net1422 (net)
                      0.125079    0.017043    6.116470 ^ wire1421/A (sky130_fd_sc_hd__buf_6)
     1    0.045540    0.098529    0.162246    6.278716 ^ wire1421/X (sky130_fd_sc_hd__buf_6)
                                                         net1421 (net)
                      0.100789    0.011698    6.290414 ^ _4805_/A (sky130_fd_sc_hd__clkbuf_2)
     1    0.032811    0.181699    0.220144    6.510559 ^ _4805_/X (sky130_fd_sc_hd__clkbuf_2)
                                                         net31 (net)
                      0.181930    0.005285    6.515843 ^ wire3014/A (sky130_fd_sc_hd__buf_4)
     1    0.031935    0.097414    0.194359    6.710202 ^ wire3014/X (sky130_fd_sc_hd__buf_4)
                                                         net3014 (net)
                      0.097823    0.005040    6.715243 ^ wire3013/A (sky130_fd_sc_hd__buf_6)
     2    0.073587    0.151246    0.185251    6.900494 ^ wire3013/X (sky130_fd_sc_hd__buf_6)
                                                         net3013 (net)
                      0.156626    0.022432    6.922925 ^ wire688/A (sky130_fd_sc_hd__buf_6)
     1    0.005101    0.026670    0.115444    7.038370 ^ wire688/X (sky130_fd_sc_hd__buf_6)
                                                         net688 (net)
                      0.026670    0.000182    7.038551 ^ output31/A (sky130_fd_sc_hd__buf_2)
     1    0.003565    0.029996    0.086976    7.125527 ^ output31/X (sky130_fd_sc_hd__buf_2)
                                                         gpio_out[19] (net)
                      0.029996    0.000111    7.125638 ^ gpio_out[19] (out)
                                              7.125638   data arrival time

                                 20.000000   20.000000   clock clk (rise edge)
                                  0.000000   20.000000   clock network delay (propagated)
                                 -0.250000   19.750002   clock uncertainty
                                  0.000000   19.750002   clock reconvergence pessimism
                                 -4.000000   15.750001   output external delay
                                             15.750001   data required time
---------------------------------------------------------------------------------------------
                                             15.750001   data required time
                                             -7.125638   data arrival time
---------------------------------------------------------------------------------------------
                                              8.624362   slack (MET)




===========================================================================
report_checks --slack_max -0.01
============================================================================
======================= nom_tt_025C_1v80 Corner ===================================

No paths found.


===========================================================================
 report_check_types -max_slew -max_cap -max_fanout -violators
============================================================================
======================= nom_tt_025C_1v80 Corner ===================================



===========================================================================
report_parasitic_annotation -report_unannotated
============================================================================
Found 927 unannotated drivers.
 analog_io[0]
 analog_io[10]
 analog_io[11]
 analog_io[12]
 analog_io[13]
 analog_io[14]
 analog_io[15]
 analog_io[16]
 analog_io[17]
 analog_io[18]
 analog_io[19]
 analog_io[1]
 analog_io[20]
 analog_io[21]
 analog_io[22]
 analog_io[23]
 analog_io[24]
 analog_io[25]
 analog_io[26]
 analog_io[27]
 analog_io[28]
 analog_io[29]
 analog_io[2]
 analog_io[30]
 analog_io[31]
 analog_io[32]
 analog_io[33]
 analog_io[34]
 analog_io[35]
 analog_io[36]
 analog_io[37]
 analog_io[38]
 analog_io[39]
 analog_io[3]
 analog_io[40]
 analog_io[41]
 analog_io[42]
 analog_io[43]
 analog_io[4]
 analog_io[5]
 analog_io[6]
 analog_io[7]
 analog_io[8]
 analog_io[9]
 analog_noesd_io[0]
 analog_noesd_io[10]
 analog_noesd_io[11]
 analog_noesd_io[12]
 analog_noesd_io[13]
 analog_noesd_io[14]
 analog_noesd_io[15]
 analog_noesd_io[16]
 analog_noesd_io[17]
 analog_noesd_io[18]
 analog_noesd_io[19]
 analog_noesd_io[1]
 analog_noesd_io[20]
 analog_noesd_io[21]
 analog_noesd_io[22]
 analog_noesd_io[23]
 analog_noesd_io[24]
 analog_noesd_io[25]
 analog_noesd_io[26]
 analog_noesd_io[27]
 analog_noesd_io[28]
 analog_noesd_io[29]
 analog_noesd_io[2]
 analog_noesd_io[30]
 analog_noesd_io[31]
 analog_noesd_io[32]
 analog_noesd_io[33]
 analog_noesd_io[34]
 analog_noesd_io[35]
 analog_noesd_io[36]
 analog_noesd_io[37]
 analog_noesd_io[38]
 analog_noesd_io[39]
 analog_noesd_io[3]
 analog_noesd_io[40]
 analog_noesd_io[41]
 analog_noesd_io[42]
 analog_noesd_io[43]
 analog_noesd_io[4]
 analog_noesd_io[5]
 analog_noesd_io[6]
 analog_noesd_io[7]
 analog_noesd_io[8]
 analog_noesd_io[9]
 gpio_in[0]
 gpio_in[10]
 gpio_in[11]
 gpio_in[12]
 gpio_in[13]
 gpio_in[14]
 gpio_in[15]
 gpio_in[16]
 gpio_in[17]
 gpio_in[18]
 gpio_in[19]
 gpio_in[1]
 gpio_in[22]
 gpio_in[23]
 gpio_in[2]
 gpio_in[3]
 gpio_in[41]
 gpio_in[42]
 gpio_in[43]
 gpio_in[4]
 gpio_in[5]
 gpio_in[6]
 gpio_in[7]
 gpio_in[8]
 gpio_in[9]
 gpio_in_h[0]
 gpio_in_h[10]
 gpio_in_h[11]
 gpio_in_h[12]
 gpio_in_h[13]
 gpio_in_h[14]
 gpio_in_h[15]
 gpio_in_h[16]
 gpio_in_h[17]
 gpio_in_h[18]
 gpio_in_h[19]
 gpio_in_h[1]
 gpio_in_h[20]
 gpio_in_h[21]
 gpio_in_h[22]
 gpio_in_h[23]
 gpio_in_h[24]
 gpio_in_h[25]
 gpio_in_h[26]
 gpio_in_h[27]
 gpio_in_h[28]
 gpio_in_h[29]
 gpio_in_h[2]
 gpio_in_h[30]
 gpio_in_h[31]
 gpio_in_h[32]
 gpio_in_h[33]
 gpio_in_h[34]
 gpio_in_h[35]
 gpio_in_h[36]
 gpio_in_h[37]
 gpio_in_h[38]
 gpio_in_h[39]
 gpio_in_h[3]
 gpio_in_h[40]
 gpio_in_h[41]
 gpio_in_h[42]
 gpio_in_h[43]
 gpio_in_h[4]
 gpio_in_h[5]
 gpio_in_h[6]
 gpio_in_h[7]
 gpio_in_h[8]
 gpio_in_h[9]
 gpio_loopback_one[0]
 gpio_loopback_one[10]
 gpio_loopback_one[11]
 gpio_loopback_one[12]
 gpio_loopback_one[13]
 gpio_loopback_one[14]
 gpio_loopback_one[15]
 gpio_loopback_one[16]
 gpio_loopback_one[17]
 gpio_loopback_one[18]
 gpio_loopback_one[19]
 gpio_loopback_one[1]
 gpio_loopback_one[20]
 gpio_loopback_one[21]
 gpio_loopback_one[22]
 gpio_loopback_one[23]
 gpio_loopback_one[24]
 gpio_loopback_one[25]
 gpio_loopback_one[26]
 gpio_loopback_one[27]
 gpio_loopback_one[28]
 gpio_loopback_one[29]
 gpio_loopback_one[2]
 gpio_loopback_one[30]
 gpio_loopback_one[31]
 gpio_loopback_one[32]
 gpio_loopback_one[33]
 gpio_loopback_one[34]
 gpio_loopback_one[35]
 gpio_loopback_one[36]
 gpio_loopback_one[37]
 gpio_loopback_one[38]
 gpio_loopback_one[39]
 gpio_loopback_one[3]
 gpio_loopback_one[40]
 gpio_loopback_one[41]
 gpio_loopback_one[42]
 gpio_loopback_one[43]
 gpio_loopback_one[4]
 gpio_loopback_one[5]
 gpio_loopback_one[6]
 gpio_loopback_one[7]
 gpio_loopback_one[8]
 gpio_loopback_one[9]
 gpio_loopback_zero[0]
 gpio_loopback_zero[10]
 gpio_loopback_zero[11]
 gpio_loopback_zero[12]
 gpio_loopback_zero[13]
 gpio_loopback_zero[14]
 gpio_loopback_zero[15]
 gpio_loopback_zero[16]
 gpio_loopback_zero[17]
 gpio_loopback_zero[18]
 gpio_loopback_zero[19]
 gpio_loopback_zero[1]
 gpio_loopback_zero[20]
 gpio_loopback_zero[21]
 gpio_loopback_zero[22]
 gpio_loopback_zero[23]
 gpio_loopback_zero[24]
 gpio_loopback_zero[25]
 gpio_loopback_zero[26]
 gpio_loopback_zero[27]
 gpio_loopback_zero[28]
 gpio_loopback_zero[29]
 gpio_loopback_zero[2]
 gpio_loopback_zero[30]
 gpio_loopback_zero[31]
 gpio_loopback_zero[32]
 gpio_loopback_zero[33]
 gpio_loopback_zero[34]
 gpio_loopback_zero[35]
 gpio_loopback_zero[36]
 gpio_loopback_zero[37]
 gpio_loopback_zero[38]
 gpio_loopback_zero[39]
 gpio_loopback_zero[3]
 gpio_loopback_zero[40]
 gpio_loopback_zero[41]
 gpio_loopback_zero[42]
 gpio_loopback_zero[43]
 gpio_loopback_zero[4]
 gpio_loopback_zero[5]
 gpio_loopback_zero[6]
 gpio_loopback_zero[7]
 gpio_loopback_zero[8]
 gpio_loopback_zero[9]
 mask_rev[0]
 mask_rev[10]
 mask_rev[11]
 mask_rev[12]
 mask_rev[13]
 mask_rev[14]
 mask_rev[15]
 mask_rev[16]
 mask_rev[17]
 mask_rev[18]
 mask_rev[19]
 mask_rev[1]
 mask_rev[20]
 mask_rev[21]
 mask_rev[22]
 mask_rev[23]
 mask_rev[24]
 mask_rev[25]
 mask_rev[26]
 mask_rev[27]
 mask_rev[28]
 mask_rev[29]
 mask_rev[2]
 mask_rev[30]
 mask_rev[31]
 mask_rev[3]
 mask_rev[4]
 mask_rev[5]
 mask_rev[6]
 mask_rev[7]
 mask_rev[8]
 mask_rev[9]
 por_l
 porb_h
 resetb_h
 _4236__2100/LO
 chip.gpu_inst.tiles\[0\].tile/data_mem_read_address[16]
 chip.gpu_inst.tiles\[0\].tile/data_mem_read_address[17]
 chip.gpu_inst.tiles\[0\].tile/data_mem_read_address[18]
 chip.gpu_inst.tiles\[0\].tile/data_mem_write_address[16]
 chip.gpu_inst.tiles\[0\].tile/data_mem_write_address[17]
 chip.gpu_inst.tiles\[0\].tile/data_mem_write_address[18]
 chip.gpu_inst.tiles\[1\].tile/data_mem_read_address[16]
 chip.gpu_inst.tiles\[1\].tile/data_mem_read_address[17]
 chip.gpu_inst.tiles\[1\].tile/data_mem_read_address[18]
 chip.gpu_inst.tiles\[1\].tile/data_mem_write_address[16]
 chip.gpu_inst.tiles\[1\].tile/data_mem_write_address[17]
 chip.gpu_inst.tiles\[1\].tile/data_mem_write_address[18]
 chip.gpu_inst.tiles\[2\].tile/data_mem_read_address[16]
 chip.gpu_inst.tiles\[2\].tile/data_mem_read_address[17]
 chip.gpu_inst.tiles\[2\].tile/data_mem_read_address[18]
 chip.gpu_inst.tiles\[2\].tile/data_mem_write_address[16]
 chip.gpu_inst.tiles\[2\].tile/data_mem_write_address[17]
 chip.gpu_inst.tiles\[2\].tile/data_mem_write_address[18]
 chip.gpu_inst.tiles\[3\].tile/data_mem_read_address[16]
 chip.gpu_inst.tiles\[3\].tile/data_mem_read_address[17]
 chip.gpu_inst.tiles\[3\].tile/data_mem_read_address[18]
 chip.gpu_inst.tiles\[3\].tile/data_mem_write_address[16]
 chip.gpu_inst.tiles\[3\].tile/data_mem_write_address[17]
 chip.gpu_inst.tiles\[3\].tile/data_mem_write_address[18]
 clkload0/Y
 clkload1/Y
 clkload10/X
 clkload11/X
 clkload12/Y
 clkload13/X
 clkload14/Y
 clkload15/X
 clkload16/X
 clkload17/X
 clkload18/Y
 clkload19/Y
 clkload2/X
 clkload20/Y
 clkload21/Y
 clkload22/Y
 clkload23/X
 clkload24/X
 clkload25/Y
 clkload26/X
 clkload27/X
 clkload28/X
 clkload29/Y
 clkload3/X
 clkload30/Y
 clkload31/X
 clkload32/Y
 clkload33/X
 clkload34/X
 clkload35/X
 clkload36/Y
 clkload37/Y
 clkload38/Y
 clkload39/Y
 clkload4/Y
 clkload40/Y
 clkload41/Y
 clkload42/Y
 clkload43/Y
 clkload44/Y
 clkload45/Y
 clkload46/Y
 clkload47/Y
 clkload48/Y
 clkload49/Y
 clkload5/Y
 clkload50/Y
 clkload51/Y
 clkload52/X
 clkload53/X
 clkload54/X
 clkload55/X
 clkload56/X
 clkload57/Y
 clkload58/Y
 clkload59/Y
 clkload6/X
 clkload60/X
 clkload61/Y
 clkload62/Y
 clkload63/Y
 clkload64/Y
 clkload65/Y
 clkload66/Y
 clkload67/X
 clkload68/Y
 clkload69/X
 clkload7/X
 clkload70/X
 clkload71/X
 clkload72/Y
 clkload73/X
 clkload74/X
 clkload8/Y
 clkload9/X
 openframe_project_wrapper/HI
 openframe_project_wrapper_1669/HI
 openframe_project_wrapper_1670/HI
 openframe_project_wrapper_1671/HI
 openframe_project_wrapper_1672/HI
 openframe_project_wrapper_1673/HI
 openframe_project_wrapper_1674/HI
 openframe_project_wrapper_1675/HI
 openframe_project_wrapper_1676/HI
 openframe_project_wrapper_1677/HI
 openframe_project_wrapper_1678/HI
 openframe_project_wrapper_1679/HI
 openframe_project_wrapper_1680/HI
 openframe_project_wrapper_1681/HI
 openframe_project_wrapper_1682/HI
 openframe_project_wrapper_1683/HI
 openframe_project_wrapper_1684/HI
 openframe_project_wrapper_1685/HI
 openframe_project_wrapper_1686/HI
 openframe_project_wrapper_1687/HI
 openframe_project_wrapper_1688/HI
 openframe_project_wrapper_1689/HI
 openframe_project_wrapper_1690/HI
 openframe_project_wrapper_1691/HI
 openframe_project_wrapper_1692/HI
 openframe_project_wrapper_1693/HI
 openframe_project_wrapper_1694/HI
 openframe_project_wrapper_1695/HI
 openframe_project_wrapper_1696/HI
 openframe_project_wrapper_1697/HI
 openframe_project_wrapper_1698/HI
 openframe_project_wrapper_1699/HI
 openframe_project_wrapper_1700/HI
 openframe_project_wrapper_1701/HI
 openframe_project_wrapper_1702/HI
 openframe_project_wrapper_1703/HI
 openframe_project_wrapper_1704/HI
 openframe_project_wrapper_1705/HI
 openframe_project_wrapper_1706/HI
 openframe_project_wrapper_1707/HI
 openframe_project_wrapper_1708/HI
 openframe_project_wrapper_1709/HI
 openframe_project_wrapper_1710/HI
 openframe_project_wrapper_1711/HI
 openframe_project_wrapper_1712/HI
 openframe_project_wrapper_1713/HI
 openframe_project_wrapper_1714/HI
 openframe_project_wrapper_1715/HI
 openframe_project_wrapper_1716/HI
 openframe_project_wrapper_1717/HI
 openframe_project_wrapper_1718/HI
 openframe_project_wrapper_1719/HI
 openframe_project_wrapper_1720/HI
 openframe_project_wrapper_1721/HI
 openframe_project_wrapper_1722/HI
 openframe_project_wrapper_1723/HI
 openframe_project_wrapper_1724/HI
 openframe_project_wrapper_1725/HI
 openframe_project_wrapper_1726/HI
 openframe_project_wrapper_1727/HI
 openframe_project_wrapper_1728/HI
 openframe_project_wrapper_1729/HI
 openframe_project_wrapper_1730/HI
 openframe_project_wrapper_1731/HI
 openframe_project_wrapper_1732/HI
 openframe_project_wrapper_1733/HI
 openframe_project_wrapper_1734/HI
 openframe_project_wrapper_1735/HI
 openframe_project_wrapper_1736/HI
 openframe_project_wrapper_1737/HI
 openframe_project_wrapper_1738/HI
 openframe_project_wrapper_1739/HI
 openframe_project_wrapper_1740/HI
 openframe_project_wrapper_1741/HI
 openframe_project_wrapper_1742/HI
 openframe_project_wrapper_1743/HI
 openframe_project_wrapper_1744/HI
 openframe_project_wrapper_1745/HI
 openframe_project_wrapper_1746/HI
 openframe_project_wrapper_1747/HI
 openframe_project_wrapper_1748/HI
 openframe_project_wrapper_1749/HI
 openframe_project_wrapper_1750/HI
 openframe_project_wrapper_1751/HI
 openframe_project_wrapper_1752/HI
 openframe_project_wrapper_1753/HI
 openframe_project_wrapper_1754/HI
 openframe_project_wrapper_1755/HI
 openframe_project_wrapper_1756/HI
 openframe_project_wrapper_1757/HI
 openframe_project_wrapper_1758/HI
 openframe_project_wrapper_1759/HI
 openframe_project_wrapper_1760/HI
 openframe_project_wrapper_1761/HI
 openframe_project_wrapper_1762/HI
 openframe_project_wrapper_1763/HI
 openframe_project_wrapper_1764/HI
 openframe_project_wrapper_1765/HI
 openframe_project_wrapper_1766/HI
 openframe_project_wrapper_1767/HI
 openframe_project_wrapper_1768/HI
 openframe_project_wrapper_1769/HI
 openframe_project_wrapper_1770/HI
 openframe_project_wrapper_1771/HI
 openframe_project_wrapper_1772/HI
 openframe_project_wrapper_1773/HI
 openframe_project_wrapper_1774/HI
 openframe_project_wrapper_1775/HI
 openframe_project_wrapper_1776/HI
 openframe_project_wrapper_1777/HI
 openframe_project_wrapper_1778/HI
 openframe_project_wrapper_1779/HI
 openframe_project_wrapper_1780/HI
 openframe_project_wrapper_1781/HI
 openframe_project_wrapper_1782/HI
 openframe_project_wrapper_1783/HI
 openframe_project_wrapper_1784/HI
 openframe_project_wrapper_1785/HI
 openframe_project_wrapper_1786/HI
 openframe_project_wrapper_1787/HI
 openframe_project_wrapper_1788/HI
 openframe_project_wrapper_1789/HI
 openframe_project_wrapper_1790/HI
 openframe_project_wrapper_1791/HI
 openframe_project_wrapper_1792/HI
 openframe_project_wrapper_1793/HI
 openframe_project_wrapper_1794/HI
 openframe_project_wrapper_1795/HI
 openframe_project_wrapper_1796/HI
 openframe_project_wrapper_1797/HI
 openframe_project_wrapper_1798/HI
 openframe_project_wrapper_1799/HI
 openframe_project_wrapper_1800/HI
 openframe_project_wrapper_1801/HI
 openframe_project_wrapper_1802/HI
 openframe_project_wrapper_1803/HI
 openframe_project_wrapper_1804/HI
 openframe_project_wrapper_1805/HI
 openframe_project_wrapper_1806/HI
 openframe_project_wrapper_1807/HI
 openframe_project_wrapper_1808/HI
 openframe_project_wrapper_1809/HI
 openframe_project_wrapper_1810/HI
 openframe_project_wrapper_1811/HI
 openframe_project_wrapper_1812/HI
 openframe_project_wrapper_1813/HI
 openframe_project_wrapper_1814/HI
 openframe_project_wrapper_1815/HI
 openframe_project_wrapper_1816/HI
 openframe_project_wrapper_1817/HI
 openframe_project_wrapper_1818/HI
 openframe_project_wrapper_1819/HI
 openframe_project_wrapper_1820/HI
 openframe_project_wrapper_1821/HI
 openframe_project_wrapper_1822/HI
 openframe_project_wrapper_1823/HI
 openframe_project_wrapper_1824/HI
 openframe_project_wrapper_1825/HI
 openframe_project_wrapper_1826/HI
 openframe_project_wrapper_1827/HI
 openframe_project_wrapper_1828/HI
 openframe_project_wrapper_1829/HI
 openframe_project_wrapper_1830/HI
 openframe_project_wrapper_1831/HI
 openframe_project_wrapper_1832/HI
 openframe_project_wrapper_1833/HI
 openframe_project_wrapper_1834/HI
 openframe_project_wrapper_1835/HI
 openframe_project_wrapper_1836/HI
 openframe_project_wrapper_1837/HI
 openframe_project_wrapper_1838/HI
 openframe_project_wrapper_1839/HI
 openframe_project_wrapper_1840/HI
 openframe_project_wrapper_1841/HI
 openframe_project_wrapper_1842/HI
 openframe_project_wrapper_1843/HI
 openframe_project_wrapper_1844/HI
 openframe_project_wrapper_1845/HI
 openframe_project_wrapper_1846/HI
 openframe_project_wrapper_1847/HI
 openframe_project_wrapper_1848/HI
 openframe_project_wrapper_1849/HI
 openframe_project_wrapper_1850/HI
 openframe_project_wrapper_1851/HI
 openframe_project_wrapper_1852/HI
 openframe_project_wrapper_1853/HI
 openframe_project_wrapper_1854/HI
 openframe_project_wrapper_1855/HI
 openframe_project_wrapper_1856/HI
 openframe_project_wrapper_1857/HI
 openframe_project_wrapper_1858/HI
 openframe_project_wrapper_1859/HI
 openframe_project_wrapper_1860/HI
 openframe_project_wrapper_1861/HI
 openframe_project_wrapper_1862/HI
 openframe_project_wrapper_1863/HI
 openframe_project_wrapper_1864/HI
 openframe_project_wrapper_1865/HI
 openframe_project_wrapper_1866/HI
 openframe_project_wrapper_1867/HI
 openframe_project_wrapper_1868/HI
 openframe_project_wrapper_1869/HI
 openframe_project_wrapper_1870/HI
 openframe_project_wrapper_1871/HI
 openframe_project_wrapper_1872/HI
 openframe_project_wrapper_1873/HI
 openframe_project_wrapper_1874/HI
 openframe_project_wrapper_1875/HI
 openframe_project_wrapper_1876/HI
 openframe_project_wrapper_1877/HI
 openframe_project_wrapper_1878/HI
 openframe_project_wrapper_1879/HI
 openframe_project_wrapper_1880/HI
 openframe_project_wrapper_1881/HI
 openframe_project_wrapper_1882/HI
 openframe_project_wrapper_1883/HI
 openframe_project_wrapper_1884/HI
 openframe_project_wrapper_1885/HI
 openframe_project_wrapper_1886/HI
 openframe_project_wrapper_1887/HI
 openframe_project_wrapper_1888/HI
 openframe_project_wrapper_1889/HI
 openframe_project_wrapper_1890/HI
 openframe_project_wrapper_1891/HI
 openframe_project_wrapper_1892/HI
 openframe_project_wrapper_1893/HI
 openframe_project_wrapper_1894/HI
 openframe_project_wrapper_1895/HI
 openframe_project_wrapper_1896/HI
 openframe_project_wrapper_1897/HI
 openframe_project_wrapper_1898/HI
 openframe_project_wrapper_1899/HI
 openframe_project_wrapper_1900/HI
 openframe_project_wrapper_1901/HI
 openframe_project_wrapper_1902/HI
 openframe_project_wrapper_1903/HI
 openframe_project_wrapper_1904/HI
 openframe_project_wrapper_1905/HI
 openframe_project_wrapper_1906/HI
 openframe_project_wrapper_1907/HI
 openframe_project_wrapper_1908/HI
 openframe_project_wrapper_1909/HI
 openframe_project_wrapper_1910/HI
 openframe_project_wrapper_1911/HI
 openframe_project_wrapper_1912/HI
 openframe_project_wrapper_1913/HI
 openframe_project_wrapper_1914/HI
 openframe_project_wrapper_1915/HI
 openframe_project_wrapper_1916/HI
 openframe_project_wrapper_1917/HI
 openframe_project_wrapper_1918/HI
 openframe_project_wrapper_1919/HI
 openframe_project_wrapper_1920/HI
 openframe_project_wrapper_1921/HI
 openframe_project_wrapper_1922/HI
 openframe_project_wrapper_1923/HI
 openframe_project_wrapper_1924/HI
 openframe_project_wrapper_1925/HI
 openframe_project_wrapper_1926/HI
 openframe_project_wrapper_1927/HI
 openframe_project_wrapper_1928/HI
 openframe_project_wrapper_1929/HI
 openframe_project_wrapper_1930/HI
 openframe_project_wrapper_1931/HI
 openframe_project_wrapper_1932/HI
 openframe_project_wrapper_1933/HI
 openframe_project_wrapper_1934/HI
 openframe_project_wrapper_1935/HI
 openframe_project_wrapper_1936/HI
 openframe_project_wrapper_1937/HI
 openframe_project_wrapper_1938/HI
 openframe_project_wrapper_1939/HI
 openframe_project_wrapper_1940/HI
 openframe_project_wrapper_1941/HI
 openframe_project_wrapper_1942/HI
 openframe_project_wrapper_1943/HI
 openframe_project_wrapper_1944/HI
 openframe_project_wrapper_1945/HI
 openframe_project_wrapper_1946/HI
 openframe_project_wrapper_1947/HI
 openframe_project_wrapper_1948/HI
 openframe_project_wrapper_1949/HI
 openframe_project_wrapper_1950/HI
 openframe_project_wrapper_1951/HI
 openframe_project_wrapper_1952/HI
 openframe_project_wrapper_1953/HI
 openframe_project_wrapper_1954/HI
 openframe_project_wrapper_1955/HI
 openframe_project_wrapper_1956/HI
 openframe_project_wrapper_1957/HI
 openframe_project_wrapper_1958/HI
 openframe_project_wrapper_1959/HI
 openframe_project_wrapper_1960/HI
 openframe_project_wrapper_1961/HI
 openframe_project_wrapper_1962/HI
 openframe_project_wrapper_1963/HI
 openframe_project_wrapper_1964/HI
 openframe_project_wrapper_1965/HI
 openframe_project_wrapper_1966/HI
 openframe_project_wrapper_1967/HI
 openframe_project_wrapper_1968/HI
 openframe_project_wrapper_1969/HI
 openframe_project_wrapper_1970/HI
 openframe_project_wrapper_1971/HI
 openframe_project_wrapper_1972/HI
 openframe_project_wrapper_1973/HI
 openframe_project_wrapper_1974/HI
 openframe_project_wrapper_1975/HI
 openframe_project_wrapper_1976/HI
 openframe_project_wrapper_1977/HI
 openframe_project_wrapper_1978/HI
 openframe_project_wrapper_1979/HI
 openframe_project_wrapper_1980/HI
 openframe_project_wrapper_1981/HI
 openframe_project_wrapper_1982/HI
 openframe_project_wrapper_1983/HI
 openframe_project_wrapper_1984/HI
 openframe_project_wrapper_1985/HI
 openframe_project_wrapper_1986/HI
 openframe_project_wrapper_1987/HI
 openframe_project_wrapper_1988/HI
 openframe_project_wrapper_1989/HI
 openframe_project_wrapper_1990/HI
 openframe_project_wrapper_1991/HI
 openframe_project_wrapper_1992/HI
 openframe_project_wrapper_1993/HI
 openframe_project_wrapper_1994/HI
 openframe_project_wrapper_1995/HI
 openframe_project_wrapper_1996/HI
 openframe_project_wrapper_1997/HI
 openframe_project_wrapper_1998/HI
 openframe_project_wrapper_1999/HI
 openframe_project_wrapper_2000/HI
 openframe_project_wrapper_2001/HI
 openframe_project_wrapper_2002/HI
 openframe_project_wrapper_2003/HI
 openframe_project_wrapper_2004/HI
 openframe_project_wrapper_2005/HI
 openframe_project_wrapper_2006/HI
 openframe_project_wrapper_2007/HI
 openframe_project_wrapper_2008/HI
 openframe_project_wrapper_2009/HI
 openframe_project_wrapper_2010/HI
 openframe_project_wrapper_2011/HI
 openframe_project_wrapper_2012/HI
 openframe_project_wrapper_2013/HI
 openframe_project_wrapper_2014/HI
 openframe_project_wrapper_2015/HI
 openframe_project_wrapper_2016/HI
 openframe_project_wrapper_2017/HI
 openframe_project_wrapper_2018/HI
 openframe_project_wrapper_2019/HI
 openframe_project_wrapper_2020/HI
 openframe_project_wrapper_2021/HI
 openframe_project_wrapper_2022/HI
 openframe_project_wrapper_2023/HI
 openframe_project_wrapper_2024/HI
 openframe_project_wrapper_2025/HI
 openframe_project_wrapper_2026/HI
 openframe_project_wrapper_2027/HI
 openframe_project_wrapper_2028/HI
 openframe_project_wrapper_2029/HI
 openframe_project_wrapper_2030/HI
 openframe_project_wrapper_2031/HI
 openframe_project_wrapper_2032/HI
 openframe_project_wrapper_2033/HI
 openframe_project_wrapper_2034/HI
 openframe_project_wrapper_2035/HI
 openframe_project_wrapper_2036/HI
 openframe_project_wrapper_2037/HI
 openframe_project_wrapper_2038/HI
 openframe_project_wrapper_2039/HI
 openframe_project_wrapper_2040/HI
 openframe_project_wrapper_2041/HI
 openframe_project_wrapper_2042/HI
 openframe_project_wrapper_2043/HI
 openframe_project_wrapper_2044/HI
 openframe_project_wrapper_2045/HI
 openframe_project_wrapper_2046/HI
 openframe_project_wrapper_2047/HI
 openframe_project_wrapper_2048/HI
 openframe_project_wrapper_2049/HI
 openframe_project_wrapper_2050/HI
 openframe_project_wrapper_2051/HI
 openframe_project_wrapper_2052/HI
 openframe_project_wrapper_2053/HI
 openframe_project_wrapper_2054/HI
 openframe_project_wrapper_2055/HI
 openframe_project_wrapper_2056/HI
 openframe_project_wrapper_2057/HI
 openframe_project_wrapper_2058/HI
 openframe_project_wrapper_2059/HI
 openframe_project_wrapper_2060/HI
 openframe_project_wrapper_2061/HI
 openframe_project_wrapper_2062/HI
 openframe_project_wrapper_2063/HI
 openframe_project_wrapper_2064/HI
 openframe_project_wrapper_2065/HI
 openframe_project_wrapper_2066/HI
 openframe_project_wrapper_2067/HI
 openframe_project_wrapper_2068/HI
 openframe_project_wrapper_2069/HI
 openframe_project_wrapper_2070/HI
 openframe_project_wrapper_2071/HI
 openframe_project_wrapper_2072/HI
 openframe_project_wrapper_2073/HI
 openframe_project_wrapper_2074/HI
 openframe_project_wrapper_2075/HI
 openframe_project_wrapper_2076/HI
 openframe_project_wrapper_2077/HI
 openframe_project_wrapper_2078/HI
 openframe_project_wrapper_2079/HI
 openframe_project_wrapper_2080/HI
 openframe_project_wrapper_2081/HI
 openframe_project_wrapper_2082/HI
 openframe_project_wrapper_2083/HI
 openframe_project_wrapper_2084/HI
 openframe_project_wrapper_2085/HI
 openframe_project_wrapper_2086/HI
 openframe_project_wrapper_2087/HI
 openframe_project_wrapper_2088/HI
 openframe_project_wrapper_2089/HI
 openframe_project_wrapper_2090/HI
 openframe_project_wrapper_2091/HI
 openframe_project_wrapper_2092/HI
 openframe_project_wrapper_2093/HI
 openframe_project_wrapper_2094/HI
 openframe_project_wrapper_2095/HI
 openframe_project_wrapper_2096/HI
 openframe_project_wrapper_2097/HI
 openframe_project_wrapper_2098/HI
 openframe_project_wrapper_2099/HI
 openframe_project_wrapper_2101/LO
 openframe_project_wrapper_2102/LO
 openframe_project_wrapper_2103/LO
 openframe_project_wrapper_2104/LO
 openframe_project_wrapper_2105/LO
 openframe_project_wrapper_2106/LO
 openframe_project_wrapper_2107/LO
 openframe_project_wrapper_2108/LO
 openframe_project_wrapper_2109/LO
 openframe_project_wrapper_2110/LO
 openframe_project_wrapper_2111/LO
 openframe_project_wrapper_2112/LO
 openframe_project_wrapper_2113/LO
 openframe_project_wrapper_2114/LO
 openframe_project_wrapper_2115/LO
 openframe_project_wrapper_2116/LO
 openframe_project_wrapper_2117/LO
 openframe_project_wrapper_2118/LO
 openframe_project_wrapper_2119/LO
 openframe_project_wrapper_2120/LO
 openframe_project_wrapper_2121/LO
 openframe_project_wrapper_2122/LO
 openframe_project_wrapper_2123/LO
 openframe_project_wrapper_2124/LO
 openframe_project_wrapper_2125/LO
 openframe_project_wrapper_2126/LO
 openframe_project_wrapper_2127/LO
 openframe_project_wrapper_2128/LO
 openframe_project_wrapper_2129/LO
 openframe_project_wrapper_2130/LO
 openframe_project_wrapper_2131/LO
 openframe_project_wrapper_2132/LO
 openframe_project_wrapper_2133/LO
 openframe_project_wrapper_2134/LO
 openframe_project_wrapper_2135/LO
 openframe_project_wrapper_2136/LO
 openframe_project_wrapper_2137/LO
 openframe_project_wrapper_2138/LO
 openframe_project_wrapper_2139/LO
 openframe_project_wrapper_2140/LO
 openframe_project_wrapper_2141/LO
 openframe_project_wrapper_2142/LO
 openframe_project_wrapper_2143/LO
 openframe_project_wrapper_2144/LO
 openframe_project_wrapper_2145/LO
 openframe_project_wrapper_2146/LO
 openframe_project_wrapper_2147/LO
 openframe_project_wrapper_2148/LO
 openframe_project_wrapper_2149/LO
 openframe_project_wrapper_2150/LO
 openframe_project_wrapper_2151/LO
 openframe_project_wrapper_2152/LO
 openframe_project_wrapper_2153/LO
 openframe_project_wrapper_2154/LO
 openframe_project_wrapper_2155/LO
 openframe_project_wrapper_2156/LO
 openframe_project_wrapper_2157/LO
 openframe_project_wrapper_2158/LO
 openframe_project_wrapper_2159/LO
 openframe_project_wrapper_2160/LO
 openframe_project_wrapper_2161/LO
 openframe_project_wrapper_2162/LO
 openframe_project_wrapper_2163/LO
 openframe_project_wrapper_2164/LO
 openframe_project_wrapper_2165/LO
 openframe_project_wrapper_2166/LO
 openframe_project_wrapper_2167/LO
 openframe_project_wrapper_2168/LO
 openframe_project_wrapper_2169/LO
 openframe_project_wrapper_2170/LO
 openframe_project_wrapper_2171/LO
 openframe_project_wrapper_2172/LO
 openframe_project_wrapper_2173/LO
 openframe_project_wrapper_2174/LO
 openframe_project_wrapper_2175/LO
 openframe_project_wrapper_2176/LO
 openframe_project_wrapper_2177/LO
 openframe_project_wrapper_2178/LO
 openframe_project_wrapper_2179/LO
 openframe_project_wrapper_2180/LO
 openframe_project_wrapper_2181/LO
 openframe_project_wrapper_2182/LO
 openframe_project_wrapper_2183/LO
 openframe_project_wrapper_2184/LO
 openframe_project_wrapper_2185/LO
 openframe_project_wrapper_2186/LO
 openframe_project_wrapper_2187/LO
 openframe_project_wrapper_2188/LO
 openframe_project_wrapper_2189/LO
 openframe_project_wrapper_2190/LO
 openframe_project_wrapper_2191/LO
 openframe_project_wrapper_2192/LO
 openframe_project_wrapper_2193/LO
 openframe_project_wrapper_2194/LO
 openframe_project_wrapper_2195/LO
 openframe_project_wrapper_2196/LO
 openframe_project_wrapper_2197/LO
 openframe_project_wrapper_2198/LO
 openframe_project_wrapper_2199/LO
 openframe_project_wrapper_2200/LO
 openframe_project_wrapper_2201/LO
 openframe_project_wrapper_2202/LO
 openframe_project_wrapper_2203/LO
 openframe_project_wrapper_2204/LO
 openframe_project_wrapper_2205/LO
 openframe_project_wrapper_2206/LO
 openframe_project_wrapper_2207/LO
 openframe_project_wrapper_2208/LO
 openframe_project_wrapper_2209/LO
 openframe_project_wrapper_2210/LO
 openframe_project_wrapper_2211/LO
 openframe_project_wrapper_2212/LO
 openframe_project_wrapper_2213/LO
 openframe_project_wrapper_2214/LO
 openframe_project_wrapper_2215/LO
Found 0 partially unannotated drivers.

===========================================================================
max slew violation count 0
max fanout violation count 0
max cap violation count 0
============================================================================

===========================================================================
check_setup -verbose -unconstrained_endpoints -multiple_clock -no_clock -no_input_delay -loops -generated_clocks
===========================================================================
Warning: There are 282 input ports missing set_input_delay.
  analog_io[0]
  analog_io[10]
  analog_io[11]
  analog_io[12]
  analog_io[13]
  analog_io[14]
  analog_io[15]
  analog_io[16]
  analog_io[17]
  analog_io[18]
  analog_io[19]
  analog_io[1]
  analog_io[20]
  analog_io[21]
  analog_io[22]
  analog_io[23]
  analog_io[24]
  analog_io[25]
  analog_io[26]
  analog_io[27]
  analog_io[28]
  analog_io[29]
  analog_io[2]
  analog_io[30]
  analog_io[31]
  analog_io[32]
  analog_io[33]
  analog_io[34]
  analog_io[35]
  analog_io[36]
  analog_io[37]
  analog_io[38]
  analog_io[39]
  analog_io[3]
  analog_io[40]
  analog_io[41]
  analog_io[42]
  analog_io[43]
  analog_io[4]
  analog_io[5]
  analog_io[6]
  analog_io[7]
  analog_io[8]
  analog_io[9]
  analog_noesd_io[0]
  analog_noesd_io[10]
  analog_noesd_io[11]
  analog_noesd_io[12]
  analog_noesd_io[13]
  analog_noesd_io[14]
  analog_noesd_io[15]
  analog_noesd_io[16]
  analog_noesd_io[17]
  analog_noesd_io[18]
  analog_noesd_io[19]
  analog_noesd_io[1]
  analog_noesd_io[20]
  analog_noesd_io[21]
  analog_noesd_io[22]
  analog_noesd_io[23]
  analog_noesd_io[24]
  analog_noesd_io[25]
  analog_noesd_io[26]
  analog_noesd_io[27]
  analog_noesd_io[28]
  analog_noesd_io[29]
  analog_noesd_io[2]
  analog_noesd_io[30]
  analog_noesd_io[31]
  analog_noesd_io[32]
  analog_noesd_io[33]
  analog_noesd_io[34]
  analog_noesd_io[35]
  analog_noesd_io[36]
  analog_noesd_io[37]
  analog_noesd_io[38]
  analog_noesd_io[39]
  analog_noesd_io[3]
  analog_noesd_io[40]
  analog_noesd_io[41]
  analog_noesd_io[42]
  analog_noesd_io[43]
  analog_noesd_io[4]
  analog_noesd_io[5]
  analog_noesd_io[6]
  analog_noesd_io[7]
  analog_noesd_io[8]
  analog_noesd_io[9]
  gpio_in[0]
  gpio_in[10]
  gpio_in[11]
  gpio_in[12]
  gpio_in[13]
  gpio_in[14]
  gpio_in[15]
  gpio_in[16]
  gpio_in[17]
  gpio_in[18]
  gpio_in[19]
  gpio_in[1]
  gpio_in[22]
  gpio_in[23]
  gpio_in[2]
  gpio_in[3]
  gpio_in[41]
  gpio_in[42]
  gpio_in[43]
  gpio_in[4]
  gpio_in[5]
  gpio_in[6]
  gpio_in[7]
  gpio_in[8]
  gpio_in[9]
  gpio_in_h[0]
  gpio_in_h[10]
  gpio_in_h[11]
  gpio_in_h[12]
  gpio_in_h[13]
  gpio_in_h[14]
  gpio_in_h[15]
  gpio_in_h[16]
  gpio_in_h[17]
  gpio_in_h[18]
  gpio_in_h[19]
  gpio_in_h[1]
  gpio_in_h[20]
  gpio_in_h[21]
  gpio_in_h[22]
  gpio_in_h[23]
  gpio_in_h[24]
  gpio_in_h[25]
  gpio_in_h[26]
  gpio_in_h[27]
  gpio_in_h[28]
  gpio_in_h[29]
  gpio_in_h[2]
  gpio_in_h[30]
  gpio_in_h[31]
  gpio_in_h[32]
  gpio_in_h[33]
  gpio_in_h[34]
  gpio_in_h[35]
  gpio_in_h[36]
  gpio_in_h[37]
  gpio_in_h[38]
  gpio_in_h[39]
  gpio_in_h[3]
  gpio_in_h[40]
  gpio_in_h[41]
  gpio_in_h[42]
  gpio_in_h[43]
  gpio_in_h[4]
  gpio_in_h[5]
  gpio_in_h[6]
  gpio_in_h[7]
  gpio_in_h[8]
  gpio_in_h[9]
  gpio_loopback_one[0]
  gpio_loopback_one[10]
  gpio_loopback_one[11]
  gpio_loopback_one[12]
  gpio_loopback_one[13]
  gpio_loopback_one[14]
  gpio_loopback_one[15]
  gpio_loopback_one[16]
  gpio_loopback_one[17]
  gpio_loopback_one[18]
  gpio_loopback_one[19]
  gpio_loopback_one[1]
  gpio_loopback_one[20]
  gpio_loopback_one[21]
  gpio_loopback_one[22]
  gpio_loopback_one[23]
  gpio_loopback_one[24]
  gpio_loopback_one[25]
  gpio_loopback_one[26]
  gpio_loopback_one[27]
  gpio_loopback_one[28]
  gpio_loopback_one[29]
  gpio_loopback_one[2]
  gpio_loopback_one[30]
  gpio_loopback_one[31]
  gpio_loopback_one[32]
  gpio_loopback_one[33]
  gpio_loopback_one[34]
  gpio_loopback_one[35]
  gpio_loopback_one[36]
  gpio_loopback_one[37]
  gpio_loopback_one[38]
  gpio_loopback_one[39]
  gpio_loopback_one[3]
  gpio_loopback_one[40]
  gpio_loopback_one[41]
  gpio_loopback_one[42]
  gpio_loopback_one[43]
  gpio_loopback_one[4]
  gpio_loopback_one[5]
  gpio_loopback_one[6]
  gpio_loopback_one[7]
  gpio_loopback_one[8]
  gpio_loopback_one[9]
  gpio_loopback_zero[0]
  gpio_loopback_zero[10]
  gpio_loopback_zero[11]
  gpio_loopback_zero[12]
  gpio_loopback_zero[13]
  gpio_loopback_zero[14]
  gpio_loopback_zero[15]
  gpio_loopback_zero[16]
  gpio_loopback_zero[17]
  gpio_loopback_zero[18]
  gpio_loopback_zero[19]
  gpio_loopback_zero[1]
  gpio_loopback_zero[20]
  gpio_loopback_zero[21]
  gpio_loopback_zero[22]
  gpio_loopback_zero[23]
  gpio_loopback_zero[24]
  gpio_loopback_zero[25]
  gpio_loopback_zero[26]
  gpio_loopback_zero[27]
  gpio_loopback_zero[28]
  gpio_loopback_zero[29]
  gpio_loopback_zero[2]
  gpio_loopback_zero[30]
  gpio_loopback_zero[31]
  gpio_loopback_zero[32]
  gpio_loopback_zero[33]
  gpio_loopback_zero[34]
  gpio_loopback_zero[35]
  gpio_loopback_zero[36]
  gpio_loopback_zero[37]
  gpio_loopback_zero[38]
  gpio_loopback_zero[39]
  gpio_loopback_zero[3]
  gpio_loopback_zero[40]
  gpio_loopback_zero[41]
  gpio_loopback_zero[42]
  gpio_loopback_zero[43]
  gpio_loopback_zero[4]
  gpio_loopback_zero[5]
  gpio_loopback_zero[6]
  gpio_loopback_zero[7]
  gpio_loopback_zero[8]
  gpio_loopback_zero[9]
  mask_rev[0]
  mask_rev[10]
  mask_rev[11]
  mask_rev[12]
  mask_rev[13]
  mask_rev[14]
  mask_rev[15]
  mask_rev[16]
  mask_rev[17]
  mask_rev[18]
  mask_rev[19]
  mask_rev[1]
  mask_rev[20]
  mask_rev[21]
  mask_rev[22]
  mask_rev[23]
  mask_rev[24]
  mask_rev[25]
  mask_rev[26]
  mask_rev[27]
  mask_rev[28]
  mask_rev[29]
  mask_rev[2]
  mask_rev[30]
  mask_rev[31]
  mask_rev[3]
  mask_rev[4]
  mask_rev[5]
  mask_rev[6]
  mask_rev[7]
  mask_rev[8]
  mask_rev[9]
  por_l
  porb_h
  porb_l
  resetb_h
  resetb_l
Warning: There are 88 unconstrained endpoints.
  analog_io[0]
  analog_io[10]
  analog_io[11]
  analog_io[12]
  analog_io[13]
  analog_io[14]
  analog_io[15]
  analog_io[16]
  analog_io[17]
  analog_io[18]
  analog_io[19]
  analog_io[1]
  analog_io[20]
  analog_io[21]
  analog_io[22]
  analog_io[23]
  analog_io[24]
  analog_io[25]
  analog_io[26]
  analog_io[27]
  analog_io[28]
  analog_io[29]
  analog_io[2]
  analog_io[30]
  analog_io[31]
  analog_io[32]
  analog_io[33]
  analog_io[34]
  analog_io[35]
  analog_io[36]
  analog_io[37]
  analog_io[38]
  analog_io[39]
  analog_io[3]
  analog_io[40]
  analog_io[41]
  analog_io[42]
  analog_io[43]
  analog_io[4]
  analog_io[5]
  analog_io[6]
  analog_io[7]
  analog_io[8]
  analog_io[9]
  analog_noesd_io[0]
  analog_noesd_io[10]
  analog_noesd_io[11]
  analog_noesd_io[12]
  analog_noesd_io[13]
  analog_noesd_io[14]
  analog_noesd_io[15]
  analog_noesd_io[16]
  analog_noesd_io[17]
  analog_noesd_io[18]
  analog_noesd_io[19]
  analog_noesd_io[1]
  analog_noesd_io[20]
  analog_noesd_io[21]
  analog_noesd_io[22]
  analog_noesd_io[23]
  analog_noesd_io[24]
  analog_noesd_io[25]
  analog_noesd_io[26]
  analog_noesd_io[27]
  analog_noesd_io[28]
  analog_noesd_io[29]
  analog_noesd_io[2]
  analog_noesd_io[30]
  analog_noesd_io[31]
  analog_noesd_io[32]
  analog_noesd_io[33]
  analog_noesd_io[34]
  analog_noesd_io[35]
  analog_noesd_io[36]
  analog_noesd_io[37]
  analog_noesd_io[38]
  analog_noesd_io[39]
  analog_noesd_io[3]
  analog_noesd_io[40]
  analog_noesd_io[41]
  analog_noesd_io[42]
  analog_noesd_io[43]
  analog_noesd_io[4]
  analog_noesd_io[5]
  analog_noesd_io[6]
  analog_noesd_io[7]
  analog_noesd_io[8]
  analog_noesd_io[9]
