Clock: clk
Sources: gpio_in[38] 
Generated: no
Virtual: yes
Propagated: no
Period: 20.000000

===========================================================================
report_clock_properties
============================================================================
Clock                   Period          Waveform
----------------------------------------------------
clk                  20.000000    0.000000 10.000000

===========================================================================
report_clock_latency
============================================================================
Clock clk
rise -> rise
    min     max
0.000000 0.000000 source latency
2.126594         network latency chip.gpu_inst.tiles[0].tile/clk
        6.798782 network latency _4237_/CLK
---------------
2.126594 6.798782 latency
        4.672188 skew

fall -> fall
    min     max
0.000000 0.000000 source latency
2.012368         network latency chip.gpu_inst.tiles[0].tile/clk
        7.118755 network latency _4237_/CLK
---------------
2.012368 7.118755 latency
        5.106387 skew



===========================================================================
report_clock_min_period
============================================================================
clk period_min = 8.76 fmax = 114.11
