
===========================================================================
 report_power
============================================================================
======================= nom_tt_025C_1v80 Corner ===================================

Group                    Internal    Switching      Leakage        Total
                            Power        Power        Power        Power (Watts)
------------------------------------------------------------------------
Sequential           1.977460e-03 0.000000e+00 7.156327e-09 1.977467e-03  25.3%
Combinational        2.208271e-05 5.610582e-05 1.958426e-08 7.820812e-05   1.0%
Clock                3.483157e-03 2.270716e-03 1.409163e-07 5.754014e-03  73.7%
Macro                0.000000e+00 0.000000e+00 0.000000e+00 0.000000e+00   0.0%
Pad                  0.000000e+00 0.000000e+00 0.000000e+00 0.000000e+00   0.0%
------------------------------------------------------------------------
Total                5.482695e-03 2.326822e-03 1.676497e-07 7.809685e-03 100.0%
                            70.2%        29.8%         0.0%

