
===========================================================================
report_checks -unconstrained
===========================================================================
======================= nom_ss_100C_1v60 Corner ===================================

Startpoint: _4006_ (rising edge-triggered flip-flop clocked by clk)
Endpoint: gpio_out[19] (output port clocked by clk)
Path Group: clk
Path Type: max

Fanout         Cap        Slew       Delay        Time   Description
---------------------------------------------------------------------------------------------
                                  0.000000    0.000000   clock clk (rise edge)
                                  0.000000    0.000000   clock source latency
     2    0.030857    0.000000    0.000000    0.000000 ^ gpio_in[38] (in)
                                                         gpio_in[38] (net)
                      0.003296    0.001648    0.001648 ^ delaybuf_0_clk/A (sky130_fd_sc_hd__clkbuf_16)
     1    0.010496    0.055473    0.179153    0.180800 ^ delaybuf_0_clk/X (sky130_fd_sc_hd__clkbuf_16)
                                                         delaynet_0_clk (net)
                      0.055473    0.000346    0.181147 ^ delaybuf_1_clk/A (sky130_fd_sc_hd__clkbuf_16)
     1    0.011309    0.056605    0.202642    0.383789 ^ delaybuf_1_clk/X (sky130_fd_sc_hd__clkbuf_16)
                                                         delaynet_1_clk (net)
                      0.056606    0.000429    0.384218 ^ delaybuf_2_clk/A (sky130_fd_sc_hd__clkbuf_16)
     1    0.010212    0.055217    0.201611    0.585829 ^ delaybuf_2_clk/X (sky130_fd_sc_hd__clkbuf_16)
                                                         delaynet_2_clk (net)
                      0.055218    0.000332    0.586161 ^ delaybuf_3_clk/A (sky130_fd_sc_hd__clkbuf_16)
     1    0.011588    0.056957    0.202922    0.789083 ^ delaybuf_3_clk/X (sky130_fd_sc_hd__clkbuf_16)
                                                         delaynet_3_clk (net)
                      0.056957    0.000459    0.789542 ^ delaybuf_4_clk/A (sky130_fd_sc_hd__clkbuf_16)
     1    0.011064    0.056293    0.202968    0.992510 ^ delaybuf_4_clk/X (sky130_fd_sc_hd__clkbuf_16)
                                                         delaynet_4_clk (net)
                      0.056294    0.000409    0.992919 ^ delaybuf_5_clk/A (sky130_fd_sc_hd__clkbuf_16)
     1    0.010268    0.055289    0.201549    1.194468 ^ delaybuf_5_clk/X (sky130_fd_sc_hd__clkbuf_16)
                                                         delaynet_5_clk (net)
                      0.055289    0.000336    1.194805 ^ delaybuf_6_clk/A (sky130_fd_sc_hd__clkbuf_16)
     1    0.011010    0.056229    0.202142    1.396947 ^ delaybuf_6_clk/X (sky130_fd_sc_hd__clkbuf_16)
                                                         delaynet_6_clk (net)
                      0.056229    0.000404    1.397351 ^ delaybuf_7_clk/A (sky130_fd_sc_hd__clkbuf_16)
     1    0.011004    0.056221    0.202545    1.599896 ^ delaybuf_7_clk/X (sky130_fd_sc_hd__clkbuf_16)
                                                         delaynet_7_clk (net)
                      0.056222    0.000476    1.600372 ^ delaybuf_8_clk/A (sky130_fd_sc_hd__clkbuf_16)
     1    0.025593    0.074382    0.222663    1.823035 ^ delaybuf_8_clk/X (sky130_fd_sc_hd__clkbuf_16)
                                                         delaynet_8_clk (net)
                      0.074607    0.002786    1.825821 ^ wire2361/A (sky130_fd_sc_hd__buf_6)
     1    0.086149    0.279623    0.316262    2.142083 ^ wire2361/X (sky130_fd_sc_hd__buf_6)
                                                         net2361 (net)
                      0.287625    0.037442    2.179526 ^ wire2360/A (sky130_fd_sc_hd__buf_6)
     1    0.033445    0.121635    0.311075    2.490601 ^ wire2360/X (sky130_fd_sc_hd__buf_6)
                                                         net2360 (net)
                      0.122060    0.005050    2.495651 ^ delaybuf_9_clk/A (sky130_fd_sc_hd__clkbuf_16)
     1    0.014547    0.060645    0.237525    2.733176 ^ delaybuf_9_clk/X (sky130_fd_sc_hd__clkbuf_16)
                                                         delaynet_9_clk (net)
                      0.060645    0.000990    2.734165 ^ delaybuf_10_clk/A (sky130_fd_sc_hd__clkbuf_16)
     1    0.015352    0.061672    0.210579    2.944744 ^ delaybuf_10_clk/X (sky130_fd_sc_hd__clkbuf_16)
                                                         delaynet_10_clk (net)
                      0.061672    0.001083    2.945827 ^ delaybuf_11_clk/A (sky130_fd_sc_hd__clkbuf_16)
     1    0.014451    0.060548    0.209770    3.155598 ^ delaybuf_11_clk/X (sky130_fd_sc_hd__clkbuf_16)
                                                         delaynet_11_clk (net)
                      0.060548    0.000999    3.156596 ^ delaybuf_12_clk/A (sky130_fd_sc_hd__clkbuf_16)
     1    0.015478    0.061831    0.210695    3.367291 ^ delaybuf_12_clk/X (sky130_fd_sc_hd__clkbuf_16)
                                                         delaynet_12_clk (net)
                      0.061831    0.001107    3.368398 ^ delaybuf_13_clk/A (sky130_fd_sc_hd__clkbuf_16)
     1    0.017057    0.063794    0.213471    3.581870 ^ delaybuf_13_clk/X (sky130_fd_sc_hd__clkbuf_16)
                                                         delaynet_13_clk (net)
                      0.063794    0.001207    3.583076 ^ delaybuf_14_clk/A (sky130_fd_sc_hd__clkbuf_16)
     1    0.015505    0.061861    0.212192    3.795268 ^ delaybuf_14_clk/X (sky130_fd_sc_hd__clkbuf_16)
                                                         delaynet_14_clk (net)
                      0.061861    0.001079    3.796347 ^ delaybuf_15_clk/A (sky130_fd_sc_hd__clkbuf_16)
     1    0.015165    0.061438    0.210852    4.007199 ^ delaybuf_15_clk/X (sky130_fd_sc_hd__clkbuf_16)
                                                         delaynet_15_clk (net)
                      0.061438    0.001076    4.008275 ^ delaybuf_16_clk/A (sky130_fd_sc_hd__clkbuf_16)
     1    0.015241    0.061533    0.210773    4.219048 ^ delaybuf_16_clk/X (sky130_fd_sc_hd__clkbuf_16)
                                                         delaynet_16_clk (net)
                      0.061533    0.001056    4.220103 ^ delaybuf_17_clk/A (sky130_fd_sc_hd__clkbuf_16)
     1    0.014825    0.061015    0.210227    4.430331 ^ delaybuf_17_clk/X (sky130_fd_sc_hd__clkbuf_16)
                                                         delaynet_17_clk (net)
                      0.061015    0.001029    4.431360 ^ delaybuf_18_clk/A (sky130_fd_sc_hd__clkbuf_16)
     1    0.015312    0.061621    0.210687    4.642046 ^ delaybuf_18_clk/X (sky130_fd_sc_hd__clkbuf_16)
                                                         delaynet_18_clk (net)
                      0.061621    0.001064    4.643110 ^ delaybuf_19_clk/A (sky130_fd_sc_hd__clkbuf_16)
     1    0.014925    0.061138    0.210426    4.853537 ^ delaybuf_19_clk/X (sky130_fd_sc_hd__clkbuf_16)
                                                         delaynet_19_clk (net)
                      0.061138    0.001018    4.854554 ^ delaybuf_20_clk/A (sky130_fd_sc_hd__clkbuf_16)
     1    0.014839    0.061033    0.210069    5.064623 ^ delaybuf_20_clk/X (sky130_fd_sc_hd__clkbuf_16)
                                                         delaynet_20_clk (net)
                      0.061033    0.001030    5.065653 ^ delaybuf_21_clk/A (sky130_fd_sc_hd__clkbuf_16)
     1    0.014910    0.061119    0.210142    5.275795 ^ delaybuf_21_clk/X (sky130_fd_sc_hd__clkbuf_16)
                                                         delaynet_21_clk (net)
                      0.061119    0.001019    5.276814 ^ delaybuf_22_clk/A (sky130_fd_sc_hd__clkbuf_16)
     1    0.015373    0.061698    0.210819    5.487633 ^ delaybuf_22_clk/X (sky130_fd_sc_hd__clkbuf_16)
                                                         delaynet_22_clk (net)
                      0.061698    0.001081    5.488714 ^ clkbuf_regs_0_clk/A (sky130_fd_sc_hd__clkbuf_16)
     1    0.008900    0.053209    0.201724    5.690438 ^ clkbuf_regs_0_clk/X (sky130_fd_sc_hd__clkbuf_16)
                                                         gpio_in[38]_regs (net)
                      0.053209    0.000309    5.690747 ^ clkbuf_0_gpio_in[38]_regs/A (sky130_fd_sc_hd__clkbuf_16)
     2    0.050583    0.107556    0.251072    5.941819 ^ clkbuf_0_gpio_in[38]_regs/X (sky130_fd_sc_hd__clkbuf_16)
                                                         clknet_0_gpio_in[38]_regs (net)
                      0.109072    0.009733    5.951552 ^ clkbuf_1_1_0_gpio_in[38]_regs/A (sky130_fd_sc_hd__clkbuf_16)
     1    0.055984    0.114955    0.280198    6.231750 ^ clkbuf_1_1_0_gpio_in[38]_regs/X (sky130_fd_sc_hd__clkbuf_16)
                                                         clknet_1_1_0_gpio_in[38]_regs (net)
                      0.118496    0.015148    6.246898 ^ clkbuf_1_1_1_gpio_in[38]_regs/A (sky130_fd_sc_hd__clkbuf_16)
     2    0.075728    0.143743    0.302544    6.549442 ^ clkbuf_1_1_1_gpio_in[38]_regs/X (sky130_fd_sc_hd__clkbuf_16)
                                                         clknet_1_1_1_gpio_in[38]_regs (net)
                      0.146784    0.016158    6.565600 ^ clkbuf_2_3_0_gpio_in[38]_regs/A (sky130_fd_sc_hd__clkbuf_16)
     2    0.059803    0.120425    0.303335    6.868935 ^ clkbuf_2_3_0_gpio_in[38]_regs/X (sky130_fd_sc_hd__clkbuf_16)
                                                         clknet_2_3_0_gpio_in[38]_regs (net)
                      0.121990    0.010653    6.879587 ^ clkbuf_3_7_0_gpio_in[38]_regs/A (sky130_fd_sc_hd__clkbuf_16)
     1    0.078030    0.145848    0.313533    7.193120 ^ clkbuf_3_7_0_gpio_in[38]_regs/X (sky130_fd_sc_hd__clkbuf_16)
                                                         clknet_3_7_0_gpio_in[38]_regs (net)
                      0.146282    0.005528    7.198648 ^ clkbuf_3_7_1_gpio_in[38]_regs/A (sky130_fd_sc_hd__clkbuf_16)
     4    0.080909    0.149982    0.323612    7.522260 ^ clkbuf_3_7_1_gpio_in[38]_regs/X (sky130_fd_sc_hd__clkbuf_16)
                                                         clknet_3_7_1_gpio_in[38]_regs (net)
                      0.152166    0.014232    7.536492 ^ clkbuf_5_28_0_gpio_in[38]_regs/A (sky130_fd_sc_hd__clkbuf_16)
     2    0.061005    0.122194    0.307883    7.844375 ^ clkbuf_5_28_0_gpio_in[38]_regs/X (sky130_fd_sc_hd__clkbuf_16)
                                                         clknet_5_28_0_gpio_in[38]_regs (net)
                      0.123123    0.008267    7.852643 ^ clkbuf_6_57__f_gpio_in[38]_regs/A (sky130_fd_sc_hd__clkbuf_16)
     4    0.046024    0.101803    0.281162    8.133804 ^ clkbuf_6_57__f_gpio_in[38]_regs/X (sky130_fd_sc_hd__clkbuf_16)
                                                         clknet_6_57__leaf_gpio_in[38]_regs (net)
                      0.101835    0.001584    8.135387 ^ clkbuf_leaf_171_gpio_in[38]_regs/A (sky130_fd_sc_hd__clkbuf_16)
     6    0.021848    0.069751    0.238675    8.374063 ^ clkbuf_leaf_171_gpio_in[38]_regs/X (sky130_fd_sc_hd__clkbuf_16)
                                                         clknet_leaf_171_gpio_in[38]_regs (net)
                      0.069751    0.000473    8.374535 ^ _4006_/CLK (sky130_fd_sc_hd__dfxtp_4)
     2    0.090293    0.412470    0.943516    9.318050 ^ _4006_/Q (sky130_fd_sc_hd__dfxtp_4)
                                                         bus_req (net)
                      0.416393    0.031294    9.349344 ^ wire1567/A (sky130_fd_sc_hd__buf_6)
     1    0.079495    0.261207    0.440686    9.790030 ^ wire1567/X (sky130_fd_sc_hd__buf_6)
                                                         net1567 (net)
                      0.265102    0.025587    9.815617 ^ wire1566/A (sky130_fd_sc_hd__buf_8)
     2    0.131143    0.330579    0.451161   10.266778 ^ wire1566/X (sky130_fd_sc_hd__buf_8)
                                                         net1566 (net)
                      0.330952    0.007659   10.274437 ^ wire1565/A (sky130_fd_sc_hd__buf_6)
     1    0.040122    0.141743    0.339799   10.614236 ^ wire1565/X (sky130_fd_sc_hd__buf_6)
                                                         net1565 (net)
                      0.142414    0.007140   10.621376 ^ wire1564/A (sky130_fd_sc_hd__buf_6)
     1    0.060222    0.201034    0.301640   10.923016 ^ wire1564/X (sky130_fd_sc_hd__buf_6)
                                                         net1564 (net)
                      0.203980    0.019380   10.942396 ^ _4805_/A (sky130_fd_sc_hd__clkbuf_4)
     1    0.045767    0.230481    0.422528   11.364923 ^ _4805_/X (sky130_fd_sc_hd__clkbuf_4)
                                                         net31 (net)
                      0.231427    0.011912   11.376836 ^ wire746/A (sky130_fd_sc_hd__buf_6)
     1    0.052338    0.176891    0.327954   11.704789 ^ wire746/X (sky130_fd_sc_hd__buf_6)
                                                         net746 (net)
                      0.178470    0.013379   11.718168 ^ wire745/A (sky130_fd_sc_hd__buf_6)
     1    0.031109    0.113904    0.263874   11.982042 ^ wire745/X (sky130_fd_sc_hd__buf_6)
                                                         net745 (net)
                      0.114233    0.004828   11.986871 ^ wire2933/A (sky130_fd_sc_hd__buf_6)
     1    0.052370    0.176566    0.276744   12.263615 ^ wire2933/X (sky130_fd_sc_hd__buf_6)
                                                         net2933 (net)
                      0.177974    0.012630   12.276244 ^ output31/A (sky130_fd_sc_hd__buf_2)
     1    0.003565    0.051264    0.223869   12.500113 ^ output31/X (sky130_fd_sc_hd__buf_2)
                                                         gpio_out[19] (net)
                      0.051288    0.000112   12.500225 ^ gpio_out[19] (out)
                                             12.500225   data arrival time

                                 20.000000   20.000000   clock clk (rise edge)
                                  0.000000   20.000000   clock network delay (propagated)
                                 -0.250000   19.750002   clock uncertainty
                                  0.000000   19.750002   clock reconvergence pessimism
                                 -4.000000   15.750001   output external delay
                                             15.750001   data required time
---------------------------------------------------------------------------------------------
                                             15.750001   data required time
                                            -12.500225   data arrival time
---------------------------------------------------------------------------------------------
                                              3.249776   slack (MET)




===========================================================================
report_checks --slack_max -0.01
============================================================================
======================= nom_ss_100C_1v60 Corner ===================================

No paths found.


===========================================================================
 report_check_types -max_slew -max_cap -max_fanout -violators
============================================================================
======================= nom_ss_100C_1v60 Corner ===================================



===========================================================================
report_parasitic_annotation -report_unannotated
============================================================================
Found 913 unannotated drivers.
 analog_io[0]
 analog_io[10]
 analog_io[11]
 analog_io[12]
 analog_io[13]
 analog_io[14]
 analog_io[15]
 analog_io[16]
 analog_io[17]
 analog_io[18]
 analog_io[19]
 analog_io[1]
 analog_io[20]
 analog_io[21]
 analog_io[22]
 analog_io[23]
 analog_io[24]
 analog_io[25]
 analog_io[26]
 analog_io[27]
 analog_io[28]
 analog_io[29]
 analog_io[2]
 analog_io[30]
 analog_io[31]
 analog_io[32]
 analog_io[33]
 analog_io[34]
 analog_io[35]
 analog_io[36]
 analog_io[37]
 analog_io[38]
 analog_io[39]
 analog_io[3]
 analog_io[40]
 analog_io[41]
 analog_io[42]
 analog_io[43]
 analog_io[4]
 analog_io[5]
 analog_io[6]
 analog_io[7]
 analog_io[8]
 analog_io[9]
 analog_noesd_io[0]
 analog_noesd_io[10]
 analog_noesd_io[11]
 analog_noesd_io[12]
 analog_noesd_io[13]
 analog_noesd_io[14]
 analog_noesd_io[15]
 analog_noesd_io[16]
 analog_noesd_io[17]
 analog_noesd_io[18]
 analog_noesd_io[19]
 analog_noesd_io[1]
 analog_noesd_io[20]
 analog_noesd_io[21]
 analog_noesd_io[22]
 analog_noesd_io[23]
 analog_noesd_io[24]
 analog_noesd_io[25]
 analog_noesd_io[26]
 analog_noesd_io[27]
 analog_noesd_io[28]
 analog_noesd_io[29]
 analog_noesd_io[2]
 analog_noesd_io[30]
 analog_noesd_io[31]
 analog_noesd_io[32]
 analog_noesd_io[33]
 analog_noesd_io[34]
 analog_noesd_io[35]
 analog_noesd_io[36]
 analog_noesd_io[37]
 analog_noesd_io[38]
 analog_noesd_io[39]
 analog_noesd_io[3]
 analog_noesd_io[40]
 analog_noesd_io[41]
 analog_noesd_io[42]
 analog_noesd_io[43]
 analog_noesd_io[4]
 analog_noesd_io[5]
 analog_noesd_io[6]
 analog_noesd_io[7]
 analog_noesd_io[8]
 analog_noesd_io[9]
 gpio_in[0]
 gpio_in[10]
 gpio_in[11]
 gpio_in[12]
 gpio_in[13]
 gpio_in[14]
 gpio_in[15]
 gpio_in[16]
 gpio_in[17]
 gpio_in[18]
 gpio_in[19]
 gpio_in[1]
 gpio_in[22]
 gpio_in[23]
 gpio_in[2]
 gpio_in[3]
 gpio_in[41]
 gpio_in[42]
 gpio_in[43]
 gpio_in[4]
 gpio_in[5]
 gpio_in[6]
 gpio_in[7]
 gpio_in[8]
 gpio_in[9]
 gpio_in_h[0]
 gpio_in_h[10]
 gpio_in_h[11]
 gpio_in_h[12]
 gpio_in_h[13]
 gpio_in_h[14]
 gpio_in_h[15]
 gpio_in_h[16]
 gpio_in_h[17]
 gpio_in_h[18]
 gpio_in_h[19]
 gpio_in_h[1]
 gpio_in_h[20]
 gpio_in_h[21]
 gpio_in_h[22]
 gpio_in_h[23]
 gpio_in_h[24]
 gpio_in_h[25]
 gpio_in_h[26]
 gpio_in_h[27]
 gpio_in_h[28]
 gpio_in_h[29]
 gpio_in_h[2]
 gpio_in_h[30]
 gpio_in_h[31]
 gpio_in_h[32]
 gpio_in_h[33]
 gpio_in_h[34]
 gpio_in_h[35]
 gpio_in_h[36]
 gpio_in_h[37]
 gpio_in_h[38]
 gpio_in_h[39]
 gpio_in_h[3]
 gpio_in_h[40]
 gpio_in_h[41]
 gpio_in_h[42]
 gpio_in_h[43]
 gpio_in_h[4]
 gpio_in_h[5]
 gpio_in_h[6]
 gpio_in_h[7]
 gpio_in_h[8]
 gpio_in_h[9]
 gpio_loopback_one[0]
 gpio_loopback_one[10]
 gpio_loopback_one[11]
 gpio_loopback_one[12]
 gpio_loopback_one[13]
 gpio_loopback_one[14]
 gpio_loopback_one[15]
 gpio_loopback_one[16]
 gpio_loopback_one[17]
 gpio_loopback_one[18]
 gpio_loopback_one[19]
 gpio_loopback_one[1]
 gpio_loopback_one[20]
 gpio_loopback_one[21]
 gpio_loopback_one[22]
 gpio_loopback_one[23]
 gpio_loopback_one[24]
 gpio_loopback_one[25]
 gpio_loopback_one[26]
 gpio_loopback_one[27]
 gpio_loopback_one[28]
 gpio_loopback_one[29]
 gpio_loopback_one[2]
 gpio_loopback_one[30]
 gpio_loopback_one[31]
 gpio_loopback_one[32]
 gpio_loopback_one[33]
 gpio_loopback_one[34]
 gpio_loopback_one[35]
 gpio_loopback_one[36]
 gpio_loopback_one[37]
 gpio_loopback_one[38]
 gpio_loopback_one[39]
 gpio_loopback_one[3]
 gpio_loopback_one[40]
 gpio_loopback_one[41]
 gpio_loopback_one[42]
 gpio_loopback_one[43]
 gpio_loopback_one[4]
 gpio_loopback_one[5]
 gpio_loopback_one[6]
 gpio_loopback_one[7]
 gpio_loopback_one[8]
 gpio_loopback_one[9]
 gpio_loopback_zero[0]
 gpio_loopback_zero[10]
 gpio_loopback_zero[11]
 gpio_loopback_zero[12]
 gpio_loopback_zero[13]
 gpio_loopback_zero[14]
 gpio_loopback_zero[15]
 gpio_loopback_zero[16]
 gpio_loopback_zero[17]
 gpio_loopback_zero[18]
 gpio_loopback_zero[19]
 gpio_loopback_zero[1]
 gpio_loopback_zero[20]
 gpio_loopback_zero[21]
 gpio_loopback_zero[22]
 gpio_loopback_zero[23]
 gpio_loopback_zero[24]
 gpio_loopback_zero[25]
 gpio_loopback_zero[26]
 gpio_loopback_zero[27]
 gpio_loopback_zero[28]
 gpio_loopback_zero[29]
 gpio_loopback_zero[2]
 gpio_loopback_zero[30]
 gpio_loopback_zero[31]
 gpio_loopback_zero[32]
 gpio_loopback_zero[33]
 gpio_loopback_zero[34]
 gpio_loopback_zero[35]
 gpio_loopback_zero[36]
 gpio_loopback_zero[37]
 gpio_loopback_zero[38]
 gpio_loopback_zero[39]
 gpio_loopback_zero[3]
 gpio_loopback_zero[40]
 gpio_loopback_zero[41]
 gpio_loopback_zero[42]
 gpio_loopback_zero[43]
 gpio_loopback_zero[4]
 gpio_loopback_zero[5]
 gpio_loopback_zero[6]
 gpio_loopback_zero[7]
 gpio_loopback_zero[8]
 gpio_loopback_zero[9]
 mask_rev[0]
 mask_rev[10]
 mask_rev[11]
 mask_rev[12]
 mask_rev[13]
 mask_rev[14]
 mask_rev[15]
 mask_rev[16]
 mask_rev[17]
 mask_rev[18]
 mask_rev[19]
 mask_rev[1]
 mask_rev[20]
 mask_rev[21]
 mask_rev[22]
 mask_rev[23]
 mask_rev[24]
 mask_rev[25]
 mask_rev[26]
 mask_rev[27]
 mask_rev[28]
 mask_rev[29]
 mask_rev[2]
 mask_rev[30]
 mask_rev[31]
 mask_rev[3]
 mask_rev[4]
 mask_rev[5]
 mask_rev[6]
 mask_rev[7]
 mask_rev[8]
 mask_rev[9]
 por_l
 porb_h
 resetb_h
 _4236__2221/LO
 chip.gpu_inst.tiles\[0\].tile/data_mem_read_address[16]
 chip.gpu_inst.tiles\[0\].tile/data_mem_read_address[17]
 chip.gpu_inst.tiles\[0\].tile/data_mem_read_address[18]
 chip.gpu_inst.tiles\[0\].tile/data_mem_write_address[16]
 chip.gpu_inst.tiles\[0\].tile/data_mem_write_address[17]
 chip.gpu_inst.tiles\[0\].tile/data_mem_write_address[18]
 chip.gpu_inst.tiles\[1\].tile/data_mem_read_address[16]
 chip.gpu_inst.tiles\[1\].tile/data_mem_read_address[17]
 chip.gpu_inst.tiles\[1\].tile/data_mem_read_address[18]
 chip.gpu_inst.tiles\[1\].tile/data_mem_write_address[16]
 chip.gpu_inst.tiles\[1\].tile/data_mem_write_address[17]
 chip.gpu_inst.tiles\[1\].tile/data_mem_write_address[18]
 chip.gpu_inst.tiles\[2\].tile/data_mem_read_address[16]
 chip.gpu_inst.tiles\[2\].tile/data_mem_read_address[17]
 chip.gpu_inst.tiles\[2\].tile/data_mem_read_address[18]
 chip.gpu_inst.tiles\[2\].tile/data_mem_write_address[16]
 chip.gpu_inst.tiles\[2\].tile/data_mem_write_address[17]
 chip.gpu_inst.tiles\[2\].tile/data_mem_write_address[18]
 chip.gpu_inst.tiles\[3\].tile/data_mem_read_address[16]
 chip.gpu_inst.tiles\[3\].tile/data_mem_read_address[17]
 chip.gpu_inst.tiles\[3\].tile/data_mem_read_address[18]
 chip.gpu_inst.tiles\[3\].tile/data_mem_write_address[16]
 chip.gpu_inst.tiles\[3\].tile/data_mem_write_address[17]
 chip.gpu_inst.tiles\[3\].tile/data_mem_write_address[18]
 clkload0/Y
 clkload1/X
 clkload10/X
 clkload11/Y
 clkload12/Y
 clkload13/X
 clkload14/Y
 clkload15/X
 clkload16/X
 clkload17/Y
 clkload18/Y
 clkload19/Y
 clkload2/Y
 clkload20/Y
 clkload21/Y
 clkload22/X
 clkload23/Y
 clkload24/X
 clkload25/X
 clkload26/Y
 clkload27/Y
 clkload28/X
 clkload29/X
 clkload3/X
 clkload30/X
 clkload31/X
 clkload32/Y
 clkload33/X
 clkload34/X
 clkload35/Y
 clkload36/Y
 clkload37/Y
 clkload38/Y
 clkload39/X
 clkload4/X
 clkload40/Y
 clkload41/Y
 clkload42/X
 clkload43/Y
 clkload44/X
 clkload45/X
 clkload46/X
 clkload47/X
 clkload48/Y
 clkload49/Y
 clkload5/X
 clkload50/X
 clkload51/X
 clkload52/Y
 clkload53/Y
 clkload54/X
 clkload55/X
 clkload56/Y
 clkload57/Y
 clkload58/Y
 clkload59/X
 clkload6/X
 clkload60/X
 clkload7/Y
 clkload8/X
 clkload9/X
 openframe_project_wrapper/HI
 openframe_project_wrapper_1790/HI
 openframe_project_wrapper_1791/HI
 openframe_project_wrapper_1792/HI
 openframe_project_wrapper_1793/HI
 openframe_project_wrapper_1794/HI
 openframe_project_wrapper_1795/HI
 openframe_project_wrapper_1796/HI
 openframe_project_wrapper_1797/HI
 openframe_project_wrapper_1798/HI
 openframe_project_wrapper_1799/HI
 openframe_project_wrapper_1800/HI
 openframe_project_wrapper_1801/HI
 openframe_project_wrapper_1802/HI
 openframe_project_wrapper_1803/HI
 openframe_project_wrapper_1804/HI
 openframe_project_wrapper_1805/HI
 openframe_project_wrapper_1806/HI
 openframe_project_wrapper_1807/HI
 openframe_project_wrapper_1808/HI
 openframe_project_wrapper_1809/HI
 openframe_project_wrapper_1810/HI
 openframe_project_wrapper_1811/HI
 openframe_project_wrapper_1812/HI
 openframe_project_wrapper_1813/HI
 openframe_project_wrapper_1814/HI
 openframe_project_wrapper_1815/HI
 openframe_project_wrapper_1816/HI
 openframe_project_wrapper_1817/HI
 openframe_project_wrapper_1818/HI
 openframe_project_wrapper_1819/HI
 openframe_project_wrapper_1820/HI
 openframe_project_wrapper_1821/HI
 openframe_project_wrapper_1822/HI
 openframe_project_wrapper_1823/HI
 openframe_project_wrapper_1824/HI
 openframe_project_wrapper_1825/HI
 openframe_project_wrapper_1826/HI
 openframe_project_wrapper_1827/HI
 openframe_project_wrapper_1828/HI
 openframe_project_wrapper_1829/HI
 openframe_project_wrapper_1830/HI
 openframe_project_wrapper_1831/HI
 openframe_project_wrapper_1832/HI
 openframe_project_wrapper_1833/HI
 openframe_project_wrapper_1834/HI
 openframe_project_wrapper_1835/HI
 openframe_project_wrapper_1836/HI
 openframe_project_wrapper_1837/HI
 openframe_project_wrapper_1838/HI
 openframe_project_wrapper_1839/HI
 openframe_project_wrapper_1840/HI
 openframe_project_wrapper_1841/HI
 openframe_project_wrapper_1842/HI
 openframe_project_wrapper_1843/HI
 openframe_project_wrapper_1844/HI
 openframe_project_wrapper_1845/HI
 openframe_project_wrapper_1846/HI
 openframe_project_wrapper_1847/HI
 openframe_project_wrapper_1848/HI
 openframe_project_wrapper_1849/HI
 openframe_project_wrapper_1850/HI
 openframe_project_wrapper_1851/HI
 openframe_project_wrapper_1852/HI
 openframe_project_wrapper_1853/HI
 openframe_project_wrapper_1854/HI
 openframe_project_wrapper_1855/HI
 openframe_project_wrapper_1856/HI
 openframe_project_wrapper_1857/HI
 openframe_project_wrapper_1858/HI
 openframe_project_wrapper_1859/HI
 openframe_project_wrapper_1860/HI
 openframe_project_wrapper_1861/HI
 openframe_project_wrapper_1862/HI
 openframe_project_wrapper_1863/HI
 openframe_project_wrapper_1864/HI
 openframe_project_wrapper_1865/HI
 openframe_project_wrapper_1866/HI
 openframe_project_wrapper_1867/HI
 openframe_project_wrapper_1868/HI
 openframe_project_wrapper_1869/HI
 openframe_project_wrapper_1870/HI
 openframe_project_wrapper_1871/HI
 openframe_project_wrapper_1872/HI
 openframe_project_wrapper_1873/HI
 openframe_project_wrapper_1874/HI
 openframe_project_wrapper_1875/HI
 openframe_project_wrapper_1876/HI
 openframe_project_wrapper_1877/HI
 openframe_project_wrapper_1878/HI
 openframe_project_wrapper_1879/HI
 openframe_project_wrapper_1880/HI
 openframe_project_wrapper_1881/HI
 openframe_project_wrapper_1882/HI
 openframe_project_wrapper_1883/HI
 openframe_project_wrapper_1884/HI
 openframe_project_wrapper_1885/HI
 openframe_project_wrapper_1886/HI
 openframe_project_wrapper_1887/HI
 openframe_project_wrapper_1888/HI
 openframe_project_wrapper_1889/HI
 openframe_project_wrapper_1890/HI
 openframe_project_wrapper_1891/HI
 openframe_project_wrapper_1892/HI
 openframe_project_wrapper_1893/HI
 openframe_project_wrapper_1894/HI
 openframe_project_wrapper_1895/HI
 openframe_project_wrapper_1896/HI
 openframe_project_wrapper_1897/HI
 openframe_project_wrapper_1898/HI
 openframe_project_wrapper_1899/HI
 openframe_project_wrapper_1900/HI
 openframe_project_wrapper_1901/HI
 openframe_project_wrapper_1902/HI
 openframe_project_wrapper_1903/HI
 openframe_project_wrapper_1904/HI
 openframe_project_wrapper_1905/HI
 openframe_project_wrapper_1906/HI
 openframe_project_wrapper_1907/HI
 openframe_project_wrapper_1908/HI
 openframe_project_wrapper_1909/HI
 openframe_project_wrapper_1910/HI
 openframe_project_wrapper_1911/HI
 openframe_project_wrapper_1912/HI
 openframe_project_wrapper_1913/HI
 openframe_project_wrapper_1914/HI
 openframe_project_wrapper_1915/HI
 openframe_project_wrapper_1916/HI
 openframe_project_wrapper_1917/HI
 openframe_project_wrapper_1918/HI
 openframe_project_wrapper_1919/HI
 openframe_project_wrapper_1920/HI
 openframe_project_wrapper_1921/HI
 openframe_project_wrapper_1922/HI
 openframe_project_wrapper_1923/HI
 openframe_project_wrapper_1924/HI
 openframe_project_wrapper_1925/HI
 openframe_project_wrapper_1926/HI
 openframe_project_wrapper_1927/HI
 openframe_project_wrapper_1928/HI
 openframe_project_wrapper_1929/HI
 openframe_project_wrapper_1930/HI
 openframe_project_wrapper_1931/HI
 openframe_project_wrapper_1932/HI
 openframe_project_wrapper_1933/HI
 openframe_project_wrapper_1934/HI
 openframe_project_wrapper_1935/HI
 openframe_project_wrapper_1936/HI
 openframe_project_wrapper_1937/HI
 openframe_project_wrapper_1938/HI
 openframe_project_wrapper_1939/HI
 openframe_project_wrapper_1940/HI
 openframe_project_wrapper_1941/HI
 openframe_project_wrapper_1942/HI
 openframe_project_wrapper_1943/HI
 openframe_project_wrapper_1944/HI
 openframe_project_wrapper_1945/HI
 openframe_project_wrapper_1946/HI
 openframe_project_wrapper_1947/HI
 openframe_project_wrapper_1948/HI
 openframe_project_wrapper_1949/HI
 openframe_project_wrapper_1950/HI
 openframe_project_wrapper_1951/HI
 openframe_project_wrapper_1952/HI
 openframe_project_wrapper_1953/HI
 openframe_project_wrapper_1954/HI
 openframe_project_wrapper_1955/HI
 openframe_project_wrapper_1956/HI
 openframe_project_wrapper_1957/HI
 openframe_project_wrapper_1958/HI
 openframe_project_wrapper_1959/HI
 openframe_project_wrapper_1960/HI
 openframe_project_wrapper_1961/HI
 openframe_project_wrapper_1962/HI
 openframe_project_wrapper_1963/HI
 openframe_project_wrapper_1964/HI
 openframe_project_wrapper_1965/HI
 openframe_project_wrapper_1966/HI
 openframe_project_wrapper_1967/HI
 openframe_project_wrapper_1968/HI
 openframe_project_wrapper_1969/HI
 openframe_project_wrapper_1970/HI
 openframe_project_wrapper_1971/HI
 openframe_project_wrapper_1972/HI
 openframe_project_wrapper_1973/HI
 openframe_project_wrapper_1974/HI
 openframe_project_wrapper_1975/HI
 openframe_project_wrapper_1976/HI
 openframe_project_wrapper_1977/HI
 openframe_project_wrapper_1978/HI
 openframe_project_wrapper_1979/HI
 openframe_project_wrapper_1980/HI
 openframe_project_wrapper_1981/HI
 openframe_project_wrapper_1982/HI
 openframe_project_wrapper_1983/HI
 openframe_project_wrapper_1984/HI
 openframe_project_wrapper_1985/HI
 openframe_project_wrapper_1986/HI
 openframe_project_wrapper_1987/HI
 openframe_project_wrapper_1988/HI
 openframe_project_wrapper_1989/HI
 openframe_project_wrapper_1990/HI
 openframe_project_wrapper_1991/HI
 openframe_project_wrapper_1992/HI
 openframe_project_wrapper_1993/HI
 openframe_project_wrapper_1994/HI
 openframe_project_wrapper_1995/HI
 openframe_project_wrapper_1996/HI
 openframe_project_wrapper_1997/HI
 openframe_project_wrapper_1998/HI
 openframe_project_wrapper_1999/HI
 openframe_project_wrapper_2000/HI
 openframe_project_wrapper_2001/HI
 openframe_project_wrapper_2002/HI
 openframe_project_wrapper_2003/HI
 openframe_project_wrapper_2004/HI
 openframe_project_wrapper_2005/HI
 openframe_project_wrapper_2006/HI
 openframe_project_wrapper_2007/HI
 openframe_project_wrapper_2008/HI
 openframe_project_wrapper_2009/HI
 openframe_project_wrapper_2010/HI
 openframe_project_wrapper_2011/HI
 openframe_project_wrapper_2012/HI
 openframe_project_wrapper_2013/HI
 openframe_project_wrapper_2014/HI
 openframe_project_wrapper_2015/HI
 openframe_project_wrapper_2016/HI
 openframe_project_wrapper_2017/HI
 openframe_project_wrapper_2018/HI
 openframe_project_wrapper_2019/HI
 openframe_project_wrapper_2020/HI
 openframe_project_wrapper_2021/HI
 openframe_project_wrapper_2022/HI
 openframe_project_wrapper_2023/HI
 openframe_project_wrapper_2024/HI
 openframe_project_wrapper_2025/HI
 openframe_project_wrapper_2026/HI
 openframe_project_wrapper_2027/HI
 openframe_project_wrapper_2028/HI
 openframe_project_wrapper_2029/HI
 openframe_project_wrapper_2030/HI
 openframe_project_wrapper_2031/HI
 openframe_project_wrapper_2032/HI
 openframe_project_wrapper_2033/HI
 openframe_project_wrapper_2034/HI
 openframe_project_wrapper_2035/HI
 openframe_project_wrapper_2036/HI
 openframe_project_wrapper_2037/HI
 openframe_project_wrapper_2038/HI
 openframe_project_wrapper_2039/HI
 openframe_project_wrapper_2040/HI
 openframe_project_wrapper_2041/HI
 openframe_project_wrapper_2042/HI
 openframe_project_wrapper_2043/HI
 openframe_project_wrapper_2044/HI
 openframe_project_wrapper_2045/HI
 openframe_project_wrapper_2046/HI
 openframe_project_wrapper_2047/HI
 openframe_project_wrapper_2048/HI
 openframe_project_wrapper_2049/HI
 openframe_project_wrapper_2050/HI
 openframe_project_wrapper_2051/HI
 openframe_project_wrapper_2052/HI
 openframe_project_wrapper_2053/HI
 openframe_project_wrapper_2054/HI
 openframe_project_wrapper_2055/HI
 openframe_project_wrapper_2056/HI
 openframe_project_wrapper_2057/HI
 openframe_project_wrapper_2058/HI
 openframe_project_wrapper_2059/HI
 openframe_project_wrapper_2060/HI
 openframe_project_wrapper_2061/HI
 openframe_project_wrapper_2062/HI
 openframe_project_wrapper_2063/HI
 openframe_project_wrapper_2064/HI
 openframe_project_wrapper_2065/HI
 openframe_project_wrapper_2066/HI
 openframe_project_wrapper_2067/HI
 openframe_project_wrapper_2068/HI
 openframe_project_wrapper_2069/HI
 openframe_project_wrapper_2070/HI
 openframe_project_wrapper_2071/HI
 openframe_project_wrapper_2072/HI
 openframe_project_wrapper_2073/HI
 openframe_project_wrapper_2074/HI
 openframe_project_wrapper_2075/HI
 openframe_project_wrapper_2076/HI
 openframe_project_wrapper_2077/HI
 openframe_project_wrapper_2078/HI
 openframe_project_wrapper_2079/HI
 openframe_project_wrapper_2080/HI
 openframe_project_wrapper_2081/HI
 openframe_project_wrapper_2082/HI
 openframe_project_wrapper_2083/HI
 openframe_project_wrapper_2084/HI
 openframe_project_wrapper_2085/HI
 openframe_project_wrapper_2086/HI
 openframe_project_wrapper_2087/HI
 openframe_project_wrapper_2088/HI
 openframe_project_wrapper_2089/HI
 openframe_project_wrapper_2090/HI
 openframe_project_wrapper_2091/HI
 openframe_project_wrapper_2092/HI
 openframe_project_wrapper_2093/HI
 openframe_project_wrapper_2094/HI
 openframe_project_wrapper_2095/HI
 openframe_project_wrapper_2096/HI
 openframe_project_wrapper_2097/HI
 openframe_project_wrapper_2098/HI
 openframe_project_wrapper_2099/HI
 openframe_project_wrapper_2100/HI
 openframe_project_wrapper_2101/HI
 openframe_project_wrapper_2102/HI
 openframe_project_wrapper_2103/HI
 openframe_project_wrapper_2104/HI
 openframe_project_wrapper_2105/HI
 openframe_project_wrapper_2106/HI
 openframe_project_wrapper_2107/HI
 openframe_project_wrapper_2108/HI
 openframe_project_wrapper_2109/HI
 openframe_project_wrapper_2110/HI
 openframe_project_wrapper_2111/HI
 openframe_project_wrapper_2112/HI
 openframe_project_wrapper_2113/HI
 openframe_project_wrapper_2114/HI
 openframe_project_wrapper_2115/HI
 openframe_project_wrapper_2116/HI
 openframe_project_wrapper_2117/HI
 openframe_project_wrapper_2118/HI
 openframe_project_wrapper_2119/HI
 openframe_project_wrapper_2120/HI
 openframe_project_wrapper_2121/HI
 openframe_project_wrapper_2122/HI
 openframe_project_wrapper_2123/HI
 openframe_project_wrapper_2124/HI
 openframe_project_wrapper_2125/HI
 openframe_project_wrapper_2126/HI
 openframe_project_wrapper_2127/HI
 openframe_project_wrapper_2128/HI
 openframe_project_wrapper_2129/HI
 openframe_project_wrapper_2130/HI
 openframe_project_wrapper_2131/HI
 openframe_project_wrapper_2132/HI
 openframe_project_wrapper_2133/HI
 openframe_project_wrapper_2134/HI
 openframe_project_wrapper_2135/HI
 openframe_project_wrapper_2136/HI
 openframe_project_wrapper_2137/HI
 openframe_project_wrapper_2138/HI
 openframe_project_wrapper_2139/HI
 openframe_project_wrapper_2140/HI
 openframe_project_wrapper_2141/HI
 openframe_project_wrapper_2142/HI
 openframe_project_wrapper_2143/HI
 openframe_project_wrapper_2144/HI
 openframe_project_wrapper_2145/HI
 openframe_project_wrapper_2146/HI
 openframe_project_wrapper_2147/HI
 openframe_project_wrapper_2148/HI
 openframe_project_wrapper_2149/HI
 openframe_project_wrapper_2150/HI
 openframe_project_wrapper_2151/HI
 openframe_project_wrapper_2152/HI
 openframe_project_wrapper_2153/HI
 openframe_project_wrapper_2154/HI
 openframe_project_wrapper_2155/HI
 openframe_project_wrapper_2156/HI
 openframe_project_wrapper_2157/HI
 openframe_project_wrapper_2158/HI
 openframe_project_wrapper_2159/HI
 openframe_project_wrapper_2160/HI
 openframe_project_wrapper_2161/HI
 openframe_project_wrapper_2162/HI
 openframe_project_wrapper_2163/HI
 openframe_project_wrapper_2164/HI
 openframe_project_wrapper_2165/HI
 openframe_project_wrapper_2166/HI
 openframe_project_wrapper_2167/HI
 openframe_project_wrapper_2168/HI
 openframe_project_wrapper_2169/HI
 openframe_project_wrapper_2170/HI
 openframe_project_wrapper_2171/HI
 openframe_project_wrapper_2172/HI
 openframe_project_wrapper_2173/HI
 openframe_project_wrapper_2174/HI
 openframe_project_wrapper_2175/HI
 openframe_project_wrapper_2176/HI
 openframe_project_wrapper_2177/HI
 openframe_project_wrapper_2178/HI
 openframe_project_wrapper_2179/HI
 openframe_project_wrapper_2180/HI
 openframe_project_wrapper_2181/HI
 openframe_project_wrapper_2182/HI
 openframe_project_wrapper_2183/HI
 openframe_project_wrapper_2184/HI
 openframe_project_wrapper_2185/HI
 openframe_project_wrapper_2186/HI
 openframe_project_wrapper_2187/HI
 openframe_project_wrapper_2188/HI
 openframe_project_wrapper_2189/HI
 openframe_project_wrapper_2190/HI
 openframe_project_wrapper_2191/HI
 openframe_project_wrapper_2192/HI
 openframe_project_wrapper_2193/HI
 openframe_project_wrapper_2194/HI
 openframe_project_wrapper_2195/HI
 openframe_project_wrapper_2196/HI
 openframe_project_wrapper_2197/HI
 openframe_project_wrapper_2198/HI
 openframe_project_wrapper_2199/HI
 openframe_project_wrapper_2200/HI
 openframe_project_wrapper_2201/HI
 openframe_project_wrapper_2202/HI
 openframe_project_wrapper_2203/HI
 openframe_project_wrapper_2204/HI
 openframe_project_wrapper_2205/HI
 openframe_project_wrapper_2206/HI
 openframe_project_wrapper_2207/HI
 openframe_project_wrapper_2208/HI
 openframe_project_wrapper_2209/HI
 openframe_project_wrapper_2210/HI
 openframe_project_wrapper_2211/HI
 openframe_project_wrapper_2212/HI
 openframe_project_wrapper_2213/HI
 openframe_project_wrapper_2214/HI
 openframe_project_wrapper_2215/HI
 openframe_project_wrapper_2216/HI
 openframe_project_wrapper_2217/HI
 openframe_project_wrapper_2218/HI
 openframe_project_wrapper_2219/HI
 openframe_project_wrapper_2220/HI
 openframe_project_wrapper_2222/LO
 openframe_project_wrapper_2223/LO
 openframe_project_wrapper_2224/LO
 openframe_project_wrapper_2225/LO
 openframe_project_wrapper_2226/LO
 openframe_project_wrapper_2227/LO
 openframe_project_wrapper_2228/LO
 openframe_project_wrapper_2229/LO
 openframe_project_wrapper_2230/LO
 openframe_project_wrapper_2231/LO
 openframe_project_wrapper_2232/LO
 openframe_project_wrapper_2233/LO
 openframe_project_wrapper_2234/LO
 openframe_project_wrapper_2235/LO
 openframe_project_wrapper_2236/LO
 openframe_project_wrapper_2237/LO
 openframe_project_wrapper_2238/LO
 openframe_project_wrapper_2239/LO
 openframe_project_wrapper_2240/LO
 openframe_project_wrapper_2241/LO
 openframe_project_wrapper_2242/LO
 openframe_project_wrapper_2243/LO
 openframe_project_wrapper_2244/LO
 openframe_project_wrapper_2245/LO
 openframe_project_wrapper_2246/LO
 openframe_project_wrapper_2247/LO
 openframe_project_wrapper_2248/LO
 openframe_project_wrapper_2249/LO
 openframe_project_wrapper_2250/LO
 openframe_project_wrapper_2251/LO
 openframe_project_wrapper_2252/LO
 openframe_project_wrapper_2253/LO
 openframe_project_wrapper_2254/LO
 openframe_project_wrapper_2255/LO
 openframe_project_wrapper_2256/LO
 openframe_project_wrapper_2257/LO
 openframe_project_wrapper_2258/LO
 openframe_project_wrapper_2259/LO
 openframe_project_wrapper_2260/LO
 openframe_project_wrapper_2261/LO
 openframe_project_wrapper_2262/LO
 openframe_project_wrapper_2263/LO
 openframe_project_wrapper_2264/LO
 openframe_project_wrapper_2265/LO
 openframe_project_wrapper_2266/LO
 openframe_project_wrapper_2267/LO
 openframe_project_wrapper_2268/LO
 openframe_project_wrapper_2269/LO
 openframe_project_wrapper_2270/LO
 openframe_project_wrapper_2271/LO
 openframe_project_wrapper_2272/LO
 openframe_project_wrapper_2273/LO
 openframe_project_wrapper_2274/LO
 openframe_project_wrapper_2275/LO
 openframe_project_wrapper_2276/LO
 openframe_project_wrapper_2277/LO
 openframe_project_wrapper_2278/LO
 openframe_project_wrapper_2279/LO
 openframe_project_wrapper_2280/LO
 openframe_project_wrapper_2281/LO
 openframe_project_wrapper_2282/LO
 openframe_project_wrapper_2283/LO
 openframe_project_wrapper_2284/LO
 openframe_project_wrapper_2285/LO
 openframe_project_wrapper_2286/LO
 openframe_project_wrapper_2287/LO
 openframe_project_wrapper_2288/LO
 openframe_project_wrapper_2289/LO
 openframe_project_wrapper_2290/LO
 openframe_project_wrapper_2291/LO
 openframe_project_wrapper_2292/LO
 openframe_project_wrapper_2293/LO
 openframe_project_wrapper_2294/LO
 openframe_project_wrapper_2295/LO
 openframe_project_wrapper_2296/LO
 openframe_project_wrapper_2297/LO
 openframe_project_wrapper_2298/LO
 openframe_project_wrapper_2299/LO
 openframe_project_wrapper_2300/LO
 openframe_project_wrapper_2301/LO
 openframe_project_wrapper_2302/LO
 openframe_project_wrapper_2303/LO
 openframe_project_wrapper_2304/LO
 openframe_project_wrapper_2305/LO
 openframe_project_wrapper_2306/LO
 openframe_project_wrapper_2307/LO
 openframe_project_wrapper_2308/LO
 openframe_project_wrapper_2309/LO
 openframe_project_wrapper_2310/LO
 openframe_project_wrapper_2311/LO
 openframe_project_wrapper_2312/LO
 openframe_project_wrapper_2313/LO
 openframe_project_wrapper_2314/LO
 openframe_project_wrapper_2315/LO
 openframe_project_wrapper_2316/LO
 openframe_project_wrapper_2317/LO
 openframe_project_wrapper_2318/LO
 openframe_project_wrapper_2319/LO
 openframe_project_wrapper_2320/LO
 openframe_project_wrapper_2321/LO
 openframe_project_wrapper_2322/LO
 openframe_project_wrapper_2323/LO
 openframe_project_wrapper_2324/LO
 openframe_project_wrapper_2325/LO
 openframe_project_wrapper_2326/LO
 openframe_project_wrapper_2327/LO
 openframe_project_wrapper_2328/LO
 openframe_project_wrapper_2329/LO
 openframe_project_wrapper_2330/LO
 openframe_project_wrapper_2331/LO
 openframe_project_wrapper_2332/LO
 openframe_project_wrapper_2333/LO
 openframe_project_wrapper_2334/LO
 openframe_project_wrapper_2335/LO
 openframe_project_wrapper_2336/LO
Found 0 partially unannotated drivers.

===========================================================================
max slew violation count 0
max fanout violation count 0
max cap violation count 0
============================================================================

===========================================================================
check_setup -verbose -unconstrained_endpoints -multiple_clock -no_clock -no_input_delay -loops -generated_clocks
===========================================================================
Warning: There are 282 input ports missing set_input_delay.
  analog_io[0]
  analog_io[10]
  analog_io[11]
  analog_io[12]
  analog_io[13]
  analog_io[14]
  analog_io[15]
  analog_io[16]
  analog_io[17]
  analog_io[18]
  analog_io[19]
  analog_io[1]
  analog_io[20]
  analog_io[21]
  analog_io[22]
  analog_io[23]
  analog_io[24]
  analog_io[25]
  analog_io[26]
  analog_io[27]
  analog_io[28]
  analog_io[29]
  analog_io[2]
  analog_io[30]
  analog_io[31]
  analog_io[32]
  analog_io[33]
  analog_io[34]
  analog_io[35]
  analog_io[36]
  analog_io[37]
  analog_io[38]
  analog_io[39]
  analog_io[3]
  analog_io[40]
  analog_io[41]
  analog_io[42]
  analog_io[43]
  analog_io[4]
  analog_io[5]
  analog_io[6]
  analog_io[7]
  analog_io[8]
  analog_io[9]
  analog_noesd_io[0]
  analog_noesd_io[10]
  analog_noesd_io[11]
  analog_noesd_io[12]
  analog_noesd_io[13]
  analog_noesd_io[14]
  analog_noesd_io[15]
  analog_noesd_io[16]
  analog_noesd_io[17]
  analog_noesd_io[18]
  analog_noesd_io[19]
  analog_noesd_io[1]
  analog_noesd_io[20]
  analog_noesd_io[21]
  analog_noesd_io[22]
  analog_noesd_io[23]
  analog_noesd_io[24]
  analog_noesd_io[25]
  analog_noesd_io[26]
  analog_noesd_io[27]
  analog_noesd_io[28]
  analog_noesd_io[29]
  analog_noesd_io[2]
  analog_noesd_io[30]
  analog_noesd_io[31]
  analog_noesd_io[32]
  analog_noesd_io[33]
  analog_noesd_io[34]
  analog_noesd_io[35]
  analog_noesd_io[36]
  analog_noesd_io[37]
  analog_noesd_io[38]
  analog_noesd_io[39]
  analog_noesd_io[3]
  analog_noesd_io[40]
  analog_noesd_io[41]
  analog_noesd_io[42]
  analog_noesd_io[43]
  analog_noesd_io[4]
  analog_noesd_io[5]
  analog_noesd_io[6]
  analog_noesd_io[7]
  analog_noesd_io[8]
  analog_noesd_io[9]
  gpio_in[0]
  gpio_in[10]
  gpio_in[11]
  gpio_in[12]
  gpio_in[13]
  gpio_in[14]
  gpio_in[15]
  gpio_in[16]
  gpio_in[17]
  gpio_in[18]
  gpio_in[19]
  gpio_in[1]
  gpio_in[22]
  gpio_in[23]
  gpio_in[2]
  gpio_in[3]
  gpio_in[41]
  gpio_in[42]
  gpio_in[43]
  gpio_in[4]
  gpio_in[5]
  gpio_in[6]
  gpio_in[7]
  gpio_in[8]
  gpio_in[9]
  gpio_in_h[0]
  gpio_in_h[10]
  gpio_in_h[11]
  gpio_in_h[12]
  gpio_in_h[13]
  gpio_in_h[14]
  gpio_in_h[15]
  gpio_in_h[16]
  gpio_in_h[17]
  gpio_in_h[18]
  gpio_in_h[19]
  gpio_in_h[1]
  gpio_in_h[20]
  gpio_in_h[21]
  gpio_in_h[22]
  gpio_in_h[23]
  gpio_in_h[24]
  gpio_in_h[25]
  gpio_in_h[26]
  gpio_in_h[27]
  gpio_in_h[28]
  gpio_in_h[29]
  gpio_in_h[2]
  gpio_in_h[30]
  gpio_in_h[31]
  gpio_in_h[32]
  gpio_in_h[33]
  gpio_in_h[34]
  gpio_in_h[35]
  gpio_in_h[36]
  gpio_in_h[37]
  gpio_in_h[38]
  gpio_in_h[39]
  gpio_in_h[3]
  gpio_in_h[40]
  gpio_in_h[41]
  gpio_in_h[42]
  gpio_in_h[43]
  gpio_in_h[4]
  gpio_in_h[5]
  gpio_in_h[6]
  gpio_in_h[7]
  gpio_in_h[8]
  gpio_in_h[9]
  gpio_loopback_one[0]
  gpio_loopback_one[10]
  gpio_loopback_one[11]
  gpio_loopback_one[12]
  gpio_loopback_one[13]
  gpio_loopback_one[14]
  gpio_loopback_one[15]
  gpio_loopback_one[16]
  gpio_loopback_one[17]
  gpio_loopback_one[18]
  gpio_loopback_one[19]
  gpio_loopback_one[1]
  gpio_loopback_one[20]
  gpio_loopback_one[21]
  gpio_loopback_one[22]
  gpio_loopback_one[23]
  gpio_loopback_one[24]
  gpio_loopback_one[25]
  gpio_loopback_one[26]
  gpio_loopback_one[27]
  gpio_loopback_one[28]
  gpio_loopback_one[29]
  gpio_loopback_one[2]
  gpio_loopback_one[30]
  gpio_loopback_one[31]
  gpio_loopback_one[32]
  gpio_loopback_one[33]
  gpio_loopback_one[34]
  gpio_loopback_one[35]
  gpio_loopback_one[36]
  gpio_loopback_one[37]
  gpio_loopback_one[38]
  gpio_loopback_one[39]
  gpio_loopback_one[3]
  gpio_loopback_one[40]
  gpio_loopback_one[41]
  gpio_loopback_one[42]
  gpio_loopback_one[43]
  gpio_loopback_one[4]
  gpio_loopback_one[5]
  gpio_loopback_one[6]
  gpio_loopback_one[7]
  gpio_loopback_one[8]
  gpio_loopback_one[9]
  gpio_loopback_zero[0]
  gpio_loopback_zero[10]
  gpio_loopback_zero[11]
  gpio_loopback_zero[12]
  gpio_loopback_zero[13]
  gpio_loopback_zero[14]
  gpio_loopback_zero[15]
  gpio_loopback_zero[16]
  gpio_loopback_zero[17]
  gpio_loopback_zero[18]
  gpio_loopback_zero[19]
  gpio_loopback_zero[1]
  gpio_loopback_zero[20]
  gpio_loopback_zero[21]
  gpio_loopback_zero[22]
  gpio_loopback_zero[23]
  gpio_loopback_zero[24]
  gpio_loopback_zero[25]
  gpio_loopback_zero[26]
  gpio_loopback_zero[27]
  gpio_loopback_zero[28]
  gpio_loopback_zero[29]
  gpio_loopback_zero[2]
  gpio_loopback_zero[30]
  gpio_loopback_zero[31]
  gpio_loopback_zero[32]
  gpio_loopback_zero[33]
  gpio_loopback_zero[34]
  gpio_loopback_zero[35]
  gpio_loopback_zero[36]
  gpio_loopback_zero[37]
  gpio_loopback_zero[38]
  gpio_loopback_zero[39]
  gpio_loopback_zero[3]
  gpio_loopback_zero[40]
  gpio_loopback_zero[41]
  gpio_loopback_zero[42]
  gpio_loopback_zero[43]
  gpio_loopback_zero[4]
  gpio_loopback_zero[5]
  gpio_loopback_zero[6]
  gpio_loopback_zero[7]
  gpio_loopback_zero[8]
  gpio_loopback_zero[9]
  mask_rev[0]
  mask_rev[10]
  mask_rev[11]
  mask_rev[12]
  mask_rev[13]
  mask_rev[14]
  mask_rev[15]
  mask_rev[16]
  mask_rev[17]
  mask_rev[18]
  mask_rev[19]
  mask_rev[1]
  mask_rev[20]
  mask_rev[21]
  mask_rev[22]
  mask_rev[23]
  mask_rev[24]
  mask_rev[25]
  mask_rev[26]
  mask_rev[27]
  mask_rev[28]
  mask_rev[29]
  mask_rev[2]
  mask_rev[30]
  mask_rev[31]
  mask_rev[3]
  mask_rev[4]
  mask_rev[5]
  mask_rev[6]
  mask_rev[7]
  mask_rev[8]
  mask_rev[9]
  por_l
  porb_h
  porb_l
  resetb_h
  resetb_l
Warning: There are 88 unconstrained endpoints.
  analog_io[0]
  analog_io[10]
  analog_io[11]
  analog_io[12]
  analog_io[13]
  analog_io[14]
  analog_io[15]
  analog_io[16]
  analog_io[17]
  analog_io[18]
  analog_io[19]
  analog_io[1]
  analog_io[20]
  analog_io[21]
  analog_io[22]
  analog_io[23]
  analog_io[24]
  analog_io[25]
  analog_io[26]
  analog_io[27]
  analog_io[28]
  analog_io[29]
  analog_io[2]
  analog_io[30]
  analog_io[31]
  analog_io[32]
  analog_io[33]
  analog_io[34]
  analog_io[35]
  analog_io[36]
  analog_io[37]
  analog_io[38]
  analog_io[39]
  analog_io[3]
  analog_io[40]
  analog_io[41]
  analog_io[42]
  analog_io[43]
  analog_io[4]
  analog_io[5]
  analog_io[6]
  analog_io[7]
  analog_io[8]
  analog_io[9]
  analog_noesd_io[0]
  analog_noesd_io[10]
  analog_noesd_io[11]
  analog_noesd_io[12]
  analog_noesd_io[13]
  analog_noesd_io[14]
  analog_noesd_io[15]
  analog_noesd_io[16]
  analog_noesd_io[17]
  analog_noesd_io[18]
  analog_noesd_io[19]
  analog_noesd_io[1]
  analog_noesd_io[20]
  analog_noesd_io[21]
  analog_noesd_io[22]
  analog_noesd_io[23]
  analog_noesd_io[24]
  analog_noesd_io[25]
  analog_noesd_io[26]
  analog_noesd_io[27]
  analog_noesd_io[28]
  analog_noesd_io[29]
  analog_noesd_io[2]
  analog_noesd_io[30]
  analog_noesd_io[31]
  analog_noesd_io[32]
  analog_noesd_io[33]
  analog_noesd_io[34]
  analog_noesd_io[35]
  analog_noesd_io[36]
  analog_noesd_io[37]
  analog_noesd_io[38]
  analog_noesd_io[39]
  analog_noesd_io[3]
  analog_noesd_io[40]
  analog_noesd_io[41]
  analog_noesd_io[42]
  analog_noesd_io[43]
  analog_noesd_io[4]
  analog_noesd_io[5]
  analog_noesd_io[6]
  analog_noesd_io[7]
  analog_noesd_io[8]
  analog_noesd_io[9]
