Clock: clk
Sources: gpio_in[38] 
Generated: no
Virtual: yes
Propagated: no
Period: 20.000000

===========================================================================
report_clock_properties
============================================================================
Clock                   Period          Waveform
----------------------------------------------------
clk                  20.000000    0.000000 10.000000

===========================================================================
report_clock_latency
============================================================================
Clock clk
rise -> rise
    min     max
0.000000 0.000000 source latency
8.020100         network latency _4125_/CLK
        11.433732 network latency _4236_/CLK
---------------
8.020100 11.433732 latency
        3.413633 skew

fall -> fall
    min     max
0.000000 0.000000 source latency
3.381298         network latency chip.gpu_inst.tiles[0].tile/clk
        11.869792 network latency _4236_/CLK
---------------
3.381298 11.869792 latency
        8.488494 skew



===========================================================================
report_clock_min_period
============================================================================
clk period_min = 14.64 fmax = 68.31
