
===========================================================================
report_checks -unconstrained
===========================================================================
======================= max_tt_025C_1v80 Corner ===================================

Startpoint: _199772_ (rising edge-triggered flip-flop clocked by clk)
Endpoint: _200983_ (rising edge-triggered flip-flop clocked by clk)
Path Group: clk
Path Type: max

Fanout         Cap        Slew       Delay        Time   Description
---------------------------------------------------------------------------------------------
                                  0.000000    0.000000   clock clk (rise edge)
                                  0.000000    0.000000   clock source latency
     2    0.280457    0.000000    0.000000    0.000000 ^ clk (in)
                                                         clk (net)
                      0.409794    0.204897    0.204897 ^ clkbuf_0_clk/A (sky130_fd_sc_hd__clkbuf_16)
     2    0.013978    0.044839    0.217990    0.422887 ^ clkbuf_0_clk/X (sky130_fd_sc_hd__clkbuf_16)
                                                         clknet_0_clk (net)
                      0.044839    0.000815    0.423702 ^ clkbuf_1_1_0_clk/A (sky130_fd_sc_hd__clkbuf_8)
     1    0.033454    0.071786    0.146111    0.569813 ^ clkbuf_1_1_0_clk/X (sky130_fd_sc_hd__clkbuf_8)
                                                         clknet_1_1_0_clk (net)
                      0.072485    0.005543    0.575356 ^ clkbuf_1_1_1_clk/A (sky130_fd_sc_hd__clkbuf_8)
     1    0.056407    0.108473    0.184206    0.759562 ^ clkbuf_1_1_1_clk/X (sky130_fd_sc_hd__clkbuf_8)
                                                         clknet_1_1_1_clk (net)
                      0.108905    0.005528    0.765090 ^ clkbuf_1_1_2_clk/A (sky130_fd_sc_hd__clkbuf_8)
     1    0.059716    0.113860    0.199743    0.964832 ^ clkbuf_1_1_2_clk/X (sky130_fd_sc_hd__clkbuf_8)
                                                         clknet_1_1_2_clk (net)
                      0.115178    0.009792    0.974624 ^ clkbuf_1_1_3_clk/A (sky130_fd_sc_hd__clkbuf_8)
     1    0.051652    0.101489    0.192084    1.166708 ^ clkbuf_1_1_3_clk/X (sky130_fd_sc_hd__clkbuf_8)
                                                         clknet_1_1_3_clk (net)
                      0.103051    0.009984    1.176693 ^ clkbuf_1_1_4_clk/A (sky130_fd_sc_hd__clkbuf_8)
     2    0.025544    0.059517    0.159712    1.336405 ^ clkbuf_1_1_4_clk/X (sky130_fd_sc_hd__clkbuf_8)
                                                         clknet_1_1_4_clk (net)
                      0.059621    0.002126    1.338531 ^ clkbuf_2_3_0_clk/A (sky130_fd_sc_hd__clkbuf_8)
     1    0.031826    0.069239    0.150754    1.489284 ^ clkbuf_2_3_0_clk/X (sky130_fd_sc_hd__clkbuf_8)
                                                         clknet_2_3_0_clk (net)
                      0.069632    0.004091    1.493375 ^ clkbuf_2_3_1_clk/A (sky130_fd_sc_hd__clkbuf_8)
     1    0.031858    0.069312    0.154247    1.647622 ^ clkbuf_2_3_1_clk/X (sky130_fd_sc_hd__clkbuf_8)
                                                         clknet_2_3_1_clk (net)
                      0.069722    0.004172    1.651794 ^ clkbuf_2_3_2_clk/A (sky130_fd_sc_hd__clkbuf_8)
     2    0.023981    0.057016    0.145373    1.797167 ^ clkbuf_2_3_2_clk/X (sky130_fd_sc_hd__clkbuf_8)
                                                         clknet_2_3_2_clk (net)
                      0.057272    0.002665    1.799832 ^ clkbuf_3_6_0_clk/A (sky130_fd_sc_hd__clkbuf_8)
     1    0.037926    0.078835    0.157167    1.956998 ^ clkbuf_3_6_0_clk/X (sky130_fd_sc_hd__clkbuf_8)
                                                         clknet_3_6_0_clk (net)
                      0.079114    0.003369    1.960367 ^ clkbuf_3_6_1_clk/A (sky130_fd_sc_hd__clkbuf_8)
     2    0.032329    0.070075    0.158280    2.118647 ^ clkbuf_3_6_1_clk/X (sky130_fd_sc_hd__clkbuf_8)
                                                         clknet_3_6_1_clk (net)
                      0.070488    0.004218    2.122865 ^ clkbuf_4_13_0_clk/A (sky130_fd_sc_hd__clkbuf_8)
     2    0.048649    0.096621    0.172105    2.294970 ^ clkbuf_4_13_0_clk/X (sky130_fd_sc_hd__clkbuf_8)
                                                         clknet_4_13_0_clk (net)
                      0.098183    0.009732    2.304702 ^ clkbuf_5_26_0_clk/A (sky130_fd_sc_hd__clkbuf_8)
     8    0.162887    0.283022    0.305113    2.609815 ^ clkbuf_5_26_0_clk/X (sky130_fd_sc_hd__clkbuf_8)
                                                         clknet_5_26_0_clk (net)
                      0.285375    0.021004    2.630819 ^ clkbuf_8_214_0_clk/A (sky130_fd_sc_hd__clkbuf_8)
     2    0.025737    0.062933    0.218248    2.849067 ^ clkbuf_8_214_0_clk/X (sky130_fd_sc_hd__clkbuf_8)
                                                         clknet_8_214_0_clk (net)
                      0.062979    0.001498    2.850565 ^ clkbuf_9_429__f_clk/A (sky130_fd_sc_hd__clkbuf_16)
     5    0.063810    0.081898    0.164532    3.015097 ^ clkbuf_9_429__f_clk/X (sky130_fd_sc_hd__clkbuf_16)
                                                         clknet_9_429__leaf_clk (net)
                      0.082260    0.004290    3.019387 ^ clkbuf_leaf_1510_clk/A (sky130_fd_sc_hd__clkbuf_16)
     5    0.020438    0.042246    0.139362    3.158749 ^ clkbuf_leaf_1510_clk/X (sky130_fd_sc_hd__clkbuf_16)
                                                         clknet_leaf_1510_clk (net)
                      0.042248    0.000395    3.159143 ^ _199772_/CLK (sky130_fd_sc_hd__dfxtp_1)
     1    0.005628    0.064621    0.317288    3.476431 ^ _199772_/Q (sky130_fd_sc_hd__dfxtp_1)
                                                         core_instance.data_mem_read_address[7][3] (net)
                      0.064622    0.000421    3.476852 ^ place43491/A (sky130_fd_sc_hd__buf_6)
     2    0.047171    0.101110    0.148134    3.624986 ^ place43491/X (sky130_fd_sc_hd__buf_6)
                                                         net43491 (net)
                      0.101315    0.003692    3.628678 ^ wire61627/A (sky130_fd_sc_hd__clkbuf_4)
     1    0.035868    0.116769    0.207616    3.836294 ^ wire61627/X (sky130_fd_sc_hd__clkbuf_4)
                                                         net61627 (net)
                      0.117000    0.003707    3.840000 ^ wire61626/A (sky130_fd_sc_hd__buf_6)
     1    0.041181    0.090050    0.157305    3.997306 ^ wire61626/X (sky130_fd_sc_hd__buf_6)
                                                         net61626 (net)
                      0.090368    0.003955    4.001260 ^ wire61625/A (sky130_fd_sc_hd__buf_6)
     1    0.007249    0.029000    0.101284    4.102545 ^ wire61625/X (sky130_fd_sc_hd__buf_6)
                                                         net61625 (net)
                      0.029000    0.000564    4.103109 ^ wire67571/A (sky130_fd_sc_hd__clkbuf_4)
     2    0.039126    0.126423    0.185424    4.288533 ^ wire67571/X (sky130_fd_sc_hd__clkbuf_4)
                                                         net67571 (net)
                      0.127270    0.008316    4.296850 ^ wire61624/A (sky130_fd_sc_hd__clkbuf_2)
     1    0.019488    0.111887    0.182062    4.478912 ^ wire61624/X (sky130_fd_sc_hd__clkbuf_2)
                                                         net61624 (net)
                      0.111991    0.002124    4.481036 ^ wire61623/A (sky130_fd_sc_hd__clkbuf_2)
     1    0.036754    0.202268    0.237649    4.718685 ^ wire61623/X (sky130_fd_sc_hd__clkbuf_2)
                                                         net61623 (net)
                      0.202545    0.006117    4.724802 ^ _096171_/A (sky130_fd_sc_hd__inv_1)
     1    0.004686    0.056524    0.076071    4.800873 v _096171_/Y (sky130_fd_sc_hd__inv_1)
                                                         _020093_ (net)
                      0.056524    0.000220    4.801094 v place42038/A (sky130_fd_sc_hd__buf_6)
     1    0.039828    0.049460    0.142495    4.943588 v place42038/X (sky130_fd_sc_hd__buf_6)
                                                         net42038 (net)
                      0.051464    0.007784    4.951372 v wire57664/A (sky130_fd_sc_hd__buf_6)
     4    0.055934    0.063662    0.149634    5.101007 v wire57664/X (sky130_fd_sc_hd__buf_6)
                                                         net57664 (net)
                      0.066628    0.010753    5.111760 v _185212_/B (sky130_fd_sc_hd__nand2_1)
     3    0.012254    0.123343    0.128824    5.240584 ^ _185212_/Y (sky130_fd_sc_hd__nand2_1)
                                                         _015677_ (net)
                      0.123355    0.000977    5.241560 ^ _185213_/B (sky130_fd_sc_hd__nand2_1)
     5    0.023815    0.173203    0.178942    5.420502 v _185213_/Y (sky130_fd_sc_hd__nand2_1)
                                                         _015678_ (net)
                      0.173239    0.002097    5.422600 v _185224_/A (sky130_fd_sc_hd__nand2_1)
     1    0.009631    0.106583    0.152714    5.575314 ^ _185224_/Y (sky130_fd_sc_hd__nand2_1)
                                                         _015689_ (net)
                      0.106584    0.000618    5.575932 ^ _185225_/B1 (sky130_fd_sc_hd__o21ai_1)
     2    0.012233    0.111969    0.130753    5.706685 v _185225_/Y (sky130_fd_sc_hd__o21ai_1)
                                                         _015690_ (net)
                      0.111976    0.000723    5.707407 v _185226_/C (sky130_fd_sc_hd__maj3_1)
     2    0.010603    0.104645    0.417287    6.124694 v _185226_/X (sky130_fd_sc_hd__maj3_1)
                                                         _015691_ (net)
                      0.104645    0.000471    6.125165 v _185227_/C (sky130_fd_sc_hd__maj3_1)
     2    0.009844    0.100484    0.411252    6.536417 v _185227_/X (sky130_fd_sc_hd__maj3_1)
                                                         _015692_ (net)
                      0.100487    0.000691    6.537108 v _185228_/C (sky130_fd_sc_hd__maj3_1)
     2    0.011055    0.106061    0.416163    6.953271 v _185228_/X (sky130_fd_sc_hd__maj3_1)
                                                         _015693_ (net)
                      0.106061    0.000397    6.953669 v _185229_/B (sky130_fd_sc_hd__nand2_1)
     2    0.011650    0.131660    0.143189    7.096858 ^ _185229_/Y (sky130_fd_sc_hd__nand2_1)
                                                         _015694_ (net)
                      0.131661    0.000642    7.097500 ^ _185231_/A2 (sky130_fd_sc_hd__a21oi_1)
     2    0.006977    0.070516    0.107246    7.204746 v _185231_/Y (sky130_fd_sc_hd__a21oi_1)
                                                         _015696_ (net)
                      0.070517    0.000403    7.205150 v _185232_/A2 (sky130_fd_sc_hd__o21ai_1)
     2    0.013588    0.284130    0.261130    7.466280 ^ _185232_/Y (sky130_fd_sc_hd__o21ai_1)
                                                         _015697_ (net)
                      0.284139    0.001331    7.467611 ^ _185233_/B (sky130_fd_sc_hd__nand2_1)
     2    0.011432    0.110800    0.157407    7.625018 v _185233_/Y (sky130_fd_sc_hd__nand2_1)
                                                         _015698_ (net)
                      0.110804    0.000823    7.625842 v _185234_/C (sky130_fd_sc_hd__maj3_1)
     2    0.008977    0.096628    0.408870    8.034712 v _185234_/X (sky130_fd_sc_hd__maj3_1)
                                                         _015699_ (net)
                      0.096630    0.000524    8.035235 v _185235_/C (sky130_fd_sc_hd__maj3_1)
     2    0.013026    0.116180    0.424438    8.459674 v _185235_/X (sky130_fd_sc_hd__maj3_1)
                                                         _015700_ (net)
                      0.116184    0.000878    8.460552 v _185236_/C (sky130_fd_sc_hd__maj3_1)
     2    0.009161    0.097896    0.411333    8.871885 v _185236_/X (sky130_fd_sc_hd__maj3_1)
                                                         _015701_ (net)
                      0.097899    0.000599    8.872484 v _185237_/C (sky130_fd_sc_hd__maj3_1)
     4    0.015093    0.125915    0.435091    9.307575 v _185237_/X (sky130_fd_sc_hd__maj3_1)
                                                         _015702_ (net)
                      0.125917    0.000679    9.308254 v _185239_/A2 (sky130_fd_sc_hd__a211oi_1)
     1    0.007844    0.317938    0.361269    9.669523 ^ _185239_/Y (sky130_fd_sc_hd__a211oi_1)
                                                         _015704_ (net)
                      0.317940    0.000631    9.670154 ^ place33593/A (sky130_fd_sc_hd__buf_6)
     8    0.043506    0.096619    0.198606    9.868759 ^ place33593/X (sky130_fd_sc_hd__buf_6)
                                                         net33593 (net)
                      0.097063    0.005278    9.874037 ^ place33592/A (sky130_fd_sc_hd__buf_6)
     8    0.033266    0.074940    0.140694   10.014730 ^ place33592/X (sky130_fd_sc_hd__buf_6)
                                                         net33592 (net)
                      0.075068    0.002101   10.016832 ^ _185283_/A1 (sky130_fd_sc_hd__a22oi_1)
     3    0.015015    0.198564    0.145956   10.162788 v _185283_/Y (sky130_fd_sc_hd__a22oi_1)
                                                         _015748_ (net)
                      0.198634    0.000781   10.163568 v _185371_/A (sky130_fd_sc_hd__or3_1)
     1    0.003931    0.071767    0.422762   10.586331 v _185371_/X (sky130_fd_sc_hd__or3_1)
                                                         _015836_ (net)
                      0.071767    0.000246   10.586577 v _185373_/C (sky130_fd_sc_hd__nor4_1)
     1    0.010827    0.499445    0.448635   11.035213 ^ _185373_/Y (sky130_fd_sc_hd__nor4_1)
                                                         _015838_ (net)
                      0.499448    0.001006   11.036219 ^ _185375_/A4 (sky130_fd_sc_hd__a41oi_1)
     4    0.014357    0.230822    0.293574   11.329793 v _185375_/Y (sky130_fd_sc_hd__a41oi_1)
                                                         _015840_ (net)
                      0.230822    0.000939   11.330731 v _185384_/A2 (sky130_fd_sc_hd__a21oi_1)
     1    0.007493    0.201927    0.272307   11.603038 ^ _185384_/Y (sky130_fd_sc_hd__a21oi_1)
                                                         _015848_ (net)
                      0.201927    0.000574   11.603612 ^ place33310/A (sky130_fd_sc_hd__buf_6)
     7    0.037643    0.084459    0.170796   11.774407 ^ place33310/X (sky130_fd_sc_hd__buf_6)
                                                         net33310 (net)
                      0.084813    0.004374   11.778782 ^ place33309/A (sky130_fd_sc_hd__buf_6)
     8    0.036297    0.080799    0.140505   11.919288 ^ place33309/X (sky130_fd_sc_hd__buf_6)
                                                         net33309 (net)
                      0.080864    0.001106   11.920393 ^ _185418_/B (sky130_fd_sc_hd__nand2_1)
     1    0.004316    0.118799    0.065706   11.986098 v _185418_/Y (sky130_fd_sc_hd__nand2_1)
                                                         _015873_ (net)
                      0.118800    0.000268   11.986367 v _185419_/A2 (sky130_fd_sc_hd__a21oi_1)
     1    0.006082    0.164189    0.211291   12.197659 ^ _185419_/Y (sky130_fd_sc_hd__a21oi_1)
                                                         _006419_ (net)
                      0.164190    0.000425   12.198083 ^ _200983_/D (sky130_fd_sc_hd__dfxtp_1)
                                             12.198083   data arrival time

                                 20.000000   20.000000   clock clk (rise edge)
                                  0.000000   20.000000   clock source latency
     2    0.280457    0.000000    0.000000   20.000000 ^ clk (in)
                                                         clk (net)
                      0.409794    0.204897   20.204899 ^ clkbuf_0_clk/A (sky130_fd_sc_hd__clkbuf_16)
     2    0.013978    0.044839    0.217989   20.422888 ^ clkbuf_0_clk/X (sky130_fd_sc_hd__clkbuf_16)
                                                         clknet_0_clk (net)
                      0.044840    0.000833   20.423719 ^ clkbuf_1_0_0_clk/A (sky130_fd_sc_hd__clkbuf_8)
     1    0.025145    0.058810    0.137531   20.561251 ^ clkbuf_1_0_0_clk/X (sky130_fd_sc_hd__clkbuf_8)
                                                         clknet_1_0_0_clk (net)
                      0.059143    0.003434   20.564684 ^ clkbuf_1_0_1_clk/A (sky130_fd_sc_hd__clkbuf_8)
     1    0.026346    0.060635    0.143803   20.708488 ^ clkbuf_1_0_1_clk/X (sky130_fd_sc_hd__clkbuf_8)
                                                         clknet_1_0_1_clk (net)
                      0.061077    0.003990   20.712477 ^ clkbuf_1_0_2_clk/A (sky130_fd_sc_hd__clkbuf_8)
     1    0.028923    0.064652    0.147201   20.859678 ^ clkbuf_1_0_2_clk/X (sky130_fd_sc_hd__clkbuf_8)
                                                         clknet_1_0_2_clk (net)
                      0.065207    0.004643   20.864323 ^ clkbuf_1_0_3_clk/A (sky130_fd_sc_hd__clkbuf_8)
     1    0.029608    0.065744    0.150495   21.014816 ^ clkbuf_1_0_3_clk/X (sky130_fd_sc_hd__clkbuf_8)
                                                         clknet_1_0_3_clk (net)
                      0.065966    0.002659   21.017477 ^ clkbuf_1_0_4_clk/A (sky130_fd_sc_hd__clkbuf_8)
     2    0.022323    0.054516    0.142299   21.159775 ^ clkbuf_1_0_4_clk/X (sky130_fd_sc_hd__clkbuf_8)
                                                         clknet_1_0_4_clk (net)
                      0.054596    0.001760   21.161535 ^ clkbuf_2_1_0_clk/A (sky130_fd_sc_hd__clkbuf_8)
     1    0.030144    0.066588    0.146855   21.308390 ^ clkbuf_2_1_0_clk/X (sky130_fd_sc_hd__clkbuf_8)
                                                         clknet_2_1_0_clk (net)
                      0.066973    0.003954   21.312344 ^ clkbuf_2_1_1_clk/A (sky130_fd_sc_hd__clkbuf_8)
     1    0.027411    0.062302    0.147784   21.460129 ^ clkbuf_2_1_1_clk/X (sky130_fd_sc_hd__clkbuf_8)
                                                         clknet_2_1_1_clk (net)
                      0.062802    0.004308   21.464436 ^ clkbuf_2_1_2_clk/A (sky130_fd_sc_hd__clkbuf_8)
     2    0.022549    0.054817    0.141169   21.605604 ^ clkbuf_2_1_2_clk/X (sky130_fd_sc_hd__clkbuf_8)
                                                         clknet_2_1_2_clk (net)
                      0.054963    0.002364   21.607969 ^ clkbuf_3_3_0_clk/A (sky130_fd_sc_hd__clkbuf_8)
     1    0.030685    0.067426    0.146946   21.754915 ^ clkbuf_3_3_0_clk/X (sky130_fd_sc_hd__clkbuf_8)
                                                         clknet_3_3_0_clk (net)
                      0.068010    0.004896   21.759811 ^ clkbuf_3_3_1_clk/A (sky130_fd_sc_hd__clkbuf_8)
     2    0.034363    0.073250    0.156044   21.915855 ^ clkbuf_3_3_1_clk/X (sky130_fd_sc_hd__clkbuf_8)
                                                         clknet_3_3_1_clk (net)
                      0.073869    0.005285   21.921139 ^ clkbuf_4_7_0_clk/A (sky130_fd_sc_hd__clkbuf_8)
     2    0.047081    0.094100    0.171571   22.092710 ^ clkbuf_4_7_0_clk/X (sky130_fd_sc_hd__clkbuf_8)
                                                         clknet_4_7_0_clk (net)
                      0.095468    0.008990   22.101700 ^ clkbuf_5_15_0_clk/A (sky130_fd_sc_hd__clkbuf_8)
     8    0.155361    0.270550    0.291337   22.393038 ^ clkbuf_5_15_0_clk/X (sky130_fd_sc_hd__clkbuf_8)
                                                         clknet_5_15_0_clk (net)
                      0.273966    0.024620   22.417658 ^ clkbuf_8_124_0_clk/A (sky130_fd_sc_hd__clkbuf_8)
     2    0.027605    0.065330    0.217328   22.634987 ^ clkbuf_8_124_0_clk/X (sky130_fd_sc_hd__clkbuf_8)
                                                         clknet_8_124_0_clk (net)
                      0.065404    0.001890   22.636877 ^ clkbuf_9_249__f_clk/A (sky130_fd_sc_hd__clkbuf_16)
     5    0.060134    0.078111    0.163483   22.800360 ^ clkbuf_9_249__f_clk/X (sky130_fd_sc_hd__clkbuf_16)
                                                         clknet_9_249__leaf_clk (net)
                      0.078282    0.002496   22.802855 ^ clkbuf_leaf_1657_clk/A (sky130_fd_sc_hd__clkbuf_16)
     4    0.014512    0.037217    0.132237   22.935093 ^ clkbuf_leaf_1657_clk/X (sky130_fd_sc_hd__clkbuf_16)
                                                         clknet_leaf_1657_clk (net)
                      0.037217    0.000682   22.935776 ^ _200983_/CLK (sky130_fd_sc_hd__dfxtp_1)
                                 -0.250000   22.685776   clock uncertainty
                                  0.000000   22.685776   clock reconvergence pessimism
                                 -0.082697   22.603079   library setup time
                                             22.603079   data required time
---------------------------------------------------------------------------------------------
                                             22.603079   data required time
                                            -12.198083   data arrival time
---------------------------------------------------------------------------------------------
                                             10.404996   slack (MET)




===========================================================================
report_checks --slack_max -0.01
============================================================================
======================= max_tt_025C_1v80 Corner ===================================

No paths found.


===========================================================================
 report_check_types -max_slew -max_cap -max_fanout -violators
============================================================================
======================= max_tt_025C_1v80 Corner ===================================



===========================================================================
report_parasitic_annotation -report_unannotated
============================================================================
Found 774 unannotated drivers.
 clkload0/Y
 clkload1/Y
 clkload10/Y
 clkload100/X
 clkload101/X
 clkload102/Y
 clkload103/X
 clkload104/X
 clkload105/Y
 clkload106/Y
 clkload107/X
 clkload108/X
 clkload109/X
 clkload11/Y
 clkload110/Y
 clkload111/Y
 clkload112/Y
 clkload113/X
 clkload114/Y
 clkload115/Y
 clkload116/Y
 clkload117/X
 clkload118/X
 clkload119/X
 clkload12/Y
 clkload120/Y
 clkload121/Y
 clkload122/Y
 clkload123/X
 clkload124/Y
 clkload125/X
 clkload126/Y
 clkload127/Y
 clkload128/Y
 clkload129/Y
 clkload13/Y
 clkload130/Y
 clkload131/Y
 clkload132/X
 clkload133/Y
 clkload134/X
 clkload135/Y
 clkload136/Y
 clkload137/X
 clkload138/Y
 clkload139/X
 clkload14/Y
 clkload140/Y
 clkload141/X
 clkload142/Y
 clkload143/X
 clkload144/Y
 clkload145/X
 clkload146/Y
 clkload147/X
 clkload148/X
 clkload149/Y
 clkload15/Y
 clkload150/X
 clkload151/Y
 clkload152/Y
 clkload153/X
 clkload154/X
 clkload155/X
 clkload156/Y
 clkload157/Y
 clkload158/X
 clkload159/X
 clkload16/Y
 clkload160/X
 clkload161/Y
 clkload162/X
 clkload163/X
 clkload164/Y
 clkload165/Y
 clkload166/Y
 clkload167/X
 clkload168/X
 clkload169/Y
 clkload17/X
 clkload170/X
 clkload171/X
 clkload172/Y
 clkload173/X
 clkload174/X
 clkload175/X
 clkload176/Y
 clkload177/X
 clkload178/Y
 clkload179/Y
 clkload18/Y
 clkload180/X
 clkload181/Y
 clkload182/X
 clkload183/Y
 clkload184/X
 clkload185/X
 clkload186/Y
 clkload187/X
 clkload188/X
 clkload189/X
 clkload19/Y
 clkload190/X
 clkload191/Y
 clkload192/Y
 clkload193/Y
 clkload194/Y
 clkload195/Y
 clkload196/X
 clkload197/Y
 clkload198/Y
 clkload199/Y
 clkload2/Y
 clkload20/Y
 clkload200/X
 clkload201/Y
 clkload202/Y
 clkload203/Y
 clkload204/Y
 clkload205/Y
 clkload206/Y
 clkload207/Y
 clkload208/Y
 clkload209/Y
 clkload21/Y
 clkload210/Y
 clkload211/Y
 clkload212/Y
 clkload213/Y
 clkload214/Y
 clkload215/Y
 clkload216/Y
 clkload217/Y
 clkload218/X
 clkload219/X
 clkload22/Y
 clkload220/X
 clkload221/Y
 clkload222/Y
 clkload223/Y
 clkload224/Y
 clkload225/Y
 clkload226/Y
 clkload227/Y
 clkload228/Y
 clkload229/Y
 clkload23/Y
 clkload230/Y
 clkload231/Y
 clkload232/Y
 clkload233/Y
 clkload234/Y
 clkload235/Y
 clkload236/Y
 clkload237/Y
 clkload238/Y
 clkload239/Y
 clkload24/X
 clkload240/Y
 clkload241/Y
 clkload242/Y
 clkload243/Y
 clkload244/Y
 clkload245/Y
 clkload246/Y
 clkload247/Y
 clkload248/Y
 clkload249/Y
 clkload25/X
 clkload250/Y
 clkload251/Y
 clkload252/Y
 clkload253/Y
 clkload254/Y
 clkload255/Y
 clkload256/Y
 clkload257/Y
 clkload258/Y
 clkload259/Y
 clkload26/Y
 clkload260/Y
 clkload261/Y
 clkload262/Y
 clkload263/Y
 clkload264/Y
 clkload265/Y
 clkload266/Y
 clkload267/Y
 clkload268/X
 clkload269/Y
 clkload27/X
 clkload270/Y
 clkload271/X
 clkload272/X
 clkload273/Y
 clkload274/Y
 clkload275/Y
 clkload276/Y
 clkload277/Y
 clkload278/Y
 clkload279/Y
 clkload28/Y
 clkload280/Y
 clkload281/Y
 clkload282/Y
 clkload283/Y
 clkload284/Y
 clkload285/Y
 clkload286/Y
 clkload287/Y
 clkload288/Y
 clkload289/Y
 clkload29/X
 clkload290/Y
 clkload291/Y
 clkload292/Y
 clkload293/Y
 clkload294/Y
 clkload295/Y
 clkload296/Y
 clkload297/Y
 clkload298/Y
 clkload299/Y
 clkload3/Y
 clkload30/Y
 clkload300/Y
 clkload301/Y
 clkload302/Y
 clkload303/Y
 clkload304/X
 clkload305/X
 clkload306/Y
 clkload307/Y
 clkload308/Y
 clkload309/Y
 clkload31/Y
 clkload310/X
 clkload311/X
 clkload312/Y
 clkload313/Y
 clkload314/X
 clkload315/Y
 clkload316/Y
 clkload317/X
 clkload318/Y
 clkload319/Y
 clkload32/X
 clkload320/Y
 clkload321/Y
 clkload322/Y
 clkload323/Y
 clkload324/Y
 clkload325/Y
 clkload326/Y
 clkload327/Y
 clkload328/Y
 clkload329/Y
 clkload33/Y
 clkload330/Y
 clkload331/Y
 clkload332/Y
 clkload333/Y
 clkload334/Y
 clkload335/Y
 clkload336/Y
 clkload337/Y
 clkload338/Y
 clkload339/Y
 clkload34/Y
 clkload340/Y
 clkload341/Y
 clkload342/Y
 clkload343/Y
 clkload344/Y
 clkload345/Y
 clkload346/Y
 clkload347/Y
 clkload348/Y
 clkload349/Y
 clkload35/Y
 clkload350/Y
 clkload351/Y
 clkload352/Y
 clkload353/Y
 clkload354/Y
 clkload355/Y
 clkload356/Y
 clkload357/Y
 clkload358/Y
 clkload359/Y
 clkload36/Y
 clkload360/Y
 clkload361/Y
 clkload362/Y
 clkload363/Y
 clkload364/Y
 clkload365/Y
 clkload366/Y
 clkload367/Y
 clkload368/Y
 clkload369/Y
 clkload37/X
 clkload370/Y
 clkload371/Y
 clkload372/Y
 clkload373/Y
 clkload374/Y
 clkload375/Y
 clkload376/Y
 clkload377/Y
 clkload378/Y
 clkload379/Y
 clkload38/Y
 clkload380/Y
 clkload381/Y
 clkload382/Y
 clkload383/X
 clkload384/Y
 clkload385/Y
 clkload386/Y
 clkload387/Y
 clkload388/Y
 clkload389/Y
 clkload39/Y
 clkload390/Y
 clkload391/Y
 clkload392/Y
 clkload393/Y
 clkload394/Y
 clkload395/Y
 clkload396/Y
 clkload397/Y
 clkload398/Y
 clkload399/Y
 clkload4/X
 clkload40/Y
 clkload400/Y
 clkload401/Y
 clkload402/Y
 clkload403/Y
 clkload404/Y
 clkload405/Y
 clkload406/Y
 clkload407/Y
 clkload408/Y
 clkload409/Y
 clkload41/X
 clkload410/Y
 clkload411/Y
 clkload412/Y
 clkload413/Y
 clkload414/X
 clkload415/X
 clkload416/Y
 clkload417/X
 clkload418/Y
 clkload419/X
 clkload42/Y
 clkload420/Y
 clkload421/Y
 clkload422/Y
 clkload423/Y
 clkload424/X
 clkload425/Y
 clkload426/Y
 clkload427/Y
 clkload428/X
 clkload429/Y
 clkload43/X
 clkload430/X
 clkload431/Y
 clkload432/X
 clkload433/X
 clkload434/Y
 clkload435/Y
 clkload436/X
 clkload437/X
 clkload438/X
 clkload439/X
 clkload44/Y
 clkload440/Y
 clkload441/X
 clkload442/X
 clkload443/Y
 clkload444/Y
 clkload445/Y
 clkload446/Y
 clkload447/Y
 clkload448/Y
 clkload449/Y
 clkload45/Y
 clkload450/X
 clkload451/Y
 clkload452/Y
 clkload453/Y
 clkload454/Y
 clkload455/Y
 clkload456/Y
 clkload457/Y
 clkload458/Y
 clkload459/Y
 clkload46/Y
 clkload460/Y
 clkload461/Y
 clkload462/Y
 clkload463/Y
 clkload464/Y
 clkload465/Y
 clkload466/Y
 clkload467/Y
 clkload468/Y
 clkload469/Y
 clkload47/X
 clkload470/Y
 clkload471/Y
 clkload472/Y
 clkload473/Y
 clkload474/Y
 clkload475/X
 clkload476/Y
 clkload477/Y
 clkload478/Y
 clkload479/Y
 clkload48/Y
 clkload480/Y
 clkload481/Y
 clkload482/Y
 clkload483/Y
 clkload484/Y
 clkload485/Y
 clkload486/Y
 clkload487/X
 clkload488/Y
 clkload489/Y
 clkload49/X
 clkload490/Y
 clkload491/Y
 clkload492/Y
 clkload493/Y
 clkload494/Y
 clkload495/Y
 clkload496/Y
 clkload497/Y
 clkload498/Y
 clkload499/Y
 clkload5/Y
 clkload50/Y
 clkload500/Y
 clkload501/Y
 clkload502/Y
 clkload503/Y
 clkload504/Y
 clkload505/X
 clkload506/Y
 clkload507/Y
 clkload508/Y
 clkload509/Y
 clkload51/Y
 clkload510/Y
 clkload511/Y
 clkload512/Y
 clkload513/Y
 clkload514/Y
 clkload515/Y
 clkload516/Y
 clkload517/Y
 clkload518/Y
 clkload519/Y
 clkload52/X
 clkload520/Y
 clkload521/Y
 clkload522/Y
 clkload523/Y
 clkload524/Y
 clkload525/Y
 clkload526/Y
 clkload527/Y
 clkload528/Y
 clkload529/Y
 clkload53/X
 clkload530/Y
 clkload531/Y
 clkload532/Y
 clkload533/Y
 clkload534/Y
 clkload535/Y
 clkload536/Y
 clkload537/Y
 clkload538/Y
 clkload539/Y
 clkload54/X
 clkload540/Y
 clkload541/Y
 clkload542/Y
 clkload543/Y
 clkload544/Y
 clkload545/Y
 clkload546/Y
 clkload547/Y
 clkload548/Y
 clkload549/Y
 clkload55/Y
 clkload550/Y
 clkload551/Y
 clkload552/Y
 clkload553/Y
 clkload554/Y
 clkload555/Y
 clkload556/Y
 clkload557/Y
 clkload558/Y
 clkload559/Y
 clkload56/X
 clkload560/Y
 clkload561/Y
 clkload562/Y
 clkload563/Y
 clkload564/Y
 clkload565/Y
 clkload566/Y
 clkload567/Y
 clkload568/Y
 clkload569/Y
 clkload57/Y
 clkload570/Y
 clkload571/Y
 clkload572/X
 clkload573/Y
 clkload574/Y
 clkload575/Y
 clkload576/Y
 clkload577/Y
 clkload578/Y
 clkload579/Y
 clkload58/Y
 clkload580/Y
 clkload581/X
 clkload582/Y
 clkload583/Y
 clkload584/Y
 clkload585/Y
 clkload586/Y
 clkload587/Y
 clkload588/Y
 clkload589/Y
 clkload59/X
 clkload590/Y
 clkload591/Y
 clkload592/Y
 clkload593/Y
 clkload594/Y
 clkload595/Y
 clkload596/Y
 clkload597/Y
 clkload598/Y
 clkload599/Y
 clkload6/Y
 clkload60/X
 clkload600/Y
 clkload601/Y
 clkload602/Y
 clkload603/Y
 clkload604/Y
 clkload605/Y
 clkload606/Y
 clkload607/Y
 clkload608/Y
 clkload609/Y
 clkload61/Y
 clkload610/Y
 clkload611/Y
 clkload612/Y
 clkload613/Y
 clkload614/Y
 clkload615/Y
 clkload616/Y
 clkload617/Y
 clkload618/Y
 clkload619/Y
 clkload62/Y
 clkload620/Y
 clkload621/Y
 clkload622/Y
 clkload623/Y
 clkload624/Y
 clkload625/Y
 clkload626/Y
 clkload627/Y
 clkload628/Y
 clkload629/Y
 clkload63/X
 clkload630/Y
 clkload631/Y
 clkload632/Y
 clkload633/Y
 clkload634/Y
 clkload635/Y
 clkload636/Y
 clkload637/Y
 clkload638/Y
 clkload639/Y
 clkload64/Y
 clkload640/Y
 clkload641/Y
 clkload642/Y
 clkload643/Y
 clkload644/Y
 clkload645/Y
 clkload646/Y
 clkload647/Y
 clkload648/Y
 clkload649/Y
 clkload65/Y
 clkload650/Y
 clkload651/Y
 clkload652/Y
 clkload653/Y
 clkload654/Y
 clkload655/Y
 clkload656/Y
 clkload657/Y
 clkload658/Y
 clkload659/Y
 clkload66/Y
 clkload660/Y
 clkload661/Y
 clkload662/Y
 clkload663/Y
 clkload664/Y
 clkload665/Y
 clkload666/Y
 clkload667/Y
 clkload668/Y
 clkload669/Y
 clkload67/Y
 clkload670/Y
 clkload671/Y
 clkload672/Y
 clkload673/Y
 clkload674/X
 clkload675/X
 clkload676/X
 clkload677/Y
 clkload678/X
 clkload679/Y
 clkload68/Y
 clkload680/X
 clkload681/Y
 clkload682/Y
 clkload683/Y
 clkload684/Y
 clkload685/Y
 clkload686/X
 clkload687/Y
 clkload688/X
 clkload689/Y
 clkload69/Y
 clkload690/Y
 clkload691/Y
 clkload692/Y
 clkload693/Y
 clkload694/Y
 clkload695/Y
 clkload696/Y
 clkload697/Y
 clkload698/Y
 clkload699/Y
 clkload7/Y
 clkload70/Y
 clkload700/Y
 clkload701/Y
 clkload702/Y
 clkload703/Y
 clkload704/Y
 clkload705/Y
 clkload706/Y
 clkload707/Y
 clkload708/Y
 clkload709/Y
 clkload71/X
 clkload710/Y
 clkload711/Y
 clkload712/Y
 clkload713/Y
 clkload714/Y
 clkload715/Y
 clkload716/Y
 clkload717/Y
 clkload718/Y
 clkload719/Y
 clkload72/Y
 clkload720/Y
 clkload721/Y
 clkload722/Y
 clkload723/Y
 clkload724/Y
 clkload725/Y
 clkload726/Y
 clkload727/Y
 clkload728/Y
 clkload729/Y
 clkload73/Y
 clkload730/Y
 clkload731/Y
 clkload732/Y
 clkload733/Y
 clkload734/Y
 clkload735/Y
 clkload736/Y
 clkload737/Y
 clkload738/Y
 clkload739/Y
 clkload74/X
 clkload740/Y
 clkload741/Y
 clkload742/Y
 clkload743/Y
 clkload744/Y
 clkload745/Y
 clkload746/Y
 clkload747/Y
 clkload748/Y
 clkload749/Y
 clkload75/X
 clkload750/Y
 clkload751/Y
 clkload752/Y
 clkload753/Y
 clkload754/Y
 clkload755/Y
 clkload756/Y
 clkload757/Y
 clkload758/Y
 clkload759/Y
 clkload76/X
 clkload760/Y
 clkload761/Y
 clkload762/Y
 clkload763/Y
 clkload764/Y
 clkload765/Y
 clkload766/Y
 clkload767/Y
 clkload77/Y
 clkload78/X
 clkload79/Y
 clkload8/X
 clkload80/X
 clkload81/Y
 clkload82/Y
 clkload83/X
 clkload84/X
 clkload85/Y
 clkload86/X
 clkload87/X
 clkload88/X
 clkload89/X
 clkload9/Y
 clkload90/Y
 clkload91/X
 clkload92/X
 clkload93/X
 clkload94/Y
 clkload95/Y
 clkload96/X
 clkload97/X
 clkload98/X
 clkload99/Y
 core_tile/HI
 core_tile_64037/HI
 core_tile_64038/HI
 core_tile_64039/HI
 core_tile_64040/HI
 core_tile_64041/HI
Found 0 partially unannotated drivers.

===========================================================================
max slew violation count 0
max fanout violation count 0
max cap violation count 0
============================================================================

===========================================================================
check_setup -verbose -unconstrained_endpoints -multiple_clock -no_clock -no_input_delay -loops -generated_clocks
===========================================================================
