Clock: clk
Sources: clk 
Generated: no
Virtual: yes
Propagated: no
Period: 20.000000

===========================================================================
report_clock_properties
============================================================================
Clock                   Period          Waveform
----------------------------------------------------
clk                  20.000000    0.000000 10.000000

===========================================================================
report_clock_latency
============================================================================
Clock clk
rise -> rise
    min     max
0.000000 0.000000 source latency
2.705653         network latency _196098_/CLK
        3.179700 network latency _194918_/CLK
---------------
2.705653 3.179700 latency
        0.474047 skew

fall -> fall
    min     max
0.000000 0.000000 source latency
2.801898         network latency _196098_/CLK
        3.203818 network latency _195483_/CLK
---------------
2.801898 3.203818 latency
        0.401920 skew



===========================================================================
report_clock_min_period
============================================================================
clk period_min = 9.60 fmax = 104.22
