
===========================================================================
 report_power
============================================================================
======================= max_tt_025C_1v80 Corner ===================================

Group                    Internal    Switching      Leakage        Total
                            Power        Power        Power        Power (Watts)
------------------------------------------------------------------------
Sequential           2.005360e-02 1.954517e-04 8.060513e-08 2.024913e-02  31.1%
Combinational        1.544866e-03 2.574889e-03 4.251376e-07 4.120179e-03   6.3%
Clock                2.757598e-02 1.322579e-02 5.859662e-07 4.080236e-02  62.6%
Macro                0.000000e+00 0.000000e+00 0.000000e+00 0.000000e+00   0.0%
Pad                  0.000000e+00 0.000000e+00 0.000000e+00 0.000000e+00   0.0%
------------------------------------------------------------------------
Total                4.917720e-02 1.599603e-02 1.091260e-06 6.517433e-02 100.0%
                            75.5%        24.5%         0.0%

