
===========================================================================
report_checks -unconstrained
===========================================================================
======================= max_tt_025C_1v80 Corner ===================================

Startpoint: _46315_ (rising edge-triggered flip-flop clocked by clk)
Endpoint: _46006_ (rising edge-triggered flip-flop clocked by clk)
Path Group: clk
Path Type: max

Fanout         Cap        Slew       Delay        Time   Description
---------------------------------------------------------------------------------------------
                                  0.000000    0.000000   clock clk (rise edge)
                                  0.000000    0.000000   clock source latency
     2    0.137381    0.000000    0.000000    0.000000 ^ clk (in)
                                                         clk (net)
                      0.034952    0.017476    0.017476 ^ clkbuf_0_clk/A (sky130_fd_sc_hd__clkbuf_16)
     4    0.095024    0.111612    0.175438    0.192914 ^ clkbuf_0_clk/X (sky130_fd_sc_hd__clkbuf_16)
                                                         clknet_0_clk (net)
                      0.113537    0.011662    0.204575 ^ clkbuf_2_3_0_clk/A (sky130_fd_sc_hd__clkbuf_4)
    19    0.239681    0.701265    0.606568    0.811144 ^ clkbuf_2_3_0_clk/X (sky130_fd_sc_hd__clkbuf_4)
                                                         clknet_2_3_0_clk (net)
                      0.702069    0.019774    0.830917 ^ clkbuf_6_57_0_clk/A (sky130_fd_sc_hd__clkbuf_4)
     9    0.131619    0.390053    0.546319    1.377236 ^ clkbuf_6_57_0_clk/X (sky130_fd_sc_hd__clkbuf_4)
                                                         clknet_6_57_0_clk (net)
                      0.390123    0.005117    1.382353 ^ clkbuf_leaf_265_clk/A (sky130_fd_sc_hd__clkbuf_16)
     4    0.014182    0.044406    0.214830    1.597183 ^ clkbuf_leaf_265_clk/X (sky130_fd_sc_hd__clkbuf_16)
                                                         clknet_leaf_265_clk (net)
                      0.044406    0.000660    1.597842 ^ _46315_/CLK (sky130_fd_sc_hd__dfxtp_2)
     1    0.005177    0.039995    0.313521    1.911364 ^ _46315_/Q (sky130_fd_sc_hd__dfxtp_2)
                                                         net362 (net)
                      0.039995    0.000245    1.911608 ^ place900/A (sky130_fd_sc_hd__buf_6)
    29    0.171201    0.337726    0.286584    2.198193 ^ place900/X (sky130_fd_sc_hd__buf_6)
                                                         net900 (net)
                      0.342449    0.032160    2.230353 ^ _22178_/A (sky130_fd_sc_hd__inv_2)
     5    0.020685    0.101544    0.124492    2.354845 v _22178_/Y (sky130_fd_sc_hd__inv_2)
                                                         _00051_ (net)
                      0.101552    0.000769    2.355614 v _44234_/A (sky130_fd_sc_hd__fa_1)
    15    0.072869    0.364901    0.741486    3.097100 v _44234_/COUT (sky130_fd_sc_hd__fa_1)
                                                         _00052_ (net)
                      0.365110    0.008046    3.105147 v _36372_/B2 (sky130_fd_sc_hd__a22o_2)
     1    0.008850    0.056415    0.366845    3.471992 v _36372_/X (sky130_fd_sc_hd__a22o_2)
                                                         _10672_ (net)
                      0.056415    0.000673    3.472665 v _36373_/B (sky130_fd_sc_hd__xnor2_2)
     2    0.006893    0.078389    0.138712    3.611377 v _36373_/Y (sky130_fd_sc_hd__xnor2_2)
                                                         _10673_ (net)
                      0.078389    0.000180    3.611557 v _36379_/B1 (sky130_fd_sc_hd__a21o_2)
     3    0.011509    0.055887    0.222031    3.833588 v _36379_/X (sky130_fd_sc_hd__a21o_2)
                                                         _10679_ (net)
                      0.055894    0.000605    3.834193 v _36383_/A2 (sky130_fd_sc_hd__a21o_2)
     2    0.007872    0.046183    0.225515    4.059709 v _36383_/X (sky130_fd_sc_hd__a21o_2)
                                                         _10683_ (net)
                      0.046191    0.000588    4.060297 v _36386_/A2 (sky130_fd_sc_hd__a21o_2)
     2    0.008098    0.046626    0.222392    4.282690 v _36386_/X (sky130_fd_sc_hd__a21o_2)
                                                         _10686_ (net)
                      0.046626    0.000135    4.282824 v _36432_/A2 (sky130_fd_sc_hd__a31o_2)
     2    0.006944    0.046936    0.239918    4.522742 v _36432_/X (sky130_fd_sc_hd__a31o_2)
                                                         _10731_ (net)
                      0.046936    0.000352    4.523095 v _36433_/C (sky130_fd_sc_hd__and3_2)
     3    0.008265    0.050650    0.222563    4.745658 v _36433_/X (sky130_fd_sc_hd__and3_2)
                                                         _10732_ (net)
                      0.050652    0.000422    4.746080 v _36436_/A (sky130_fd_sc_hd__or3_2)
     4    0.017172    0.119748    0.539770    5.285850 v _36436_/X (sky130_fd_sc_hd__or3_2)
                                                         _10735_ (net)
                      0.119748    0.000387    5.286237 v _36438_/B (sky130_fd_sc_hd__and3_2)
     2    0.007112    0.047965    0.237027    5.523264 v _36438_/X (sky130_fd_sc_hd__and3_2)
                                                         _10737_ (net)
                      0.047991    0.000330    5.523594 v _36442_/A3 (sky130_fd_sc_hd__o41a_2)
     2    0.005104    0.069891    0.436390    5.959984 v _36442_/X (sky130_fd_sc_hd__o41a_2)
                                                         _10741_ (net)
                      0.069891    0.000314    5.960298 v _36724_/A2 (sky130_fd_sc_hd__o211a_2)
     1    0.005832    0.048325    0.253548    6.213846 v _36724_/X (sky130_fd_sc_hd__o211a_2)
                                                         _11014_ (net)
                      0.048325    0.000356    6.214201 v _36725_/A2 (sky130_fd_sc_hd__a2111o_2)
     1    0.009122    0.080512    0.487219    6.701420 v _36725_/X (sky130_fd_sc_hd__a2111o_2)
                                                         _11015_ (net)
                      0.080512    0.000715    6.702135 v _36728_/A1 (sky130_fd_sc_hd__a21o_2)
     2    0.016344    0.065016    0.235794    6.937929 v _36728_/X (sky130_fd_sc_hd__a21o_2)
                                                         _11018_ (net)
                      0.065050    0.001366    6.939295 v _36875_/A1 (sky130_fd_sc_hd__a211o_2)
     2    0.019931    0.089743    0.352268    7.291563 v _36875_/X (sky130_fd_sc_hd__a211o_2)
                                                         _11165_ (net)
                      0.089804    0.002129    7.293693 v _36932_/A1 (sky130_fd_sc_hd__a21o_2)
     2    0.008423    0.047524    0.218227    7.511919 v _36932_/X (sky130_fd_sc_hd__a21o_2)
                                                         _11221_ (net)
                      0.047527    0.000447    7.512366 v _36983_/A2 (sky130_fd_sc_hd__a21o_2)
     3    0.023935    0.082395    0.261782    7.774148 v _36983_/X (sky130_fd_sc_hd__a21o_2)
                                                         _11271_ (net)
                      0.082555    0.003185    7.777333 v _37035_/A2 (sky130_fd_sc_hd__a21o_2)
     3    0.012617    0.057082    0.251044    8.028377 v _37035_/X (sky130_fd_sc_hd__a21o_2)
                                                         _11322_ (net)
                      0.057144    0.001270    8.029647 v _37087_/A2 (sky130_fd_sc_hd__a21o_2)
     3    0.015390    0.062989    0.247468    8.277114 v _37087_/X (sky130_fd_sc_hd__a21o_2)
                                                         _11373_ (net)
                      0.063016    0.001206    8.278320 v _37136_/A2 (sky130_fd_sc_hd__a21o_2)
     3    0.010483    0.053144    0.236845    8.515165 v _37136_/X (sky130_fd_sc_hd__a21o_2)
                                                         _11421_ (net)
                      0.053147    0.000409    8.515575 v _37182_/A2 (sky130_fd_sc_hd__a21o_2)
     3    0.012121    0.056229    0.238181    8.753757 v _37182_/X (sky130_fd_sc_hd__a21o_2)
                                                         _11466_ (net)
                      0.056237    0.000684    8.754440 v _37228_/A2 (sky130_fd_sc_hd__a21o_2)
     3    0.010924    0.054559    0.235445    8.989885 v _37228_/X (sky130_fd_sc_hd__a21o_2)
                                                         _11511_ (net)
                      0.054569    0.000735    8.990620 v _37269_/A2 (sky130_fd_sc_hd__a21o_2)
     4    0.022433    0.078826    0.261625    9.252246 v _37269_/X (sky130_fd_sc_hd__a21o_2)
                                                         _11551_ (net)
                      0.078829    0.000618    9.252864 v _37271_/A (sky130_fd_sc_hd__and2_2)
     2    0.006159    0.044540    0.189252    9.442116 v _37271_/X (sky130_fd_sc_hd__and2_2)
                                                         _11553_ (net)
                      0.044540    0.000353    9.442470 v _37421_/C (sky130_fd_sc_hd__or4_2)
     1    0.009744    0.126005    0.649413   10.091883 v _37421_/X (sky130_fd_sc_hd__or4_2)
                                                         _11696_ (net)
                      0.126005    0.000625   10.092507 v _37422_/B (sky130_fd_sc_hd__or3b_2)
     1    0.002775    0.075030    0.458548   10.551056 v _37422_/X (sky130_fd_sc_hd__or3b_2)
                                                         _11697_ (net)
                      0.075030    0.000160   10.551215 v _37423_/D (sky130_fd_sc_hd__or4_2)
     1    0.002923    0.098473    0.538649   11.089865 v _37423_/X (sky130_fd_sc_hd__or4_2)
                                                         _11698_ (net)
                      0.098473    0.000195   11.090059 v _37424_/A2 (sky130_fd_sc_hd__o211a_2)
     1    0.003597    0.042910    0.256185   11.346244 v _37424_/X (sky130_fd_sc_hd__o211a_2)
                                                         _11699_ (net)
                      0.042910    0.000239   11.346483 v _37425_/A2 (sky130_fd_sc_hd__o21a_2)
     1    0.002407    0.032159    0.182991   11.529473 v _37425_/X (sky130_fd_sc_hd__o21a_2)
                                                         _01378_ (net)
                      0.032159    0.000163   11.529636 v _46006_/D (sky130_fd_sc_hd__dfxtp_2)
                                             11.529636   data arrival time

                                 24.000000   24.000000   clock clk (rise edge)
                                  0.000000   24.000000   clock source latency
     2    0.137381    0.000000    0.000000   24.000000 ^ clk (in)
                                                         clk (net)
                      0.034952    0.017476   24.017475 ^ clkbuf_0_clk/A (sky130_fd_sc_hd__clkbuf_16)
     4    0.095024    0.111612    0.175438   24.192913 ^ clkbuf_0_clk/X (sky130_fd_sc_hd__clkbuf_16)
                                                         clknet_0_clk (net)
                      0.113537    0.011662   24.204575 ^ clkbuf_2_3_0_clk/A (sky130_fd_sc_hd__clkbuf_4)
    19    0.239681    0.701265    0.606567   24.811142 ^ clkbuf_2_3_0_clk/X (sky130_fd_sc_hd__clkbuf_4)
                                                         clknet_2_3_0_clk (net)
                      0.702189    0.021155   24.832296 ^ clkbuf_6_55_0_clk/A (sky130_fd_sc_hd__clkbuf_4)
     9    0.143189    0.421196    0.568129   25.400425 ^ clkbuf_6_55_0_clk/X (sky130_fd_sc_hd__clkbuf_4)
                                                         clknet_6_55_0_clk (net)
                      0.421449    0.005992   25.406418 ^ clkbuf_leaf_282_clk/A (sky130_fd_sc_hd__clkbuf_16)
     4    0.012794    0.044231    0.218881   25.625298 ^ clkbuf_leaf_282_clk/X (sky130_fd_sc_hd__clkbuf_16)
                                                         clknet_leaf_282_clk (net)
                      0.044231    0.000236   25.625534 ^ _46006_/CLK (sky130_fd_sc_hd__dfxtp_2)
                                 -0.250000   25.375536   clock uncertainty
                                  0.000000   25.375536   clock reconvergence pessimism
                                 -0.107459   25.268076   library setup time
                                             25.268076   data required time
---------------------------------------------------------------------------------------------
                                             25.268076   data required time
                                            -11.529636   data arrival time
---------------------------------------------------------------------------------------------
                                             13.738441   slack (MET)




===========================================================================
report_checks --slack_max -0.01
============================================================================
======================= max_tt_025C_1v80 Corner ===================================

No paths found.


===========================================================================
 report_check_types -max_slew -max_cap -max_fanout -violators
============================================================================
======================= max_tt_025C_1v80 Corner ===================================



===========================================================================
report_parasitic_annotation -report_unannotated
============================================================================
Found 161 unannotated drivers.
 _44218__1484/HI
 _44219__1485/HI
 _44220__1486/HI
 _44221__1487/HI
 _44222__1488/HI
 _44223__1489/HI
 _44224__1490/HI
 _44225__1491/HI
 _44226__1468/HI
 _44227__1469/HI
 _44228__1470/HI
 _44229__1471/HI
 _44230_/SUM
 _44230__1472/HI
 _44231_/SUM
 _44231__1473/HI
 _44232_/SUM
 _44232__1474/HI
 _44233_/SUM
 _44233__1475/HI
 _44234_/SUM
 _44234__1476/HI
 _44235_/SUM
 _44235__1477/HI
 _44236_/SUM
 _44236__1478/HI
 _44237_/SUM
 _44237__1479/HI
 _44238_/SUM
 _44238__1480/HI
 _44239_/SUM
 _44239__1481/HI
 _44240_/SUM
 _44240__1482/HI
 _44241_/SUM
 _44241__1483/HI
 clkload0/Y
 clkload1/Y
 clkload10/Y
 clkload100/X
 clkload11/Y
 clkload12/Y
 clkload13/Y
 clkload14/Y
 clkload15/Y
 clkload16/Y
 clkload17/Y
 clkload18/Y
 clkload19/Y
 clkload2/Y
 clkload20/Y
 clkload21/Y
 clkload22/Y
 clkload23/Y
 clkload24/Y
 clkload25/Y
 clkload26/Y
 clkload27/Y
 clkload28/Y
 clkload29/Y
 clkload3/Y
 clkload30/Y
 clkload31/Y
 clkload32/Y
 clkload33/Y
 clkload34/X
 clkload35/Y
 clkload36/Y
 clkload37/Y
 clkload38/Y
 clkload39/X
 clkload4/Y
 clkload40/Y
 clkload41/Y
 clkload42/Y
 clkload43/X
 clkload44/Y
 clkload45/Y
 clkload46/Y
 clkload47/Y
 clkload48/Y
 clkload49/X
 clkload5/Y
 clkload50/Y
 clkload51/Y
 clkload52/Y
 clkload53/Y
 clkload54/Y
 clkload55/Y
 clkload56/Y
 clkload57/Y
 clkload58/Y
 clkload59/Y
 clkload6/Y
 clkload60/X
 clkload61/X
 clkload62/X
 clkload63/X
 clkload64/X
 clkload65/X
 clkload66/X
 clkload67/X
 clkload68/X
 clkload69/X
 clkload7/Y
 clkload70/X
 clkload71/X
 clkload72/X
 clkload73/X
 clkload74/X
 clkload75/X
 clkload76/X
 clkload77/X
 clkload78/X
 clkload79/X
 clkload8/Y
 clkload80/X
 clkload81/X
 clkload82/X
 clkload83/X
 clkload84/X
 clkload85/X
 clkload86/X
 clkload87/X
 clkload88/X
 clkload89/X
 clkload9/X
 clkload90/X
 clkload91/X
 clkload92/X
 clkload93/X
 clkload94/X
 clkload95/X
 clkload96/X
 clkload97/X
 clkload98/X
 clkload99/X
 core/HI
 core_1492/HI
 core_1493/HI
 core_1494/HI
 core_1495/HI
 core_1496/HI
 core_1497/HI
 core_1498/HI
 core_1499/HI
 core_1500/HI
 core_1501/HI
 core_1502/HI
 core_1503/HI
 core_1504/HI
 core_1505/HI
 core_1506/HI
 core_1507/HI
 core_1508/HI
 core_1509/HI
 core_1510/HI
 core_1511/HI
 core_1512/HI
 core_1513/HI
 core_1514/HI
Found 0 partially unannotated drivers.

===========================================================================
max slew violation count 0
max fanout violation count 0
max cap violation count 0
============================================================================

===========================================================================
check_setup -verbose -unconstrained_endpoints -multiple_clock -no_clock -no_input_delay -loops -generated_clocks
===========================================================================
