Clock: clk
Sources: clk 
Generated: no
Virtual: yes
Propagated: no
Period: 24.000000

===========================================================================
report_clock_properties
============================================================================
Clock                   Period          Waveform
----------------------------------------------------
clk                  24.000000    0.000000 12.000000

===========================================================================
report_clock_latency
============================================================================
Clock clk
rise -> rise
    min     max
0.000000 0.000000 source latency
1.252053         network latency _45173_/CLK
        1.731611 network latency _46051_/CLK
---------------
1.252053 1.731611 latency
        0.479558 skew

fall -> fall
    min     max
0.000000 0.000000 source latency
1.065246         network latency _45173_/CLK
        1.498483 network latency _46051_/CLK
---------------
1.065246 1.498483 latency
        0.433237 skew



===========================================================================
report_clock_min_period
============================================================================
clk period_min = 10.26 fmax = 97.45
