
===========================================================================
 report_power
============================================================================
======================= max_tt_025C_1v80 Corner ===================================

Group                    Internal    Switching      Leakage        Total
                            Power        Power        Power        Power (Watts)
------------------------------------------------------------------------
Sequential           3.871294e-03 3.073250e-04 1.920084e-08 4.178638e-03  19.9%
Combinational        4.323729e-03 5.812079e-03 9.533047e-08 1.013590e-02  48.2%
Clock                4.332845e-03 2.362701e-03 1.228506e-07 6.695669e-03  31.9%
Macro                0.000000e+00 0.000000e+00 0.000000e+00 0.000000e+00   0.0%
Pad                  0.000000e+00 0.000000e+00 0.000000e+00 0.000000e+00   0.0%
------------------------------------------------------------------------
Total                1.252786e-02 8.482057e-03 2.373778e-07 2.101015e-02 100.0%
                            59.6%        40.4%         0.0%

