Clock: clk
Sources: clk 
Generated: no
Virtual: yes
Propagated: no
Period: 20.000000

===========================================================================
report_clock_properties
============================================================================
Clock                   Period          Waveform
----------------------------------------------------
clk                  20.000000    0.000000 10.000000

===========================================================================
report_clock_latency
============================================================================
Clock clk
rise -> rise
    min     max
0.000000 0.000000 source latency
4.409258         network latency _258549_/CLK
        4.943677 network latency _261836_/CLK
---------------
4.409258 4.943677 latency
        0.534419 skew

fall -> fall
    min     max
0.000000 0.000000 source latency
4.488462         network latency _258549_/CLK
        4.969750 network latency _261836_/CLK
---------------
4.488462 4.969750 latency
        0.481288 skew



===========================================================================
report_clock_min_period
============================================================================
clk period_min = 17.45 fmax = 57.31
