┏━━━━━━━┳━━━━━━━━━━┳━━━━━━━━━━┳━━━━━━━━━━━━━━━━━━━━━━━━━━━━━━━━━━━━━━━━━━━━━━━━━━━━━━━━━━━━━━━━━━━━━━━━━━━━━━━━━━┳━━━━━━━━━━━━━━━━┳━━━━━━━┓
┃ P / R ┃ Partial  ┃ Required ┃ Net                                                                              ┃ Pin            ┃ Layer ┃
┡━━━━━━━╇━━━━━━━━━━╇━━━━━━━━━━╇━━━━━━━━━━━━━━━━━━━━━━━━━━━━━━━━━━━━━━━━━━━━━━━━━━━━━━━━━━━━━━━━━━━━━━━━━━━━━━━━━━╇━━━━━━━━━━━━━━━━╇━━━━━━━┩
│ 5.42  │ 2166.88  │ 400.00   │ net814                                                                           │ _34067_/A      │ met3  │
│ 5.42  │ 2166.88  │ 400.00   │ net814                                                                           │ _34068_/A1     │ met3  │
│ 4.93  │ 1971.68  │ 400.00   │ net627                                                                           │ _22458_/C1     │ met3  │
│ 4.86  │ 1945.33  │ 400.00   │ net965                                                                           │ _23553_/A      │ met3  │
│ 4.48  │ 1793.26  │ 400.00   │ net626                                                                           │ _22468_/C1     │ met3  │
│ 4.40  │ 1761.33  │ 400.00   │ _01642_                                                                          │ _46270_/D      │ met3  │
│ 3.84  │ 10969.90 │ 2857.40  │ _01822_                                                                          │ _46450_/D      │ met3  │
│ 3.18  │ 1273.79  │ 400.00   │ net628                                                                           │ _22756_/B1     │ met3  │
│ 3.18  │ 1273.79  │ 400.00   │ net628                                                                           │ _43825_/B1     │ met3  │
│ 3.13  │ 1253.53  │ 400.00   │ _16008_                                                                          │ _41981_/B1     │ met3  │
│ 3.02  │ 1208.92  │ 400.00   │ _16507_                                                                          │ _42541_/B2     │ met3  │
│ 2.96  │ 1185.67  │ 400.00   │ _15867_                                                                          │ _41824_/C      │ met3  │
│ 2.96  │ 1185.67  │ 400.00   │ _15867_                                                                          │ _42107_/C1     │ met3  │
│ 2.80  │ 1119.71  │ 400.00   │ _16228_                                                                          │ _42234_/B1     │ met3  │
│ 2.80  │ 1119.71  │ 400.00   │ _16882_                                                                          │ _43270_/B1     │ met3  │
│ 2.80  │ 1119.71  │ 400.00   │ net628                                                                           │ _22448_/B1     │ met3  │
│ 2.65  │ 1060.38  │ 400.00   │ _01691_                                                                          │ _46319_/D      │ met3  │
│ 2.48  │ 990.35   │ 400.00   │ _17162_                                                                          │ _43278_/B1     │ met3  │
│ 2.43  │ 972.76   │ 400.00   │ _16930_                                                                          │ _43300_/A      │ met3  │
│ 2.35  │ 941.28   │ 400.00   │ _16239_                                                                          │ _42242_/B2     │ met3  │
│ 2.35  │ 941.28   │ 400.00   │ net385                                                                           │ _38659_/A2     │ met3  │
│ 2.30  │ 919.24   │ 400.00   │ _17962_                                                                          │ _22714_/C1     │ met3  │
│ 2.30  │ 919.24   │ 400.00   │ _17962_                                                                          │ _43784_/C1     │ met3  │
│ 2.25  │ 901.14   │ 400.00   │ _16344_                                                                          │ _42365_/B1     │ met3  │
│ 2.24  │ 894.47   │ 400.00   │ clk                                                                              │ clkbuf_0_clk/A │ met3  │
│ 2.15  │ 861.36   │ 400.00   │ systolic_arrays[0\].systolic_array_inst.a_wire[4\][5\]                           │ _24906_/D      │ met1  │
│ 2.13  │ 852.12   │ 400.00   │ _16403_                                                                          │ _42570_/C1     │ met3  │
│ 2.13  │ 852.12   │ 400.00   │ _16403_                                                                          │ _42709_/C1     │ met3  │
│ 2.13  │ 852.07   │ 400.00   │ _17962_                                                                          │ _22566_/C1     │ met3  │
│ 1.96  │ 785.24   │ 400.00   │ _17974_                                                                          │ _22724_/B1     │ met3  │
│ 1.96  │ 785.24   │ 400.00   │ _17974_                                                                          │ _43794_/B1     │ met3  │
│ 1.80  │ 718.25   │ 400.00   │ _16302_                                                                          │ _42313_/B2     │ met3  │
│ 1.80  │ 718.25   │ 400.00   │ _16566_                                                                          │ _42608_/B2     │ met3  │
│ 1.77  │ 709.90   │ 400.00   │ _15910_                                                                          │ _42012_/A      │ met3  │
│ 1.77  │ 709.90   │ 400.00   │ _16938_                                                                          │ _43309_/A      │ met3  │
│ 1.75  │ 701.43   │ 400.00   │ net1424                                                                          │ output1424/A   │ met3  │
│ 1.71  │ 682.67   │ 400.00   │ _16403_                                                                          │ _42425_/C1     │ met3  │
│ 1.70  │ 679.24   │ 400.00   │ net626                                                                           │ _22778_/B1     │ met3  │
│ 1.70  │ 679.24   │ 400.00   │ net626                                                                           │ _23255_/A      │ met3  │
│ 1.70  │ 679.24   │ 400.00   │ net626                                                                           │ _43846_/B1     │ met3  │
│ 1.68  │ 672.94   │ 400.00   │ net1050                                                                          │ _24119_/A      │ met1  │
│ 1.67  │ 667.44   │ 400.00   │ threads[0\].fma_instance.r3_weighted[15\]                                        │ _35449_/A      │ met1  │
│ 1.62  │ 646.14   │ 400.00   │ net937                                                                           │ output1266/A   │ met1  │
│ 1.61  │ 644.46   │ 400.00   │ net864                                                                           │ _34067_/B      │ met1  │
│ 1.58  │ 633.72   │ 400.00   │ systolic_arrays[0\].systolic_array_inst.b_wire[3\][2\]                           │ _26175_/A      │ met1  │
│ 1.58  │ 632.55   │ 400.00   │ _18401_                                                                          │ _43778_/A1     │ met1  │
│ 1.57  │ 629.96   │ 400.00   │ alu_out[3\][1\]                                                                  │ _41772_/A1     │ met1  │
│ 1.56  │ 624.67   │ 400.00   │ systolic_arrays[0\].systolic_array_inst.b_wire[3\][4\]                           │ _26164_/C      │ met1  │
│ 1.49  │ 597.15   │ 400.00   │ _06225_                                                                          │ _31714_/A      │ met1  │
│ 1.48  │ 593.79   │ 400.00   │ net933                                                                           │ _46580_/A      │ met3  │
│ 1.48  │ 593.79   │ 400.00   │ net933                                                                           │ output1270/A   │ met3  │
│ 1.47  │ 586.47   │ 400.00   │ systolic_arrays[0\].systolic_array_inst.a_reg[30\]                               │ _26158_/C      │ met1  │
│ 1.46  │ 583.14   │ 400.00   │ net653                                                                           │ _34178_/B      │ met2  │
│ 1.45  │ 580.46   │ 400.00   │ _18295_                                                                          │ _23372_/A1     │ met1  │
│ 1.44  │ 574.06   │ 400.00   │ branch_target[1\]                                                                │ _22578_/A      │ met3  │
│ 1.44  │ 574.06   │ 400.00   │ branch_target[1\]                                                                │ _23489_/A      │ met3  │
│ 1.40  │ 561.31   │ 400.00   │ _00911_                                                                          │ _45539_/D      │ met1  │
│ 1.39  │ 557.28   │ 400.00   │ net930                                                                           │ output1274/A   │ met1  │
│ 1.39  │ 555.64   │ 400.00   │ _01707_                                                                          │ _46335_/D      │ met1  │
│ 1.38  │ 552.63   │ 400.00   │ net1389                                                                          │ output1389/A   │ met2  │
│ 1.37  │ 547.92   │ 400.00   │ net1072                                                                          │ _23185_/B      │ met2  │
│ 1.36  │ 542.81   │ 400.00   │ _17755_                                                                          │ _23564_/B      │ met1  │
│ 1.35  │ 539.83   │ 400.00   │ _16758_                                                                          │ _42825_/B1     │ met3  │
│ 1.35  │ 539.83   │ 400.00   │ alu_out[2\][5\]                                                                  │ _23243_/B2     │ met3  │
│ 1.33  │ 3776.38  │ 2848.40  │ _00548_                                                                          │ _45176_/D      │ met4  │
│ 1.32  │ 526.28   │ 400.00   │ systolic_arrays[0\].systolic_array_inst.b_wire[3\][0\]                           │ _26171_/A      │ met1  │
│ 1.31  │ 524.35   │ 400.00   │ net929                                                                           │ _46584_/A      │ met3  │
│ 1.31  │ 524.35   │ 400.00   │ net929                                                                           │ output1275/A   │ met3  │
│ 1.30  │ 520.81   │ 400.00   │ _00869_                                                                          │ _45497_/D      │ met1  │
│ 1.30  │ 518.03   │ 400.00   │ net625                                                                           │ _22788_/A      │ met1  │
│ 1.25  │ 499.37   │ 400.00   │ net1375                                                                          │ _36991_/A1     │ met1  │
│ 1.23  │ 3513.52  │ 2848.40  │ _00560_                                                                          │ _45188_/D      │ met4  │
│ 1.23  │ 493.13   │ 400.00   │ net1312                                                                          │ output1312/A   │ met3  │
│ 1.19  │ 476.86   │ 400.00   │ net706                                                                           │ _22569_/A2     │ met1  │
│ 1.19  │ 474.77   │ 400.00   │ net701                                                                           │ _23459_/C      │ met3  │
│ 1.19  │ 474.77   │ 400.00   │ net701                                                                           │ _33832_/B      │ met3  │
│ 1.19  │ 474.77   │ 400.00   │ net701                                                                           │ _33833_/C      │ met3  │
│ 1.19  │ 474.77   │ 400.00   │ net701                                                                           │ _35952_/B      │ met3  │
│ 1.18  │ 472.11   │ 400.00   │ lsu_out[3\][1\]                                                                  │ _22579_/A1     │ met2  │
│ 1.18  │ 471.98   │ 400.00   │ _04851_                                                                          │ _30340_/A      │ met1  │
│ 1.17  │ 3338.29  │ 2857.40  │ _00549_                                                                          │ _45177_/D      │ met4  │
│ 1.16  │ 463.74   │ 400.00   │ net882                                                                           │ _38844_/A1     │ met2  │
│ 1.16  │ 463.74   │ 400.00   │ net882                                                                           │ output1401/A   │ met2  │
│ 1.16  │ 462.83   │ 400.00   │ systolic_arrays[0\].systolic_array_inst.g_row[1\].g_col[1\].pe.r3_prod_mant[8\]  │ _28444_/B      │ met1  │
│ 1.16  │ 462.83   │ 400.00   │ systolic_arrays[0\].systolic_array_inst.g_row[1\].g_col[1\].pe.r3_prod_mant[8\]  │ _28453_/A1     │ met1  │
│ 1.14  │ 3250.67  │ 2857.40  │ _00551_                                                                          │ _45179_/D      │ met4  │
│ 1.13  │ 450.91   │ 400.00   │ net765                                                                           │ _41802_/B1     │ met3  │
│ 1.11  │ 3163.05  │ 2857.40  │ _00563_                                                                          │ _45191_/D      │ met4  │
│ 1.11  │ 3163.05  │ 2857.40  │ _01832_                                                                          │ _46460_/D      │ met4  │
│ 1.10  │ 440.28   │ 400.00   │ _17633_                                                                          │ _39427_/B      │ met1  │
│ 1.10  │ 439.03   │ 400.00   │ systolic_arrays[0\].systolic_array_inst.a_wire[4\][8\]                           │ _24906_/A      │ met1  │
│ 1.09  │ 434.28   │ 400.00   │ systolic_arrays[0\].systolic_array_inst.b_reg[27\]                               │ _24941_/C      │ met1  │
│ 1.08  │ 433.69   │ 400.00   │ net931                                                                           │ _28622_/A      │ met2  │
│ 1.08  │ 432.39   │ 400.00   │ net1230                                                                          │ _23093_/A      │ met1  │
│ 1.08  │ 3075.43  │ 2848.40  │ _00553_                                                                          │ _45181_/D      │ met4  │
│ 1.08  │ 430.19   │ 400.00   │ program_mem_read_data[12]                                                        │ input1212/A    │ met3  │
│ 1.08  │ 430.19   │ 400.00   │ program_mem_read_data[4]                                                         │ input1219/A    │ met3  │
│ 1.07  │ 429.03   │ 400.00   │ net626                                                                           │ _23255_/A      │ met2  │
│ 1.06  │ 423.70   │ 400.00   │ net1294                                                                          │ output1294/A   │ met3  │
│ 1.06  │ 422.97   │ 400.00   │ net655                                                                           │ _36266_/B1     │ met3  │
│ 1.06  │ 422.97   │ 400.00   │ net655                                                                           │ _36397_/B1     │ met3  │
│ 1.06  │ 422.97   │ 400.00   │ net655                                                                           │ _38414_/A      │ met3  │
│ 1.06  │ 422.97   │ 400.00   │ net655                                                                           │ _38529_/A      │ met3  │
│ 1.05  │ 419.92   │ 400.00   │ net974                                                                           │ output1253/A   │ met1  │
│ 1.05  │ 418.46   │ 400.00   │ systolic_arrays[1\].systolic_array_inst.b_reg[13\]                               │ _28742_/A      │ met1  │
│ 1.05  │ 2987.81  │ 2857.40  │ _00535_                                                                          │ _45163_/D      │ met4  │
│ 1.05  │ 2987.81  │ 2857.40  │ _00556_                                                                          │ _45184_/D      │ met4  │
│ 1.04  │ 417.97   │ 400.00   │ _01688_                                                                          │ _46316_/D      │ met1  │
│ 1.04  │ 417.97   │ 400.00   │ net708                                                                           │ _22588_/B2     │ met1  │
│ 1.04  │ 417.97   │ 400.00   │ net708                                                                           │ _22758_/A1     │ met1  │
│ 1.03  │ 413.29   │ 400.00   │ systolic_arrays[1\].systolic_array_inst.g_row[0\].g_col[1\].pe.r3_prod_mant[12\] │ _31033_/A      │ met1  │
│ 1.03  │ 2865.33  │ 2778.20  │ pipe_act_func[1\]                                                                │ _33925_/A      │ met3  │
│ 1.03  │ 2865.33  │ 2778.20  │ pipe_act_func[1\]                                                                │ _36046_/A      │ met3  │
│ 1.02  │ 2900.19  │ 2848.40  │ _00909_                                                                          │ _45537_/D      │ met3  │
│ 1.01  │ 403.12   │ 400.00   │ net934                                                                           │ output1269/A   │ met1  │
│ 1.00  │ 401.14   │ 400.00   │ net954                                                                           │ _35703_/A      │ met1  │
└───────┴──────────┴──────────┴──────────────────────────────────────────────────────────────────────────────────┴────────────────┴───────┘
