qt.multimedia.symbolsresolver: Couldn't load pipewire-0.3 library
qt.multimedia.symbolsresolver: Couldn't resolve pipewire-0.3 symbols
Using 24 threads…
Using a tile size of (500 µm)²…
Reading /home/research/alosh/superfloat.gpu/librelane/core_tile/runs/RUN_2026-09-29_00-38-54_eco/15-magic-streamout/core_tile.magic.gds ..
Reading /home/research/alosh/superfloat.gpu/librelane/core_tile/runs/RUN_2026-09-29_00-38-54_eco/16-klayout-streamout/core_tile.klayout.gds ..
--- Running XOR for layer 122/16 ---
"input" in: xor.drc:109
    Polygons (raw): 399990 (flat)  157 (hierarchical)
    Elapsed: 0.020s  Memory: 857.00M
"input" in: xor.drc:109
    Polygons (raw): 399990 (flat)  157 (hierarchical)
    Elapsed: 0.000s  Memory: 857.00M
"^" in: xor.drc:109
    Polygons (raw): 0 (flat)  0 (hierarchical)
    Elapsed: 3.370s  Memory: 968.00M
XOR differences: 0
"output" in: xor.drc:86
    Polygons (raw): 0 (flat)  0 (hierarchical)
    Elapsed: 0.000s  Memory: 968.00M
--- Running XOR for layer 235/4 ---
"input" in: xor.drc:109
    Polygons (raw): 1 (flat)  1 (hierarchical)
    Elapsed: 0.000s  Memory: 968.00M
"input" in: xor.drc:109
    Polygons (raw): 1 (flat)  1 (hierarchical)
    Elapsed: 0.010s  Memory: 968.00M
"^" in: xor.drc:109
    Polygons (raw): 0 (flat)  0 (hierarchical)
    Elapsed: 0.560s  Memory: 968.00M
XOR differences: 0
"output" in: xor.drc:86
    Polygons (raw): 0 (flat)  0 (hierarchical)
    Elapsed: 0.000s  Memory: 968.00M
--- Running XOR for layer 236/0 ---
"input" in: xor.drc:109
    Polygons (raw): 312881 (flat)  147 (hierarchical)
    Elapsed: 0.000s  Memory: 968.00M
"input" in: xor.drc:109
    Polygons (raw): 312881 (flat)  147 (hierarchical)
    Elapsed: 0.000s  Memory: 968.00M
"^" in: xor.drc:109
    Polygons (raw): 0 (flat)  0 (hierarchical)
    Elapsed: 2.980s  Memory: 1102.00M
XOR differences: 0
"output" in: xor.drc:86
    Polygons (raw): 0 (flat)  0 (hierarchical)
    Elapsed: 0.020s  Memory: 1102.00M
--- Running XOR for layer 64/16 ---
"input" in: xor.drc:109
    Polygons (raw): 399980 (flat)  155 (hierarchical)
    Elapsed: 0.010s  Memory: 1102.00M
"input" in: xor.drc:109
    Polygons (raw): 399980 (flat)  155 (hierarchical)
    Elapsed: 0.000s  Memory: 1102.00M
"^" in: xor.drc:109
    Polygons (raw): 0 (flat)  0 (hierarchical)
    Elapsed: 3.090s  Memory: 1113.00M
XOR differences: 0
"output" in: xor.drc:86
    Polygons (raw): 0 (flat)  0 (hierarchical)
    Elapsed: 0.000s  Memory: 1113.00M
--- Running XOR for layer 64/20 ---
"input" in: xor.drc:109
    Polygons (raw): 430525 (flat)  150 (hierarchical)
    Elapsed: 0.000s  Memory: 1113.00M
"input" in: xor.drc:109
    Polygons (raw): 430525 (flat)  150 (hierarchical)
    Elapsed: 0.000s  Memory: 1113.00M
"^" in: xor.drc:109
    Polygons (raw): 0 (flat)  0 (hierarchical)
    Elapsed: 4.720s  Memory: 1215.00M
XOR differences: 0
"output" in: xor.drc:86
    Polygons (raw): 0 (flat)  0 (hierarchical)
    Elapsed: 0.000s  Memory: 1215.00M
--- Running XOR for layer 64/5 ---
"input" in: xor.drc:109
    Polygons (raw): 0 (flat)  0 (hierarchical)
    Elapsed: 0.000s  Memory: 1215.00M
"input" in: xor.drc:109
    Polygons (raw): 0 (flat)  0 (hierarchical)
    Elapsed: 0.000s  Memory: 1215.00M
"^" in: xor.drc:109
    Polygons (raw): 0 (flat)  0 (hierarchical)
    Elapsed: 1.000s  Memory: 1216.00M
XOR differences: 0
"output" in: xor.drc:86
    Polygons (raw): 0 (flat)  0 (hierarchical)
    Elapsed: 0.000s  Memory: 1216.00M
--- Running XOR for layer 64/59 ---
"input" in: xor.drc:109
    Polygons (raw): 0 (flat)  0 (hierarchical)
    Elapsed: 0.000s  Memory: 1216.00M
"input" in: xor.drc:109
    Polygons (raw): 0 (flat)  0 (hierarchical)
    Elapsed: 0.000s  Memory: 1216.00M
"^" in: xor.drc:109
    Polygons (raw): 0 (flat)  0 (hierarchical)
    Elapsed: 0.970s  Memory: 1216.00M
XOR differences: 0
"output" in: xor.drc:86
    Polygons (raw): 0 (flat)  0 (hierarchical)
    Elapsed: 0.000s  Memory: 1216.00M
--- Running XOR for layer 65/20 ---
"input" in: xor.drc:109
    Polygons (raw): 744190 (flat)  437 (hierarchical)
    Elapsed: 0.000s  Memory: 1216.00M
"input" in: xor.drc:109
    Polygons (raw): 744190 (flat)  437 (hierarchical)
    Elapsed: 0.000s  Memory: 1216.00M
"^" in: xor.drc:109
    Polygons (raw): 0 (flat)  0 (hierarchical)
    Elapsed: 4.810s  Memory: 1287.00M
XOR differences: 0
"output" in: xor.drc:86
    Polygons (raw): 0 (flat)  0 (hierarchical)
    Elapsed: 0.020s  Memory: 1287.00M
--- Running XOR for layer 65/44 ---
"input" in: xor.drc:109
    Polygons (raw): 94414 (flat)  2 (hierarchical)
    Elapsed: 0.000s  Memory: 1287.00M
"input" in: xor.drc:109
    Polygons (raw): 94414 (flat)  2 (hierarchical)
    Elapsed: 0.000s  Memory: 1287.00M
"^" in: xor.drc:109
    Polygons (raw): 0 (flat)  0 (hierarchical)
    Elapsed: 1.000s  Memory: 1290.00M
XOR differences: 0
"output" in: xor.drc:86
    Polygons (raw): 0 (flat)  0 (hierarchical)
    Elapsed: 0.000s  Memory: 1290.00M
--- Running XOR for layer 66/15 ---
"input" in: xor.drc:109
    Polygons (raw): 12 (flat)  2 (hierarchical)
    Elapsed: 0.000s  Memory: 1290.00M
"input" in: xor.drc:109
    Polygons (raw): 12 (flat)  2 (hierarchical)
    Elapsed: 0.000s  Memory: 1290.00M
"^" in: xor.drc:109
    Polygons (raw): 0 (flat)  0 (hierarchical)
    Elapsed: 0.040s  Memory: 1290.00M
XOR differences: 0
"output" in: xor.drc:86
    Polygons (raw): 0 (flat)  0 (hierarchical)
    Elapsed: 0.000s  Memory: 1290.00M
--- Running XOR for layer 66/20 ---
"input" in: xor.drc:109
    Polygons (raw): 932674 (flat)  705 (hierarchical)
    Elapsed: 0.000s  Memory: 1290.00M
"input" in: xor.drc:109
    Polygons (raw): 932674 (flat)  705 (hierarchical)
    Elapsed: 0.000s  Memory: 1290.00M
"^" in: xor.drc:109
    Polygons (raw): 0 (flat)  0 (hierarchical)
    Elapsed: 10.690s  Memory: 1304.00M
XOR differences: 0
"output" in: xor.drc:86
    Polygons (raw): 0 (flat)  0 (hierarchical)
    Elapsed: 0.020s  Memory: 1304.00M
--- Running XOR for layer 66/44 ---
"input" in: xor.drc:109
    Polygons (raw): 5655062 (flat)  4733 (hierarchical)
    Elapsed: 0.000s  Memory: 1304.00M
"input" in: xor.drc:109
    Polygons (raw): 5655062 (flat)  4733 (hierarchical)
    Elapsed: 0.000s  Memory: 1304.00M
"^" in: xor.drc:109
    Polygons (raw): 0 (flat)  0 (hierarchical)
    Elapsed: 24.090s  Memory: 1312.00M
XOR differences: 0
"output" in: xor.drc:86
    Polygons (raw): 0 (flat)  0 (hierarchical)
    Elapsed: 0.020s  Memory: 1312.00M
--- Running XOR for layer 67/16 ---
"input" in: xor.drc:109
    Polygons (raw): 911144 (flat)  1331 (hierarchical)
    Elapsed: 0.000s  Memory: 1312.00M
"input" in: xor.drc:109
    Polygons (raw): 911144 (flat)  1331 (hierarchical)
    Elapsed: 0.000s  Memory: 1312.00M
"^" in: xor.drc:109
    Polygons (raw): 0 (flat)  0 (hierarchical)
    Elapsed: 3.790s  Memory: 1337.00M
XOR differences: 0
"output" in: xor.drc:86
    Polygons (raw): 0 (flat)  0 (hierarchical)
    Elapsed: 0.000s  Memory: 1337.00M
--- Running XOR for layer 67/20 ---
"input" in: xor.drc:109
    Polygons (raw): 2223771 (flat)  482511 (hierarchical)
    Elapsed: 0.000s  Memory: 1337.00M
"input" in: xor.drc:109
    Polygons (raw): 2223771 (flat)  1266 (hierarchical)
    Elapsed: 0.020s  Memory: 1337.00M
"^" in: xor.drc:109
    Polygons (raw): 0 (flat)  0 (hierarchical)
    Elapsed: 27.680s  Memory: 1255.00M
XOR differences: 0
"output" in: xor.drc:86
    Polygons (raw): 0 (flat)  0 (hierarchical)
    Elapsed: 0.020s  Memory: 1255.00M
--- Running XOR for layer 67/44 ---
"input" in: xor.drc:109
    Polygons (raw): 5863265 (flat)  483988 (hierarchical)
    Elapsed: 0.000s  Memory: 1255.00M
"input" in: xor.drc:109
    Polygons (raw): 5863265 (flat)  2743 (hierarchical)
    Elapsed: 0.000s  Memory: 1255.00M
"^" in: xor.drc:109
    Polygons (raw): 0 (flat)  0 (hierarchical)
    Elapsed: 25.520s  Memory: 1302.00M
XOR differences: 0
"output" in: xor.drc:86
    Polygons (raw): 0 (flat)  0 (hierarchical)
    Elapsed: 0.020s  Memory: 1302.00M
--- Running XOR for layer 67/5 ---
"input" in: xor.drc:109
    Polygons (raw): 0 (flat)  0 (hierarchical)
    Elapsed: 0.000s  Memory: 1302.00M
"input" in: xor.drc:109
    Polygons (raw): 0 (flat)  0 (hierarchical)
    Elapsed: 0.000s  Memory: 1302.00M
"^" in: xor.drc:109
    Polygons (raw): 0 (flat)  0 (hierarchical)
    Elapsed: 0.720s  Memory: 1302.00M
XOR differences: 0
"output" in: xor.drc:86
    Polygons (raw): 0 (flat)  0 (hierarchical)
    Elapsed: 0.000s  Memory: 1302.00M
--- Running XOR for layer 68/16 ---
"input" in: xor.drc:109
    Polygons (raw): 885112 (flat)  309 (hierarchical)
    Elapsed: 0.000s  Memory: 1302.00M
"input" in: xor.drc:109
    Polygons (raw): 885112 (flat)  309 (hierarchical)
    Elapsed: 0.000s  Memory: 1302.00M
"^" in: xor.drc:109
    Polygons (raw): 0 (flat)  0 (hierarchical)
    Elapsed: 5.110s  Memory: 1376.00M
XOR differences: 0
"output" in: xor.drc:86
    Polygons (raw): 0 (flat)  0 (hierarchical)
    Elapsed: 0.010s  Memory: 1376.00M
--- Running XOR for layer 68/20 ---
"input" in: xor.drc:109
    Polygons (raw): 1366352 (flat)  475285 (hierarchical)
    Elapsed: 0.000s  Memory: 1376.00M
"input" in: xor.drc:109
    Polygons (raw): 2580115 (flat)  644359 (hierarchical)
    Elapsed: 0.000s  Memory: 1376.00M
"^" in: xor.drc:109
    Polygons (raw): 0 (flat)  0 (hierarchical)
    Elapsed: 15.960s  Memory: 1722.00M
XOR differences: 0
"output" in: xor.drc:86
    Polygons (raw): 0 (flat)  0 (hierarchical)
    Elapsed: 0.010s  Memory: 1722.00M
--- Running XOR for layer 68/44 ---
"input" in: xor.drc:109
    Polygons (raw): 596247 (flat)  596247 (hierarchical)
    Elapsed: 0.000s  Memory: 1722.00M
"input" in: xor.drc:109
    Polygons (raw): 596247 (flat)  7 (hierarchical)
    Elapsed: 0.000s  Memory: 1722.00M
"^" in: xor.drc:109
    Polygons (raw): 0 (flat)  0 (hierarchical)
    Elapsed: 2.970s  Memory: 1742.00M
XOR differences: 0
"output" in: xor.drc:86
    Polygons (raw): 0 (flat)  0 (hierarchical)
    Elapsed: 0.000s  Memory: 1742.00M
--- Running XOR for layer 68/5 ---
"input" in: xor.drc:109
    Polygons (raw): 0 (flat)  0 (hierarchical)
    Elapsed: 0.000s  Memory: 1742.00M
"input" in: xor.drc:109
    Polygons (raw): 0 (flat)  0 (hierarchical)
    Elapsed: 0.000s  Memory: 1742.00M
"^" in: xor.drc:109
    Polygons (raw): 0 (flat)  0 (hierarchical)
    Elapsed: 1.160s  Memory: 1742.00M
XOR differences: 0
"output" in: xor.drc:86
    Polygons (raw): 0 (flat)  0 (hierarchical)
    Elapsed: 0.000s  Memory: 1742.00M
--- Running XOR for layer 69/16 ---
"input" in: xor.drc:109
    Polygons (raw): 118 (flat)  118 (hierarchical)
    Elapsed: 0.000s  Memory: 1742.00M
"input" in: xor.drc:109
    Polygons (raw): 118 (flat)  118 (hierarchical)
    Elapsed: 0.000s  Memory: 1742.00M
"^" in: xor.drc:109
    Polygons (raw): 0 (flat)  0 (hierarchical)
    Elapsed: 0.050s  Memory: 1742.00M
XOR differences: 0
"output" in: xor.drc:86
    Polygons (raw): 0 (flat)  0 (hierarchical)
    Elapsed: 0.000s  Memory: 1742.00M
--- Running XOR for layer 69/20 ---
"input" in: xor.drc:109
    Polygons (raw): 267774 (flat)  267774 (hierarchical)
    Elapsed: 0.000s  Memory: 1742.00M
"input" in: xor.drc:109
    Polygons (raw): 1063949 (flat)  439797 (hierarchical)
    Elapsed: 0.000s  Memory: 1742.00M
"^" in: xor.drc:109
    Polygons (raw): 0 (flat)  0 (hierarchical)
    Elapsed: 9.260s  Memory: 1854.00M
XOR differences: 0
"output" in: xor.drc:86
    Polygons (raw): 0 (flat)  0 (hierarchical)
    Elapsed: 0.020s  Memory: 1854.00M
--- Running XOR for layer 69/44 ---
"input" in: xor.drc:109
    Polygons (raw): 85310 (flat)  85310 (hierarchical)
    Elapsed: 0.000s  Memory: 1854.00M
"input" in: xor.drc:109
    Polygons (raw): 85310 (flat)  5 (hierarchical)
    Elapsed: 0.000s  Memory: 1854.00M
"^" in: xor.drc:109
    Polygons (raw): 0 (flat)  0 (hierarchical)
    Elapsed: 0.880s  Memory: 1854.00M
XOR differences: 0
"output" in: xor.drc:86
    Polygons (raw): 0 (flat)  0 (hierarchical)
    Elapsed: 0.000s  Memory: 1854.00M
--- Running XOR for layer 69/5 ---
"input" in: xor.drc:109
    Polygons (raw): 0 (flat)  0 (hierarchical)
    Elapsed: 0.000s  Memory: 1854.00M
"input" in: xor.drc:109
    Polygons (raw): 0 (flat)  0 (hierarchical)
    Elapsed: 0.000s  Memory: 1854.00M
"^" in: xor.drc:109
    Polygons (raw): 0 (flat)  0 (hierarchical)
    Elapsed: 0.020s  Memory: 1854.00M
XOR differences: 0
"output" in: xor.drc:86
    Polygons (raw): 0 (flat)  0 (hierarchical)
    Elapsed: 0.000s  Memory: 1854.00M
--- Running XOR for layer 70/20 ---
"input" in: xor.drc:109
    Polygons (raw): 40614 (flat)  40614 (hierarchical)
    Elapsed: 0.000s  Memory: 1854.00M
"input" in: xor.drc:109
    Polygons (raw): 137490 (flat)  53261 (hierarchical)
    Elapsed: 0.000s  Memory: 1854.00M
"^" in: xor.drc:109
    Polygons (raw): 0 (flat)  0 (hierarchical)
    Elapsed: 1.210s  Memory: 1854.00M
XOR differences: 0
"output" in: xor.drc:86
    Polygons (raw): 0 (flat)  0 (hierarchical)
    Elapsed: 0.020s  Memory: 1854.00M
--- Running XOR for layer 70/44 ---
"input" in: xor.drc:109
    Polygons (raw): 48123 (flat)  48123 (hierarchical)
    Elapsed: 0.000s  Memory: 1854.00M
"input" in: xor.drc:109
    Polygons (raw): 48123 (flat)  5 (hierarchical)
    Elapsed: 0.000s  Memory: 1854.00M
"^" in: xor.drc:109
    Polygons (raw): 0 (flat)  0 (hierarchical)
    Elapsed: 0.720s  Memory: 1854.00M
XOR differences: 0
"output" in: xor.drc:86
    Polygons (raw): 0 (flat)  0 (hierarchical)
    Elapsed: 0.000s  Memory: 1854.00M
--- Running XOR for layer 71/16 ---
"input" in: xor.drc:109
    Polygons (raw): 20 (flat)  20 (hierarchical)
    Elapsed: 0.000s  Memory: 1854.00M
"input" in: xor.drc:109
    Polygons (raw): 20 (flat)  20 (hierarchical)
    Elapsed: 0.000s  Memory: 1854.00M
"^" in: xor.drc:109
    Polygons (raw): 0 (flat)  0 (hierarchical)
    Elapsed: 0.550s  Memory: 1854.00M
XOR differences: 0
"output" in: xor.drc:86
    Polygons (raw): 0 (flat)  0 (hierarchical)
    Elapsed: 0.000s  Memory: 1854.00M
--- Running XOR for layer 71/20 ---
"input" in: xor.drc:109
    Polygons (raw): 7451 (flat)  7451 (hierarchical)
    Elapsed: 0.000s  Memory: 1854.00M
"input" in: xor.drc:109
    Polygons (raw): 32261 (flat)  8740 (hierarchical)
    Elapsed: 0.000s  Memory: 1854.00M
"^" in: xor.drc:109
    Polygons (raw): 0 (flat)  0 (hierarchical)
    Elapsed: 0.860s  Memory: 1796.00M
XOR differences: 0
"output" in: xor.drc:86
    Polygons (raw): 0 (flat)  0 (hierarchical)
    Elapsed: 0.000s  Memory: 1796.00M
--- Running XOR for layer 71/5 ---
"input" in: xor.drc:109
    Polygons (raw): 0 (flat)  0 (hierarchical)
    Elapsed: 0.000s  Memory: 1796.00M
"input" in: xor.drc:109
    Polygons (raw): 0 (flat)  0 (hierarchical)
    Elapsed: 0.000s  Memory: 1796.00M
"^" in: xor.drc:109
    Polygons (raw): 0 (flat)  0 (hierarchical)
    Elapsed: 0.060s  Memory: 1796.00M
XOR differences: 0
"output" in: xor.drc:86
    Polygons (raw): 0 (flat)  0 (hierarchical)
    Elapsed: 0.000s  Memory: 1796.00M
--- Running XOR for layer 78/44 ---
"input" in: xor.drc:109
    Polygons (raw): 449541 (flat)  153 (hierarchical)
    Elapsed: 0.000s  Memory: 1796.00M
"input" in: xor.drc:109
    Polygons (raw): 449541 (flat)  153 (hierarchical)
    Elapsed: 0.000s  Memory: 1796.00M
"^" in: xor.drc:109
    Polygons (raw): 0 (flat)  0 (hierarchical)
    Elapsed: 3.550s  Memory: 1811.00M
XOR differences: 0
"output" in: xor.drc:86
    Polygons (raw): 0 (flat)  0 (hierarchical)
    Elapsed: 0.020s  Memory: 1811.00M
Warning: --- Skipping 81/14… ---
--- Running XOR for layer 81/23 ---
"input" in: xor.drc:109
    Polygons (raw): 711 (flat)  1 (hierarchical)
    Elapsed: 0.000s  Memory: 1811.00M
"input" in: xor.drc:109
    Polygons (raw): 711 (flat)  1 (hierarchical)
    Elapsed: 0.000s  Memory: 1811.00M
"^" in: xor.drc:109
    Polygons (raw): 0 (flat)  0 (hierarchical)
    Elapsed: 0.610s  Memory: 1811.00M
XOR differences: 0
"output" in: xor.drc:86
    Polygons (raw): 0 (flat)  0 (hierarchical)
    Elapsed: 0.000s  Memory: 1811.00M
--- Running XOR for layer 81/4 ---
"input" in: xor.drc:109
    Polygons (raw): 430525 (flat)  150 (hierarchical)
    Elapsed: 0.000s  Memory: 1811.00M
"input" in: xor.drc:109
    Polygons (raw): 430525 (flat)  150 (hierarchical)
    Elapsed: 0.000s  Memory: 1811.00M
"^" in: xor.drc:109
    Polygons (raw): 0 (flat)  0 (hierarchical)
    Elapsed: 3.590s  Memory: 1844.00M
XOR differences: 0
"output" in: xor.drc:86
    Polygons (raw): 0 (flat)  0 (hierarchical)
    Elapsed: 0.020s  Memory: 1844.00M
--- Running XOR for layer 83/44 ---
"input" in: xor.drc:109
    Polygons (raw): 0 (flat)  0 (hierarchical)
    Elapsed: 0.000s  Memory: 1844.00M
"input" in: xor.drc:109
    Polygons (raw): 0 (flat)  0 (hierarchical)
    Elapsed: 0.000s  Memory: 1844.00M
"^" in: xor.drc:109
    Polygons (raw): 0 (flat)  0 (hierarchical)
    Elapsed: 1.060s  Memory: 1844.00M
XOR differences: 0
"output" in: xor.drc:86
    Polygons (raw): 0 (flat)  0 (hierarchical)
    Elapsed: 0.000s  Memory: 1844.00M
--- Running XOR for layer 93/44 ---
"input" in: xor.drc:109
    Polygons (raw): 477732 (flat)  151 (hierarchical)
    Elapsed: 0.000s  Memory: 1844.00M
"input" in: xor.drc:109
    Polygons (raw): 477732 (flat)  151 (hierarchical)
    Elapsed: 0.000s  Memory: 1844.00M
"^" in: xor.drc:109
    Polygons (raw): 0 (flat)  0 (hierarchical)
    Elapsed: 4.240s  Memory: 1867.00M
XOR differences: 0
"output" in: xor.drc:86
    Polygons (raw): 0 (flat)  0 (hierarchical)
    Elapsed: 0.010s  Memory: 1867.00M
--- Running XOR for layer 94/20 ---
"input" in: xor.drc:109
    Polygons (raw): 477732 (flat)  151 (hierarchical)
    Elapsed: 0.000s  Memory: 1867.00M
"input" in: xor.drc:109
    Polygons (raw): 477732 (flat)  151 (hierarchical)
    Elapsed: 0.000s  Memory: 1867.00M
"^" in: xor.drc:109
    Polygons (raw): 0 (flat)  0 (hierarchical)
    Elapsed: 4.570s  Memory: 1873.00M
XOR differences: 0
"output" in: xor.drc:86
    Polygons (raw): 0 (flat)  0 (hierarchical)
    Elapsed: 0.020s  Memory: 1873.00M
--- Running XOR for layer 95/20 ---
"input" in: xor.drc:109
    Polygons (raw): 315140 (flat)  156 (hierarchical)
    Elapsed: 0.000s  Memory: 1873.00M
"input" in: xor.drc:109
    Polygons (raw): 315140 (flat)  156 (hierarchical)
    Elapsed: 0.000s  Memory: 1873.00M
"^" in: xor.drc:109
    Polygons (raw): 0 (flat)  0 (hierarchical)
    Elapsed: 3.350s  Memory: 1873.00M
XOR differences: 0
"output" in: xor.drc:86
    Polygons (raw): 0 (flat)  0 (hierarchical)
    Elapsed: 0.000s  Memory: 1873.00M
---
Total XOR differences: 0
Writing report database: /home/research/alosh/superfloat.gpu/librelane/core_tile/runs/RUN_2026-09-29_00-38-54_eco/19-klayout-xor/xor.xml ..
Total elapsed: 181.960s  Memory: 1873.00M
/home/research/alosh/superfloat.gpu/librelane/core_tile/runs/RUN_2026-09-29_00-38-54_eco/15-magic-streamout/core_tile.magic.gds
/home/research/alosh/superfloat.gpu/librelane/core_tile/runs/RUN_2026-09-29_00-38-54_eco/16-klayout-streamout/core_tile.klayout.gds
%OL_METRIC_I design__xor_difference__count 0
