Clock: clk
Sources: clk 
Generated: no
Virtual: yes
Propagated: no
Period: 20.000000

===========================================================================
report_clock_properties
============================================================================
Clock                   Period          Waveform
----------------------------------------------------
clk                  20.000000    0.000000 10.000000

===========================================================================
report_clock_latency
============================================================================
Clock clk
rise -> rise
    min     max
0.000000 0.000000 source latency
2.450035         network latency _196098_/CLK
        2.838249 network latency _194918_/CLK
---------------
2.450035 2.838249 latency
        0.388215 skew

fall -> fall
    min     max
0.000000 0.000000 source latency
2.543533         network latency _196098_/CLK
        2.876554 network latency _194918_/CLK
---------------
2.543533 2.876554 latency
        0.333022 skew



===========================================================================
report_clock_min_period
============================================================================
clk period_min = 9.07 fmax = 110.30
