[WARNING ORD-0039] .openroad ignored with -python
Unannotated report:
['report_parasitic_annotation -report_unannotated\n',
 '============================================================================\n',
 'Found 774 unannotated drivers.\n',
 ' clkload0/Y\n',
 ' clkload1/Y\n',
 ' clkload10/Y\n',
 ' clkload100/X\n',
 ' clkload101/X\n',
 ' clkload102/Y\n',
 ' clkload103/X\n',
 ' clkload104/X\n',
 ' clkload105/Y\n',
 ' clkload106/Y\n',
 ' clkload107/X\n',
 ' clkload108/X\n',
 ' clkload109/X\n',
 ' clkload11/Y\n',
 ' clkload110/Y\n',
 ' clkload111/Y\n',
 ' clkload112/Y\n',
 ' clkload113/X\n',
 ' clkload114/Y\n',
 ' clkload115/Y\n',
 ' clkload116/Y\n',
 ' clkload117/X\n',
 ' clkload118/X\n',
 ' clkload119/X\n',
 ' clkload12/Y\n',
 ' clkload120/Y\n',
 ' clkload121/Y\n',
 ' clkload122/Y\n',
 ' clkload123/X\n',
 ' clkload124/Y\n',
 ' clkload125/X\n',
 ' clkload126/Y\n',
 ' clkload127/Y\n',
 ' clkload128/Y\n',
 ' clkload129/Y\n',
 ' clkload13/Y\n',
 ' clkload130/Y\n',
 ' clkload131/Y\n',
 ' clkload132/X\n',
 ' clkload133/Y\n',
 ' clkload134/X\n',
 ' clkload135/Y\n',
 ' clkload136/Y\n',
 ' clkload137/X\n',
 ' clkload138/Y\n',
 ' clkload139/X\n',
 ' clkload14/Y\n',
 ' clkload140/Y\n',
 ' clkload141/X\n',
 ' clkload142/Y\n',
 ' clkload143/X\n',
 ' clkload144/Y\n',
 ' clkload145/X\n',
 ' clkload146/Y\n',
 ' clkload147/X\n',
 ' clkload148/X\n',
 ' clkload149/Y\n',
 ' clkload15/Y\n',
 ' clkload150/X\n',
 ' clkload151/Y\n',
 ' clkload152/Y\n',
 ' clkload153/X\n',
 ' clkload154/X\n',
 ' clkload155/X\n',
 ' clkload156/Y\n',
 ' clkload157/Y\n',
 ' clkload158/X\n',
 ' clkload159/X\n',
 ' clkload16/Y\n',
 ' clkload160/X\n',
 ' clkload161/Y\n',
 ' clkload162/X\n',
 ' clkload163/X\n',
 ' clkload164/Y\n',
 ' clkload165/Y\n',
 ' clkload166/Y\n',
 ' clkload167/X\n',
 ' clkload168/X\n',
 ' clkload169/Y\n',
 ' clkload17/X\n',
 ' clkload170/X\n',
 ' clkload171/X\n',
 ' clkload172/Y\n',
 ' clkload173/X\n',
 ' clkload174/X\n',
 ' clkload175/X\n',
 ' clkload176/Y\n',
 ' clkload177/X\n',
 ' clkload178/Y\n',
 ' clkload179/Y\n',
 ' clkload18/Y\n',
 ' clkload180/X\n',
 ' clkload181/Y\n',
 ' clkload182/X\n',
 ' clkload183/Y\n',
 ' clkload184/X\n',
 ' clkload185/X\n',
 ' clkload186/Y\n',
 ' clkload187/X\n',
 ' clkload188/X\n',
 ' clkload189/X\n',
 ' clkload19/Y\n',
 ' clkload190/X\n',
 ' clkload191/Y\n',
 ' clkload192/Y\n',
 ' clkload193/Y\n',
 ' clkload194/Y\n',
 ' clkload195/Y\n',
 ' clkload196/X\n',
 ' clkload197/Y\n',
 ' clkload198/Y\n',
 ' clkload199/Y\n',
 ' clkload2/Y\n',
 ' clkload20/Y\n',
 ' clkload200/X\n',
 ' clkload201/Y\n',
 ' clkload202/Y\n',
 ' clkload203/Y\n',
 ' clkload204/Y\n',
 ' clkload205/Y\n',
 ' clkload206/Y\n',
 ' clkload207/Y\n',
 ' clkload208/Y\n',
 ' clkload209/Y\n',
 ' clkload21/Y\n',
 ' clkload210/Y\n',
 ' clkload211/Y\n',
 ' clkload212/Y\n',
 ' clkload213/Y\n',
 ' clkload214/Y\n',
 ' clkload215/Y\n',
 ' clkload216/Y\n',
 ' clkload217/Y\n',
 ' clkload218/X\n',
 ' clkload219/X\n',
 ' clkload22/Y\n',
 ' clkload220/X\n',
 ' clkload221/Y\n',
 ' clkload222/Y\n',
 ' clkload223/Y\n',
 ' clkload224/Y\n',
 ' clkload225/Y\n',
 ' clkload226/Y\n',
 ' clkload227/Y\n',
 ' clkload228/Y\n',
 ' clkload229/Y\n',
 ' clkload23/Y\n',
 ' clkload230/Y\n',
 ' clkload231/Y\n',
 ' clkload232/Y\n',
 ' clkload233/Y\n',
 ' clkload234/Y\n',
 ' clkload235/Y\n',
 ' clkload236/Y\n',
 ' clkload237/Y\n',
 ' clkload238/Y\n',
 ' clkload239/Y\n',
 ' clkload24/X\n',
 ' clkload240/Y\n',
 ' clkload241/Y\n',
 ' clkload242/Y\n',
 ' clkload243/Y\n',
 ' clkload244/Y\n',
 ' clkload245/Y\n',
 ' clkload246/Y\n',
 ' clkload247/Y\n',
 ' clkload248/Y\n',
 ' clkload249/Y\n',
 ' clkload25/X\n',
 ' clkload250/Y\n',
 ' clkload251/Y\n',
 ' clkload252/Y\n',
 ' clkload253/Y\n',
 ' clkload254/Y\n',
 ' clkload255/Y\n',
 ' clkload256/Y\n',
 ' clkload257/Y\n',
 ' clkload258/Y\n',
 ' clkload259/Y\n',
 ' clkload26/Y\n',
 ' clkload260/Y\n',
 ' clkload261/Y\n',
 ' clkload262/Y\n',
 ' clkload263/Y\n',
 ' clkload264/Y\n',
 ' clkload265/Y\n',
 ' clkload266/Y\n',
 ' clkload267/Y\n',
 ' clkload268/X\n',
 ' clkload269/Y\n',
 ' clkload27/X\n',
 ' clkload270/Y\n',
 ' clkload271/X\n',
 ' clkload272/X\n',
 ' clkload273/Y\n',
 ' clkload274/Y\n',
 ' clkload275/Y\n',
 ' clkload276/Y\n',
 ' clkload277/Y\n',
 ' clkload278/Y\n',
 ' clkload279/Y\n',
 ' clkload28/Y\n',
 ' clkload280/Y\n',
 ' clkload281/Y\n',
 ' clkload282/Y\n',
 ' clkload283/Y\n',
 ' clkload284/Y\n',
 ' clkload285/Y\n',
 ' clkload286/Y\n',
 ' clkload287/Y\n',
 ' clkload288/Y\n',
 ' clkload289/Y\n',
 ' clkload29/X\n',
 ' clkload290/Y\n',
 ' clkload291/Y\n',
 ' clkload292/Y\n',
 ' clkload293/Y\n',
 ' clkload294/Y\n',
 ' clkload295/Y\n',
 ' clkload296/Y\n',
 ' clkload297/Y\n',
 ' clkload298/Y\n',
 ' clkload299/Y\n',
 ' clkload3/Y\n',
 ' clkload30/Y\n',
 ' clkload300/Y\n',
 ' clkload301/Y\n',
 ' clkload302/Y\n',
 ' clkload303/Y\n',
 ' clkload304/X\n',
 ' clkload305/X\n',
 ' clkload306/Y\n',
 ' clkload307/Y\n',
 ' clkload308/Y\n',
 ' clkload309/Y\n',
 ' clkload31/Y\n',
 ' clkload310/X\n',
 ' clkload311/X\n',
 ' clkload312/Y\n',
 ' clkload313/Y\n',
 ' clkload314/X\n',
 ' clkload315/Y\n',
 ' clkload316/Y\n',
 ' clkload317/X\n',
 ' clkload318/Y\n',
 ' clkload319/Y\n',
 ' clkload32/X\n',
 ' clkload320/Y\n',
 ' clkload321/Y\n',
 ' clkload322/Y\n',
 ' clkload323/Y\n',
 ' clkload324/Y\n',
 ' clkload325/Y\n',
 ' clkload326/Y\n',
 ' clkload327/Y\n',
 ' clkload328/Y\n',
 ' clkload329/Y\n',
 ' clkload33/Y\n',
 ' clkload330/Y\n',
 ' clkload331/Y\n',
 ' clkload332/Y\n',
 ' clkload333/Y\n',
 ' clkload334/Y\n',
 ' clkload335/Y\n',
 ' clkload336/Y\n',
 ' clkload337/Y\n',
 ' clkload338/Y\n',
 ' clkload339/Y\n',
 ' clkload34/Y\n',
 ' clkload340/Y\n',
 ' clkload341/Y\n',
 ' clkload342/Y\n',
 ' clkload343/Y\n',
 ' clkload344/Y\n',
 ' clkload345/Y\n',
 ' clkload346/Y\n',
 ' clkload347/Y\n',
 ' clkload348/Y\n',
 ' clkload349/Y\n',
 ' clkload35/Y\n',
 ' clkload350/Y\n',
 ' clkload351/Y\n',
 ' clkload352/Y\n',
 ' clkload353/Y\n',
 ' clkload354/Y\n',
 ' clkload355/Y\n',
 ' clkload356/Y\n',
 ' clkload357/Y\n',
 ' clkload358/Y\n',
 ' clkload359/Y\n',
 ' clkload36/Y\n',
 ' clkload360/Y\n',
 ' clkload361/Y\n',
 ' clkload362/Y\n',
 ' clkload363/Y\n',
 ' clkload364/Y\n',
 ' clkload365/Y\n',
 ' clkload366/Y\n',
 ' clkload367/Y\n',
 ' clkload368/Y\n',
 ' clkload369/Y\n',
 ' clkload37/X\n',
 ' clkload370/Y\n',
 ' clkload371/Y\n',
 ' clkload372/Y\n',
 ' clkload373/Y\n',
 ' clkload374/Y\n',
 ' clkload375/Y\n',
 ' clkload376/Y\n',
 ' clkload377/Y\n',
 ' clkload378/Y\n',
 ' clkload379/Y\n',
 ' clkload38/Y\n',
 ' clkload380/Y\n',
 ' clkload381/Y\n',
 ' clkload382/Y\n',
 ' clkload383/X\n',
 ' clkload384/Y\n',
 ' clkload385/Y\n',
 ' clkload386/Y\n',
 ' clkload387/Y\n',
 ' clkload388/Y\n',
 ' clkload389/Y\n',
 ' clkload39/Y\n',
 ' clkload390/Y\n',
 ' clkload391/Y\n',
 ' clkload392/Y\n',
 ' clkload393/Y\n',
 ' clkload394/Y\n',
 ' clkload395/Y\n',
 ' clkload396/Y\n',
 ' clkload397/Y\n',
 ' clkload398/Y\n',
 ' clkload399/Y\n',
 ' clkload4/X\n',
 ' clkload40/Y\n',
 ' clkload400/Y\n',
 ' clkload401/Y\n',
 ' clkload402/Y\n',
 ' clkload403/Y\n',
 ' clkload404/Y\n',
 ' clkload405/Y\n',
 ' clkload406/Y\n',
 ' clkload407/Y\n',
 ' clkload408/Y\n',
 ' clkload409/Y\n',
 ' clkload41/X\n',
 ' clkload410/Y\n',
 ' clkload411/Y\n',
 ' clkload412/Y\n',
 ' clkload413/Y\n',
 ' clkload414/X\n',
 ' clkload415/X\n',
 ' clkload416/Y\n',
 ' clkload417/X\n',
 ' clkload418/Y\n',
 ' clkload419/X\n',
 ' clkload42/Y\n',
 ' clkload420/Y\n',
 ' clkload421/Y\n',
 ' clkload422/Y\n',
 ' clkload423/Y\n',
 ' clkload424/X\n',
 ' clkload425/Y\n',
 ' clkload426/Y\n',
 ' clkload427/Y\n',
 ' clkload428/X\n',
 ' clkload429/Y\n',
 ' clkload43/X\n',
 ' clkload430/X\n',
 ' clkload431/Y\n',
 ' clkload432/X\n',
 ' clkload433/X\n',
 ' clkload434/Y\n',
 ' clkload435/Y\n',
 ' clkload436/X\n',
 ' clkload437/X\n',
 ' clkload438/X\n',
 ' clkload439/X\n',
 ' clkload44/Y\n',
 ' clkload440/Y\n',
 ' clkload441/X\n',
 ' clkload442/X\n',
 ' clkload443/Y\n',
 ' clkload444/Y\n',
 ' clkload445/Y\n',
 ' clkload446/Y\n',
 ' clkload447/Y\n',
 ' clkload448/Y\n',
 ' clkload449/Y\n',
 ' clkload45/Y\n',
 ' clkload450/X\n',
 ' clkload451/Y\n',
 ' clkload452/Y\n',
 ' clkload453/Y\n',
 ' clkload454/Y\n',
 ' clkload455/Y\n',
 ' clkload456/Y\n',
 ' clkload457/Y\n',
 ' clkload458/Y\n',
 ' clkload459/Y\n',
 ' clkload46/Y\n',
 ' clkload460/Y\n',
 ' clkload461/Y\n',
 ' clkload462/Y\n',
 ' clkload463/Y\n',
 ' clkload464/Y\n',
 ' clkload465/Y\n',
 ' clkload466/Y\n',
 ' clkload467/Y\n',
 ' clkload468/Y\n',
 ' clkload469/Y\n',
 ' clkload47/X\n',
 ' clkload470/Y\n',
 ' clkload471/Y\n',
 ' clkload472/Y\n',
 ' clkload473/Y\n',
 ' clkload474/Y\n',
 ' clkload475/X\n',
 ' clkload476/Y\n',
 ' clkload477/Y\n',
 ' clkload478/Y\n',
 ' clkload479/Y\n',
 ' clkload48/Y\n',
 ' clkload480/Y\n',
 ' clkload481/Y\n',
 ' clkload482/Y\n',
 ' clkload483/Y\n',
 ' clkload484/Y\n',
 ' clkload485/Y\n',
 ' clkload486/Y\n',
 ' clkload487/X\n',
 ' clkload488/Y\n',
 ' clkload489/Y\n',
 ' clkload49/X\n',
 ' clkload490/Y\n',
 ' clkload491/Y\n',
 ' clkload492/Y\n',
 ' clkload493/Y\n',
 ' clkload494/Y\n',
 ' clkload495/Y\n',
 ' clkload496/Y\n',
 ' clkload497/Y\n',
 ' clkload498/Y\n',
 ' clkload499/Y\n',
 ' clkload5/Y\n',
 ' clkload50/Y\n',
 ' clkload500/Y\n',
 ' clkload501/Y\n',
 ' clkload502/Y\n',
 ' clkload503/Y\n',
 ' clkload504/Y\n',
 ' clkload505/X\n',
 ' clkload506/Y\n',
 ' clkload507/Y\n',
 ' clkload508/Y\n',
 ' clkload509/Y\n',
 ' clkload51/Y\n',
 ' clkload510/Y\n',
 ' clkload511/Y\n',
 ' clkload512/Y\n',
 ' clkload513/Y\n',
 ' clkload514/Y\n',
 ' clkload515/Y\n',
 ' clkload516/Y\n',
 ' clkload517/Y\n',
 ' clkload518/Y\n',
 ' clkload519/Y\n',
 ' clkload52/X\n',
 ' clkload520/Y\n',
 ' clkload521/Y\n',
 ' clkload522/Y\n',
 ' clkload523/Y\n',
 ' clkload524/Y\n',
 ' clkload525/Y\n',
 ' clkload526/Y\n',
 ' clkload527/Y\n',
 ' clkload528/Y\n',
 ' clkload529/Y\n',
 ' clkload53/X\n',
 ' clkload530/Y\n',
 ' clkload531/Y\n',
 ' clkload532/Y\n',
 ' clkload533/Y\n',
 ' clkload534/Y\n',
 ' clkload535/Y\n',
 ' clkload536/Y\n',
 ' clkload537/Y\n',
 ' clkload538/Y\n',
 ' clkload539/Y\n',
 ' clkload54/X\n',
 ' clkload540/Y\n',
 ' clkload541/Y\n',
 ' clkload542/Y\n',
 ' clkload543/Y\n',
 ' clkload544/Y\n',
 ' clkload545/Y\n',
 ' clkload546/Y\n',
 ' clkload547/Y\n',
 ' clkload548/Y\n',
 ' clkload549/Y\n',
 ' clkload55/Y\n',
 ' clkload550/Y\n',
 ' clkload551/Y\n',
 ' clkload552/Y\n',
 ' clkload553/Y\n',
 ' clkload554/Y\n',
 ' clkload555/Y\n',
 ' clkload556/Y\n',
 ' clkload557/Y\n',
 ' clkload558/Y\n',
 ' clkload559/Y\n',
 ' clkload56/X\n',
 ' clkload560/Y\n',
 ' clkload561/Y\n',
 ' clkload562/Y\n',
 ' clkload563/Y\n',
 ' clkload564/Y\n',
 ' clkload565/Y\n',
 ' clkload566/Y\n',
 ' clkload567/Y\n',
 ' clkload568/Y\n',
 ' clkload569/Y\n',
 ' clkload57/Y\n',
 ' clkload570/Y\n',
 ' clkload571/Y\n',
 ' clkload572/X\n',
 ' clkload573/Y\n',
 ' clkload574/Y\n',
 ' clkload575/Y\n',
 ' clkload576/Y\n',
 ' clkload577/Y\n',
 ' clkload578/Y\n',
 ' clkload579/Y\n',
 ' clkload58/Y\n',
 ' clkload580/Y\n',
 ' clkload581/X\n',
 ' clkload582/Y\n',
 ' clkload583/Y\n',
 ' clkload584/Y\n',
 ' clkload585/Y\n',
 ' clkload586/Y\n',
 ' clkload587/Y\n',
 ' clkload588/Y\n',
 ' clkload589/Y\n',
 ' clkload59/X\n',
 ' clkload590/Y\n',
 ' clkload591/Y\n',
 ' clkload592/Y\n',
 ' clkload593/Y\n',
 ' clkload594/Y\n',
 ' clkload595/Y\n',
 ' clkload596/Y\n',
 ' clkload597/Y\n',
 ' clkload598/Y\n',
 ' clkload599/Y\n',
 ' clkload6/Y\n',
 ' clkload60/X\n',
 ' clkload600/Y\n',
 ' clkload601/Y\n',
 ' clkload602/Y\n',
 ' clkload603/Y\n',
 ' clkload604/Y\n',
 ' clkload605/Y\n',
 ' clkload606/Y\n',
 ' clkload607/Y\n',
 ' clkload608/Y\n',
 ' clkload609/Y\n',
 ' clkload61/Y\n',
 ' clkload610/Y\n',
 ' clkload611/Y\n',
 ' clkload612/Y\n',
 ' clkload613/Y\n',
 ' clkload614/Y\n',
 ' clkload615/Y\n',
 ' clkload616/Y\n',
 ' clkload617/Y\n',
 ' clkload618/Y\n',
 ' clkload619/Y\n',
 ' clkload62/Y\n',
 ' clkload620/Y\n',
 ' clkload621/Y\n',
 ' clkload622/Y\n',
 ' clkload623/Y\n',
 ' clkload624/Y\n',
 ' clkload625/Y\n',
 ' clkload626/Y\n',
 ' clkload627/Y\n',
 ' clkload628/Y\n',
 ' clkload629/Y\n',
 ' clkload63/X\n',
 ' clkload630/Y\n',
 ' clkload631/Y\n',
 ' clkload632/Y\n',
 ' clkload633/Y\n',
 ' clkload634/Y\n',
 ' clkload635/Y\n',
 ' clkload636/Y\n',
 ' clkload637/Y\n',
 ' clkload638/Y\n',
 ' clkload639/Y\n',
 ' clkload64/Y\n',
 ' clkload640/Y\n',
 ' clkload641/Y\n',
 ' clkload642/Y\n',
 ' clkload643/Y\n',
 ' clkload644/Y\n',
 ' clkload645/Y\n',
 ' clkload646/Y\n',
 ' clkload647/Y\n',
 ' clkload648/Y\n',
 ' clkload649/Y\n',
 ' clkload65/Y\n',
 ' clkload650/Y\n',
 ' clkload651/Y\n',
 ' clkload652/Y\n',
 ' clkload653/Y\n',
 ' clkload654/Y\n',
 ' clkload655/Y\n',
 ' clkload656/Y\n',
 ' clkload657/Y\n',
 ' clkload658/Y\n',
 ' clkload659/Y\n',
 ' clkload66/Y\n',
 ' clkload660/Y\n',
 ' clkload661/Y\n',
 ' clkload662/Y\n',
 ' clkload663/Y\n',
 ' clkload664/Y\n',
 ' clkload665/Y\n',
 ' clkload666/Y\n',
 ' clkload667/Y\n',
 ' clkload668/Y\n',
 ' clkload669/Y\n',
 ' clkload67/Y\n',
 ' clkload670/Y\n',
 ' clkload671/Y\n',
 ' clkload672/Y\n',
 ' clkload673/Y\n',
 ' clkload674/X\n',
 ' clkload675/X\n',
 ' clkload676/X\n',
 ' clkload677/Y\n',
 ' clkload678/X\n',
 ' clkload679/Y\n',
 ' clkload68/Y\n',
 ' clkload680/X\n',
 ' clkload681/Y\n',
 ' clkload682/Y\n',
 ' clkload683/Y\n',
 ' clkload684/Y\n',
 ' clkload685/Y\n',
 ' clkload686/X\n',
 ' clkload687/Y\n',
 ' clkload688/X\n',
 ' clkload689/Y\n',
 ' clkload69/Y\n',
 ' clkload690/Y\n',
 ' clkload691/Y\n',
 ' clkload692/Y\n',
 ' clkload693/Y\n',
 ' clkload694/Y\n',
 ' clkload695/Y\n',
 ' clkload696/Y\n',
 ' clkload697/Y\n',
 ' clkload698/Y\n',
 ' clkload699/Y\n',
 ' clkload7/Y\n',
 ' clkload70/Y\n',
 ' clkload700/Y\n',
 ' clkload701/Y\n',
 ' clkload702/Y\n',
 ' clkload703/Y\n',
 ' clkload704/Y\n',
 ' clkload705/Y\n',
 ' clkload706/Y\n',
 ' clkload707/Y\n',
 ' clkload708/Y\n',
 ' clkload709/Y\n',
 ' clkload71/X\n',
 ' clkload710/Y\n',
 ' clkload711/Y\n',
 ' clkload712/Y\n',
 ' clkload713/Y\n',
 ' clkload714/Y\n',
 ' clkload715/Y\n',
 ' clkload716/Y\n',
 ' clkload717/Y\n',
 ' clkload718/Y\n',
 ' clkload719/Y\n',
 ' clkload72/Y\n',
 ' clkload720/Y\n',
 ' clkload721/Y\n',
 ' clkload722/Y\n',
 ' clkload723/Y\n',
 ' clkload724/Y\n',
 ' clkload725/Y\n',
 ' clkload726/Y\n',
 ' clkload727/Y\n',
 ' clkload728/Y\n',
 ' clkload729/Y\n',
 ' clkload73/Y\n',
 ' clkload730/Y\n',
 ' clkload731/Y\n',
 ' clkload732/Y\n',
 ' clkload733/Y\n',
 ' clkload734/Y\n',
 ' clkload735/Y\n',
 ' clkload736/Y\n',
 ' clkload737/Y\n',
 ' clkload738/Y\n',
 ' clkload739/Y\n',
 ' clkload74/X\n',
 ' clkload740/Y\n',
 ' clkload741/Y\n',
 ' clkload742/Y\n',
 ' clkload743/Y\n',
 ' clkload744/Y\n',
 ' clkload745/Y\n',
 ' clkload746/Y\n',
 ' clkload747/Y\n',
 ' clkload748/Y\n',
 ' clkload749/Y\n',
 ' clkload75/X\n',
 ' clkload750/Y\n',
 ' clkload751/Y\n',
 ' clkload752/Y\n',
 ' clkload753/Y\n',
 ' clkload754/Y\n',
 ' clkload755/Y\n',
 ' clkload756/Y\n',
 ' clkload757/Y\n',
 ' clkload758/Y\n',
 ' clkload759/Y\n',
 ' clkload76/X\n',
 ' clkload760/Y\n',
 ' clkload761/Y\n',
 ' clkload762/Y\n',
 ' clkload763/Y\n',
 ' clkload764/Y\n',
 ' clkload765/Y\n',
 ' clkload766/Y\n',
 ' clkload767/Y\n',
 ' clkload77/Y\n',
 ' clkload78/X\n',
 ' clkload79/Y\n',
 ' clkload8/X\n',
 ' clkload80/X\n',
 ' clkload81/Y\n',
 ' clkload82/Y\n',
 ' clkload83/X\n',
 ' clkload84/X\n',
 ' clkload85/Y\n',
 ' clkload86/X\n',
 ' clkload87/X\n',
 ' clkload88/X\n',
 ' clkload89/X\n',
 ' clkload9/Y\n',
 ' clkload90/Y\n',
 ' clkload91/X\n',
 ' clkload92/X\n',
 ' clkload93/X\n',
 ' clkload94/Y\n',
 ' clkload95/Y\n',
 ' clkload96/X\n',
 ' clkload97/X\n',
 ' clkload98/X\n',
 ' clkload99/Y\n',
 ' core_tile/HI\n',
 ' core_tile_64037/HI\n',
 ' core_tile_64038/HI\n',
 ' core_tile_64039/HI\n',
 ' core_tile_64040/HI\n',
 ' core_tile_64041/HI\n',
 'Found 0 partially unannotated drivers.\n',
 '\n']
Reported nets:
['clkload0/Y',
 'clkload1/Y',
 'clkload10/Y',
 'clkload100/X',
 'clkload101/X',
 'clkload102/Y',
 'clkload103/X',
 'clkload104/X',
 'clkload105/Y',
 'clkload106/Y',
 'clkload107/X',
 'clkload108/X',
 'clkload109/X',
 'clkload11/Y',
 'clkload110/Y',
 'clkload111/Y',
 'clkload112/Y',
 'clkload113/X',
 'clkload114/Y',
 'clkload115/Y',
 'clkload116/Y',
 'clkload117/X',
 'clkload118/X',
 'clkload119/X',
 'clkload12/Y',
 'clkload120/Y',
 'clkload121/Y',
 'clkload122/Y',
 'clkload123/X',
 'clkload124/Y',
 'clkload125/X',
 'clkload126/Y',
 'clkload127/Y',
 'clkload128/Y',
 'clkload129/Y',
 'clkload13/Y',
 'clkload130/Y',
 'clkload131/Y',
 'clkload132/X',
 'clkload133/Y',
 'clkload134/X',
 'clkload135/Y',
 'clkload136/Y',
 'clkload137/X',
 'clkload138/Y',
 'clkload139/X',
 'clkload14/Y',
 'clkload140/Y',
 'clkload141/X',
 'clkload142/Y',
 'clkload143/X',
 'clkload144/Y',
 'clkload145/X',
 'clkload146/Y',
 'clkload147/X',
 'clkload148/X',
 'clkload149/Y',
 'clkload15/Y',
 'clkload150/X',
 'clkload151/Y',
 'clkload152/Y',
 'clkload153/X',
 'clkload154/X',
 'clkload155/X',
 'clkload156/Y',
 'clkload157/Y',
 'clkload158/X',
 'clkload159/X',
 'clkload16/Y',
 'clkload160/X',
 'clkload161/Y',
 'clkload162/X',
 'clkload163/X',
 'clkload164/Y',
 'clkload165/Y',
 'clkload166/Y',
 'clkload167/X',
 'clkload168/X',
 'clkload169/Y',
 'clkload17/X',
 'clkload170/X',
 'clkload171/X',
 'clkload172/Y',
 'clkload173/X',
 'clkload174/X',
 'clkload175/X',
 'clkload176/Y',
 'clkload177/X',
 'clkload178/Y',
 'clkload179/Y',
 'clkload18/Y',
 'clkload180/X',
 'clkload181/Y',
 'clkload182/X',
 'clkload183/Y',
 'clkload184/X',
 'clkload185/X',
 'clkload186/Y',
 'clkload187/X',
 'clkload188/X',
 'clkload189/X',
 'clkload19/Y',
 'clkload190/X',
 'clkload191/Y',
 'clkload192/Y',
 'clkload193/Y',
 'clkload194/Y',
 'clkload195/Y',
 'clkload196/X',
 'clkload197/Y',
 'clkload198/Y',
 'clkload199/Y',
 'clkload2/Y',
 'clkload20/Y',
 'clkload200/X',
 'clkload201/Y',
 'clkload202/Y',
 'clkload203/Y',
 'clkload204/Y',
 'clkload205/Y',
 'clkload206/Y',
 'clkload207/Y',
 'clkload208/Y',
 'clkload209/Y',
 'clkload21/Y',
 'clkload210/Y',
 'clkload211/Y',
 'clkload212/Y',
 'clkload213/Y',
 'clkload214/Y',
 'clkload215/Y',
 'clkload216/Y',
 'clkload217/Y',
 'clkload218/X',
 'clkload219/X',
 'clkload22/Y',
 'clkload220/X',
 'clkload221/Y',
 'clkload222/Y',
 'clkload223/Y',
 'clkload224/Y',
 'clkload225/Y',
 'clkload226/Y',
 'clkload227/Y',
 'clkload228/Y',
 'clkload229/Y',
 'clkload23/Y',
 'clkload230/Y',
 'clkload231/Y',
 'clkload232/Y',
 'clkload233/Y',
 'clkload234/Y',
 'clkload235/Y',
 'clkload236/Y',
 'clkload237/Y',
 'clkload238/Y',
 'clkload239/Y',
 'clkload24/X',
 'clkload240/Y',
 'clkload241/Y',
 'clkload242/Y',
 'clkload243/Y',
 'clkload244/Y',
 'clkload245/Y',
 'clkload246/Y',
 'clkload247/Y',
 'clkload248/Y',
 'clkload249/Y',
 'clkload25/X',
 'clkload250/Y',
 'clkload251/Y',
 'clkload252/Y',
 'clkload253/Y',
 'clkload254/Y',
 'clkload255/Y',
 'clkload256/Y',
 'clkload257/Y',
 'clkload258/Y',
 'clkload259/Y',
 'clkload26/Y',
 'clkload260/Y',
 'clkload261/Y',
 'clkload262/Y',
 'clkload263/Y',
 'clkload264/Y',
 'clkload265/Y',
 'clkload266/Y',
 'clkload267/Y',
 'clkload268/X',
 'clkload269/Y',
 'clkload27/X',
 'clkload270/Y',
 'clkload271/X',
 'clkload272/X',
 'clkload273/Y',
 'clkload274/Y',
 'clkload275/Y',
 'clkload276/Y',
 'clkload277/Y',
 'clkload278/Y',
 'clkload279/Y',
 'clkload28/Y',
 'clkload280/Y',
 'clkload281/Y',
 'clkload282/Y',
 'clkload283/Y',
 'clkload284/Y',
 'clkload285/Y',
 'clkload286/Y',
 'clkload287/Y',
 'clkload288/Y',
 'clkload289/Y',
 'clkload29/X',
 'clkload290/Y',
 'clkload291/Y',
 'clkload292/Y',
 'clkload293/Y',
 'clkload294/Y',
 'clkload295/Y',
 'clkload296/Y',
 'clkload297/Y',
 'clkload298/Y',
 'clkload299/Y',
 'clkload3/Y',
 'clkload30/Y',
 'clkload300/Y',
 'clkload301/Y',
 'clkload302/Y',
 'clkload303/Y',
 'clkload304/X',
 'clkload305/X',
 'clkload306/Y',
 'clkload307/Y',
 'clkload308/Y',
 'clkload309/Y',
 'clkload31/Y',
 'clkload310/X',
 'clkload311/X',
 'clkload312/Y',
 'clkload313/Y',
 'clkload314/X',
 'clkload315/Y',
 'clkload316/Y',
 'clkload317/X',
 'clkload318/Y',
 'clkload319/Y',
 'clkload32/X',
 'clkload320/Y',
 'clkload321/Y',
 'clkload322/Y',
 'clkload323/Y',
 'clkload324/Y',
 'clkload325/Y',
 'clkload326/Y',
 'clkload327/Y',
 'clkload328/Y',
 'clkload329/Y',
 'clkload33/Y',
 'clkload330/Y',
 'clkload331/Y',
 'clkload332/Y',
 'clkload333/Y',
 'clkload334/Y',
 'clkload335/Y',
 'clkload336/Y',
 'clkload337/Y',
 'clkload338/Y',
 'clkload339/Y',
 'clkload34/Y',
 'clkload340/Y',
 'clkload341/Y',
 'clkload342/Y',
 'clkload343/Y',
 'clkload344/Y',
 'clkload345/Y',
 'clkload346/Y',
 'clkload347/Y',
 'clkload348/Y',
 'clkload349/Y',
 'clkload35/Y',
 'clkload350/Y',
 'clkload351/Y',
 'clkload352/Y',
 'clkload353/Y',
 'clkload354/Y',
 'clkload355/Y',
 'clkload356/Y',
 'clkload357/Y',
 'clkload358/Y',
 'clkload359/Y',
 'clkload36/Y',
 'clkload360/Y',
 'clkload361/Y',
 'clkload362/Y',
 'clkload363/Y',
 'clkload364/Y',
 'clkload365/Y',
 'clkload366/Y',
 'clkload367/Y',
 'clkload368/Y',
 'clkload369/Y',
 'clkload37/X',
 'clkload370/Y',
 'clkload371/Y',
 'clkload372/Y',
 'clkload373/Y',
 'clkload374/Y',
 'clkload375/Y',
 'clkload376/Y',
 'clkload377/Y',
 'clkload378/Y',
 'clkload379/Y',
 'clkload38/Y',
 'clkload380/Y',
 'clkload381/Y',
 'clkload382/Y',
 'clkload383/X',
 'clkload384/Y',
 'clkload385/Y',
 'clkload386/Y',
 'clkload387/Y',
 'clkload388/Y',
 'clkload389/Y',
 'clkload39/Y',
 'clkload390/Y',
 'clkload391/Y',
 'clkload392/Y',
 'clkload393/Y',
 'clkload394/Y',
 'clkload395/Y',
 'clkload396/Y',
 'clkload397/Y',
 'clkload398/Y',
 'clkload399/Y',
 'clkload4/X',
 'clkload40/Y',
 'clkload400/Y',
 'clkload401/Y',
 'clkload402/Y',
 'clkload403/Y',
 'clkload404/Y',
 'clkload405/Y',
 'clkload406/Y',
 'clkload407/Y',
 'clkload408/Y',
 'clkload409/Y',
 'clkload41/X',
 'clkload410/Y',
 'clkload411/Y',
 'clkload412/Y',
 'clkload413/Y',
 'clkload414/X',
 'clkload415/X',
 'clkload416/Y',
 'clkload417/X',
 'clkload418/Y',
 'clkload419/X',
 'clkload42/Y',
 'clkload420/Y',
 'clkload421/Y',
 'clkload422/Y',
 'clkload423/Y',
 'clkload424/X',
 'clkload425/Y',
 'clkload426/Y',
 'clkload427/Y',
 'clkload428/X',
 'clkload429/Y',
 'clkload43/X',
 'clkload430/X',
 'clkload431/Y',
 'clkload432/X',
 'clkload433/X',
 'clkload434/Y',
 'clkload435/Y',
 'clkload436/X',
 'clkload437/X',
 'clkload438/X',
 'clkload439/X',
 'clkload44/Y',
 'clkload440/Y',
 'clkload441/X',
 'clkload442/X',
 'clkload443/Y',
 'clkload444/Y',
 'clkload445/Y',
 'clkload446/Y',
 'clkload447/Y',
 'clkload448/Y',
 'clkload449/Y',
 'clkload45/Y',
 'clkload450/X',
 'clkload451/Y',
 'clkload452/Y',
 'clkload453/Y',
 'clkload454/Y',
 'clkload455/Y',
 'clkload456/Y',
 'clkload457/Y',
 'clkload458/Y',
 'clkload459/Y',
 'clkload46/Y',
 'clkload460/Y',
 'clkload461/Y',
 'clkload462/Y',
 'clkload463/Y',
 'clkload464/Y',
 'clkload465/Y',
 'clkload466/Y',
 'clkload467/Y',
 'clkload468/Y',
 'clkload469/Y',
 'clkload47/X',
 'clkload470/Y',
 'clkload471/Y',
 'clkload472/Y',
 'clkload473/Y',
 'clkload474/Y',
 'clkload475/X',
 'clkload476/Y',
 'clkload477/Y',
 'clkload478/Y',
 'clkload479/Y',
 'clkload48/Y',
 'clkload480/Y',
 'clkload481/Y',
 'clkload482/Y',
 'clkload483/Y',
 'clkload484/Y',
 'clkload485/Y',
 'clkload486/Y',
 'clkload487/X',
 'clkload488/Y',
 'clkload489/Y',
 'clkload49/X',
 'clkload490/Y',
 'clkload491/Y',
 'clkload492/Y',
 'clkload493/Y',
 'clkload494/Y',
 'clkload495/Y',
 'clkload496/Y',
 'clkload497/Y',
 'clkload498/Y',
 'clkload499/Y',
 'clkload5/Y',
 'clkload50/Y',
 'clkload500/Y',
 'clkload501/Y',
 'clkload502/Y',
 'clkload503/Y',
 'clkload504/Y',
 'clkload505/X',
 'clkload506/Y',
 'clkload507/Y',
 'clkload508/Y',
 'clkload509/Y',
 'clkload51/Y',
 'clkload510/Y',
 'clkload511/Y',
 'clkload512/Y',
 'clkload513/Y',
 'clkload514/Y',
 'clkload515/Y',
 'clkload516/Y',
 'clkload517/Y',
 'clkload518/Y',
 'clkload519/Y',
 'clkload52/X',
 'clkload520/Y',
 'clkload521/Y',
 'clkload522/Y',
 'clkload523/Y',
 'clkload524/Y',
 'clkload525/Y',
 'clkload526/Y',
 'clkload527/Y',
 'clkload528/Y',
 'clkload529/Y',
 'clkload53/X',
 'clkload530/Y',
 'clkload531/Y',
 'clkload532/Y',
 'clkload533/Y',
 'clkload534/Y',
 'clkload535/Y',
 'clkload536/Y',
 'clkload537/Y',
 'clkload538/Y',
 'clkload539/Y',
 'clkload54/X',
 'clkload540/Y',
 'clkload541/Y',
 'clkload542/Y',
 'clkload543/Y',
 'clkload544/Y',
 'clkload545/Y',
 'clkload546/Y',
 'clkload547/Y',
 'clkload548/Y',
 'clkload549/Y',
 'clkload55/Y',
 'clkload550/Y',
 'clkload551/Y',
 'clkload552/Y',
 'clkload553/Y',
 'clkload554/Y',
 'clkload555/Y',
 'clkload556/Y',
 'clkload557/Y',
 'clkload558/Y',
 'clkload559/Y',
 'clkload56/X',
 'clkload560/Y',
 'clkload561/Y',
 'clkload562/Y',
 'clkload563/Y',
 'clkload564/Y',
 'clkload565/Y',
 'clkload566/Y',
 'clkload567/Y',
 'clkload568/Y',
 'clkload569/Y',
 'clkload57/Y',
 'clkload570/Y',
 'clkload571/Y',
 'clkload572/X',
 'clkload573/Y',
 'clkload574/Y',
 'clkload575/Y',
 'clkload576/Y',
 'clkload577/Y',
 'clkload578/Y',
 'clkload579/Y',
 'clkload58/Y',
 'clkload580/Y',
 'clkload581/X',
 'clkload582/Y',
 'clkload583/Y',
 'clkload584/Y',
 'clkload585/Y',
 'clkload586/Y',
 'clkload587/Y',
 'clkload588/Y',
 'clkload589/Y',
 'clkload59/X',
 'clkload590/Y',
 'clkload591/Y',
 'clkload592/Y',
 'clkload593/Y',
 'clkload594/Y',
 'clkload595/Y',
 'clkload596/Y',
 'clkload597/Y',
 'clkload598/Y',
 'clkload599/Y',
 'clkload6/Y',
 'clkload60/X',
 'clkload600/Y',
 'clkload601/Y',
 'clkload602/Y',
 'clkload603/Y',
 'clkload604/Y',
 'clkload605/Y',
 'clkload606/Y',
 'clkload607/Y',
 'clkload608/Y',
 'clkload609/Y',
 'clkload61/Y',
 'clkload610/Y',
 'clkload611/Y',
 'clkload612/Y',
 'clkload613/Y',
 'clkload614/Y',
 'clkload615/Y',
 'clkload616/Y',
 'clkload617/Y',
 'clkload618/Y',
 'clkload619/Y',
 'clkload62/Y',
 'clkload620/Y',
 'clkload621/Y',
 'clkload622/Y',
 'clkload623/Y',
 'clkload624/Y',
 'clkload625/Y',
 'clkload626/Y',
 'clkload627/Y',
 'clkload628/Y',
 'clkload629/Y',
 'clkload63/X',
 'clkload630/Y',
 'clkload631/Y',
 'clkload632/Y',
 'clkload633/Y',
 'clkload634/Y',
 'clkload635/Y',
 'clkload636/Y',
 'clkload637/Y',
 'clkload638/Y',
 'clkload639/Y',
 'clkload64/Y',
 'clkload640/Y',
 'clkload641/Y',
 'clkload642/Y',
 'clkload643/Y',
 'clkload644/Y',
 'clkload645/Y',
 'clkload646/Y',
 'clkload647/Y',
 'clkload648/Y',
 'clkload649/Y',
 'clkload65/Y',
 'clkload650/Y',
 'clkload651/Y',
 'clkload652/Y',
 'clkload653/Y',
 'clkload654/Y',
 'clkload655/Y',
 'clkload656/Y',
 'clkload657/Y',
 'clkload658/Y',
 'clkload659/Y',
 'clkload66/Y',
 'clkload660/Y',
 'clkload661/Y',
 'clkload662/Y',
 'clkload663/Y',
 'clkload664/Y',
 'clkload665/Y',
 'clkload666/Y',
 'clkload667/Y',
 'clkload668/Y',
 'clkload669/Y',
 'clkload67/Y',
 'clkload670/Y',
 'clkload671/Y',
 'clkload672/Y',
 'clkload673/Y',
 'clkload674/X',
 'clkload675/X',
 'clkload676/X',
 'clkload677/Y',
 'clkload678/X',
 'clkload679/Y',
 'clkload68/Y',
 'clkload680/X',
 'clkload681/Y',
 'clkload682/Y',
 'clkload683/Y',
 'clkload684/Y',
 'clkload685/Y',
 'clkload686/X',
 'clkload687/Y',
 'clkload688/X',
 'clkload689/Y',
 'clkload69/Y',
 'clkload690/Y',
 'clkload691/Y',
 'clkload692/Y',
 'clkload693/Y',
 'clkload694/Y',
 'clkload695/Y',
 'clkload696/Y',
 'clkload697/Y',
 'clkload698/Y',
 'clkload699/Y',
 'clkload7/Y',
 'clkload70/Y',
 'clkload700/Y',
 'clkload701/Y',
 'clkload702/Y',
 'clkload703/Y',
 'clkload704/Y',
 'clkload705/Y',
 'clkload706/Y',
 'clkload707/Y',
 'clkload708/Y',
 'clkload709/Y',
 'clkload71/X',
 'clkload710/Y',
 'clkload711/Y',
 'clkload712/Y',
 'clkload713/Y',
 'clkload714/Y',
 'clkload715/Y',
 'clkload716/Y',
 'clkload717/Y',
 'clkload718/Y',
 'clkload719/Y',
 'clkload72/Y',
 'clkload720/Y',
 'clkload721/Y',
 'clkload722/Y',
 'clkload723/Y',
 'clkload724/Y',
 'clkload725/Y',
 'clkload726/Y',
 'clkload727/Y',
 'clkload728/Y',
 'clkload729/Y',
 'clkload73/Y',
 'clkload730/Y',
 'clkload731/Y',
 'clkload732/Y',
 'clkload733/Y',
 'clkload734/Y',
 'clkload735/Y',
 'clkload736/Y',
 'clkload737/Y',
 'clkload738/Y',
 'clkload739/Y',
 'clkload74/X',
 'clkload740/Y',
 'clkload741/Y',
 'clkload742/Y',
 'clkload743/Y',
 'clkload744/Y',
 'clkload745/Y',
 'clkload746/Y',
 'clkload747/Y',
 'clkload748/Y',
 'clkload749/Y',
 'clkload75/X',
 'clkload750/Y',
 'clkload751/Y',
 'clkload752/Y',
 'clkload753/Y',
 'clkload754/Y',
 'clkload755/Y',
 'clkload756/Y',
 'clkload757/Y',
 'clkload758/Y',
 'clkload759/Y',
 'clkload76/X',
 'clkload760/Y',
 'clkload761/Y',
 'clkload762/Y',
 'clkload763/Y',
 'clkload764/Y',
 'clkload765/Y',
 'clkload766/Y',
 'clkload767/Y',
 'clkload77/Y',
 'clkload78/X',
 'clkload79/Y',
 'clkload8/X',
 'clkload80/X',
 'clkload81/Y',
 'clkload82/Y',
 'clkload83/X',
 'clkload84/X',
 'clkload85/Y',
 'clkload86/X',
 'clkload87/X',
 'clkload88/X',
 'clkload89/X',
 'clkload9/Y',
 'clkload90/Y',
 'clkload91/X',
 'clkload92/X',
 'clkload93/X',
 'clkload94/Y',
 'clkload95/Y',
 'clkload96/X',
 'clkload97/X',
 'clkload98/X',
 'clkload99/Y',
 'core_tile/HI',
 'core_tile_64037/HI',
 'core_tile_64038/HI',
 'core_tile_64039/HI',
 'core_tile_64040/HI',
 'core_tile_64041/HI']
Filtered nets:
[]
done
