Clock: clk
Sources: gpio_in[38] 
Generated: no
Virtual: yes
Propagated: no
Period: 20.000000

===========================================================================
report_clock_properties
============================================================================
Clock                   Period          Waveform
----------------------------------------------------
clk                  20.000000    0.000000 10.000000

===========================================================================
report_clock_latency
============================================================================
Clock clk
rise -> rise
    min     max
0.000000 0.000000 source latency
1.389134         network latency chip.gpu_inst.tiles[0].tile/clk
        4.495089 network latency _4237_/CLK
---------------
1.389134 4.495089 latency
        3.105955 skew

fall -> fall
    min     max
0.000000 0.000000 source latency
1.346005         network latency chip.gpu_inst.tiles[0].tile/clk
        4.788617 network latency _4237_/CLK
---------------
1.346005 4.788617 latency
        3.442612 skew



===========================================================================
report_clock_min_period
============================================================================
clk period_min = 5.66 fmax = 176.58
