[WARNING ORD-0039] .openroad ignored with -python
Unannotated report:
['report_parasitic_annotation -report_unannotated\n',
 '============================================================================\n',
 'Found 927 unannotated drivers.\n',
 ' analog_io[0]\n',
 ' analog_io[10]\n',
 ' analog_io[11]\n',
 ' analog_io[12]\n',
 ' analog_io[13]\n',
 ' analog_io[14]\n',
 ' analog_io[15]\n',
 ' analog_io[16]\n',
 ' analog_io[17]\n',
 ' analog_io[18]\n',
 ' analog_io[19]\n',
 ' analog_io[1]\n',
 ' analog_io[20]\n',
 ' analog_io[21]\n',
 ' analog_io[22]\n',
 ' analog_io[23]\n',
 ' analog_io[24]\n',
 ' analog_io[25]\n',
 ' analog_io[26]\n',
 ' analog_io[27]\n',
 ' analog_io[28]\n',
 ' analog_io[29]\n',
 ' analog_io[2]\n',
 ' analog_io[30]\n',
 ' analog_io[31]\n',
 ' analog_io[32]\n',
 ' analog_io[33]\n',
 ' analog_io[34]\n',
 ' analog_io[35]\n',
 ' analog_io[36]\n',
 ' analog_io[37]\n',
 ' analog_io[38]\n',
 ' analog_io[39]\n',
 ' analog_io[3]\n',
 ' analog_io[40]\n',
 ' analog_io[41]\n',
 ' analog_io[42]\n',
 ' analog_io[43]\n',
 ' analog_io[4]\n',
 ' analog_io[5]\n',
 ' analog_io[6]\n',
 ' analog_io[7]\n',
 ' analog_io[8]\n',
 ' analog_io[9]\n',
 ' analog_noesd_io[0]\n',
 ' analog_noesd_io[10]\n',
 ' analog_noesd_io[11]\n',
 ' analog_noesd_io[12]\n',
 ' analog_noesd_io[13]\n',
 ' analog_noesd_io[14]\n',
 ' analog_noesd_io[15]\n',
 ' analog_noesd_io[16]\n',
 ' analog_noesd_io[17]\n',
 ' analog_noesd_io[18]\n',
 ' analog_noesd_io[19]\n',
 ' analog_noesd_io[1]\n',
 ' analog_noesd_io[20]\n',
 ' analog_noesd_io[21]\n',
 ' analog_noesd_io[22]\n',
 ' analog_noesd_io[23]\n',
 ' analog_noesd_io[24]\n',
 ' analog_noesd_io[25]\n',
 ' analog_noesd_io[26]\n',
 ' analog_noesd_io[27]\n',
 ' analog_noesd_io[28]\n',
 ' analog_noesd_io[29]\n',
 ' analog_noesd_io[2]\n',
 ' analog_noesd_io[30]\n',
 ' analog_noesd_io[31]\n',
 ' analog_noesd_io[32]\n',
 ' analog_noesd_io[33]\n',
 ' analog_noesd_io[34]\n',
 ' analog_noesd_io[35]\n',
 ' analog_noesd_io[36]\n',
 ' analog_noesd_io[37]\n',
 ' analog_noesd_io[38]\n',
 ' analog_noesd_io[39]\n',
 ' analog_noesd_io[3]\n',
 ' analog_noesd_io[40]\n',
 ' analog_noesd_io[41]\n',
 ' analog_noesd_io[42]\n',
 ' analog_noesd_io[43]\n',
 ' analog_noesd_io[4]\n',
 ' analog_noesd_io[5]\n',
 ' analog_noesd_io[6]\n',
 ' analog_noesd_io[7]\n',
 ' analog_noesd_io[8]\n',
 ' analog_noesd_io[9]\n',
 ' gpio_in[0]\n',
 ' gpio_in[10]\n',
 ' gpio_in[11]\n',
 ' gpio_in[12]\n',
 ' gpio_in[13]\n',
 ' gpio_in[14]\n',
 ' gpio_in[15]\n',
 ' gpio_in[16]\n',
 ' gpio_in[17]\n',
 ' gpio_in[18]\n',
 ' gpio_in[19]\n',
 ' gpio_in[1]\n',
 ' gpio_in[22]\n',
 ' gpio_in[23]\n',
 ' gpio_in[2]\n',
 ' gpio_in[3]\n',
 ' gpio_in[41]\n',
 ' gpio_in[42]\n',
 ' gpio_in[43]\n',
 ' gpio_in[4]\n',
 ' gpio_in[5]\n',
 ' gpio_in[6]\n',
 ' gpio_in[7]\n',
 ' gpio_in[8]\n',
 ' gpio_in[9]\n',
 ' gpio_in_h[0]\n',
 ' gpio_in_h[10]\n',
 ' gpio_in_h[11]\n',
 ' gpio_in_h[12]\n',
 ' gpio_in_h[13]\n',
 ' gpio_in_h[14]\n',
 ' gpio_in_h[15]\n',
 ' gpio_in_h[16]\n',
 ' gpio_in_h[17]\n',
 ' gpio_in_h[18]\n',
 ' gpio_in_h[19]\n',
 ' gpio_in_h[1]\n',
 ' gpio_in_h[20]\n',
 ' gpio_in_h[21]\n',
 ' gpio_in_h[22]\n',
 ' gpio_in_h[23]\n',
 ' gpio_in_h[24]\n',
 ' gpio_in_h[25]\n',
 ' gpio_in_h[26]\n',
 ' gpio_in_h[27]\n',
 ' gpio_in_h[28]\n',
 ' gpio_in_h[29]\n',
 ' gpio_in_h[2]\n',
 ' gpio_in_h[30]\n',
 ' gpio_in_h[31]\n',
 ' gpio_in_h[32]\n',
 ' gpio_in_h[33]\n',
 ' gpio_in_h[34]\n',
 ' gpio_in_h[35]\n',
 ' gpio_in_h[36]\n',
 ' gpio_in_h[37]\n',
 ' gpio_in_h[38]\n',
 ' gpio_in_h[39]\n',
 ' gpio_in_h[3]\n',
 ' gpio_in_h[40]\n',
 ' gpio_in_h[41]\n',
 ' gpio_in_h[42]\n',
 ' gpio_in_h[43]\n',
 ' gpio_in_h[4]\n',
 ' gpio_in_h[5]\n',
 ' gpio_in_h[6]\n',
 ' gpio_in_h[7]\n',
 ' gpio_in_h[8]\n',
 ' gpio_in_h[9]\n',
 ' gpio_loopback_one[0]\n',
 ' gpio_loopback_one[10]\n',
 ' gpio_loopback_one[11]\n',
 ' gpio_loopback_one[12]\n',
 ' gpio_loopback_one[13]\n',
 ' gpio_loopback_one[14]\n',
 ' gpio_loopback_one[15]\n',
 ' gpio_loopback_one[16]\n',
 ' gpio_loopback_one[17]\n',
 ' gpio_loopback_one[18]\n',
 ' gpio_loopback_one[19]\n',
 ' gpio_loopback_one[1]\n',
 ' gpio_loopback_one[20]\n',
 ' gpio_loopback_one[21]\n',
 ' gpio_loopback_one[22]\n',
 ' gpio_loopback_one[23]\n',
 ' gpio_loopback_one[24]\n',
 ' gpio_loopback_one[25]\n',
 ' gpio_loopback_one[26]\n',
 ' gpio_loopback_one[27]\n',
 ' gpio_loopback_one[28]\n',
 ' gpio_loopback_one[29]\n',
 ' gpio_loopback_one[2]\n',
 ' gpio_loopback_one[30]\n',
 ' gpio_loopback_one[31]\n',
 ' gpio_loopback_one[32]\n',
 ' gpio_loopback_one[33]\n',
 ' gpio_loopback_one[34]\n',
 ' gpio_loopback_one[35]\n',
 ' gpio_loopback_one[36]\n',
 ' gpio_loopback_one[37]\n',
 ' gpio_loopback_one[38]\n',
 ' gpio_loopback_one[39]\n',
 ' gpio_loopback_one[3]\n',
 ' gpio_loopback_one[40]\n',
 ' gpio_loopback_one[41]\n',
 ' gpio_loopback_one[42]\n',
 ' gpio_loopback_one[43]\n',
 ' gpio_loopback_one[4]\n',
 ' gpio_loopback_one[5]\n',
 ' gpio_loopback_one[6]\n',
 ' gpio_loopback_one[7]\n',
 ' gpio_loopback_one[8]\n',
 ' gpio_loopback_one[9]\n',
 ' gpio_loopback_zero[0]\n',
 ' gpio_loopback_zero[10]\n',
 ' gpio_loopback_zero[11]\n',
 ' gpio_loopback_zero[12]\n',
 ' gpio_loopback_zero[13]\n',
 ' gpio_loopback_zero[14]\n',
 ' gpio_loopback_zero[15]\n',
 ' gpio_loopback_zero[16]\n',
 ' gpio_loopback_zero[17]\n',
 ' gpio_loopback_zero[18]\n',
 ' gpio_loopback_zero[19]\n',
 ' gpio_loopback_zero[1]\n',
 ' gpio_loopback_zero[20]\n',
 ' gpio_loopback_zero[21]\n',
 ' gpio_loopback_zero[22]\n',
 ' gpio_loopback_zero[23]\n',
 ' gpio_loopback_zero[24]\n',
 ' gpio_loopback_zero[25]\n',
 ' gpio_loopback_zero[26]\n',
 ' gpio_loopback_zero[27]\n',
 ' gpio_loopback_zero[28]\n',
 ' gpio_loopback_zero[29]\n',
 ' gpio_loopback_zero[2]\n',
 ' gpio_loopback_zero[30]\n',
 ' gpio_loopback_zero[31]\n',
 ' gpio_loopback_zero[32]\n',
 ' gpio_loopback_zero[33]\n',
 ' gpio_loopback_zero[34]\n',
 ' gpio_loopback_zero[35]\n',
 ' gpio_loopback_zero[36]\n',
 ' gpio_loopback_zero[37]\n',
 ' gpio_loopback_zero[38]\n',
 ' gpio_loopback_zero[39]\n',
 ' gpio_loopback_zero[3]\n',
 ' gpio_loopback_zero[40]\n',
 ' gpio_loopback_zero[41]\n',
 ' gpio_loopback_zero[42]\n',
 ' gpio_loopback_zero[43]\n',
 ' gpio_loopback_zero[4]\n',
 ' gpio_loopback_zero[5]\n',
 ' gpio_loopback_zero[6]\n',
 ' gpio_loopback_zero[7]\n',
 ' gpio_loopback_zero[8]\n',
 ' gpio_loopback_zero[9]\n',
 ' mask_rev[0]\n',
 ' mask_rev[10]\n',
 ' mask_rev[11]\n',
 ' mask_rev[12]\n',
 ' mask_rev[13]\n',
 ' mask_rev[14]\n',
 ' mask_rev[15]\n',
 ' mask_rev[16]\n',
 ' mask_rev[17]\n',
 ' mask_rev[18]\n',
 ' mask_rev[19]\n',
 ' mask_rev[1]\n',
 ' mask_rev[20]\n',
 ' mask_rev[21]\n',
 ' mask_rev[22]\n',
 ' mask_rev[23]\n',
 ' mask_rev[24]\n',
 ' mask_rev[25]\n',
 ' mask_rev[26]\n',
 ' mask_rev[27]\n',
 ' mask_rev[28]\n',
 ' mask_rev[29]\n',
 ' mask_rev[2]\n',
 ' mask_rev[30]\n',
 ' mask_rev[31]\n',
 ' mask_rev[3]\n',
 ' mask_rev[4]\n',
 ' mask_rev[5]\n',
 ' mask_rev[6]\n',
 ' mask_rev[7]\n',
 ' mask_rev[8]\n',
 ' mask_rev[9]\n',
 ' por_l\n',
 ' porb_h\n',
 ' resetb_h\n',
 ' _4236__2100/LO\n',
 ' chip.gpu_inst.tiles\\[0\\].tile/data_mem_read_address[16]\n',
 ' chip.gpu_inst.tiles\\[0\\].tile/data_mem_read_address[17]\n',
 ' chip.gpu_inst.tiles\\[0\\].tile/data_mem_read_address[18]\n',
 ' chip.gpu_inst.tiles\\[0\\].tile/data_mem_write_address[16]\n',
 ' chip.gpu_inst.tiles\\[0\\].tile/data_mem_write_address[17]\n',
 ' chip.gpu_inst.tiles\\[0\\].tile/data_mem_write_address[18]\n',
 ' chip.gpu_inst.tiles\\[1\\].tile/data_mem_read_address[16]\n',
 ' chip.gpu_inst.tiles\\[1\\].tile/data_mem_read_address[17]\n',
 ' chip.gpu_inst.tiles\\[1\\].tile/data_mem_read_address[18]\n',
 ' chip.gpu_inst.tiles\\[1\\].tile/data_mem_write_address[16]\n',
 ' chip.gpu_inst.tiles\\[1\\].tile/data_mem_write_address[17]\n',
 ' chip.gpu_inst.tiles\\[1\\].tile/data_mem_write_address[18]\n',
 ' chip.gpu_inst.tiles\\[2\\].tile/data_mem_read_address[16]\n',
 ' chip.gpu_inst.tiles\\[2\\].tile/data_mem_read_address[17]\n',
 ' chip.gpu_inst.tiles\\[2\\].tile/data_mem_read_address[18]\n',
 ' chip.gpu_inst.tiles\\[2\\].tile/data_mem_write_address[16]\n',
 ' chip.gpu_inst.tiles\\[2\\].tile/data_mem_write_address[17]\n',
 ' chip.gpu_inst.tiles\\[2\\].tile/data_mem_write_address[18]\n',
 ' chip.gpu_inst.tiles\\[3\\].tile/data_mem_read_address[16]\n',
 ' chip.gpu_inst.tiles\\[3\\].tile/data_mem_read_address[17]\n',
 ' chip.gpu_inst.tiles\\[3\\].tile/data_mem_read_address[18]\n',
 ' chip.gpu_inst.tiles\\[3\\].tile/data_mem_write_address[16]\n',
 ' chip.gpu_inst.tiles\\[3\\].tile/data_mem_write_address[17]\n',
 ' chip.gpu_inst.tiles\\[3\\].tile/data_mem_write_address[18]\n',
 ' clkload0/Y\n',
 ' clkload1/Y\n',
 ' clkload10/X\n',
 ' clkload11/X\n',
 ' clkload12/Y\n',
 ' clkload13/X\n',
 ' clkload14/Y\n',
 ' clkload15/X\n',
 ' clkload16/X\n',
 ' clkload17/X\n',
 ' clkload18/Y\n',
 ' clkload19/Y\n',
 ' clkload2/X\n',
 ' clkload20/Y\n',
 ' clkload21/Y\n',
 ' clkload22/Y\n',
 ' clkload23/X\n',
 ' clkload24/X\n',
 ' clkload25/Y\n',
 ' clkload26/X\n',
 ' clkload27/X\n',
 ' clkload28/X\n',
 ' clkload29/Y\n',
 ' clkload3/X\n',
 ' clkload30/Y\n',
 ' clkload31/X\n',
 ' clkload32/Y\n',
 ' clkload33/X\n',
 ' clkload34/X\n',
 ' clkload35/X\n',
 ' clkload36/Y\n',
 ' clkload37/Y\n',
 ' clkload38/Y\n',
 ' clkload39/Y\n',
 ' clkload4/Y\n',
 ' clkload40/Y\n',
 ' clkload41/Y\n',
 ' clkload42/Y\n',
 ' clkload43/Y\n',
 ' clkload44/Y\n',
 ' clkload45/Y\n',
 ' clkload46/Y\n',
 ' clkload47/Y\n',
 ' clkload48/Y\n',
 ' clkload49/Y\n',
 ' clkload5/Y\n',
 ' clkload50/Y\n',
 ' clkload51/Y\n',
 ' clkload52/X\n',
 ' clkload53/X\n',
 ' clkload54/X\n',
 ' clkload55/X\n',
 ' clkload56/X\n',
 ' clkload57/Y\n',
 ' clkload58/Y\n',
 ' clkload59/Y\n',
 ' clkload6/X\n',
 ' clkload60/X\n',
 ' clkload61/Y\n',
 ' clkload62/Y\n',
 ' clkload63/Y\n',
 ' clkload64/Y\n',
 ' clkload65/Y\n',
 ' clkload66/Y\n',
 ' clkload67/X\n',
 ' clkload68/Y\n',
 ' clkload69/X\n',
 ' clkload7/X\n',
 ' clkload70/X\n',
 ' clkload71/X\n',
 ' clkload72/Y\n',
 ' clkload73/X\n',
 ' clkload74/X\n',
 ' clkload8/Y\n',
 ' clkload9/X\n',
 ' openframe_project_wrapper/HI\n',
 ' openframe_project_wrapper_1669/HI\n',
 ' openframe_project_wrapper_1670/HI\n',
 ' openframe_project_wrapper_1671/HI\n',
 ' openframe_project_wrapper_1672/HI\n',
 ' openframe_project_wrapper_1673/HI\n',
 ' openframe_project_wrapper_1674/HI\n',
 ' openframe_project_wrapper_1675/HI\n',
 ' openframe_project_wrapper_1676/HI\n',
 ' openframe_project_wrapper_1677/HI\n',
 ' openframe_project_wrapper_1678/HI\n',
 ' openframe_project_wrapper_1679/HI\n',
 ' openframe_project_wrapper_1680/HI\n',
 ' openframe_project_wrapper_1681/HI\n',
 ' openframe_project_wrapper_1682/HI\n',
 ' openframe_project_wrapper_1683/HI\n',
 ' openframe_project_wrapper_1684/HI\n',
 ' openframe_project_wrapper_1685/HI\n',
 ' openframe_project_wrapper_1686/HI\n',
 ' openframe_project_wrapper_1687/HI\n',
 ' openframe_project_wrapper_1688/HI\n',
 ' openframe_project_wrapper_1689/HI\n',
 ' openframe_project_wrapper_1690/HI\n',
 ' openframe_project_wrapper_1691/HI\n',
 ' openframe_project_wrapper_1692/HI\n',
 ' openframe_project_wrapper_1693/HI\n',
 ' openframe_project_wrapper_1694/HI\n',
 ' openframe_project_wrapper_1695/HI\n',
 ' openframe_project_wrapper_1696/HI\n',
 ' openframe_project_wrapper_1697/HI\n',
 ' openframe_project_wrapper_1698/HI\n',
 ' openframe_project_wrapper_1699/HI\n',
 ' openframe_project_wrapper_1700/HI\n',
 ' openframe_project_wrapper_1701/HI\n',
 ' openframe_project_wrapper_1702/HI\n',
 ' openframe_project_wrapper_1703/HI\n',
 ' openframe_project_wrapper_1704/HI\n',
 ' openframe_project_wrapper_1705/HI\n',
 ' openframe_project_wrapper_1706/HI\n',
 ' openframe_project_wrapper_1707/HI\n',
 ' openframe_project_wrapper_1708/HI\n',
 ' openframe_project_wrapper_1709/HI\n',
 ' openframe_project_wrapper_1710/HI\n',
 ' openframe_project_wrapper_1711/HI\n',
 ' openframe_project_wrapper_1712/HI\n',
 ' openframe_project_wrapper_1713/HI\n',
 ' openframe_project_wrapper_1714/HI\n',
 ' openframe_project_wrapper_1715/HI\n',
 ' openframe_project_wrapper_1716/HI\n',
 ' openframe_project_wrapper_1717/HI\n',
 ' openframe_project_wrapper_1718/HI\n',
 ' openframe_project_wrapper_1719/HI\n',
 ' openframe_project_wrapper_1720/HI\n',
 ' openframe_project_wrapper_1721/HI\n',
 ' openframe_project_wrapper_1722/HI\n',
 ' openframe_project_wrapper_1723/HI\n',
 ' openframe_project_wrapper_1724/HI\n',
 ' openframe_project_wrapper_1725/HI\n',
 ' openframe_project_wrapper_1726/HI\n',
 ' openframe_project_wrapper_1727/HI\n',
 ' openframe_project_wrapper_1728/HI\n',
 ' openframe_project_wrapper_1729/HI\n',
 ' openframe_project_wrapper_1730/HI\n',
 ' openframe_project_wrapper_1731/HI\n',
 ' openframe_project_wrapper_1732/HI\n',
 ' openframe_project_wrapper_1733/HI\n',
 ' openframe_project_wrapper_1734/HI\n',
 ' openframe_project_wrapper_1735/HI\n',
 ' openframe_project_wrapper_1736/HI\n',
 ' openframe_project_wrapper_1737/HI\n',
 ' openframe_project_wrapper_1738/HI\n',
 ' openframe_project_wrapper_1739/HI\n',
 ' openframe_project_wrapper_1740/HI\n',
 ' openframe_project_wrapper_1741/HI\n',
 ' openframe_project_wrapper_1742/HI\n',
 ' openframe_project_wrapper_1743/HI\n',
 ' openframe_project_wrapper_1744/HI\n',
 ' openframe_project_wrapper_1745/HI\n',
 ' openframe_project_wrapper_1746/HI\n',
 ' openframe_project_wrapper_1747/HI\n',
 ' openframe_project_wrapper_1748/HI\n',
 ' openframe_project_wrapper_1749/HI\n',
 ' openframe_project_wrapper_1750/HI\n',
 ' openframe_project_wrapper_1751/HI\n',
 ' openframe_project_wrapper_1752/HI\n',
 ' openframe_project_wrapper_1753/HI\n',
 ' openframe_project_wrapper_1754/HI\n',
 ' openframe_project_wrapper_1755/HI\n',
 ' openframe_project_wrapper_1756/HI\n',
 ' openframe_project_wrapper_1757/HI\n',
 ' openframe_project_wrapper_1758/HI\n',
 ' openframe_project_wrapper_1759/HI\n',
 ' openframe_project_wrapper_1760/HI\n',
 ' openframe_project_wrapper_1761/HI\n',
 ' openframe_project_wrapper_1762/HI\n',
 ' openframe_project_wrapper_1763/HI\n',
 ' openframe_project_wrapper_1764/HI\n',
 ' openframe_project_wrapper_1765/HI\n',
 ' openframe_project_wrapper_1766/HI\n',
 ' openframe_project_wrapper_1767/HI\n',
 ' openframe_project_wrapper_1768/HI\n',
 ' openframe_project_wrapper_1769/HI\n',
 ' openframe_project_wrapper_1770/HI\n',
 ' openframe_project_wrapper_1771/HI\n',
 ' openframe_project_wrapper_1772/HI\n',
 ' openframe_project_wrapper_1773/HI\n',
 ' openframe_project_wrapper_1774/HI\n',
 ' openframe_project_wrapper_1775/HI\n',
 ' openframe_project_wrapper_1776/HI\n',
 ' openframe_project_wrapper_1777/HI\n',
 ' openframe_project_wrapper_1778/HI\n',
 ' openframe_project_wrapper_1779/HI\n',
 ' openframe_project_wrapper_1780/HI\n',
 ' openframe_project_wrapper_1781/HI\n',
 ' openframe_project_wrapper_1782/HI\n',
 ' openframe_project_wrapper_1783/HI\n',
 ' openframe_project_wrapper_1784/HI\n',
 ' openframe_project_wrapper_1785/HI\n',
 ' openframe_project_wrapper_1786/HI\n',
 ' openframe_project_wrapper_1787/HI\n',
 ' openframe_project_wrapper_1788/HI\n',
 ' openframe_project_wrapper_1789/HI\n',
 ' openframe_project_wrapper_1790/HI\n',
 ' openframe_project_wrapper_1791/HI\n',
 ' openframe_project_wrapper_1792/HI\n',
 ' openframe_project_wrapper_1793/HI\n',
 ' openframe_project_wrapper_1794/HI\n',
 ' openframe_project_wrapper_1795/HI\n',
 ' openframe_project_wrapper_1796/HI\n',
 ' openframe_project_wrapper_1797/HI\n',
 ' openframe_project_wrapper_1798/HI\n',
 ' openframe_project_wrapper_1799/HI\n',
 ' openframe_project_wrapper_1800/HI\n',
 ' openframe_project_wrapper_1801/HI\n',
 ' openframe_project_wrapper_1802/HI\n',
 ' openframe_project_wrapper_1803/HI\n',
 ' openframe_project_wrapper_1804/HI\n',
 ' openframe_project_wrapper_1805/HI\n',
 ' openframe_project_wrapper_1806/HI\n',
 ' openframe_project_wrapper_1807/HI\n',
 ' openframe_project_wrapper_1808/HI\n',
 ' openframe_project_wrapper_1809/HI\n',
 ' openframe_project_wrapper_1810/HI\n',
 ' openframe_project_wrapper_1811/HI\n',
 ' openframe_project_wrapper_1812/HI\n',
 ' openframe_project_wrapper_1813/HI\n',
 ' openframe_project_wrapper_1814/HI\n',
 ' openframe_project_wrapper_1815/HI\n',
 ' openframe_project_wrapper_1816/HI\n',
 ' openframe_project_wrapper_1817/HI\n',
 ' openframe_project_wrapper_1818/HI\n',
 ' openframe_project_wrapper_1819/HI\n',
 ' openframe_project_wrapper_1820/HI\n',
 ' openframe_project_wrapper_1821/HI\n',
 ' openframe_project_wrapper_1822/HI\n',
 ' openframe_project_wrapper_1823/HI\n',
 ' openframe_project_wrapper_1824/HI\n',
 ' openframe_project_wrapper_1825/HI\n',
 ' openframe_project_wrapper_1826/HI\n',
 ' openframe_project_wrapper_1827/HI\n',
 ' openframe_project_wrapper_1828/HI\n',
 ' openframe_project_wrapper_1829/HI\n',
 ' openframe_project_wrapper_1830/HI\n',
 ' openframe_project_wrapper_1831/HI\n',
 ' openframe_project_wrapper_1832/HI\n',
 ' openframe_project_wrapper_1833/HI\n',
 ' openframe_project_wrapper_1834/HI\n',
 ' openframe_project_wrapper_1835/HI\n',
 ' openframe_project_wrapper_1836/HI\n',
 ' openframe_project_wrapper_1837/HI\n',
 ' openframe_project_wrapper_1838/HI\n',
 ' openframe_project_wrapper_1839/HI\n',
 ' openframe_project_wrapper_1840/HI\n',
 ' openframe_project_wrapper_1841/HI\n',
 ' openframe_project_wrapper_1842/HI\n',
 ' openframe_project_wrapper_1843/HI\n',
 ' openframe_project_wrapper_1844/HI\n',
 ' openframe_project_wrapper_1845/HI\n',
 ' openframe_project_wrapper_1846/HI\n',
 ' openframe_project_wrapper_1847/HI\n',
 ' openframe_project_wrapper_1848/HI\n',
 ' openframe_project_wrapper_1849/HI\n',
 ' openframe_project_wrapper_1850/HI\n',
 ' openframe_project_wrapper_1851/HI\n',
 ' openframe_project_wrapper_1852/HI\n',
 ' openframe_project_wrapper_1853/HI\n',
 ' openframe_project_wrapper_1854/HI\n',
 ' openframe_project_wrapper_1855/HI\n',
 ' openframe_project_wrapper_1856/HI\n',
 ' openframe_project_wrapper_1857/HI\n',
 ' openframe_project_wrapper_1858/HI\n',
 ' openframe_project_wrapper_1859/HI\n',
 ' openframe_project_wrapper_1860/HI\n',
 ' openframe_project_wrapper_1861/HI\n',
 ' openframe_project_wrapper_1862/HI\n',
 ' openframe_project_wrapper_1863/HI\n',
 ' openframe_project_wrapper_1864/HI\n',
 ' openframe_project_wrapper_1865/HI\n',
 ' openframe_project_wrapper_1866/HI\n',
 ' openframe_project_wrapper_1867/HI\n',
 ' openframe_project_wrapper_1868/HI\n',
 ' openframe_project_wrapper_1869/HI\n',
 ' openframe_project_wrapper_1870/HI\n',
 ' openframe_project_wrapper_1871/HI\n',
 ' openframe_project_wrapper_1872/HI\n',
 ' openframe_project_wrapper_1873/HI\n',
 ' openframe_project_wrapper_1874/HI\n',
 ' openframe_project_wrapper_1875/HI\n',
 ' openframe_project_wrapper_1876/HI\n',
 ' openframe_project_wrapper_1877/HI\n',
 ' openframe_project_wrapper_1878/HI\n',
 ' openframe_project_wrapper_1879/HI\n',
 ' openframe_project_wrapper_1880/HI\n',
 ' openframe_project_wrapper_1881/HI\n',
 ' openframe_project_wrapper_1882/HI\n',
 ' openframe_project_wrapper_1883/HI\n',
 ' openframe_project_wrapper_1884/HI\n',
 ' openframe_project_wrapper_1885/HI\n',
 ' openframe_project_wrapper_1886/HI\n',
 ' openframe_project_wrapper_1887/HI\n',
 ' openframe_project_wrapper_1888/HI\n',
 ' openframe_project_wrapper_1889/HI\n',
 ' openframe_project_wrapper_1890/HI\n',
 ' openframe_project_wrapper_1891/HI\n',
 ' openframe_project_wrapper_1892/HI\n',
 ' openframe_project_wrapper_1893/HI\n',
 ' openframe_project_wrapper_1894/HI\n',
 ' openframe_project_wrapper_1895/HI\n',
 ' openframe_project_wrapper_1896/HI\n',
 ' openframe_project_wrapper_1897/HI\n',
 ' openframe_project_wrapper_1898/HI\n',
 ' openframe_project_wrapper_1899/HI\n',
 ' openframe_project_wrapper_1900/HI\n',
 ' openframe_project_wrapper_1901/HI\n',
 ' openframe_project_wrapper_1902/HI\n',
 ' openframe_project_wrapper_1903/HI\n',
 ' openframe_project_wrapper_1904/HI\n',
 ' openframe_project_wrapper_1905/HI\n',
 ' openframe_project_wrapper_1906/HI\n',
 ' openframe_project_wrapper_1907/HI\n',
 ' openframe_project_wrapper_1908/HI\n',
 ' openframe_project_wrapper_1909/HI\n',
 ' openframe_project_wrapper_1910/HI\n',
 ' openframe_project_wrapper_1911/HI\n',
 ' openframe_project_wrapper_1912/HI\n',
 ' openframe_project_wrapper_1913/HI\n',
 ' openframe_project_wrapper_1914/HI\n',
 ' openframe_project_wrapper_1915/HI\n',
 ' openframe_project_wrapper_1916/HI\n',
 ' openframe_project_wrapper_1917/HI\n',
 ' openframe_project_wrapper_1918/HI\n',
 ' openframe_project_wrapper_1919/HI\n',
 ' openframe_project_wrapper_1920/HI\n',
 ' openframe_project_wrapper_1921/HI\n',
 ' openframe_project_wrapper_1922/HI\n',
 ' openframe_project_wrapper_1923/HI\n',
 ' openframe_project_wrapper_1924/HI\n',
 ' openframe_project_wrapper_1925/HI\n',
 ' openframe_project_wrapper_1926/HI\n',
 ' openframe_project_wrapper_1927/HI\n',
 ' openframe_project_wrapper_1928/HI\n',
 ' openframe_project_wrapper_1929/HI\n',
 ' openframe_project_wrapper_1930/HI\n',
 ' openframe_project_wrapper_1931/HI\n',
 ' openframe_project_wrapper_1932/HI\n',
 ' openframe_project_wrapper_1933/HI\n',
 ' openframe_project_wrapper_1934/HI\n',
 ' openframe_project_wrapper_1935/HI\n',
 ' openframe_project_wrapper_1936/HI\n',
 ' openframe_project_wrapper_1937/HI\n',
 ' openframe_project_wrapper_1938/HI\n',
 ' openframe_project_wrapper_1939/HI\n',
 ' openframe_project_wrapper_1940/HI\n',
 ' openframe_project_wrapper_1941/HI\n',
 ' openframe_project_wrapper_1942/HI\n',
 ' openframe_project_wrapper_1943/HI\n',
 ' openframe_project_wrapper_1944/HI\n',
 ' openframe_project_wrapper_1945/HI\n',
 ' openframe_project_wrapper_1946/HI\n',
 ' openframe_project_wrapper_1947/HI\n',
 ' openframe_project_wrapper_1948/HI\n',
 ' openframe_project_wrapper_1949/HI\n',
 ' openframe_project_wrapper_1950/HI\n',
 ' openframe_project_wrapper_1951/HI\n',
 ' openframe_project_wrapper_1952/HI\n',
 ' openframe_project_wrapper_1953/HI\n',
 ' openframe_project_wrapper_1954/HI\n',
 ' openframe_project_wrapper_1955/HI\n',
 ' openframe_project_wrapper_1956/HI\n',
 ' openframe_project_wrapper_1957/HI\n',
 ' openframe_project_wrapper_1958/HI\n',
 ' openframe_project_wrapper_1959/HI\n',
 ' openframe_project_wrapper_1960/HI\n',
 ' openframe_project_wrapper_1961/HI\n',
 ' openframe_project_wrapper_1962/HI\n',
 ' openframe_project_wrapper_1963/HI\n',
 ' openframe_project_wrapper_1964/HI\n',
 ' openframe_project_wrapper_1965/HI\n',
 ' openframe_project_wrapper_1966/HI\n',
 ' openframe_project_wrapper_1967/HI\n',
 ' openframe_project_wrapper_1968/HI\n',
 ' openframe_project_wrapper_1969/HI\n',
 ' openframe_project_wrapper_1970/HI\n',
 ' openframe_project_wrapper_1971/HI\n',
 ' openframe_project_wrapper_1972/HI\n',
 ' openframe_project_wrapper_1973/HI\n',
 ' openframe_project_wrapper_1974/HI\n',
 ' openframe_project_wrapper_1975/HI\n',
 ' openframe_project_wrapper_1976/HI\n',
 ' openframe_project_wrapper_1977/HI\n',
 ' openframe_project_wrapper_1978/HI\n',
 ' openframe_project_wrapper_1979/HI\n',
 ' openframe_project_wrapper_1980/HI\n',
 ' openframe_project_wrapper_1981/HI\n',
 ' openframe_project_wrapper_1982/HI\n',
 ' openframe_project_wrapper_1983/HI\n',
 ' openframe_project_wrapper_1984/HI\n',
 ' openframe_project_wrapper_1985/HI\n',
 ' openframe_project_wrapper_1986/HI\n',
 ' openframe_project_wrapper_1987/HI\n',
 ' openframe_project_wrapper_1988/HI\n',
 ' openframe_project_wrapper_1989/HI\n',
 ' openframe_project_wrapper_1990/HI\n',
 ' openframe_project_wrapper_1991/HI\n',
 ' openframe_project_wrapper_1992/HI\n',
 ' openframe_project_wrapper_1993/HI\n',
 ' openframe_project_wrapper_1994/HI\n',
 ' openframe_project_wrapper_1995/HI\n',
 ' openframe_project_wrapper_1996/HI\n',
 ' openframe_project_wrapper_1997/HI\n',
 ' openframe_project_wrapper_1998/HI\n',
 ' openframe_project_wrapper_1999/HI\n',
 ' openframe_project_wrapper_2000/HI\n',
 ' openframe_project_wrapper_2001/HI\n',
 ' openframe_project_wrapper_2002/HI\n',
 ' openframe_project_wrapper_2003/HI\n',
 ' openframe_project_wrapper_2004/HI\n',
 ' openframe_project_wrapper_2005/HI\n',
 ' openframe_project_wrapper_2006/HI\n',
 ' openframe_project_wrapper_2007/HI\n',
 ' openframe_project_wrapper_2008/HI\n',
 ' openframe_project_wrapper_2009/HI\n',
 ' openframe_project_wrapper_2010/HI\n',
 ' openframe_project_wrapper_2011/HI\n',
 ' openframe_project_wrapper_2012/HI\n',
 ' openframe_project_wrapper_2013/HI\n',
 ' openframe_project_wrapper_2014/HI\n',
 ' openframe_project_wrapper_2015/HI\n',
 ' openframe_project_wrapper_2016/HI\n',
 ' openframe_project_wrapper_2017/HI\n',
 ' openframe_project_wrapper_2018/HI\n',
 ' openframe_project_wrapper_2019/HI\n',
 ' openframe_project_wrapper_2020/HI\n',
 ' openframe_project_wrapper_2021/HI\n',
 ' openframe_project_wrapper_2022/HI\n',
 ' openframe_project_wrapper_2023/HI\n',
 ' openframe_project_wrapper_2024/HI\n',
 ' openframe_project_wrapper_2025/HI\n',
 ' openframe_project_wrapper_2026/HI\n',
 ' openframe_project_wrapper_2027/HI\n',
 ' openframe_project_wrapper_2028/HI\n',
 ' openframe_project_wrapper_2029/HI\n',
 ' openframe_project_wrapper_2030/HI\n',
 ' openframe_project_wrapper_2031/HI\n',
 ' openframe_project_wrapper_2032/HI\n',
 ' openframe_project_wrapper_2033/HI\n',
 ' openframe_project_wrapper_2034/HI\n',
 ' openframe_project_wrapper_2035/HI\n',
 ' openframe_project_wrapper_2036/HI\n',
 ' openframe_project_wrapper_2037/HI\n',
 ' openframe_project_wrapper_2038/HI\n',
 ' openframe_project_wrapper_2039/HI\n',
 ' openframe_project_wrapper_2040/HI\n',
 ' openframe_project_wrapper_2041/HI\n',
 ' openframe_project_wrapper_2042/HI\n',
 ' openframe_project_wrapper_2043/HI\n',
 ' openframe_project_wrapper_2044/HI\n',
 ' openframe_project_wrapper_2045/HI\n',
 ' openframe_project_wrapper_2046/HI\n',
 ' openframe_project_wrapper_2047/HI\n',
 ' openframe_project_wrapper_2048/HI\n',
 ' openframe_project_wrapper_2049/HI\n',
 ' openframe_project_wrapper_2050/HI\n',
 ' openframe_project_wrapper_2051/HI\n',
 ' openframe_project_wrapper_2052/HI\n',
 ' openframe_project_wrapper_2053/HI\n',
 ' openframe_project_wrapper_2054/HI\n',
 ' openframe_project_wrapper_2055/HI\n',
 ' openframe_project_wrapper_2056/HI\n',
 ' openframe_project_wrapper_2057/HI\n',
 ' openframe_project_wrapper_2058/HI\n',
 ' openframe_project_wrapper_2059/HI\n',
 ' openframe_project_wrapper_2060/HI\n',
 ' openframe_project_wrapper_2061/HI\n',
 ' openframe_project_wrapper_2062/HI\n',
 ' openframe_project_wrapper_2063/HI\n',
 ' openframe_project_wrapper_2064/HI\n',
 ' openframe_project_wrapper_2065/HI\n',
 ' openframe_project_wrapper_2066/HI\n',
 ' openframe_project_wrapper_2067/HI\n',
 ' openframe_project_wrapper_2068/HI\n',
 ' openframe_project_wrapper_2069/HI\n',
 ' openframe_project_wrapper_2070/HI\n',
 ' openframe_project_wrapper_2071/HI\n',
 ' openframe_project_wrapper_2072/HI\n',
 ' openframe_project_wrapper_2073/HI\n',
 ' openframe_project_wrapper_2074/HI\n',
 ' openframe_project_wrapper_2075/HI\n',
 ' openframe_project_wrapper_2076/HI\n',
 ' openframe_project_wrapper_2077/HI\n',
 ' openframe_project_wrapper_2078/HI\n',
 ' openframe_project_wrapper_2079/HI\n',
 ' openframe_project_wrapper_2080/HI\n',
 ' openframe_project_wrapper_2081/HI\n',
 ' openframe_project_wrapper_2082/HI\n',
 ' openframe_project_wrapper_2083/HI\n',
 ' openframe_project_wrapper_2084/HI\n',
 ' openframe_project_wrapper_2085/HI\n',
 ' openframe_project_wrapper_2086/HI\n',
 ' openframe_project_wrapper_2087/HI\n',
 ' openframe_project_wrapper_2088/HI\n',
 ' openframe_project_wrapper_2089/HI\n',
 ' openframe_project_wrapper_2090/HI\n',
 ' openframe_project_wrapper_2091/HI\n',
 ' openframe_project_wrapper_2092/HI\n',
 ' openframe_project_wrapper_2093/HI\n',
 ' openframe_project_wrapper_2094/HI\n',
 ' openframe_project_wrapper_2095/HI\n',
 ' openframe_project_wrapper_2096/HI\n',
 ' openframe_project_wrapper_2097/HI\n',
 ' openframe_project_wrapper_2098/HI\n',
 ' openframe_project_wrapper_2099/HI\n',
 ' openframe_project_wrapper_2101/LO\n',
 ' openframe_project_wrapper_2102/LO\n',
 ' openframe_project_wrapper_2103/LO\n',
 ' openframe_project_wrapper_2104/LO\n',
 ' openframe_project_wrapper_2105/LO\n',
 ' openframe_project_wrapper_2106/LO\n',
 ' openframe_project_wrapper_2107/LO\n',
 ' openframe_project_wrapper_2108/LO\n',
 ' openframe_project_wrapper_2109/LO\n',
 ' openframe_project_wrapper_2110/LO\n',
 ' openframe_project_wrapper_2111/LO\n',
 ' openframe_project_wrapper_2112/LO\n',
 ' openframe_project_wrapper_2113/LO\n',
 ' openframe_project_wrapper_2114/LO\n',
 ' openframe_project_wrapper_2115/LO\n',
 ' openframe_project_wrapper_2116/LO\n',
 ' openframe_project_wrapper_2117/LO\n',
 ' openframe_project_wrapper_2118/LO\n',
 ' openframe_project_wrapper_2119/LO\n',
 ' openframe_project_wrapper_2120/LO\n',
 ' openframe_project_wrapper_2121/LO\n',
 ' openframe_project_wrapper_2122/LO\n',
 ' openframe_project_wrapper_2123/LO\n',
 ' openframe_project_wrapper_2124/LO\n',
 ' openframe_project_wrapper_2125/LO\n',
 ' openframe_project_wrapper_2126/LO\n',
 ' openframe_project_wrapper_2127/LO\n',
 ' openframe_project_wrapper_2128/LO\n',
 ' openframe_project_wrapper_2129/LO\n',
 ' openframe_project_wrapper_2130/LO\n',
 ' openframe_project_wrapper_2131/LO\n',
 ' openframe_project_wrapper_2132/LO\n',
 ' openframe_project_wrapper_2133/LO\n',
 ' openframe_project_wrapper_2134/LO\n',
 ' openframe_project_wrapper_2135/LO\n',
 ' openframe_project_wrapper_2136/LO\n',
 ' openframe_project_wrapper_2137/LO\n',
 ' openframe_project_wrapper_2138/LO\n',
 ' openframe_project_wrapper_2139/LO\n',
 ' openframe_project_wrapper_2140/LO\n',
 ' openframe_project_wrapper_2141/LO\n',
 ' openframe_project_wrapper_2142/LO\n',
 ' openframe_project_wrapper_2143/LO\n',
 ' openframe_project_wrapper_2144/LO\n',
 ' openframe_project_wrapper_2145/LO\n',
 ' openframe_project_wrapper_2146/LO\n',
 ' openframe_project_wrapper_2147/LO\n',
 ' openframe_project_wrapper_2148/LO\n',
 ' openframe_project_wrapper_2149/LO\n',
 ' openframe_project_wrapper_2150/LO\n',
 ' openframe_project_wrapper_2151/LO\n',
 ' openframe_project_wrapper_2152/LO\n',
 ' openframe_project_wrapper_2153/LO\n',
 ' openframe_project_wrapper_2154/LO\n',
 ' openframe_project_wrapper_2155/LO\n',
 ' openframe_project_wrapper_2156/LO\n',
 ' openframe_project_wrapper_2157/LO\n',
 ' openframe_project_wrapper_2158/LO\n',
 ' openframe_project_wrapper_2159/LO\n',
 ' openframe_project_wrapper_2160/LO\n',
 ' openframe_project_wrapper_2161/LO\n',
 ' openframe_project_wrapper_2162/LO\n',
 ' openframe_project_wrapper_2163/LO\n',
 ' openframe_project_wrapper_2164/LO\n',
 ' openframe_project_wrapper_2165/LO\n',
 ' openframe_project_wrapper_2166/LO\n',
 ' openframe_project_wrapper_2167/LO\n',
 ' openframe_project_wrapper_2168/LO\n',
 ' openframe_project_wrapper_2169/LO\n',
 ' openframe_project_wrapper_2170/LO\n',
 ' openframe_project_wrapper_2171/LO\n',
 ' openframe_project_wrapper_2172/LO\n',
 ' openframe_project_wrapper_2173/LO\n',
 ' openframe_project_wrapper_2174/LO\n',
 ' openframe_project_wrapper_2175/LO\n',
 ' openframe_project_wrapper_2176/LO\n',
 ' openframe_project_wrapper_2177/LO\n',
 ' openframe_project_wrapper_2178/LO\n',
 ' openframe_project_wrapper_2179/LO\n',
 ' openframe_project_wrapper_2180/LO\n',
 ' openframe_project_wrapper_2181/LO\n',
 ' openframe_project_wrapper_2182/LO\n',
 ' openframe_project_wrapper_2183/LO\n',
 ' openframe_project_wrapper_2184/LO\n',
 ' openframe_project_wrapper_2185/LO\n',
 ' openframe_project_wrapper_2186/LO\n',
 ' openframe_project_wrapper_2187/LO\n',
 ' openframe_project_wrapper_2188/LO\n',
 ' openframe_project_wrapper_2189/LO\n',
 ' openframe_project_wrapper_2190/LO\n',
 ' openframe_project_wrapper_2191/LO\n',
 ' openframe_project_wrapper_2192/LO\n',
 ' openframe_project_wrapper_2193/LO\n',
 ' openframe_project_wrapper_2194/LO\n',
 ' openframe_project_wrapper_2195/LO\n',
 ' openframe_project_wrapper_2196/LO\n',
 ' openframe_project_wrapper_2197/LO\n',
 ' openframe_project_wrapper_2198/LO\n',
 ' openframe_project_wrapper_2199/LO\n',
 ' openframe_project_wrapper_2200/LO\n',
 ' openframe_project_wrapper_2201/LO\n',
 ' openframe_project_wrapper_2202/LO\n',
 ' openframe_project_wrapper_2203/LO\n',
 ' openframe_project_wrapper_2204/LO\n',
 ' openframe_project_wrapper_2205/LO\n',
 ' openframe_project_wrapper_2206/LO\n',
 ' openframe_project_wrapper_2207/LO\n',
 ' openframe_project_wrapper_2208/LO\n',
 ' openframe_project_wrapper_2209/LO\n',
 ' openframe_project_wrapper_2210/LO\n',
 ' openframe_project_wrapper_2211/LO\n',
 ' openframe_project_wrapper_2212/LO\n',
 ' openframe_project_wrapper_2213/LO\n',
 ' openframe_project_wrapper_2214/LO\n',
 ' openframe_project_wrapper_2215/LO\n',
 'Found 0 partially unannotated drivers.\n',
 '\n']
Reported nets:
['analog_io[0]',
 'analog_io[10]',
 'analog_io[11]',
 'analog_io[12]',
 'analog_io[13]',
 'analog_io[14]',
 'analog_io[15]',
 'analog_io[16]',
 'analog_io[17]',
 'analog_io[18]',
 'analog_io[19]',
 'analog_io[1]',
 'analog_io[20]',
 'analog_io[21]',
 'analog_io[22]',
 'analog_io[23]',
 'analog_io[24]',
 'analog_io[25]',
 'analog_io[26]',
 'analog_io[27]',
 'analog_io[28]',
 'analog_io[29]',
 'analog_io[2]',
 'analog_io[30]',
 'analog_io[31]',
 'analog_io[32]',
 'analog_io[33]',
 'analog_io[34]',
 'analog_io[35]',
 'analog_io[36]',
 'analog_io[37]',
 'analog_io[38]',
 'analog_io[39]',
 'analog_io[3]',
 'analog_io[40]',
 'analog_io[41]',
 'analog_io[42]',
 'analog_io[43]',
 'analog_io[4]',
 'analog_io[5]',
 'analog_io[6]',
 'analog_io[7]',
 'analog_io[8]',
 'analog_io[9]',
 'analog_noesd_io[0]',
 'analog_noesd_io[10]',
 'analog_noesd_io[11]',
 'analog_noesd_io[12]',
 'analog_noesd_io[13]',
 'analog_noesd_io[14]',
 'analog_noesd_io[15]',
 'analog_noesd_io[16]',
 'analog_noesd_io[17]',
 'analog_noesd_io[18]',
 'analog_noesd_io[19]',
 'analog_noesd_io[1]',
 'analog_noesd_io[20]',
 'analog_noesd_io[21]',
 'analog_noesd_io[22]',
 'analog_noesd_io[23]',
 'analog_noesd_io[24]',
 'analog_noesd_io[25]',
 'analog_noesd_io[26]',
 'analog_noesd_io[27]',
 'analog_noesd_io[28]',
 'analog_noesd_io[29]',
 'analog_noesd_io[2]',
 'analog_noesd_io[30]',
 'analog_noesd_io[31]',
 'analog_noesd_io[32]',
 'analog_noesd_io[33]',
 'analog_noesd_io[34]',
 'analog_noesd_io[35]',
 'analog_noesd_io[36]',
 'analog_noesd_io[37]',
 'analog_noesd_io[38]',
 'analog_noesd_io[39]',
 'analog_noesd_io[3]',
 'analog_noesd_io[40]',
 'analog_noesd_io[41]',
 'analog_noesd_io[42]',
 'analog_noesd_io[43]',
 'analog_noesd_io[4]',
 'analog_noesd_io[5]',
 'analog_noesd_io[6]',
 'analog_noesd_io[7]',
 'analog_noesd_io[8]',
 'analog_noesd_io[9]',
 'gpio_in[0]',
 'gpio_in[10]',
 'gpio_in[11]',
 'gpio_in[12]',
 'gpio_in[13]',
 'gpio_in[14]',
 'gpio_in[15]',
 'gpio_in[16]',
 'gpio_in[17]',
 'gpio_in[18]',
 'gpio_in[19]',
 'gpio_in[1]',
 'gpio_in[22]',
 'gpio_in[23]',
 'gpio_in[2]',
 'gpio_in[3]',
 'gpio_in[41]',
 'gpio_in[42]',
 'gpio_in[43]',
 'gpio_in[4]',
 'gpio_in[5]',
 'gpio_in[6]',
 'gpio_in[7]',
 'gpio_in[8]',
 'gpio_in[9]',
 'gpio_in_h[0]',
 'gpio_in_h[10]',
 'gpio_in_h[11]',
 'gpio_in_h[12]',
 'gpio_in_h[13]',
 'gpio_in_h[14]',
 'gpio_in_h[15]',
 'gpio_in_h[16]',
 'gpio_in_h[17]',
 'gpio_in_h[18]',
 'gpio_in_h[19]',
 'gpio_in_h[1]',
 'gpio_in_h[20]',
 'gpio_in_h[21]',
 'gpio_in_h[22]',
 'gpio_in_h[23]',
 'gpio_in_h[24]',
 'gpio_in_h[25]',
 'gpio_in_h[26]',
 'gpio_in_h[27]',
 'gpio_in_h[28]',
 'gpio_in_h[29]',
 'gpio_in_h[2]',
 'gpio_in_h[30]',
 'gpio_in_h[31]',
 'gpio_in_h[32]',
 'gpio_in_h[33]',
 'gpio_in_h[34]',
 'gpio_in_h[35]',
 'gpio_in_h[36]',
 'gpio_in_h[37]',
 'gpio_in_h[38]',
 'gpio_in_h[39]',
 'gpio_in_h[3]',
 'gpio_in_h[40]',
 'gpio_in_h[41]',
 'gpio_in_h[42]',
 'gpio_in_h[43]',
 'gpio_in_h[4]',
 'gpio_in_h[5]',
 'gpio_in_h[6]',
 'gpio_in_h[7]',
 'gpio_in_h[8]',
 'gpio_in_h[9]',
 'gpio_loopback_one[0]',
 'gpio_loopback_one[10]',
 'gpio_loopback_one[11]',
 'gpio_loopback_one[12]',
 'gpio_loopback_one[13]',
 'gpio_loopback_one[14]',
 'gpio_loopback_one[15]',
 'gpio_loopback_one[16]',
 'gpio_loopback_one[17]',
 'gpio_loopback_one[18]',
 'gpio_loopback_one[19]',
 'gpio_loopback_one[1]',
 'gpio_loopback_one[20]',
 'gpio_loopback_one[21]',
 'gpio_loopback_one[22]',
 'gpio_loopback_one[23]',
 'gpio_loopback_one[24]',
 'gpio_loopback_one[25]',
 'gpio_loopback_one[26]',
 'gpio_loopback_one[27]',
 'gpio_loopback_one[28]',
 'gpio_loopback_one[29]',
 'gpio_loopback_one[2]',
 'gpio_loopback_one[30]',
 'gpio_loopback_one[31]',
 'gpio_loopback_one[32]',
 'gpio_loopback_one[33]',
 'gpio_loopback_one[34]',
 'gpio_loopback_one[35]',
 'gpio_loopback_one[36]',
 'gpio_loopback_one[37]',
 'gpio_loopback_one[38]',
 'gpio_loopback_one[39]',
 'gpio_loopback_one[3]',
 'gpio_loopback_one[40]',
 'gpio_loopback_one[41]',
 'gpio_loopback_one[42]',
 'gpio_loopback_one[43]',
 'gpio_loopback_one[4]',
 'gpio_loopback_one[5]',
 'gpio_loopback_one[6]',
 'gpio_loopback_one[7]',
 'gpio_loopback_one[8]',
 'gpio_loopback_one[9]',
 'gpio_loopback_zero[0]',
 'gpio_loopback_zero[10]',
 'gpio_loopback_zero[11]',
 'gpio_loopback_zero[12]',
 'gpio_loopback_zero[13]',
 'gpio_loopback_zero[14]',
 'gpio_loopback_zero[15]',
 'gpio_loopback_zero[16]',
 'gpio_loopback_zero[17]',
 'gpio_loopback_zero[18]',
 'gpio_loopback_zero[19]',
 'gpio_loopback_zero[1]',
 'gpio_loopback_zero[20]',
 'gpio_loopback_zero[21]',
 'gpio_loopback_zero[22]',
 'gpio_loopback_zero[23]',
 'gpio_loopback_zero[24]',
 'gpio_loopback_zero[25]',
 'gpio_loopback_zero[26]',
 'gpio_loopback_zero[27]',
 'gpio_loopback_zero[28]',
 'gpio_loopback_zero[29]',
 'gpio_loopback_zero[2]',
 'gpio_loopback_zero[30]',
 'gpio_loopback_zero[31]',
 'gpio_loopback_zero[32]',
 'gpio_loopback_zero[33]',
 'gpio_loopback_zero[34]',
 'gpio_loopback_zero[35]',
 'gpio_loopback_zero[36]',
 'gpio_loopback_zero[37]',
 'gpio_loopback_zero[38]',
 'gpio_loopback_zero[39]',
 'gpio_loopback_zero[3]',
 'gpio_loopback_zero[40]',
 'gpio_loopback_zero[41]',
 'gpio_loopback_zero[42]',
 'gpio_loopback_zero[43]',
 'gpio_loopback_zero[4]',
 'gpio_loopback_zero[5]',
 'gpio_loopback_zero[6]',
 'gpio_loopback_zero[7]',
 'gpio_loopback_zero[8]',
 'gpio_loopback_zero[9]',
 'mask_rev[0]',
 'mask_rev[10]',
 'mask_rev[11]',
 'mask_rev[12]',
 'mask_rev[13]',
 'mask_rev[14]',
 'mask_rev[15]',
 'mask_rev[16]',
 'mask_rev[17]',
 'mask_rev[18]',
 'mask_rev[19]',
 'mask_rev[1]',
 'mask_rev[20]',
 'mask_rev[21]',
 'mask_rev[22]',
 'mask_rev[23]',
 'mask_rev[24]',
 'mask_rev[25]',
 'mask_rev[26]',
 'mask_rev[27]',
 'mask_rev[28]',
 'mask_rev[29]',
 'mask_rev[2]',
 'mask_rev[30]',
 'mask_rev[31]',
 'mask_rev[3]',
 'mask_rev[4]',
 'mask_rev[5]',
 'mask_rev[6]',
 'mask_rev[7]',
 'mask_rev[8]',
 'mask_rev[9]',
 'por_l',
 'porb_h',
 'resetb_h',
 '_4236__2100/LO',
 'chip.gpu_inst.tiles\\[0\\].tile/data_mem_read_address[16]',
 'chip.gpu_inst.tiles\\[0\\].tile/data_mem_read_address[17]',
 'chip.gpu_inst.tiles\\[0\\].tile/data_mem_read_address[18]',
 'chip.gpu_inst.tiles\\[0\\].tile/data_mem_write_address[16]',
 'chip.gpu_inst.tiles\\[0\\].tile/data_mem_write_address[17]',
 'chip.gpu_inst.tiles\\[0\\].tile/data_mem_write_address[18]',
 'chip.gpu_inst.tiles\\[1\\].tile/data_mem_read_address[16]',
 'chip.gpu_inst.tiles\\[1\\].tile/data_mem_read_address[17]',
 'chip.gpu_inst.tiles\\[1\\].tile/data_mem_read_address[18]',
 'chip.gpu_inst.tiles\\[1\\].tile/data_mem_write_address[16]',
 'chip.gpu_inst.tiles\\[1\\].tile/data_mem_write_address[17]',
 'chip.gpu_inst.tiles\\[1\\].tile/data_mem_write_address[18]',
 'chip.gpu_inst.tiles\\[2\\].tile/data_mem_read_address[16]',
 'chip.gpu_inst.tiles\\[2\\].tile/data_mem_read_address[17]',
 'chip.gpu_inst.tiles\\[2\\].tile/data_mem_read_address[18]',
 'chip.gpu_inst.tiles\\[2\\].tile/data_mem_write_address[16]',
 'chip.gpu_inst.tiles\\[2\\].tile/data_mem_write_address[17]',
 'chip.gpu_inst.tiles\\[2\\].tile/data_mem_write_address[18]',
 'chip.gpu_inst.tiles\\[3\\].tile/data_mem_read_address[16]',
 'chip.gpu_inst.tiles\\[3\\].tile/data_mem_read_address[17]',
 'chip.gpu_inst.tiles\\[3\\].tile/data_mem_read_address[18]',
 'chip.gpu_inst.tiles\\[3\\].tile/data_mem_write_address[16]',
 'chip.gpu_inst.tiles\\[3\\].tile/data_mem_write_address[17]',
 'chip.gpu_inst.tiles\\[3\\].tile/data_mem_write_address[18]',
 'clkload0/Y',
 'clkload1/Y',
 'clkload10/X',
 'clkload11/X',
 'clkload12/Y',
 'clkload13/X',
 'clkload14/Y',
 'clkload15/X',
 'clkload16/X',
 'clkload17/X',
 'clkload18/Y',
 'clkload19/Y',
 'clkload2/X',
 'clkload20/Y',
 'clkload21/Y',
 'clkload22/Y',
 'clkload23/X',
 'clkload24/X',
 'clkload25/Y',
 'clkload26/X',
 'clkload27/X',
 'clkload28/X',
 'clkload29/Y',
 'clkload3/X',
 'clkload30/Y',
 'clkload31/X',
 'clkload32/Y',
 'clkload33/X',
 'clkload34/X',
 'clkload35/X',
 'clkload36/Y',
 'clkload37/Y',
 'clkload38/Y',
 'clkload39/Y',
 'clkload4/Y',
 'clkload40/Y',
 'clkload41/Y',
 'clkload42/Y',
 'clkload43/Y',
 'clkload44/Y',
 'clkload45/Y',
 'clkload46/Y',
 'clkload47/Y',
 'clkload48/Y',
 'clkload49/Y',
 'clkload5/Y',
 'clkload50/Y',
 'clkload51/Y',
 'clkload52/X',
 'clkload53/X',
 'clkload54/X',
 'clkload55/X',
 'clkload56/X',
 'clkload57/Y',
 'clkload58/Y',
 'clkload59/Y',
 'clkload6/X',
 'clkload60/X',
 'clkload61/Y',
 'clkload62/Y',
 'clkload63/Y',
 'clkload64/Y',
 'clkload65/Y',
 'clkload66/Y',
 'clkload67/X',
 'clkload68/Y',
 'clkload69/X',
 'clkload7/X',
 'clkload70/X',
 'clkload71/X',
 'clkload72/Y',
 'clkload73/X',
 'clkload74/X',
 'clkload8/Y',
 'clkload9/X',
 'openframe_project_wrapper/HI',
 'openframe_project_wrapper_1669/HI',
 'openframe_project_wrapper_1670/HI',
 'openframe_project_wrapper_1671/HI',
 'openframe_project_wrapper_1672/HI',
 'openframe_project_wrapper_1673/HI',
 'openframe_project_wrapper_1674/HI',
 'openframe_project_wrapper_1675/HI',
 'openframe_project_wrapper_1676/HI',
 'openframe_project_wrapper_1677/HI',
 'openframe_project_wrapper_1678/HI',
 'openframe_project_wrapper_1679/HI',
 'openframe_project_wrapper_1680/HI',
 'openframe_project_wrapper_1681/HI',
 'openframe_project_wrapper_1682/HI',
 'openframe_project_wrapper_1683/HI',
 'openframe_project_wrapper_1684/HI',
 'openframe_project_wrapper_1685/HI',
 'openframe_project_wrapper_1686/HI',
 'openframe_project_wrapper_1687/HI',
 'openframe_project_wrapper_1688/HI',
 'openframe_project_wrapper_1689/HI',
 'openframe_project_wrapper_1690/HI',
 'openframe_project_wrapper_1691/HI',
 'openframe_project_wrapper_1692/HI',
 'openframe_project_wrapper_1693/HI',
 'openframe_project_wrapper_1694/HI',
 'openframe_project_wrapper_1695/HI',
 'openframe_project_wrapper_1696/HI',
 'openframe_project_wrapper_1697/HI',
 'openframe_project_wrapper_1698/HI',
 'openframe_project_wrapper_1699/HI',
 'openframe_project_wrapper_1700/HI',
 'openframe_project_wrapper_1701/HI',
 'openframe_project_wrapper_1702/HI',
 'openframe_project_wrapper_1703/HI',
 'openframe_project_wrapper_1704/HI',
 'openframe_project_wrapper_1705/HI',
 'openframe_project_wrapper_1706/HI',
 'openframe_project_wrapper_1707/HI',
 'openframe_project_wrapper_1708/HI',
 'openframe_project_wrapper_1709/HI',
 'openframe_project_wrapper_1710/HI',
 'openframe_project_wrapper_1711/HI',
 'openframe_project_wrapper_1712/HI',
 'openframe_project_wrapper_1713/HI',
 'openframe_project_wrapper_1714/HI',
 'openframe_project_wrapper_1715/HI',
 'openframe_project_wrapper_1716/HI',
 'openframe_project_wrapper_1717/HI',
 'openframe_project_wrapper_1718/HI',
 'openframe_project_wrapper_1719/HI',
 'openframe_project_wrapper_1720/HI',
 'openframe_project_wrapper_1721/HI',
 'openframe_project_wrapper_1722/HI',
 'openframe_project_wrapper_1723/HI',
 'openframe_project_wrapper_1724/HI',
 'openframe_project_wrapper_1725/HI',
 'openframe_project_wrapper_1726/HI',
 'openframe_project_wrapper_1727/HI',
 'openframe_project_wrapper_1728/HI',
 'openframe_project_wrapper_1729/HI',
 'openframe_project_wrapper_1730/HI',
 'openframe_project_wrapper_1731/HI',
 'openframe_project_wrapper_1732/HI',
 'openframe_project_wrapper_1733/HI',
 'openframe_project_wrapper_1734/HI',
 'openframe_project_wrapper_1735/HI',
 'openframe_project_wrapper_1736/HI',
 'openframe_project_wrapper_1737/HI',
 'openframe_project_wrapper_1738/HI',
 'openframe_project_wrapper_1739/HI',
 'openframe_project_wrapper_1740/HI',
 'openframe_project_wrapper_1741/HI',
 'openframe_project_wrapper_1742/HI',
 'openframe_project_wrapper_1743/HI',
 'openframe_project_wrapper_1744/HI',
 'openframe_project_wrapper_1745/HI',
 'openframe_project_wrapper_1746/HI',
 'openframe_project_wrapper_1747/HI',
 'openframe_project_wrapper_1748/HI',
 'openframe_project_wrapper_1749/HI',
 'openframe_project_wrapper_1750/HI',
 'openframe_project_wrapper_1751/HI',
 'openframe_project_wrapper_1752/HI',
 'openframe_project_wrapper_1753/HI',
 'openframe_project_wrapper_1754/HI',
 'openframe_project_wrapper_1755/HI',
 'openframe_project_wrapper_1756/HI',
 'openframe_project_wrapper_1757/HI',
 'openframe_project_wrapper_1758/HI',
 'openframe_project_wrapper_1759/HI',
 'openframe_project_wrapper_1760/HI',
 'openframe_project_wrapper_1761/HI',
 'openframe_project_wrapper_1762/HI',
 'openframe_project_wrapper_1763/HI',
 'openframe_project_wrapper_1764/HI',
 'openframe_project_wrapper_1765/HI',
 'openframe_project_wrapper_1766/HI',
 'openframe_project_wrapper_1767/HI',
 'openframe_project_wrapper_1768/HI',
 'openframe_project_wrapper_1769/HI',
 'openframe_project_wrapper_1770/HI',
 'openframe_project_wrapper_1771/HI',
 'openframe_project_wrapper_1772/HI',
 'openframe_project_wrapper_1773/HI',
 'openframe_project_wrapper_1774/HI',
 'openframe_project_wrapper_1775/HI',
 'openframe_project_wrapper_1776/HI',
 'openframe_project_wrapper_1777/HI',
 'openframe_project_wrapper_1778/HI',
 'openframe_project_wrapper_1779/HI',
 'openframe_project_wrapper_1780/HI',
 'openframe_project_wrapper_1781/HI',
 'openframe_project_wrapper_1782/HI',
 'openframe_project_wrapper_1783/HI',
 'openframe_project_wrapper_1784/HI',
 'openframe_project_wrapper_1785/HI',
 'openframe_project_wrapper_1786/HI',
 'openframe_project_wrapper_1787/HI',
 'openframe_project_wrapper_1788/HI',
 'openframe_project_wrapper_1789/HI',
 'openframe_project_wrapper_1790/HI',
 'openframe_project_wrapper_1791/HI',
 'openframe_project_wrapper_1792/HI',
 'openframe_project_wrapper_1793/HI',
 'openframe_project_wrapper_1794/HI',
 'openframe_project_wrapper_1795/HI',
 'openframe_project_wrapper_1796/HI',
 'openframe_project_wrapper_1797/HI',
 'openframe_project_wrapper_1798/HI',
 'openframe_project_wrapper_1799/HI',
 'openframe_project_wrapper_1800/HI',
 'openframe_project_wrapper_1801/HI',
 'openframe_project_wrapper_1802/HI',
 'openframe_project_wrapper_1803/HI',
 'openframe_project_wrapper_1804/HI',
 'openframe_project_wrapper_1805/HI',
 'openframe_project_wrapper_1806/HI',
 'openframe_project_wrapper_1807/HI',
 'openframe_project_wrapper_1808/HI',
 'openframe_project_wrapper_1809/HI',
 'openframe_project_wrapper_1810/HI',
 'openframe_project_wrapper_1811/HI',
 'openframe_project_wrapper_1812/HI',
 'openframe_project_wrapper_1813/HI',
 'openframe_project_wrapper_1814/HI',
 'openframe_project_wrapper_1815/HI',
 'openframe_project_wrapper_1816/HI',
 'openframe_project_wrapper_1817/HI',
 'openframe_project_wrapper_1818/HI',
 'openframe_project_wrapper_1819/HI',
 'openframe_project_wrapper_1820/HI',
 'openframe_project_wrapper_1821/HI',
 'openframe_project_wrapper_1822/HI',
 'openframe_project_wrapper_1823/HI',
 'openframe_project_wrapper_1824/HI',
 'openframe_project_wrapper_1825/HI',
 'openframe_project_wrapper_1826/HI',
 'openframe_project_wrapper_1827/HI',
 'openframe_project_wrapper_1828/HI',
 'openframe_project_wrapper_1829/HI',
 'openframe_project_wrapper_1830/HI',
 'openframe_project_wrapper_1831/HI',
 'openframe_project_wrapper_1832/HI',
 'openframe_project_wrapper_1833/HI',
 'openframe_project_wrapper_1834/HI',
 'openframe_project_wrapper_1835/HI',
 'openframe_project_wrapper_1836/HI',
 'openframe_project_wrapper_1837/HI',
 'openframe_project_wrapper_1838/HI',
 'openframe_project_wrapper_1839/HI',
 'openframe_project_wrapper_1840/HI',
 'openframe_project_wrapper_1841/HI',
 'openframe_project_wrapper_1842/HI',
 'openframe_project_wrapper_1843/HI',
 'openframe_project_wrapper_1844/HI',
 'openframe_project_wrapper_1845/HI',
 'openframe_project_wrapper_1846/HI',
 'openframe_project_wrapper_1847/HI',
 'openframe_project_wrapper_1848/HI',
 'openframe_project_wrapper_1849/HI',
 'openframe_project_wrapper_1850/HI',
 'openframe_project_wrapper_1851/HI',
 'openframe_project_wrapper_1852/HI',
 'openframe_project_wrapper_1853/HI',
 'openframe_project_wrapper_1854/HI',
 'openframe_project_wrapper_1855/HI',
 'openframe_project_wrapper_1856/HI',
 'openframe_project_wrapper_1857/HI',
 'openframe_project_wrapper_1858/HI',
 'openframe_project_wrapper_1859/HI',
 'openframe_project_wrapper_1860/HI',
 'openframe_project_wrapper_1861/HI',
 'openframe_project_wrapper_1862/HI',
 'openframe_project_wrapper_1863/HI',
 'openframe_project_wrapper_1864/HI',
 'openframe_project_wrapper_1865/HI',
 'openframe_project_wrapper_1866/HI',
 'openframe_project_wrapper_1867/HI',
 'openframe_project_wrapper_1868/HI',
 'openframe_project_wrapper_1869/HI',
 'openframe_project_wrapper_1870/HI',
 'openframe_project_wrapper_1871/HI',
 'openframe_project_wrapper_1872/HI',
 'openframe_project_wrapper_1873/HI',
 'openframe_project_wrapper_1874/HI',
 'openframe_project_wrapper_1875/HI',
 'openframe_project_wrapper_1876/HI',
 'openframe_project_wrapper_1877/HI',
 'openframe_project_wrapper_1878/HI',
 'openframe_project_wrapper_1879/HI',
 'openframe_project_wrapper_1880/HI',
 'openframe_project_wrapper_1881/HI',
 'openframe_project_wrapper_1882/HI',
 'openframe_project_wrapper_1883/HI',
 'openframe_project_wrapper_1884/HI',
 'openframe_project_wrapper_1885/HI',
 'openframe_project_wrapper_1886/HI',
 'openframe_project_wrapper_1887/HI',
 'openframe_project_wrapper_1888/HI',
 'openframe_project_wrapper_1889/HI',
 'openframe_project_wrapper_1890/HI',
 'openframe_project_wrapper_1891/HI',
 'openframe_project_wrapper_1892/HI',
 'openframe_project_wrapper_1893/HI',
 'openframe_project_wrapper_1894/HI',
 'openframe_project_wrapper_1895/HI',
 'openframe_project_wrapper_1896/HI',
 'openframe_project_wrapper_1897/HI',
 'openframe_project_wrapper_1898/HI',
 'openframe_project_wrapper_1899/HI',
 'openframe_project_wrapper_1900/HI',
 'openframe_project_wrapper_1901/HI',
 'openframe_project_wrapper_1902/HI',
 'openframe_project_wrapper_1903/HI',
 'openframe_project_wrapper_1904/HI',
 'openframe_project_wrapper_1905/HI',
 'openframe_project_wrapper_1906/HI',
 'openframe_project_wrapper_1907/HI',
 'openframe_project_wrapper_1908/HI',
 'openframe_project_wrapper_1909/HI',
 'openframe_project_wrapper_1910/HI',
 'openframe_project_wrapper_1911/HI',
 'openframe_project_wrapper_1912/HI',
 'openframe_project_wrapper_1913/HI',
 'openframe_project_wrapper_1914/HI',
 'openframe_project_wrapper_1915/HI',
 'openframe_project_wrapper_1916/HI',
 'openframe_project_wrapper_1917/HI',
 'openframe_project_wrapper_1918/HI',
 'openframe_project_wrapper_1919/HI',
 'openframe_project_wrapper_1920/HI',
 'openframe_project_wrapper_1921/HI',
 'openframe_project_wrapper_1922/HI',
 'openframe_project_wrapper_1923/HI',
 'openframe_project_wrapper_1924/HI',
 'openframe_project_wrapper_1925/HI',
 'openframe_project_wrapper_1926/HI',
 'openframe_project_wrapper_1927/HI',
 'openframe_project_wrapper_1928/HI',
 'openframe_project_wrapper_1929/HI',
 'openframe_project_wrapper_1930/HI',
 'openframe_project_wrapper_1931/HI',
 'openframe_project_wrapper_1932/HI',
 'openframe_project_wrapper_1933/HI',
 'openframe_project_wrapper_1934/HI',
 'openframe_project_wrapper_1935/HI',
 'openframe_project_wrapper_1936/HI',
 'openframe_project_wrapper_1937/HI',
 'openframe_project_wrapper_1938/HI',
 'openframe_project_wrapper_1939/HI',
 'openframe_project_wrapper_1940/HI',
 'openframe_project_wrapper_1941/HI',
 'openframe_project_wrapper_1942/HI',
 'openframe_project_wrapper_1943/HI',
 'openframe_project_wrapper_1944/HI',
 'openframe_project_wrapper_1945/HI',
 'openframe_project_wrapper_1946/HI',
 'openframe_project_wrapper_1947/HI',
 'openframe_project_wrapper_1948/HI',
 'openframe_project_wrapper_1949/HI',
 'openframe_project_wrapper_1950/HI',
 'openframe_project_wrapper_1951/HI',
 'openframe_project_wrapper_1952/HI',
 'openframe_project_wrapper_1953/HI',
 'openframe_project_wrapper_1954/HI',
 'openframe_project_wrapper_1955/HI',
 'openframe_project_wrapper_1956/HI',
 'openframe_project_wrapper_1957/HI',
 'openframe_project_wrapper_1958/HI',
 'openframe_project_wrapper_1959/HI',
 'openframe_project_wrapper_1960/HI',
 'openframe_project_wrapper_1961/HI',
 'openframe_project_wrapper_1962/HI',
 'openframe_project_wrapper_1963/HI',
 'openframe_project_wrapper_1964/HI',
 'openframe_project_wrapper_1965/HI',
 'openframe_project_wrapper_1966/HI',
 'openframe_project_wrapper_1967/HI',
 'openframe_project_wrapper_1968/HI',
 'openframe_project_wrapper_1969/HI',
 'openframe_project_wrapper_1970/HI',
 'openframe_project_wrapper_1971/HI',
 'openframe_project_wrapper_1972/HI',
 'openframe_project_wrapper_1973/HI',
 'openframe_project_wrapper_1974/HI',
 'openframe_project_wrapper_1975/HI',
 'openframe_project_wrapper_1976/HI',
 'openframe_project_wrapper_1977/HI',
 'openframe_project_wrapper_1978/HI',
 'openframe_project_wrapper_1979/HI',
 'openframe_project_wrapper_1980/HI',
 'openframe_project_wrapper_1981/HI',
 'openframe_project_wrapper_1982/HI',
 'openframe_project_wrapper_1983/HI',
 'openframe_project_wrapper_1984/HI',
 'openframe_project_wrapper_1985/HI',
 'openframe_project_wrapper_1986/HI',
 'openframe_project_wrapper_1987/HI',
 'openframe_project_wrapper_1988/HI',
 'openframe_project_wrapper_1989/HI',
 'openframe_project_wrapper_1990/HI',
 'openframe_project_wrapper_1991/HI',
 'openframe_project_wrapper_1992/HI',
 'openframe_project_wrapper_1993/HI',
 'openframe_project_wrapper_1994/HI',
 'openframe_project_wrapper_1995/HI',
 'openframe_project_wrapper_1996/HI',
 'openframe_project_wrapper_1997/HI',
 'openframe_project_wrapper_1998/HI',
 'openframe_project_wrapper_1999/HI',
 'openframe_project_wrapper_2000/HI',
 'openframe_project_wrapper_2001/HI',
 'openframe_project_wrapper_2002/HI',
 'openframe_project_wrapper_2003/HI',
 'openframe_project_wrapper_2004/HI',
 'openframe_project_wrapper_2005/HI',
 'openframe_project_wrapper_2006/HI',
 'openframe_project_wrapper_2007/HI',
 'openframe_project_wrapper_2008/HI',
 'openframe_project_wrapper_2009/HI',
 'openframe_project_wrapper_2010/HI',
 'openframe_project_wrapper_2011/HI',
 'openframe_project_wrapper_2012/HI',
 'openframe_project_wrapper_2013/HI',
 'openframe_project_wrapper_2014/HI',
 'openframe_project_wrapper_2015/HI',
 'openframe_project_wrapper_2016/HI',
 'openframe_project_wrapper_2017/HI',
 'openframe_project_wrapper_2018/HI',
 'openframe_project_wrapper_2019/HI',
 'openframe_project_wrapper_2020/HI',
 'openframe_project_wrapper_2021/HI',
 'openframe_project_wrapper_2022/HI',
 'openframe_project_wrapper_2023/HI',
 'openframe_project_wrapper_2024/HI',
 'openframe_project_wrapper_2025/HI',
 'openframe_project_wrapper_2026/HI',
 'openframe_project_wrapper_2027/HI',
 'openframe_project_wrapper_2028/HI',
 'openframe_project_wrapper_2029/HI',
 'openframe_project_wrapper_2030/HI',
 'openframe_project_wrapper_2031/HI',
 'openframe_project_wrapper_2032/HI',
 'openframe_project_wrapper_2033/HI',
 'openframe_project_wrapper_2034/HI',
 'openframe_project_wrapper_2035/HI',
 'openframe_project_wrapper_2036/HI',
 'openframe_project_wrapper_2037/HI',
 'openframe_project_wrapper_2038/HI',
 'openframe_project_wrapper_2039/HI',
 'openframe_project_wrapper_2040/HI',
 'openframe_project_wrapper_2041/HI',
 'openframe_project_wrapper_2042/HI',
 'openframe_project_wrapper_2043/HI',
 'openframe_project_wrapper_2044/HI',
 'openframe_project_wrapper_2045/HI',
 'openframe_project_wrapper_2046/HI',
 'openframe_project_wrapper_2047/HI',
 'openframe_project_wrapper_2048/HI',
 'openframe_project_wrapper_2049/HI',
 'openframe_project_wrapper_2050/HI',
 'openframe_project_wrapper_2051/HI',
 'openframe_project_wrapper_2052/HI',
 'openframe_project_wrapper_2053/HI',
 'openframe_project_wrapper_2054/HI',
 'openframe_project_wrapper_2055/HI',
 'openframe_project_wrapper_2056/HI',
 'openframe_project_wrapper_2057/HI',
 'openframe_project_wrapper_2058/HI',
 'openframe_project_wrapper_2059/HI',
 'openframe_project_wrapper_2060/HI',
 'openframe_project_wrapper_2061/HI',
 'openframe_project_wrapper_2062/HI',
 'openframe_project_wrapper_2063/HI',
 'openframe_project_wrapper_2064/HI',
 'openframe_project_wrapper_2065/HI',
 'openframe_project_wrapper_2066/HI',
 'openframe_project_wrapper_2067/HI',
 'openframe_project_wrapper_2068/HI',
 'openframe_project_wrapper_2069/HI',
 'openframe_project_wrapper_2070/HI',
 'openframe_project_wrapper_2071/HI',
 'openframe_project_wrapper_2072/HI',
 'openframe_project_wrapper_2073/HI',
 'openframe_project_wrapper_2074/HI',
 'openframe_project_wrapper_2075/HI',
 'openframe_project_wrapper_2076/HI',
 'openframe_project_wrapper_2077/HI',
 'openframe_project_wrapper_2078/HI',
 'openframe_project_wrapper_2079/HI',
 'openframe_project_wrapper_2080/HI',
 'openframe_project_wrapper_2081/HI',
 'openframe_project_wrapper_2082/HI',
 'openframe_project_wrapper_2083/HI',
 'openframe_project_wrapper_2084/HI',
 'openframe_project_wrapper_2085/HI',
 'openframe_project_wrapper_2086/HI',
 'openframe_project_wrapper_2087/HI',
 'openframe_project_wrapper_2088/HI',
 'openframe_project_wrapper_2089/HI',
 'openframe_project_wrapper_2090/HI',
 'openframe_project_wrapper_2091/HI',
 'openframe_project_wrapper_2092/HI',
 'openframe_project_wrapper_2093/HI',
 'openframe_project_wrapper_2094/HI',
 'openframe_project_wrapper_2095/HI',
 'openframe_project_wrapper_2096/HI',
 'openframe_project_wrapper_2097/HI',
 'openframe_project_wrapper_2098/HI',
 'openframe_project_wrapper_2099/HI',
 'openframe_project_wrapper_2101/LO',
 'openframe_project_wrapper_2102/LO',
 'openframe_project_wrapper_2103/LO',
 'openframe_project_wrapper_2104/LO',
 'openframe_project_wrapper_2105/LO',
 'openframe_project_wrapper_2106/LO',
 'openframe_project_wrapper_2107/LO',
 'openframe_project_wrapper_2108/LO',
 'openframe_project_wrapper_2109/LO',
 'openframe_project_wrapper_2110/LO',
 'openframe_project_wrapper_2111/LO',
 'openframe_project_wrapper_2112/LO',
 'openframe_project_wrapper_2113/LO',
 'openframe_project_wrapper_2114/LO',
 'openframe_project_wrapper_2115/LO',
 'openframe_project_wrapper_2116/LO',
 'openframe_project_wrapper_2117/LO',
 'openframe_project_wrapper_2118/LO',
 'openframe_project_wrapper_2119/LO',
 'openframe_project_wrapper_2120/LO',
 'openframe_project_wrapper_2121/LO',
 'openframe_project_wrapper_2122/LO',
 'openframe_project_wrapper_2123/LO',
 'openframe_project_wrapper_2124/LO',
 'openframe_project_wrapper_2125/LO',
 'openframe_project_wrapper_2126/LO',
 'openframe_project_wrapper_2127/LO',
 'openframe_project_wrapper_2128/LO',
 'openframe_project_wrapper_2129/LO',
 'openframe_project_wrapper_2130/LO',
 'openframe_project_wrapper_2131/LO',
 'openframe_project_wrapper_2132/LO',
 'openframe_project_wrapper_2133/LO',
 'openframe_project_wrapper_2134/LO',
 'openframe_project_wrapper_2135/LO',
 'openframe_project_wrapper_2136/LO',
 'openframe_project_wrapper_2137/LO',
 'openframe_project_wrapper_2138/LO',
 'openframe_project_wrapper_2139/LO',
 'openframe_project_wrapper_2140/LO',
 'openframe_project_wrapper_2141/LO',
 'openframe_project_wrapper_2142/LO',
 'openframe_project_wrapper_2143/LO',
 'openframe_project_wrapper_2144/LO',
 'openframe_project_wrapper_2145/LO',
 'openframe_project_wrapper_2146/LO',
 'openframe_project_wrapper_2147/LO',
 'openframe_project_wrapper_2148/LO',
 'openframe_project_wrapper_2149/LO',
 'openframe_project_wrapper_2150/LO',
 'openframe_project_wrapper_2151/LO',
 'openframe_project_wrapper_2152/LO',
 'openframe_project_wrapper_2153/LO',
 'openframe_project_wrapper_2154/LO',
 'openframe_project_wrapper_2155/LO',
 'openframe_project_wrapper_2156/LO',
 'openframe_project_wrapper_2157/LO',
 'openframe_project_wrapper_2158/LO',
 'openframe_project_wrapper_2159/LO',
 'openframe_project_wrapper_2160/LO',
 'openframe_project_wrapper_2161/LO',
 'openframe_project_wrapper_2162/LO',
 'openframe_project_wrapper_2163/LO',
 'openframe_project_wrapper_2164/LO',
 'openframe_project_wrapper_2165/LO',
 'openframe_project_wrapper_2166/LO',
 'openframe_project_wrapper_2167/LO',
 'openframe_project_wrapper_2168/LO',
 'openframe_project_wrapper_2169/LO',
 'openframe_project_wrapper_2170/LO',
 'openframe_project_wrapper_2171/LO',
 'openframe_project_wrapper_2172/LO',
 'openframe_project_wrapper_2173/LO',
 'openframe_project_wrapper_2174/LO',
 'openframe_project_wrapper_2175/LO',
 'openframe_project_wrapper_2176/LO',
 'openframe_project_wrapper_2177/LO',
 'openframe_project_wrapper_2178/LO',
 'openframe_project_wrapper_2179/LO',
 'openframe_project_wrapper_2180/LO',
 'openframe_project_wrapper_2181/LO',
 'openframe_project_wrapper_2182/LO',
 'openframe_project_wrapper_2183/LO',
 'openframe_project_wrapper_2184/LO',
 'openframe_project_wrapper_2185/LO',
 'openframe_project_wrapper_2186/LO',
 'openframe_project_wrapper_2187/LO',
 'openframe_project_wrapper_2188/LO',
 'openframe_project_wrapper_2189/LO',
 'openframe_project_wrapper_2190/LO',
 'openframe_project_wrapper_2191/LO',
 'openframe_project_wrapper_2192/LO',
 'openframe_project_wrapper_2193/LO',
 'openframe_project_wrapper_2194/LO',
 'openframe_project_wrapper_2195/LO',
 'openframe_project_wrapper_2196/LO',
 'openframe_project_wrapper_2197/LO',
 'openframe_project_wrapper_2198/LO',
 'openframe_project_wrapper_2199/LO',
 'openframe_project_wrapper_2200/LO',
 'openframe_project_wrapper_2201/LO',
 'openframe_project_wrapper_2202/LO',
 'openframe_project_wrapper_2203/LO',
 'openframe_project_wrapper_2204/LO',
 'openframe_project_wrapper_2205/LO',
 'openframe_project_wrapper_2206/LO',
 'openframe_project_wrapper_2207/LO',
 'openframe_project_wrapper_2208/LO',
 'openframe_project_wrapper_2209/LO',
 'openframe_project_wrapper_2210/LO',
 'openframe_project_wrapper_2211/LO',
 'openframe_project_wrapper_2212/LO',
 'openframe_project_wrapper_2213/LO',
 'openframe_project_wrapper_2214/LO',
 'openframe_project_wrapper_2215/LO']
Filtered nets:
[]
done
