Clock: clk
Sources: gpio_in[38] 
Generated: no
Virtual: yes
Propagated: no
Period: 20.000000

===========================================================================
report_clock_properties
============================================================================
Clock                   Period          Waveform
----------------------------------------------------
clk                  20.000000    0.000000 10.000000

===========================================================================
report_clock_latency
============================================================================
Clock clk
rise -> rise
    min     max
0.000000 0.000000 source latency
3.036535         network latency _3807_/CLK
        4.862724 network latency _4236_/CLK
---------------
3.036535 4.862724 latency
        1.826190 skew

fall -> fall
    min     max
0.000000 0.000000 source latency
1.396848         network latency chip.gpu_inst.tiles[0].tile/clk
        5.250015 network latency _4236_/CLK
---------------
1.396848 5.250015 latency
        3.853167 skew



===========================================================================
report_clock_min_period
============================================================================
clk period_min = 5.86 fmax = 170.61
