
===========================================================================
 report_power
============================================================================
======================= nom_ff_n40C_1v95 Corner ===================================

Group                    Internal    Switching      Leakage        Total
                            Power        Power        Power        Power (Watts)
------------------------------------------------------------------------
Sequential           2.289879e-03 0.000000e+00 1.588241e-08 2.289895e-03  24.1%
Combinational        2.113790e-05 5.320873e-05 6.606114e-08 7.441269e-05   0.8%
Clock                3.917977e-03 3.206292e-03 1.843555e-07 7.124453e-03  75.1%
Macro                0.000000e+00 0.000000e+00 0.000000e+00 0.000000e+00   0.0%
Pad                  0.000000e+00 0.000000e+00 0.000000e+00 0.000000e+00   0.0%
------------------------------------------------------------------------
Total                6.228994e-03 3.259500e-03 2.663020e-07 9.488760e-03 100.0%
                            65.6%        34.4%         0.0%

