Clock: clk
Sources: clk 
Generated: no
Virtual: yes
Propagated: no
Period: 20.000000

===========================================================================
report_clock_properties
============================================================================
Clock                   Period          Waveform
----------------------------------------------------
clk                  20.000000    0.000000 10.000000

===========================================================================
report_clock_latency
============================================================================
Clock clk
rise -> rise
    min     max
0.000000 0.000000 source latency
0.631724         network latency g_row[1].g_col[0].pe/_2743_/CLK
        0.769487 network latency g_row[0].g_col[0].pe/_2725_/CLK
---------------
0.631724 0.769487 latency
        0.137762 skew

fall -> fall
    min     max
0.000000 0.000000 source latency
0.493862         network latency g_row[1].g_col[0].pe/_2743_/CLK
        0.637153 network latency g_row[0].g_col[0].pe/_2725_/CLK
---------------
0.493862 0.637153 latency
        0.143292 skew



===========================================================================
report_clock_min_period
============================================================================
clk period_min = 4.18 fmax = 239.09
