
===========================================================================
 report_power
============================================================================
======================= max_ff_n40C_1v95 Corner ===================================

Group                    Internal    Switching      Leakage        Total
                            Power        Power        Power        Power (Watts)
------------------------------------------------------------------------
Sequential           9.855710e-04 8.423001e-05 7.914056e-09 1.069809e-03  15.8%
Combinational        1.823788e-03 2.051332e-03 1.011113e-07 3.875222e-03  57.1%
Clock                1.267771e-03 5.746372e-04 1.741246e-08 1.842426e-03  27.1%
Macro                0.000000e+00 0.000000e+00 0.000000e+00 0.000000e+00   0.0%
Pad                  0.000000e+00 0.000000e+00 0.000000e+00 0.000000e+00   0.0%
------------------------------------------------------------------------
Total                4.077136e-03 2.710199e-03 1.264384e-07 6.787461e-03 100.0%
                            60.1%        39.9%         0.0%

