
===========================================================================
report_checks -unconstrained
===========================================================================
======================= max_ss_100C_1v60 Corner ===================================

Startpoint: _2686_ (rising edge-triggered flip-flop clocked by clk)
Endpoint: _2691_ (rising edge-triggered flip-flop clocked by clk)
Path Group: clk
Path Type: max

Fanout         Cap        Slew       Delay        Time   Description
---------------------------------------------------------------------------------------------
                                  0.000000    0.000000   clock clk (rise edge)
                                  0.000000    0.000000   clock source latency
     1    0.030447    0.223073    0.154827    0.154827 ^ clk (in)
                                                         clk (net)
                      0.223104    0.000000    0.154827 ^ clkbuf_0_clk/A (sky130_fd_sc_hd__clkbuf_16)
    16    0.114461    0.197566    0.395363    0.550190 ^ clkbuf_0_clk/X (sky130_fd_sc_hd__clkbuf_16)
                                                         clknet_0_clk (net)
                      0.197730    0.004738    0.554928 ^ clkbuf_4_11_0_clk/A (sky130_fd_sc_hd__clkbuf_8)
     7    0.037400    0.123428    0.330827    0.885755 ^ clkbuf_4_11_0_clk/X (sky130_fd_sc_hd__clkbuf_8)
                                                         clknet_4_11_0_clk (net)
                      0.123454    0.001796    0.887551 ^ _2686_/CLK (sky130_fd_sc_hd__dfxtp_2)
     3    0.019339    0.169183    0.760817    1.648368 ^ _2686_/Q (sky130_fd_sc_hd__dfxtp_2)
                                                         r3_prod_sign (net)
                      0.169203    0.001915    1.650283 ^ _2334_/B1_N (sky130_fd_sc_hd__o21ba_2)
     3    0.017546    0.123090    0.401691    2.051974 v _2334_/X (sky130_fd_sc_hd__o21ba_2)
                                                         _0324_ (net)
                      0.123127    0.001977    2.053951 v _2335_/A4 (sky130_fd_sc_hd__o41a_2)
     2    0.008292    0.140577    0.796845    2.850796 v _2335_/X (sky130_fd_sc_hd__o41a_2)
                                                         _0325_ (net)
                      0.140581    0.000589    2.851385 v _2336_/B (sky130_fd_sc_hd__or2_2)
     5    0.018865    0.190963    0.770940    3.622325 v _2336_/X (sky130_fd_sc_hd__or2_2)
                                                         _0326_ (net)
                      0.190963    0.001462    3.623787 v _2337_/C (sky130_fd_sc_hd__or3_2)
     3    0.008914    0.200996    1.077039    4.700827 v _2337_/X (sky130_fd_sc_hd__or3_2)
                                                         _0327_ (net)
                      0.200996    0.000576    4.701403 v _2338_/C (sky130_fd_sc_hd__or3_2)
     2    0.006126    0.187521    1.052328    5.753731 v _2338_/X (sky130_fd_sc_hd__or3_2)
                                                         _0328_ (net)
                      0.187521    0.000399    5.754131 v _2354_/B (sky130_fd_sc_hd__and2_2)
     1    0.008507    0.094409    0.484977    6.239108 v _2354_/X (sky130_fd_sc_hd__and2_2)
                                                         _0344_ (net)
                      0.094409    0.000649    6.239757 v _2355_/B (sky130_fd_sc_hd__xnor2_2)
     2    0.007323    0.118168    0.261862    6.501618 v _2355_/Y (sky130_fd_sc_hd__xnor2_2)
                                                         _0345_ (net)
                      0.118169    0.000365    6.501984 v _2356_/B (sky130_fd_sc_hd__and2_2)
     3    0.012800    0.112368    0.473198    6.975182 v _2356_/X (sky130_fd_sc_hd__and2_2)
                                                         _0346_ (net)
                      0.112368    0.000337    6.975519 v _2404_/A (sky130_fd_sc_hd__or2_2)
     2    0.010782    0.151730    0.743124    7.718643 v _2404_/X (sky130_fd_sc_hd__or2_2)
                                                         _0394_ (net)
                      0.151730    0.000505    7.719148 v _2405_/B1_N (sky130_fd_sc_hd__o21ba_2)
     2    0.011187    0.129916    0.560684    8.279832 ^ _2405_/X (sky130_fd_sc_hd__o21ba_2)
                                                         _0395_ (net)
                      0.129918    0.000719    8.280552 ^ _2408_/A2 (sky130_fd_sc_hd__o21bai_2)
     2    0.008713    0.136124    0.167192    8.447743 v _2408_/Y (sky130_fd_sc_hd__o21bai_2)
                                                         _0398_ (net)
                      0.136131    0.000553    8.448297 v _2410_/A2 (sky130_fd_sc_hd__a21oi_2)
     2    0.010410    0.252756    0.332593    8.780890 ^ _2410_/Y (sky130_fd_sc_hd__a21oi_2)
                                                         _0400_ (net)
                      0.252756    0.000697    8.781587 ^ _2411_/B1 (sky130_fd_sc_hd__a21oi_2)
     3    0.014553    0.160498    0.167333    8.948919 v _2411_/Y (sky130_fd_sc_hd__a21oi_2)
                                                         _0401_ (net)
                      0.160502    0.001005    8.949924 v _2413_/A2 (sky130_fd_sc_hd__a21oi_2)
     2    0.014507    0.321941    0.396199    9.346124 ^ _2413_/Y (sky130_fd_sc_hd__a21oi_2)
                                                         _0403_ (net)
                      0.321944    0.000809    9.346932 ^ _2414_/A2 (sky130_fd_sc_hd__a21oi_2)
     2    0.010519    0.131630    0.237074    9.584006 v _2414_/Y (sky130_fd_sc_hd__a21oi_2)
                                                         _0404_ (net)
                      0.131631    0.000662    9.584668 v _2441_/S (sky130_fd_sc_hd__mux2_2)
     1    0.005469    0.093406    0.474207   10.058876 ^ _2441_/X (sky130_fd_sc_hd__mux2_2)
                                                         _0431_ (net)
                      0.093406    0.000397   10.059273 ^ _2442_/B1 (sky130_fd_sc_hd__o31ai_2)
     2    0.017729    0.204692    0.219666   10.278939 v _2442_/Y (sky130_fd_sc_hd__o31ai_2)
                                                         _0432_ (net)
                      0.204701    0.001072   10.280011 v place201/A (sky130_fd_sc_hd__buf_1)
     8    0.026840    0.306595    0.419064   10.699075 v place201/X (sky130_fd_sc_hd__buf_1)
                                                         net201 (net)
                      0.306608    0.002254   10.701329 v place200/A (sky130_fd_sc_hd__buf_1)
     8    0.032626    0.370106    0.503521   11.204850 v place200/X (sky130_fd_sc_hd__buf_1)
                                                         net200 (net)
                      0.370132    0.003294   11.208144 v _2468_/A (sky130_fd_sc_hd__or3_2)
     1    0.003577    0.166699    1.214112   12.422256 v _2468_/X (sky130_fd_sc_hd__or3_2)
                                                         _0455_ (net)
                      0.166699    0.000232   12.422487 v _2469_/B2 (sky130_fd_sc_hd__a22o_2)
     1    0.002180    0.062299    0.437563   12.860050 v _2469_/X (sky130_fd_sc_hd__a22o_2)
                                                         _0456_ (net)
                      0.062299    0.000134   12.860185 v _2470_/B (sky130_fd_sc_hd__and2_2)
     1    0.003027    0.071042    0.387884   13.248069 v _2470_/X (sky130_fd_sc_hd__and2_2)
                                                         _0457_ (net)
                      0.071042    0.000198   13.248267 v _2691_/D (sky130_fd_sc_hd__dfxtp_2)
                                             13.248267   data arrival time

                                 20.000000   20.000000   clock clk (rise edge)
                                  0.000000   20.000000   clock source latency
     1    0.030447    0.223073    0.154827   20.154827 ^ clk (in)
                                                         clk (net)
                      0.223104    0.000000   20.154827 ^ clkbuf_0_clk/A (sky130_fd_sc_hd__clkbuf_16)
    16    0.114461    0.197566    0.395364   20.550192 ^ clkbuf_0_clk/X (sky130_fd_sc_hd__clkbuf_16)
                                                         clknet_0_clk (net)
                      0.198459    0.010726   20.560917 ^ clkbuf_4_15_0_clk/A (sky130_fd_sc_hd__clkbuf_8)
     6    0.024324    0.093841    0.304166   20.865082 ^ clkbuf_4_15_0_clk/X (sky130_fd_sc_hd__clkbuf_8)
                                                         clknet_4_15_0_clk (net)
                      0.093858    0.001275   20.866358 ^ _2691_/CLK (sky130_fd_sc_hd__dfxtp_2)
                                 -0.200000   20.666359   clock uncertainty
                                  0.000000   20.666359   clock reconvergence pessimism
                                 -0.268357   20.398001   library setup time
                                             20.398001   data required time
---------------------------------------------------------------------------------------------
                                             20.398001   data required time
                                            -13.248267   data arrival time
---------------------------------------------------------------------------------------------
                                              7.149734   slack (MET)




===========================================================================
report_checks --slack_max -0.01
============================================================================
======================= max_ss_100C_1v60 Corner ===================================

No paths found.


===========================================================================
 report_check_types -max_slew -max_cap -max_fanout -violators
============================================================================
======================= max_ss_100C_1v60 Corner ===================================

max fanout

Pin                                   Limit Fanout  Slack
---------------------------------------------------------
clkbuf_0_clk/X                            8     16     -8 (VIOLATED)



===========================================================================
report_parasitic_annotation -report_unannotated
============================================================================
Found 17 unannotated drivers.
 _2620__402/HI
 _2621_/SUM
 _2621__401/HI
 clkload0/X
 clkload1/X
 clkload10/X
 clkload11/X
 clkload12/X
 clkload13/X
 clkload2/X
 clkload3/X
 clkload4/X
 clkload5/X
 clkload6/X
 clkload7/X
 clkload8/X
 clkload9/X
Found 0 partially unannotated drivers.

===========================================================================
max slew violation count 0
max fanout violation count 1
max cap violation count 0
============================================================================

===========================================================================
check_setup -verbose -unconstrained_endpoints -multiple_clock -no_clock -no_input_delay -loops -generated_clocks
===========================================================================
