Clock: clk
Sources: clk 
Generated: no
Virtual: yes
Propagated: no
Period: 20.000000

===========================================================================
report_clock_properties
============================================================================
Clock                   Period          Waveform
----------------------------------------------------
clk                  20.000000    0.000000 10.000000

===========================================================================
report_clock_latency
============================================================================
Clock clk
rise -> rise
    min     max
0.000000 0.000000 source latency
0.849137         network latency _2659_/CLK
        0.889021 network latency _2638_/CLK
---------------
0.849137 0.889021 latency
        0.039884 skew

fall -> fall
    min     max
0.000000 0.000000 source latency
0.744649         network latency _2659_/CLK
        0.776500 network latency _2638_/CLK
---------------
0.744649 0.776500 latency
        0.031851 skew



===========================================================================
report_clock_min_period
============================================================================
clk period_min = 12.85 fmax = 77.82
