
===========================================================================
report_checks -unconstrained
===========================================================================
======================= min_ss_100C_1v60 Corner ===================================

Startpoint: g_row[1].g_col[0].pe/_2723_
            (rising edge-triggered flip-flop clocked by clk)
Endpoint: g_row[1].g_col[0].pe/_2752_
          (rising edge-triggered flip-flop clocked by clk)
Path Group: clk
Path Type: max

Fanout         Cap        Slew       Delay        Time   Description
---------------------------------------------------------------------------------------------
                                  0.000000    0.000000   clock clk (rise edge)
                                  0.000000    0.000000   clock source latency
     1    0.064451    0.463905    0.325711    0.325711 ^ clk (in)
                                                         clk (net)
                      0.464117    0.000000    0.325711 ^ clkbuf_0_clk/A (sky130_fd_sc_hd__clkbuf_16)
    16    0.248762    0.385536    0.639125    0.964836 ^ clkbuf_0_clk/X (sky130_fd_sc_hd__clkbuf_16)
                                                         clknet_0_clk (net)
                      0.385575    0.004238    0.969074 ^ clkbuf_4_12_0_clk/A (sky130_fd_sc_hd__clkbuf_16)
     7    0.078452    0.147959    0.428933    1.398007 ^ clkbuf_4_12_0_clk/X (sky130_fd_sc_hd__clkbuf_16)
                                                         clknet_4_12_0_clk (net)
                      0.147965    0.001250    1.399257 ^ clkbuf_leaf_43_clk/A (sky130_fd_sc_hd__clkbuf_16)
     4    0.009236    0.053774    0.241958    1.641214 ^ clkbuf_leaf_43_clk/X (sky130_fd_sc_hd__clkbuf_16)
                                                         clknet_leaf_43_clk (net)
                      0.053774    0.000056    1.641270 ^ g_row[1].g_col[0].pe/_2723_/CLK (sky130_fd_sc_hd__dfxtp_2)
     2    0.009422    0.098058    0.670539    2.311810 ^ g_row[1].g_col[0].pe/_2723_/Q (sky130_fd_sc_hd__dfxtp_2)
                                                         g_row[1].g_col[0].pe/r2_mantissa[0] (net)
                      0.098058    0.000079    2.311888 ^ g_row[1].g_col[0].pe/hold2050/A (sky130_fd_sc_hd__clkbuf_2)
     1    0.006920    0.077604    0.206924    2.518812 ^ g_row[1].g_col[0].pe/hold2050/X (sky130_fd_sc_hd__clkbuf_2)
                                                         g_row[1].g_col[0].pe/net2049 (net)
                      0.077604    0.000109    2.518921 ^ g_row[1].g_col[0].pe/_1340_/A (sky130_fd_sc_hd__inv_2)
     2    0.012154    0.057831    0.087627    2.606548 v g_row[1].g_col[0].pe/_1340_/Y (sky130_fd_sc_hd__inv_2)
                                                         g_row[1].g_col[0].pe/_0002_ (net)
                      0.057831    0.000183    2.606731 v g_row[1].g_col[0].pe/_2689_/A (sky130_fd_sc_hd__fa_1)
     2    0.010491    0.218283    1.027179    3.633910 v g_row[1].g_col[0].pe/_2689_/COUT (sky130_fd_sc_hd__fa_1)
                                                         g_row[1].g_col[0].pe/_0003_ (net)
                      0.218283    0.000101    3.634011 v g_row[1].g_col[0].pe/place840/A (sky130_fd_sc_hd__buf_6)
     8    0.028119    0.069629    0.310965    3.944976 v g_row[1].g_col[0].pe/place840/X (sky130_fd_sc_hd__buf_6)
                                                         g_row[1].g_col[0].pe/net840 (net)
                      0.069630    0.000441    3.945417 v g_row[1].g_col[0].pe/_1761_/B2 (sky130_fd_sc_hd__a22o_2)
     1    0.009196    0.095926    0.448742    4.394159 v g_row[1].g_col[0].pe/_1761_/X (sky130_fd_sc_hd__a22o_2)
                                                         g_row[1].g_col[0].pe/_0984_ (net)
                      0.095926    0.000111    4.394271 v g_row[1].g_col[0].pe/_1762_/B (sky130_fd_sc_hd__xnor2_2)
     2    0.015628    0.387669    0.361682    4.755953 ^ g_row[1].g_col[0].pe/_1762_/Y (sky130_fd_sc_hd__xnor2_2)
                                                         g_row[1].g_col[0].pe/_0985_ (net)
                      0.387669    0.000144    4.756096 ^ g_row[1].g_col[0].pe/_1766_/A (sky130_fd_sc_hd__xor2_2)
     2    0.014879    0.349532    0.456773    5.212870 ^ g_row[1].g_col[0].pe/_1766_/X (sky130_fd_sc_hd__xor2_2)
                                                         g_row[1].g_col[0].pe/_0989_ (net)
                      0.349532    0.000127    5.212996 ^ g_row[1].g_col[0].pe/_1769_/A (sky130_fd_sc_hd__nand2_2)
     2    0.007387    0.124354    0.199442    5.412439 v g_row[1].g_col[0].pe/_1769_/Y (sky130_fd_sc_hd__nand2_2)
                                                         g_row[1].g_col[0].pe/_0992_ (net)
                      0.124354    0.000042    5.412480 v g_row[1].g_col[0].pe/_1793_/C (sky130_fd_sc_hd__and3_2)
     1    0.002712    0.070862    0.453233    5.865713 v g_row[1].g_col[0].pe/_1793_/X (sky130_fd_sc_hd__and3_2)
                                                         g_row[1].g_col[0].pe/_1016_ (net)
                      0.070862    0.000025    5.865738 v g_row[1].g_col[0].pe/_1794_/B (sky130_fd_sc_hd__or2_4)
     2    0.004852    0.081232    0.433916    6.299654 v g_row[1].g_col[0].pe/_1794_/X (sky130_fd_sc_hd__or2_4)
                                                         g_row[1].g_col[0].pe/_1017_ (net)
                      0.081232    0.000052    6.299706 v g_row[1].g_col[0].pe/_1795_/C (sky130_fd_sc_hd__and3_2)
     2    0.006097    0.089294    0.460370    6.760076 v g_row[1].g_col[0].pe/_1795_/X (sky130_fd_sc_hd__and3_2)
                                                         g_row[1].g_col[0].pe/_1018_ (net)
                      0.089294    0.000027    6.760102 v g_row[1].g_col[0].pe/_1810_/A2 (sky130_fd_sc_hd__o41a_2)
     1    0.002884    0.107198    0.897921    7.658024 v g_row[1].g_col[0].pe/_1810_/X (sky130_fd_sc_hd__o41a_2)
                                                         g_row[1].g_col[0].pe/_1033_ (net)
                      0.107198    0.000029    7.658053 v g_row[1].g_col[0].pe/_1812_/A3 (sky130_fd_sc_hd__o31a_2)
     1    0.004646    0.099392    0.573536    8.231589 v g_row[1].g_col[0].pe/_1812_/X (sky130_fd_sc_hd__o31a_2)
                                                         g_row[1].g_col[0].pe/_1035_ (net)
                      0.099392    0.000026    8.231615 v g_row[1].g_col[0].pe/_1814_/A2 (sky130_fd_sc_hd__o21ai_2)
     1    0.013608    0.310550    0.319288    8.550902 ^ g_row[1].g_col[0].pe/_1814_/Y (sky130_fd_sc_hd__o21ai_2)
                                                         g_row[1].g_col[0].pe/_1037_ (net)
                      0.310552    0.000603    8.551505 ^ g_row[1].g_col[0].pe/_1821_/B (sky130_fd_sc_hd__and4_2)
     1    0.005636    0.122633    0.553545    9.105050 ^ g_row[1].g_col[0].pe/_1821_/X (sky130_fd_sc_hd__and4_2)
                                                         g_row[1].g_col[0].pe/_1044_ (net)
                      0.122633    0.000063    9.105113 ^ g_row[1].g_col[0].pe/_1829_/A1 (sky130_fd_sc_hd__o311ai_2)
     2    0.023250    0.407184    0.451343    9.556457 v g_row[1].g_col[0].pe/_1829_/Y (sky130_fd_sc_hd__o311ai_2)
                                                         g_row[1].g_col[0].pe/_1052_ (net)
                      0.407193    0.001507    9.557963 v g_row[1].g_col[0].pe/_1842_/A2 (sky130_fd_sc_hd__a211o_2)
     2    0.011645    0.126250    0.800457   10.358420 v g_row[1].g_col[0].pe/_1842_/X (sky130_fd_sc_hd__a211o_2)
                                                         g_row[1].g_col[0].pe/_1064_ (net)
                      0.126250    0.000320   10.358740 v g_row[1].g_col[0].pe/_1895_/A2 (sky130_fd_sc_hd__a21bo_2)
     4    0.017651    0.123285    0.484878   10.843617 v g_row[1].g_col[0].pe/_1895_/X (sky130_fd_sc_hd__a21bo_2)
                                                         g_row[1].g_col[0].pe/_1116_ (net)
                      0.123285    0.000390   10.844007 v g_row[1].g_col[0].pe/_2301_/A2 (sky130_fd_sc_hd__a211o_4)
     2    0.010842    0.093233    0.633765   11.477773 v g_row[1].g_col[0].pe/_2301_/X (sky130_fd_sc_hd__a211o_4)
                                                         g_row[1].g_col[0].pe/_0263_ (net)
                      0.093233    0.000323   11.478096 v g_row[1].g_col[0].pe/_2332_/A2 (sky130_fd_sc_hd__a311o_4)
     3    0.018528    0.128690    0.733457   12.211553 v g_row[1].g_col[0].pe/_2332_/X (sky130_fd_sc_hd__a311o_4)
                                                         g_row[1].g_col[0].pe/_0293_ (net)
                      0.128690    0.000384   12.211937 v g_row[1].g_col[0].pe/_2378_/A1 (sky130_fd_sc_hd__a21o_2)
     3    0.011892    0.098038    0.419392   12.631329 v g_row[1].g_col[0].pe/_2378_/X (sky130_fd_sc_hd__a21o_2)
                                                         g_row[1].g_col[0].pe/_0337_ (net)
                      0.098038    0.000163   12.631492 v g_row[1].g_col[0].pe/_2380_/A2 (sky130_fd_sc_hd__a32o_2)
     1    0.002977    0.067198    0.480161   13.111652 v g_row[1].g_col[0].pe/_2380_/X (sky130_fd_sc_hd__a32o_2)
                                                         g_row[1].g_col[0].pe/_0339_ (net)
                      0.067198    0.000030   13.111683 v g_row[1].g_col[0].pe/hold3017/A (sky130_fd_sc_hd__clkbuf_2)
     1    0.004025    0.048503    0.180723   13.292406 v g_row[1].g_col[0].pe/hold3017/X (sky130_fd_sc_hd__clkbuf_2)
                                                         g_row[1].g_col[0].pe/net3016 (net)
                      0.048503    0.000052   13.292459 v g_row[1].g_col[0].pe/_2381_/B (sky130_fd_sc_hd__and2_4)
     1    0.002608    0.046155    0.259377   13.551836 v g_row[1].g_col[0].pe/_2381_/X (sky130_fd_sc_hd__and2_4)
                                                         g_row[1].g_col[0].pe/_0340_ (net)
                      0.046155    0.000025   13.551861 v g_row[1].g_col[0].pe/hold1659/A (sky130_fd_sc_hd__clkbuf_2)
     1    0.001957    0.036171    0.156703   13.708564 v g_row[1].g_col[0].pe/hold1659/X (sky130_fd_sc_hd__clkbuf_2)
                                                         g_row[1].g_col[0].pe/net1658 (net)
                      0.036171    0.000010   13.708573 v g_row[1].g_col[0].pe/_2752_/D (sky130_fd_sc_hd__dfxtp_2)
                                             13.708573   data arrival time

                                 20.000000   20.000000   clock clk (rise edge)
                                  0.000000   20.000000   clock source latency
     1    0.064451    0.463905    0.325711   20.325712 ^ clk (in)
                                                         clk (net)
                      0.464117    0.000000   20.325712 ^ clkbuf_0_clk/A (sky130_fd_sc_hd__clkbuf_16)
    16    0.248762    0.385536    0.639124   20.964836 ^ clkbuf_0_clk/X (sky130_fd_sc_hd__clkbuf_16)
                                                         clknet_0_clk (net)
                      0.385662    0.006722   20.971558 ^ clkbuf_4_15_0_clk/A (sky130_fd_sc_hd__clkbuf_16)
     7    0.087817    0.161088    0.439210   21.410767 ^ clkbuf_4_15_0_clk/X (sky130_fd_sc_hd__clkbuf_16)
                                                         clknet_4_15_0_clk (net)
                      0.161089    0.000890   21.411657 ^ clkbuf_leaf_54_clk/A (sky130_fd_sc_hd__clkbuf_16)
     4    0.016584    0.063163    0.258543   21.670200 ^ clkbuf_leaf_54_clk/X (sky130_fd_sc_hd__clkbuf_16)
                                                         clknet_leaf_54_clk (net)
                      0.063163    0.000311   21.670511 ^ g_row[1].g_col[0].pe/_2752_/CLK (sky130_fd_sc_hd__dfxtp_2)
                                 -0.200000   21.470510   clock uncertainty
                                  0.000000   21.470510   clock reconvergence pessimism
                                 -0.262174   21.208338   library setup time
                                             21.208338   data required time
---------------------------------------------------------------------------------------------
                                             21.208338   data required time
                                            -13.708573   data arrival time
---------------------------------------------------------------------------------------------
                                              7.499763   slack (MET)




===========================================================================
report_checks --slack_max -0.01
============================================================================
======================= min_ss_100C_1v60 Corner ===================================

No paths found.


===========================================================================
 report_check_types -max_slew -max_cap -max_fanout -violators
============================================================================
======================= min_ss_100C_1v60 Corner ===================================

max fanout

Pin                                   Limit Fanout  Slack
---------------------------------------------------------
clkbuf_0_clk/X                            8     16     -8 (VIOLATED)
g_row[0].g_col[1].pe/place1117/X          8      9        (VIOLATED)



===========================================================================
report_parasitic_annotation -report_unannotated
============================================================================
Found 32 unannotated drivers.
 clkload0/X
 clkload1/X
 clkload10/X
 clkload11/X
 clkload12/X
 clkload13/X
 clkload14/X
 clkload15/X
 clkload16/X
 clkload17/X
 clkload2/X
 clkload3/X
 clkload4/X
 clkload5/X
 clkload6/X
 clkload7/Y
 clkload8/X
 clkload9/X
 g_row\[0\].g_col\[0\].pe\/_2688__1422/HI
 g_row\[0\].g_col\[0\].pe\/_2689_/SUM
 g_row\[0\].g_col\[0\].pe\/_2689__1421/HI
 g_row\[0\].g_col\[1\].pe\/_2688__1424/HI
 g_row\[0\].g_col\[1\].pe\/_2689_/SUM
 g_row\[0\].g_col\[1\].pe\/_2689__1423/HI
 g_row\[0\].g_col\[1\].pe\/_2774_/X
 g_row\[1\].g_col\[0\].pe\/_2688__1426/HI
 g_row\[1\].g_col\[0\].pe\/_2689_/SUM
 g_row\[1\].g_col\[0\].pe\/_2689__1425/HI
 g_row\[1\].g_col\[1\].pe\/_2688__1428/HI
 g_row\[1\].g_col\[1\].pe\/_2689_/SUM
 g_row\[1\].g_col\[1\].pe\/_2689__1427/HI
 g_row\[1\].g_col\[1\].pe\/_2774_/X
Found 0 partially unannotated drivers.

===========================================================================
max slew violation count 0
max fanout violation count 2
max cap violation count 0
============================================================================

===========================================================================
check_setup -verbose -unconstrained_endpoints -multiple_clock -no_clock -no_input_delay -loops -generated_clocks
===========================================================================
