Clock: clk
Sources: clk 
Generated: no
Virtual: yes
Propagated: no
Period: 20.000000

===========================================================================
report_clock_properties
============================================================================
Clock                   Period          Waveform
----------------------------------------------------
clk                  20.000000    0.000000 10.000000

===========================================================================
report_clock_latency
============================================================================
Clock clk
rise -> rise
    min     max
0.000000 0.000000 source latency
1.400915         network latency g_row[1].g_col[0].pe/_2743_/CLK
        1.697753 network latency g_row[0].g_col[0].pe/_2725_/CLK
---------------
1.400915 1.697753 latency
        0.296837 skew

fall -> fall
    min     max
0.000000 0.000000 source latency
1.129257         network latency g_row[1].g_col[0].pe/_2743_/CLK
        1.431698 network latency g_row[0].g_col[0].pe/_2725_/CLK
---------------
1.129257 1.431698 latency
        0.302442 skew



===========================================================================
report_clock_min_period
============================================================================
clk period_min = 12.50 fmax = 80.00
