Clock: clk
Sources: clk 
Generated: no
Virtual: yes
Propagated: no
Period: 24.000000

===========================================================================
report_clock_properties
============================================================================
Clock                   Period          Waveform
----------------------------------------------------
clk                  24.000000    0.000000 12.000000

===========================================================================
report_clock_latency
============================================================================
Clock clk
rise -> rise
    min     max
0.000000 0.000000 source latency
1.174236         network latency _45173_/CLK
        1.634169 network latency _46051_/CLK
---------------
1.174236 1.634169 latency
        0.459933 skew

fall -> fall
    min     max
0.000000 0.000000 source latency
1.002629         network latency _45173_/CLK
        1.412968 network latency _46051_/CLK
---------------
1.002629 1.412968 latency
        0.410339 skew



===========================================================================
report_clock_min_period
============================================================================
clk period_min = 10.18 fmax = 98.25
