Clock: clk
Sources: clk 
Generated: no
Virtual: yes
Propagated: no
Period: 20.000000

===========================================================================
report_clock_properties
============================================================================
Clock                   Period          Waveform
----------------------------------------------------
clk                  20.000000    0.000000 10.000000

===========================================================================
report_clock_latency
============================================================================
Clock clk
rise -> rise
    min     max
0.000000 0.000000 source latency
4.244026         network latency _196098_/CLK
        4.907657 network latency _194918_/CLK
---------------
4.244026 4.907657 latency
        0.663631 skew

fall -> fall
    min     max
0.000000 0.000000 source latency
4.359473         network latency _196098_/CLK
        4.934805 network latency _194918_/CLK
---------------
4.359473 4.934805 latency
        0.575333 skew



===========================================================================
report_clock_min_period
============================================================================
clk period_min = 18.47 fmax = 54.14
