+ analyze_power_grid -net VPWR -voltage_file /Users/aoxo/vscode/superfloat.gpu/librelane/core/runs/RUN_2026-07-02_10-20-07/58-openroad-irdropreport/net-VPWR.csv
[INFO PSM-0040] All shapes on net VPWR are connected.
########## IR report #################
Net              : VPWR
Corner           : max_ss_100C_1v60
Total power      : 1.68e-02 W
Supply voltage   : 1.60e+00 V
Worstcase voltage: 1.60e+00 V
Average voltage  : 1.60e+00 V
Average IR drop  : 1.86e-04 V
Worstcase IR drop: 1.10e-03 V
Percentage drop  : 0.07 %
######################################
+ analyze_power_grid -net VGND -voltage_file /Users/aoxo/vscode/superfloat.gpu/librelane/core/runs/RUN_2026-07-02_10-20-07/58-openroad-irdropreport/net-VGND.csv
[INFO PSM-0040] All shapes on net VGND are connected.
########## IR report #################
Net              : VGND
Corner           : max_ss_100C_1v60
Total power      : 1.68e-02 W
Supply voltage   : 0.00e+00 V
Worstcase voltage: 1.45e-03 V
Average voltage  : 1.86e-04 V
Average IR drop  : 1.86e-04 V
Worstcase IR drop: 1.45e-03 V
Percentage drop  : 0.09 %
######################################
