
33. Executing PROC_DLATCH pass (convert process syncs to latches).
No latch inferred for signal `\core.\systolic_results_flat[1]' from process `\core.$proc$/Users/aoxo/vscode/superfloat.gpu/src/core.sv:505$968'.
No latch inferred for signal `\core.\systolic_results_flat[0]' from process `\core.$proc$/Users/aoxo/vscode/superfloat.gpu/src/core.sv:505$967'.
No latch inferred for signal `\core.\systolic_b_inputs_flat[1] [31:16]' from process `\core.$proc$/Users/aoxo/vscode/superfloat.gpu/src/core.sv:464$966'.
No latch inferred for signal `\core.\systolic_a_inputs_flat[1] [31:16]' from process `\core.$proc$/Users/aoxo/vscode/superfloat.gpu/src/core.sv:463$965'.
No latch inferred for signal `\core.\systolic_b_inputs_flat[1] [15:0]' from process `\core.$proc$/Users/aoxo/vscode/superfloat.gpu/src/core.sv:464$964'.
No latch inferred for signal `\core.\systolic_a_inputs_flat[1] [15:0]' from process `\core.$proc$/Users/aoxo/vscode/superfloat.gpu/src/core.sv:463$963'.
No latch inferred for signal `\core.\systolic_b_inputs_flat[0] [31:16]' from process `\core.$proc$/Users/aoxo/vscode/superfloat.gpu/src/core.sv:464$962'.
No latch inferred for signal `\core.\systolic_a_inputs_flat[0] [31:16]' from process `\core.$proc$/Users/aoxo/vscode/superfloat.gpu/src/core.sv:463$961'.
No latch inferred for signal `\core.\systolic_b_inputs_flat[0] [15:0]' from process `\core.$proc$/Users/aoxo/vscode/superfloat.gpu/src/core.sv:464$960'.
No latch inferred for signal `\core.\systolic_a_inputs_flat[0] [15:0]' from process `\core.$proc$/Users/aoxo/vscode/superfloat.gpu/src/core.sv:463$959'.
No latch inferred for signal `\core.\per_thread_branch_taken[3]' from process `\core.$proc$/Users/aoxo/vscode/superfloat.gpu/src/core.sv:405$958'.
No latch inferred for signal `\core.\next_pc[3]' from process `\core.$proc$/Users/aoxo/vscode/superfloat.gpu/src/core.sv:404$957'.
No latch inferred for signal `\core.\rd_data[3]' from process `\core.$proc$/Users/aoxo/vscode/superfloat.gpu/src/core.sv:387$956'.
No latch inferred for signal `\core.\rt[3]' from process `\core.$proc$/Users/aoxo/vscode/superfloat.gpu/src/core.sv:386$955'.
No latch inferred for signal `\core.\rs[3]' from process `\core.$proc$/Users/aoxo/vscode/superfloat.gpu/src/core.sv:385$954'.
No latch inferred for signal `\core.\lsu_out[3]' from process `\core.$proc$/Users/aoxo/vscode/superfloat.gpu/src/core.sv:359$953'.
No latch inferred for signal `\core.\lsu_state[3]' from process `\core.$proc$/Users/aoxo/vscode/superfloat.gpu/src/core.sv:358$952'.
No latch inferred for signal `\core.\data_mem_write_data[3]' from process `\core.$proc$/Users/aoxo/vscode/superfloat.gpu/src/core.sv:356$951'.
No latch inferred for signal `\core.\data_mem_write_address[3]' from process `\core.$proc$/Users/aoxo/vscode/superfloat.gpu/src/core.sv:355$950'.
No latch inferred for signal `\core.\data_mem_read_address[3]' from process `\core.$proc$/Users/aoxo/vscode/superfloat.gpu/src/core.sv:351$949'.
No latch inferred for signal `\core.\act_out[3]' from process `\core.$proc$/Users/aoxo/vscode/superfloat.gpu/src/core.sv:334$948'.
No latch inferred for signal `\core.\fma_out[3]' from process `\core.$proc$/Users/aoxo/vscode/superfloat.gpu/src/core.sv:319$947'.
No latch inferred for signal `\core.\alu_out[3]' from process `\core.$proc$/Users/aoxo/vscode/superfloat.gpu/src/core.sv:304$946'.
No latch inferred for signal `\core.\per_thread_branch_taken[2]' from process `\core.$proc$/Users/aoxo/vscode/superfloat.gpu/src/core.sv:405$945'.
No latch inferred for signal `\core.\next_pc[2]' from process `\core.$proc$/Users/aoxo/vscode/superfloat.gpu/src/core.sv:404$944'.
No latch inferred for signal `\core.\rd_data[2]' from process `\core.$proc$/Users/aoxo/vscode/superfloat.gpu/src/core.sv:387$943'.
No latch inferred for signal `\core.\rt[2]' from process `\core.$proc$/Users/aoxo/vscode/superfloat.gpu/src/core.sv:386$942'.
No latch inferred for signal `\core.\rs[2]' from process `\core.$proc$/Users/aoxo/vscode/superfloat.gpu/src/core.sv:385$941'.
No latch inferred for signal `\core.\lsu_out[2]' from process `\core.$proc$/Users/aoxo/vscode/superfloat.gpu/src/core.sv:359$940'.
No latch inferred for signal `\core.\lsu_state[2]' from process `\core.$proc$/Users/aoxo/vscode/superfloat.gpu/src/core.sv:358$939'.
No latch inferred for signal `\core.\data_mem_write_data[2]' from process `\core.$proc$/Users/aoxo/vscode/superfloat.gpu/src/core.sv:356$938'.
No latch inferred for signal `\core.\data_mem_write_address[2]' from process `\core.$proc$/Users/aoxo/vscode/superfloat.gpu/src/core.sv:355$937'.
No latch inferred for signal `\core.\data_mem_read_address[2]' from process `\core.$proc$/Users/aoxo/vscode/superfloat.gpu/src/core.sv:351$936'.
No latch inferred for signal `\core.\act_out[2]' from process `\core.$proc$/Users/aoxo/vscode/superfloat.gpu/src/core.sv:334$935'.
No latch inferred for signal `\core.\fma_out[2]' from process `\core.$proc$/Users/aoxo/vscode/superfloat.gpu/src/core.sv:319$934'.
No latch inferred for signal `\core.\alu_out[2]' from process `\core.$proc$/Users/aoxo/vscode/superfloat.gpu/src/core.sv:304$933'.
No latch inferred for signal `\core.\per_thread_branch_taken[1]' from process `\core.$proc$/Users/aoxo/vscode/superfloat.gpu/src/core.sv:405$932'.
No latch inferred for signal `\core.\next_pc[1]' from process `\core.$proc$/Users/aoxo/vscode/superfloat.gpu/src/core.sv:404$931'.
No latch inferred for signal `\core.\rd_data[1]' from process `\core.$proc$/Users/aoxo/vscode/superfloat.gpu/src/core.sv:387$930'.
No latch inferred for signal `\core.\rt[1]' from process `\core.$proc$/Users/aoxo/vscode/superfloat.gpu/src/core.sv:386$929'.
No latch inferred for signal `\core.\rs[1]' from process `\core.$proc$/Users/aoxo/vscode/superfloat.gpu/src/core.sv:385$928'.
No latch inferred for signal `\core.\lsu_out[1]' from process `\core.$proc$/Users/aoxo/vscode/superfloat.gpu/src/core.sv:359$927'.
No latch inferred for signal `\core.\lsu_state[1]' from process `\core.$proc$/Users/aoxo/vscode/superfloat.gpu/src/core.sv:358$926'.
No latch inferred for signal `\core.\data_mem_write_data[1]' from process `\core.$proc$/Users/aoxo/vscode/superfloat.gpu/src/core.sv:356$925'.
No latch inferred for signal `\core.\data_mem_write_address[1]' from process `\core.$proc$/Users/aoxo/vscode/superfloat.gpu/src/core.sv:355$924'.
No latch inferred for signal `\core.\data_mem_read_address[1]' from process `\core.$proc$/Users/aoxo/vscode/superfloat.gpu/src/core.sv:351$923'.
No latch inferred for signal `\core.\act_out[1]' from process `\core.$proc$/Users/aoxo/vscode/superfloat.gpu/src/core.sv:334$922'.
No latch inferred for signal `\core.\fma_out[1]' from process `\core.$proc$/Users/aoxo/vscode/superfloat.gpu/src/core.sv:319$921'.
No latch inferred for signal `\core.\alu_out[1]' from process `\core.$proc$/Users/aoxo/vscode/superfloat.gpu/src/core.sv:304$920'.
No latch inferred for signal `\core.\per_thread_branch_taken[0]' from process `\core.$proc$/Users/aoxo/vscode/superfloat.gpu/src/core.sv:405$919'.
No latch inferred for signal `\core.\next_pc[0]' from process `\core.$proc$/Users/aoxo/vscode/superfloat.gpu/src/core.sv:404$918'.
No latch inferred for signal `\core.\rd_data[0]' from process `\core.$proc$/Users/aoxo/vscode/superfloat.gpu/src/core.sv:387$917'.
No latch inferred for signal `\core.\rt[0]' from process `\core.$proc$/Users/aoxo/vscode/superfloat.gpu/src/core.sv:386$916'.
No latch inferred for signal `\core.\rs[0]' from process `\core.$proc$/Users/aoxo/vscode/superfloat.gpu/src/core.sv:385$915'.
No latch inferred for signal `\core.\lsu_out[0]' from process `\core.$proc$/Users/aoxo/vscode/superfloat.gpu/src/core.sv:359$914'.
No latch inferred for signal `\core.\lsu_state[0]' from process `\core.$proc$/Users/aoxo/vscode/superfloat.gpu/src/core.sv:358$913'.
No latch inferred for signal `\core.\data_mem_write_data[0]' from process `\core.$proc$/Users/aoxo/vscode/superfloat.gpu/src/core.sv:356$912'.
No latch inferred for signal `\core.\data_mem_write_address[0]' from process `\core.$proc$/Users/aoxo/vscode/superfloat.gpu/src/core.sv:355$911'.
No latch inferred for signal `\core.\data_mem_read_address[0]' from process `\core.$proc$/Users/aoxo/vscode/superfloat.gpu/src/core.sv:351$910'.
No latch inferred for signal `\core.\act_out[0]' from process `\core.$proc$/Users/aoxo/vscode/superfloat.gpu/src/core.sv:334$909'.
No latch inferred for signal `\core.\fma_out[0]' from process `\core.$proc$/Users/aoxo/vscode/superfloat.gpu/src/core.sv:319$908'.
No latch inferred for signal `\core.\alu_out[0]' from process `\core.$proc$/Users/aoxo/vscode/superfloat.gpu/src/core.sv:304$907'.
No latch inferred for signal `\core.\data_mem_read_data[3]' from process `\core.$proc$/Users/aoxo/vscode/superfloat.gpu/src/core.sv:84$906'.
No latch inferred for signal `\core.\data_mem_read_data[2]' from process `\core.$proc$/Users/aoxo/vscode/superfloat.gpu/src/core.sv:84$905'.
No latch inferred for signal `\core.\data_mem_read_data[1]' from process `\core.$proc$/Users/aoxo/vscode/superfloat.gpu/src/core.sv:84$904'.
No latch inferred for signal `\core.\data_mem_read_data[0]' from process `\core.$proc$/Users/aoxo/vscode/superfloat.gpu/src/core.sv:84$903'.
No latch inferred for signal `\core.\systolic_result_idx' from process `\core.$proc$/Users/aoxo/vscode/superfloat.gpu/src/core.sv:475$846'.
No latch inferred for signal `\core.\systolic_out[0]' from process `\core.$proc$/Users/aoxo/vscode/superfloat.gpu/src/core.sv:475$846'.
No latch inferred for signal `\core.\systolic_out[1]' from process `\core.$proc$/Users/aoxo/vscode/superfloat.gpu/src/core.sv:475$846'.
No latch inferred for signal `\core.\systolic_out[2]' from process `\core.$proc$/Users/aoxo/vscode/superfloat.gpu/src/core.sv:475$846'.
No latch inferred for signal `\core.\systolic_out[3]' from process `\core.$proc$/Users/aoxo/vscode/superfloat.gpu/src/core.sv:475$846'.
No latch inferred for signal `\core.\br_idx' from process `\core.$proc$/Users/aoxo/vscode/superfloat.gpu/src/core.sv:235$824'.
No latch inferred for signal `\core.\branch_taken_reg' from process `\core.$proc$/Users/aoxo/vscode/superfloat.gpu/src/core.sv:235$824'.
No latch inferred for signal `\core.\lsu_state_flat' from process `\core.$proc$/Users/aoxo/vscode/superfloat.gpu/src/core.sv:123$822'.
No latch inferred for signal `\core.\next_pc_flat' from process `\core.$proc$/Users/aoxo/vscode/superfloat.gpu/src/core.sv:123$822'.
No latch inferred for signal `\core.\lsu_idx' from process `\core.$proc$/Users/aoxo/vscode/superfloat.gpu/src/core.sv:123$822'.
No latch inferred for signal `$paramod$6b8aa85d2e617e2a482ca361b29689335416c2df\systolic_array.\b_wire[0]' from process `$paramod$6b8aa85d2e617e2a482ca361b29689335416c2df\systolic_array.$proc$/Users/aoxo/vscode/superfloat.gpu/src/systolic_array.sv:138$1031'.
No latch inferred for signal `$paramod$6b8aa85d2e617e2a482ca361b29689335416c2df\systolic_array.\a_wire[0]' from process `$paramod$6b8aa85d2e617e2a482ca361b29689335416c2df\systolic_array.$proc$/Users/aoxo/vscode/superfloat.gpu/src/systolic_array.sv:126$1030'.
No latch inferred for signal `$paramod$6b8aa85d2e617e2a482ca361b29689335416c2df\systolic_array.\results[0]' from process `$paramod$6b8aa85d2e617e2a482ca361b29689335416c2df\systolic_array.$proc$/Users/aoxo/vscode/superfloat.gpu/src/systolic_array.sv:113$1029'.
No latch inferred for signal `$paramod$6b8aa85d2e617e2a482ca361b29689335416c2df\systolic_array.\b_wire[1]' from process `$paramod$6b8aa85d2e617e2a482ca361b29689335416c2df\systolic_array.$proc$/Users/aoxo/vscode/superfloat.gpu/src/systolic_array.sv:138$1028'.
No latch inferred for signal `$paramod$6b8aa85d2e617e2a482ca361b29689335416c2df\systolic_array.\a_wire[1]' from process `$paramod$6b8aa85d2e617e2a482ca361b29689335416c2df\systolic_array.$proc$/Users/aoxo/vscode/superfloat.gpu/src/systolic_array.sv:126$1027'.
No latch inferred for signal `$paramod$6b8aa85d2e617e2a482ca361b29689335416c2df\systolic_array.\results[1]' from process `$paramod$6b8aa85d2e617e2a482ca361b29689335416c2df\systolic_array.$proc$/Users/aoxo/vscode/superfloat.gpu/src/systolic_array.sv:113$1026'.
No latch inferred for signal `$paramod$6b8aa85d2e617e2a482ca361b29689335416c2df\systolic_array.\b_wire[2]' from process `$paramod$6b8aa85d2e617e2a482ca361b29689335416c2df\systolic_array.$proc$/Users/aoxo/vscode/superfloat.gpu/src/systolic_array.sv:138$1025'.
No latch inferred for signal `$paramod$6b8aa85d2e617e2a482ca361b29689335416c2df\systolic_array.\a_wire[3]' from process `$paramod$6b8aa85d2e617e2a482ca361b29689335416c2df\systolic_array.$proc$/Users/aoxo/vscode/superfloat.gpu/src/systolic_array.sv:126$1024'.
No latch inferred for signal `$paramod$6b8aa85d2e617e2a482ca361b29689335416c2df\systolic_array.\results[2]' from process `$paramod$6b8aa85d2e617e2a482ca361b29689335416c2df\systolic_array.$proc$/Users/aoxo/vscode/superfloat.gpu/src/systolic_array.sv:113$1023'.
No latch inferred for signal `$paramod$6b8aa85d2e617e2a482ca361b29689335416c2df\systolic_array.\b_wire[3]' from process `$paramod$6b8aa85d2e617e2a482ca361b29689335416c2df\systolic_array.$proc$/Users/aoxo/vscode/superfloat.gpu/src/systolic_array.sv:138$1022'.
No latch inferred for signal `$paramod$6b8aa85d2e617e2a482ca361b29689335416c2df\systolic_array.\a_wire[4]' from process `$paramod$6b8aa85d2e617e2a482ca361b29689335416c2df\systolic_array.$proc$/Users/aoxo/vscode/superfloat.gpu/src/systolic_array.sv:126$1021'.
No latch inferred for signal `$paramod$6b8aa85d2e617e2a482ca361b29689335416c2df\systolic_array.\results[3]' from process `$paramod$6b8aa85d2e617e2a482ca361b29689335416c2df\systolic_array.$proc$/Users/aoxo/vscode/superfloat.gpu/src/systolic_array.sv:113$1020'.
No latch inferred for signal `$paramod$6b8aa85d2e617e2a482ca361b29689335416c2df\systolic_array.\b_wire[4]' from process `$paramod$6b8aa85d2e617e2a482ca361b29689335416c2df\systolic_array.$proc$/Users/aoxo/vscode/superfloat.gpu/src/systolic_array.sv:78$1019'.
No latch inferred for signal `$paramod$6b8aa85d2e617e2a482ca361b29689335416c2df\systolic_array.\b_wire[5]' from process `$paramod$6b8aa85d2e617e2a482ca361b29689335416c2df\systolic_array.$proc$/Users/aoxo/vscode/superfloat.gpu/src/systolic_array.sv:78$1018'.
No latch inferred for signal `$paramod$6b8aa85d2e617e2a482ca361b29689335416c2df\systolic_array.\a_wire[2]' from process `$paramod$6b8aa85d2e617e2a482ca361b29689335416c2df\systolic_array.$proc$/Users/aoxo/vscode/superfloat.gpu/src/systolic_array.sv:75$1017'.
No latch inferred for signal `$paramod$6b8aa85d2e617e2a482ca361b29689335416c2df\systolic_array.\a_wire[5]' from process `$paramod$6b8aa85d2e617e2a482ca361b29689335416c2df\systolic_array.$proc$/Users/aoxo/vscode/superfloat.gpu/src/systolic_array.sv:75$1016'.
No latch inferred for signal `$paramod$0d33050004dfd370a3883bdd46300d0e308952f3\branch_diverge.\i' from process `$paramod$0d33050004dfd370a3883bdd46300d0e308952f3\branch_diverge.$proc$/Users/aoxo/vscode/superfloat.gpu/src/branch_diverge.sv:55$1052'.
No latch inferred for signal `$paramod$0d33050004dfd370a3883bdd46300d0e308952f3\branch_diverge.\taken_count' from process `$paramod$0d33050004dfd370a3883bdd46300d0e308952f3\branch_diverge.$proc$/Users/aoxo/vscode/superfloat.gpu/src/branch_diverge.sv:55$1052'.
No latch inferred for signal `$paramod$0d33050004dfd370a3883bdd46300d0e308952f3\branch_diverge.\not_taken_count' from process `$paramod$0d33050004dfd370a3883bdd46300d0e308952f3\branch_diverge.$proc$/Users/aoxo/vscode/superfloat.gpu/src/branch_diverge.sv:55$1052'.
No latch inferred for signal `$paramod$2b13850e161d044628b531ca7f8cd3974f1d0801\scheduler.\next_pc[3]' from process `$paramod$2b13850e161d044628b531ca7f8cd3974f1d0801\scheduler.$proc$/Users/aoxo/vscode/superfloat.gpu/src/scheduler.sv:57$646'.
No latch inferred for signal `$paramod$2b13850e161d044628b531ca7f8cd3974f1d0801\scheduler.\lsu_state[3]' from process `$paramod$2b13850e161d044628b531ca7f8cd3974f1d0801\scheduler.$proc$/Users/aoxo/vscode/superfloat.gpu/src/scheduler.sv:56$645'.
No latch inferred for signal `$paramod$2b13850e161d044628b531ca7f8cd3974f1d0801\scheduler.\next_pc[2]' from process `$paramod$2b13850e161d044628b531ca7f8cd3974f1d0801\scheduler.$proc$/Users/aoxo/vscode/superfloat.gpu/src/scheduler.sv:57$644'.
No latch inferred for signal `$paramod$2b13850e161d044628b531ca7f8cd3974f1d0801\scheduler.\lsu_state[2]' from process `$paramod$2b13850e161d044628b531ca7f8cd3974f1d0801\scheduler.$proc$/Users/aoxo/vscode/superfloat.gpu/src/scheduler.sv:56$643'.
No latch inferred for signal `$paramod$2b13850e161d044628b531ca7f8cd3974f1d0801\scheduler.\next_pc[1]' from process `$paramod$2b13850e161d044628b531ca7f8cd3974f1d0801\scheduler.$proc$/Users/aoxo/vscode/superfloat.gpu/src/scheduler.sv:57$642'.
No latch inferred for signal `$paramod$2b13850e161d044628b531ca7f8cd3974f1d0801\scheduler.\lsu_state[1]' from process `$paramod$2b13850e161d044628b531ca7f8cd3974f1d0801\scheduler.$proc$/Users/aoxo/vscode/superfloat.gpu/src/scheduler.sv:56$641'.
No latch inferred for signal `$paramod$2b13850e161d044628b531ca7f8cd3974f1d0801\scheduler.\next_pc[0]' from process `$paramod$2b13850e161d044628b531ca7f8cd3974f1d0801\scheduler.$proc$/Users/aoxo/vscode/superfloat.gpu/src/scheduler.sv:57$640'.
No latch inferred for signal `$paramod$2b13850e161d044628b531ca7f8cd3974f1d0801\scheduler.\lsu_state[0]' from process `$paramod$2b13850e161d044628b531ca7f8cd3974f1d0801\scheduler.$proc$/Users/aoxo/vscode/superfloat.gpu/src/scheduler.sv:56$639'.
No latch inferred for signal `$paramod$2b13850e161d044628b531ca7f8cd3974f1d0801\scheduler.\i' from process `$paramod$2b13850e161d044628b531ca7f8cd3974f1d0801\scheduler.$proc$/Users/aoxo/vscode/superfloat.gpu/src/scheduler.sv:102$620'.
No latch inferred for signal `$paramod$2b13850e161d044628b531ca7f8cd3974f1d0801\scheduler.\any_lsu_waiting' from process `$paramod$2b13850e161d044628b531ca7f8cd3974f1d0801\scheduler.$proc$/Users/aoxo/vscode/superfloat.gpu/src/scheduler.sv:102$620'.
No latch inferred for signal `$paramod$c1fa0b686162150aedcde8f30ce344013f9b4c22\registers.\write_data' from process `$paramod$c1fa0b686162150aedcde8f30ce344013f9b4c22\registers.$proc$/Users/aoxo/vscode/superfloat.gpu/src/registers.sv:131$573'.
No latch inferred for signal `$paramod$c1fa0b686162150aedcde8f30ce344013f9b4c22\registers.\rd_data' from process `$paramod$c1fa0b686162150aedcde8f30ce344013f9b4c22\registers.$proc$/Users/aoxo/vscode/superfloat.gpu/src/registers.sv:103$559'.
No latch inferred for signal `$paramod$c1fa0b686162150aedcde8f30ce344013f9b4c22\registers.\rt' from process `$paramod$c1fa0b686162150aedcde8f30ce344013f9b4c22\registers.$proc$/Users/aoxo/vscode/superfloat.gpu/src/registers.sv:81$545'.
No latch inferred for signal `$paramod$c1fa0b686162150aedcde8f30ce344013f9b4c22\registers.\rs' from process `$paramod$c1fa0b686162150aedcde8f30ce344013f9b4c22\registers.$proc$/Users/aoxo/vscode/superfloat.gpu/src/registers.sv:59$531'.
No latch inferred for signal `$paramod$8c3f6a441c665dd561676b636da0c1e1b48e04fb\registers.\write_data' from process `$paramod$8c3f6a441c665dd561676b636da0c1e1b48e04fb\registers.$proc$/Users/aoxo/vscode/superfloat.gpu/src/registers.sv:131$471'.
No latch inferred for signal `$paramod$8c3f6a441c665dd561676b636da0c1e1b48e04fb\registers.\rd_data' from process `$paramod$8c3f6a441c665dd561676b636da0c1e1b48e04fb\registers.$proc$/Users/aoxo/vscode/superfloat.gpu/src/registers.sv:103$457'.
No latch inferred for signal `$paramod$8c3f6a441c665dd561676b636da0c1e1b48e04fb\registers.\rt' from process `$paramod$8c3f6a441c665dd561676b636da0c1e1b48e04fb\registers.$proc$/Users/aoxo/vscode/superfloat.gpu/src/registers.sv:81$443'.
No latch inferred for signal `$paramod$8c3f6a441c665dd561676b636da0c1e1b48e04fb\registers.\rs' from process `$paramod$8c3f6a441c665dd561676b636da0c1e1b48e04fb\registers.$proc$/Users/aoxo/vscode/superfloat.gpu/src/registers.sv:59$429'.
No latch inferred for signal `$paramod$0d78ff8d99d4146b5a79c06ee24622a528e3bd26\registers.\write_data' from process `$paramod$0d78ff8d99d4146b5a79c06ee24622a528e3bd26\registers.$proc$/Users/aoxo/vscode/superfloat.gpu/src/registers.sv:131$369'.
No latch inferred for signal `$paramod$0d78ff8d99d4146b5a79c06ee24622a528e3bd26\registers.\rd_data' from process `$paramod$0d78ff8d99d4146b5a79c06ee24622a528e3bd26\registers.$proc$/Users/aoxo/vscode/superfloat.gpu/src/registers.sv:103$355'.
No latch inferred for signal `$paramod$0d78ff8d99d4146b5a79c06ee24622a528e3bd26\registers.\rt' from process `$paramod$0d78ff8d99d4146b5a79c06ee24622a528e3bd26\registers.$proc$/Users/aoxo/vscode/superfloat.gpu/src/registers.sv:81$341'.
No latch inferred for signal `$paramod$0d78ff8d99d4146b5a79c06ee24622a528e3bd26\registers.\rs' from process `$paramod$0d78ff8d99d4146b5a79c06ee24622a528e3bd26\registers.$proc$/Users/aoxo/vscode/superfloat.gpu/src/registers.sv:59$327'.
No latch inferred for signal `$paramod\activation\DATA_BITS=s32'00000000000000000000000000010000.\activated_value' from process `$paramod\activation\DATA_BITS=s32'00000000000000000000000000010000.$proc$/Users/aoxo/vscode/superfloat.gpu/src/activation.sv:89$261'.
No latch inferred for signal `$paramod$d9ac0e9f2813a4f08d889723d123373afc7a3980\registers.\write_data' from process `$paramod$d9ac0e9f2813a4f08d889723d123373afc7a3980\registers.$proc$/Users/aoxo/vscode/superfloat.gpu/src/registers.sv:131$192'.
No latch inferred for signal `$paramod$d9ac0e9f2813a4f08d889723d123373afc7a3980\registers.\rd_data' from process `$paramod$d9ac0e9f2813a4f08d889723d123373afc7a3980\registers.$proc$/Users/aoxo/vscode/superfloat.gpu/src/registers.sv:103$178'.
No latch inferred for signal `$paramod$d9ac0e9f2813a4f08d889723d123373afc7a3980\registers.\rt' from process `$paramod$d9ac0e9f2813a4f08d889723d123373afc7a3980\registers.$proc$/Users/aoxo/vscode/superfloat.gpu/src/registers.sv:81$164'.
No latch inferred for signal `$paramod$d9ac0e9f2813a4f08d889723d123373afc7a3980\registers.\rs' from process `$paramod$d9ac0e9f2813a4f08d889723d123373afc7a3980\registers.$proc$/Users/aoxo/vscode/superfloat.gpu/src/registers.sv:59$150'.
