178. Printing statistics.

=== core ===

        +----------Local Count, excluding submodules.
        |        +-Local Area, excluding submodules.
        |        | 
    32406        - wires
    35626        - wire bits
      320        - public wires
     3539        - public wire bits
       41        - ports
      401        - port bits
    35027  480.461 cells
    12203        -   $_ANDNOT_
      735        -   $_AND_
       19        -   $_DFF_P_
     1422        -   $_MUX_
      802        -   $_NAND_
     1848        -   $_NOR_
     1713        -   $_NOT_
      682        -   $_ORNOT_
     6667        -   $_OR_
      876        -   $_SDFFCE_PN0P_
     1168        -   $_SDFFE_PP0P_
        4        -   $_SDFFE_PP1P_
      173        -   $_SDFF_PP0_
     2124        -   $_XNOR_
     4567        -   $_XOR_
       24  480.461   sky130_fd_sc_hd__fa_1

   Area for cell type $_ANDNOT_ is unknown!
   Area for cell type $_AND_ is unknown!
   Area for cell type $_DFF_P_ is unknown!
   Area for cell type $_MUX_ is unknown!
   Area for cell type $_NAND_ is unknown!
   Area for cell type $_NOR_ is unknown!
   Area for cell type $_NOT_ is unknown!
   Area for cell type $_ORNOT_ is unknown!
   Area for cell type $_OR_ is unknown!
   Area for cell type $_SDFFCE_PN0P_ is unknown!
   Area for cell type $_SDFFE_PP0P_ is unknown!
   Area for cell type $_SDFFE_PP1P_ is unknown!
   Area for cell type $_SDFF_PP0_ is unknown!
   Area for cell type $_XNOR_ is unknown!
   Area for cell type $_XOR_ is unknown!

   Chip area for module '\core': 480.460800
     of which used for sequential elements: 0.000000 (0.00%)

