192. Printing statistics.

=== core ===

        +----------Local Count, excluding submodules.
        |        +-Local Area, excluding submodules.
        |        | 
    24276        - wires
    24636        - wire bits
     2131        - public wires
     2491        - public wire bits
       41        - ports
      401        - port bits
    24465 2.59E+05 cells
       48  600.576   sky130_fd_sc_hd__a2111o_2
        1   15.014   sky130_fd_sc_hd__a2111oi_2
      426  4264.09   sky130_fd_sc_hd__a211o_2
       81 1.01E+03   sky130_fd_sc_hd__a211oi_2
      184 1.84E+03   sky130_fd_sc_hd__a21bo_2
       29  326.563   sky130_fd_sc_hd__a21boi_2
      890 7.79E+03   sky130_fd_sc_hd__a21o_2
      877 7.68E+03   sky130_fd_sc_hd__a21oi_2
      634 7.14E+03   sky130_fd_sc_hd__a221o_2
        1   15.014   sky130_fd_sc_hd__a221oi_2
     2929 2.93E+04   sky130_fd_sc_hd__a22o_2
       28  350.336   sky130_fd_sc_hd__a22oi_2
       26  292.781   sky130_fd_sc_hd__a2bb2o_2
        1   15.014   sky130_fd_sc_hd__a2bb2oi_2
       21  236.477   sky130_fd_sc_hd__a311o_2
        3   45.043   sky130_fd_sc_hd__a311oi_2
      244  2137.05   sky130_fd_sc_hd__a31o_2
       33  412.896   sky130_fd_sc_hd__a31oi_2
      147 1.66E+03   sky130_fd_sc_hd__a32o_2
        4   65.062   sky130_fd_sc_hd__a32oi_2
        6   67.565   sky130_fd_sc_hd__a41o_2
     1599  1.2E+04   sky130_fd_sc_hd__and2_2
      350  3065.44   sky130_fd_sc_hd__and2b_2
      622 4.67E+03   sky130_fd_sc_hd__and3_2
       59  590.566   sky130_fd_sc_hd__and3b_2
       26   260.25   sky130_fd_sc_hd__and4_2
       23  258.998   sky130_fd_sc_hd__and4b_2
       12  150.144   sky130_fd_sc_hd__and4bb_2
       80        -   sky130_fd_sc_hd__buf_2
       48  180.173   sky130_fd_sc_hd__conb_1
     2240 4.76E+04   sky130_fd_sc_hd__dfxtp_2
       24  480.461   sky130_fd_sc_hd__fa_1
      462 1.73E+03   sky130_fd_sc_hd__inv_2
      138  1553.99   sky130_fd_sc_hd__mux2_1
     1365  8539.44   sky130_fd_sc_hd__nand2_2
      210 1.84E+03   sky130_fd_sc_hd__nand2b_2
      387 3.87E+03   sky130_fd_sc_hd__nand3_2
       11  123.869   sky130_fd_sc_hd__nand3b_2
        2   25.024   sky130_fd_sc_hd__nand4_2
     1983 1.24E+04   sky130_fd_sc_hd__nor2_2
      220  2.2E+03   sky130_fd_sc_hd__nor3_2
       10   125.12   sky130_fd_sc_hd__nor3b_2
        9  112.608   sky130_fd_sc_hd__nor4_2
        5    62.56   sky130_fd_sc_hd__o2111a_2
        1   15.014   sky130_fd_sc_hd__o2111ai_2
      629  6.3E+03   sky130_fd_sc_hd__o211a_2
      105  1313.76   sky130_fd_sc_hd__o211ai_2
      557 4.88E+03   sky130_fd_sc_hd__o21a_2
      599 5.25E+03   sky130_fd_sc_hd__o21ai_2
      124  1241.19   sky130_fd_sc_hd__o21ba_2
       61  686.909   sky130_fd_sc_hd__o21bai_2
      248 2.79E+03   sky130_fd_sc_hd__o221a_2
        5   75.072   sky130_fd_sc_hd__o221ai_2
       38  380.365   sky130_fd_sc_hd__o22a_2
       10   125.12   sky130_fd_sc_hd__o22ai_2
      108 1.22E+03   sky130_fd_sc_hd__o2bb2a_2
       25   281.52   sky130_fd_sc_hd__o311a_2
        4   65.062   sky130_fd_sc_hd__o311ai_2
       79  790.758   sky130_fd_sc_hd__o31a_2
       16  200.192   sky130_fd_sc_hd__o31ai_2
       41  461.693   sky130_fd_sc_hd__o32a_2
        2   32.531   sky130_fd_sc_hd__o32ai_2
        6   75.072   sky130_fd_sc_hd__o41a_2
        2   32.531   sky130_fd_sc_hd__o41ai_2
     1427 8.93E+03   sky130_fd_sc_hd__or2_2
      456 3.42E+03   sky130_fd_sc_hd__or3_2
      126  1.1E+03   sky130_fd_sc_hd__or3b_2
      204 1.79E+03   sky130_fd_sc_hd__or4_2
       38  380.365   sky130_fd_sc_hd__or4b_2
       12  150.144   sky130_fd_sc_hd__or4bb_2
     1815 2.95E+04   sky130_fd_sc_hd__xnor2_2
     1229    2E+04   sky130_fd_sc_hd__xor2_2

   Area for cell type \sky130_fd_sc_hd__buf_2 is unknown!

   Chip area for module '\core': 258680.595200
     of which used for sequential elements: 47645.696000 (18.42%)

