Clock: clk
Sources: clk 
Generated: no
Virtual: no
Propagated: no
Period: 20.000000

===========================================================================
report_clock_properties
============================================================================
Clock                   Period          Waveform
----------------------------------------------------
clk                  20.000000    0.000000 10.000000

===========================================================================
report_clock_latency
============================================================================
Clock clk
rise -> rise
    min     max
0.000000 0.000000 source latency
0.372171         network latency _2622_/CLK
        0.372171 network latency _2622_/CLK
---------------
0.372171 0.372171 latency
        0.000000 skew

fall -> fall
    min     max
0.000000 0.000000 source latency
0.160103         network latency _2622_/CLK
        0.160103 network latency _2622_/CLK
---------------
0.160103 0.160103 latency
        0.000000 skew



===========================================================================
report_clock_min_period
============================================================================
clk period_min = 3.73 fmax = 267.83
