
===========================================================================
Violator List
============================================================================
[hold in-reg] a_in[2] -> _2624_/D : -0.073926
[hold in-reg] a_in[6] -> _2628_/D : -0.073926
[hold in-reg] a_in[10] -> _2632_/D : -0.073926
[hold in-reg] a_in[1] -> _2623_/D : -0.073635
[hold in-reg] a_in[5] -> _2627_/D : -0.073635
[hold in-reg] a_in[9] -> _2631_/D : -0.073635
[hold in-reg] a_in[13] -> _2635_/D : -0.073635
[hold in-reg] a_in[3] -> _2625_/D : -0.073299
[hold in-reg] a_in[7] -> _2629_/D : -0.073299
[hold in-reg] a_in[11] -> _2633_/D : -0.073299
[hold in-reg] a_in[14] -> _2636_/D : -0.073299
[hold in-reg] a_in[0] -> _2622_/D : -0.072601
[hold in-reg] a_in[4] -> _2626_/D : -0.072601
[hold in-reg] a_in[8] -> _2630_/D : -0.072601
[hold in-reg] a_in[12] -> _2634_/D : -0.072601
[hold in-reg] b_in[6] -> _2644_/D : -0.068492
[hold in-reg] b_in[10] -> _2648_/D : -0.068492
[hold in-reg] b_in[5] -> _2643_/D : -0.068240
[hold in-reg] b_in[9] -> _2647_/D : -0.068240
[hold in-reg] b_in[13] -> _2651_/D : -0.068240
[hold in-reg] b_in[7] -> _2645_/D : -0.067948
[hold in-reg] b_in[11] -> _2649_/D : -0.067948
[hold in-reg] b_in[14] -> _2652_/D : -0.067948
[hold in-reg] b_in[4] -> _2642_/D : -0.067341
[hold in-reg] b_in[8] -> _2646_/D : -0.067341
[hold in-reg] b_in[12] -> _2650_/D : -0.067341
[hold in-reg] b_in[2] -> _2640_/D : -0.065806
[hold in-reg] b_in[1] -> _2639_/D : -0.065554
[hold in-reg] b_in[3] -> _2641_/D : -0.065262
[hold in-reg] b_in[0] -> _2638_/D : -0.064656
[hold in-reg] b_in[2] -> _2657_/D : -0.059971
[hold in-reg] b_in[1] -> _2656_/D : -0.059722
[hold in-reg] b_in[3] -> _2658_/D : -0.059434
[hold in-reg] b_in[0] -> _2655_/D : -0.058835
[hold in-reg] b_in[15] -> _2653_/D : -0.033365
[hold in-reg] compute_enable -> _2670_/D : -0.029349
[hold in-reg] a_in[15] -> _2637_/D : -0.026415
[hold in-reg] b_in[15] -> _2654_/D : -0.023408
[hold in-reg] b_in[6] -> _2661_/D : -0.021402
[hold in-reg] b_in[10] -> _2665_/D : -0.021402
[hold in-reg] b_in[5] -> _2660_/D : -0.021111
[hold in-reg] b_in[9] -> _2664_/D : -0.021111
[hold in-reg] b_in[13] -> _2668_/D : -0.021111
[hold in-reg] b_in[7] -> _2662_/D : -0.020775
[hold in-reg] b_in[11] -> _2666_/D : -0.020775
[hold in-reg] b_in[14] -> _2669_/D : -0.020775
[hold in-reg] b_in[4] -> _2659_/D : -0.020111
[hold in-reg] b_in[8] -> _2663_/D : -0.020076
[hold in-reg] b_in[12] -> _2667_/D : -0.020076
[hold in-reg] reset -> _2683_/D : -0.013085
[hold in-reg] reset -> _2682_/D : -0.013084
[hold in-reg] reset -> _2678_/D : -0.011223
[hold in-reg] reset -> _2680_/D : -0.011223
