
===========================================================================
report_checks -unconstrained
===========================================================================
======================= max_ss_100C_1v60 Corner ===================================

Startpoint: _199772_ (rising edge-triggered flip-flop clocked by clk)
Endpoint: _200973_ (rising edge-triggered flip-flop clocked by clk)
Path Group: clk
Path Type: max

Fanout         Cap        Slew       Delay        Time   Description
---------------------------------------------------------------------------------------------
                                  0.000000    0.000000   clock clk (rise edge)
                                  0.000000    0.000000   clock source latency
     2    0.280564    0.000000    0.000000    0.000000 ^ clk (in)
                                                         clk (net)
                      0.410061    0.205031    0.205031 ^ clkbuf_0_clk/A (sky130_fd_sc_hd__clkbuf_16)
     2    0.013966    0.063831    0.359066    0.564097 ^ clkbuf_0_clk/X (sky130_fd_sc_hd__clkbuf_16)
                                                         clknet_0_clk (net)
                      0.063831    0.000815    0.564911 ^ clkbuf_1_1_0_clk/A (sky130_fd_sc_hd__clkbuf_8)
     1    0.033448    0.114033    0.260358    0.825269 ^ clkbuf_1_1_0_clk/X (sky130_fd_sc_hd__clkbuf_8)
                                                         clknet_1_1_0_clk (net)
                      0.114584    0.005566    0.830835 ^ clkbuf_1_1_1_clk/A (sky130_fd_sc_hd__clkbuf_8)
     1    0.056401    0.169895    0.325901    1.156736 ^ clkbuf_1_1_1_clk/X (sky130_fd_sc_hd__clkbuf_8)
                                                         clknet_1_1_1_clk (net)
                      0.170259    0.005541    1.162277 ^ clkbuf_1_1_2_clk/A (sky130_fd_sc_hd__clkbuf_8)
     1    0.059710    0.178339    0.355997    1.518274 ^ clkbuf_1_1_2_clk/X (sky130_fd_sc_hd__clkbuf_8)
                                                         clknet_1_1_2_clk (net)
                      0.179187    0.009844    1.528118 ^ clkbuf_1_1_3_clk/A (sky130_fd_sc_hd__clkbuf_8)
     1    0.051646    0.158526    0.345131    1.873249 ^ clkbuf_1_1_3_clk/X (sky130_fd_sc_hd__clkbuf_8)
                                                         clknet_1_1_3_clk (net)
                      0.159534    0.010045    1.883294 ^ clkbuf_1_1_4_clk/A (sky130_fd_sc_hd__clkbuf_8)
     2    0.025532    0.096816    0.288391    2.171685 ^ clkbuf_1_1_4_clk/X (sky130_fd_sc_hd__clkbuf_8)
                                                         clknet_1_1_4_clk (net)
                      0.096871    0.002126    2.173811 ^ clkbuf_2_3_0_clk/A (sky130_fd_sc_hd__clkbuf_8)
     1    0.031820    0.110170    0.273144    2.446955 ^ clkbuf_2_3_0_clk/X (sky130_fd_sc_hd__clkbuf_8)
                                                         clknet_2_3_0_clk (net)
                      0.110378    0.004100    2.451056 ^ clkbuf_2_3_1_clk/A (sky130_fd_sc_hd__clkbuf_8)
     1    0.031852    0.110279    0.279187    2.730243 ^ clkbuf_2_3_1_clk/X (sky130_fd_sc_hd__clkbuf_8)
                                                         clknet_2_3_1_clk (net)
                      0.110495    0.004183    2.734426 ^ clkbuf_2_3_2_clk/A (sky130_fd_sc_hd__clkbuf_8)
     2    0.023969    0.092959    0.262030    2.996456 ^ clkbuf_2_3_2_clk/X (sky130_fd_sc_hd__clkbuf_8)
                                                         clknet_2_3_2_clk (net)
                      0.093056    0.002666    2.999122 ^ clkbuf_3_6_0_clk/A (sky130_fd_sc_hd__clkbuf_8)
     1    0.037920    0.124426    0.282726    3.281848 ^ clkbuf_3_6_0_clk/X (sky130_fd_sc_hd__clkbuf_8)
                                                         clknet_3_6_0_clk (net)
                      0.124542    0.003375    3.285223 ^ clkbuf_3_6_1_clk/A (sky130_fd_sc_hd__clkbuf_8)
     2    0.032317    0.111390    0.286748    3.571971 ^ clkbuf_3_6_1_clk/X (sky130_fd_sc_hd__clkbuf_8)
                                                         clknet_3_6_1_clk (net)
                      0.111609    0.004228    3.576199 ^ clkbuf_4_13_0_clk/A (sky130_fd_sc_hd__clkbuf_8)
     2    0.048637    0.151031    0.308434    3.884632 ^ clkbuf_4_13_0_clk/X (sky130_fd_sc_hd__clkbuf_8)
                                                         clknet_4_13_0_clk (net)
                      0.152041    0.009792    3.894424 ^ clkbuf_5_26_0_clk/A (sky130_fd_sc_hd__clkbuf_8)
     8    0.162839    0.434322    0.525720    4.420145 ^ clkbuf_5_26_0_clk/X (sky130_fd_sc_hd__clkbuf_8)
                                                         clknet_5_26_0_clk (net)
                      0.435833    0.021091    4.441235 ^ clkbuf_8_214_0_clk/A (sky130_fd_sc_hd__clkbuf_8)
     2    0.025737    0.100965    0.407591    4.848826 ^ clkbuf_8_214_0_clk/X (sky130_fd_sc_hd__clkbuf_8)
                                                         clknet_8_214_0_clk (net)
                      0.100988    0.001498    4.850324 ^ clkbuf_9_429__f_clk/A (sky130_fd_sc_hd__clkbuf_16)
     5    0.063810    0.126052    0.289112    5.139436 ^ clkbuf_9_429__f_clk/X (sky130_fd_sc_hd__clkbuf_16)
                                                         clknet_9_429__leaf_clk (net)
                      0.126388    0.004300    5.143736 ^ clkbuf_leaf_1510_clk/A (sky130_fd_sc_hd__clkbuf_16)
     5    0.019960    0.067379    0.247265    5.391001 ^ clkbuf_leaf_1510_clk/X (sky130_fd_sc_hd__clkbuf_16)
                                                         clknet_leaf_1510_clk (net)
                      0.067379    0.000375    5.391376 ^ _199772_/CLK (sky130_fd_sc_hd__dfxtp_1)
     1    0.005591    0.105312    0.653526    6.044902 ^ _199772_/Q (sky130_fd_sc_hd__dfxtp_1)
                                                         core_instance.data_mem_read_address[7][3] (net)
                      0.105312    0.000418    6.045321 ^ place43491/A (sky130_fd_sc_hd__buf_6)
     2    0.047127    0.160242    0.265104    6.310425 ^ place43491/X (sky130_fd_sc_hd__buf_6)
                                                         net43491 (net)
                      0.160440    0.003697    6.314121 ^ wire61627/A (sky130_fd_sc_hd__clkbuf_4)
     1    0.035831    0.186093    0.374058    6.688179 ^ wire61627/X (sky130_fd_sc_hd__clkbuf_4)
                                                         net61627 (net)
                      0.186178    0.003705    6.691885 ^ wire61626/A (sky130_fd_sc_hd__buf_6)
     1    0.041144    0.142958    0.288951    6.980835 ^ wire61626/X (sky130_fd_sc_hd__buf_6)
                                                         net61626 (net)
                      0.143094    0.003956    6.984791 ^ wire61625/A (sky130_fd_sc_hd__buf_6)
     1    0.007242    0.048100    0.191885    7.176676 ^ wire61625/X (sky130_fd_sc_hd__buf_6)
                                                         net61625 (net)
                      0.048100    0.000564    7.177240 ^ wire67571/A (sky130_fd_sc_hd__clkbuf_4)
     2    0.039097    0.201073    0.330840    7.508080 ^ wire67571/X (sky130_fd_sc_hd__clkbuf_4)
                                                         net67571 (net)
                      0.201607    0.008336    7.516416 ^ wire61624/A (sky130_fd_sc_hd__clkbuf_2)
     1    0.019466    0.175086    0.328605    7.845021 ^ wire61624/X (sky130_fd_sc_hd__clkbuf_2)
                                                         net61624 (net)
                      0.175111    0.002121    7.847142 ^ wire61623/A (sky130_fd_sc_hd__clkbuf_2)
     1    0.036670    0.313585    0.412766    8.259908 ^ wire61623/X (sky130_fd_sc_hd__clkbuf_2)
                                                         net61623 (net)
                      0.313759    0.006099    8.266006 ^ _096171_/A (sky130_fd_sc_hd__inv_1)
     1    0.004749    0.091082    0.175725    8.441732 v _096171_/Y (sky130_fd_sc_hd__inv_1)
                                                         _020093_ (net)
                      0.091082    0.000223    8.441955 v place42038/A (sky130_fd_sc_hd__buf_6)
     1    0.039891    0.083742    0.260600    8.702555 v place42038/X (sky130_fd_sc_hd__buf_6)
                                                         net42038 (net)
                      0.084968    0.007923    8.710478 v wire57664/A (sky130_fd_sc_hd__buf_6)
     4    0.055993    0.105777    0.274076    8.984553 v wire57664/X (sky130_fd_sc_hd__buf_6)
                                                         net57664 (net)
                      0.107594    0.010979    8.995533 v _185212_/B (sky130_fd_sc_hd__nand2_1)
     3    0.012231    0.196409    0.211594    9.207127 ^ _185212_/Y (sky130_fd_sc_hd__nand2_1)
                                                         _015677_ (net)
                      0.196417    0.000975    9.208102 ^ _185213_/B (sky130_fd_sc_hd__nand2_1)
     5    0.023669    0.392616    0.397320    9.605422 v _185213_/Y (sky130_fd_sc_hd__nand2_1)
                                                         _015678_ (net)
                      0.392631    0.002086    9.607508 v _185224_/A (sky130_fd_sc_hd__nand2_1)
     1    0.009600    0.192685    0.298003    9.905511 ^ _185224_/Y (sky130_fd_sc_hd__nand2_1)
                                                         _015689_ (net)
                      0.192685    0.000615    9.906125 ^ _185225_/B1 (sky130_fd_sc_hd__o21ai_1)
     2    0.012233    0.238807    0.287320   10.193445 v _185225_/Y (sky130_fd_sc_hd__o21ai_1)
                                                         _015690_ (net)
                      0.238887    0.000720   10.194166 v _185226_/C (sky130_fd_sc_hd__maj3_1)
     2    0.010603    0.218228    0.920340   11.114506 v _185226_/X (sky130_fd_sc_hd__maj3_1)
                                                         _015691_ (net)
                      0.218228    0.000465   11.114970 v _185227_/C (sky130_fd_sc_hd__maj3_1)
     2    0.009844    0.209475    0.902929   12.017900 v _185227_/X (sky130_fd_sc_hd__maj3_1)
                                                         _015692_ (net)
                      0.209475    0.000689   12.018589 v _185228_/C (sky130_fd_sc_hd__maj3_1)
     2    0.010995    0.222553    0.913981   12.932570 v _185228_/X (sky130_fd_sc_hd__maj3_1)
                                                         _015693_ (net)
                      0.222553    0.000398   12.932968 v _185229_/B (sky130_fd_sc_hd__nand2_1)
     2    0.011646    0.242519    0.260533   13.193501 ^ _185229_/Y (sky130_fd_sc_hd__nand2_1)
                                                         _015694_ (net)
                      0.242519    0.000642   13.194143 ^ _185231_/A2 (sky130_fd_sc_hd__a21oi_1)
     2    0.006962    0.151071    0.244676   13.438819 v _185231_/Y (sky130_fd_sc_hd__a21oi_1)
                                                         _015696_ (net)
                      0.151071    0.000405   13.439224 v _185232_/A2 (sky130_fd_sc_hd__o21ai_1)
     2    0.013573    0.473108    0.461081   13.900306 ^ _185232_/Y (sky130_fd_sc_hd__o21ai_1)
                                                         _015697_ (net)
                      0.473114    0.001330   13.901635 ^ _185233_/B (sky130_fd_sc_hd__nand2_1)
     2    0.011432    0.229243    0.357770   14.259405 v _185233_/Y (sky130_fd_sc_hd__nand2_1)
                                                         _015698_ (net)
                      0.229244    0.000822   14.260226 v _185234_/C (sky130_fd_sc_hd__maj3_1)
     2    0.008957    0.199641    0.896562   15.156788 v _185234_/X (sky130_fd_sc_hd__maj3_1)
                                                         _015699_ (net)
                      0.199641    0.000520   15.157309 v _185235_/C (sky130_fd_sc_hd__maj3_1)
     2    0.012881    0.234487    0.932941   16.090250 v _185235_/X (sky130_fd_sc_hd__maj3_1)
                                                         _015700_ (net)
                      0.234488    0.000867   16.091116 v _185236_/C (sky130_fd_sc_hd__maj3_1)
     2    0.009141    0.201630    0.900878   16.991995 v _185236_/X (sky130_fd_sc_hd__maj3_1)
                                                         _015701_ (net)
                      0.201630    0.000595   16.992590 v _185237_/C (sky130_fd_sc_hd__maj3_1)
     4    0.015181    0.251869    0.952378   17.944967 v _185237_/X (sky130_fd_sc_hd__maj3_1)
                                                         _015702_ (net)
                      0.251869    0.000684   17.945650 v _185239_/A2 (sky130_fd_sc_hd__a211oi_1)
     1    0.007807    0.530635    0.641817   18.587467 ^ _185239_/Y (sky130_fd_sc_hd__a211oi_1)
                                                         _015704_ (net)
                      0.530635    0.000627   18.588095 ^ place33593/A (sky130_fd_sc_hd__buf_6)
     8    0.043447    0.153534    0.415833   19.003927 ^ place33593/X (sky130_fd_sc_hd__buf_6)
                                                         net33593 (net)
                      0.153934    0.005285   19.009212 ^ place33592/A (sky130_fd_sc_hd__buf_6)
     8    0.033234    0.119707    0.258041   19.267254 ^ place33592/X (sky130_fd_sc_hd__buf_6)
                                                         net33592 (net)
                      0.119748    0.002100   19.269352 ^ _185283_/A1 (sky130_fd_sc_hd__a22oi_1)
     3    0.015020    0.371099    0.326407   19.595760 v _185283_/Y (sky130_fd_sc_hd__a22oi_1)
                                                         _015748_ (net)
                      0.371099    0.000780   19.596540 v _185371_/A (sky130_fd_sc_hd__or3_1)
     1    0.003968    0.149649    0.974557   20.571098 v _185371_/X (sky130_fd_sc_hd__or3_1)
                                                         _015836_ (net)
                      0.149649    0.000249   20.571346 v _185373_/C (sky130_fd_sc_hd__nor4_1)
     1    0.010826    0.864784    0.810191   21.381536 ^ _185373_/Y (sky130_fd_sc_hd__nor4_1)
                                                         _015838_ (net)
                      0.864786    0.001007   21.382544 ^ _185375_/A4 (sky130_fd_sc_hd__a41oi_1)
     4    0.014321    0.533109    0.748292   22.130836 v _185375_/Y (sky130_fd_sc_hd__a41oi_1)
                                                         _015840_ (net)
                      0.533109    0.000806   22.131643 v _185376_/B (sky130_fd_sc_hd__and2_1)
     8    0.034245    0.322836    0.770729   22.902372 v _185376_/X (sky130_fd_sc_hd__and2_1)
                                                         _015841_ (net)
                      0.322836    0.001016   22.903389 v _185377_/C1 (sky130_fd_sc_hd__a211o_1)
     1    0.003927    0.096289    0.533644   23.437033 v _185377_/X (sky130_fd_sc_hd__a211o_1)
                                                         _015842_ (net)
                      0.096289    0.000254   23.437286 v _185380_/C (sky130_fd_sc_hd__nand4_1)
     1    0.002719    0.110418    0.150051   23.587337 ^ _185380_/Y (sky130_fd_sc_hd__nand4_1)
                                                         _015845_ (net)
                      0.110418    0.000126   23.587463 ^ _185381_/A2 (sky130_fd_sc_hd__a21oi_1)
     1    0.003823    0.103243    0.156488   23.743952 v _185381_/Y (sky130_fd_sc_hd__a21oi_1)
                                                         _006409_ (net)
                      0.103243    0.000250   23.744202 v _200973_/D (sky130_fd_sc_hd__dfxtp_1)
                                             23.744202   data arrival time

                                 20.000000   20.000000   clock clk (rise edge)
                                  0.000000   20.000000   clock source latency
     2    0.280564    0.000000    0.000000   20.000000 ^ clk (in)
                                                         clk (net)
                      0.410061    0.205031   20.205030 ^ clkbuf_0_clk/A (sky130_fd_sc_hd__clkbuf_16)
     2    0.013966    0.063831    0.359066   20.564096 ^ clkbuf_0_clk/X (sky130_fd_sc_hd__clkbuf_16)
                                                         clknet_0_clk (net)
                      0.063831    0.000833   20.564930 ^ clkbuf_1_0_0_clk/A (sky130_fd_sc_hd__clkbuf_8)
     1    0.025139    0.095857    0.243306   20.808235 ^ clkbuf_1_0_0_clk/X (sky130_fd_sc_hd__clkbuf_8)
                                                         clknet_1_0_0_clk (net)
                      0.096015    0.003439   20.811674 ^ clkbuf_1_0_1_clk/A (sky130_fd_sc_hd__clkbuf_8)
     1    0.026340    0.099188    0.260066   21.071741 ^ clkbuf_1_0_1_clk/X (sky130_fd_sc_hd__clkbuf_8)
                                                         clknet_1_0_1_clk (net)
                      0.099396    0.003997   21.075737 ^ clkbuf_1_0_2_clk/A (sky130_fd_sc_hd__clkbuf_8)
     1    0.028917    0.105775    0.266928   21.342665 ^ clkbuf_1_0_2_clk/X (sky130_fd_sc_hd__clkbuf_8)
                                                         clknet_1_0_2_clk (net)
                      0.106159    0.004654   21.347319 ^ clkbuf_1_0_3_clk/A (sky130_fd_sc_hd__clkbuf_8)
     1    0.029602    0.106719    0.272767   21.620087 ^ clkbuf_1_0_3_clk/X (sky130_fd_sc_hd__clkbuf_8)
                                                         clknet_1_0_3_clk (net)
                      0.106799    0.002661   21.622747 ^ clkbuf_1_0_4_clk/A (sky130_fd_sc_hd__clkbuf_8)
     2    0.022311    0.088891    0.256970   21.879717 ^ clkbuf_1_0_4_clk/X (sky130_fd_sc_hd__clkbuf_8)
                                                         clknet_1_0_4_clk (net)
                      0.088932    0.001760   21.881477 ^ clkbuf_2_1_0_clk/A (sky130_fd_sc_hd__clkbuf_8)
     1    0.030138    0.108116    0.265546   22.147022 ^ clkbuf_2_1_0_clk/X (sky130_fd_sc_hd__clkbuf_8)
                                                         clknet_2_1_0_clk (net)
                      0.108302    0.003959   22.150982 ^ clkbuf_2_1_1_clk/A (sky130_fd_sc_hd__clkbuf_8)
     1    0.027405    0.101939    0.267908   22.418890 ^ clkbuf_2_1_1_clk/X (sky130_fd_sc_hd__clkbuf_8)
                                                         clknet_2_1_1_clk (net)
                      0.102177    0.004318   22.423208 ^ clkbuf_2_1_2_clk/A (sky130_fd_sc_hd__clkbuf_8)
     2    0.022537    0.089481    0.255056   22.678265 ^ clkbuf_2_1_2_clk/X (sky130_fd_sc_hd__clkbuf_8)
                                                         clknet_2_1_2_clk (net)
                      0.089560    0.002364   22.680630 ^ clkbuf_3_3_0_clk/A (sky130_fd_sc_hd__clkbuf_8)
     1    0.030679    0.109761    0.266221   22.946850 ^ clkbuf_3_3_0_clk/X (sky130_fd_sc_hd__clkbuf_8)
                                                         clknet_3_3_0_clk (net)
                      0.110165    0.004908   22.951759 ^ clkbuf_3_3_1_clk/A (sky130_fd_sc_hd__clkbuf_8)
     2    0.034351    0.116193    0.283366   23.235125 ^ clkbuf_3_3_1_clk/X (sky130_fd_sc_hd__clkbuf_8)
                                                         clknet_3_3_1_clk (net)
                      0.116686    0.005302   23.240427 ^ clkbuf_4_7_0_clk/A (sky130_fd_sc_hd__clkbuf_8)
     2    0.047069    0.147205    0.308001   23.548428 ^ clkbuf_4_7_0_clk/X (sky130_fd_sc_hd__clkbuf_8)
                                                         clknet_4_7_0_clk (net)
                      0.148089    0.009038   23.557467 ^ clkbuf_5_15_0_clk/A (sky130_fd_sc_hd__clkbuf_8)
     8    0.155313    0.416064    0.506269   24.063734 ^ clkbuf_5_15_0_clk/X (sky130_fd_sc_hd__clkbuf_8)
                                                         clknet_5_15_0_clk (net)
                      0.418252    0.024762   24.088497 ^ clkbuf_8_124_0_clk/A (sky130_fd_sc_hd__clkbuf_8)
     2    0.027605    0.105117    0.404576   24.493073 ^ clkbuf_8_124_0_clk/X (sky130_fd_sc_hd__clkbuf_8)
                                                         clknet_8_124_0_clk (net)
                      0.105155    0.001890   24.494963 ^ clkbuf_9_249__f_clk/A (sky130_fd_sc_hd__clkbuf_16)
     5    0.060134    0.120765    0.287777   24.782740 ^ clkbuf_9_249__f_clk/X (sky130_fd_sc_hd__clkbuf_16)
                                                         clknet_9_249__leaf_clk (net)
                      0.120829    0.002499   24.785240 ^ clkbuf_leaf_1657_clk/A (sky130_fd_sc_hd__clkbuf_16)
     4    0.013876    0.059801    0.236055   25.021294 ^ clkbuf_leaf_1657_clk/X (sky130_fd_sc_hd__clkbuf_16)
                                                         clknet_leaf_1657_clk (net)
                      0.059801    0.000719   25.022013 ^ _200973_/CLK (sky130_fd_sc_hd__dfxtp_1)
                                 -0.250000   24.772015   clock uncertainty
                                  0.000000   24.772015   clock reconvergence pessimism
                                 -0.285547   24.486467   library setup time
                                             24.486467   data required time
---------------------------------------------------------------------------------------------
                                             24.486467   data required time
                                            -23.744202   data arrival time
---------------------------------------------------------------------------------------------
                                              0.742265   slack (MET)




===========================================================================
report_checks --slack_max -0.01
============================================================================
======================= max_ss_100C_1v60 Corner ===================================

No paths found.


===========================================================================
 report_check_types -max_slew -max_cap -max_fanout -violators
============================================================================
======================= max_ss_100C_1v60 Corner ===================================



===========================================================================
report_parasitic_annotation -report_unannotated
============================================================================
Found 774 unannotated drivers.
 clkload0/Y
 clkload1/Y
 clkload10/Y
 clkload100/X
 clkload101/X
 clkload102/Y
 clkload103/X
 clkload104/X
 clkload105/Y
 clkload106/Y
 clkload107/X
 clkload108/X
 clkload109/X
 clkload11/Y
 clkload110/Y
 clkload111/Y
 clkload112/Y
 clkload113/X
 clkload114/Y
 clkload115/Y
 clkload116/Y
 clkload117/X
 clkload118/X
 clkload119/X
 clkload12/Y
 clkload120/Y
 clkload121/Y
 clkload122/Y
 clkload123/X
 clkload124/Y
 clkload125/X
 clkload126/Y
 clkload127/Y
 clkload128/Y
 clkload129/Y
 clkload13/Y
 clkload130/Y
 clkload131/Y
 clkload132/X
 clkload133/Y
 clkload134/X
 clkload135/Y
 clkload136/Y
 clkload137/X
 clkload138/Y
 clkload139/X
 clkload14/Y
 clkload140/Y
 clkload141/X
 clkload142/Y
 clkload143/X
 clkload144/Y
 clkload145/X
 clkload146/Y
 clkload147/X
 clkload148/X
 clkload149/Y
 clkload15/Y
 clkload150/X
 clkload151/Y
 clkload152/Y
 clkload153/X
 clkload154/X
 clkload155/X
 clkload156/Y
 clkload157/Y
 clkload158/X
 clkload159/X
 clkload16/Y
 clkload160/X
 clkload161/Y
 clkload162/X
 clkload163/X
 clkload164/Y
 clkload165/Y
 clkload166/Y
 clkload167/X
 clkload168/X
 clkload169/Y
 clkload17/X
 clkload170/X
 clkload171/X
 clkload172/Y
 clkload173/X
 clkload174/X
 clkload175/X
 clkload176/Y
 clkload177/X
 clkload178/Y
 clkload179/Y
 clkload18/Y
 clkload180/X
 clkload181/Y
 clkload182/X
 clkload183/Y
 clkload184/X
 clkload185/X
 clkload186/Y
 clkload187/X
 clkload188/X
 clkload189/X
 clkload19/Y
 clkload190/X
 clkload191/Y
 clkload192/Y
 clkload193/Y
 clkload194/Y
 clkload195/Y
 clkload196/X
 clkload197/Y
 clkload198/Y
 clkload199/Y
 clkload2/Y
 clkload20/Y
 clkload200/X
 clkload201/Y
 clkload202/Y
 clkload203/Y
 clkload204/Y
 clkload205/Y
 clkload206/Y
 clkload207/Y
 clkload208/Y
 clkload209/Y
 clkload21/Y
 clkload210/Y
 clkload211/Y
 clkload212/Y
 clkload213/Y
 clkload214/Y
 clkload215/Y
 clkload216/Y
 clkload217/Y
 clkload218/X
 clkload219/X
 clkload22/Y
 clkload220/X
 clkload221/Y
 clkload222/Y
 clkload223/Y
 clkload224/Y
 clkload225/Y
 clkload226/Y
 clkload227/Y
 clkload228/Y
 clkload229/Y
 clkload23/Y
 clkload230/Y
 clkload231/Y
 clkload232/Y
 clkload233/Y
 clkload234/Y
 clkload235/Y
 clkload236/Y
 clkload237/Y
 clkload238/Y
 clkload239/Y
 clkload24/X
 clkload240/Y
 clkload241/Y
 clkload242/Y
 clkload243/Y
 clkload244/Y
 clkload245/Y
 clkload246/Y
 clkload247/Y
 clkload248/Y
 clkload249/Y
 clkload25/X
 clkload250/Y
 clkload251/Y
 clkload252/Y
 clkload253/Y
 clkload254/Y
 clkload255/Y
 clkload256/Y
 clkload257/Y
 clkload258/Y
 clkload259/Y
 clkload26/Y
 clkload260/Y
 clkload261/Y
 clkload262/Y
 clkload263/Y
 clkload264/Y
 clkload265/Y
 clkload266/Y
 clkload267/Y
 clkload268/X
 clkload269/Y
 clkload27/X
 clkload270/Y
 clkload271/X
 clkload272/X
 clkload273/Y
 clkload274/Y
 clkload275/Y
 clkload276/Y
 clkload277/Y
 clkload278/Y
 clkload279/Y
 clkload28/Y
 clkload280/Y
 clkload281/Y
 clkload282/Y
 clkload283/Y
 clkload284/Y
 clkload285/Y
 clkload286/Y
 clkload287/Y
 clkload288/Y
 clkload289/Y
 clkload29/X
 clkload290/Y
 clkload291/Y
 clkload292/Y
 clkload293/Y
 clkload294/Y
 clkload295/Y
 clkload296/Y
 clkload297/Y
 clkload298/Y
 clkload299/Y
 clkload3/Y
 clkload30/Y
 clkload300/Y
 clkload301/Y
 clkload302/Y
 clkload303/Y
 clkload304/X
 clkload305/X
 clkload306/Y
 clkload307/Y
 clkload308/Y
 clkload309/Y
 clkload31/Y
 clkload310/X
 clkload311/X
 clkload312/Y
 clkload313/Y
 clkload314/X
 clkload315/Y
 clkload316/Y
 clkload317/X
 clkload318/Y
 clkload319/Y
 clkload32/X
 clkload320/Y
 clkload321/Y
 clkload322/Y
 clkload323/Y
 clkload324/Y
 clkload325/Y
 clkload326/Y
 clkload327/Y
 clkload328/Y
 clkload329/Y
 clkload33/Y
 clkload330/Y
 clkload331/Y
 clkload332/Y
 clkload333/Y
 clkload334/Y
 clkload335/Y
 clkload336/Y
 clkload337/Y
 clkload338/Y
 clkload339/Y
 clkload34/Y
 clkload340/Y
 clkload341/Y
 clkload342/Y
 clkload343/Y
 clkload344/Y
 clkload345/Y
 clkload346/Y
 clkload347/Y
 clkload348/Y
 clkload349/Y
 clkload35/Y
 clkload350/Y
 clkload351/Y
 clkload352/Y
 clkload353/Y
 clkload354/Y
 clkload355/Y
 clkload356/Y
 clkload357/Y
 clkload358/Y
 clkload359/Y
 clkload36/Y
 clkload360/Y
 clkload361/Y
 clkload362/Y
 clkload363/Y
 clkload364/Y
 clkload365/Y
 clkload366/Y
 clkload367/Y
 clkload368/Y
 clkload369/Y
 clkload37/X
 clkload370/Y
 clkload371/Y
 clkload372/Y
 clkload373/Y
 clkload374/Y
 clkload375/Y
 clkload376/Y
 clkload377/Y
 clkload378/Y
 clkload379/Y
 clkload38/Y
 clkload380/Y
 clkload381/Y
 clkload382/Y
 clkload383/X
 clkload384/Y
 clkload385/Y
 clkload386/Y
 clkload387/Y
 clkload388/Y
 clkload389/Y
 clkload39/Y
 clkload390/Y
 clkload391/Y
 clkload392/Y
 clkload393/Y
 clkload394/Y
 clkload395/Y
 clkload396/Y
 clkload397/Y
 clkload398/Y
 clkload399/Y
 clkload4/X
 clkload40/Y
 clkload400/Y
 clkload401/Y
 clkload402/Y
 clkload403/Y
 clkload404/Y
 clkload405/Y
 clkload406/Y
 clkload407/Y
 clkload408/Y
 clkload409/Y
 clkload41/X
 clkload410/Y
 clkload411/Y
 clkload412/Y
 clkload413/Y
 clkload414/X
 clkload415/X
 clkload416/Y
 clkload417/X
 clkload418/Y
 clkload419/X
 clkload42/Y
 clkload420/Y
 clkload421/Y
 clkload422/Y
 clkload423/Y
 clkload424/X
 clkload425/Y
 clkload426/Y
 clkload427/Y
 clkload428/X
 clkload429/Y
 clkload43/X
 clkload430/X
 clkload431/Y
 clkload432/X
 clkload433/X
 clkload434/Y
 clkload435/Y
 clkload436/X
 clkload437/X
 clkload438/X
 clkload439/X
 clkload44/Y
 clkload440/Y
 clkload441/X
 clkload442/X
 clkload443/Y
 clkload444/Y
 clkload445/Y
 clkload446/Y
 clkload447/Y
 clkload448/Y
 clkload449/Y
 clkload45/Y
 clkload450/X
 clkload451/Y
 clkload452/Y
 clkload453/Y
 clkload454/Y
 clkload455/Y
 clkload456/Y
 clkload457/Y
 clkload458/Y
 clkload459/Y
 clkload46/Y
 clkload460/Y
 clkload461/Y
 clkload462/Y
 clkload463/Y
 clkload464/Y
 clkload465/Y
 clkload466/Y
 clkload467/Y
 clkload468/Y
 clkload469/Y
 clkload47/X
 clkload470/Y
 clkload471/Y
 clkload472/Y
 clkload473/Y
 clkload474/Y
 clkload475/X
 clkload476/Y
 clkload477/Y
 clkload478/Y
 clkload479/Y
 clkload48/Y
 clkload480/Y
 clkload481/Y
 clkload482/Y
 clkload483/Y
 clkload484/Y
 clkload485/Y
 clkload486/Y
 clkload487/X
 clkload488/Y
 clkload489/Y
 clkload49/X
 clkload490/Y
 clkload491/Y
 clkload492/Y
 clkload493/Y
 clkload494/Y
 clkload495/Y
 clkload496/Y
 clkload497/Y
 clkload498/Y
 clkload499/Y
 clkload5/Y
 clkload50/Y
 clkload500/Y
 clkload501/Y
 clkload502/Y
 clkload503/Y
 clkload504/Y
 clkload505/X
 clkload506/Y
 clkload507/Y
 clkload508/Y
 clkload509/Y
 clkload51/Y
 clkload510/Y
 clkload511/Y
 clkload512/Y
 clkload513/Y
 clkload514/Y
 clkload515/Y
 clkload516/Y
 clkload517/Y
 clkload518/Y
 clkload519/Y
 clkload52/X
 clkload520/Y
 clkload521/Y
 clkload522/Y
 clkload523/Y
 clkload524/Y
 clkload525/Y
 clkload526/Y
 clkload527/Y
 clkload528/Y
 clkload529/Y
 clkload53/X
 clkload530/Y
 clkload531/Y
 clkload532/Y
 clkload533/Y
 clkload534/Y
 clkload535/Y
 clkload536/Y
 clkload537/Y
 clkload538/Y
 clkload539/Y
 clkload54/X
 clkload540/Y
 clkload541/Y
 clkload542/Y
 clkload543/Y
 clkload544/Y
 clkload545/Y
 clkload546/Y
 clkload547/Y
 clkload548/Y
 clkload549/Y
 clkload55/Y
 clkload550/Y
 clkload551/Y
 clkload552/Y
 clkload553/Y
 clkload554/Y
 clkload555/Y
 clkload556/Y
 clkload557/Y
 clkload558/Y
 clkload559/Y
 clkload56/X
 clkload560/Y
 clkload561/Y
 clkload562/Y
 clkload563/Y
 clkload564/Y
 clkload565/Y
 clkload566/Y
 clkload567/Y
 clkload568/Y
 clkload569/Y
 clkload57/Y
 clkload570/Y
 clkload571/Y
 clkload572/X
 clkload573/Y
 clkload574/Y
 clkload575/Y
 clkload576/Y
 clkload577/Y
 clkload578/Y
 clkload579/Y
 clkload58/Y
 clkload580/Y
 clkload581/X
 clkload582/Y
 clkload583/Y
 clkload584/Y
 clkload585/Y
 clkload586/Y
 clkload587/Y
 clkload588/Y
 clkload589/Y
 clkload59/X
 clkload590/Y
 clkload591/Y
 clkload592/Y
 clkload593/Y
 clkload594/Y
 clkload595/Y
 clkload596/Y
 clkload597/Y
 clkload598/Y
 clkload599/Y
 clkload6/Y
 clkload60/X
 clkload600/Y
 clkload601/Y
 clkload602/Y
 clkload603/Y
 clkload604/Y
 clkload605/Y
 clkload606/Y
 clkload607/Y
 clkload608/Y
 clkload609/Y
 clkload61/Y
 clkload610/Y
 clkload611/Y
 clkload612/Y
 clkload613/Y
 clkload614/Y
 clkload615/Y
 clkload616/Y
 clkload617/Y
 clkload618/Y
 clkload619/Y
 clkload62/Y
 clkload620/Y
 clkload621/Y
 clkload622/Y
 clkload623/Y
 clkload624/Y
 clkload625/Y
 clkload626/Y
 clkload627/Y
 clkload628/Y
 clkload629/Y
 clkload63/X
 clkload630/Y
 clkload631/Y
 clkload632/Y
 clkload633/Y
 clkload634/Y
 clkload635/Y
 clkload636/Y
 clkload637/Y
 clkload638/Y
 clkload639/Y
 clkload64/Y
 clkload640/Y
 clkload641/Y
 clkload642/Y
 clkload643/Y
 clkload644/Y
 clkload645/Y
 clkload646/Y
 clkload647/Y
 clkload648/Y
 clkload649/Y
 clkload65/Y
 clkload650/Y
 clkload651/Y
 clkload652/Y
 clkload653/Y
 clkload654/Y
 clkload655/Y
 clkload656/Y
 clkload657/Y
 clkload658/Y
 clkload659/Y
 clkload66/Y
 clkload660/Y
 clkload661/Y
 clkload662/Y
 clkload663/Y
 clkload664/Y
 clkload665/Y
 clkload666/Y
 clkload667/Y
 clkload668/Y
 clkload669/Y
 clkload67/Y
 clkload670/Y
 clkload671/Y
 clkload672/Y
 clkload673/Y
 clkload674/X
 clkload675/X
 clkload676/X
 clkload677/Y
 clkload678/X
 clkload679/Y
 clkload68/Y
 clkload680/X
 clkload681/Y
 clkload682/Y
 clkload683/Y
 clkload684/Y
 clkload685/Y
 clkload686/X
 clkload687/Y
 clkload688/X
 clkload689/Y
 clkload69/Y
 clkload690/Y
 clkload691/Y
 clkload692/Y
 clkload693/Y
 clkload694/Y
 clkload695/Y
 clkload696/Y
 clkload697/Y
 clkload698/Y
 clkload699/Y
 clkload7/Y
 clkload70/Y
 clkload700/Y
 clkload701/Y
 clkload702/Y
 clkload703/Y
 clkload704/Y
 clkload705/Y
 clkload706/Y
 clkload707/Y
 clkload708/Y
 clkload709/Y
 clkload71/X
 clkload710/Y
 clkload711/Y
 clkload712/Y
 clkload713/Y
 clkload714/Y
 clkload715/Y
 clkload716/Y
 clkload717/Y
 clkload718/Y
 clkload719/Y
 clkload72/Y
 clkload720/Y
 clkload721/Y
 clkload722/Y
 clkload723/Y
 clkload724/Y
 clkload725/Y
 clkload726/Y
 clkload727/Y
 clkload728/Y
 clkload729/Y
 clkload73/Y
 clkload730/Y
 clkload731/Y
 clkload732/Y
 clkload733/Y
 clkload734/Y
 clkload735/Y
 clkload736/Y
 clkload737/Y
 clkload738/Y
 clkload739/Y
 clkload74/X
 clkload740/Y
 clkload741/Y
 clkload742/Y
 clkload743/Y
 clkload744/Y
 clkload745/Y
 clkload746/Y
 clkload747/Y
 clkload748/Y
 clkload749/Y
 clkload75/X
 clkload750/Y
 clkload751/Y
 clkload752/Y
 clkload753/Y
 clkload754/Y
 clkload755/Y
 clkload756/Y
 clkload757/Y
 clkload758/Y
 clkload759/Y
 clkload76/X
 clkload760/Y
 clkload761/Y
 clkload762/Y
 clkload763/Y
 clkload764/Y
 clkload765/Y
 clkload766/Y
 clkload767/Y
 clkload77/Y
 clkload78/X
 clkload79/Y
 clkload8/X
 clkload80/X
 clkload81/Y
 clkload82/Y
 clkload83/X
 clkload84/X
 clkload85/Y
 clkload86/X
 clkload87/X
 clkload88/X
 clkload89/X
 clkload9/Y
 clkload90/Y
 clkload91/X
 clkload92/X
 clkload93/X
 clkload94/Y
 clkload95/Y
 clkload96/X
 clkload97/X
 clkload98/X
 clkload99/Y
 core_tile/HI
 core_tile_64037/HI
 core_tile_64038/HI
 core_tile_64039/HI
 core_tile_64040/HI
 core_tile_64041/HI
Found 0 partially unannotated drivers.

===========================================================================
max slew violation count 0
max fanout violation count 0
max cap violation count 0
============================================================================

===========================================================================
check_setup -verbose -unconstrained_endpoints -multiple_clock -no_clock -no_input_delay -loops -generated_clocks
===========================================================================
