Clock: clk
Sources: clk 
Generated: no
Virtual: yes
Propagated: no
Period: 20.000000

===========================================================================
report_clock_properties
============================================================================
Clock                   Period          Waveform
----------------------------------------------------
clk                  20.000000    0.000000 10.000000

===========================================================================
report_clock_latency
============================================================================
Clock clk
rise -> rise
    min     max
0.000000 0.000000 source latency
4.620289         network latency _196098_/CLK
        5.416156 network latency _194918_/CLK
---------------
4.620289 5.416156 latency
        0.795867 skew

fall -> fall
    min     max
0.000000 0.000000 source latency
4.703799         network latency _196098_/CLK
        5.379614 network latency _194918_/CLK
---------------
4.703799 5.379614 latency
        0.675815 skew



===========================================================================
report_clock_min_period
============================================================================
clk period_min = 19.26 fmax = 51.93
