Clock: clk
Sources: clk 
Generated: no
Virtual: yes
Propagated: no
Period: 20.000000

===========================================================================
report_clock_properties
============================================================================
Clock                   Period          Waveform
----------------------------------------------------
clk                  20.000000    0.000000 10.000000

===========================================================================
report_clock_latency
============================================================================
Clock clk
rise -> rise
    min     max
0.000000 0.000000 source latency
4.798729         network latency _216203_/CLK
        5.352455 network latency _223610_/CLK
---------------
4.798729 5.352455 latency
        0.553726 skew

fall -> fall
    min     max
0.000000 0.000000 source latency
4.838199         network latency _216203_/CLK
        5.339497 network latency _223610_/CLK
---------------
4.838199 5.339497 latency
        0.501298 skew



===========================================================================
report_clock_min_period
============================================================================
clk period_min = 18.47 fmax = 54.14
