Clock: clk
Sources: clk 
Generated: no
Virtual: no
Propagated: no
Period: 20.000000

===========================================================================
report_clock_properties
============================================================================
Clock                   Period          Waveform
----------------------------------------------------
clk                  20.000000    0.000000 10.000000

===========================================================================
report_clock_latency
============================================================================
Clock clk
rise -> rise
    min     max
0.000000 0.000000 source latency
2.272922         network latency _273_/CLK
        2.272922 network latency _273_/CLK
---------------
2.272922 2.272922 latency
        0.000000 skew

fall -> fall
    min     max
0.000000 0.000000 source latency
1.091011         network latency _273_/CLK
        1.091011 network latency _273_/CLK
---------------
1.091011 1.091011 latency
        0.000000 skew



===========================================================================
report_clock_min_period
============================================================================
clk period_min = 6.28 fmax = 159.26
