
===========================================================================
report_checks -unconstrained
===========================================================================
======================= min_ss_100C_1v60 Corner ===================================

Startpoint: _4006_ (rising edge-triggered flip-flop clocked by clk)
Endpoint: gpio_out[19] (output port clocked by clk)
Path Group: clk
Path Type: max

Fanout         Cap        Slew       Delay        Time   Description
---------------------------------------------------------------------------------------------
                                  0.000000    0.000000   clock clk (rise edge)
                                  0.000000    0.000000   clock source latency
     2    0.028818    0.000000    0.000000    0.000000 ^ gpio_in[38] (in)
                                                         gpio_in[38] (net)
                      0.002451    0.001226    0.001226 ^ delaybuf_0_clk/A (sky130_fd_sc_hd__clkbuf_16)
     1    0.011195    0.056343    0.179817    0.181043 ^ delaybuf_0_clk/X (sky130_fd_sc_hd__clkbuf_16)
                                                         delaynet_0_clk (net)
                      0.056343    0.000258    0.181301 ^ delaybuf_1_clk/A (sky130_fd_sc_hd__clkbuf_16)
     1    0.011005    0.056217    0.202633    0.383933 ^ delaybuf_1_clk/X (sky130_fd_sc_hd__clkbuf_16)
                                                         delaynet_1_clk (net)
                      0.056217    0.000275    0.384208 ^ delaybuf_2_clk/A (sky130_fd_sc_hd__clkbuf_16)
     1    0.010904    0.056087    0.202441    0.586649 ^ delaybuf_2_clk/X (sky130_fd_sc_hd__clkbuf_16)
                                                         delaynet_2_clk (net)
                      0.056087    0.000227    0.586876 ^ delaybuf_3_clk/A (sky130_fd_sc_hd__clkbuf_16)
     1    0.010902    0.056087    0.202372    0.789249 ^ delaybuf_3_clk/X (sky130_fd_sc_hd__clkbuf_16)
                                                         delaynet_3_clk (net)
                      0.056087    0.000259    0.789508 ^ delaybuf_4_clk/A (sky130_fd_sc_hd__clkbuf_16)
     1    0.011337    0.056635    0.202986    0.992494 ^ delaybuf_4_clk/X (sky130_fd_sc_hd__clkbuf_16)
                                                         delaynet_4_clk (net)
                      0.056635    0.000284    0.992778 ^ delaybuf_5_clk/A (sky130_fd_sc_hd__clkbuf_16)
     1    0.011216    0.056481    0.203068    1.195846 ^ delaybuf_5_clk/X (sky130_fd_sc_hd__clkbuf_16)
                                                         delaynet_5_clk (net)
                      0.056481    0.000251    1.196096 ^ delaybuf_6_clk/A (sky130_fd_sc_hd__clkbuf_16)
     1    0.010764    0.055912    0.202358    1.398454 ^ delaybuf_6_clk/X (sky130_fd_sc_hd__clkbuf_16)
                                                         delaynet_6_clk (net)
                      0.055912    0.000244    1.398698 ^ delaybuf_7_clk/A (sky130_fd_sc_hd__clkbuf_16)
     1    0.010837    0.056005    0.202204    1.600902 ^ delaybuf_7_clk/X (sky130_fd_sc_hd__clkbuf_16)
                                                         delaynet_7_clk (net)
                      0.056005    0.000257    1.601159 ^ delaybuf_8_clk/A (sky130_fd_sc_hd__clkbuf_16)
     1    0.024636    0.073198    0.221250    1.822408 ^ delaybuf_8_clk/X (sky130_fd_sc_hd__clkbuf_16)
                                                         delaynet_8_clk (net)
                      0.073338    0.002313    1.824722 ^ wire2355/A (sky130_fd_sc_hd__buf_6)
     1    0.080539    0.261494    0.311193    2.135914 ^ wire2355/X (sky130_fd_sc_hd__buf_6)
                                                         net2355 (net)
                      0.265458    0.025741    2.161655 ^ wire2354/A (sky130_fd_sc_hd__buf_6)
     1    0.025708    0.100146    0.287007    2.448663 ^ wire2354/X (sky130_fd_sc_hd__buf_6)
                                                         net2354 (net)
                      0.100216    0.002528    2.451190 ^ delaybuf_9_clk/A (sky130_fd_sc_hd__clkbuf_16)
     1    0.013166    0.058904    0.225617    2.676808 ^ delaybuf_9_clk/X (sky130_fd_sc_hd__clkbuf_16)
                                                         delaynet_9_clk (net)
                      0.058904    0.000544    2.677351 ^ delaybuf_10_clk/A (sky130_fd_sc_hd__clkbuf_16)
     1    0.013922    0.059876    0.207874    2.885225 ^ delaybuf_10_clk/X (sky130_fd_sc_hd__clkbuf_16)
                                                         delaynet_10_clk (net)
                      0.059876    0.000602    2.885828 ^ delaybuf_11_clk/A (sky130_fd_sc_hd__clkbuf_16)
     1    0.014374    0.060441    0.208935    3.094762 ^ delaybuf_11_clk/X (sky130_fd_sc_hd__clkbuf_16)
                                                         delaynet_11_clk (net)
                      0.060441    0.000655    3.095417 ^ delaybuf_12_clk/A (sky130_fd_sc_hd__clkbuf_16)
     1    0.014430    0.060511    0.209264    3.304682 ^ delaybuf_12_clk/X (sky130_fd_sc_hd__clkbuf_16)
                                                         delaynet_12_clk (net)
                      0.060511    0.000664    3.305346 ^ delaybuf_13_clk/A (sky130_fd_sc_hd__clkbuf_16)
     1    0.013387    0.059208    0.207832    3.513178 ^ delaybuf_13_clk/X (sky130_fd_sc_hd__clkbuf_16)
                                                         delaynet_13_clk (net)
                      0.059208    0.000572    3.513750 ^ delaybuf_14_clk/A (sky130_fd_sc_hd__clkbuf_16)
     1    0.013328    0.059133    0.207172    3.720922 ^ delaybuf_14_clk/X (sky130_fd_sc_hd__clkbuf_16)
                                                         delaynet_14_clk (net)
                      0.059133    0.000560    3.721482 ^ delaybuf_15_clk/A (sky130_fd_sc_hd__clkbuf_16)
     1    0.015913    0.062362    0.210753    3.932235 ^ delaybuf_15_clk/X (sky130_fd_sc_hd__clkbuf_16)
                                                         delaynet_15_clk (net)
                      0.062362    0.000755    3.932990 ^ delaybuf_16_clk/A (sky130_fd_sc_hd__clkbuf_16)
     1    0.014507    0.060606    0.210232    4.143222 ^ delaybuf_16_clk/X (sky130_fd_sc_hd__clkbuf_16)
                                                         delaynet_16_clk (net)
                      0.060606    0.000686    4.143908 ^ delaybuf_17_clk/A (sky130_fd_sc_hd__clkbuf_16)
     1    0.014606    0.060731    0.209587    4.353496 ^ delaybuf_17_clk/X (sky130_fd_sc_hd__clkbuf_16)
                                                         delaynet_17_clk (net)
                      0.060731    0.000672    4.354167 ^ delaybuf_18_clk/A (sky130_fd_sc_hd__clkbuf_16)
     1    0.015886    0.062328    0.211435    4.565603 ^ delaybuf_18_clk/X (sky130_fd_sc_hd__clkbuf_16)
                                                         delaynet_18_clk (net)
                      0.062328    0.000751    4.566354 ^ delaybuf_19_clk/A (sky130_fd_sc_hd__clkbuf_16)
     1    0.013030    0.058758    0.208146    4.774499 ^ delaybuf_19_clk/X (sky130_fd_sc_hd__clkbuf_16)
                                                         delaynet_19_clk (net)
                      0.058758    0.000568    4.775068 ^ delaybuf_20_clk/A (sky130_fd_sc_hd__clkbuf_16)
     1    0.013607    0.059484    0.207355    4.982422 ^ delaybuf_20_clk/X (sky130_fd_sc_hd__clkbuf_16)
                                                         delaynet_20_clk (net)
                      0.059484    0.000592    4.983015 ^ delaybuf_21_clk/A (sky130_fd_sc_hd__clkbuf_16)
     1    0.013692    0.059593    0.207783    5.190798 ^ delaybuf_21_clk/X (sky130_fd_sc_hd__clkbuf_16)
                                                         delaynet_21_clk (net)
                      0.059593    0.000631    5.191428 ^ clkbuf_regs_0_clk/A (sky130_fd_sc_hd__clkbuf_16)
     1    0.008375    0.052333    0.199832    5.391260 ^ clkbuf_regs_0_clk/X (sky130_fd_sc_hd__clkbuf_16)
                                                         gpio_in[38]_regs (net)
                      0.052333    0.000091    5.391351 ^ clkbuf_0_gpio_in[38]_regs/A (sky130_fd_sc_hd__clkbuf_16)
     2    0.052021    0.109583    0.252397    5.643747 ^ clkbuf_0_gpio_in[38]_regs/X (sky130_fd_sc_hd__clkbuf_16)
                                                         clknet_0_gpio_in[38]_regs (net)
                      0.110762    0.008609    5.652356 ^ clkbuf_1_1_0_gpio_in[38]_regs/A (sky130_fd_sc_hd__clkbuf_16)
     1    0.065915    0.129653    0.289273    5.941628 ^ clkbuf_1_1_0_gpio_in[38]_regs/X (sky130_fd_sc_hd__clkbuf_16)
                                                         clknet_1_1_0_gpio_in[38]_regs (net)
                      0.133410    0.016916    5.958545 ^ clkbuf_1_1_1_gpio_in[38]_regs/A (sky130_fd_sc_hd__clkbuf_16)
     2    0.073359    0.139300    0.313088    6.271633 ^ clkbuf_1_1_1_gpio_in[38]_regs/X (sky130_fd_sc_hd__clkbuf_16)
                                                         clknet_1_1_1_gpio_in[38]_regs (net)
                      0.140304    0.009236    6.280869 ^ clkbuf_2_3_0_gpio_in[38]_regs/A (sky130_fd_sc_hd__clkbuf_16)
     2    0.056949    0.116554    0.298215    6.579084 ^ clkbuf_2_3_0_gpio_in[38]_regs/X (sky130_fd_sc_hd__clkbuf_16)
                                                         clknet_2_3_0_gpio_in[38]_regs (net)
                      0.116799    0.004025    6.583109 ^ clkbuf_3_6_0_gpio_in[38]_regs/A (sky130_fd_sc_hd__clkbuf_16)
     2    0.042049    0.096388    0.272768    6.855876 ^ clkbuf_3_6_0_gpio_in[38]_regs/X (sky130_fd_sc_hd__clkbuf_16)
                                                         clknet_3_6_0_gpio_in[38]_regs (net)
                      0.096576    0.002844    6.858720 ^ clkbuf_4_12_0_gpio_in[38]_regs/A (sky130_fd_sc_hd__clkbuf_16)
     2    0.022368    0.070401    0.237030    7.095750 ^ clkbuf_4_12_0_gpio_in[38]_regs/X (sky130_fd_sc_hd__clkbuf_16)
                                                         clknet_4_12_0_gpio_in[38]_regs (net)
                      0.070402    0.000371    7.096121 ^ clkbuf_5_25_0_gpio_in[38]_regs/A (sky130_fd_sc_hd__clkbuf_16)
     1    0.015539    0.061888    0.215285    7.311406 ^ clkbuf_5_25_0_gpio_in[38]_regs/X (sky130_fd_sc_hd__clkbuf_16)
                                                         clknet_5_25_0_gpio_in[38]_regs (net)
                      0.061888    0.000823    7.312228 ^ wire2300/A (sky130_fd_sc_hd__buf_6)
     2    0.055309    0.185108    0.260948    7.573176 ^ wire2300/X (sky130_fd_sc_hd__buf_6)
                                                         net2300 (net)
                      0.185597    0.007710    7.580886 ^ wire2299/A (sky130_fd_sc_hd__buf_6)
     1    0.106469    0.336315    0.425889    8.006775 ^ wire2299/X (sky130_fd_sc_hd__buf_6)
                                                         net2299 (net)
                      0.337043    0.012868    8.019643 ^ wire2298/A (sky130_fd_sc_hd__buf_6)
     1    0.035753    0.128543    0.333882    8.353525 ^ wire2298/X (sky130_fd_sc_hd__buf_6)
                                                         net2298 (net)
                      0.128684    0.003809    8.357335 ^ clkbuf_6_51__f_gpio_in[38]_regs/A (sky130_fd_sc_hd__clkbuf_16)
     3    0.037353    0.090731    0.273026    8.630361 ^ clkbuf_6_51__f_gpio_in[38]_regs/X (sky130_fd_sc_hd__clkbuf_16)
                                                         clknet_6_51__leaf_gpio_in[38]_regs (net)
                      0.090736    0.000793    8.631154 ^ clkbuf_leaf_137_gpio_in[38]_regs/A (sky130_fd_sc_hd__clkbuf_16)
     5    0.017764    0.064633    0.227902    8.859056 ^ clkbuf_leaf_137_gpio_in[38]_regs/X (sky130_fd_sc_hd__clkbuf_16)
                                                         clknet_leaf_137_gpio_in[38]_regs (net)
                      0.064633    0.000138    8.859194 ^ _4006_/CLK (sky130_fd_sc_hd__dfxtp_4)
     4    0.050810    0.245599    0.837403    9.696597 ^ _4006_/Q (sky130_fd_sc_hd__dfxtp_4)
                                                         bus_req (net)
                      0.245633    0.003004    9.699600 ^ wire3054/A (sky130_fd_sc_hd__clkbuf_8)
     1    0.051228    0.157852    0.374405   10.074005 ^ wire3054/X (sky130_fd_sc_hd__clkbuf_8)
                                                         net3054 (net)
                      0.158895    0.010181   10.084187 ^ wire3053/A (sky130_fd_sc_hd__buf_4)
     1    0.027210    0.135925    0.299813   10.383999 ^ wire3053/X (sky130_fd_sc_hd__buf_4)
                                                         net3053 (net)
                      0.136130    0.003010   10.387009 ^ wire1524/A (sky130_fd_sc_hd__buf_6)
     1    0.042279    0.146721    0.266533   10.653542 ^ wire1524/X (sky130_fd_sc_hd__buf_6)
                                                         net1524 (net)
                      0.147409    0.008040   10.661581 ^ wire1523/A (sky130_fd_sc_hd__buf_6)
     1    0.053342    0.179425    0.292948   10.954529 ^ wire1523/X (sky130_fd_sc_hd__buf_6)
                                                         net1523 (net)
                      0.180999    0.013440   10.967969 ^ _4805_/A (sky130_fd_sc_hd__clkbuf_4)
     1    0.032017    0.169491    0.370799   11.338768 ^ _4805_/X (sky130_fd_sc_hd__clkbuf_4)
                                                         net31 (net)
                      0.169786    0.004532   11.343300 ^ wire700/A (sky130_fd_sc_hd__buf_6)
     1    0.033180    0.119906    0.264086   11.607386 ^ wire700/X (sky130_fd_sc_hd__buf_6)
                                                         net700 (net)
                      0.120268    0.004467   11.611853 ^ wire699/A (sky130_fd_sc_hd__buf_6)
     1    0.032102    0.116256    0.239784   11.851637 ^ wire699/X (sky130_fd_sc_hd__buf_6)
                                                         net699 (net)
                      0.116514    0.004336   11.855972 ^ wire698/A (sky130_fd_sc_hd__buf_6)
     1    0.017458    0.075490    0.204511   12.060484 ^ wire698/X (sky130_fd_sc_hd__buf_6)
                                                         net698 (net)
                      0.075510    0.001251   12.061734 ^ wire2956/A (sky130_fd_sc_hd__buf_6)
     2    0.063612    0.209793    0.283045   12.344779 ^ wire2956/X (sky130_fd_sc_hd__buf_6)
                                                         net2956 (net)
                      0.210970    0.012678   12.357457 ^ output31/A (sky130_fd_sc_hd__buf_2)
     1    0.003427    0.050508    0.238377   12.595834 ^ output31/X (sky130_fd_sc_hd__buf_2)
                                                         gpio_out[19] (net)
                      0.050508    0.000060   12.595894 ^ gpio_out[19] (out)
                                             12.595894   data arrival time

                                 20.000000   20.000000   clock clk (rise edge)
                                  0.000000   20.000000   clock network delay (propagated)
                                 -0.250000   19.750002   clock uncertainty
                                  0.000000   19.750002   clock reconvergence pessimism
                                 -4.000000   15.750001   output external delay
                                             15.750001   data required time
---------------------------------------------------------------------------------------------
                                             15.750001   data required time
                                            -12.595894   data arrival time
---------------------------------------------------------------------------------------------
                                              3.154107   slack (MET)




===========================================================================
report_checks --slack_max -0.01
============================================================================
======================= min_ss_100C_1v60 Corner ===================================

No paths found.


===========================================================================
 report_check_types -max_slew -max_cap -max_fanout -violators
============================================================================
======================= min_ss_100C_1v60 Corner ===================================



===========================================================================
report_parasitic_annotation -report_unannotated
============================================================================
Found 927 unannotated drivers.
 analog_io[0]
 analog_io[10]
 analog_io[11]
 analog_io[12]
 analog_io[13]
 analog_io[14]
 analog_io[15]
 analog_io[16]
 analog_io[17]
 analog_io[18]
 analog_io[19]
 analog_io[1]
 analog_io[20]
 analog_io[21]
 analog_io[22]
 analog_io[23]
 analog_io[24]
 analog_io[25]
 analog_io[26]
 analog_io[27]
 analog_io[28]
 analog_io[29]
 analog_io[2]
 analog_io[30]
 analog_io[31]
 analog_io[32]
 analog_io[33]
 analog_io[34]
 analog_io[35]
 analog_io[36]
 analog_io[37]
 analog_io[38]
 analog_io[39]
 analog_io[3]
 analog_io[40]
 analog_io[41]
 analog_io[42]
 analog_io[43]
 analog_io[4]
 analog_io[5]
 analog_io[6]
 analog_io[7]
 analog_io[8]
 analog_io[9]
 analog_noesd_io[0]
 analog_noesd_io[10]
 analog_noesd_io[11]
 analog_noesd_io[12]
 analog_noesd_io[13]
 analog_noesd_io[14]
 analog_noesd_io[15]
 analog_noesd_io[16]
 analog_noesd_io[17]
 analog_noesd_io[18]
 analog_noesd_io[19]
 analog_noesd_io[1]
 analog_noesd_io[20]
 analog_noesd_io[21]
 analog_noesd_io[22]
 analog_noesd_io[23]
 analog_noesd_io[24]
 analog_noesd_io[25]
 analog_noesd_io[26]
 analog_noesd_io[27]
 analog_noesd_io[28]
 analog_noesd_io[29]
 analog_noesd_io[2]
 analog_noesd_io[30]
 analog_noesd_io[31]
 analog_noesd_io[32]
 analog_noesd_io[33]
 analog_noesd_io[34]
 analog_noesd_io[35]
 analog_noesd_io[36]
 analog_noesd_io[37]
 analog_noesd_io[38]
 analog_noesd_io[39]
 analog_noesd_io[3]
 analog_noesd_io[40]
 analog_noesd_io[41]
 analog_noesd_io[42]
 analog_noesd_io[43]
 analog_noesd_io[4]
 analog_noesd_io[5]
 analog_noesd_io[6]
 analog_noesd_io[7]
 analog_noesd_io[8]
 analog_noesd_io[9]
 gpio_in[0]
 gpio_in[10]
 gpio_in[11]
 gpio_in[12]
 gpio_in[13]
 gpio_in[14]
 gpio_in[15]
 gpio_in[16]
 gpio_in[17]
 gpio_in[18]
 gpio_in[19]
 gpio_in[1]
 gpio_in[22]
 gpio_in[23]
 gpio_in[2]
 gpio_in[3]
 gpio_in[41]
 gpio_in[42]
 gpio_in[43]
 gpio_in[4]
 gpio_in[5]
 gpio_in[6]
 gpio_in[7]
 gpio_in[8]
 gpio_in[9]
 gpio_in_h[0]
 gpio_in_h[10]
 gpio_in_h[11]
 gpio_in_h[12]
 gpio_in_h[13]
 gpio_in_h[14]
 gpio_in_h[15]
 gpio_in_h[16]
 gpio_in_h[17]
 gpio_in_h[18]
 gpio_in_h[19]
 gpio_in_h[1]
 gpio_in_h[20]
 gpio_in_h[21]
 gpio_in_h[22]
 gpio_in_h[23]
 gpio_in_h[24]
 gpio_in_h[25]
 gpio_in_h[26]
 gpio_in_h[27]
 gpio_in_h[28]
 gpio_in_h[29]
 gpio_in_h[2]
 gpio_in_h[30]
 gpio_in_h[31]
 gpio_in_h[32]
 gpio_in_h[33]
 gpio_in_h[34]
 gpio_in_h[35]
 gpio_in_h[36]
 gpio_in_h[37]
 gpio_in_h[38]
 gpio_in_h[39]
 gpio_in_h[3]
 gpio_in_h[40]
 gpio_in_h[41]
 gpio_in_h[42]
 gpio_in_h[43]
 gpio_in_h[4]
 gpio_in_h[5]
 gpio_in_h[6]
 gpio_in_h[7]
 gpio_in_h[8]
 gpio_in_h[9]
 gpio_loopback_one[0]
 gpio_loopback_one[10]
 gpio_loopback_one[11]
 gpio_loopback_one[12]
 gpio_loopback_one[13]
 gpio_loopback_one[14]
 gpio_loopback_one[15]
 gpio_loopback_one[16]
 gpio_loopback_one[17]
 gpio_loopback_one[18]
 gpio_loopback_one[19]
 gpio_loopback_one[1]
 gpio_loopback_one[20]
 gpio_loopback_one[21]
 gpio_loopback_one[22]
 gpio_loopback_one[23]
 gpio_loopback_one[24]
 gpio_loopback_one[25]
 gpio_loopback_one[26]
 gpio_loopback_one[27]
 gpio_loopback_one[28]
 gpio_loopback_one[29]
 gpio_loopback_one[2]
 gpio_loopback_one[30]
 gpio_loopback_one[31]
 gpio_loopback_one[32]
 gpio_loopback_one[33]
 gpio_loopback_one[34]
 gpio_loopback_one[35]
 gpio_loopback_one[36]
 gpio_loopback_one[37]
 gpio_loopback_one[38]
 gpio_loopback_one[39]
 gpio_loopback_one[3]
 gpio_loopback_one[40]
 gpio_loopback_one[41]
 gpio_loopback_one[42]
 gpio_loopback_one[43]
 gpio_loopback_one[4]
 gpio_loopback_one[5]
 gpio_loopback_one[6]
 gpio_loopback_one[7]
 gpio_loopback_one[8]
 gpio_loopback_one[9]
 gpio_loopback_zero[0]
 gpio_loopback_zero[10]
 gpio_loopback_zero[11]
 gpio_loopback_zero[12]
 gpio_loopback_zero[13]
 gpio_loopback_zero[14]
 gpio_loopback_zero[15]
 gpio_loopback_zero[16]
 gpio_loopback_zero[17]
 gpio_loopback_zero[18]
 gpio_loopback_zero[19]
 gpio_loopback_zero[1]
 gpio_loopback_zero[20]
 gpio_loopback_zero[21]
 gpio_loopback_zero[22]
 gpio_loopback_zero[23]
 gpio_loopback_zero[24]
 gpio_loopback_zero[25]
 gpio_loopback_zero[26]
 gpio_loopback_zero[27]
 gpio_loopback_zero[28]
 gpio_loopback_zero[29]
 gpio_loopback_zero[2]
 gpio_loopback_zero[30]
 gpio_loopback_zero[31]
 gpio_loopback_zero[32]
 gpio_loopback_zero[33]
 gpio_loopback_zero[34]
 gpio_loopback_zero[35]
 gpio_loopback_zero[36]
 gpio_loopback_zero[37]
 gpio_loopback_zero[38]
 gpio_loopback_zero[39]
 gpio_loopback_zero[3]
 gpio_loopback_zero[40]
 gpio_loopback_zero[41]
 gpio_loopback_zero[42]
 gpio_loopback_zero[43]
 gpio_loopback_zero[4]
 gpio_loopback_zero[5]
 gpio_loopback_zero[6]
 gpio_loopback_zero[7]
 gpio_loopback_zero[8]
 gpio_loopback_zero[9]
 mask_rev[0]
 mask_rev[10]
 mask_rev[11]
 mask_rev[12]
 mask_rev[13]
 mask_rev[14]
 mask_rev[15]
 mask_rev[16]
 mask_rev[17]
 mask_rev[18]
 mask_rev[19]
 mask_rev[1]
 mask_rev[20]
 mask_rev[21]
 mask_rev[22]
 mask_rev[23]
 mask_rev[24]
 mask_rev[25]
 mask_rev[26]
 mask_rev[27]
 mask_rev[28]
 mask_rev[29]
 mask_rev[2]
 mask_rev[30]
 mask_rev[31]
 mask_rev[3]
 mask_rev[4]
 mask_rev[5]
 mask_rev[6]
 mask_rev[7]
 mask_rev[8]
 mask_rev[9]
 por_l
 porb_h
 resetb_h
 _4236__2166/LO
 chip.gpu_inst.tiles\[0\].tile/data_mem_read_address[16]
 chip.gpu_inst.tiles\[0\].tile/data_mem_read_address[17]
 chip.gpu_inst.tiles\[0\].tile/data_mem_read_address[18]
 chip.gpu_inst.tiles\[0\].tile/data_mem_write_address[16]
 chip.gpu_inst.tiles\[0\].tile/data_mem_write_address[17]
 chip.gpu_inst.tiles\[0\].tile/data_mem_write_address[18]
 chip.gpu_inst.tiles\[1\].tile/data_mem_read_address[16]
 chip.gpu_inst.tiles\[1\].tile/data_mem_read_address[17]
 chip.gpu_inst.tiles\[1\].tile/data_mem_read_address[18]
 chip.gpu_inst.tiles\[1\].tile/data_mem_write_address[16]
 chip.gpu_inst.tiles\[1\].tile/data_mem_write_address[17]
 chip.gpu_inst.tiles\[1\].tile/data_mem_write_address[18]
 chip.gpu_inst.tiles\[2\].tile/data_mem_read_address[16]
 chip.gpu_inst.tiles\[2\].tile/data_mem_read_address[17]
 chip.gpu_inst.tiles\[2\].tile/data_mem_read_address[18]
 chip.gpu_inst.tiles\[2\].tile/data_mem_write_address[16]
 chip.gpu_inst.tiles\[2\].tile/data_mem_write_address[17]
 chip.gpu_inst.tiles\[2\].tile/data_mem_write_address[18]
 chip.gpu_inst.tiles\[3\].tile/data_mem_read_address[16]
 chip.gpu_inst.tiles\[3\].tile/data_mem_read_address[17]
 chip.gpu_inst.tiles\[3\].tile/data_mem_read_address[18]
 chip.gpu_inst.tiles\[3\].tile/data_mem_write_address[16]
 chip.gpu_inst.tiles\[3\].tile/data_mem_write_address[17]
 chip.gpu_inst.tiles\[3\].tile/data_mem_write_address[18]
 clkload0/X
 clkload1/Y
 clkload10/Y
 clkload11/Y
 clkload12/X
 clkload13/Y
 clkload14/Y
 clkload15/X
 clkload16/Y
 clkload17/Y
 clkload18/X
 clkload19/X
 clkload2/Y
 clkload20/Y
 clkload21/Y
 clkload22/Y
 clkload23/Y
 clkload24/Y
 clkload25/X
 clkload26/X
 clkload27/X
 clkload28/X
 clkload29/Y
 clkload3/Y
 clkload30/Y
 clkload31/Y
 clkload32/X
 clkload33/Y
 clkload34/Y
 clkload35/X
 clkload36/X
 clkload37/Y
 clkload38/Y
 clkload39/Y
 clkload4/X
 clkload40/Y
 clkload41/Y
 clkload42/Y
 clkload43/Y
 clkload44/Y
 clkload45/X
 clkload46/Y
 clkload47/X
 clkload48/X
 clkload49/Y
 clkload5/Y
 clkload50/Y
 clkload51/Y
 clkload52/Y
 clkload53/Y
 clkload54/Y
 clkload55/X
 clkload56/Y
 clkload57/X
 clkload58/Y
 clkload59/X
 clkload6/Y
 clkload60/Y
 clkload61/Y
 clkload62/Y
 clkload63/Y
 clkload64/X
 clkload65/X
 clkload66/X
 clkload67/Y
 clkload68/Y
 clkload69/Y
 clkload7/Y
 clkload70/X
 clkload71/Y
 clkload72/X
 clkload73/X
 clkload74/X
 clkload8/X
 clkload9/Y
 openframe_project_wrapper/HI
 openframe_project_wrapper_1735/HI
 openframe_project_wrapper_1736/HI
 openframe_project_wrapper_1737/HI
 openframe_project_wrapper_1738/HI
 openframe_project_wrapper_1739/HI
 openframe_project_wrapper_1740/HI
 openframe_project_wrapper_1741/HI
 openframe_project_wrapper_1742/HI
 openframe_project_wrapper_1743/HI
 openframe_project_wrapper_1744/HI
 openframe_project_wrapper_1745/HI
 openframe_project_wrapper_1746/HI
 openframe_project_wrapper_1747/HI
 openframe_project_wrapper_1748/HI
 openframe_project_wrapper_1749/HI
 openframe_project_wrapper_1750/HI
 openframe_project_wrapper_1751/HI
 openframe_project_wrapper_1752/HI
 openframe_project_wrapper_1753/HI
 openframe_project_wrapper_1754/HI
 openframe_project_wrapper_1755/HI
 openframe_project_wrapper_1756/HI
 openframe_project_wrapper_1757/HI
 openframe_project_wrapper_1758/HI
 openframe_project_wrapper_1759/HI
 openframe_project_wrapper_1760/HI
 openframe_project_wrapper_1761/HI
 openframe_project_wrapper_1762/HI
 openframe_project_wrapper_1763/HI
 openframe_project_wrapper_1764/HI
 openframe_project_wrapper_1765/HI
 openframe_project_wrapper_1766/HI
 openframe_project_wrapper_1767/HI
 openframe_project_wrapper_1768/HI
 openframe_project_wrapper_1769/HI
 openframe_project_wrapper_1770/HI
 openframe_project_wrapper_1771/HI
 openframe_project_wrapper_1772/HI
 openframe_project_wrapper_1773/HI
 openframe_project_wrapper_1774/HI
 openframe_project_wrapper_1775/HI
 openframe_project_wrapper_1776/HI
 openframe_project_wrapper_1777/HI
 openframe_project_wrapper_1778/HI
 openframe_project_wrapper_1779/HI
 openframe_project_wrapper_1780/HI
 openframe_project_wrapper_1781/HI
 openframe_project_wrapper_1782/HI
 openframe_project_wrapper_1783/HI
 openframe_project_wrapper_1784/HI
 openframe_project_wrapper_1785/HI
 openframe_project_wrapper_1786/HI
 openframe_project_wrapper_1787/HI
 openframe_project_wrapper_1788/HI
 openframe_project_wrapper_1789/HI
 openframe_project_wrapper_1790/HI
 openframe_project_wrapper_1791/HI
 openframe_project_wrapper_1792/HI
 openframe_project_wrapper_1793/HI
 openframe_project_wrapper_1794/HI
 openframe_project_wrapper_1795/HI
 openframe_project_wrapper_1796/HI
 openframe_project_wrapper_1797/HI
 openframe_project_wrapper_1798/HI
 openframe_project_wrapper_1799/HI
 openframe_project_wrapper_1800/HI
 openframe_project_wrapper_1801/HI
 openframe_project_wrapper_1802/HI
 openframe_project_wrapper_1803/HI
 openframe_project_wrapper_1804/HI
 openframe_project_wrapper_1805/HI
 openframe_project_wrapper_1806/HI
 openframe_project_wrapper_1807/HI
 openframe_project_wrapper_1808/HI
 openframe_project_wrapper_1809/HI
 openframe_project_wrapper_1810/HI
 openframe_project_wrapper_1811/HI
 openframe_project_wrapper_1812/HI
 openframe_project_wrapper_1813/HI
 openframe_project_wrapper_1814/HI
 openframe_project_wrapper_1815/HI
 openframe_project_wrapper_1816/HI
 openframe_project_wrapper_1817/HI
 openframe_project_wrapper_1818/HI
 openframe_project_wrapper_1819/HI
 openframe_project_wrapper_1820/HI
 openframe_project_wrapper_1821/HI
 openframe_project_wrapper_1822/HI
 openframe_project_wrapper_1823/HI
 openframe_project_wrapper_1824/HI
 openframe_project_wrapper_1825/HI
 openframe_project_wrapper_1826/HI
 openframe_project_wrapper_1827/HI
 openframe_project_wrapper_1828/HI
 openframe_project_wrapper_1829/HI
 openframe_project_wrapper_1830/HI
 openframe_project_wrapper_1831/HI
 openframe_project_wrapper_1832/HI
 openframe_project_wrapper_1833/HI
 openframe_project_wrapper_1834/HI
 openframe_project_wrapper_1835/HI
 openframe_project_wrapper_1836/HI
 openframe_project_wrapper_1837/HI
 openframe_project_wrapper_1838/HI
 openframe_project_wrapper_1839/HI
 openframe_project_wrapper_1840/HI
 openframe_project_wrapper_1841/HI
 openframe_project_wrapper_1842/HI
 openframe_project_wrapper_1843/HI
 openframe_project_wrapper_1844/HI
 openframe_project_wrapper_1845/HI
 openframe_project_wrapper_1846/HI
 openframe_project_wrapper_1847/HI
 openframe_project_wrapper_1848/HI
 openframe_project_wrapper_1849/HI
 openframe_project_wrapper_1850/HI
 openframe_project_wrapper_1851/HI
 openframe_project_wrapper_1852/HI
 openframe_project_wrapper_1853/HI
 openframe_project_wrapper_1854/HI
 openframe_project_wrapper_1855/HI
 openframe_project_wrapper_1856/HI
 openframe_project_wrapper_1857/HI
 openframe_project_wrapper_1858/HI
 openframe_project_wrapper_1859/HI
 openframe_project_wrapper_1860/HI
 openframe_project_wrapper_1861/HI
 openframe_project_wrapper_1862/HI
 openframe_project_wrapper_1863/HI
 openframe_project_wrapper_1864/HI
 openframe_project_wrapper_1865/HI
 openframe_project_wrapper_1866/HI
 openframe_project_wrapper_1867/HI
 openframe_project_wrapper_1868/HI
 openframe_project_wrapper_1869/HI
 openframe_project_wrapper_1870/HI
 openframe_project_wrapper_1871/HI
 openframe_project_wrapper_1872/HI
 openframe_project_wrapper_1873/HI
 openframe_project_wrapper_1874/HI
 openframe_project_wrapper_1875/HI
 openframe_project_wrapper_1876/HI
 openframe_project_wrapper_1877/HI
 openframe_project_wrapper_1878/HI
 openframe_project_wrapper_1879/HI
 openframe_project_wrapper_1880/HI
 openframe_project_wrapper_1881/HI
 openframe_project_wrapper_1882/HI
 openframe_project_wrapper_1883/HI
 openframe_project_wrapper_1884/HI
 openframe_project_wrapper_1885/HI
 openframe_project_wrapper_1886/HI
 openframe_project_wrapper_1887/HI
 openframe_project_wrapper_1888/HI
 openframe_project_wrapper_1889/HI
 openframe_project_wrapper_1890/HI
 openframe_project_wrapper_1891/HI
 openframe_project_wrapper_1892/HI
 openframe_project_wrapper_1893/HI
 openframe_project_wrapper_1894/HI
 openframe_project_wrapper_1895/HI
 openframe_project_wrapper_1896/HI
 openframe_project_wrapper_1897/HI
 openframe_project_wrapper_1898/HI
 openframe_project_wrapper_1899/HI
 openframe_project_wrapper_1900/HI
 openframe_project_wrapper_1901/HI
 openframe_project_wrapper_1902/HI
 openframe_project_wrapper_1903/HI
 openframe_project_wrapper_1904/HI
 openframe_project_wrapper_1905/HI
 openframe_project_wrapper_1906/HI
 openframe_project_wrapper_1907/HI
 openframe_project_wrapper_1908/HI
 openframe_project_wrapper_1909/HI
 openframe_project_wrapper_1910/HI
 openframe_project_wrapper_1911/HI
 openframe_project_wrapper_1912/HI
 openframe_project_wrapper_1913/HI
 openframe_project_wrapper_1914/HI
 openframe_project_wrapper_1915/HI
 openframe_project_wrapper_1916/HI
 openframe_project_wrapper_1917/HI
 openframe_project_wrapper_1918/HI
 openframe_project_wrapper_1919/HI
 openframe_project_wrapper_1920/HI
 openframe_project_wrapper_1921/HI
 openframe_project_wrapper_1922/HI
 openframe_project_wrapper_1923/HI
 openframe_project_wrapper_1924/HI
 openframe_project_wrapper_1925/HI
 openframe_project_wrapper_1926/HI
 openframe_project_wrapper_1927/HI
 openframe_project_wrapper_1928/HI
 openframe_project_wrapper_1929/HI
 openframe_project_wrapper_1930/HI
 openframe_project_wrapper_1931/HI
 openframe_project_wrapper_1932/HI
 openframe_project_wrapper_1933/HI
 openframe_project_wrapper_1934/HI
 openframe_project_wrapper_1935/HI
 openframe_project_wrapper_1936/HI
 openframe_project_wrapper_1937/HI
 openframe_project_wrapper_1938/HI
 openframe_project_wrapper_1939/HI
 openframe_project_wrapper_1940/HI
 openframe_project_wrapper_1941/HI
 openframe_project_wrapper_1942/HI
 openframe_project_wrapper_1943/HI
 openframe_project_wrapper_1944/HI
 openframe_project_wrapper_1945/HI
 openframe_project_wrapper_1946/HI
 openframe_project_wrapper_1947/HI
 openframe_project_wrapper_1948/HI
 openframe_project_wrapper_1949/HI
 openframe_project_wrapper_1950/HI
 openframe_project_wrapper_1951/HI
 openframe_project_wrapper_1952/HI
 openframe_project_wrapper_1953/HI
 openframe_project_wrapper_1954/HI
 openframe_project_wrapper_1955/HI
 openframe_project_wrapper_1956/HI
 openframe_project_wrapper_1957/HI
 openframe_project_wrapper_1958/HI
 openframe_project_wrapper_1959/HI
 openframe_project_wrapper_1960/HI
 openframe_project_wrapper_1961/HI
 openframe_project_wrapper_1962/HI
 openframe_project_wrapper_1963/HI
 openframe_project_wrapper_1964/HI
 openframe_project_wrapper_1965/HI
 openframe_project_wrapper_1966/HI
 openframe_project_wrapper_1967/HI
 openframe_project_wrapper_1968/HI
 openframe_project_wrapper_1969/HI
 openframe_project_wrapper_1970/HI
 openframe_project_wrapper_1971/HI
 openframe_project_wrapper_1972/HI
 openframe_project_wrapper_1973/HI
 openframe_project_wrapper_1974/HI
 openframe_project_wrapper_1975/HI
 openframe_project_wrapper_1976/HI
 openframe_project_wrapper_1977/HI
 openframe_project_wrapper_1978/HI
 openframe_project_wrapper_1979/HI
 openframe_project_wrapper_1980/HI
 openframe_project_wrapper_1981/HI
 openframe_project_wrapper_1982/HI
 openframe_project_wrapper_1983/HI
 openframe_project_wrapper_1984/HI
 openframe_project_wrapper_1985/HI
 openframe_project_wrapper_1986/HI
 openframe_project_wrapper_1987/HI
 openframe_project_wrapper_1988/HI
 openframe_project_wrapper_1989/HI
 openframe_project_wrapper_1990/HI
 openframe_project_wrapper_1991/HI
 openframe_project_wrapper_1992/HI
 openframe_project_wrapper_1993/HI
 openframe_project_wrapper_1994/HI
 openframe_project_wrapper_1995/HI
 openframe_project_wrapper_1996/HI
 openframe_project_wrapper_1997/HI
 openframe_project_wrapper_1998/HI
 openframe_project_wrapper_1999/HI
 openframe_project_wrapper_2000/HI
 openframe_project_wrapper_2001/HI
 openframe_project_wrapper_2002/HI
 openframe_project_wrapper_2003/HI
 openframe_project_wrapper_2004/HI
 openframe_project_wrapper_2005/HI
 openframe_project_wrapper_2006/HI
 openframe_project_wrapper_2007/HI
 openframe_project_wrapper_2008/HI
 openframe_project_wrapper_2009/HI
 openframe_project_wrapper_2010/HI
 openframe_project_wrapper_2011/HI
 openframe_project_wrapper_2012/HI
 openframe_project_wrapper_2013/HI
 openframe_project_wrapper_2014/HI
 openframe_project_wrapper_2015/HI
 openframe_project_wrapper_2016/HI
 openframe_project_wrapper_2017/HI
 openframe_project_wrapper_2018/HI
 openframe_project_wrapper_2019/HI
 openframe_project_wrapper_2020/HI
 openframe_project_wrapper_2021/HI
 openframe_project_wrapper_2022/HI
 openframe_project_wrapper_2023/HI
 openframe_project_wrapper_2024/HI
 openframe_project_wrapper_2025/HI
 openframe_project_wrapper_2026/HI
 openframe_project_wrapper_2027/HI
 openframe_project_wrapper_2028/HI
 openframe_project_wrapper_2029/HI
 openframe_project_wrapper_2030/HI
 openframe_project_wrapper_2031/HI
 openframe_project_wrapper_2032/HI
 openframe_project_wrapper_2033/HI
 openframe_project_wrapper_2034/HI
 openframe_project_wrapper_2035/HI
 openframe_project_wrapper_2036/HI
 openframe_project_wrapper_2037/HI
 openframe_project_wrapper_2038/HI
 openframe_project_wrapper_2039/HI
 openframe_project_wrapper_2040/HI
 openframe_project_wrapper_2041/HI
 openframe_project_wrapper_2042/HI
 openframe_project_wrapper_2043/HI
 openframe_project_wrapper_2044/HI
 openframe_project_wrapper_2045/HI
 openframe_project_wrapper_2046/HI
 openframe_project_wrapper_2047/HI
 openframe_project_wrapper_2048/HI
 openframe_project_wrapper_2049/HI
 openframe_project_wrapper_2050/HI
 openframe_project_wrapper_2051/HI
 openframe_project_wrapper_2052/HI
 openframe_project_wrapper_2053/HI
 openframe_project_wrapper_2054/HI
 openframe_project_wrapper_2055/HI
 openframe_project_wrapper_2056/HI
 openframe_project_wrapper_2057/HI
 openframe_project_wrapper_2058/HI
 openframe_project_wrapper_2059/HI
 openframe_project_wrapper_2060/HI
 openframe_project_wrapper_2061/HI
 openframe_project_wrapper_2062/HI
 openframe_project_wrapper_2063/HI
 openframe_project_wrapper_2064/HI
 openframe_project_wrapper_2065/HI
 openframe_project_wrapper_2066/HI
 openframe_project_wrapper_2067/HI
 openframe_project_wrapper_2068/HI
 openframe_project_wrapper_2069/HI
 openframe_project_wrapper_2070/HI
 openframe_project_wrapper_2071/HI
 openframe_project_wrapper_2072/HI
 openframe_project_wrapper_2073/HI
 openframe_project_wrapper_2074/HI
 openframe_project_wrapper_2075/HI
 openframe_project_wrapper_2076/HI
 openframe_project_wrapper_2077/HI
 openframe_project_wrapper_2078/HI
 openframe_project_wrapper_2079/HI
 openframe_project_wrapper_2080/HI
 openframe_project_wrapper_2081/HI
 openframe_project_wrapper_2082/HI
 openframe_project_wrapper_2083/HI
 openframe_project_wrapper_2084/HI
 openframe_project_wrapper_2085/HI
 openframe_project_wrapper_2086/HI
 openframe_project_wrapper_2087/HI
 openframe_project_wrapper_2088/HI
 openframe_project_wrapper_2089/HI
 openframe_project_wrapper_2090/HI
 openframe_project_wrapper_2091/HI
 openframe_project_wrapper_2092/HI
 openframe_project_wrapper_2093/HI
 openframe_project_wrapper_2094/HI
 openframe_project_wrapper_2095/HI
 openframe_project_wrapper_2096/HI
 openframe_project_wrapper_2097/HI
 openframe_project_wrapper_2098/HI
 openframe_project_wrapper_2099/HI
 openframe_project_wrapper_2100/HI
 openframe_project_wrapper_2101/HI
 openframe_project_wrapper_2102/HI
 openframe_project_wrapper_2103/HI
 openframe_project_wrapper_2104/HI
 openframe_project_wrapper_2105/HI
 openframe_project_wrapper_2106/HI
 openframe_project_wrapper_2107/HI
 openframe_project_wrapper_2108/HI
 openframe_project_wrapper_2109/HI
 openframe_project_wrapper_2110/HI
 openframe_project_wrapper_2111/HI
 openframe_project_wrapper_2112/HI
 openframe_project_wrapper_2113/HI
 openframe_project_wrapper_2114/HI
 openframe_project_wrapper_2115/HI
 openframe_project_wrapper_2116/HI
 openframe_project_wrapper_2117/HI
 openframe_project_wrapper_2118/HI
 openframe_project_wrapper_2119/HI
 openframe_project_wrapper_2120/HI
 openframe_project_wrapper_2121/HI
 openframe_project_wrapper_2122/HI
 openframe_project_wrapper_2123/HI
 openframe_project_wrapper_2124/HI
 openframe_project_wrapper_2125/HI
 openframe_project_wrapper_2126/HI
 openframe_project_wrapper_2127/HI
 openframe_project_wrapper_2128/HI
 openframe_project_wrapper_2129/HI
 openframe_project_wrapper_2130/HI
 openframe_project_wrapper_2131/HI
 openframe_project_wrapper_2132/HI
 openframe_project_wrapper_2133/HI
 openframe_project_wrapper_2134/HI
 openframe_project_wrapper_2135/HI
 openframe_project_wrapper_2136/HI
 openframe_project_wrapper_2137/HI
 openframe_project_wrapper_2138/HI
 openframe_project_wrapper_2139/HI
 openframe_project_wrapper_2140/HI
 openframe_project_wrapper_2141/HI
 openframe_project_wrapper_2142/HI
 openframe_project_wrapper_2143/HI
 openframe_project_wrapper_2144/HI
 openframe_project_wrapper_2145/HI
 openframe_project_wrapper_2146/HI
 openframe_project_wrapper_2147/HI
 openframe_project_wrapper_2148/HI
 openframe_project_wrapper_2149/HI
 openframe_project_wrapper_2150/HI
 openframe_project_wrapper_2151/HI
 openframe_project_wrapper_2152/HI
 openframe_project_wrapper_2153/HI
 openframe_project_wrapper_2154/HI
 openframe_project_wrapper_2155/HI
 openframe_project_wrapper_2156/HI
 openframe_project_wrapper_2157/HI
 openframe_project_wrapper_2158/HI
 openframe_project_wrapper_2159/HI
 openframe_project_wrapper_2160/HI
 openframe_project_wrapper_2161/HI
 openframe_project_wrapper_2162/HI
 openframe_project_wrapper_2163/HI
 openframe_project_wrapper_2164/HI
 openframe_project_wrapper_2165/HI
 openframe_project_wrapper_2167/LO
 openframe_project_wrapper_2168/LO
 openframe_project_wrapper_2169/LO
 openframe_project_wrapper_2170/LO
 openframe_project_wrapper_2171/LO
 openframe_project_wrapper_2172/LO
 openframe_project_wrapper_2173/LO
 openframe_project_wrapper_2174/LO
 openframe_project_wrapper_2175/LO
 openframe_project_wrapper_2176/LO
 openframe_project_wrapper_2177/LO
 openframe_project_wrapper_2178/LO
 openframe_project_wrapper_2179/LO
 openframe_project_wrapper_2180/LO
 openframe_project_wrapper_2181/LO
 openframe_project_wrapper_2182/LO
 openframe_project_wrapper_2183/LO
 openframe_project_wrapper_2184/LO
 openframe_project_wrapper_2185/LO
 openframe_project_wrapper_2186/LO
 openframe_project_wrapper_2187/LO
 openframe_project_wrapper_2188/LO
 openframe_project_wrapper_2189/LO
 openframe_project_wrapper_2190/LO
 openframe_project_wrapper_2191/LO
 openframe_project_wrapper_2192/LO
 openframe_project_wrapper_2193/LO
 openframe_project_wrapper_2194/LO
 openframe_project_wrapper_2195/LO
 openframe_project_wrapper_2196/LO
 openframe_project_wrapper_2197/LO
 openframe_project_wrapper_2198/LO
 openframe_project_wrapper_2199/LO
 openframe_project_wrapper_2200/LO
 openframe_project_wrapper_2201/LO
 openframe_project_wrapper_2202/LO
 openframe_project_wrapper_2203/LO
 openframe_project_wrapper_2204/LO
 openframe_project_wrapper_2205/LO
 openframe_project_wrapper_2206/LO
 openframe_project_wrapper_2207/LO
 openframe_project_wrapper_2208/LO
 openframe_project_wrapper_2209/LO
 openframe_project_wrapper_2210/LO
 openframe_project_wrapper_2211/LO
 openframe_project_wrapper_2212/LO
 openframe_project_wrapper_2213/LO
 openframe_project_wrapper_2214/LO
 openframe_project_wrapper_2215/LO
 openframe_project_wrapper_2216/LO
 openframe_project_wrapper_2217/LO
 openframe_project_wrapper_2218/LO
 openframe_project_wrapper_2219/LO
 openframe_project_wrapper_2220/LO
 openframe_project_wrapper_2221/LO
 openframe_project_wrapper_2222/LO
 openframe_project_wrapper_2223/LO
 openframe_project_wrapper_2224/LO
 openframe_project_wrapper_2225/LO
 openframe_project_wrapper_2226/LO
 openframe_project_wrapper_2227/LO
 openframe_project_wrapper_2228/LO
 openframe_project_wrapper_2229/LO
 openframe_project_wrapper_2230/LO
 openframe_project_wrapper_2231/LO
 openframe_project_wrapper_2232/LO
 openframe_project_wrapper_2233/LO
 openframe_project_wrapper_2234/LO
 openframe_project_wrapper_2235/LO
 openframe_project_wrapper_2236/LO
 openframe_project_wrapper_2237/LO
 openframe_project_wrapper_2238/LO
 openframe_project_wrapper_2239/LO
 openframe_project_wrapper_2240/LO
 openframe_project_wrapper_2241/LO
 openframe_project_wrapper_2242/LO
 openframe_project_wrapper_2243/LO
 openframe_project_wrapper_2244/LO
 openframe_project_wrapper_2245/LO
 openframe_project_wrapper_2246/LO
 openframe_project_wrapper_2247/LO
 openframe_project_wrapper_2248/LO
 openframe_project_wrapper_2249/LO
 openframe_project_wrapper_2250/LO
 openframe_project_wrapper_2251/LO
 openframe_project_wrapper_2252/LO
 openframe_project_wrapper_2253/LO
 openframe_project_wrapper_2254/LO
 openframe_project_wrapper_2255/LO
 openframe_project_wrapper_2256/LO
 openframe_project_wrapper_2257/LO
 openframe_project_wrapper_2258/LO
 openframe_project_wrapper_2259/LO
 openframe_project_wrapper_2260/LO
 openframe_project_wrapper_2261/LO
 openframe_project_wrapper_2262/LO
 openframe_project_wrapper_2263/LO
 openframe_project_wrapper_2264/LO
 openframe_project_wrapper_2265/LO
 openframe_project_wrapper_2266/LO
 openframe_project_wrapper_2267/LO
 openframe_project_wrapper_2268/LO
 openframe_project_wrapper_2269/LO
 openframe_project_wrapper_2270/LO
 openframe_project_wrapper_2271/LO
 openframe_project_wrapper_2272/LO
 openframe_project_wrapper_2273/LO
 openframe_project_wrapper_2274/LO
 openframe_project_wrapper_2275/LO
 openframe_project_wrapper_2276/LO
 openframe_project_wrapper_2277/LO
 openframe_project_wrapper_2278/LO
 openframe_project_wrapper_2279/LO
 openframe_project_wrapper_2280/LO
 openframe_project_wrapper_2281/LO
Found 0 partially unannotated drivers.

===========================================================================
max slew violation count 0
max fanout violation count 0
max cap violation count 0
============================================================================

===========================================================================
check_setup -verbose -unconstrained_endpoints -multiple_clock -no_clock -no_input_delay -loops -generated_clocks
===========================================================================
Warning: There are 282 input ports missing set_input_delay.
  analog_io[0]
  analog_io[10]
  analog_io[11]
  analog_io[12]
  analog_io[13]
  analog_io[14]
  analog_io[15]
  analog_io[16]
  analog_io[17]
  analog_io[18]
  analog_io[19]
  analog_io[1]
  analog_io[20]
  analog_io[21]
  analog_io[22]
  analog_io[23]
  analog_io[24]
  analog_io[25]
  analog_io[26]
  analog_io[27]
  analog_io[28]
  analog_io[29]
  analog_io[2]
  analog_io[30]
  analog_io[31]
  analog_io[32]
  analog_io[33]
  analog_io[34]
  analog_io[35]
  analog_io[36]
  analog_io[37]
  analog_io[38]
  analog_io[39]
  analog_io[3]
  analog_io[40]
  analog_io[41]
  analog_io[42]
  analog_io[43]
  analog_io[4]
  analog_io[5]
  analog_io[6]
  analog_io[7]
  analog_io[8]
  analog_io[9]
  analog_noesd_io[0]
  analog_noesd_io[10]
  analog_noesd_io[11]
  analog_noesd_io[12]
  analog_noesd_io[13]
  analog_noesd_io[14]
  analog_noesd_io[15]
  analog_noesd_io[16]
  analog_noesd_io[17]
  analog_noesd_io[18]
  analog_noesd_io[19]
  analog_noesd_io[1]
  analog_noesd_io[20]
  analog_noesd_io[21]
  analog_noesd_io[22]
  analog_noesd_io[23]
  analog_noesd_io[24]
  analog_noesd_io[25]
  analog_noesd_io[26]
  analog_noesd_io[27]
  analog_noesd_io[28]
  analog_noesd_io[29]
  analog_noesd_io[2]
  analog_noesd_io[30]
  analog_noesd_io[31]
  analog_noesd_io[32]
  analog_noesd_io[33]
  analog_noesd_io[34]
  analog_noesd_io[35]
  analog_noesd_io[36]
  analog_noesd_io[37]
  analog_noesd_io[38]
  analog_noesd_io[39]
  analog_noesd_io[3]
  analog_noesd_io[40]
  analog_noesd_io[41]
  analog_noesd_io[42]
  analog_noesd_io[43]
  analog_noesd_io[4]
  analog_noesd_io[5]
  analog_noesd_io[6]
  analog_noesd_io[7]
  analog_noesd_io[8]
  analog_noesd_io[9]
  gpio_in[0]
  gpio_in[10]
  gpio_in[11]
  gpio_in[12]
  gpio_in[13]
  gpio_in[14]
  gpio_in[15]
  gpio_in[16]
  gpio_in[17]
  gpio_in[18]
  gpio_in[19]
  gpio_in[1]
  gpio_in[22]
  gpio_in[23]
  gpio_in[2]
  gpio_in[3]
  gpio_in[41]
  gpio_in[42]
  gpio_in[43]
  gpio_in[4]
  gpio_in[5]
  gpio_in[6]
  gpio_in[7]
  gpio_in[8]
  gpio_in[9]
  gpio_in_h[0]
  gpio_in_h[10]
  gpio_in_h[11]
  gpio_in_h[12]
  gpio_in_h[13]
  gpio_in_h[14]
  gpio_in_h[15]
  gpio_in_h[16]
  gpio_in_h[17]
  gpio_in_h[18]
  gpio_in_h[19]
  gpio_in_h[1]
  gpio_in_h[20]
  gpio_in_h[21]
  gpio_in_h[22]
  gpio_in_h[23]
  gpio_in_h[24]
  gpio_in_h[25]
  gpio_in_h[26]
  gpio_in_h[27]
  gpio_in_h[28]
  gpio_in_h[29]
  gpio_in_h[2]
  gpio_in_h[30]
  gpio_in_h[31]
  gpio_in_h[32]
  gpio_in_h[33]
  gpio_in_h[34]
  gpio_in_h[35]
  gpio_in_h[36]
  gpio_in_h[37]
  gpio_in_h[38]
  gpio_in_h[39]
  gpio_in_h[3]
  gpio_in_h[40]
  gpio_in_h[41]
  gpio_in_h[42]
  gpio_in_h[43]
  gpio_in_h[4]
  gpio_in_h[5]
  gpio_in_h[6]
  gpio_in_h[7]
  gpio_in_h[8]
  gpio_in_h[9]
  gpio_loopback_one[0]
  gpio_loopback_one[10]
  gpio_loopback_one[11]
  gpio_loopback_one[12]
  gpio_loopback_one[13]
  gpio_loopback_one[14]
  gpio_loopback_one[15]
  gpio_loopback_one[16]
  gpio_loopback_one[17]
  gpio_loopback_one[18]
  gpio_loopback_one[19]
  gpio_loopback_one[1]
  gpio_loopback_one[20]
  gpio_loopback_one[21]
  gpio_loopback_one[22]
  gpio_loopback_one[23]
  gpio_loopback_one[24]
  gpio_loopback_one[25]
  gpio_loopback_one[26]
  gpio_loopback_one[27]
  gpio_loopback_one[28]
  gpio_loopback_one[29]
  gpio_loopback_one[2]
  gpio_loopback_one[30]
  gpio_loopback_one[31]
  gpio_loopback_one[32]
  gpio_loopback_one[33]
  gpio_loopback_one[34]
  gpio_loopback_one[35]
  gpio_loopback_one[36]
  gpio_loopback_one[37]
  gpio_loopback_one[38]
  gpio_loopback_one[39]
  gpio_loopback_one[3]
  gpio_loopback_one[40]
  gpio_loopback_one[41]
  gpio_loopback_one[42]
  gpio_loopback_one[43]
  gpio_loopback_one[4]
  gpio_loopback_one[5]
  gpio_loopback_one[6]
  gpio_loopback_one[7]
  gpio_loopback_one[8]
  gpio_loopback_one[9]
  gpio_loopback_zero[0]
  gpio_loopback_zero[10]
  gpio_loopback_zero[11]
  gpio_loopback_zero[12]
  gpio_loopback_zero[13]
  gpio_loopback_zero[14]
  gpio_loopback_zero[15]
  gpio_loopback_zero[16]
  gpio_loopback_zero[17]
  gpio_loopback_zero[18]
  gpio_loopback_zero[19]
  gpio_loopback_zero[1]
  gpio_loopback_zero[20]
  gpio_loopback_zero[21]
  gpio_loopback_zero[22]
  gpio_loopback_zero[23]
  gpio_loopback_zero[24]
  gpio_loopback_zero[25]
  gpio_loopback_zero[26]
  gpio_loopback_zero[27]
  gpio_loopback_zero[28]
  gpio_loopback_zero[29]
  gpio_loopback_zero[2]
  gpio_loopback_zero[30]
  gpio_loopback_zero[31]
  gpio_loopback_zero[32]
  gpio_loopback_zero[33]
  gpio_loopback_zero[34]
  gpio_loopback_zero[35]
  gpio_loopback_zero[36]
  gpio_loopback_zero[37]
  gpio_loopback_zero[38]
  gpio_loopback_zero[39]
  gpio_loopback_zero[3]
  gpio_loopback_zero[40]
  gpio_loopback_zero[41]
  gpio_loopback_zero[42]
  gpio_loopback_zero[43]
  gpio_loopback_zero[4]
  gpio_loopback_zero[5]
  gpio_loopback_zero[6]
  gpio_loopback_zero[7]
  gpio_loopback_zero[8]
  gpio_loopback_zero[9]
  mask_rev[0]
  mask_rev[10]
  mask_rev[11]
  mask_rev[12]
  mask_rev[13]
  mask_rev[14]
  mask_rev[15]
  mask_rev[16]
  mask_rev[17]
  mask_rev[18]
  mask_rev[19]
  mask_rev[1]
  mask_rev[20]
  mask_rev[21]
  mask_rev[22]
  mask_rev[23]
  mask_rev[24]
  mask_rev[25]
  mask_rev[26]
  mask_rev[27]
  mask_rev[28]
  mask_rev[29]
  mask_rev[2]
  mask_rev[30]
  mask_rev[31]
  mask_rev[3]
  mask_rev[4]
  mask_rev[5]
  mask_rev[6]
  mask_rev[7]
  mask_rev[8]
  mask_rev[9]
  por_l
  porb_h
  porb_l
  resetb_h
  resetb_l
Warning: There are 88 unconstrained endpoints.
  analog_io[0]
  analog_io[10]
  analog_io[11]
  analog_io[12]
  analog_io[13]
  analog_io[14]
  analog_io[15]
  analog_io[16]
  analog_io[17]
  analog_io[18]
  analog_io[19]
  analog_io[1]
  analog_io[20]
  analog_io[21]
  analog_io[22]
  analog_io[23]
  analog_io[24]
  analog_io[25]
  analog_io[26]
  analog_io[27]
  analog_io[28]
  analog_io[29]
  analog_io[2]
  analog_io[30]
  analog_io[31]
  analog_io[32]
  analog_io[33]
  analog_io[34]
  analog_io[35]
  analog_io[36]
  analog_io[37]
  analog_io[38]
  analog_io[39]
  analog_io[3]
  analog_io[40]
  analog_io[41]
  analog_io[42]
  analog_io[43]
  analog_io[4]
  analog_io[5]
  analog_io[6]
  analog_io[7]
  analog_io[8]
  analog_io[9]
  analog_noesd_io[0]
  analog_noesd_io[10]
  analog_noesd_io[11]
  analog_noesd_io[12]
  analog_noesd_io[13]
  analog_noesd_io[14]
  analog_noesd_io[15]
  analog_noesd_io[16]
  analog_noesd_io[17]
  analog_noesd_io[18]
  analog_noesd_io[19]
  analog_noesd_io[1]
  analog_noesd_io[20]
  analog_noesd_io[21]
  analog_noesd_io[22]
  analog_noesd_io[23]
  analog_noesd_io[24]
  analog_noesd_io[25]
  analog_noesd_io[26]
  analog_noesd_io[27]
  analog_noesd_io[28]
  analog_noesd_io[29]
  analog_noesd_io[2]
  analog_noesd_io[30]
  analog_noesd_io[31]
  analog_noesd_io[32]
  analog_noesd_io[33]
  analog_noesd_io[34]
  analog_noesd_io[35]
  analog_noesd_io[36]
  analog_noesd_io[37]
  analog_noesd_io[38]
  analog_noesd_io[39]
  analog_noesd_io[3]
  analog_noesd_io[40]
  analog_noesd_io[41]
  analog_noesd_io[42]
  analog_noesd_io[43]
  analog_noesd_io[4]
  analog_noesd_io[5]
  analog_noesd_io[6]
  analog_noesd_io[7]
  analog_noesd_io[8]
  analog_noesd_io[9]
