Clock: clk
Sources: gpio_in[38] 
Generated: no
Virtual: yes
Propagated: no
Period: 20.000000

===========================================================================
report_clock_properties
============================================================================
Clock                   Period          Waveform
----------------------------------------------------
clk                  20.000000    0.000000 10.000000

===========================================================================
report_clock_latency
============================================================================
Clock clk
rise -> rise
    min     max
0.000000 0.000000 source latency
7.679141         network latency _3807_/CLK
        12.056477 network latency _4236_/CLK
---------------
7.679141 12.056477 latency
        4.377335 skew

fall -> fall
    min     max
0.000000 0.000000 source latency
3.276492         network latency chip.gpu_inst.tiles[0].tile/clk
        12.127376 network latency _4236_/CLK
---------------
3.276492 12.127376 latency
        8.850883 skew



===========================================================================
report_clock_min_period
============================================================================
clk period_min = 14.62 fmax = 68.41
