                                                                       Cells by Function                                                                        
┏━━━━━━━━━━━━━━━━━━━━━━━━━━━━━━━━━━━━━━━━━━━━━━━━━━━━━━━━━━━━━━━━━━━━━━━━━━━━━━━━━━━━━━━━━━━━━━━━━━━━━━━━━━━━━━━━━━━━━━━━━━━━━━━━┳━━━━━━━━━━━━━━━━━━━━━━━━━━━━━┓
┃ Cell Function                                                                                                                  ┃ Count                       ┃
┡━━━━━━━━━━━━━━━━━━━━━━━━━━━━━━━━━━━━━━━━━━━━━━━━━━━━━━━━━━━━━━━━━━━━━━━━━━━━━━━━━━━━━━━━━━━━━━━━━━━━━━━━━━━━━━━━━━━━━━━━━━━━━━━━╇━━━━━━━━━━━━━━━━━━━━━━━━━━━━━┩
│ sky130_fd_sc_hd__a2111o                                                                                                        │ 2                           │
│ sky130_fd_sc_hd__a211o                                                                                                         │ 3                           │
│ sky130_fd_sc_hd__a211oi                                                                                                        │ 3                           │
│ sky130_fd_sc_hd__a21bo                                                                                                         │ 1                           │
│ sky130_fd_sc_hd__a21boi                                                                                                        │ 8                           │
│ sky130_fd_sc_hd__a21o                                                                                                          │ 43                          │
│ sky130_fd_sc_hd__a21oi                                                                                                         │ 57                          │
│ sky130_fd_sc_hd__a221o                                                                                                         │ 2                           │
│ sky130_fd_sc_hd__a22o                                                                                                          │ 94                          │
│ sky130_fd_sc_hd__a311o                                                                                                         │ 2                           │
│ sky130_fd_sc_hd__a31o                                                                                                          │ 7                           │
│ sky130_fd_sc_hd__a32o                                                                                                          │ 46                          │
│ sky130_fd_sc_hd__a41o                                                                                                          │ 1                           │
│ sky130_fd_sc_hd__and2                                                                                                          │ 92                          │
│ sky130_fd_sc_hd__and2b                                                                                                         │ 21                          │
│ sky130_fd_sc_hd__and3                                                                                                          │ 11                          │
│ sky130_fd_sc_hd__and3b                                                                                                         │ 2                           │
│ sky130_fd_sc_hd__and4                                                                                                          │ 4                           │
│ sky130_fd_sc_hd__and4b                                                                                                         │ 3                           │
│ sky130_fd_sc_hd__and4bb                                                                                                        │ 1                           │
│ sky130_fd_sc_hd__buf                                                                                                           │ 203                         │
│ sky130_fd_sc_hd__clkbuf                                                                                                        │ 322                         │
│ sky130_fd_sc_hd__conb                                                                                                          │ 2                           │
│ sky130_fd_sc_hd__decap                                                                                                         │ 1751                        │
│ sky130_fd_sc_hd__dfxtp                                                                                                         │ 82                          │
│ sky130_fd_sc_hd__diode                                                                                                         │ 14                          │
│ sky130_fd_sc_hd__fa                                                                                                            │ 2                           │
│ sky130_fd_sc_hd__fill                                                                                                          │ 809                         │
│ sky130_fd_sc_hd__inv                                                                                                           │ 27                          │
│ sky130_fd_sc_hd__mux2                                                                                                          │ 2                           │
│ sky130_fd_sc_hd__nand2                                                                                                         │ 83                          │
│ sky130_fd_sc_hd__nand2b                                                                                                        │ 5                           │
│ sky130_fd_sc_hd__nand3                                                                                                         │ 5                           │
│ sky130_fd_sc_hd__nand3b                                                                                                        │ 1                           │
│ sky130_fd_sc_hd__nand4                                                                                                         │ 3                           │
│ sky130_fd_sc_hd__nand4bb                                                                                                       │ 1                           │
│ sky130_fd_sc_hd__nor2                                                                                                          │ 90                          │
│ sky130_fd_sc_hd__nor2b                                                                                                         │ 5                           │
│ sky130_fd_sc_hd__nor3                                                                                                          │ 3                           │
│ sky130_fd_sc_hd__o211a                                                                                                         │ 52                          │
│ sky130_fd_sc_hd__o211ai                                                                                                        │ 3                           │
│ sky130_fd_sc_hd__o21a                                                                                                          │ 24                          │
│ sky130_fd_sc_hd__o21ai                                                                                                         │ 20                          │
│ sky130_fd_sc_hd__o21ba                                                                                                         │ 5                           │
│ sky130_fd_sc_hd__o21bai                                                                                                        │ 4                           │
│ sky130_fd_sc_hd__o22a                                                                                                          │ 3                           │
│ sky130_fd_sc_hd__o2bb2a                                                                                                        │ 7                           │
│ sky130_fd_sc_hd__o311a                                                                                                         │ 2                           │
│ sky130_fd_sc_hd__o31a                                                                                                          │ 7                           │
│ sky130_fd_sc_hd__o31ai                                                                                                         │ 3                           │
│ sky130_fd_sc_hd__o32a                                                                                                          │ 3                           │
│ sky130_fd_sc_hd__o41a                                                                                                          │ 1                           │
│ sky130_fd_sc_hd__or2                                                                                                           │ 94                          │
│ sky130_fd_sc_hd__or2b                                                                                                          │ 13                          │
│ sky130_fd_sc_hd__or3                                                                                                           │ 6                           │
│ sky130_fd_sc_hd__or3b                                                                                                          │ 11                          │
│ sky130_fd_sc_hd__or4                                                                                                           │ 11                          │
│ sky130_fd_sc_hd__tapvpwrvgnd                                                                                                   │ 368                         │
│ sky130_fd_sc_hd__xnor2                                                                                                         │ 181                         │
│ sky130_fd_sc_hd__xor2                                                                                                          │ 168                         │
└────────────────────────────────────────────────────────────────────────────────────────────────────────────────────────────────┴─────────────────────────────┘
