                                                                        Cells by Master                                                                         
┏━━━━━━━━━━━━━━━━━━━━━━━━━━━━━━━━━━━━━━━━━━━━━━━━━━━━━━━━━━━━━━━━━━━━━━━━━━━━━━━━━━━━━━━━━━━━━━━━━━━━━━━━━━━━━━━━━━━━━━━━━━━━━━━━━┳━━━━━━━━━━━━━━━━━━━━━━━━━━━━┓
┃ Cell                                                                                                                            ┃ Count                      ┃
┡━━━━━━━━━━━━━━━━━━━━━━━━━━━━━━━━━━━━━━━━━━━━━━━━━━━━━━━━━━━━━━━━━━━━━━━━━━━━━━━━━━━━━━━━━━━━━━━━━━━━━━━━━━━━━━━━━━━━━━━━━━━━━━━━━╇━━━━━━━━━━━━━━━━━━━━━━━━━━━━┩
│ sky130_fd_sc_hd__a2111o_2                                                                                                       │ 2                          │
│ sky130_fd_sc_hd__a211o_2                                                                                                        │ 3                          │
│ sky130_fd_sc_hd__a211oi_2                                                                                                       │ 3                          │
│ sky130_fd_sc_hd__a21bo_2                                                                                                        │ 1                          │
│ sky130_fd_sc_hd__a21boi_2                                                                                                       │ 8                          │
│ sky130_fd_sc_hd__a21o_2                                                                                                         │ 42                         │
│ sky130_fd_sc_hd__a21o_4                                                                                                         │ 1                          │
│ sky130_fd_sc_hd__a21oi_2                                                                                                        │ 55                         │
│ sky130_fd_sc_hd__a21oi_4                                                                                                        │ 2                          │
│ sky130_fd_sc_hd__a221o_2                                                                                                        │ 2                          │
│ sky130_fd_sc_hd__a22o_2                                                                                                         │ 94                         │
│ sky130_fd_sc_hd__a311o_2                                                                                                        │ 2                          │
│ sky130_fd_sc_hd__a31o_2                                                                                                         │ 7                          │
│ sky130_fd_sc_hd__a32o_2                                                                                                         │ 46                         │
│ sky130_fd_sc_hd__a41o_2                                                                                                         │ 1                          │
│ sky130_fd_sc_hd__and2_2                                                                                                         │ 91                         │
│ sky130_fd_sc_hd__and2_4                                                                                                         │ 1                          │
│ sky130_fd_sc_hd__and2b_2                                                                                                        │ 21                         │
│ sky130_fd_sc_hd__and3_2                                                                                                         │ 11                         │
│ sky130_fd_sc_hd__and3b_2                                                                                                        │ 2                          │
│ sky130_fd_sc_hd__and4_2                                                                                                         │ 3                          │
│ sky130_fd_sc_hd__and4_4                                                                                                         │ 1                          │
│ sky130_fd_sc_hd__and4b_2                                                                                                        │ 3                          │
│ sky130_fd_sc_hd__and4bb_2                                                                                                       │ 1                          │
│ sky130_fd_sc_hd__buf_1                                                                                                          │ 103                        │
│ sky130_fd_sc_hd__buf_2                                                                                                          │ 88                         │
│ sky130_fd_sc_hd__buf_4                                                                                                          │ 1                          │
│ sky130_fd_sc_hd__buf_6                                                                                                          │ 4                          │
│ sky130_fd_sc_hd__buf_8                                                                                                          │ 7                          │
│ sky130_fd_sc_hd__clkbuf_1                                                                                                       │ 15                         │
│ sky130_fd_sc_hd__clkbuf_16                                                                                                      │ 1                          │
│ sky130_fd_sc_hd__clkbuf_2                                                                                                       │ 276                        │
│ sky130_fd_sc_hd__clkbuf_4                                                                                                       │ 14                         │
│ sky130_fd_sc_hd__clkbuf_8                                                                                                       │ 16                         │
│ sky130_fd_sc_hd__conb_1                                                                                                         │ 2                          │
│ sky130_fd_sc_hd__decap_3                                                                                                        │ 1751                       │
│ sky130_fd_sc_hd__dfxtp_2                                                                                                        │ 82                         │
│ sky130_fd_sc_hd__diode_2                                                                                                        │ 14                         │
│ sky130_fd_sc_hd__fa_1                                                                                                           │ 2                          │
│ sky130_fd_sc_hd__fill_1                                                                                                         │ 435                        │
│ sky130_fd_sc_hd__fill_2                                                                                                         │ 374                        │
│ sky130_fd_sc_hd__inv_2                                                                                                          │ 25                         │
│ sky130_fd_sc_hd__inv_4                                                                                                          │ 1                          │
│ sky130_fd_sc_hd__inv_6                                                                                                          │ 1                          │
│ sky130_fd_sc_hd__mux2_2                                                                                                         │ 2                          │
│ sky130_fd_sc_hd__nand2_2                                                                                                        │ 83                         │
│ sky130_fd_sc_hd__nand2b_2                                                                                                       │ 5                          │
│ sky130_fd_sc_hd__nand3_2                                                                                                        │ 5                          │
│ sky130_fd_sc_hd__nand3b_2                                                                                                       │ 1                          │
│ sky130_fd_sc_hd__nand4_2                                                                                                        │ 3                          │
│ sky130_fd_sc_hd__nand4bb_2                                                                                                      │ 1                          │
│ sky130_fd_sc_hd__nor2_2                                                                                                         │ 90                         │
│ sky130_fd_sc_hd__nor2b_2                                                                                                        │ 5                          │
│ sky130_fd_sc_hd__nor3_2                                                                                                         │ 3                          │
│ sky130_fd_sc_hd__o211a_2                                                                                                        │ 52                         │
│ sky130_fd_sc_hd__o211ai_2                                                                                                       │ 3                          │
│ sky130_fd_sc_hd__o21a_2                                                                                                         │ 23                         │
│ sky130_fd_sc_hd__o21a_4                                                                                                         │ 1                          │
│ sky130_fd_sc_hd__o21ai_2                                                                                                        │ 19                         │
│ sky130_fd_sc_hd__o21ai_4                                                                                                        │ 1                          │
│ sky130_fd_sc_hd__o21ba_2                                                                                                        │ 5                          │
│ sky130_fd_sc_hd__o21bai_2                                                                                                       │ 4                          │
│ sky130_fd_sc_hd__o22a_2                                                                                                         │ 3                          │
│ sky130_fd_sc_hd__o2bb2a_2                                                                                                       │ 7                          │
│ sky130_fd_sc_hd__o311a_2                                                                                                        │ 2                          │
│ sky130_fd_sc_hd__o31a_2                                                                                                         │ 7                          │
│ sky130_fd_sc_hd__o31ai_2                                                                                                        │ 3                          │
│ sky130_fd_sc_hd__o32a_2                                                                                                         │ 3                          │
│ sky130_fd_sc_hd__o41a_2                                                                                                         │ 1                          │
│ sky130_fd_sc_hd__or2_2                                                                                                          │ 93                         │
│ sky130_fd_sc_hd__or2_4                                                                                                          │ 1                          │
│ sky130_fd_sc_hd__or2b_2                                                                                                         │ 13                         │
│ sky130_fd_sc_hd__or3_2                                                                                                          │ 6                          │
│ sky130_fd_sc_hd__or3b_2                                                                                                         │ 9                          │
│ sky130_fd_sc_hd__or3b_4                                                                                                         │ 2                          │
│ sky130_fd_sc_hd__or4_2                                                                                                          │ 9                          │
│ sky130_fd_sc_hd__or4_4                                                                                                          │ 2                          │
│ sky130_fd_sc_hd__tapvpwrvgnd_1                                                                                                  │ 368                        │
│ sky130_fd_sc_hd__xnor2_2                                                                                                        │ 181                        │
│ sky130_fd_sc_hd__xor2_2                                                                                                         │ 167                        │
│ sky130_fd_sc_hd__xor2_4                                                                                                         │ 1                          │
└─────────────────────────────────────────────────────────────────────────────────────────────────────────────────────────────────┴────────────────────────────┘
