                                                                       Cells by Function                                                                        
┏━━━━━━━━━━━━━━━━━━━━━━━━━━━━━━━━━━━━━━━━━━━━━━━━━━━━━━━━━━━━━━━━━━━━━━━━━━━━━━━━━━━━━━━━━━━━━━━━━━━━━━━━━━━━━━━━━━━━━━━━━━━━━━━━┳━━━━━━━━━━━━━━━━━━━━━━━━━━━━━┓
┃ Cell Function                                                                                                                  ┃ Count                       ┃
┡━━━━━━━━━━━━━━━━━━━━━━━━━━━━━━━━━━━━━━━━━━━━━━━━━━━━━━━━━━━━━━━━━━━━━━━━━━━━━━━━━━━━━━━━━━━━━━━━━━━━━━━━━━━━━━━━━━━━━━━━━━━━━━━━╇━━━━━━━━━━━━━━━━━━━━━━━━━━━━━┩
│ sky130_fd_sc_hd__a2111o                                                                                                        │ 48                          │
│ sky130_fd_sc_hd__a2111oi                                                                                                       │ 1                           │
│ sky130_fd_sc_hd__a211o                                                                                                         │ 426                         │
│ sky130_fd_sc_hd__a211oi                                                                                                        │ 81                          │
│ sky130_fd_sc_hd__a21bo                                                                                                         │ 184                         │
│ sky130_fd_sc_hd__a21boi                                                                                                        │ 29                          │
│ sky130_fd_sc_hd__a21o                                                                                                          │ 890                         │
│ sky130_fd_sc_hd__a21oi                                                                                                         │ 877                         │
│ sky130_fd_sc_hd__a221o                                                                                                         │ 634                         │
│ sky130_fd_sc_hd__a221oi                                                                                                        │ 1                           │
│ sky130_fd_sc_hd__a22o                                                                                                          │ 2929                        │
│ sky130_fd_sc_hd__a22oi                                                                                                         │ 28                          │
│ sky130_fd_sc_hd__a2bb2o                                                                                                        │ 26                          │
│ sky130_fd_sc_hd__a2bb2oi                                                                                                       │ 1                           │
│ sky130_fd_sc_hd__a311o                                                                                                         │ 21                          │
│ sky130_fd_sc_hd__a311oi                                                                                                        │ 3                           │
│ sky130_fd_sc_hd__a31o                                                                                                          │ 244                         │
│ sky130_fd_sc_hd__a31oi                                                                                                         │ 33                          │
│ sky130_fd_sc_hd__a32o                                                                                                          │ 147                         │
│ sky130_fd_sc_hd__a32oi                                                                                                         │ 4                           │
│ sky130_fd_sc_hd__a41o                                                                                                          │ 6                           │
│ sky130_fd_sc_hd__and2                                                                                                          │ 1599                        │
│ sky130_fd_sc_hd__and2b                                                                                                         │ 350                         │
│ sky130_fd_sc_hd__and3                                                                                                          │ 622                         │
│ sky130_fd_sc_hd__and3b                                                                                                         │ 59                          │
│ sky130_fd_sc_hd__and4                                                                                                          │ 26                          │
│ sky130_fd_sc_hd__and4b                                                                                                         │ 23                          │
│ sky130_fd_sc_hd__and4bb                                                                                                        │ 12                          │
│ sky130_fd_sc_hd__buf                                                                                                           │ 1046                        │
│ sky130_fd_sc_hd__clkbuf                                                                                                        │ 903                         │
│ sky130_fd_sc_hd__clkinv                                                                                                        │ 36                          │
│ sky130_fd_sc_hd__clkinvlp                                                                                                      │ 1                           │
│ sky130_fd_sc_hd__conb                                                                                                          │ 48                          │
│ sky130_fd_sc_hd__decap                                                                                                         │ 35422                       │
│ sky130_fd_sc_hd__dfxtp                                                                                                         │ 2240                        │
│ sky130_fd_sc_hd__diode                                                                                                         │ 228                         │
│ sky130_fd_sc_hd__fa                                                                                                            │ 24                          │
│ sky130_fd_sc_hd__fill                                                                                                          │ 12964                       │
│ sky130_fd_sc_hd__inv                                                                                                           │ 480                         │
│ sky130_fd_sc_hd__mux2                                                                                                          │ 138                         │
│ sky130_fd_sc_hd__nand2                                                                                                         │ 1365                        │
│ sky130_fd_sc_hd__nand2b                                                                                                        │ 210                         │
│ sky130_fd_sc_hd__nand3                                                                                                         │ 387                         │
│ sky130_fd_sc_hd__nand3b                                                                                                        │ 11                          │
│ sky130_fd_sc_hd__nand4                                                                                                         │ 2                           │
│ sky130_fd_sc_hd__nor2                                                                                                          │ 1983                        │
│ sky130_fd_sc_hd__nor3                                                                                                          │ 220                         │
│ sky130_fd_sc_hd__nor3b                                                                                                         │ 10                          │
│ sky130_fd_sc_hd__nor4                                                                                                          │ 9                           │
│ sky130_fd_sc_hd__o2111a                                                                                                        │ 5                           │
│ sky130_fd_sc_hd__o2111ai                                                                                                       │ 1                           │
│ sky130_fd_sc_hd__o211a                                                                                                         │ 629                         │
│ sky130_fd_sc_hd__o211ai                                                                                                        │ 105                         │
│ sky130_fd_sc_hd__o21a                                                                                                          │ 557                         │
│ sky130_fd_sc_hd__o21ai                                                                                                         │ 599                         │
│ sky130_fd_sc_hd__o21ba                                                                                                         │ 124                         │
│ sky130_fd_sc_hd__o21bai                                                                                                        │ 61                          │
│ sky130_fd_sc_hd__o221a                                                                                                         │ 248                         │
│ sky130_fd_sc_hd__o221ai                                                                                                        │ 5                           │
│ sky130_fd_sc_hd__o22a                                                                                                          │ 38                          │
│ sky130_fd_sc_hd__o22ai                                                                                                         │ 10                          │
│ sky130_fd_sc_hd__o2bb2a                                                                                                        │ 108                         │
│ sky130_fd_sc_hd__o311a                                                                                                         │ 25                          │
│ sky130_fd_sc_hd__o311ai                                                                                                        │ 4                           │
│ sky130_fd_sc_hd__o31a                                                                                                          │ 79                          │
│ sky130_fd_sc_hd__o31ai                                                                                                         │ 16                          │
│ sky130_fd_sc_hd__o32a                                                                                                          │ 41                          │
│ sky130_fd_sc_hd__o32ai                                                                                                         │ 2                           │
│ sky130_fd_sc_hd__o41a                                                                                                          │ 6                           │
│ sky130_fd_sc_hd__o41ai                                                                                                         │ 2                           │
│ sky130_fd_sc_hd__or2                                                                                                           │ 1427                        │
│ sky130_fd_sc_hd__or3                                                                                                           │ 456                         │
│ sky130_fd_sc_hd__or3b                                                                                                          │ 126                         │
│ sky130_fd_sc_hd__or4                                                                                                           │ 204                         │
│ sky130_fd_sc_hd__or4b                                                                                                          │ 38                          │
│ sky130_fd_sc_hd__or4bb                                                                                                         │ 12                          │
│ sky130_fd_sc_hd__tapvpwrvgnd                                                                                                   │ 6460                        │
│ sky130_fd_sc_hd__xnor2                                                                                                         │ 1815                        │
│ sky130_fd_sc_hd__xor2                                                                                                          │ 1229                        │
└────────────────────────────────────────────────────────────────────────────────────────────────────────────────────────────────┴─────────────────────────────┘
