                                                                        Cells by Master                                                                         
┏━━━━━━━━━━━━━━━━━━━━━━━━━━━━━━━━━━━━━━━━━━━━━━━━━━━━━━━━━━━━━━━━━━━━━━━━━━━━━━━━━━━━━━━━━━━━━━━━━━━━━━━━━━━━━━━━━━━━━━━━━━━━━━━━━┳━━━━━━━━━━━━━━━━━━━━━━━━━━━━┓
┃ Cell                                                                                                                            ┃ Count                      ┃
┡━━━━━━━━━━━━━━━━━━━━━━━━━━━━━━━━━━━━━━━━━━━━━━━━━━━━━━━━━━━━━━━━━━━━━━━━━━━━━━━━━━━━━━━━━━━━━━━━━━━━━━━━━━━━━━━━━━━━━━━━━━━━━━━━━╇━━━━━━━━━━━━━━━━━━━━━━━━━━━━┩
│ sky130_fd_sc_hd__a2111o_2                                                                                                       │ 48                         │
│ sky130_fd_sc_hd__a2111oi_4                                                                                                      │ 1                          │
│ sky130_fd_sc_hd__a211o_2                                                                                                        │ 426                        │
│ sky130_fd_sc_hd__a211oi_2                                                                                                       │ 81                         │
│ sky130_fd_sc_hd__a21bo_2                                                                                                        │ 184                        │
│ sky130_fd_sc_hd__a21boi_2                                                                                                       │ 29                         │
│ sky130_fd_sc_hd__a21o_2                                                                                                         │ 890                        │
│ sky130_fd_sc_hd__a21oi_2                                                                                                        │ 877                        │
│ sky130_fd_sc_hd__a221o_2                                                                                                        │ 634                        │
│ sky130_fd_sc_hd__a221oi_2                                                                                                       │ 1                          │
│ sky130_fd_sc_hd__a22o_2                                                                                                         │ 2929                       │
│ sky130_fd_sc_hd__a22oi_2                                                                                                        │ 28                         │
│ sky130_fd_sc_hd__a2bb2o_2                                                                                                       │ 26                         │
│ sky130_fd_sc_hd__a2bb2oi_2                                                                                                      │ 1                          │
│ sky130_fd_sc_hd__a311o_2                                                                                                        │ 21                         │
│ sky130_fd_sc_hd__a311oi_2                                                                                                       │ 3                          │
│ sky130_fd_sc_hd__a31o_2                                                                                                         │ 244                        │
│ sky130_fd_sc_hd__a31oi_2                                                                                                        │ 33                         │
│ sky130_fd_sc_hd__a32o_2                                                                                                         │ 147                        │
│ sky130_fd_sc_hd__a32oi_2                                                                                                        │ 4                          │
│ sky130_fd_sc_hd__a41o_2                                                                                                         │ 6                          │
│ sky130_fd_sc_hd__and2_2                                                                                                         │ 1597                       │
│ sky130_fd_sc_hd__and2_4                                                                                                         │ 2                          │
│ sky130_fd_sc_hd__and2b_2                                                                                                        │ 349                        │
│ sky130_fd_sc_hd__and2b_4                                                                                                        │ 1                          │
│ sky130_fd_sc_hd__and3_2                                                                                                         │ 622                        │
│ sky130_fd_sc_hd__and3b_2                                                                                                        │ 58                         │
│ sky130_fd_sc_hd__and3b_4                                                                                                        │ 1                          │
│ sky130_fd_sc_hd__and4_2                                                                                                         │ 26                         │
│ sky130_fd_sc_hd__and4b_2                                                                                                        │ 17                         │
│ sky130_fd_sc_hd__and4b_4                                                                                                        │ 6                          │
│ sky130_fd_sc_hd__and4bb_2                                                                                                       │ 8                          │
│ sky130_fd_sc_hd__and4bb_4                                                                                                       │ 4                          │
│ sky130_fd_sc_hd__buf_12                                                                                                         │ 19                         │
│ sky130_fd_sc_hd__buf_2                                                                                                          │ 454                        │
│ sky130_fd_sc_hd__buf_6                                                                                                          │ 550                        │
│ sky130_fd_sc_hd__buf_8                                                                                                          │ 23                         │
│ sky130_fd_sc_hd__clkbuf_16                                                                                                      │ 576                        │
│ sky130_fd_sc_hd__clkbuf_2                                                                                                       │ 218                        │
│ sky130_fd_sc_hd__clkbuf_4                                                                                                       │ 97                         │
│ sky130_fd_sc_hd__clkbuf_8                                                                                                       │ 12                         │
│ sky130_fd_sc_hd__clkinv_16                                                                                                      │ 27                         │
│ sky130_fd_sc_hd__clkinv_8                                                                                                       │ 9                          │
│ sky130_fd_sc_hd__clkinvlp_4                                                                                                     │ 1                          │
│ sky130_fd_sc_hd__conb_1                                                                                                         │ 48                         │
│ sky130_fd_sc_hd__decap_3                                                                                                        │ 35422                      │
│ sky130_fd_sc_hd__dfxtp_2                                                                                                        │ 2212                       │
│ sky130_fd_sc_hd__dfxtp_4                                                                                                        │ 28                         │
│ sky130_fd_sc_hd__diode_2                                                                                                        │ 228                        │
│ sky130_fd_sc_hd__fa_1                                                                                                           │ 24                         │
│ sky130_fd_sc_hd__fill_1                                                                                                         │ 6978                       │
│ sky130_fd_sc_hd__fill_2                                                                                                         │ 5986                       │
│ sky130_fd_sc_hd__inv_12                                                                                                         │ 6                          │
│ sky130_fd_sc_hd__inv_16                                                                                                         │ 8                          │
│ sky130_fd_sc_hd__inv_2                                                                                                          │ 459                        │
│ sky130_fd_sc_hd__inv_4                                                                                                          │ 1                          │
│ sky130_fd_sc_hd__inv_6                                                                                                          │ 3                          │
│ sky130_fd_sc_hd__inv_8                                                                                                          │ 3                          │
│ sky130_fd_sc_hd__mux2_1                                                                                                         │ 138                        │
│ sky130_fd_sc_hd__nand2_2                                                                                                        │ 1364                       │
│ sky130_fd_sc_hd__nand2_4                                                                                                        │ 1                          │
│ sky130_fd_sc_hd__nand2b_2                                                                                                       │ 210                        │
│ sky130_fd_sc_hd__nand3_2                                                                                                        │ 387                        │
│ sky130_fd_sc_hd__nand3b_2                                                                                                       │ 10                         │
│ sky130_fd_sc_hd__nand3b_4                                                                                                       │ 1                          │
│ sky130_fd_sc_hd__nand4_2                                                                                                        │ 2                          │
│ sky130_fd_sc_hd__nor2_2                                                                                                         │ 1948                       │
│ sky130_fd_sc_hd__nor2_4                                                                                                         │ 2                          │
│ sky130_fd_sc_hd__nor2_8                                                                                                         │ 33                         │
│ sky130_fd_sc_hd__nor3_2                                                                                                         │ 219                        │
│ sky130_fd_sc_hd__nor3_4                                                                                                         │ 1                          │
│ sky130_fd_sc_hd__nor3b_2                                                                                                        │ 10                         │
│ sky130_fd_sc_hd__nor4_2                                                                                                         │ 9                          │
│ sky130_fd_sc_hd__o2111a_2                                                                                                       │ 5                          │
│ sky130_fd_sc_hd__o2111ai_2                                                                                                      │ 1                          │
│ sky130_fd_sc_hd__o211a_2                                                                                                        │ 628                        │
│ sky130_fd_sc_hd__o211a_4                                                                                                        │ 1                          │
│ sky130_fd_sc_hd__o211ai_2                                                                                                       │ 105                        │
│ sky130_fd_sc_hd__o21a_2                                                                                                         │ 557                        │
│ sky130_fd_sc_hd__o21ai_2                                                                                                        │ 598                        │
│ sky130_fd_sc_hd__o21ai_4                                                                                                        │ 1                          │
│ sky130_fd_sc_hd__o21ba_2                                                                                                        │ 124                        │
│ sky130_fd_sc_hd__o21bai_2                                                                                                       │ 61                         │
│ sky130_fd_sc_hd__o221a_2                                                                                                        │ 248                        │
│ sky130_fd_sc_hd__o221ai_2                                                                                                       │ 5                          │
│ sky130_fd_sc_hd__o22a_2                                                                                                         │ 38                         │
│ sky130_fd_sc_hd__o22ai_2                                                                                                        │ 10                         │
│ sky130_fd_sc_hd__o2bb2a_2                                                                                                       │ 108                        │
│ sky130_fd_sc_hd__o311a_2                                                                                                        │ 25                         │
│ sky130_fd_sc_hd__o311ai_2                                                                                                       │ 4                          │
│ sky130_fd_sc_hd__o31a_2                                                                                                         │ 79                         │
│ sky130_fd_sc_hd__o31ai_2                                                                                                        │ 16                         │
│ sky130_fd_sc_hd__o32a_2                                                                                                         │ 41                         │
│ sky130_fd_sc_hd__o32ai_2                                                                                                        │ 2                          │
│ sky130_fd_sc_hd__o41a_2                                                                                                         │ 6                          │
│ sky130_fd_sc_hd__o41ai_2                                                                                                        │ 2                          │
│ sky130_fd_sc_hd__or2_2                                                                                                          │ 1426                       │
│ sky130_fd_sc_hd__or2_4                                                                                                          │ 1                          │
│ sky130_fd_sc_hd__or3_2                                                                                                          │ 455                        │
│ sky130_fd_sc_hd__or3_4                                                                                                          │ 1                          │
│ sky130_fd_sc_hd__or3b_2                                                                                                         │ 126                        │
│ sky130_fd_sc_hd__or4_2                                                                                                          │ 204                        │
│ sky130_fd_sc_hd__or4b_2                                                                                                         │ 38                         │
│ sky130_fd_sc_hd__or4bb_2                                                                                                        │ 12                         │
│ sky130_fd_sc_hd__tapvpwrvgnd_1                                                                                                  │ 6460                       │
│ sky130_fd_sc_hd__xnor2_2                                                                                                        │ 1815                       │
│ sky130_fd_sc_hd__xor2_2                                                                                                         │ 1229                       │
└─────────────────────────────────────────────────────────────────────────────────────────────────────────────────────────────────┴────────────────────────────┘
