Net: b_in[4]
  Pin:   hold570/A (sky130_fd_sc_hd__clkbuf_2)
    Layer: mcon
      Partial area ratio:    0.14
      Required ratio:    3.00 (Gate area) 
      Cumulative area ratio:    0.14
      Required ratio:    0.00 (Cumulative area) 

    Layer: met1
      Partial area ratio:    3.99
      Required ratio:    0.00 (Gate area) 
      Cumulative area ratio:    3.99
      Required ratio:    0.00 (Cumulative area) 
      Partial area ratio:   19.08
      Required ratio:  400.00 (Side area) 
      Cumulative area ratio:   19.08
      Required ratio:    0.00 (Cumulative side area) 

    Layer: via
      Partial area ratio:    0.21
      Required ratio:    6.00 (Gate area) 
      Cumulative area ratio:    0.35
      Required ratio:    0.00 (Cumulative area) 

    Layer: met2
      Partial area ratio:    0.88
      Required ratio:    0.00 (Gate area) 
      Cumulative area ratio:    4.87
      Required ratio:    0.00 (Cumulative area) 
      Partial area ratio:    4.04
      Required ratio:  400.00 (Side area) 
      Cumulative area ratio:   23.12
      Required ratio:    0.00 (Cumulative side area) 

    Layer: via2
      Partial area ratio:    0.19
      Required ratio:    6.00 (Gate area) 
      Cumulative area ratio:    0.53
      Required ratio:    0.00 (Cumulative area) 

    Layer: met3
      Partial area ratio:   74.63
      Required ratio:    0.00 (Gate area) 
      Cumulative area ratio:   79.50
      Required ratio:    0.00 (Cumulative area) 
      Partial area ratio:  400.26
      Required ratio:  400.00 (Side area) (VIOLATED)
      Cumulative area ratio:  423.38
      Required ratio:    0.00 (Cumulative side area) 



Net: b_in[6]
  Pin:   hold575/A (sky130_fd_sc_hd__clkbuf_2)
    Layer: mcon
      Partial area ratio:    0.14
      Required ratio:    3.00 (Gate area) 
      Cumulative area ratio:    0.14
      Required ratio:    0.00 (Cumulative area) 

    Layer: met1
      Partial area ratio:    2.13
      Required ratio:    0.00 (Gate area) 
      Cumulative area ratio:    2.13
      Required ratio:    0.00 (Cumulative area) 
      Partial area ratio:    9.78
      Required ratio:  400.00 (Side area) 
      Cumulative area ratio:    9.78
      Required ratio:    0.00 (Cumulative side area) 

    Layer: via
      Partial area ratio:    0.21
      Required ratio:    6.00 (Gate area) 
      Cumulative area ratio:    0.35
      Required ratio:    0.00 (Cumulative area) 

    Layer: met2
      Partial area ratio:    0.88
      Required ratio:    0.00 (Gate area) 
      Cumulative area ratio:    3.01
      Required ratio:    0.00 (Cumulative area) 
      Partial area ratio:    4.04
      Required ratio:  400.00 (Side area) 
      Cumulative area ratio:   13.82
      Required ratio:    0.00 (Cumulative side area) 

    Layer: via2
      Partial area ratio:    0.19
      Required ratio:    6.00 (Gate area) 
      Cumulative area ratio:    0.53
      Required ratio:    0.00 (Cumulative area) 

    Layer: met3
      Partial area ratio:   76.69
      Required ratio:    0.00 (Gate area) 
      Cumulative area ratio:   79.69
      Required ratio:    0.00 (Cumulative area) 
      Partial area ratio:  411.23
      Required ratio:  400.00 (Side area) (VIOLATED)
      Cumulative area ratio:  425.05
      Required ratio:    0.00 (Cumulative side area) 



Net: b_in[9]
  Pin:   hold562/A (sky130_fd_sc_hd__clkbuf_2)
    Layer: mcon
      Partial area ratio:    0.14
      Required ratio:    3.00 (Gate area) 
      Cumulative area ratio:    0.14
      Required ratio:    0.00 (Cumulative area) 

    Layer: met1
      Partial area ratio:    2.11
      Required ratio:    0.00 (Gate area) 
      Cumulative area ratio:    2.11
      Required ratio:    0.00 (Cumulative area) 
      Partial area ratio:    9.68
      Required ratio:  400.00 (Side area) 
      Cumulative area ratio:    9.68
      Required ratio:    0.00 (Cumulative side area) 

    Layer: via
      Partial area ratio:    0.21
      Required ratio:    6.00 (Gate area) 
      Cumulative area ratio:    0.35
      Required ratio:    0.00 (Cumulative area) 

    Layer: met2
      Partial area ratio:    5.58
      Required ratio:    0.00 (Gate area) 
      Cumulative area ratio:    7.69
      Required ratio:    0.00 (Cumulative area) 
      Partial area ratio:   27.03
      Required ratio:  400.00 (Side area) 
      Cumulative area ratio:   36.71
      Required ratio:    0.00 (Cumulative side area) 

    Layer: via2
      Partial area ratio:    0.19
      Required ratio:    6.00 (Gate area) 
      Cumulative area ratio:    0.53
      Required ratio:    0.00 (Cumulative area) 

    Layer: met3
      Partial area ratio:   88.02
      Required ratio:    0.00 (Gate area) 
      Cumulative area ratio:   95.71
      Required ratio:    0.00 (Cumulative area) 
      Partial area ratio:  471.66
      Required ratio:  400.00 (Side area) (VIOLATED)
      Cumulative area ratio:  508.37
      Required ratio:    0.00 (Cumulative side area) 



Net: net382
  Pin:   _2599_/B (sky130_fd_sc_hd__or2_2)
    Layer: mcon
      Partial area ratio:    0.23
      Required ratio:    3.00 (Gate area) 
      Cumulative area ratio:    0.23
      Required ratio:    0.00 (Cumulative area) 

    Layer: met1
      Partial area ratio:    7.34
      Required ratio:    0.00 (Gate area) 
      Cumulative area ratio:    7.34
      Required ratio:    0.00 (Cumulative area) 
      Partial area ratio:   34.63
      Required ratio: 2778.20 (Side area) 
      Cumulative area ratio:   34.63
      Required ratio:    0.00 (Cumulative side area) 

    Layer: via
      Partial area ratio:    0.38
      Required ratio:   22.04 (Gate area) 
      Cumulative area ratio:    0.61
      Required ratio:    0.00 (Cumulative area) 

    Layer: met2
      Partial area ratio:    1.50
      Required ratio:    0.00 (Gate area) 
      Cumulative area ratio:    8.85
      Required ratio:    0.00 (Cumulative area) 
      Partial area ratio:    6.88
      Required ratio: 2778.20 (Side area) 
      Cumulative area ratio:   41.51
      Required ratio:    0.00 (Cumulative side area) 

    Layer: via2
      Partial area ratio:    0.32
      Required ratio:   22.04 (Gate area) 
      Cumulative area ratio:    0.93
      Required ratio:    0.00 (Cumulative area) 

    Layer: met3
      Partial area ratio:   17.41
      Required ratio:    0.00 (Gate area) 
      Cumulative area ratio:   26.26
      Required ratio:    0.00 (Cumulative area) 
      Partial area ratio:   96.57
      Required ratio: 2778.20 (Side area) 
      Cumulative area ratio:  138.08
      Required ratio:    0.00 (Cumulative side area) 

    Layer: via3
      Partial area ratio:    0.32
      Required ratio:   22.04 (Gate area) 
      Cumulative area ratio:    1.24
      Required ratio:    0.00 (Cumulative area) 

    Layer: met4
      Partial area ratio:   29.47
      Required ratio:    0.00 (Gate area) 
      Cumulative area ratio:   55.73
      Required ratio:    0.00 (Cumulative area) 
      Partial area ratio:  158.82
      Required ratio: 2778.20 (Side area) 
      Cumulative area ratio:  296.90
      Required ratio:    0.00 (Cumulative side area) 


  Pin:   output382/A (sky130_fd_sc_hd__buf_2)
    Layer: mcon
      Partial area ratio:    0.18
      Required ratio:    3.00 (Gate area) 
      Cumulative area ratio:    0.18
      Required ratio:    0.00 (Cumulative area) 

    Layer: met1
      Partial area ratio:    2.42
      Required ratio:    0.00 (Gate area) 
      Cumulative area ratio:    2.42
      Required ratio:    0.00 (Cumulative area) 
      Partial area ratio:   11.35
      Required ratio:  400.00 (Side area) 
      Cumulative area ratio:   11.35
      Required ratio:    0.00 (Cumulative side area) 

    Layer: via
      Partial area ratio:    0.28
      Required ratio:    6.00 (Gate area) 
      Cumulative area ratio:    0.46
      Required ratio:    0.00 (Cumulative area) 

    Layer: met2
      Partial area ratio:    1.17
      Required ratio:    0.00 (Gate area) 
      Cumulative area ratio:    3.60
      Required ratio:    0.00 (Cumulative area) 
      Partial area ratio:    5.42
      Required ratio:  400.00 (Side area) 
      Cumulative area ratio:   16.76
      Required ratio:    0.00 (Cumulative side area) 

    Layer: via2
      Partial area ratio:    0.25
      Required ratio:    6.00 (Gate area) 
      Cumulative area ratio:    0.72
      Required ratio:    0.00 (Cumulative area) 

    Layer: met3
      Partial area ratio:   91.91
      Required ratio:    0.00 (Gate area) 
      Cumulative area ratio:   95.51
      Required ratio:    0.00 (Cumulative area) 
      Partial area ratio:  493.13
      Required ratio:  400.00 (Side area) (VIOLATED)
      Cumulative area ratio:  509.89
      Required ratio:    0.00 (Cumulative side area) 

    Layer: via3
      Partial area ratio:    0.25
      Required ratio:    6.00 (Gate area) 
      Cumulative area ratio:    0.97
      Required ratio:    0.00 (Cumulative area) 

    Layer: met4
      Partial area ratio:   29.47
      Required ratio:    0.00 (Gate area) 
      Cumulative area ratio:  124.98
      Required ratio:    0.00 (Cumulative area) 
      Partial area ratio:  158.82
      Required ratio: 2778.20 (Side area) 
      Cumulative area ratio:  668.71
      Required ratio:    0.00 (Cumulative side area) 



Net: r2_mantissa\[9\]
  Pin:   _1414_/A (sky130_fd_sc_hd__inv_2)
    Layer: mcon
      Partial area ratio:    0.06
      Required ratio:    3.00 (Gate area) 
      Cumulative area ratio:    0.06
      Required ratio:    0.00 (Cumulative area) 

    Layer: met1
      Partial area ratio:    1.18
      Required ratio:    0.00 (Gate area) 
      Cumulative area ratio:    1.18
      Required ratio:    0.00 (Cumulative area) 
      Partial area ratio:    5.52
      Required ratio:  400.00 (Side area) 
      Cumulative area ratio:    5.52
      Required ratio:    0.00 (Cumulative side area) 

    Layer: via
      Partial area ratio:    0.09
      Required ratio:    6.00 (Gate area) 
      Cumulative area ratio:    0.15
      Required ratio:    0.00 (Cumulative area) 

    Layer: met2
      Partial area ratio:    0.38
      Required ratio:    0.00 (Gate area) 
      Cumulative area ratio:    1.56
      Required ratio:    0.00 (Cumulative area) 
      Partial area ratio:    1.74
      Required ratio:  400.00 (Side area) 
      Cumulative area ratio:    7.26
      Required ratio:    0.00 (Cumulative side area) 

    Layer: via2
      Partial area ratio:    0.08
      Required ratio:    6.00 (Gate area) 
      Cumulative area ratio:    0.23
      Required ratio:    0.00 (Cumulative area) 

    Layer: met3
      Partial area ratio:    0.25
      Required ratio:    0.00 (Gate area) 
      Cumulative area ratio:    1.81
      Required ratio:    0.00 (Cumulative area) 
      Partial area ratio:    2.29
      Required ratio:  400.00 (Side area) 
      Cumulative area ratio:    9.56
      Required ratio:    0.00 (Cumulative side area) 

    Layer: via3
      Partial area ratio:    0.08
      Required ratio:    6.00 (Gate area) 
      Cumulative area ratio:    0.31
      Required ratio:    0.00 (Cumulative area) 

    Layer: met4
      Partial area ratio:    4.05
      Required ratio:    0.00 (Gate area) 
      Cumulative area ratio:    5.86
      Required ratio:    0.00 (Cumulative area) 
      Partial area ratio:   22.18
      Required ratio: 2778.20 (Side area) 
      Cumulative area ratio:   31.73
      Required ratio:    0.00 (Cumulative side area) 


  Pin:   _1418_/B1 (sky130_fd_sc_hd__a21o_2)
    Layer: mcon
      Partial area ratio:    0.12
      Required ratio:    3.00 (Gate area) 
      Cumulative area ratio:    0.12
      Required ratio:    0.00 (Cumulative area) 

    Layer: met1
      Partial area ratio:    1.69
      Required ratio:    0.00 (Gate area) 
      Cumulative area ratio:    1.69
      Required ratio:    0.00 (Cumulative area) 
      Partial area ratio:    7.70
      Required ratio:  400.00 (Side area) 
      Cumulative area ratio:    7.70
      Required ratio:    0.00 (Cumulative side area) 

    Layer: via
      Partial area ratio:    0.18
      Required ratio:    6.00 (Gate area) 
      Cumulative area ratio:    0.30
      Required ratio:    0.00 (Cumulative area) 

    Layer: met2
      Partial area ratio:    4.55
      Required ratio:    0.00 (Gate area) 
      Cumulative area ratio:    6.24
      Required ratio:    0.00 (Cumulative area) 
      Partial area ratio:   22.13
      Required ratio: 2778.20 (Side area) 
      Cumulative area ratio:   29.83
      Required ratio:    0.00 (Cumulative side area) 

    Layer: via2
      Partial area ratio:    0.11
      Required ratio:   22.04 (Gate area) 
      Cumulative area ratio:    0.41
      Required ratio:    0.00 (Cumulative area) 

    Layer: met3
      Partial area ratio:    6.88
      Required ratio:    0.00 (Gate area) 
      Cumulative area ratio:   13.12
      Required ratio:    0.00 (Cumulative area) 
      Partial area ratio:   37.70
      Required ratio: 2778.20 (Side area) 
      Cumulative area ratio:   67.53
      Required ratio:    0.00 (Cumulative side area) 

    Layer: via3
      Partial area ratio:    0.09
      Required ratio:   22.04 (Gate area) 
      Cumulative area ratio:    0.49
      Required ratio:    0.00 (Cumulative area) 

    Layer: met4
      Partial area ratio:    4.05
      Required ratio:    0.00 (Gate area) 
      Cumulative area ratio:   17.17
      Required ratio:    0.00 (Cumulative area) 
      Partial area ratio:   22.18
      Required ratio: 2778.20 (Side area) 
      Cumulative area ratio:   89.71
      Required ratio:    0.00 (Cumulative side area) 


  Pin:   _1419_/B1 (sky130_fd_sc_hd__o21ai_2)
    Layer: mcon
      Partial area ratio:    0.06
      Required ratio:    3.00 (Gate area) 
      Cumulative area ratio:    0.06
      Required ratio:    0.00 (Cumulative area) 

    Layer: met1
      Partial area ratio:    1.94
      Required ratio:    0.00 (Gate area) 
      Cumulative area ratio:    1.94
      Required ratio:    0.00 (Cumulative area) 
      Partial area ratio:    9.34
      Required ratio:  400.00 (Side area) 
      Cumulative area ratio:    9.34
      Required ratio:    0.00 (Cumulative side area) 

    Layer: via
      Partial area ratio:    0.09
      Required ratio:    6.00 (Gate area) 
      Cumulative area ratio:    0.15
      Required ratio:    0.00 (Cumulative area) 

    Layer: met2
      Partial area ratio:    4.55
      Required ratio:    0.00 (Gate area) 
      Cumulative area ratio:    6.49
      Required ratio:    0.00 (Cumulative area) 
      Partial area ratio:   22.13
      Required ratio: 2778.20 (Side area) 
      Cumulative area ratio:   31.47
      Required ratio:    0.00 (Cumulative side area) 

    Layer: via2
      Partial area ratio:    0.11
      Required ratio:   22.04 (Gate area) 
      Cumulative area ratio:    0.26
      Required ratio:    0.00 (Cumulative area) 

    Layer: met3
      Partial area ratio:    6.88
      Required ratio:    0.00 (Gate area) 
      Cumulative area ratio:   13.38
      Required ratio:    0.00 (Cumulative area) 
      Partial area ratio:   37.70
      Required ratio: 2778.20 (Side area) 
      Cumulative area ratio:   69.17
      Required ratio:    0.00 (Cumulative side area) 

    Layer: via3
      Partial area ratio:    0.09
      Required ratio:   22.04 (Gate area) 
      Cumulative area ratio:    0.34
      Required ratio:    0.00 (Cumulative area) 

    Layer: met4
      Partial area ratio:    4.05
      Required ratio:    0.00 (Gate area) 
      Cumulative area ratio:   17.42
      Required ratio:    0.00 (Cumulative area) 
      Partial area ratio:   22.18
      Required ratio: 2778.20 (Side area) 
      Cumulative area ratio:   91.34
      Required ratio:    0.00 (Cumulative side area) 


  Pin:   _1626_/A1 (sky130_fd_sc_hd__mux2_2)
    Layer: mcon
      Partial area ratio:    0.18
      Required ratio:    3.00 (Gate area) 
      Cumulative area ratio:    0.18
      Required ratio:    0.00 (Cumulative area) 

    Layer: met1
      Partial area ratio:    5.83
      Required ratio:    0.00 (Gate area) 
      Cumulative area ratio:    5.83
      Required ratio:    0.00 (Cumulative area) 
      Partial area ratio:   27.97
      Required ratio:  400.00 (Side area) 
      Cumulative area ratio:   27.97
      Required ratio:    0.00 (Cumulative side area) 

    Layer: via
      Partial area ratio:    0.28
      Required ratio:    6.00 (Gate area) 
      Cumulative area ratio:    0.46
      Required ratio:    0.00 (Cumulative area) 

    Layer: met2
      Partial area ratio:  104.68
      Required ratio:    0.00 (Gate area) 
      Cumulative area ratio:  110.50
      Required ratio:    0.00 (Cumulative area) 
      Partial area ratio:  522.25
      Required ratio:  400.00 (Side area) (VIOLATED)
      Cumulative area ratio:  550.22
      Required ratio:    0.00 (Cumulative side area) 

    Layer: via2
      Partial area ratio:    0.25
      Required ratio:    6.00 (Gate area) 
      Cumulative area ratio:    0.72
      Required ratio:    0.00 (Cumulative area) 

    Layer: met3
      Partial area ratio:   26.82
      Required ratio:    0.00 (Gate area) 
      Cumulative area ratio:  137.32
      Required ratio:    0.00 (Cumulative area) 
      Partial area ratio:  145.96
      Required ratio:  400.00 (Side area) 
      Cumulative area ratio:  696.18
      Required ratio:    0.00 (Cumulative side area) 

    Layer: via3
      Partial area ratio:    0.25
      Required ratio:    6.00 (Gate area) 
      Cumulative area ratio:    0.97
      Required ratio:    0.00 (Cumulative area) 

    Layer: met4
      Partial area ratio:    4.05
      Required ratio:    0.00 (Gate area) 
      Cumulative area ratio:  141.37
      Required ratio:    0.00 (Cumulative area) 
      Partial area ratio:   22.18
      Required ratio: 2778.20 (Side area) 
      Cumulative area ratio:  718.36
      Required ratio:    0.00 (Cumulative side area) 


  Pin:   place243/A (sky130_fd_sc_hd__buf_1)
    Layer: mcon
      Partial area ratio:    0.15
      Required ratio:    3.00 (Gate area) 
      Cumulative area ratio:    0.15
      Required ratio:    0.00 (Cumulative area) 

    Layer: met1
      Partial area ratio:    2.61
      Required ratio:    0.00 (Gate area) 
      Cumulative area ratio:    2.61
      Required ratio:    0.00 (Cumulative area) 
      Partial area ratio:   12.54
      Required ratio:  400.00 (Side area) 
      Cumulative area ratio:   12.54
      Required ratio:    0.00 (Cumulative side area) 

    Layer: via
      Partial area ratio:    0.15
      Required ratio:    6.00 (Gate area) 
      Cumulative area ratio:    0.30
      Required ratio:    0.00 (Cumulative area) 

    Layer: met2
      Partial area ratio:    0.58
      Required ratio:    0.00 (Gate area) 
      Cumulative area ratio:    3.20
      Required ratio:    0.00 (Cumulative area) 
      Partial area ratio:    2.44
      Required ratio:  400.00 (Side area) 
      Cumulative area ratio:   14.98
      Required ratio:    0.00 (Cumulative side area) 

    Layer: via2
      Partial area ratio:    0.20
      Required ratio:    6.00 (Gate area) 
      Cumulative area ratio:    0.50
      Required ratio:    0.00 (Cumulative area) 

    Layer: met3
      Partial area ratio:    6.88
      Required ratio:    0.00 (Gate area) 
      Cumulative area ratio:   10.08
      Required ratio:    0.00 (Cumulative area) 
      Partial area ratio:   37.70
      Required ratio: 2778.20 (Side area) 
      Cumulative area ratio:   52.68
      Required ratio:    0.00 (Cumulative side area) 

    Layer: via3
      Partial area ratio:    0.09
      Required ratio:   22.04 (Gate area) 
      Cumulative area ratio:    0.58
      Required ratio:    0.00 (Cumulative area) 

    Layer: met4
      Partial area ratio:    4.05
      Required ratio:    0.00 (Gate area) 
      Cumulative area ratio:   14.13
      Required ratio:    0.00 (Cumulative area) 
      Partial area ratio:   22.18
      Required ratio: 2778.20 (Side area) 
      Cumulative area ratio:   74.86
      Required ratio:    0.00 (Cumulative side area) 



Net: b_in[13]
  Pin:   hold530/A (sky130_fd_sc_hd__clkbuf_2)
    Layer: mcon
      Partial area ratio:    0.14
      Required ratio:    3.00 (Gate area) 
      Cumulative area ratio:    0.14
      Required ratio:    0.00 (Cumulative area) 

    Layer: met1
      Partial area ratio:   20.28
      Required ratio:    0.00 (Gate area) 
      Cumulative area ratio:   20.28
      Required ratio:    0.00 (Cumulative area) 
      Partial area ratio:  100.55
      Required ratio:  400.00 (Side area) 
      Cumulative area ratio:  100.55
      Required ratio:    0.00 (Cumulative side area) 

    Layer: via
      Partial area ratio:    0.21
      Required ratio:    6.00 (Gate area) 
      Cumulative area ratio:    0.35
      Required ratio:    0.00 (Cumulative area) 

    Layer: met2
      Partial area ratio:   28.25
      Required ratio:    0.00 (Gate area) 
      Cumulative area ratio:   48.54
      Required ratio:    0.00 (Cumulative area) 
      Partial area ratio:  140.41
      Required ratio:  400.00 (Side area) 
      Cumulative area ratio:  240.96
      Required ratio:    0.00 (Cumulative side area) 

    Layer: via2
      Partial area ratio:    0.19
      Required ratio:    6.00 (Gate area) 
      Cumulative area ratio:    0.53
      Required ratio:    0.00 (Cumulative area) 

    Layer: met3
      Partial area ratio:   78.82
      Required ratio:    0.00 (Gate area) 
      Cumulative area ratio:  127.35
      Required ratio:    0.00 (Cumulative area) 
      Partial area ratio:  424.79
      Required ratio:  400.00 (Side area) (VIOLATED)
      Cumulative area ratio:  665.75
      Required ratio:    0.00 (Cumulative side area) 



Net: load_weight
  Pin:   hold675/A (sky130_fd_sc_hd__clkbuf_2)
    Layer: mcon
      Partial area ratio:    0.14
      Required ratio:    3.00 (Gate area) 
      Cumulative area ratio:    0.14
      Required ratio:    0.00 (Cumulative area) 

    Layer: met1
      Partial area ratio:    4.92
      Required ratio:    0.00 (Gate area) 
      Cumulative area ratio:    4.92
      Required ratio:    0.00 (Cumulative area) 
      Partial area ratio:   23.71
      Required ratio:  400.00 (Side area) 
      Cumulative area ratio:   23.71
      Required ratio:    0.00 (Cumulative side area) 

    Layer: via
      Partial area ratio:    0.21
      Required ratio:    6.00 (Gate area) 
      Cumulative area ratio:    0.35
      Required ratio:    0.00 (Cumulative area) 

    Layer: met2
      Partial area ratio:    0.88
      Required ratio:    0.00 (Gate area) 
      Cumulative area ratio:    5.79
      Required ratio:    0.00 (Cumulative area) 
      Partial area ratio:    4.04
      Required ratio:  400.00 (Side area) 
      Cumulative area ratio:   27.75
      Required ratio:    0.00 (Cumulative side area) 

    Layer: via2
      Partial area ratio:    0.19
      Required ratio:    6.00 (Gate area) 
      Cumulative area ratio:    0.53
      Required ratio:    0.00 (Cumulative area) 

    Layer: met3
      Partial area ratio:   87.03
      Required ratio:    0.00 (Gate area) 
      Cumulative area ratio:   92.82
      Required ratio:    0.00 (Cumulative area) 
      Partial area ratio:  466.37
      Required ratio:  400.00 (Side area) (VIOLATED)
      Cumulative area ratio:  494.12
      Required ratio:    0.00 (Cumulative side area) 



[INFO ANT-0002] Found 7 net violations.
[INFO ANT-0001] Found 7 pin violations.
