
===========================================================================
report_checks -unconstrained
===========================================================================
======================= nom_tt_025C_1v80 Corner ===================================

Startpoint: _2660_ (rising edge-triggered flip-flop clocked by clk)
Endpoint: _2684_ (rising edge-triggered flip-flop clocked by clk)
Path Group: clk
Path Type: max

Fanout         Cap        Slew       Delay        Time   Description
---------------------------------------------------------------------------------------------
                                  0.000000    0.000000   clock clk (rise edge)
                                  0.000000    0.000000   clock source latency
     1    0.029081    0.136264    0.094758    0.094758 ^ clk (in)
                                                         clk (net)
                      0.136290    0.000000    0.094758 ^ clkbuf_0_clk/A (sky130_fd_sc_hd__clkbuf_16)
    16    0.108857    0.123024    0.222612    0.317371 ^ clkbuf_0_clk/X (sky130_fd_sc_hd__clkbuf_16)
                                                         clknet_0_clk (net)
                      0.123611    0.006755    0.324125 ^ clkbuf_4_1_0_clk/A (sky130_fd_sc_hd__clkbuf_8)
     6    0.017453    0.047502    0.157163    0.481288 ^ clkbuf_4_1_0_clk/X (sky130_fd_sc_hd__clkbuf_8)
                                                         clknet_4_1_0_clk (net)
                      0.047504    0.000381    0.481670 ^ _2660_/CLK (sky130_fd_sc_hd__dfxtp_2)
     6    0.029867    0.155801    0.401715    0.883385 ^ _2660_/Q (sky130_fd_sc_hd__dfxtp_2)
                                                         r2_mantissa[5] (net)
                      0.155802    0.000673    0.884058 ^ place251/A (sky130_fd_sc_hd__buf_1)
     8    0.046293    0.539116    0.449812    1.333870 ^ place251/X (sky130_fd_sc_hd__buf_1)
                                                         net251 (net)
                      0.539134    0.002623    1.336493 ^ place250/A (sky130_fd_sc_hd__buf_1)
     6    0.044816    0.519294    0.473325    1.809818 ^ place250/X (sky130_fd_sc_hd__buf_1)
                                                         net250 (net)
                      0.519296    0.000872    1.810690 ^ _1388_/B1 (sky130_fd_sc_hd__a21o_2)
     3    0.008763    0.061649    0.180972    1.991662 ^ _1388_/X (sky130_fd_sc_hd__a21o_2)
                                                         _0612_ (net)
                      0.061649    0.000196    1.991858 ^ _1390_/A (sky130_fd_sc_hd__and2_4)
     5    0.015963    0.064264    0.160073    2.151931 ^ _1390_/X (sky130_fd_sc_hd__and2_4)
                                                         _0614_ (net)
                      0.064265    0.000405    2.152336 ^ place208/A (sky130_fd_sc_hd__buf_1)
     8    0.030919    0.363797    0.308823    2.461159 ^ place208/X (sky130_fd_sc_hd__buf_1)
                                                         net208 (net)
                      0.363809    0.001765    2.462924 ^ _1677_/B1 (sky130_fd_sc_hd__a22o_2)
     1    0.009121    0.068238    0.227479    2.690403 ^ _1677_/X (sky130_fd_sc_hd__a22o_2)
                                                         _0901_ (net)
                      0.068238    0.000200    2.690603 ^ _1678_/B (sky130_fd_sc_hd__xor2_2)
     3    0.012440    0.191663    0.199680    2.890283 ^ _1678_/X (sky130_fd_sc_hd__xor2_2)
                                                         _0902_ (net)
                      0.191663    0.000166    2.890449 ^ _1680_/A2 (sky130_fd_sc_hd__a21oi_2)
     2    0.016921    0.091654    0.123360    3.013809 v _1680_/Y (sky130_fd_sc_hd__a21oi_2)
                                                         _0904_ (net)
                      0.091657    0.000629    3.014438 v _1682_/A (sky130_fd_sc_hd__xor2_2)
     2    0.011203    0.091797    0.204468    3.218906 v _1682_/X (sky130_fd_sc_hd__xor2_2)
                                                         _0906_ (net)
                      0.091797    0.000148    3.219054 v _1684_/A3 (sky130_fd_sc_hd__a31o_2)
     2    0.014915    0.064689    0.296154    3.515209 v _1684_/X (sky130_fd_sc_hd__a31o_2)
                                                         _0908_ (net)
                      0.064693    0.000580    3.515789 v _1686_/A (sky130_fd_sc_hd__xor2_2)
     2    0.013441    0.095720    0.199453    3.715242 v _1686_/X (sky130_fd_sc_hd__xor2_2)
                                                         _0910_ (net)
                      0.095720    0.000321    3.715563 v _1733_/B (sky130_fd_sc_hd__xnor2_2)
     1    0.006462    0.056840    0.153859    3.869422 v _1733_/Y (sky130_fd_sc_hd__xnor2_2)
                                                         _0957_ (net)
                      0.056840    0.000227    3.869649 v _1734_/B1 (sky130_fd_sc_hd__a31o_2)
     1    0.016368    0.067873    0.254427    4.124075 v _1734_/X (sky130_fd_sc_hd__a31o_2)
                                                         _0958_ (net)
                      0.067893    0.001106    4.125181 v _1737_/B (sky130_fd_sc_hd__or4_4)
     1    0.004037    0.082096    0.509976    4.635157 v _1737_/X (sky130_fd_sc_hd__or4_4)
                                                         _0961_ (net)
                      0.082096    0.000134    4.635291 v _1738_/C1 (sky130_fd_sc_hd__o211a_2)
     1    0.009323    0.056787    0.147138    4.782429 v _1738_/X (sky130_fd_sc_hd__o211a_2)
                                                         _0962_ (net)
                      0.056787    0.000284    4.782713 v _1744_/A1 (sky130_fd_sc_hd__o21ai_4)
     3    0.012705    0.145343    0.176085    4.958799 ^ _1744_/Y (sky130_fd_sc_hd__o21ai_4)
                                                         _0968_ (net)
                      0.145343    0.000388    4.959187 ^ _1799_/A3 (sky130_fd_sc_hd__a32o_2)
     2    0.015572    0.109152    0.242372    5.201559 ^ _1799_/X (sky130_fd_sc_hd__a32o_2)
                                                         _1022_ (net)
                      0.109152    0.000528    5.202086 ^ _1899_/A1 (sky130_fd_sc_hd__a21oi_2)
     4    0.020483    0.089645    0.108956    5.311042 v _1899_/Y (sky130_fd_sc_hd__a21oi_2)
                                                         _1121_ (net)
                      0.089700    0.001037    5.312079 v _2224_/A1 (sky130_fd_sc_hd__o31a_2)
     2    0.014069    0.078259    0.395154    5.707232 v _2224_/X (sky130_fd_sc_hd__o31a_2)
                                                         _0221_ (net)
                      0.078259    0.000736    5.707969 v _2256_/A2 (sky130_fd_sc_hd__a41o_2)
     4    0.014283    0.065917    0.287378    5.995347 v _2256_/X (sky130_fd_sc_hd__a41o_2)
                                                         _0252_ (net)
                      0.065962    0.000614    5.995960 v _2285_/A1 (sky130_fd_sc_hd__a21o_2)
     2    0.005786    0.041129    0.200358    6.196318 v _2285_/X (sky130_fd_sc_hd__a21o_2)
                                                         _0280_ (net)
                      0.041129    0.000164    6.196482 v _2305_/A2 (sky130_fd_sc_hd__a311o_2)
     1    0.006087    0.062416    0.366564    6.563046 v _2305_/X (sky130_fd_sc_hd__a311o_2)
                                                         _0299_ (net)
                      0.062416    0.000225    6.563271 v _2306_/B1 (sky130_fd_sc_hd__a21oi_2)
     1    0.006388    0.115980    0.126498    6.689768 ^ _2306_/Y (sky130_fd_sc_hd__a21oi_2)
                                                         _0300_ (net)
                      0.115980    0.000225    6.689994 ^ _2307_/A2 (sky130_fd_sc_hd__o21a_4)
     1    0.002274    0.032129    0.120935    6.810929 ^ _2307_/X (sky130_fd_sc_hd__o21a_4)
                                                         _0029_ (net)
                      0.032130    0.000066    6.810995 ^ _2684_/D (sky130_fd_sc_hd__dfxtp_2)
                                              6.810995   data arrival time

                                 20.000000   20.000000   clock clk (rise edge)
                                  0.000000   20.000000   clock source latency
     1    0.029081    0.136264    0.094758   20.094759 ^ clk (in)
                                                         clk (net)
                      0.136290    0.000000   20.094759 ^ clkbuf_0_clk/A (sky130_fd_sc_hd__clkbuf_16)
    16    0.108857    0.123024    0.222613   20.317371 ^ clkbuf_0_clk/X (sky130_fd_sc_hd__clkbuf_16)
                                                         clknet_0_clk (net)
                      0.123194    0.003702   20.321074 ^ clkbuf_4_9_0_clk/A (sky130_fd_sc_hd__clkbuf_8)
     6    0.024919    0.058524    0.166896   20.487968 ^ clkbuf_4_9_0_clk/X (sky130_fd_sc_hd__clkbuf_8)
                                                         clknet_4_9_0_clk (net)
                      0.058566    0.001371   20.489340 ^ _2684_/CLK (sky130_fd_sc_hd__dfxtp_2)
                                 -0.200000   20.289341   clock uncertainty
                                  0.000000   20.289341   clock reconvergence pessimism
                                 -0.053833   20.235508   library setup time
                                             20.235508   data required time
---------------------------------------------------------------------------------------------
                                             20.235508   data required time
                                             -6.810995   data arrival time
---------------------------------------------------------------------------------------------
                                             13.424514   slack (MET)




===========================================================================
report_checks --slack_max -0.01
============================================================================
======================= nom_tt_025C_1v80 Corner ===================================

No paths found.


===========================================================================
 report_check_types -max_slew -max_cap -max_fanout -violators
============================================================================
======================= nom_tt_025C_1v80 Corner ===================================

max fanout

Pin                                   Limit Fanout  Slack
---------------------------------------------------------
clkbuf_0_clk/X                            8     16     -8 (VIOLATED)



===========================================================================
report_parasitic_annotation -report_unannotated
============================================================================
Found 17 unannotated drivers.
 _2620__402/HI
 _2621_/SUM
 _2621__401/HI
 clkload0/X
 clkload1/X
 clkload10/X
 clkload11/X
 clkload12/X
 clkload13/X
 clkload2/X
 clkload3/X
 clkload4/X
 clkload5/X
 clkload6/X
 clkload7/X
 clkload8/X
 clkload9/X
Found 0 partially unannotated drivers.

===========================================================================
max slew violation count 0
max fanout violation count 1
max cap violation count 0
============================================================================

===========================================================================
check_setup -verbose -unconstrained_endpoints -multiple_clock -no_clock -no_input_delay -loops -generated_clocks
===========================================================================
