Clock: clk
Sources: clk 
Generated: no
Virtual: yes
Propagated: no
Period: 20.000000

===========================================================================
report_clock_properties
============================================================================
Clock                   Period          Waveform
----------------------------------------------------
clk                  20.000000    0.000000 10.000000

===========================================================================
report_clock_latency
============================================================================
Clock clk
rise -> rise
    min     max
0.000000 0.000000 source latency
0.479816         network latency _2659_/CLK
        0.501392 network latency _2638_/CLK
---------------
0.479816 0.501392 latency
        0.021576 skew

fall -> fall
    min     max
0.000000 0.000000 source latency
0.408840         network latency _2659_/CLK
        0.424871 network latency _2638_/CLK
---------------
0.408840 0.424871 latency
        0.016031 skew



===========================================================================
report_clock_min_period
============================================================================
clk period_min = 6.58 fmax = 152.08
