Clock: clk
Sources: clk 
Generated: no
Virtual: yes
Propagated: no
Period: 20.000000

===========================================================================
report_clock_properties
============================================================================
Clock                   Period          Waveform
----------------------------------------------------
clk                  20.000000    0.000000 10.000000

===========================================================================
report_clock_latency
============================================================================
Clock clk
rise -> rise
    min     max
0.000000 0.000000 source latency
4.862997         network latency _261789_/CLK
        5.510184 network latency _261836_/CLK
---------------
4.862997 5.510184 latency
        0.647187 skew

fall -> fall
    min     max
0.000000 0.000000 source latency
4.901179         network latency _254974_/CLK
        5.478705 network latency _261836_/CLK
---------------
4.901179 5.478705 latency
        0.577526 skew



===========================================================================
report_clock_min_period
============================================================================
clk period_min = 17.96 fmax = 55.67
