
===========================================================================
report_checks -unconstrained
===========================================================================
======================= nom_tt_025C_1v80 Corner ===================================

Startpoint: _4006_ (rising edge-triggered flip-flop clocked by clk)
Endpoint: gpio_out[19] (output port clocked by clk)
Path Group: clk
Path Type: max

Fanout         Cap        Slew       Delay        Time   Description
---------------------------------------------------------------------------------------------
                                  0.000000    0.000000   clock clk (rise edge)
                                  0.000000    0.000000   clock source latency
     2    0.030894    0.000000    0.000000    0.000000 ^ gpio_in[38] (in)
                                                         gpio_in[38] (net)
                      0.003300    0.001650    0.001650 ^ delaybuf_0_clk/A (sky130_fd_sc_hd__clkbuf_16)
     1    0.010496    0.033785    0.101671    0.103321 ^ delaybuf_0_clk/X (sky130_fd_sc_hd__clkbuf_16)
                                                         delaynet_0_clk (net)
                      0.033785    0.000346    0.103667 ^ delaybuf_1_clk/A (sky130_fd_sc_hd__clkbuf_16)
     1    0.011309    0.034466    0.112974    0.216641 ^ delaybuf_1_clk/X (sky130_fd_sc_hd__clkbuf_16)
                                                         delaynet_1_clk (net)
                      0.034466    0.000429    0.217070 ^ delaybuf_2_clk/A (sky130_fd_sc_hd__clkbuf_16)
     1    0.010212    0.033525    0.112195    0.329265 ^ delaybuf_2_clk/X (sky130_fd_sc_hd__clkbuf_16)
                                                         delaynet_2_clk (net)
                      0.033526    0.000331    0.329597 ^ delaybuf_3_clk/A (sky130_fd_sc_hd__clkbuf_16)
     1    0.011588    0.034704    0.113145    0.442741 ^ delaybuf_3_clk/X (sky130_fd_sc_hd__clkbuf_16)
                                                         delaynet_3_clk (net)
                      0.034704    0.000459    0.443200 ^ delaybuf_4_clk/A (sky130_fd_sc_hd__clkbuf_16)
     1    0.011064    0.034255    0.113081    0.556282 ^ delaybuf_4_clk/X (sky130_fd_sc_hd__clkbuf_16)
                                                         delaynet_4_clk (net)
                      0.034255    0.000409    0.556691 ^ delaybuf_5_clk/A (sky130_fd_sc_hd__clkbuf_16)
     1    0.010268    0.033573    0.112171    0.668862 ^ delaybuf_5_clk/X (sky130_fd_sc_hd__clkbuf_16)
                                                         delaynet_5_clk (net)
                      0.033574    0.000336    0.669198 ^ delaybuf_6_clk/A (sky130_fd_sc_hd__clkbuf_16)
     1    0.011010    0.034210    0.112621    0.781819 ^ delaybuf_6_clk/X (sky130_fd_sc_hd__clkbuf_16)
                                                         delaynet_6_clk (net)
                      0.034210    0.000404    0.782223 ^ delaybuf_7_clk/A (sky130_fd_sc_hd__clkbuf_16)
     1    0.011004    0.034206    0.112833    0.895056 ^ delaybuf_7_clk/X (sky130_fd_sc_hd__clkbuf_16)
                                                         delaynet_7_clk (net)
                      0.034207    0.000476    0.895531 ^ delaybuf_8_clk/A (sky130_fd_sc_hd__clkbuf_16)
     1    0.025630    0.047075    0.126134    1.021665 ^ delaybuf_8_clk/X (sky130_fd_sc_hd__clkbuf_16)
                                                         delaynet_8_clk (net)
                      0.047353    0.002786    1.024451 ^ wire2361/A (sky130_fd_sc_hd__buf_6)
     1    0.086186    0.174436    0.176014    1.200465 ^ wire2361/X (sky130_fd_sc_hd__buf_6)
                                                         net2361 (net)
                      0.187308    0.036608    1.237073 ^ wire2360/A (sky130_fd_sc_hd__buf_6)
     1    0.033445    0.076491    0.161895    1.398968 ^ wire2360/X (sky130_fd_sc_hd__buf_6)
                                                         net2360 (net)
                      0.077019    0.005033    1.404001 ^ delaybuf_9_clk/A (sky130_fd_sc_hd__clkbuf_16)
     1    0.014547    0.037250    0.131765    1.535766 ^ delaybuf_9_clk/X (sky130_fd_sc_hd__clkbuf_16)
                                                         delaynet_9_clk (net)
                      0.037251    0.000989    1.536755 ^ delaybuf_10_clk/A (sky130_fd_sc_hd__clkbuf_16)
     1    0.015352    0.037908    0.117938    1.654693 ^ delaybuf_10_clk/X (sky130_fd_sc_hd__clkbuf_16)
                                                         delaynet_10_clk (net)
                      0.037921    0.001083    1.655776 ^ delaybuf_11_clk/A (sky130_fd_sc_hd__clkbuf_16)
     1    0.014451    0.037147    0.117332    1.773107 ^ delaybuf_11_clk/X (sky130_fd_sc_hd__clkbuf_16)
                                                         delaynet_11_clk (net)
                      0.037157    0.000998    1.774105 ^ delaybuf_12_clk/A (sky130_fd_sc_hd__clkbuf_16)
     1    0.015478    0.038016    0.118001    1.892107 ^ delaybuf_12_clk/X (sky130_fd_sc_hd__clkbuf_16)
                                                         delaynet_12_clk (net)
                      0.038029    0.001106    1.893213 ^ delaybuf_13_clk/A (sky130_fd_sc_hd__clkbuf_16)
     1    0.017057    0.039347    0.119775    2.012988 ^ delaybuf_13_clk/X (sky130_fd_sc_hd__clkbuf_16)
                                                         delaynet_13_clk (net)
                      0.039363    0.001206    2.014194 ^ delaybuf_14_clk/A (sky130_fd_sc_hd__clkbuf_16)
     1    0.015505    0.038038    0.118826    2.133020 ^ delaybuf_14_clk/X (sky130_fd_sc_hd__clkbuf_16)
                                                         delaynet_14_clk (net)
                      0.038050    0.001078    2.134098 ^ delaybuf_15_clk/A (sky130_fd_sc_hd__clkbuf_16)
     1    0.015165    0.037751    0.118040    2.252138 ^ delaybuf_15_clk/X (sky130_fd_sc_hd__clkbuf_16)
                                                         delaynet_15_clk (net)
                      0.037763    0.001075    2.253213 ^ delaybuf_16_clk/A (sky130_fd_sc_hd__clkbuf_16)
     1    0.015241    0.037814    0.118012    2.371225 ^ delaybuf_16_clk/X (sky130_fd_sc_hd__clkbuf_16)
                                                         delaynet_16_clk (net)
                      0.037826    0.001056    2.372280 ^ delaybuf_17_clk/A (sky130_fd_sc_hd__clkbuf_16)
     1    0.014825    0.037464    0.117641    2.489921 ^ delaybuf_17_clk/X (sky130_fd_sc_hd__clkbuf_16)
                                                         delaynet_17_clk (net)
                      0.037475    0.001028    2.490949 ^ delaybuf_18_clk/A (sky130_fd_sc_hd__clkbuf_16)
     1    0.015312    0.037874    0.117979    2.608928 ^ delaybuf_18_clk/X (sky130_fd_sc_hd__clkbuf_16)
                                                         delaynet_18_clk (net)
                      0.037886    0.001063    2.609991 ^ delaybuf_19_clk/A (sky130_fd_sc_hd__clkbuf_16)
     1    0.014925    0.037547    0.117777    2.727768 ^ delaybuf_19_clk/X (sky130_fd_sc_hd__clkbuf_16)
                                                         delaynet_19_clk (net)
                      0.037558    0.001017    2.728786 ^ delaybuf_20_clk/A (sky130_fd_sc_hd__clkbuf_16)
     1    0.014839    0.037476    0.117556    2.846342 ^ delaybuf_20_clk/X (sky130_fd_sc_hd__clkbuf_16)
                                                         delaynet_20_clk (net)
                      0.037486    0.001029    2.847371 ^ delaybuf_21_clk/A (sky130_fd_sc_hd__clkbuf_16)
     1    0.014910    0.037534    0.117620    2.964991 ^ delaybuf_21_clk/X (sky130_fd_sc_hd__clkbuf_16)
                                                         delaynet_21_clk (net)
                      0.037544    0.001018    2.966009 ^ delaybuf_22_clk/A (sky130_fd_sc_hd__clkbuf_16)
     1    0.015373    0.037927    0.118061    3.084071 ^ delaybuf_22_clk/X (sky130_fd_sc_hd__clkbuf_16)
                                                         delaynet_22_clk (net)
                      0.037939    0.001080    3.085151 ^ clkbuf_regs_0_clk/A (sky130_fd_sc_hd__clkbuf_16)
     1    0.008900    0.032397    0.112204    3.197355 ^ clkbuf_regs_0_clk/X (sky130_fd_sc_hd__clkbuf_16)
                                                         gpio_in[38]_regs (net)
                      0.032397    0.000309    3.197664 ^ clkbuf_0_gpio_in[38]_regs/A (sky130_fd_sc_hd__clkbuf_16)
     2    0.050583    0.069627    0.141409    3.339073 ^ clkbuf_0_gpio_in[38]_regs/X (sky130_fd_sc_hd__clkbuf_16)
                                                         clknet_0_gpio_in[38]_regs (net)
                      0.071905    0.009645    3.348718 ^ clkbuf_1_1_0_gpio_in[38]_regs/A (sky130_fd_sc_hd__clkbuf_16)
     1    0.055984    0.074394    0.157498    3.506216 ^ clkbuf_1_1_0_gpio_in[38]_regs/X (sky130_fd_sc_hd__clkbuf_16)
                                                         clknet_1_1_0_gpio_in[38]_regs (net)
                      0.079593    0.014898    3.521114 ^ clkbuf_1_1_1_gpio_in[38]_regs/A (sky130_fd_sc_hd__clkbuf_16)
     2    0.075728    0.094440    0.171267    3.692381 ^ clkbuf_1_1_1_gpio_in[38]_regs/X (sky130_fd_sc_hd__clkbuf_16)
                                                         clknet_1_1_1_gpio_in[38]_regs (net)
                      0.098986    0.015926    3.708307 ^ clkbuf_2_3_0_gpio_in[38]_regs/A (sky130_fd_sc_hd__clkbuf_16)
     2    0.059803    0.078601    0.172065    3.880372 ^ clkbuf_2_3_0_gpio_in[38]_regs/X (sky130_fd_sc_hd__clkbuf_16)
                                                         clknet_2_3_0_gpio_in[38]_regs (net)
                      0.080945    0.010557    3.890929 ^ clkbuf_3_7_0_gpio_in[38]_regs/A (sky130_fd_sc_hd__clkbuf_16)
     1    0.078030    0.095429    0.180979    4.071908 ^ clkbuf_3_7_0_gpio_in[38]_regs/X (sky130_fd_sc_hd__clkbuf_16)
                                                         clknet_3_7_0_gpio_in[38]_regs (net)
                      0.095930    0.005512    4.077420 ^ clkbuf_3_7_1_gpio_in[38]_regs/A (sky130_fd_sc_hd__clkbuf_16)
     4    0.080909    0.099294    0.184031    4.261451 ^ clkbuf_3_7_1_gpio_in[38]_regs/X (sky130_fd_sc_hd__clkbuf_16)
                                                         clknet_3_7_1_gpio_in[38]_regs (net)
                      0.102549    0.014083    4.275534 ^ clkbuf_5_28_0_gpio_in[38]_regs/A (sky130_fd_sc_hd__clkbuf_16)
     2    0.061005    0.079243    0.175130    4.450664 ^ clkbuf_5_28_0_gpio_in[38]_regs/X (sky130_fd_sc_hd__clkbuf_16)
                                                         clknet_5_28_0_gpio_in[38]_regs (net)
                      0.080638    0.008216    4.458879 ^ clkbuf_6_57__f_gpio_in[38]_regs/A (sky130_fd_sc_hd__clkbuf_16)
     4    0.046160    0.065272    0.159208    4.618088 ^ clkbuf_6_57__f_gpio_in[38]_regs/X (sky130_fd_sc_hd__clkbuf_16)
                                                         clknet_6_57__leaf_gpio_in[38]_regs (net)
                      0.065320    0.001582    4.619670 ^ clkbuf_leaf_171_gpio_in[38]_regs/A (sky130_fd_sc_hd__clkbuf_16)
     6    0.022736    0.044246    0.135332    4.755002 ^ clkbuf_leaf_171_gpio_in[38]_regs/X (sky130_fd_sc_hd__clkbuf_16)
                                                         clknet_leaf_171_gpio_in[38]_regs (net)
                      0.044252    0.000492    4.755495 ^ _4006_/CLK (sky130_fd_sc_hd__dfxtp_4)
     2    0.090352    0.260975    0.480716    5.236211 ^ _4006_/Q (sky130_fd_sc_hd__dfxtp_4)
                                                         bus_req (net)
                      0.266780    0.031019    5.267231 ^ wire1567/A (sky130_fd_sc_hd__buf_6)
     1    0.079676    0.163714    0.227398    5.494628 ^ wire1567/X (sky130_fd_sc_hd__buf_6)
                                                         net1567 (net)
                      0.170071    0.025303    5.519931 ^ wire1566/A (sky130_fd_sc_hd__buf_8)
     2    0.131159    0.212811    0.252506    5.772437 ^ wire1566/X (sky130_fd_sc_hd__buf_8)
                                                         net1566 (net)
                      0.213222    0.007651    5.780088 ^ wire1565/A (sky130_fd_sc_hd__buf_6)
     1    0.040159    0.089205    0.175843    5.955931 ^ wire1565/X (sky130_fd_sc_hd__buf_6)
                                                         net1565 (net)
                      0.090104    0.007121    5.963051 ^ wire1564/A (sky130_fd_sc_hd__buf_6)
     1    0.060229    0.126728    0.165778    6.128829 ^ wire1564/X (sky130_fd_sc_hd__buf_6)
                                                         net1564 (net)
                      0.131453    0.019138    6.147967 ^ _4805_/A (sky130_fd_sc_hd__clkbuf_4)
     1    0.045804    0.145319    0.235321    6.383288 ^ _4805_/X (sky130_fd_sc_hd__clkbuf_4)
                                                         net31 (net)
                      0.146827    0.011866    6.395154 ^ wire746/A (sky130_fd_sc_hd__buf_6)
     1    0.052375    0.111945    0.174466    6.569620 ^ wire746/X (sky130_fd_sc_hd__buf_6)
                                                         net746 (net)
                      0.114478    0.013281    6.582901 ^ wire745/A (sky130_fd_sc_hd__buf_6)
     1    0.031146    0.071313    0.142890    6.725791 ^ wire745/X (sky130_fd_sc_hd__buf_6)
                                                         net745 (net)
                      0.071842    0.004822    6.730614 ^ wire2933/A (sky130_fd_sc_hd__buf_6)
     1    0.052424    0.111647    0.153804    6.884417 ^ wire2933/X (sky130_fd_sc_hd__buf_6)
                                                         net2933 (net)
                      0.113888    0.012559    6.896976 ^ output31/A (sky130_fd_sc_hd__buf_2)
     1    0.003565    0.030459    0.119438    7.016414 ^ output31/X (sky130_fd_sc_hd__buf_2)
                                                         gpio_out[19] (net)
                      0.030461    0.000111    7.016525 ^ gpio_out[19] (out)
                                              7.016525   data arrival time

                                 20.000000   20.000000   clock clk (rise edge)
                                  0.000000   20.000000   clock network delay (propagated)
                                 -0.250000   19.750002   clock uncertainty
                                  0.000000   19.750002   clock reconvergence pessimism
                                 -4.000000   15.750001   output external delay
                                             15.750001   data required time
---------------------------------------------------------------------------------------------
                                             15.750001   data required time
                                             -7.016525   data arrival time
---------------------------------------------------------------------------------------------
                                              8.733476   slack (MET)




===========================================================================
report_checks --slack_max -0.01
============================================================================
======================= nom_tt_025C_1v80 Corner ===================================

No paths found.


===========================================================================
 report_check_types -max_slew -max_cap -max_fanout -violators
============================================================================
======================= nom_tt_025C_1v80 Corner ===================================



===========================================================================
report_parasitic_annotation -report_unannotated
============================================================================
Found 913 unannotated drivers.
 analog_io[0]
 analog_io[10]
 analog_io[11]
 analog_io[12]
 analog_io[13]
 analog_io[14]
 analog_io[15]
 analog_io[16]
 analog_io[17]
 analog_io[18]
 analog_io[19]
 analog_io[1]
 analog_io[20]
 analog_io[21]
 analog_io[22]
 analog_io[23]
 analog_io[24]
 analog_io[25]
 analog_io[26]
 analog_io[27]
 analog_io[28]
 analog_io[29]
 analog_io[2]
 analog_io[30]
 analog_io[31]
 analog_io[32]
 analog_io[33]
 analog_io[34]
 analog_io[35]
 analog_io[36]
 analog_io[37]
 analog_io[38]
 analog_io[39]
 analog_io[3]
 analog_io[40]
 analog_io[41]
 analog_io[42]
 analog_io[43]
 analog_io[4]
 analog_io[5]
 analog_io[6]
 analog_io[7]
 analog_io[8]
 analog_io[9]
 analog_noesd_io[0]
 analog_noesd_io[10]
 analog_noesd_io[11]
 analog_noesd_io[12]
 analog_noesd_io[13]
 analog_noesd_io[14]
 analog_noesd_io[15]
 analog_noesd_io[16]
 analog_noesd_io[17]
 analog_noesd_io[18]
 analog_noesd_io[19]
 analog_noesd_io[1]
 analog_noesd_io[20]
 analog_noesd_io[21]
 analog_noesd_io[22]
 analog_noesd_io[23]
 analog_noesd_io[24]
 analog_noesd_io[25]
 analog_noesd_io[26]
 analog_noesd_io[27]
 analog_noesd_io[28]
 analog_noesd_io[29]
 analog_noesd_io[2]
 analog_noesd_io[30]
 analog_noesd_io[31]
 analog_noesd_io[32]
 analog_noesd_io[33]
 analog_noesd_io[34]
 analog_noesd_io[35]
 analog_noesd_io[36]
 analog_noesd_io[37]
 analog_noesd_io[38]
 analog_noesd_io[39]
 analog_noesd_io[3]
 analog_noesd_io[40]
 analog_noesd_io[41]
 analog_noesd_io[42]
 analog_noesd_io[43]
 analog_noesd_io[4]
 analog_noesd_io[5]
 analog_noesd_io[6]
 analog_noesd_io[7]
 analog_noesd_io[8]
 analog_noesd_io[9]
 gpio_in[0]
 gpio_in[10]
 gpio_in[11]
 gpio_in[12]
 gpio_in[13]
 gpio_in[14]
 gpio_in[15]
 gpio_in[16]
 gpio_in[17]
 gpio_in[18]
 gpio_in[19]
 gpio_in[1]
 gpio_in[22]
 gpio_in[23]
 gpio_in[2]
 gpio_in[3]
 gpio_in[41]
 gpio_in[42]
 gpio_in[43]
 gpio_in[4]
 gpio_in[5]
 gpio_in[6]
 gpio_in[7]
 gpio_in[8]
 gpio_in[9]
 gpio_in_h[0]
 gpio_in_h[10]
 gpio_in_h[11]
 gpio_in_h[12]
 gpio_in_h[13]
 gpio_in_h[14]
 gpio_in_h[15]
 gpio_in_h[16]
 gpio_in_h[17]
 gpio_in_h[18]
 gpio_in_h[19]
 gpio_in_h[1]
 gpio_in_h[20]
 gpio_in_h[21]
 gpio_in_h[22]
 gpio_in_h[23]
 gpio_in_h[24]
 gpio_in_h[25]
 gpio_in_h[26]
 gpio_in_h[27]
 gpio_in_h[28]
 gpio_in_h[29]
 gpio_in_h[2]
 gpio_in_h[30]
 gpio_in_h[31]
 gpio_in_h[32]
 gpio_in_h[33]
 gpio_in_h[34]
 gpio_in_h[35]
 gpio_in_h[36]
 gpio_in_h[37]
 gpio_in_h[38]
 gpio_in_h[39]
 gpio_in_h[3]
 gpio_in_h[40]
 gpio_in_h[41]
 gpio_in_h[42]
 gpio_in_h[43]
 gpio_in_h[4]
 gpio_in_h[5]
 gpio_in_h[6]
 gpio_in_h[7]
 gpio_in_h[8]
 gpio_in_h[9]
 gpio_loopback_one[0]
 gpio_loopback_one[10]
 gpio_loopback_one[11]
 gpio_loopback_one[12]
 gpio_loopback_one[13]
 gpio_loopback_one[14]
 gpio_loopback_one[15]
 gpio_loopback_one[16]
 gpio_loopback_one[17]
 gpio_loopback_one[18]
 gpio_loopback_one[19]
 gpio_loopback_one[1]
 gpio_loopback_one[20]
 gpio_loopback_one[21]
 gpio_loopback_one[22]
 gpio_loopback_one[23]
 gpio_loopback_one[24]
 gpio_loopback_one[25]
 gpio_loopback_one[26]
 gpio_loopback_one[27]
 gpio_loopback_one[28]
 gpio_loopback_one[29]
 gpio_loopback_one[2]
 gpio_loopback_one[30]
 gpio_loopback_one[31]
 gpio_loopback_one[32]
 gpio_loopback_one[33]
 gpio_loopback_one[34]
 gpio_loopback_one[35]
 gpio_loopback_one[36]
 gpio_loopback_one[37]
 gpio_loopback_one[38]
 gpio_loopback_one[39]
 gpio_loopback_one[3]
 gpio_loopback_one[40]
 gpio_loopback_one[41]
 gpio_loopback_one[42]
 gpio_loopback_one[43]
 gpio_loopback_one[4]
 gpio_loopback_one[5]
 gpio_loopback_one[6]
 gpio_loopback_one[7]
 gpio_loopback_one[8]
 gpio_loopback_one[9]
 gpio_loopback_zero[0]
 gpio_loopback_zero[10]
 gpio_loopback_zero[11]
 gpio_loopback_zero[12]
 gpio_loopback_zero[13]
 gpio_loopback_zero[14]
 gpio_loopback_zero[15]
 gpio_loopback_zero[16]
 gpio_loopback_zero[17]
 gpio_loopback_zero[18]
 gpio_loopback_zero[19]
 gpio_loopback_zero[1]
 gpio_loopback_zero[20]
 gpio_loopback_zero[21]
 gpio_loopback_zero[22]
 gpio_loopback_zero[23]
 gpio_loopback_zero[24]
 gpio_loopback_zero[25]
 gpio_loopback_zero[26]
 gpio_loopback_zero[27]
 gpio_loopback_zero[28]
 gpio_loopback_zero[29]
 gpio_loopback_zero[2]
 gpio_loopback_zero[30]
 gpio_loopback_zero[31]
 gpio_loopback_zero[32]
 gpio_loopback_zero[33]
 gpio_loopback_zero[34]
 gpio_loopback_zero[35]
 gpio_loopback_zero[36]
 gpio_loopback_zero[37]
 gpio_loopback_zero[38]
 gpio_loopback_zero[39]
 gpio_loopback_zero[3]
 gpio_loopback_zero[40]
 gpio_loopback_zero[41]
 gpio_loopback_zero[42]
 gpio_loopback_zero[43]
 gpio_loopback_zero[4]
 gpio_loopback_zero[5]
 gpio_loopback_zero[6]
 gpio_loopback_zero[7]
 gpio_loopback_zero[8]
 gpio_loopback_zero[9]
 mask_rev[0]
 mask_rev[10]
 mask_rev[11]
 mask_rev[12]
 mask_rev[13]
 mask_rev[14]
 mask_rev[15]
 mask_rev[16]
 mask_rev[17]
 mask_rev[18]
 mask_rev[19]
 mask_rev[1]
 mask_rev[20]
 mask_rev[21]
 mask_rev[22]
 mask_rev[23]
 mask_rev[24]
 mask_rev[25]
 mask_rev[26]
 mask_rev[27]
 mask_rev[28]
 mask_rev[29]
 mask_rev[2]
 mask_rev[30]
 mask_rev[31]
 mask_rev[3]
 mask_rev[4]
 mask_rev[5]
 mask_rev[6]
 mask_rev[7]
 mask_rev[8]
 mask_rev[9]
 por_l
 porb_h
 resetb_h
 _4236__2221/LO
 chip.gpu_inst.tiles\[0\].tile/data_mem_read_address[16]
 chip.gpu_inst.tiles\[0\].tile/data_mem_read_address[17]
 chip.gpu_inst.tiles\[0\].tile/data_mem_read_address[18]
 chip.gpu_inst.tiles\[0\].tile/data_mem_write_address[16]
 chip.gpu_inst.tiles\[0\].tile/data_mem_write_address[17]
 chip.gpu_inst.tiles\[0\].tile/data_mem_write_address[18]
 chip.gpu_inst.tiles\[1\].tile/data_mem_read_address[16]
 chip.gpu_inst.tiles\[1\].tile/data_mem_read_address[17]
 chip.gpu_inst.tiles\[1\].tile/data_mem_read_address[18]
 chip.gpu_inst.tiles\[1\].tile/data_mem_write_address[16]
 chip.gpu_inst.tiles\[1\].tile/data_mem_write_address[17]
 chip.gpu_inst.tiles\[1\].tile/data_mem_write_address[18]
 chip.gpu_inst.tiles\[2\].tile/data_mem_read_address[16]
 chip.gpu_inst.tiles\[2\].tile/data_mem_read_address[17]
 chip.gpu_inst.tiles\[2\].tile/data_mem_read_address[18]
 chip.gpu_inst.tiles\[2\].tile/data_mem_write_address[16]
 chip.gpu_inst.tiles\[2\].tile/data_mem_write_address[17]
 chip.gpu_inst.tiles\[2\].tile/data_mem_write_address[18]
 chip.gpu_inst.tiles\[3\].tile/data_mem_read_address[16]
 chip.gpu_inst.tiles\[3\].tile/data_mem_read_address[17]
 chip.gpu_inst.tiles\[3\].tile/data_mem_read_address[18]
 chip.gpu_inst.tiles\[3\].tile/data_mem_write_address[16]
 chip.gpu_inst.tiles\[3\].tile/data_mem_write_address[17]
 chip.gpu_inst.tiles\[3\].tile/data_mem_write_address[18]
 clkload0/Y
 clkload1/X
 clkload10/X
 clkload11/Y
 clkload12/Y
 clkload13/X
 clkload14/Y
 clkload15/X
 clkload16/X
 clkload17/Y
 clkload18/Y
 clkload19/Y
 clkload2/Y
 clkload20/Y
 clkload21/Y
 clkload22/X
 clkload23/Y
 clkload24/X
 clkload25/X
 clkload26/Y
 clkload27/Y
 clkload28/X
 clkload29/X
 clkload3/X
 clkload30/X
 clkload31/X
 clkload32/Y
 clkload33/X
 clkload34/X
 clkload35/Y
 clkload36/Y
 clkload37/Y
 clkload38/Y
 clkload39/X
 clkload4/X
 clkload40/Y
 clkload41/Y
 clkload42/X
 clkload43/Y
 clkload44/X
 clkload45/X
 clkload46/X
 clkload47/X
 clkload48/Y
 clkload49/Y
 clkload5/X
 clkload50/X
 clkload51/X
 clkload52/Y
 clkload53/Y
 clkload54/X
 clkload55/X
 clkload56/Y
 clkload57/Y
 clkload58/Y
 clkload59/X
 clkload6/X
 clkload60/X
 clkload7/Y
 clkload8/X
 clkload9/X
 openframe_project_wrapper/HI
 openframe_project_wrapper_1790/HI
 openframe_project_wrapper_1791/HI
 openframe_project_wrapper_1792/HI
 openframe_project_wrapper_1793/HI
 openframe_project_wrapper_1794/HI
 openframe_project_wrapper_1795/HI
 openframe_project_wrapper_1796/HI
 openframe_project_wrapper_1797/HI
 openframe_project_wrapper_1798/HI
 openframe_project_wrapper_1799/HI
 openframe_project_wrapper_1800/HI
 openframe_project_wrapper_1801/HI
 openframe_project_wrapper_1802/HI
 openframe_project_wrapper_1803/HI
 openframe_project_wrapper_1804/HI
 openframe_project_wrapper_1805/HI
 openframe_project_wrapper_1806/HI
 openframe_project_wrapper_1807/HI
 openframe_project_wrapper_1808/HI
 openframe_project_wrapper_1809/HI
 openframe_project_wrapper_1810/HI
 openframe_project_wrapper_1811/HI
 openframe_project_wrapper_1812/HI
 openframe_project_wrapper_1813/HI
 openframe_project_wrapper_1814/HI
 openframe_project_wrapper_1815/HI
 openframe_project_wrapper_1816/HI
 openframe_project_wrapper_1817/HI
 openframe_project_wrapper_1818/HI
 openframe_project_wrapper_1819/HI
 openframe_project_wrapper_1820/HI
 openframe_project_wrapper_1821/HI
 openframe_project_wrapper_1822/HI
 openframe_project_wrapper_1823/HI
 openframe_project_wrapper_1824/HI
 openframe_project_wrapper_1825/HI
 openframe_project_wrapper_1826/HI
 openframe_project_wrapper_1827/HI
 openframe_project_wrapper_1828/HI
 openframe_project_wrapper_1829/HI
 openframe_project_wrapper_1830/HI
 openframe_project_wrapper_1831/HI
 openframe_project_wrapper_1832/HI
 openframe_project_wrapper_1833/HI
 openframe_project_wrapper_1834/HI
 openframe_project_wrapper_1835/HI
 openframe_project_wrapper_1836/HI
 openframe_project_wrapper_1837/HI
 openframe_project_wrapper_1838/HI
 openframe_project_wrapper_1839/HI
 openframe_project_wrapper_1840/HI
 openframe_project_wrapper_1841/HI
 openframe_project_wrapper_1842/HI
 openframe_project_wrapper_1843/HI
 openframe_project_wrapper_1844/HI
 openframe_project_wrapper_1845/HI
 openframe_project_wrapper_1846/HI
 openframe_project_wrapper_1847/HI
 openframe_project_wrapper_1848/HI
 openframe_project_wrapper_1849/HI
 openframe_project_wrapper_1850/HI
 openframe_project_wrapper_1851/HI
 openframe_project_wrapper_1852/HI
 openframe_project_wrapper_1853/HI
 openframe_project_wrapper_1854/HI
 openframe_project_wrapper_1855/HI
 openframe_project_wrapper_1856/HI
 openframe_project_wrapper_1857/HI
 openframe_project_wrapper_1858/HI
 openframe_project_wrapper_1859/HI
 openframe_project_wrapper_1860/HI
 openframe_project_wrapper_1861/HI
 openframe_project_wrapper_1862/HI
 openframe_project_wrapper_1863/HI
 openframe_project_wrapper_1864/HI
 openframe_project_wrapper_1865/HI
 openframe_project_wrapper_1866/HI
 openframe_project_wrapper_1867/HI
 openframe_project_wrapper_1868/HI
 openframe_project_wrapper_1869/HI
 openframe_project_wrapper_1870/HI
 openframe_project_wrapper_1871/HI
 openframe_project_wrapper_1872/HI
 openframe_project_wrapper_1873/HI
 openframe_project_wrapper_1874/HI
 openframe_project_wrapper_1875/HI
 openframe_project_wrapper_1876/HI
 openframe_project_wrapper_1877/HI
 openframe_project_wrapper_1878/HI
 openframe_project_wrapper_1879/HI
 openframe_project_wrapper_1880/HI
 openframe_project_wrapper_1881/HI
 openframe_project_wrapper_1882/HI
 openframe_project_wrapper_1883/HI
 openframe_project_wrapper_1884/HI
 openframe_project_wrapper_1885/HI
 openframe_project_wrapper_1886/HI
 openframe_project_wrapper_1887/HI
 openframe_project_wrapper_1888/HI
 openframe_project_wrapper_1889/HI
 openframe_project_wrapper_1890/HI
 openframe_project_wrapper_1891/HI
 openframe_project_wrapper_1892/HI
 openframe_project_wrapper_1893/HI
 openframe_project_wrapper_1894/HI
 openframe_project_wrapper_1895/HI
 openframe_project_wrapper_1896/HI
 openframe_project_wrapper_1897/HI
 openframe_project_wrapper_1898/HI
 openframe_project_wrapper_1899/HI
 openframe_project_wrapper_1900/HI
 openframe_project_wrapper_1901/HI
 openframe_project_wrapper_1902/HI
 openframe_project_wrapper_1903/HI
 openframe_project_wrapper_1904/HI
 openframe_project_wrapper_1905/HI
 openframe_project_wrapper_1906/HI
 openframe_project_wrapper_1907/HI
 openframe_project_wrapper_1908/HI
 openframe_project_wrapper_1909/HI
 openframe_project_wrapper_1910/HI
 openframe_project_wrapper_1911/HI
 openframe_project_wrapper_1912/HI
 openframe_project_wrapper_1913/HI
 openframe_project_wrapper_1914/HI
 openframe_project_wrapper_1915/HI
 openframe_project_wrapper_1916/HI
 openframe_project_wrapper_1917/HI
 openframe_project_wrapper_1918/HI
 openframe_project_wrapper_1919/HI
 openframe_project_wrapper_1920/HI
 openframe_project_wrapper_1921/HI
 openframe_project_wrapper_1922/HI
 openframe_project_wrapper_1923/HI
 openframe_project_wrapper_1924/HI
 openframe_project_wrapper_1925/HI
 openframe_project_wrapper_1926/HI
 openframe_project_wrapper_1927/HI
 openframe_project_wrapper_1928/HI
 openframe_project_wrapper_1929/HI
 openframe_project_wrapper_1930/HI
 openframe_project_wrapper_1931/HI
 openframe_project_wrapper_1932/HI
 openframe_project_wrapper_1933/HI
 openframe_project_wrapper_1934/HI
 openframe_project_wrapper_1935/HI
 openframe_project_wrapper_1936/HI
 openframe_project_wrapper_1937/HI
 openframe_project_wrapper_1938/HI
 openframe_project_wrapper_1939/HI
 openframe_project_wrapper_1940/HI
 openframe_project_wrapper_1941/HI
 openframe_project_wrapper_1942/HI
 openframe_project_wrapper_1943/HI
 openframe_project_wrapper_1944/HI
 openframe_project_wrapper_1945/HI
 openframe_project_wrapper_1946/HI
 openframe_project_wrapper_1947/HI
 openframe_project_wrapper_1948/HI
 openframe_project_wrapper_1949/HI
 openframe_project_wrapper_1950/HI
 openframe_project_wrapper_1951/HI
 openframe_project_wrapper_1952/HI
 openframe_project_wrapper_1953/HI
 openframe_project_wrapper_1954/HI
 openframe_project_wrapper_1955/HI
 openframe_project_wrapper_1956/HI
 openframe_project_wrapper_1957/HI
 openframe_project_wrapper_1958/HI
 openframe_project_wrapper_1959/HI
 openframe_project_wrapper_1960/HI
 openframe_project_wrapper_1961/HI
 openframe_project_wrapper_1962/HI
 openframe_project_wrapper_1963/HI
 openframe_project_wrapper_1964/HI
 openframe_project_wrapper_1965/HI
 openframe_project_wrapper_1966/HI
 openframe_project_wrapper_1967/HI
 openframe_project_wrapper_1968/HI
 openframe_project_wrapper_1969/HI
 openframe_project_wrapper_1970/HI
 openframe_project_wrapper_1971/HI
 openframe_project_wrapper_1972/HI
 openframe_project_wrapper_1973/HI
 openframe_project_wrapper_1974/HI
 openframe_project_wrapper_1975/HI
 openframe_project_wrapper_1976/HI
 openframe_project_wrapper_1977/HI
 openframe_project_wrapper_1978/HI
 openframe_project_wrapper_1979/HI
 openframe_project_wrapper_1980/HI
 openframe_project_wrapper_1981/HI
 openframe_project_wrapper_1982/HI
 openframe_project_wrapper_1983/HI
 openframe_project_wrapper_1984/HI
 openframe_project_wrapper_1985/HI
 openframe_project_wrapper_1986/HI
 openframe_project_wrapper_1987/HI
 openframe_project_wrapper_1988/HI
 openframe_project_wrapper_1989/HI
 openframe_project_wrapper_1990/HI
 openframe_project_wrapper_1991/HI
 openframe_project_wrapper_1992/HI
 openframe_project_wrapper_1993/HI
 openframe_project_wrapper_1994/HI
 openframe_project_wrapper_1995/HI
 openframe_project_wrapper_1996/HI
 openframe_project_wrapper_1997/HI
 openframe_project_wrapper_1998/HI
 openframe_project_wrapper_1999/HI
 openframe_project_wrapper_2000/HI
 openframe_project_wrapper_2001/HI
 openframe_project_wrapper_2002/HI
 openframe_project_wrapper_2003/HI
 openframe_project_wrapper_2004/HI
 openframe_project_wrapper_2005/HI
 openframe_project_wrapper_2006/HI
 openframe_project_wrapper_2007/HI
 openframe_project_wrapper_2008/HI
 openframe_project_wrapper_2009/HI
 openframe_project_wrapper_2010/HI
 openframe_project_wrapper_2011/HI
 openframe_project_wrapper_2012/HI
 openframe_project_wrapper_2013/HI
 openframe_project_wrapper_2014/HI
 openframe_project_wrapper_2015/HI
 openframe_project_wrapper_2016/HI
 openframe_project_wrapper_2017/HI
 openframe_project_wrapper_2018/HI
 openframe_project_wrapper_2019/HI
 openframe_project_wrapper_2020/HI
 openframe_project_wrapper_2021/HI
 openframe_project_wrapper_2022/HI
 openframe_project_wrapper_2023/HI
 openframe_project_wrapper_2024/HI
 openframe_project_wrapper_2025/HI
 openframe_project_wrapper_2026/HI
 openframe_project_wrapper_2027/HI
 openframe_project_wrapper_2028/HI
 openframe_project_wrapper_2029/HI
 openframe_project_wrapper_2030/HI
 openframe_project_wrapper_2031/HI
 openframe_project_wrapper_2032/HI
 openframe_project_wrapper_2033/HI
 openframe_project_wrapper_2034/HI
 openframe_project_wrapper_2035/HI
 openframe_project_wrapper_2036/HI
 openframe_project_wrapper_2037/HI
 openframe_project_wrapper_2038/HI
 openframe_project_wrapper_2039/HI
 openframe_project_wrapper_2040/HI
 openframe_project_wrapper_2041/HI
 openframe_project_wrapper_2042/HI
 openframe_project_wrapper_2043/HI
 openframe_project_wrapper_2044/HI
 openframe_project_wrapper_2045/HI
 openframe_project_wrapper_2046/HI
 openframe_project_wrapper_2047/HI
 openframe_project_wrapper_2048/HI
 openframe_project_wrapper_2049/HI
 openframe_project_wrapper_2050/HI
 openframe_project_wrapper_2051/HI
 openframe_project_wrapper_2052/HI
 openframe_project_wrapper_2053/HI
 openframe_project_wrapper_2054/HI
 openframe_project_wrapper_2055/HI
 openframe_project_wrapper_2056/HI
 openframe_project_wrapper_2057/HI
 openframe_project_wrapper_2058/HI
 openframe_project_wrapper_2059/HI
 openframe_project_wrapper_2060/HI
 openframe_project_wrapper_2061/HI
 openframe_project_wrapper_2062/HI
 openframe_project_wrapper_2063/HI
 openframe_project_wrapper_2064/HI
 openframe_project_wrapper_2065/HI
 openframe_project_wrapper_2066/HI
 openframe_project_wrapper_2067/HI
 openframe_project_wrapper_2068/HI
 openframe_project_wrapper_2069/HI
 openframe_project_wrapper_2070/HI
 openframe_project_wrapper_2071/HI
 openframe_project_wrapper_2072/HI
 openframe_project_wrapper_2073/HI
 openframe_project_wrapper_2074/HI
 openframe_project_wrapper_2075/HI
 openframe_project_wrapper_2076/HI
 openframe_project_wrapper_2077/HI
 openframe_project_wrapper_2078/HI
 openframe_project_wrapper_2079/HI
 openframe_project_wrapper_2080/HI
 openframe_project_wrapper_2081/HI
 openframe_project_wrapper_2082/HI
 openframe_project_wrapper_2083/HI
 openframe_project_wrapper_2084/HI
 openframe_project_wrapper_2085/HI
 openframe_project_wrapper_2086/HI
 openframe_project_wrapper_2087/HI
 openframe_project_wrapper_2088/HI
 openframe_project_wrapper_2089/HI
 openframe_project_wrapper_2090/HI
 openframe_project_wrapper_2091/HI
 openframe_project_wrapper_2092/HI
 openframe_project_wrapper_2093/HI
 openframe_project_wrapper_2094/HI
 openframe_project_wrapper_2095/HI
 openframe_project_wrapper_2096/HI
 openframe_project_wrapper_2097/HI
 openframe_project_wrapper_2098/HI
 openframe_project_wrapper_2099/HI
 openframe_project_wrapper_2100/HI
 openframe_project_wrapper_2101/HI
 openframe_project_wrapper_2102/HI
 openframe_project_wrapper_2103/HI
 openframe_project_wrapper_2104/HI
 openframe_project_wrapper_2105/HI
 openframe_project_wrapper_2106/HI
 openframe_project_wrapper_2107/HI
 openframe_project_wrapper_2108/HI
 openframe_project_wrapper_2109/HI
 openframe_project_wrapper_2110/HI
 openframe_project_wrapper_2111/HI
 openframe_project_wrapper_2112/HI
 openframe_project_wrapper_2113/HI
 openframe_project_wrapper_2114/HI
 openframe_project_wrapper_2115/HI
 openframe_project_wrapper_2116/HI
 openframe_project_wrapper_2117/HI
 openframe_project_wrapper_2118/HI
 openframe_project_wrapper_2119/HI
 openframe_project_wrapper_2120/HI
 openframe_project_wrapper_2121/HI
 openframe_project_wrapper_2122/HI
 openframe_project_wrapper_2123/HI
 openframe_project_wrapper_2124/HI
 openframe_project_wrapper_2125/HI
 openframe_project_wrapper_2126/HI
 openframe_project_wrapper_2127/HI
 openframe_project_wrapper_2128/HI
 openframe_project_wrapper_2129/HI
 openframe_project_wrapper_2130/HI
 openframe_project_wrapper_2131/HI
 openframe_project_wrapper_2132/HI
 openframe_project_wrapper_2133/HI
 openframe_project_wrapper_2134/HI
 openframe_project_wrapper_2135/HI
 openframe_project_wrapper_2136/HI
 openframe_project_wrapper_2137/HI
 openframe_project_wrapper_2138/HI
 openframe_project_wrapper_2139/HI
 openframe_project_wrapper_2140/HI
 openframe_project_wrapper_2141/HI
 openframe_project_wrapper_2142/HI
 openframe_project_wrapper_2143/HI
 openframe_project_wrapper_2144/HI
 openframe_project_wrapper_2145/HI
 openframe_project_wrapper_2146/HI
 openframe_project_wrapper_2147/HI
 openframe_project_wrapper_2148/HI
 openframe_project_wrapper_2149/HI
 openframe_project_wrapper_2150/HI
 openframe_project_wrapper_2151/HI
 openframe_project_wrapper_2152/HI
 openframe_project_wrapper_2153/HI
 openframe_project_wrapper_2154/HI
 openframe_project_wrapper_2155/HI
 openframe_project_wrapper_2156/HI
 openframe_project_wrapper_2157/HI
 openframe_project_wrapper_2158/HI
 openframe_project_wrapper_2159/HI
 openframe_project_wrapper_2160/HI
 openframe_project_wrapper_2161/HI
 openframe_project_wrapper_2162/HI
 openframe_project_wrapper_2163/HI
 openframe_project_wrapper_2164/HI
 openframe_project_wrapper_2165/HI
 openframe_project_wrapper_2166/HI
 openframe_project_wrapper_2167/HI
 openframe_project_wrapper_2168/HI
 openframe_project_wrapper_2169/HI
 openframe_project_wrapper_2170/HI
 openframe_project_wrapper_2171/HI
 openframe_project_wrapper_2172/HI
 openframe_project_wrapper_2173/HI
 openframe_project_wrapper_2174/HI
 openframe_project_wrapper_2175/HI
 openframe_project_wrapper_2176/HI
 openframe_project_wrapper_2177/HI
 openframe_project_wrapper_2178/HI
 openframe_project_wrapper_2179/HI
 openframe_project_wrapper_2180/HI
 openframe_project_wrapper_2181/HI
 openframe_project_wrapper_2182/HI
 openframe_project_wrapper_2183/HI
 openframe_project_wrapper_2184/HI
 openframe_project_wrapper_2185/HI
 openframe_project_wrapper_2186/HI
 openframe_project_wrapper_2187/HI
 openframe_project_wrapper_2188/HI
 openframe_project_wrapper_2189/HI
 openframe_project_wrapper_2190/HI
 openframe_project_wrapper_2191/HI
 openframe_project_wrapper_2192/HI
 openframe_project_wrapper_2193/HI
 openframe_project_wrapper_2194/HI
 openframe_project_wrapper_2195/HI
 openframe_project_wrapper_2196/HI
 openframe_project_wrapper_2197/HI
 openframe_project_wrapper_2198/HI
 openframe_project_wrapper_2199/HI
 openframe_project_wrapper_2200/HI
 openframe_project_wrapper_2201/HI
 openframe_project_wrapper_2202/HI
 openframe_project_wrapper_2203/HI
 openframe_project_wrapper_2204/HI
 openframe_project_wrapper_2205/HI
 openframe_project_wrapper_2206/HI
 openframe_project_wrapper_2207/HI
 openframe_project_wrapper_2208/HI
 openframe_project_wrapper_2209/HI
 openframe_project_wrapper_2210/HI
 openframe_project_wrapper_2211/HI
 openframe_project_wrapper_2212/HI
 openframe_project_wrapper_2213/HI
 openframe_project_wrapper_2214/HI
 openframe_project_wrapper_2215/HI
 openframe_project_wrapper_2216/HI
 openframe_project_wrapper_2217/HI
 openframe_project_wrapper_2218/HI
 openframe_project_wrapper_2219/HI
 openframe_project_wrapper_2220/HI
 openframe_project_wrapper_2222/LO
 openframe_project_wrapper_2223/LO
 openframe_project_wrapper_2224/LO
 openframe_project_wrapper_2225/LO
 openframe_project_wrapper_2226/LO
 openframe_project_wrapper_2227/LO
 openframe_project_wrapper_2228/LO
 openframe_project_wrapper_2229/LO
 openframe_project_wrapper_2230/LO
 openframe_project_wrapper_2231/LO
 openframe_project_wrapper_2232/LO
 openframe_project_wrapper_2233/LO
 openframe_project_wrapper_2234/LO
 openframe_project_wrapper_2235/LO
 openframe_project_wrapper_2236/LO
 openframe_project_wrapper_2237/LO
 openframe_project_wrapper_2238/LO
 openframe_project_wrapper_2239/LO
 openframe_project_wrapper_2240/LO
 openframe_project_wrapper_2241/LO
 openframe_project_wrapper_2242/LO
 openframe_project_wrapper_2243/LO
 openframe_project_wrapper_2244/LO
 openframe_project_wrapper_2245/LO
 openframe_project_wrapper_2246/LO
 openframe_project_wrapper_2247/LO
 openframe_project_wrapper_2248/LO
 openframe_project_wrapper_2249/LO
 openframe_project_wrapper_2250/LO
 openframe_project_wrapper_2251/LO
 openframe_project_wrapper_2252/LO
 openframe_project_wrapper_2253/LO
 openframe_project_wrapper_2254/LO
 openframe_project_wrapper_2255/LO
 openframe_project_wrapper_2256/LO
 openframe_project_wrapper_2257/LO
 openframe_project_wrapper_2258/LO
 openframe_project_wrapper_2259/LO
 openframe_project_wrapper_2260/LO
 openframe_project_wrapper_2261/LO
 openframe_project_wrapper_2262/LO
 openframe_project_wrapper_2263/LO
 openframe_project_wrapper_2264/LO
 openframe_project_wrapper_2265/LO
 openframe_project_wrapper_2266/LO
 openframe_project_wrapper_2267/LO
 openframe_project_wrapper_2268/LO
 openframe_project_wrapper_2269/LO
 openframe_project_wrapper_2270/LO
 openframe_project_wrapper_2271/LO
 openframe_project_wrapper_2272/LO
 openframe_project_wrapper_2273/LO
 openframe_project_wrapper_2274/LO
 openframe_project_wrapper_2275/LO
 openframe_project_wrapper_2276/LO
 openframe_project_wrapper_2277/LO
 openframe_project_wrapper_2278/LO
 openframe_project_wrapper_2279/LO
 openframe_project_wrapper_2280/LO
 openframe_project_wrapper_2281/LO
 openframe_project_wrapper_2282/LO
 openframe_project_wrapper_2283/LO
 openframe_project_wrapper_2284/LO
 openframe_project_wrapper_2285/LO
 openframe_project_wrapper_2286/LO
 openframe_project_wrapper_2287/LO
 openframe_project_wrapper_2288/LO
 openframe_project_wrapper_2289/LO
 openframe_project_wrapper_2290/LO
 openframe_project_wrapper_2291/LO
 openframe_project_wrapper_2292/LO
 openframe_project_wrapper_2293/LO
 openframe_project_wrapper_2294/LO
 openframe_project_wrapper_2295/LO
 openframe_project_wrapper_2296/LO
 openframe_project_wrapper_2297/LO
 openframe_project_wrapper_2298/LO
 openframe_project_wrapper_2299/LO
 openframe_project_wrapper_2300/LO
 openframe_project_wrapper_2301/LO
 openframe_project_wrapper_2302/LO
 openframe_project_wrapper_2303/LO
 openframe_project_wrapper_2304/LO
 openframe_project_wrapper_2305/LO
 openframe_project_wrapper_2306/LO
 openframe_project_wrapper_2307/LO
 openframe_project_wrapper_2308/LO
 openframe_project_wrapper_2309/LO
 openframe_project_wrapper_2310/LO
 openframe_project_wrapper_2311/LO
 openframe_project_wrapper_2312/LO
 openframe_project_wrapper_2313/LO
 openframe_project_wrapper_2314/LO
 openframe_project_wrapper_2315/LO
 openframe_project_wrapper_2316/LO
 openframe_project_wrapper_2317/LO
 openframe_project_wrapper_2318/LO
 openframe_project_wrapper_2319/LO
 openframe_project_wrapper_2320/LO
 openframe_project_wrapper_2321/LO
 openframe_project_wrapper_2322/LO
 openframe_project_wrapper_2323/LO
 openframe_project_wrapper_2324/LO
 openframe_project_wrapper_2325/LO
 openframe_project_wrapper_2326/LO
 openframe_project_wrapper_2327/LO
 openframe_project_wrapper_2328/LO
 openframe_project_wrapper_2329/LO
 openframe_project_wrapper_2330/LO
 openframe_project_wrapper_2331/LO
 openframe_project_wrapper_2332/LO
 openframe_project_wrapper_2333/LO
 openframe_project_wrapper_2334/LO
 openframe_project_wrapper_2335/LO
 openframe_project_wrapper_2336/LO
Found 0 partially unannotated drivers.

===========================================================================
max slew violation count 0
max fanout violation count 0
max cap violation count 0
============================================================================

===========================================================================
check_setup -verbose -unconstrained_endpoints -multiple_clock -no_clock -no_input_delay -loops -generated_clocks
===========================================================================
Warning: There are 282 input ports missing set_input_delay.
  analog_io[0]
  analog_io[10]
  analog_io[11]
  analog_io[12]
  analog_io[13]
  analog_io[14]
  analog_io[15]
  analog_io[16]
  analog_io[17]
  analog_io[18]
  analog_io[19]
  analog_io[1]
  analog_io[20]
  analog_io[21]
  analog_io[22]
  analog_io[23]
  analog_io[24]
  analog_io[25]
  analog_io[26]
  analog_io[27]
  analog_io[28]
  analog_io[29]
  analog_io[2]
  analog_io[30]
  analog_io[31]
  analog_io[32]
  analog_io[33]
  analog_io[34]
  analog_io[35]
  analog_io[36]
  analog_io[37]
  analog_io[38]
  analog_io[39]
  analog_io[3]
  analog_io[40]
  analog_io[41]
  analog_io[42]
  analog_io[43]
  analog_io[4]
  analog_io[5]
  analog_io[6]
  analog_io[7]
  analog_io[8]
  analog_io[9]
  analog_noesd_io[0]
  analog_noesd_io[10]
  analog_noesd_io[11]
  analog_noesd_io[12]
  analog_noesd_io[13]
  analog_noesd_io[14]
  analog_noesd_io[15]
  analog_noesd_io[16]
  analog_noesd_io[17]
  analog_noesd_io[18]
  analog_noesd_io[19]
  analog_noesd_io[1]
  analog_noesd_io[20]
  analog_noesd_io[21]
  analog_noesd_io[22]
  analog_noesd_io[23]
  analog_noesd_io[24]
  analog_noesd_io[25]
  analog_noesd_io[26]
  analog_noesd_io[27]
  analog_noesd_io[28]
  analog_noesd_io[29]
  analog_noesd_io[2]
  analog_noesd_io[30]
  analog_noesd_io[31]
  analog_noesd_io[32]
  analog_noesd_io[33]
  analog_noesd_io[34]
  analog_noesd_io[35]
  analog_noesd_io[36]
  analog_noesd_io[37]
  analog_noesd_io[38]
  analog_noesd_io[39]
  analog_noesd_io[3]
  analog_noesd_io[40]
  analog_noesd_io[41]
  analog_noesd_io[42]
  analog_noesd_io[43]
  analog_noesd_io[4]
  analog_noesd_io[5]
  analog_noesd_io[6]
  analog_noesd_io[7]
  analog_noesd_io[8]
  analog_noesd_io[9]
  gpio_in[0]
  gpio_in[10]
  gpio_in[11]
  gpio_in[12]
  gpio_in[13]
  gpio_in[14]
  gpio_in[15]
  gpio_in[16]
  gpio_in[17]
  gpio_in[18]
  gpio_in[19]
  gpio_in[1]
  gpio_in[22]
  gpio_in[23]
  gpio_in[2]
  gpio_in[3]
  gpio_in[41]
  gpio_in[42]
  gpio_in[43]
  gpio_in[4]
  gpio_in[5]
  gpio_in[6]
  gpio_in[7]
  gpio_in[8]
  gpio_in[9]
  gpio_in_h[0]
  gpio_in_h[10]
  gpio_in_h[11]
  gpio_in_h[12]
  gpio_in_h[13]
  gpio_in_h[14]
  gpio_in_h[15]
  gpio_in_h[16]
  gpio_in_h[17]
  gpio_in_h[18]
  gpio_in_h[19]
  gpio_in_h[1]
  gpio_in_h[20]
  gpio_in_h[21]
  gpio_in_h[22]
  gpio_in_h[23]
  gpio_in_h[24]
  gpio_in_h[25]
  gpio_in_h[26]
  gpio_in_h[27]
  gpio_in_h[28]
  gpio_in_h[29]
  gpio_in_h[2]
  gpio_in_h[30]
  gpio_in_h[31]
  gpio_in_h[32]
  gpio_in_h[33]
  gpio_in_h[34]
  gpio_in_h[35]
  gpio_in_h[36]
  gpio_in_h[37]
  gpio_in_h[38]
  gpio_in_h[39]
  gpio_in_h[3]
  gpio_in_h[40]
  gpio_in_h[41]
  gpio_in_h[42]
  gpio_in_h[43]
  gpio_in_h[4]
  gpio_in_h[5]
  gpio_in_h[6]
  gpio_in_h[7]
  gpio_in_h[8]
  gpio_in_h[9]
  gpio_loopback_one[0]
  gpio_loopback_one[10]
  gpio_loopback_one[11]
  gpio_loopback_one[12]
  gpio_loopback_one[13]
  gpio_loopback_one[14]
  gpio_loopback_one[15]
  gpio_loopback_one[16]
  gpio_loopback_one[17]
  gpio_loopback_one[18]
  gpio_loopback_one[19]
  gpio_loopback_one[1]
  gpio_loopback_one[20]
  gpio_loopback_one[21]
  gpio_loopback_one[22]
  gpio_loopback_one[23]
  gpio_loopback_one[24]
  gpio_loopback_one[25]
  gpio_loopback_one[26]
  gpio_loopback_one[27]
  gpio_loopback_one[28]
  gpio_loopback_one[29]
  gpio_loopback_one[2]
  gpio_loopback_one[30]
  gpio_loopback_one[31]
  gpio_loopback_one[32]
  gpio_loopback_one[33]
  gpio_loopback_one[34]
  gpio_loopback_one[35]
  gpio_loopback_one[36]
  gpio_loopback_one[37]
  gpio_loopback_one[38]
  gpio_loopback_one[39]
  gpio_loopback_one[3]
  gpio_loopback_one[40]
  gpio_loopback_one[41]
  gpio_loopback_one[42]
  gpio_loopback_one[43]
  gpio_loopback_one[4]
  gpio_loopback_one[5]
  gpio_loopback_one[6]
  gpio_loopback_one[7]
  gpio_loopback_one[8]
  gpio_loopback_one[9]
  gpio_loopback_zero[0]
  gpio_loopback_zero[10]
  gpio_loopback_zero[11]
  gpio_loopback_zero[12]
  gpio_loopback_zero[13]
  gpio_loopback_zero[14]
  gpio_loopback_zero[15]
  gpio_loopback_zero[16]
  gpio_loopback_zero[17]
  gpio_loopback_zero[18]
  gpio_loopback_zero[19]
  gpio_loopback_zero[1]
  gpio_loopback_zero[20]
  gpio_loopback_zero[21]
  gpio_loopback_zero[22]
  gpio_loopback_zero[23]
  gpio_loopback_zero[24]
  gpio_loopback_zero[25]
  gpio_loopback_zero[26]
  gpio_loopback_zero[27]
  gpio_loopback_zero[28]
  gpio_loopback_zero[29]
  gpio_loopback_zero[2]
  gpio_loopback_zero[30]
  gpio_loopback_zero[31]
  gpio_loopback_zero[32]
  gpio_loopback_zero[33]
  gpio_loopback_zero[34]
  gpio_loopback_zero[35]
  gpio_loopback_zero[36]
  gpio_loopback_zero[37]
  gpio_loopback_zero[38]
  gpio_loopback_zero[39]
  gpio_loopback_zero[3]
  gpio_loopback_zero[40]
  gpio_loopback_zero[41]
  gpio_loopback_zero[42]
  gpio_loopback_zero[43]
  gpio_loopback_zero[4]
  gpio_loopback_zero[5]
  gpio_loopback_zero[6]
  gpio_loopback_zero[7]
  gpio_loopback_zero[8]
  gpio_loopback_zero[9]
  mask_rev[0]
  mask_rev[10]
  mask_rev[11]
  mask_rev[12]
  mask_rev[13]
  mask_rev[14]
  mask_rev[15]
  mask_rev[16]
  mask_rev[17]
  mask_rev[18]
  mask_rev[19]
  mask_rev[1]
  mask_rev[20]
  mask_rev[21]
  mask_rev[22]
  mask_rev[23]
  mask_rev[24]
  mask_rev[25]
  mask_rev[26]
  mask_rev[27]
  mask_rev[28]
  mask_rev[29]
  mask_rev[2]
  mask_rev[30]
  mask_rev[31]
  mask_rev[3]
  mask_rev[4]
  mask_rev[5]
  mask_rev[6]
  mask_rev[7]
  mask_rev[8]
  mask_rev[9]
  por_l
  porb_h
  porb_l
  resetb_h
  resetb_l
Warning: There are 88 unconstrained endpoints.
  analog_io[0]
  analog_io[10]
  analog_io[11]
  analog_io[12]
  analog_io[13]
  analog_io[14]
  analog_io[15]
  analog_io[16]
  analog_io[17]
  analog_io[18]
  analog_io[19]
  analog_io[1]
  analog_io[20]
  analog_io[21]
  analog_io[22]
  analog_io[23]
  analog_io[24]
  analog_io[25]
  analog_io[26]
  analog_io[27]
  analog_io[28]
  analog_io[29]
  analog_io[2]
  analog_io[30]
  analog_io[31]
  analog_io[32]
  analog_io[33]
  analog_io[34]
  analog_io[35]
  analog_io[36]
  analog_io[37]
  analog_io[38]
  analog_io[39]
  analog_io[3]
  analog_io[40]
  analog_io[41]
  analog_io[42]
  analog_io[43]
  analog_io[4]
  analog_io[5]
  analog_io[6]
  analog_io[7]
  analog_io[8]
  analog_io[9]
  analog_noesd_io[0]
  analog_noesd_io[10]
  analog_noesd_io[11]
  analog_noesd_io[12]
  analog_noesd_io[13]
  analog_noesd_io[14]
  analog_noesd_io[15]
  analog_noesd_io[16]
  analog_noesd_io[17]
  analog_noesd_io[18]
  analog_noesd_io[19]
  analog_noesd_io[1]
  analog_noesd_io[20]
  analog_noesd_io[21]
  analog_noesd_io[22]
  analog_noesd_io[23]
  analog_noesd_io[24]
  analog_noesd_io[25]
  analog_noesd_io[26]
  analog_noesd_io[27]
  analog_noesd_io[28]
  analog_noesd_io[29]
  analog_noesd_io[2]
  analog_noesd_io[30]
  analog_noesd_io[31]
  analog_noesd_io[32]
  analog_noesd_io[33]
  analog_noesd_io[34]
  analog_noesd_io[35]
  analog_noesd_io[36]
  analog_noesd_io[37]
  analog_noesd_io[38]
  analog_noesd_io[39]
  analog_noesd_io[3]
  analog_noesd_io[40]
  analog_noesd_io[41]
  analog_noesd_io[42]
  analog_noesd_io[43]
  analog_noesd_io[4]
  analog_noesd_io[5]
  analog_noesd_io[6]
  analog_noesd_io[7]
  analog_noesd_io[8]
  analog_noesd_io[9]
