Clock: clk
Sources: gpio_in[38] 
Generated: no
Virtual: yes
Propagated: no
Period: 20.000000

===========================================================================
report_clock_properties
============================================================================
Clock                   Period          Waveform
----------------------------------------------------
clk                  20.000000    0.000000 10.000000

===========================================================================
report_clock_latency
============================================================================
Clock clk
rise -> rise
    min     max
0.000000 0.000000 source latency
4.549615         network latency _4125_/CLK
        6.477002 network latency _4236_/CLK
---------------
4.549615 6.477002 latency
        1.927387 skew

fall -> fall
    min     max
0.000000 0.000000 source latency
1.959499         network latency chip.gpu_inst.tiles[0].tile/clk
        6.858215 network latency _4236_/CLK
---------------
1.959499 6.858215 latency
        4.898715 skew



===========================================================================
report_clock_min_period
============================================================================
clk period_min = 8.15 fmax = 122.63
