
===========================================================================
report_checks -unconstrained
===========================================================================
======================= min_ff_n40C_1v95 Corner ===================================

Startpoint: core_reset (input port clocked by clk)
Endpoint: _198946_ (rising edge-triggered flip-flop clocked by clk)
Path Group: clk
Path Type: max

Fanout         Cap        Slew       Delay        Time   Description
---------------------------------------------------------------------------------------------
                                  0.000000    0.000000   clock clk (rise edge)
                                  0.000000    0.000000   clock network delay (propagated)
                                  3.000000    3.000000 v input external delay
     1    0.009538    0.000000    0.000000    3.000000 v core_reset (in)
                                                         core_reset (net)
                      0.000408    0.000204    3.000204 v fanout18175/A (sky130_fd_sc_hd__buf_4)
     3    0.031665    0.040814    0.097311    3.097515 v fanout18175/X (sky130_fd_sc_hd__buf_4)
                                                         net18175 (net)
                      0.040828    0.000763    3.098277 v _097394_/A (sky130_fd_sc_hd__inv_1)
     3    0.028987    0.184327    0.150093    3.248370 ^ _097394_/Y (sky130_fd_sc_hd__inv_1)
                                                         _021316_ (net)
                      0.184329    0.000597    3.248967 ^ place49822/A (sky130_fd_sc_hd__buf_6)
     5    0.029696    0.052774    0.099421    3.348388 ^ place49822/X (sky130_fd_sc_hd__buf_6)
                                                         net49822 (net)
                      0.052782    0.000673    3.349061 ^ place49821/A (sky130_fd_sc_hd__buf_6)
     8    0.056824    0.089709    0.112335    3.461397 ^ place49821/X (sky130_fd_sc_hd__buf_6)
                                                         net49821 (net)
                      0.089824    0.002627    3.464024 ^ place49820/A (sky130_fd_sc_hd__buf_6)
     5    0.042203    0.068848    0.103811    3.567835 ^ place49820/X (sky130_fd_sc_hd__buf_6)
                                                         net49820 (net)
                      0.068916    0.001753    3.569588 ^ place49770/A (sky130_fd_sc_hd__buf_6)
     8    0.051806    0.082470    0.110906    3.680494 ^ place49770/X (sky130_fd_sc_hd__buf_6)
                                                         net49770 (net)
                      0.082517    0.000960    3.681454 ^ place49769/A (sky130_fd_sc_hd__buf_6)
     8    0.044814    0.072514    0.105907    3.787362 ^ place49769/X (sky130_fd_sc_hd__buf_6)
                                                         net49769 (net)
                      0.072515    0.000274    3.787636 ^ place49768/A (sky130_fd_sc_hd__buf_6)
     8    0.053005    0.083960    0.112172    3.899807 ^ place49768/X (sky130_fd_sc_hd__buf_6)
                                                         net49768 (net)
                      0.084008    0.001653    3.901461 ^ place49767/A (sky130_fd_sc_hd__buf_6)
     5    0.045266    0.073424    0.105525    4.006986 ^ place49767/X (sky130_fd_sc_hd__buf_6)
                                                         net49767 (net)
                      0.073690    0.003542    4.010528 ^ wire55199/A (sky130_fd_sc_hd__clkbuf_4)
     2    0.031382    0.077964    0.132656    4.143184 ^ wire55199/X (sky130_fd_sc_hd__clkbuf_4)
                                                         net55199 (net)
                      0.078075    0.001900    4.145084 ^ place49759/A (sky130_fd_sc_hd__buf_6)
     8    0.105567    0.159483    0.162719    4.307804 ^ place49759/X (sky130_fd_sc_hd__buf_6)
                                                         net49759 (net)
                      0.159663    0.004439    4.312242 ^ place49758/A (sky130_fd_sc_hd__buf_6)
     8    0.031998    0.055591    0.100759    4.413002 ^ place49758/X (sky130_fd_sc_hd__buf_6)
                                                         net49758 (net)
                      0.055592    0.000350    4.413352 ^ place49757/A (sky130_fd_sc_hd__buf_6)
     6    0.026374    0.046325    0.083310    4.496662 ^ place49757/X (sky130_fd_sc_hd__buf_6)
                                                         net49757 (net)
                      0.046333    0.000608    4.497269 ^ place49756/A (sky130_fd_sc_hd__buf_6)
     6    0.051369    0.081970    0.104759    4.602028 ^ place49756/X (sky130_fd_sc_hd__buf_6)
                                                         net49756 (net)
                      0.082304    0.004212    4.606240 ^ wire53749/A (sky130_fd_sc_hd__buf_4)
     3    0.042032    0.092241    0.128059    4.734299 ^ wire53749/X (sky130_fd_sc_hd__buf_4)
                                                         net53749 (net)
                      0.092453    0.003586    4.737885 ^ place49755/A (sky130_fd_sc_hd__buf_6)
     2    0.020274    0.038815    0.082485    4.820369 ^ place49755/X (sky130_fd_sc_hd__buf_6)
                                                         net49755 (net)
                      0.038833    0.000783    4.821153 ^ wire53267/A (sky130_fd_sc_hd__buf_4)
     2    0.040619    0.089231    0.115695    4.936848 ^ wire53267/X (sky130_fd_sc_hd__buf_4)
                                                         net53267 (net)
                      0.089491    0.003887    4.940735 ^ wire53266/A (sky130_fd_sc_hd__buf_6)
     1    0.009409    0.024742    0.070017    5.010752 ^ wire53266/X (sky130_fd_sc_hd__buf_6)
                                                         net53266 (net)
                      0.024742    0.000274    5.011025 ^ wire68272/A (sky130_fd_sc_hd__buf_6)
     5    0.052601    0.083490    0.100918    5.111943 ^ wire68272/X (sky130_fd_sc_hd__buf_6)
                                                         net68272 (net)
                      0.083523    0.001372    5.113316 ^ place49749/A (sky130_fd_sc_hd__buf_6)
     8    0.059443    0.093396    0.120705    5.234021 ^ place49749/X (sky130_fd_sc_hd__buf_6)
                                                         net49749 (net)
                      0.093426    0.001374    5.235395 ^ place49748/A (sky130_fd_sc_hd__buf_6)
     1    0.032856    0.055852    0.095516    5.330911 ^ place49748/X (sky130_fd_sc_hd__buf_6)
                                                         net49748 (net)
                      0.055897    0.001272    5.332182 ^ wire52535/A (sky130_fd_sc_hd__buf_8)
     5    0.030552    0.045442    0.080633    5.412815 ^ wire52535/X (sky130_fd_sc_hd__buf_8)
                                                         net52535 (net)
                      0.045545    0.001707    5.414522 ^ wire67700/A (sky130_fd_sc_hd__buf_4)
     4    0.038911    0.085871    0.115518    5.530040 ^ wire67700/X (sky130_fd_sc_hd__buf_4)
                                                         net67700 (net)
                      0.085992    0.002626    5.532666 ^ place49747/A (sky130_fd_sc_hd__buf_6)
     1    0.009350    0.024573    0.069410    5.602076 ^ place49747/X (sky130_fd_sc_hd__buf_6)
                                                         net49747 (net)
                      0.024575    0.000342    5.602418 ^ wire52183/A (sky130_fd_sc_hd__buf_4)
     4    0.041742    0.091401    0.113594    5.716012 ^ wire52183/X (sky130_fd_sc_hd__buf_4)
                                                         net52183 (net)
                      0.091525    0.002744    5.718755 ^ place49746/A (sky130_fd_sc_hd__buf_6)
     8    0.058068    0.091810    0.118465    5.837221 ^ place49746/X (sky130_fd_sc_hd__buf_6)
                                                         net49746 (net)
                      0.091916    0.002584    5.839805 ^ place49742/A (sky130_fd_sc_hd__buf_6)
     3    0.016765    0.034143    0.078629    5.918434 ^ place49742/X (sky130_fd_sc_hd__buf_6)
                                                         net49742 (net)
                      0.034147    0.000365    5.918799 ^ wire51562/A (sky130_fd_sc_hd__buf_4)
     4    0.042788    0.093534    0.117655    6.036455 ^ wire51562/X (sky130_fd_sc_hd__buf_4)
                                                         net51562 (net)
                      0.093600    0.002036    6.038490 ^ place49741/A (sky130_fd_sc_hd__buf_6)
     4    0.034735    0.058451    0.097162    6.135652 ^ place49741/X (sky130_fd_sc_hd__buf_6)
                                                         net49741 (net)
                      0.058535    0.001767    6.137419 ^ wire51254/A (sky130_fd_sc_hd__buf_4)
     5    0.040641    0.089387    0.120817    6.258236 ^ wire51254/X (sky130_fd_sc_hd__buf_4)
                                                         net51254 (net)
                      0.089593    0.003475    6.261711 ^ place49740/A (sky130_fd_sc_hd__buf_6)
     5    0.031827    0.054359    0.093785    6.355496 ^ place49740/X (sky130_fd_sc_hd__buf_6)
                                                         net49740 (net)
                      0.054419    0.001438    6.356934 ^ place49739/A (sky130_fd_sc_hd__buf_6)
     2    0.027287    0.047558    0.083759    6.440692 ^ place49739/X (sky130_fd_sc_hd__buf_6)
                                                         net49739 (net)
                      0.047646    0.001614    6.442306 ^ wire50800/A (sky130_fd_sc_hd__clkbuf_2)
     1    0.022036    0.095757    0.116965    6.559271 ^ wire50800/X (sky130_fd_sc_hd__clkbuf_2)
                                                         net50800 (net)
                      0.095795    0.001549    6.560819 ^ wire50799/A (sky130_fd_sc_hd__buf_6)
     3    0.033468    0.056867    0.095452    6.656271 ^ wire50799/X (sky130_fd_sc_hd__buf_6)
                                                         net50799 (net)
                      0.057184    0.003358    6.659629 ^ wire50798/A (sky130_fd_sc_hd__buf_4)
     4    0.036548    0.081229    0.115306    6.774935 ^ wire50798/X (sky130_fd_sc_hd__buf_4)
                                                         net50798 (net)
                      0.081368    0.002723    6.777658 ^ wire50797/A (sky130_fd_sc_hd__buf_4)
     2    0.033255    0.074556    0.116173    6.893831 ^ wire50797/X (sky130_fd_sc_hd__buf_4)
                                                         net50797 (net)
                      0.074662    0.002266    6.896097 ^ place49738/A (sky130_fd_sc_hd__buf_6)
     8    0.058586    0.091863    0.118160    7.014256 ^ place49738/X (sky130_fd_sc_hd__buf_6)
                                                         net49738 (net)
                      0.091879    0.000984    7.015240 ^ place49734/A (sky130_fd_sc_hd__buf_6)
     5    0.041601    0.068062    0.103958    7.119198 ^ place49734/X (sky130_fd_sc_hd__buf_6)
                                                         net49734 (net)
                      0.068115    0.001538    7.120737 ^ place49733/A (sky130_fd_sc_hd__buf_6)
     8    0.033060    0.055843    0.091747    7.212483 ^ place49733/X (sky130_fd_sc_hd__buf_6)
                                                         net49733 (net)
                      0.055884    0.001222    7.213705 ^ place49732/A (sky130_fd_sc_hd__buf_6)
     8    0.039048    0.064368    0.095134    7.308839 ^ place49732/X (sky130_fd_sc_hd__buf_6)
                                                         net49732 (net)
                      0.064599    0.003086    7.311925 ^ _155622_/B1 (sky130_fd_sc_hd__o21ai_1)
     1    0.002528    0.036168    0.026310    7.338235 v _155622_/Y (sky130_fd_sc_hd__o21ai_1)
                                                         _075099_ (net)
                      0.036168    0.000012    7.338247 v _155623_/B1 (sky130_fd_sc_hd__a21oi_1)
     1    0.019843    0.310978    0.181210    7.519457 ^ _155623_/Y (sky130_fd_sc_hd__a21oi_1)
                                                         _004382_ (net)
                      0.310990    0.001616    7.521074 ^ place33643/A (sky130_fd_sc_hd__buf_6)
     1    0.020431    0.043029    0.092219    7.613292 ^ place33643/X (sky130_fd_sc_hd__buf_6)
                                                         net33643 (net)
                      0.043071    0.001198    7.614491 ^ wire50375/A (sky130_fd_sc_hd__clkbuf_2)
     1    0.015393    0.068919    0.097848    7.712338 ^ wire50375/X (sky130_fd_sc_hd__clkbuf_2)
                                                         net50375 (net)
                      0.068961    0.000800    7.713139 ^ _198946_/D (sky130_fd_sc_hd__dfxtp_1)
                                              7.713139   data arrival time

                                 20.000000   20.000000   clock clk (rise edge)
                                  0.000000   20.000000   clock source latency
     2    0.227110    0.000000    0.000000   20.000000 ^ clk (in)
                                                         clk (net)
                      0.233937    0.116968   20.116968 ^ clkbuf_0_clk/A (sky130_fd_sc_hd__clkbuf_16)
     2    0.012882    0.032004    0.118884   20.235853 ^ clkbuf_0_clk/X (sky130_fd_sc_hd__clkbuf_16)
                                                         clknet_0_clk (net)
                      0.032004    0.000147   20.236000 ^ clkbuf_1_0_0_clk/A (sky130_fd_sc_hd__clkbuf_8)
     1    0.020977    0.038735    0.088832   20.324833 ^ clkbuf_1_0_0_clk/X (sky130_fd_sc_hd__clkbuf_8)
                                                         clknet_1_0_0_clk (net)
                      0.038856    0.001464   20.326296 ^ clkbuf_1_0_1_clk/A (sky130_fd_sc_hd__clkbuf_8)
     1    0.021661    0.039778    0.091228   20.417524 ^ clkbuf_1_0_1_clk/X (sky130_fd_sc_hd__clkbuf_8)
                                                         clknet_1_0_1_clk (net)
                      0.039919    0.001863   20.419388 ^ clkbuf_1_0_2_clk/A (sky130_fd_sc_hd__clkbuf_8)
     1    0.023702    0.041992    0.093438   20.512825 ^ clkbuf_1_0_2_clk/X (sky130_fd_sc_hd__clkbuf_8)
                                                         clknet_1_0_2_clk (net)
                      0.042180    0.002192   20.515018 ^ clkbuf_1_0_3_clk/A (sky130_fd_sc_hd__clkbuf_8)
     1    0.028146    0.046901    0.099060   20.614079 ^ clkbuf_1_0_3_clk/X (sky130_fd_sc_hd__clkbuf_8)
                                                         clknet_1_0_3_clk (net)
                      0.046909    0.000622   20.614700 ^ clkbuf_1_0_4_clk/A (sky130_fd_sc_hd__clkbuf_8)
     2    0.019572    0.037103    0.091923   20.706623 ^ clkbuf_1_0_4_clk/X (sky130_fd_sc_hd__clkbuf_8)
                                                         clknet_1_0_4_clk (net)
                      0.037112    0.000552   20.707174 ^ clkbuf_2_0_0_clk/A (sky130_fd_sc_hd__clkbuf_8)
     1    0.026468    0.044894    0.095614   20.802790 ^ clkbuf_2_0_0_clk/X (sky130_fd_sc_hd__clkbuf_8)
                                                         clknet_2_0_0_clk (net)
                      0.045069    0.001936   20.804726 ^ clkbuf_2_0_1_clk/A (sky130_fd_sc_hd__clkbuf_8)
     1    0.028015    0.046775    0.099163   20.903889 ^ clkbuf_2_0_1_clk/X (sky130_fd_sc_hd__clkbuf_8)
                                                         clknet_2_0_1_clk (net)
                      0.046975    0.002139   20.906027 ^ clkbuf_2_0_2_clk/A (sky130_fd_sc_hd__clkbuf_8)
     2    0.024205    0.042311    0.096485   21.002512 ^ clkbuf_2_0_2_clk/X (sky130_fd_sc_hd__clkbuf_8)
                                                         clknet_2_0_2_clk (net)
                      0.042356    0.001199   21.003712 ^ clkbuf_3_0_0_clk/A (sky130_fd_sc_hd__clkbuf_8)
     1    0.023710    0.041993    0.094214   21.097925 ^ clkbuf_3_0_0_clk/X (sky130_fd_sc_hd__clkbuf_8)
                                                         clknet_3_0_0_clk (net)
                      0.042165    0.002096   21.100021 ^ clkbuf_3_0_1_clk/A (sky130_fd_sc_hd__clkbuf_8)
     2    0.026225    0.044609    0.096765   21.196787 ^ clkbuf_3_0_1_clk/X (sky130_fd_sc_hd__clkbuf_8)
                                                         clknet_3_0_1_clk (net)
                      0.044785    0.001924   21.198711 ^ clkbuf_4_1_0_clk/A (sky130_fd_sc_hd__clkbuf_8)
     2    0.041039    0.062634    0.109733   21.308443 ^ clkbuf_4_1_0_clk/X (sky130_fd_sc_hd__clkbuf_8)
                                                         clknet_4_1_0_clk (net)
                      0.063112    0.004318   21.312761 ^ clkbuf_5_2_0_clk/A (sky130_fd_sc_hd__clkbuf_8)
     8    0.126794    0.169717    0.183581   21.496344 ^ clkbuf_5_2_0_clk/X (sky130_fd_sc_hd__clkbuf_8)
                                                         clknet_5_2_0_clk (net)
                      0.170829    0.011212   21.507555 ^ clkbuf_8_19_0_clk/A (sky130_fd_sc_hd__clkbuf_8)
     2    0.025585    0.046125    0.125707   21.633263 ^ clkbuf_8_19_0_clk/X (sky130_fd_sc_hd__clkbuf_8)
                                                         clknet_8_19_0_clk (net)
                      0.046136    0.000670   21.633932 ^ clkbuf_9_38__f_clk/A (sky130_fd_sc_hd__clkbuf_16)
     5    0.061549    0.060473    0.112975   21.746906 ^ clkbuf_9_38__f_clk/X (sky130_fd_sc_hd__clkbuf_16)
                                                         clknet_9_38__leaf_clk (net)
                      0.060566    0.001448   21.748354 ^ clkbuf_leaf_2397_clk/A (sky130_fd_sc_hd__clkbuf_16)
     4    0.010515    0.025107    0.086391   21.834745 ^ clkbuf_leaf_2397_clk/X (sky130_fd_sc_hd__clkbuf_16)
                                                         clknet_leaf_2397_clk (net)
                      0.025107    0.000046   21.834793 ^ _198946_/CLK (sky130_fd_sc_hd__dfxtp_1)
                                 -0.250000   21.584793   clock uncertainty
                                  0.000000   21.584793   clock reconvergence pessimism
                                 -0.032531   21.552263   library setup time
                                             21.552263   data required time
---------------------------------------------------------------------------------------------
                                             21.552263   data required time
                                             -7.713139   data arrival time
---------------------------------------------------------------------------------------------
                                             13.839124   slack (MET)




===========================================================================
report_checks --slack_max -0.01
============================================================================
======================= min_ff_n40C_1v95 Corner ===================================

No paths found.


===========================================================================
 report_check_types -max_slew -max_cap -max_fanout -violators
============================================================================
======================= min_ff_n40C_1v95 Corner ===================================



===========================================================================
report_parasitic_annotation -report_unannotated
============================================================================
Found 774 unannotated drivers.
 clkload0/Y
 clkload1/Y
 clkload10/Y
 clkload100/X
 clkload101/X
 clkload102/Y
 clkload103/X
 clkload104/X
 clkload105/Y
 clkload106/Y
 clkload107/X
 clkload108/X
 clkload109/X
 clkload11/Y
 clkload110/Y
 clkload111/Y
 clkload112/Y
 clkload113/X
 clkload114/Y
 clkload115/Y
 clkload116/Y
 clkload117/X
 clkload118/X
 clkload119/X
 clkload12/Y
 clkload120/Y
 clkload121/Y
 clkload122/Y
 clkload123/X
 clkload124/Y
 clkload125/X
 clkload126/Y
 clkload127/Y
 clkload128/Y
 clkload129/Y
 clkload13/Y
 clkload130/Y
 clkload131/Y
 clkload132/X
 clkload133/Y
 clkload134/X
 clkload135/Y
 clkload136/Y
 clkload137/X
 clkload138/Y
 clkload139/X
 clkload14/Y
 clkload140/Y
 clkload141/X
 clkload142/Y
 clkload143/X
 clkload144/Y
 clkload145/X
 clkload146/Y
 clkload147/X
 clkload148/X
 clkload149/Y
 clkload15/Y
 clkload150/X
 clkload151/Y
 clkload152/Y
 clkload153/X
 clkload154/X
 clkload155/X
 clkload156/Y
 clkload157/Y
 clkload158/X
 clkload159/X
 clkload16/Y
 clkload160/X
 clkload161/Y
 clkload162/X
 clkload163/X
 clkload164/Y
 clkload165/Y
 clkload166/Y
 clkload167/X
 clkload168/X
 clkload169/Y
 clkload17/X
 clkload170/X
 clkload171/X
 clkload172/Y
 clkload173/X
 clkload174/X
 clkload175/X
 clkload176/Y
 clkload177/X
 clkload178/Y
 clkload179/Y
 clkload18/Y
 clkload180/X
 clkload181/Y
 clkload182/X
 clkload183/Y
 clkload184/X
 clkload185/X
 clkload186/Y
 clkload187/X
 clkload188/X
 clkload189/X
 clkload19/Y
 clkload190/X
 clkload191/Y
 clkload192/Y
 clkload193/Y
 clkload194/Y
 clkload195/Y
 clkload196/X
 clkload197/Y
 clkload198/Y
 clkload199/Y
 clkload2/Y
 clkload20/Y
 clkload200/X
 clkload201/Y
 clkload202/Y
 clkload203/Y
 clkload204/Y
 clkload205/Y
 clkload206/Y
 clkload207/Y
 clkload208/Y
 clkload209/Y
 clkload21/Y
 clkload210/Y
 clkload211/Y
 clkload212/Y
 clkload213/Y
 clkload214/Y
 clkload215/Y
 clkload216/Y
 clkload217/Y
 clkload218/X
 clkload219/X
 clkload22/Y
 clkload220/X
 clkload221/Y
 clkload222/Y
 clkload223/Y
 clkload224/Y
 clkload225/Y
 clkload226/Y
 clkload227/Y
 clkload228/Y
 clkload229/Y
 clkload23/Y
 clkload230/Y
 clkload231/Y
 clkload232/Y
 clkload233/Y
 clkload234/Y
 clkload235/Y
 clkload236/Y
 clkload237/Y
 clkload238/Y
 clkload239/Y
 clkload24/X
 clkload240/Y
 clkload241/Y
 clkload242/Y
 clkload243/Y
 clkload244/Y
 clkload245/Y
 clkload246/Y
 clkload247/Y
 clkload248/Y
 clkload249/Y
 clkload25/X
 clkload250/Y
 clkload251/Y
 clkload252/Y
 clkload253/Y
 clkload254/Y
 clkload255/Y
 clkload256/Y
 clkload257/Y
 clkload258/Y
 clkload259/Y
 clkload26/Y
 clkload260/Y
 clkload261/Y
 clkload262/Y
 clkload263/Y
 clkload264/Y
 clkload265/Y
 clkload266/Y
 clkload267/Y
 clkload268/X
 clkload269/Y
 clkload27/X
 clkload270/Y
 clkload271/X
 clkload272/X
 clkload273/Y
 clkload274/Y
 clkload275/Y
 clkload276/Y
 clkload277/Y
 clkload278/Y
 clkload279/Y
 clkload28/Y
 clkload280/Y
 clkload281/Y
 clkload282/Y
 clkload283/Y
 clkload284/Y
 clkload285/Y
 clkload286/Y
 clkload287/Y
 clkload288/Y
 clkload289/Y
 clkload29/X
 clkload290/Y
 clkload291/Y
 clkload292/Y
 clkload293/Y
 clkload294/Y
 clkload295/Y
 clkload296/Y
 clkload297/Y
 clkload298/Y
 clkload299/Y
 clkload3/Y
 clkload30/Y
 clkload300/Y
 clkload301/Y
 clkload302/Y
 clkload303/Y
 clkload304/X
 clkload305/X
 clkload306/Y
 clkload307/Y
 clkload308/Y
 clkload309/Y
 clkload31/Y
 clkload310/X
 clkload311/X
 clkload312/Y
 clkload313/Y
 clkload314/X
 clkload315/Y
 clkload316/Y
 clkload317/X
 clkload318/Y
 clkload319/Y
 clkload32/X
 clkload320/Y
 clkload321/Y
 clkload322/Y
 clkload323/Y
 clkload324/Y
 clkload325/Y
 clkload326/Y
 clkload327/Y
 clkload328/Y
 clkload329/Y
 clkload33/Y
 clkload330/Y
 clkload331/Y
 clkload332/Y
 clkload333/Y
 clkload334/Y
 clkload335/Y
 clkload336/Y
 clkload337/Y
 clkload338/Y
 clkload339/Y
 clkload34/Y
 clkload340/Y
 clkload341/Y
 clkload342/Y
 clkload343/Y
 clkload344/Y
 clkload345/Y
 clkload346/Y
 clkload347/Y
 clkload348/Y
 clkload349/Y
 clkload35/Y
 clkload350/Y
 clkload351/Y
 clkload352/Y
 clkload353/Y
 clkload354/Y
 clkload355/Y
 clkload356/Y
 clkload357/Y
 clkload358/Y
 clkload359/Y
 clkload36/Y
 clkload360/Y
 clkload361/Y
 clkload362/Y
 clkload363/Y
 clkload364/Y
 clkload365/Y
 clkload366/Y
 clkload367/Y
 clkload368/Y
 clkload369/Y
 clkload37/X
 clkload370/Y
 clkload371/Y
 clkload372/Y
 clkload373/Y
 clkload374/Y
 clkload375/Y
 clkload376/Y
 clkload377/Y
 clkload378/Y
 clkload379/Y
 clkload38/Y
 clkload380/Y
 clkload381/Y
 clkload382/Y
 clkload383/X
 clkload384/Y
 clkload385/Y
 clkload386/Y
 clkload387/Y
 clkload388/Y
 clkload389/Y
 clkload39/Y
 clkload390/Y
 clkload391/Y
 clkload392/Y
 clkload393/Y
 clkload394/Y
 clkload395/Y
 clkload396/Y
 clkload397/Y
 clkload398/Y
 clkload399/Y
 clkload4/X
 clkload40/Y
 clkload400/Y
 clkload401/Y
 clkload402/Y
 clkload403/Y
 clkload404/Y
 clkload405/Y
 clkload406/Y
 clkload407/Y
 clkload408/Y
 clkload409/Y
 clkload41/X
 clkload410/Y
 clkload411/Y
 clkload412/Y
 clkload413/Y
 clkload414/X
 clkload415/X
 clkload416/Y
 clkload417/X
 clkload418/Y
 clkload419/X
 clkload42/Y
 clkload420/Y
 clkload421/Y
 clkload422/Y
 clkload423/Y
 clkload424/X
 clkload425/Y
 clkload426/Y
 clkload427/Y
 clkload428/X
 clkload429/Y
 clkload43/X
 clkload430/X
 clkload431/Y
 clkload432/X
 clkload433/X
 clkload434/Y
 clkload435/Y
 clkload436/X
 clkload437/X
 clkload438/X
 clkload439/X
 clkload44/Y
 clkload440/Y
 clkload441/X
 clkload442/X
 clkload443/Y
 clkload444/Y
 clkload445/Y
 clkload446/Y
 clkload447/Y
 clkload448/Y
 clkload449/Y
 clkload45/Y
 clkload450/X
 clkload451/Y
 clkload452/Y
 clkload453/Y
 clkload454/Y
 clkload455/Y
 clkload456/Y
 clkload457/Y
 clkload458/Y
 clkload459/Y
 clkload46/Y
 clkload460/Y
 clkload461/Y
 clkload462/Y
 clkload463/Y
 clkload464/Y
 clkload465/Y
 clkload466/Y
 clkload467/Y
 clkload468/Y
 clkload469/Y
 clkload47/X
 clkload470/Y
 clkload471/Y
 clkload472/Y
 clkload473/Y
 clkload474/Y
 clkload475/X
 clkload476/Y
 clkload477/Y
 clkload478/Y
 clkload479/Y
 clkload48/Y
 clkload480/Y
 clkload481/Y
 clkload482/Y
 clkload483/Y
 clkload484/Y
 clkload485/Y
 clkload486/Y
 clkload487/X
 clkload488/Y
 clkload489/Y
 clkload49/X
 clkload490/Y
 clkload491/Y
 clkload492/Y
 clkload493/Y
 clkload494/Y
 clkload495/Y
 clkload496/Y
 clkload497/Y
 clkload498/Y
 clkload499/Y
 clkload5/Y
 clkload50/Y
 clkload500/Y
 clkload501/Y
 clkload502/Y
 clkload503/Y
 clkload504/Y
 clkload505/X
 clkload506/Y
 clkload507/Y
 clkload508/Y
 clkload509/Y
 clkload51/Y
 clkload510/Y
 clkload511/Y
 clkload512/Y
 clkload513/Y
 clkload514/Y
 clkload515/Y
 clkload516/Y
 clkload517/Y
 clkload518/Y
 clkload519/Y
 clkload52/X
 clkload520/Y
 clkload521/Y
 clkload522/Y
 clkload523/Y
 clkload524/Y
 clkload525/Y
 clkload526/Y
 clkload527/Y
 clkload528/Y
 clkload529/Y
 clkload53/X
 clkload530/Y
 clkload531/Y
 clkload532/Y
 clkload533/Y
 clkload534/Y
 clkload535/Y
 clkload536/Y
 clkload537/Y
 clkload538/Y
 clkload539/Y
 clkload54/X
 clkload540/Y
 clkload541/Y
 clkload542/Y
 clkload543/Y
 clkload544/Y
 clkload545/Y
 clkload546/Y
 clkload547/Y
 clkload548/Y
 clkload549/Y
 clkload55/Y
 clkload550/Y
 clkload551/Y
 clkload552/Y
 clkload553/Y
 clkload554/Y
 clkload555/Y
 clkload556/Y
 clkload557/Y
 clkload558/Y
 clkload559/Y
 clkload56/X
 clkload560/Y
 clkload561/Y
 clkload562/Y
 clkload563/Y
 clkload564/Y
 clkload565/Y
 clkload566/Y
 clkload567/Y
 clkload568/Y
 clkload569/Y
 clkload57/Y
 clkload570/Y
 clkload571/Y
 clkload572/X
 clkload573/Y
 clkload574/Y
 clkload575/Y
 clkload576/Y
 clkload577/Y
 clkload578/Y
 clkload579/Y
 clkload58/Y
 clkload580/Y
 clkload581/X
 clkload582/Y
 clkload583/Y
 clkload584/Y
 clkload585/Y
 clkload586/Y
 clkload587/Y
 clkload588/Y
 clkload589/Y
 clkload59/X
 clkload590/Y
 clkload591/Y
 clkload592/Y
 clkload593/Y
 clkload594/Y
 clkload595/Y
 clkload596/Y
 clkload597/Y
 clkload598/Y
 clkload599/Y
 clkload6/Y
 clkload60/X
 clkload600/Y
 clkload601/Y
 clkload602/Y
 clkload603/Y
 clkload604/Y
 clkload605/Y
 clkload606/Y
 clkload607/Y
 clkload608/Y
 clkload609/Y
 clkload61/Y
 clkload610/Y
 clkload611/Y
 clkload612/Y
 clkload613/Y
 clkload614/Y
 clkload615/Y
 clkload616/Y
 clkload617/Y
 clkload618/Y
 clkload619/Y
 clkload62/Y
 clkload620/Y
 clkload621/Y
 clkload622/Y
 clkload623/Y
 clkload624/Y
 clkload625/Y
 clkload626/Y
 clkload627/Y
 clkload628/Y
 clkload629/Y
 clkload63/X
 clkload630/Y
 clkload631/Y
 clkload632/Y
 clkload633/Y
 clkload634/Y
 clkload635/Y
 clkload636/Y
 clkload637/Y
 clkload638/Y
 clkload639/Y
 clkload64/Y
 clkload640/Y
 clkload641/Y
 clkload642/Y
 clkload643/Y
 clkload644/Y
 clkload645/Y
 clkload646/Y
 clkload647/Y
 clkload648/Y
 clkload649/Y
 clkload65/Y
 clkload650/Y
 clkload651/Y
 clkload652/Y
 clkload653/Y
 clkload654/Y
 clkload655/Y
 clkload656/Y
 clkload657/Y
 clkload658/Y
 clkload659/Y
 clkload66/Y
 clkload660/Y
 clkload661/Y
 clkload662/Y
 clkload663/Y
 clkload664/Y
 clkload665/Y
 clkload666/Y
 clkload667/Y
 clkload668/Y
 clkload669/Y
 clkload67/Y
 clkload670/Y
 clkload671/Y
 clkload672/Y
 clkload673/Y
 clkload674/X
 clkload675/X
 clkload676/X
 clkload677/Y
 clkload678/X
 clkload679/Y
 clkload68/Y
 clkload680/X
 clkload681/Y
 clkload682/Y
 clkload683/Y
 clkload684/Y
 clkload685/Y
 clkload686/X
 clkload687/Y
 clkload688/X
 clkload689/Y
 clkload69/Y
 clkload690/Y
 clkload691/Y
 clkload692/Y
 clkload693/Y
 clkload694/Y
 clkload695/Y
 clkload696/Y
 clkload697/Y
 clkload698/Y
 clkload699/Y
 clkload7/Y
 clkload70/Y
 clkload700/Y
 clkload701/Y
 clkload702/Y
 clkload703/Y
 clkload704/Y
 clkload705/Y
 clkload706/Y
 clkload707/Y
 clkload708/Y
 clkload709/Y
 clkload71/X
 clkload710/Y
 clkload711/Y
 clkload712/Y
 clkload713/Y
 clkload714/Y
 clkload715/Y
 clkload716/Y
 clkload717/Y
 clkload718/Y
 clkload719/Y
 clkload72/Y
 clkload720/Y
 clkload721/Y
 clkload722/Y
 clkload723/Y
 clkload724/Y
 clkload725/Y
 clkload726/Y
 clkload727/Y
 clkload728/Y
 clkload729/Y
 clkload73/Y
 clkload730/Y
 clkload731/Y
 clkload732/Y
 clkload733/Y
 clkload734/Y
 clkload735/Y
 clkload736/Y
 clkload737/Y
 clkload738/Y
 clkload739/Y
 clkload74/X
 clkload740/Y
 clkload741/Y
 clkload742/Y
 clkload743/Y
 clkload744/Y
 clkload745/Y
 clkload746/Y
 clkload747/Y
 clkload748/Y
 clkload749/Y
 clkload75/X
 clkload750/Y
 clkload751/Y
 clkload752/Y
 clkload753/Y
 clkload754/Y
 clkload755/Y
 clkload756/Y
 clkload757/Y
 clkload758/Y
 clkload759/Y
 clkload76/X
 clkload760/Y
 clkload761/Y
 clkload762/Y
 clkload763/Y
 clkload764/Y
 clkload765/Y
 clkload766/Y
 clkload767/Y
 clkload77/Y
 clkload78/X
 clkload79/Y
 clkload8/X
 clkload80/X
 clkload81/Y
 clkload82/Y
 clkload83/X
 clkload84/X
 clkload85/Y
 clkload86/X
 clkload87/X
 clkload88/X
 clkload89/X
 clkload9/Y
 clkload90/Y
 clkload91/X
 clkload92/X
 clkload93/X
 clkload94/Y
 clkload95/Y
 clkload96/X
 clkload97/X
 clkload98/X
 clkload99/Y
 core_tile/HI
 core_tile_64037/HI
 core_tile_64038/HI
 core_tile_64039/HI
 core_tile_64040/HI
 core_tile_64041/HI
Found 0 partially unannotated drivers.

===========================================================================
max slew violation count 0
max fanout violation count 0
max cap violation count 0
============================================================================

===========================================================================
check_setup -verbose -unconstrained_endpoints -multiple_clock -no_clock -no_input_delay -loops -generated_clocks
===========================================================================
