Clock: clk
Sources: clk 
Generated: no
Virtual: yes
Propagated: no
Period: 20.000000

===========================================================================
report_clock_properties
============================================================================
Clock                   Period          Waveform
----------------------------------------------------
clk                  20.000000    0.000000 10.000000

===========================================================================
report_clock_latency
============================================================================
Clock clk
rise -> rise
    min     max
0.000000 0.000000 source latency
1.697009         network latency _196098_/CLK
        1.961454 network latency _194918_/CLK
---------------
1.697009 1.961454 latency
        0.264444 skew

fall -> fall
    min     max
0.000000 0.000000 source latency
1.791859         network latency _196098_/CLK
        2.029859 network latency _194918_/CLK
---------------
1.791859 2.029859 latency
        0.238000 skew



===========================================================================
report_clock_min_period
============================================================================
clk period_min = 5.86 fmax = 170.57
