
 /----------------------------------------------------------------------------\
 |  yosys -- Yosys Open SYnthesis Suite                                       |
 |  Copyright (C) 2012 - 2026  Claire Xenia Wolf <claire@yosyshq.com>         |
 |  Distributed under an ISC-like license, type "license" to see terms        |
 \----------------------------------------------------------------------------/
 Yosys 0.66 (git sha1 7f8fdfd8d7bc08c749a2a969388d3425d4f369d5, clang++ 21.1.2 -fPIC -O3)

1. Executing Liberty frontend: /Users/aoxo/.ciel/ciel/sky130/versions/74c0e6b118a67d94c24172143d3bd597473fa63d/sky130A/libs.ref/sky130_fd_sc_hd/lib/sky130_fd_sc_hd__tt_025C_1v80.lib
Imported 428 cell types from liberty file.

2. Executing Liberty frontend: /Users/aoxo/.ciel/ciel/sky130/versions/74c0e6b118a67d94c24172143d3bd597473fa63d/sky130A/libs.ref/sky130_fd_io/lib/sky130_ef_io__vccd_lvc_clamped_pad_tt_025C_1v80_3v30_3v30.lib
Imported 1 cell types from liberty file.

3. Executing Liberty frontend: /Users/aoxo/.ciel/ciel/sky130/versions/74c0e6b118a67d94c24172143d3bd597473fa63d/sky130A/libs.ref/sky130_fd_io/lib/sky130_ef_io__vssd_lvc_clamped_pad_tt_025C_1v80_3v30.lib
Imported 1 cell types from liberty file.

4. Executing Liberty frontend: /Users/aoxo/.ciel/ciel/sky130/versions/74c0e6b118a67d94c24172143d3bd597473fa63d/sky130A/libs.ref/sky130_fd_io/lib/sky130_ef_io__vddio_hvc_clamped_pad_tt_025C_1v80_3v30_3v30.lib
Imported 1 cell types from liberty file.

5. Executing Liberty frontend: /Users/aoxo/.ciel/ciel/sky130/versions/74c0e6b118a67d94c24172143d3bd597473fa63d/sky130A/libs.ref/sky130_fd_io/lib/sky130_ef_io__vssio_hvc_clamped_pad_tt_025C_1v80_3v30_3v30.lib
Imported 1 cell types from liberty file.

6. Executing Liberty frontend: /Users/aoxo/.ciel/ciel/sky130/versions/74c0e6b118a67d94c24172143d3bd597473fa63d/sky130A/libs.ref/sky130_fd_io/lib/sky130_ef_io__gpiov2_pad_tt_tt_025C_1v80_3v30.lib
Imported 1 cell types from liberty file.

7. Executing Liberty frontend: /Users/aoxo/.ciel/ciel/sky130/versions/74c0e6b118a67d94c24172143d3bd597473fa63d/sky130A/libs.ref/sky130_fd_io/lib/slices_stubs.lib
Imported 2 cell types from liberty file.

8. Executing Liberty frontend: /Users/aoxo/.ciel/ciel/sky130/versions/74c0e6b118a67d94c24172143d3bd597473fa63d/sky130A/libs.ref/sky130_fd_io/lib/sky130_ef_io__analog_stubs.lib
Imported 5 cell types from liberty file.
[INFO] Using SDC file '/Users/aoxo/vscode/superfloat.gpu/librelane/systolic_pe/runs/RUN_2026-06-24_01-59-44/06-yosys-synthesis/synthesis.abc.sdc' for ABC…wtaf

9. Executing Verilog-2005 frontend: /Users/aoxo/vscode/superfloat.gpu/src/systolic_pe.sv
Parsing SystemVerilog input from `/Users/aoxo/vscode/superfloat.gpu/src/systolic_pe.sv' to AST representation.
Storing AST representation for module `$abstract\systolic_pe'.
Successfully finished Verilog frontend.

10. Executing HIERARCHY pass (managing design hierarchy).

11. Executing AST frontend in derive mode using pre-parsed AST for module `\systolic_pe'.
Generating RTLIL representation for module `\systolic_pe'.

11.1. Analyzing design hierarchy..
Top module:  \systolic_pe

11.2. Analyzing design hierarchy..
Top module:  \systolic_pe
Removing unused module `$abstract\systolic_pe'.
Removed 1 unused modules.
Renaming module systolic_pe to systolic_pe.

12. Executing ATTRMAP pass (move or copy attributes).

13. Executing TRIBUF pass.

14. Executing HIERARCHY pass (managing design hierarchy).

14.1. Analyzing design hierarchy..
Top module:  \systolic_pe

14.2. Analyzing design hierarchy..
Top module:  \systolic_pe
Removed 0 unused modules.

15. Executing PROC_CLEAN pass (remove empty switches from decision trees).
Cleaned up 0 empty switches.

16. Executing PROC_RMDEAD pass (remove dead branches from decision trees).
Marked 2 switch rules as full_case in process $proc$/Users/aoxo/vscode/superfloat.gpu/src/systolic_pe.sv:161$17 in module systolic_pe.
Removed a total of 0 dead cases.

17. Executing PROC_PRUNE pass (remove redundant assignments in processes).
Removed 0 redundant assignments.
Promoted 0 assignments to connections.

18. Executing PROC_INIT pass (extract init attributes).

19. Executing PROC_ARST pass (detect async resets in processes).

20. Executing PROC_ROM pass (convert switches to ROMs).
Converted 0 switches.
<suppressed ~5 debug messages>

21. Executing PROC_MUX pass (convert decision trees to multiplexers).
Creating decoders for process `\systolic_pe.$proc$/Users/aoxo/vscode/superfloat.gpu/src/systolic_pe.sv:161$17'.
     1/9: $0\r4_acc[15:0]
     2/9: $0\valid_s1[0:0]
     3/9: $0\r3_prod_sign[0:0]
     4/9: $0\r3_prod_mant[14:0]
     5/9: $0\valid_s0[0:0]
     6/9: $0\r2_mantissa[14:0]
     7/9: $0\r2_sign[0:0]
     8/9: $0\b_out[15:0]
     9/9: $0\a_out[15:0]

22. Executing PROC_DLATCH pass (convert process syncs to latches).

23. Executing PROC_DFF pass (convert process syncs to FFs).
Creating register for signal `\systolic_pe.\a_out' using process `\systolic_pe.$proc$/Users/aoxo/vscode/superfloat.gpu/src/systolic_pe.sv:161$17'.
  created $dff cell `$procdff$84' with positive edge clock.
Creating register for signal `\systolic_pe.\b_out' using process `\systolic_pe.$proc$/Users/aoxo/vscode/superfloat.gpu/src/systolic_pe.sv:161$17'.
  created $dff cell `$procdff$85' with positive edge clock.
Creating register for signal `\systolic_pe.\r2_sign' using process `\systolic_pe.$proc$/Users/aoxo/vscode/superfloat.gpu/src/systolic_pe.sv:161$17'.
  created $dff cell `$procdff$86' with positive edge clock.
Creating register for signal `\systolic_pe.\r2_mantissa' using process `\systolic_pe.$proc$/Users/aoxo/vscode/superfloat.gpu/src/systolic_pe.sv:161$17'.
  created $dff cell `$procdff$87' with positive edge clock.
Creating register for signal `\systolic_pe.\valid_s0' using process `\systolic_pe.$proc$/Users/aoxo/vscode/superfloat.gpu/src/systolic_pe.sv:161$17'.
  created $dff cell `$procdff$88' with positive edge clock.
Creating register for signal `\systolic_pe.\r3_prod_mant' using process `\systolic_pe.$proc$/Users/aoxo/vscode/superfloat.gpu/src/systolic_pe.sv:161$17'.
  created $dff cell `$procdff$89' with positive edge clock.
Creating register for signal `\systolic_pe.\r3_prod_sign' using process `\systolic_pe.$proc$/Users/aoxo/vscode/superfloat.gpu/src/systolic_pe.sv:161$17'.
  created $dff cell `$procdff$90' with positive edge clock.
Creating register for signal `\systolic_pe.\valid_s1' using process `\systolic_pe.$proc$/Users/aoxo/vscode/superfloat.gpu/src/systolic_pe.sv:161$17'.
  created $dff cell `$procdff$91' with positive edge clock.
Creating register for signal `\systolic_pe.\r4_acc' using process `\systolic_pe.$proc$/Users/aoxo/vscode/superfloat.gpu/src/systolic_pe.sv:161$17'.
  created $dff cell `$procdff$92' with positive edge clock.

24. Executing PROC_MEMWR pass (convert process memory writes to cells).

25. Executing PROC_CLEAN pass (remove empty switches from decision trees).
Found and cleaned up 5 empty switches in `\systolic_pe.$proc$/Users/aoxo/vscode/superfloat.gpu/src/systolic_pe.sv:161$17'.
Removing empty process `systolic_pe.$proc$/Users/aoxo/vscode/superfloat.gpu/src/systolic_pe.sv:161$17'.
Cleaned up 5 empty switches.

26. Executing CHECK pass (checking for obvious problems).
Checking module systolic_pe...
Found and reported 0 problems.

27. Executing OPT_EXPR pass (perform const folding).
Optimizing module systolic_pe.

28. Executing FLATTEN pass (flatten design).

29. Executing OPT_EXPR pass (perform const folding).
Optimizing module systolic_pe.

30. Executing OPT_CLEAN pass (remove unused cells and wires).
Finding unused cells or wires in module \systolic_pe..
Removed 0 unused cells and 44 unused wires.
<suppressed ~1 debug messages>

31. Executing OPT_EXPR pass (perform const folding).
Optimizing module systolic_pe.

32. Executing OPT_MERGE pass (detect identical cells).
Finding identical cells in module `\systolic_pe'.
Computing hashes of 51 cells of `\systolic_pe'.
Finding duplicate cells in `\systolic_pe'.
Removed a total of 0 cells.

33. Executing OPT_MUXTREE pass (detect dead branches in mux trees).
Running muxtree optimizer on module \systolic_pe..
  Creating internal representation of mux trees.
  Evaluating internal representation of mux trees.
  Analyzing evaluation results.
Removed 0 multiplexer ports.
<suppressed ~47 debug messages>

34. Executing OPT_REDUCE pass (consolidate $*mux and $reduce_* inputs).
  Optimizing cells in module \systolic_pe.
Performed a total of 0 changes.

35. Executing OPT_MERGE pass (detect identical cells).
Finding identical cells in module `\systolic_pe'.
Computing hashes of 51 cells of `\systolic_pe'.
Finding duplicate cells in `\systolic_pe'.
Removed a total of 0 cells.

36. Executing OPT_DFF pass (perform DFF optimizations).

37. Executing OPT_CLEAN pass (remove unused cells and wires).
Finding unused cells or wires in module \systolic_pe..

38. Executing OPT_EXPR pass (perform const folding).
Optimizing module systolic_pe.

39. Executing FSM pass (extract and optimize FSM).

39.1. Executing FSM_DETECT pass (finding FSMs in design).

39.2. Executing FSM_EXTRACT pass (extracting FSM from design).

39.3. Executing FSM_OPT pass (simple optimizations of FSMs).

39.4. Executing OPT_CLEAN pass (remove unused cells and wires).
Finding unused cells or wires in module \systolic_pe..

39.5. Executing FSM_OPT pass (simple optimizations of FSMs).

39.6. Executing FSM_RECODE pass (re-assigning FSM state encoding).

39.7. Executing FSM_INFO pass (dumping all available information on FSM cells).

39.8. Executing FSM_MAP pass (mapping FSMs to basic logic).

40. Executing OPT_EXPR pass (perform const folding).
Optimizing module systolic_pe.

41. Executing OPT_MERGE pass (detect identical cells).
Finding identical cells in module `\systolic_pe'.
Computing hashes of 51 cells of `\systolic_pe'.
Finding duplicate cells in `\systolic_pe'.
Removed a total of 0 cells.

42. Executing OPT_MUXTREE pass (detect dead branches in mux trees).
Running muxtree optimizer on module \systolic_pe..
  Creating internal representation of mux trees.
  Evaluating internal representation of mux trees.
  Analyzing evaluation results.
Removed 0 multiplexer ports.
<suppressed ~47 debug messages>

43. Executing OPT_REDUCE pass (consolidate $*mux and $reduce_* inputs).
  Optimizing cells in module \systolic_pe.
Performed a total of 0 changes.

44. Executing OPT_MERGE pass (detect identical cells).
Finding identical cells in module `\systolic_pe'.
Computing hashes of 51 cells of `\systolic_pe'.
Finding duplicate cells in `\systolic_pe'.
Removed a total of 0 cells.

45. Executing OPT_DFF pass (perform DFF optimizations).
Adding SRST signal on $procdff$92 ($dff) from module systolic_pe (D = $procmux$23_Y, Q = \r4_acc, rval = 16'0000000000000000).
Adding EN signal on $auto$ff.cc:337:slice$93 ($sdff) from module systolic_pe (D = $procmux$21_Y, Q = \r4_acc).
Adding SRST signal on $procdff$91 ($dff) from module systolic_pe (D = $procmux$31_Y, Q = \valid_s1, rval = 1'0).
Adding EN signal on $auto$ff.cc:337:slice$99 ($sdff) from module systolic_pe (D = $procmux$29_Y, Q = \valid_s1).
Adding SRST signal on $procdff$90 ($dff) from module systolic_pe (D = $procmux$39_Y, Q = \r3_prod_sign, rval = 1'0).
Adding EN signal on $auto$ff.cc:337:slice$101 ($sdff) from module systolic_pe (D = $procmux$37_Y, Q = \r3_prod_sign).
Adding SRST signal on $procdff$89 ($dff) from module systolic_pe (D = $procmux$47_Y, Q = \r3_prod_mant, rval = 15'000000000000000).
Adding EN signal on $auto$ff.cc:337:slice$103 ($sdff) from module systolic_pe (D = $procmux$45_Y, Q = \r3_prod_mant).
Adding SRST signal on $procdff$88 ($dff) from module systolic_pe (D = $procmux$55_Y, Q = \valid_s0, rval = 1'0).
Adding EN signal on $auto$ff.cc:337:slice$105 ($sdff) from module systolic_pe (D = $procmux$53_Y, Q = \valid_s0).
Adding SRST signal on $procdff$87 ($dff) from module systolic_pe (D = $procmux$62_Y, Q = \r2_mantissa, rval = 15'000000000000000).
Adding EN signal on $auto$ff.cc:337:slice$107 ($sdff) from module systolic_pe (D = \b_canon [14:0], Q = \r2_mantissa).
Adding SRST signal on $procdff$86 ($dff) from module systolic_pe (D = $procmux$69_Y, Q = \r2_sign, rval = 1'0).
Adding EN signal on $auto$ff.cc:337:slice$111 ($sdff) from module systolic_pe (D = \b_canon [15], Q = \r2_sign).
Adding SRST signal on $procdff$85 ($dff) from module systolic_pe (D = $procmux$74_Y, Q = \b_out, rval = 16'0000000000000000).
Adding EN signal on $auto$ff.cc:337:slice$115 ($sdff) from module systolic_pe (D = \b_canon, Q = \b_out).
Adding SRST signal on $procdff$84 ($dff) from module systolic_pe (D = $procmux$79_Y, Q = \a_out, rval = 16'0000000000000000).
Adding EN signal on $auto$ff.cc:337:slice$117 ($sdff) from module systolic_pe (D = \a_canon, Q = \a_out).

46. Executing OPT_CLEAN pass (remove unused cells and wires).
Finding unused cells or wires in module \systolic_pe..
Removed 20 unused cells and 20 unused wires.
<suppressed ~21 debug messages>

47. Executing OPT_EXPR pass (perform const folding).
Optimizing module systolic_pe.
<suppressed ~1 debug messages>

48. Rerunning OPT passes. (Maybe there is more to do…)

49. Executing OPT_MUXTREE pass (detect dead branches in mux trees).
Running muxtree optimizer on module \systolic_pe..
  Creating internal representation of mux trees.
  Evaluating internal representation of mux trees.
  Analyzing evaluation results.
Removed 0 multiplexer ports.
<suppressed ~21 debug messages>

50. Executing OPT_REDUCE pass (consolidate $*mux and $reduce_* inputs).
  Optimizing cells in module \systolic_pe.
Performed a total of 0 changes.

51. Executing OPT_MERGE pass (detect identical cells).
Finding identical cells in module `\systolic_pe'.
Computing hashes of 35 cells of `\systolic_pe'.
Finding duplicate cells in `\systolic_pe'.
Computing hashes of 34 cells of `\systolic_pe'.
Finding duplicate cells in `\systolic_pe'.
<suppressed ~3 debug messages>
Removed a total of 1 cells.

52. Executing OPT_DFF pass (perform DFF optimizations).

53. Executing OPT_CLEAN pass (remove unused cells and wires).
Finding unused cells or wires in module \systolic_pe..
Removed 0 unused cells and 1 unused wires.
<suppressed ~1 debug messages>

54. Executing OPT_EXPR pass (perform const folding).
Optimizing module systolic_pe.

55. Rerunning OPT passes. (Maybe there is more to do…)

56. Executing OPT_MUXTREE pass (detect dead branches in mux trees).
Running muxtree optimizer on module \systolic_pe..
  Creating internal representation of mux trees.
  Evaluating internal representation of mux trees.
  Analyzing evaluation results.
Removed 0 multiplexer ports.
<suppressed ~21 debug messages>

57. Executing OPT_REDUCE pass (consolidate $*mux and $reduce_* inputs).
  Optimizing cells in module \systolic_pe.
Performed a total of 0 changes.

58. Executing OPT_MERGE pass (detect identical cells).
Finding identical cells in module `\systolic_pe'.
Computing hashes of 34 cells of `\systolic_pe'.
Finding duplicate cells in `\systolic_pe'.
Removed a total of 0 cells.

59. Executing OPT_DFF pass (perform DFF optimizations).

60. Executing OPT_CLEAN pass (remove unused cells and wires).
Finding unused cells or wires in module \systolic_pe..

61. Executing OPT_EXPR pass (perform const folding).
Optimizing module systolic_pe.

62. Executing WREDUCE pass (reducing word size of cells).
Converting cell systolic_pe.$sub$/Users/aoxo/vscode/superfloat.gpu/src/systolic_pe.sv:134$7 ($sub) from unsigned to signed.
Removed top 1 bits (of 17) from port A of cell systolic_pe.$sub$/Users/aoxo/vscode/superfloat.gpu/src/systolic_pe.sv:134$7 ($sub).
Removed top 1 bits (of 17) from port B of cell systolic_pe.$sub$/Users/aoxo/vscode/superfloat.gpu/src/systolic_pe.sv:134$7 ($sub).
Converting cell systolic_pe.$add$/Users/aoxo/vscode/superfloat.gpu/src/systolic_pe.sv:134$8 ($add) from unsigned to signed.
Removed top 1 bits (of 17) from port A of cell systolic_pe.$add$/Users/aoxo/vscode/superfloat.gpu/src/systolic_pe.sv:134$8 ($add).
Removed top 1 bits (of 17) from port B of cell systolic_pe.$add$/Users/aoxo/vscode/superfloat.gpu/src/systolic_pe.sv:134$8 ($add).
Removed top 1 bits (of 16) from port Y of cell systolic_pe.$neg$/Users/aoxo/vscode/superfloat.gpu/src/systolic_pe.sv:155$15 ($neg).
Removed top 1 bits (of 16) from port A of cell systolic_pe.$neg$/Users/aoxo/vscode/superfloat.gpu/src/systolic_pe.sv:155$15 ($neg).
Removed top 1 bits (of 16) from wire systolic_pe.$neg$/Users/aoxo/vscode/superfloat.gpu/src/systolic_pe.sv:155$15_Y.

63. Executing PEEPOPT pass (run peephole optimizers).

64. Executing OPT_CLEAN pass (remove unused cells and wires).
Finding unused cells or wires in module \systolic_pe..
Removed 0 unused cells and 1 unused wires.
<suppressed ~1 debug messages>

65. Executing BOOTH pass (map to Booth multipliers).
Mapping cell $mul$/Users/aoxo/vscode/superfloat.gpu/src/systolic_pe.sv:115$5 to unsigned Booth multiplier
    Wallace tree depth: 5 levels of $fa + 1 final $add
Mapped 1 multipliers.

66. Executing ALUMACC pass (create $alu and $macc cells).
Extracting $alu and $macc cells in module systolic_pe:
  creating $macc model for $add$/Users/aoxo/vscode/superfloat.gpu/src/systolic_pe.sv:134$8 ($add).
  creating $macc model for $auto$booth.cc:398:CreateBoothMult$1407 ($add).
  creating $macc model for $neg$/Users/aoxo/vscode/superfloat.gpu/src/systolic_pe.sv:155$15 ($neg).
  creating $macc model for $sub$/Users/aoxo/vscode/superfloat.gpu/src/systolic_pe.sv:134$7 ($sub).
  creating $alu model for $macc $sub$/Users/aoxo/vscode/superfloat.gpu/src/systolic_pe.sv:134$7.
  creating $alu model for $macc $neg$/Users/aoxo/vscode/superfloat.gpu/src/systolic_pe.sv:155$15.
  creating $alu model for $macc $auto$booth.cc:398:CreateBoothMult$1407.
  creating $alu model for $macc $add$/Users/aoxo/vscode/superfloat.gpu/src/systolic_pe.sv:134$8.
  creating $alu cell for $add$/Users/aoxo/vscode/superfloat.gpu/src/systolic_pe.sv:134$8: $auto$alumacc.cc:512:replace_alu$1408
  creating $alu cell for $auto$booth.cc:398:CreateBoothMult$1407: $auto$alumacc.cc:512:replace_alu$1411
  creating $alu cell for $neg$/Users/aoxo/vscode/superfloat.gpu/src/systolic_pe.sv:155$15: $auto$alumacc.cc:512:replace_alu$1414
  creating $alu cell for $sub$/Users/aoxo/vscode/superfloat.gpu/src/systolic_pe.sv:134$7: $auto$alumacc.cc:512:replace_alu$1417
  created 4 $alu and 0 $macc cells.

67. Executing SHARE pass (SAT-based resource sharing).

68. Executing OPT_EXPR pass (perform const folding).
Optimizing module systolic_pe.
<suppressed ~103 debug messages>

69. Executing OPT_MERGE pass (detect identical cells).
Finding identical cells in module `\systolic_pe'.
Computing hashes of 553 cells of `\systolic_pe'.
Finding duplicate cells in `\systolic_pe'.
Computing hashes of 552 cells of `\systolic_pe'.
Finding duplicate cells in `\systolic_pe'.
<suppressed ~3 debug messages>
Removed a total of 1 cells.

70. Executing OPT_MUXTREE pass (detect dead branches in mux trees).
Running muxtree optimizer on module \systolic_pe..
  Creating internal representation of mux trees.
  Evaluating internal representation of mux trees.
  Analyzing evaluation results.
Removed 0 multiplexer ports.
<suppressed ~21 debug messages>

71. Executing OPT_REDUCE pass (consolidate $*mux and $reduce_* inputs).
  Optimizing cells in module \systolic_pe.
Performed a total of 0 changes.

72. Executing OPT_MERGE pass (detect identical cells).
Finding identical cells in module `\systolic_pe'.
Computing hashes of 552 cells of `\systolic_pe'.
Finding duplicate cells in `\systolic_pe'.
Removed a total of 0 cells.

73. Executing OPT_DFF pass (perform DFF optimizations).

74. Executing OPT_CLEAN pass (remove unused cells and wires).
Finding unused cells or wires in module \systolic_pe..
Removed 0 unused cells and 140 unused wires.
<suppressed ~1 debug messages>

75. Executing OPT_EXPR pass (perform const folding).
Optimizing module systolic_pe.

76. Rerunning OPT passes. (Maybe there is more to do…)

77. Executing OPT_MUXTREE pass (detect dead branches in mux trees).
Running muxtree optimizer on module \systolic_pe..
  Creating internal representation of mux trees.
  Evaluating internal representation of mux trees.
  Analyzing evaluation results.
Removed 0 multiplexer ports.
<suppressed ~21 debug messages>

78. Executing OPT_REDUCE pass (consolidate $*mux and $reduce_* inputs).
  Optimizing cells in module \systolic_pe.
Performed a total of 0 changes.

79. Executing OPT_MERGE pass (detect identical cells).
Finding identical cells in module `\systolic_pe'.
Computing hashes of 552 cells of `\systolic_pe'.
Finding duplicate cells in `\systolic_pe'.
Removed a total of 0 cells.

80. Executing OPT_DFF pass (perform DFF optimizations).

81. Executing OPT_CLEAN pass (remove unused cells and wires).
Finding unused cells or wires in module \systolic_pe..

82. Executing OPT_EXPR pass (perform const folding).
Optimizing module systolic_pe.

83. Executing MEMORY pass.

83.1. Executing OPT_MEM pass (optimize memories).
Performed a total of 0 transformations.

83.2. Executing OPT_MEM_PRIORITY pass (removing unnecessary memory write priority relations).
Performed a total of 0 transformations.

83.3. Executing OPT_MEM_FEEDBACK pass (finding memory read-to-write feedback paths).

83.4. Executing MEMORY_BMUX2ROM pass (converting muxes to ROMs).

83.5. Executing MEMORY_DFF pass (merging $dff cells to $memrd).

83.6. Executing OPT_CLEAN pass (remove unused cells and wires).
Finding unused cells or wires in module \systolic_pe..

83.7. Executing MEMORY_SHARE pass (consolidating $memrd/$memwr cells).

83.8. Executing OPT_MEM_WIDEN pass (optimize memories where all ports are wide).
Performed a total of 0 transformations.

83.9. Executing OPT_CLEAN pass (remove unused cells and wires).
Finding unused cells or wires in module \systolic_pe..

83.10. Executing MEMORY_COLLECT pass (generating $mem cells).

84. Executing OPT_CLEAN pass (remove unused cells and wires).
Finding unused cells or wires in module \systolic_pe..

85. Executing OPT_EXPR pass (perform const folding).
Optimizing module systolic_pe.
<suppressed ~2 debug messages>

86. Executing OPT_MERGE pass (detect identical cells).
Finding identical cells in module `\systolic_pe'.
Computing hashes of 551 cells of `\systolic_pe'.
Finding duplicate cells in `\systolic_pe'.
Removed a total of 0 cells.

87. Executing OPT_DFF pass (perform DFF optimizations).

88. Executing OPT_CLEAN pass (remove unused cells and wires).
Finding unused cells or wires in module \systolic_pe..
Removed 0 unused cells and 1 unused wires.
<suppressed ~1 debug messages>

89. Executing MEMORY_MAP pass (converting memories to logic and flip-flops).

90. Executing OPT_EXPR pass (perform const folding).
Optimizing module systolic_pe.

91. Executing OPT_MERGE pass (detect identical cells).
Finding identical cells in module `\systolic_pe'.
Computing hashes of 551 cells of `\systolic_pe'.
Finding duplicate cells in `\systolic_pe'.
Removed a total of 0 cells.

92. Executing OPT_MUXTREE pass (detect dead branches in mux trees).
Running muxtree optimizer on module \systolic_pe..
  Creating internal representation of mux trees.
  Evaluating internal representation of mux trees.
  Analyzing evaluation results.
Removed 0 multiplexer ports.
<suppressed ~20 debug messages>

93. Executing OPT_REDUCE pass (consolidate $*mux and $reduce_* inputs).
  Optimizing cells in module \systolic_pe.
    Consolidated identical input bits for $mux cell $ternary$/Users/aoxo/vscode/superfloat.gpu/src/systolic_pe.sv:148$13:
      Old ports: A=16'0111111111111111, B=16'1000000000000001, Y=$ternary$/Users/aoxo/vscode/superfloat.gpu/src/systolic_pe.sv:148$13_Y
      New ports: A=2'01, B=2'10, Y={ $ternary$/Users/aoxo/vscode/superfloat.gpu/src/systolic_pe.sv:148$13_Y [15] $ternary$/Users/aoxo/vscode/superfloat.gpu/src/systolic_pe.sv:148$13_Y [1] }
      New connections: { $ternary$/Users/aoxo/vscode/superfloat.gpu/src/systolic_pe.sv:148$13_Y [14:2] $ternary$/Users/aoxo/vscode/superfloat.gpu/src/systolic_pe.sv:148$13_Y [0] } = { $ternary$/Users/aoxo/vscode/superfloat.gpu/src/systolic_pe.sv:148$13_Y [1] $ternary$/Users/aoxo/vscode/superfloat.gpu/src/systolic_pe.sv:148$13_Y [1] $ternary$/Users/aoxo/vscode/superfloat.gpu/src/systolic_pe.sv:148$13_Y [1] $ternary$/Users/aoxo/vscode/superfloat.gpu/src/systolic_pe.sv:148$13_Y [1] $ternary$/Users/aoxo/vscode/superfloat.gpu/src/systolic_pe.sv:148$13_Y [1] $ternary$/Users/aoxo/vscode/superfloat.gpu/src/systolic_pe.sv:148$13_Y [1] $ternary$/Users/aoxo/vscode/superfloat.gpu/src/systolic_pe.sv:148$13_Y [1] $ternary$/Users/aoxo/vscode/superfloat.gpu/src/systolic_pe.sv:148$13_Y [1] $ternary$/Users/aoxo/vscode/superfloat.gpu/src/systolic_pe.sv:148$13_Y [1] $ternary$/Users/aoxo/vscode/superfloat.gpu/src/systolic_pe.sv:148$13_Y [1] $ternary$/Users/aoxo/vscode/superfloat.gpu/src/systolic_pe.sv:148$13_Y [1] $ternary$/Users/aoxo/vscode/superfloat.gpu/src/systolic_pe.sv:148$13_Y [1] $ternary$/Users/aoxo/vscode/superfloat.gpu/src/systolic_pe.sv:148$13_Y [1] 1'1 }
  Optimizing cells in module \systolic_pe.
Performed a total of 1 changes.

94. Executing OPT_MERGE pass (detect identical cells).
Finding identical cells in module `\systolic_pe'.
Computing hashes of 551 cells of `\systolic_pe'.
Finding duplicate cells in `\systolic_pe'.
Removed a total of 0 cells.

95. Executing OPT_SHARE pass.
    Found cells that share an operand and can be merged by moving the $mux $ternary$/Users/aoxo/vscode/superfloat.gpu/src/systolic_pe.sv:134$9 in front of them:
        $auto$alumacc.cc:512:replace_alu$1417
        $auto$alumacc.cc:512:replace_alu$1408

96. Executing OPT_DFF pass (perform DFF optimizations).

97. Executing OPT_CLEAN pass (remove unused cells and wires).
Finding unused cells or wires in module \systolic_pe..
Removed 0 unused cells and 6 unused wires.
<suppressed ~1 debug messages>

98. Executing OPT_EXPR pass (perform const folding).
Optimizing module systolic_pe.
<suppressed ~1 debug messages>

99. Rerunning OPT passes. (Maybe there is more to do…)

100. Executing OPT_MUXTREE pass (detect dead branches in mux trees).
Running muxtree optimizer on module \systolic_pe..
  Creating internal representation of mux trees.
  Evaluating internal representation of mux trees.
  Analyzing evaluation results.
Removed 0 multiplexer ports.
<suppressed ~20 debug messages>

101. Executing OPT_REDUCE pass (consolidate $*mux and $reduce_* inputs).
  Optimizing cells in module \systolic_pe.
Performed a total of 0 changes.

102. Executing OPT_MERGE pass (detect identical cells).
Finding identical cells in module `\systolic_pe'.
Computing hashes of 551 cells of `\systolic_pe'.
Finding duplicate cells in `\systolic_pe'.
Removed a total of 0 cells.

103. Executing OPT_SHARE pass.

104. Executing OPT_DFF pass (perform DFF optimizations).

105. Executing OPT_CLEAN pass (remove unused cells and wires).
Finding unused cells or wires in module \systolic_pe..
Removed 0 unused cells and 1 unused wires.
<suppressed ~1 debug messages>

106. Executing OPT_EXPR pass (perform const folding).
Optimizing module systolic_pe.

107. Rerunning OPT passes. (Maybe there is more to do…)

108. Executing OPT_MUXTREE pass (detect dead branches in mux trees).
Running muxtree optimizer on module \systolic_pe..
  Creating internal representation of mux trees.
  Evaluating internal representation of mux trees.
  Analyzing evaluation results.
Removed 0 multiplexer ports.
<suppressed ~20 debug messages>

109. Executing OPT_REDUCE pass (consolidate $*mux and $reduce_* inputs).
  Optimizing cells in module \systolic_pe.
Performed a total of 0 changes.

110. Executing OPT_MERGE pass (detect identical cells).
Finding identical cells in module `\systolic_pe'.
Computing hashes of 551 cells of `\systolic_pe'.
Finding duplicate cells in `\systolic_pe'.
Removed a total of 0 cells.

111. Executing OPT_SHARE pass.

112. Executing OPT_DFF pass (perform DFF optimizations).

113. Executing OPT_CLEAN pass (remove unused cells and wires).
Finding unused cells or wires in module \systolic_pe..

114. Executing OPT_EXPR pass (perform const folding).
Optimizing module systolic_pe.

115. Executing EXTRACT_FA pass (find and extract full/half adders).
Extracting full/half adders from systolic_pe:
  2-Input XOR/XNOR \r2_mantissa [1] \r2_mantissa [2]:
    0110 -> $auto$rtlil.cc:3497:XorGate$138
  2-Input XOR/XNOR \r2_mantissa [3] \r2_mantissa [4]:
    0110 -> $auto$rtlil.cc:3497:XorGate$150
  2-Input XOR/XNOR \r2_mantissa [5] \r2_mantissa [6]:
    0110 -> $auto$rtlil.cc:3497:XorGate$162
  2-Input XOR/XNOR \r2_mantissa [7] \r2_mantissa [8]:
    0110 -> $auto$rtlil.cc:3497:XorGate$174
  2-Input XOR/XNOR \r2_mantissa [9] \r2_mantissa [10]:
    0110 -> $auto$rtlil.cc:3497:XorGate$186
  2-Input XOR/XNOR \r2_mantissa [11] \r2_mantissa [12]:
    0110 -> $auto$rtlil.cc:3497:XorGate$198
  2-Input XOR/XNOR \r2_mantissa [13] \r2_mantissa [14]:
    0110 -> $auto$rtlil.cc:3497:XorGate$210
    AND without inversions:
      1000 -> $auto$rtlil.cc:3496:NorGate$216
      Created $fa cell $auto$extract_fa.cc:504:run$1429.
  2-Input XOR/XNOR \r2_mantissa [0] \r2_mantissa [1]:
    1001 -> $auto$rtlil.cc:3498:XnorGate$130
    AND with inverted A:
      0100 -> $auto$rtlil.cc:3496:NorGate$132
      Created $fa cell $auto$extract_fa.cc:504:run$1434.
  2-Input XOR/XNOR \r2_mantissa [2] \r2_mantissa [3]:
    1001 -> $auto$rtlil.cc:3498:XnorGate$142
  2-Input XOR/XNOR \r2_mantissa [4] \r2_mantissa [5]:
    1001 -> $auto$rtlil.cc:3498:XnorGate$154
  2-Input XOR/XNOR \r2_mantissa [6] \r2_mantissa [7]:
    1001 -> $auto$rtlil.cc:3498:XnorGate$166
  2-Input XOR/XNOR \r2_mantissa [8] \r2_mantissa [9]:
    1001 -> $auto$rtlil.cc:3498:XnorGate$178
  2-Input XOR/XNOR \r2_mantissa [10] \r2_mantissa [11]:
    1001 -> $auto$rtlil.cc:3498:XnorGate$190
  2-Input XOR/XNOR \r2_mantissa [12] \r2_mantissa [13]:
    1001 -> $auto$rtlil.cc:3498:XnorGate$202
  2-Input XOR/XNOR $auto$rtlil.cc:3493:AndGate$230 \r2_mantissa [1]:
    0110 -> $auto$rtlil.cc:3497:XorGate$232
  2-Input XOR/XNOR $auto$rtlil.cc:3493:AndGate$360 \r2_mantissa [3]:
    0110 -> $auto$rtlil.cc:3497:XorGate$362
  2-Input XOR/XNOR $auto$rtlil.cc:3493:AndGate$488 \r2_mantissa [5]:
    0110 -> $auto$rtlil.cc:3497:XorGate$490
  2-Input XOR/XNOR $auto$rtlil.cc:3493:AndGate$616 \r2_mantissa [7]:
    0110 -> $auto$rtlil.cc:3497:XorGate$618
  2-Input XOR/XNOR $auto$rtlil.cc:3493:AndGate$744 \r2_mantissa [9]:
    0110 -> $auto$rtlil.cc:3497:XorGate$746
  2-Input XOR/XNOR $auto$rtlil.cc:3493:AndGate$872 \r2_mantissa [11]:
    0110 -> $auto$rtlil.cc:3497:XorGate$874
  2-Input XOR/XNOR $auto$rtlil.cc:3493:AndGate$1000 \r2_mantissa [13]:
    0110 -> $auto$rtlil.cc:3497:XorGate$1002
  2-Input XOR/XNOR $auto$rtlil.cc:3495:OrGate$238 \r2_mantissa [1]:
    0110 -> $auto$rtlil.cc:3497:XorGate$240
  2-Input XOR/XNOR $auto$rtlil.cc:3495:OrGate$310 \r2_mantissa [1]:
    0110 -> $auto$rtlil.cc:3497:XorGate$312
  2-Input XOR/XNOR $auto$rtlil.cc:3495:OrGate$318 \r2_mantissa [1]:
    0110 -> $auto$rtlil.cc:3497:XorGate$320
  2-Input XOR/XNOR $auto$rtlil.cc:3495:OrGate$326 \r2_mantissa [1]:
    0110 -> $auto$rtlil.cc:3497:XorGate$328
  2-Input XOR/XNOR $auto$rtlil.cc:3495:OrGate$334 \r2_mantissa [1]:
    0110 -> $auto$rtlil.cc:3497:XorGate$336
  2-Input XOR/XNOR $auto$rtlil.cc:3495:OrGate$342 \r2_mantissa [1]:
    0110 -> $auto$rtlil.cc:3497:XorGate$344
  2-Input XOR/XNOR $auto$rtlil.cc:3493:AndGate$348 \r2_mantissa [1]:
    0110 -> $auto$rtlil.cc:3497:XorGate$352
  2-Input XOR/XNOR $auto$rtlil.cc:3495:OrGate$246 \r2_mantissa [1]:
    0110 -> $auto$rtlil.cc:3497:XorGate$248
  2-Input XOR/XNOR $auto$rtlil.cc:3495:OrGate$254 \r2_mantissa [1]:
    0110 -> $auto$rtlil.cc:3497:XorGate$256
  2-Input XOR/XNOR $auto$rtlil.cc:3495:OrGate$262 \r2_mantissa [1]:
    0110 -> $auto$rtlil.cc:3497:XorGate$264
  2-Input XOR/XNOR $auto$rtlil.cc:3495:OrGate$270 \r2_mantissa [1]:
    0110 -> $auto$rtlil.cc:3497:XorGate$272
  2-Input XOR/XNOR $auto$rtlil.cc:3495:OrGate$278 \r2_mantissa [1]:
    0110 -> $auto$rtlil.cc:3497:XorGate$280
  2-Input XOR/XNOR $auto$rtlil.cc:3495:OrGate$286 \r2_mantissa [1]:
    0110 -> $auto$rtlil.cc:3497:XorGate$288
  2-Input XOR/XNOR $auto$rtlil.cc:3495:OrGate$294 \r2_mantissa [1]:
    0110 -> $auto$rtlil.cc:3497:XorGate$296
  2-Input XOR/XNOR $auto$rtlil.cc:3495:OrGate$302 \r2_mantissa [1]:
    0110 -> $auto$rtlil.cc:3497:XorGate$304
  2-Input XOR/XNOR $auto$rtlil.cc:3495:OrGate$368 \r2_mantissa [3]:
    0110 -> $auto$rtlil.cc:3497:XorGate$370
  2-Input XOR/XNOR $auto$rtlil.cc:3495:OrGate$440 \r2_mantissa [3]:
    0110 -> $auto$rtlil.cc:3497:XorGate$442
  2-Input XOR/XNOR $auto$rtlil.cc:3495:OrGate$448 \r2_mantissa [3]:
    0110 -> $auto$rtlil.cc:3497:XorGate$450
  2-Input XOR/XNOR $auto$rtlil.cc:3495:OrGate$456 \r2_mantissa [3]:
    0110 -> $auto$rtlil.cc:3497:XorGate$458
  2-Input XOR/XNOR $auto$rtlil.cc:3495:OrGate$464 \r2_mantissa [3]:
    0110 -> $auto$rtlil.cc:3497:XorGate$466
  2-Input XOR/XNOR $auto$rtlil.cc:3495:OrGate$472 \r2_mantissa [3]:
    0110 -> $auto$rtlil.cc:3497:XorGate$474
  2-Input XOR/XNOR $auto$rtlil.cc:3493:AndGate$478 \r2_mantissa [3]:
    0110 -> $auto$rtlil.cc:3497:XorGate$482
  2-Input XOR/XNOR $auto$rtlil.cc:3495:OrGate$376 \r2_mantissa [3]:
    0110 -> $auto$rtlil.cc:3497:XorGate$378
  2-Input XOR/XNOR $auto$rtlil.cc:3495:OrGate$384 \r2_mantissa [3]:
    0110 -> $auto$rtlil.cc:3497:XorGate$386
  2-Input XOR/XNOR $auto$rtlil.cc:3495:OrGate$392 \r2_mantissa [3]:
    0110 -> $auto$rtlil.cc:3497:XorGate$394
  2-Input XOR/XNOR $auto$rtlil.cc:3495:OrGate$400 \r2_mantissa [3]:
    0110 -> $auto$rtlil.cc:3497:XorGate$402
  2-Input XOR/XNOR $auto$rtlil.cc:3495:OrGate$408 \r2_mantissa [3]:
    0110 -> $auto$rtlil.cc:3497:XorGate$410
  2-Input XOR/XNOR $auto$rtlil.cc:3495:OrGate$416 \r2_mantissa [3]:
    0110 -> $auto$rtlil.cc:3497:XorGate$418
  2-Input XOR/XNOR $auto$rtlil.cc:3495:OrGate$424 \r2_mantissa [3]:
    0110 -> $auto$rtlil.cc:3497:XorGate$426
  2-Input XOR/XNOR $auto$rtlil.cc:3495:OrGate$432 \r2_mantissa [3]:
    0110 -> $auto$rtlil.cc:3497:XorGate$434
  2-Input XOR/XNOR $auto$rtlil.cc:3495:OrGate$496 \r2_mantissa [5]:
    0110 -> $auto$rtlil.cc:3497:XorGate$498
  2-Input XOR/XNOR $auto$rtlil.cc:3495:OrGate$568 \r2_mantissa [5]:
    0110 -> $auto$rtlil.cc:3497:XorGate$570
  2-Input XOR/XNOR $auto$rtlil.cc:3495:OrGate$576 \r2_mantissa [5]:
    0110 -> $auto$rtlil.cc:3497:XorGate$578
  2-Input XOR/XNOR $auto$rtlil.cc:3495:OrGate$584 \r2_mantissa [5]:
    0110 -> $auto$rtlil.cc:3497:XorGate$586
  2-Input XOR/XNOR $auto$rtlil.cc:3495:OrGate$592 \r2_mantissa [5]:
    0110 -> $auto$rtlil.cc:3497:XorGate$594
  2-Input XOR/XNOR $auto$rtlil.cc:3495:OrGate$600 \r2_mantissa [5]:
    0110 -> $auto$rtlil.cc:3497:XorGate$602
  2-Input XOR/XNOR $auto$rtlil.cc:3493:AndGate$606 \r2_mantissa [5]:
    0110 -> $auto$rtlil.cc:3497:XorGate$610
  2-Input XOR/XNOR $auto$rtlil.cc:3495:OrGate$504 \r2_mantissa [5]:
    0110 -> $auto$rtlil.cc:3497:XorGate$506
  2-Input XOR/XNOR $auto$rtlil.cc:3495:OrGate$512 \r2_mantissa [5]:
    0110 -> $auto$rtlil.cc:3497:XorGate$514
  2-Input XOR/XNOR $auto$rtlil.cc:3495:OrGate$520 \r2_mantissa [5]:
    0110 -> $auto$rtlil.cc:3497:XorGate$522
  2-Input XOR/XNOR $auto$rtlil.cc:3495:OrGate$528 \r2_mantissa [5]:
    0110 -> $auto$rtlil.cc:3497:XorGate$530
  2-Input XOR/XNOR $auto$rtlil.cc:3495:OrGate$536 \r2_mantissa [5]:
    0110 -> $auto$rtlil.cc:3497:XorGate$538
  2-Input XOR/XNOR $auto$rtlil.cc:3495:OrGate$544 \r2_mantissa [5]:
    0110 -> $auto$rtlil.cc:3497:XorGate$546
  2-Input XOR/XNOR $auto$rtlil.cc:3495:OrGate$552 \r2_mantissa [5]:
    0110 -> $auto$rtlil.cc:3497:XorGate$554
  2-Input XOR/XNOR $auto$rtlil.cc:3495:OrGate$560 \r2_mantissa [5]:
    0110 -> $auto$rtlil.cc:3497:XorGate$562
  2-Input XOR/XNOR $auto$rtlil.cc:3495:OrGate$624 \r2_mantissa [7]:
    0110 -> $auto$rtlil.cc:3497:XorGate$626
  2-Input XOR/XNOR $auto$rtlil.cc:3495:OrGate$696 \r2_mantissa [7]:
    0110 -> $auto$rtlil.cc:3497:XorGate$698
  2-Input XOR/XNOR $auto$rtlil.cc:3495:OrGate$704 \r2_mantissa [7]:
    0110 -> $auto$rtlil.cc:3497:XorGate$706
  2-Input XOR/XNOR $auto$rtlil.cc:3495:OrGate$712 \r2_mantissa [7]:
    0110 -> $auto$rtlil.cc:3497:XorGate$714
  2-Input XOR/XNOR $auto$rtlil.cc:3495:OrGate$720 \r2_mantissa [7]:
    0110 -> $auto$rtlil.cc:3497:XorGate$722
  2-Input XOR/XNOR $auto$rtlil.cc:3495:OrGate$728 \r2_mantissa [7]:
    0110 -> $auto$rtlil.cc:3497:XorGate$730
  2-Input XOR/XNOR $auto$rtlil.cc:3493:AndGate$734 \r2_mantissa [7]:
    0110 -> $auto$rtlil.cc:3497:XorGate$738
  2-Input XOR/XNOR $auto$rtlil.cc:3495:OrGate$632 \r2_mantissa [7]:
    0110 -> $auto$rtlil.cc:3497:XorGate$634
  2-Input XOR/XNOR $auto$rtlil.cc:3495:OrGate$640 \r2_mantissa [7]:
    0110 -> $auto$rtlil.cc:3497:XorGate$642
  2-Input XOR/XNOR $auto$rtlil.cc:3495:OrGate$648 \r2_mantissa [7]:
    0110 -> $auto$rtlil.cc:3497:XorGate$650
  2-Input XOR/XNOR $auto$rtlil.cc:3495:OrGate$656 \r2_mantissa [7]:
    0110 -> $auto$rtlil.cc:3497:XorGate$658
  2-Input XOR/XNOR $auto$rtlil.cc:3495:OrGate$664 \r2_mantissa [7]:
    0110 -> $auto$rtlil.cc:3497:XorGate$666
  2-Input XOR/XNOR $auto$rtlil.cc:3495:OrGate$672 \r2_mantissa [7]:
    0110 -> $auto$rtlil.cc:3497:XorGate$674
  2-Input XOR/XNOR $auto$rtlil.cc:3495:OrGate$680 \r2_mantissa [7]:
    0110 -> $auto$rtlil.cc:3497:XorGate$682
  2-Input XOR/XNOR $auto$rtlil.cc:3495:OrGate$688 \r2_mantissa [7]:
    0110 -> $auto$rtlil.cc:3497:XorGate$690
  2-Input XOR/XNOR $auto$rtlil.cc:3495:OrGate$752 \r2_mantissa [9]:
    0110 -> $auto$rtlil.cc:3497:XorGate$754
  2-Input XOR/XNOR $auto$rtlil.cc:3495:OrGate$824 \r2_mantissa [9]:
    0110 -> $auto$rtlil.cc:3497:XorGate$826
  2-Input XOR/XNOR $auto$rtlil.cc:3495:OrGate$832 \r2_mantissa [9]:
    0110 -> $auto$rtlil.cc:3497:XorGate$834
  2-Input XOR/XNOR $auto$rtlil.cc:3495:OrGate$840 \r2_mantissa [9]:
    0110 -> $auto$rtlil.cc:3497:XorGate$842
  2-Input XOR/XNOR $auto$rtlil.cc:3495:OrGate$848 \r2_mantissa [9]:
    0110 -> $auto$rtlil.cc:3497:XorGate$850
  2-Input XOR/XNOR $auto$rtlil.cc:3495:OrGate$856 \r2_mantissa [9]:
    0110 -> $auto$rtlil.cc:3497:XorGate$858
  2-Input XOR/XNOR $auto$rtlil.cc:3493:AndGate$862 \r2_mantissa [9]:
    0110 -> $auto$rtlil.cc:3497:XorGate$866
  2-Input XOR/XNOR $auto$rtlil.cc:3495:OrGate$760 \r2_mantissa [9]:
    0110 -> $auto$rtlil.cc:3497:XorGate$762
  2-Input XOR/XNOR $auto$rtlil.cc:3495:OrGate$768 \r2_mantissa [9]:
    0110 -> $auto$rtlil.cc:3497:XorGate$770
  2-Input XOR/XNOR $auto$rtlil.cc:3495:OrGate$776 \r2_mantissa [9]:
    0110 -> $auto$rtlil.cc:3497:XorGate$778
  2-Input XOR/XNOR $auto$rtlil.cc:3495:OrGate$784 \r2_mantissa [9]:
    0110 -> $auto$rtlil.cc:3497:XorGate$786
  2-Input XOR/XNOR $auto$rtlil.cc:3495:OrGate$792 \r2_mantissa [9]:
    0110 -> $auto$rtlil.cc:3497:XorGate$794
  2-Input XOR/XNOR $auto$rtlil.cc:3495:OrGate$800 \r2_mantissa [9]:
    0110 -> $auto$rtlil.cc:3497:XorGate$802
  2-Input XOR/XNOR $auto$rtlil.cc:3495:OrGate$808 \r2_mantissa [9]:
    0110 -> $auto$rtlil.cc:3497:XorGate$810
  2-Input XOR/XNOR $auto$rtlil.cc:3495:OrGate$816 \r2_mantissa [9]:
    0110 -> $auto$rtlil.cc:3497:XorGate$818
  2-Input XOR/XNOR $auto$rtlil.cc:3495:OrGate$880 \r2_mantissa [11]:
    0110 -> $auto$rtlil.cc:3497:XorGate$882
  2-Input XOR/XNOR $auto$rtlil.cc:3495:OrGate$952 \r2_mantissa [11]:
    0110 -> $auto$rtlil.cc:3497:XorGate$954
  2-Input XOR/XNOR $auto$rtlil.cc:3495:OrGate$960 \r2_mantissa [11]:
    0110 -> $auto$rtlil.cc:3497:XorGate$962
  2-Input XOR/XNOR $auto$rtlil.cc:3495:OrGate$968 \r2_mantissa [11]:
    0110 -> $auto$rtlil.cc:3497:XorGate$970
  2-Input XOR/XNOR $auto$rtlil.cc:3495:OrGate$976 \r2_mantissa [11]:
    0110 -> $auto$rtlil.cc:3497:XorGate$978
  2-Input XOR/XNOR $auto$rtlil.cc:3495:OrGate$984 \r2_mantissa [11]:
    0110 -> $auto$rtlil.cc:3497:XorGate$986
  2-Input XOR/XNOR $auto$rtlil.cc:3493:AndGate$990 \r2_mantissa [11]:
    0110 -> $auto$rtlil.cc:3497:XorGate$994
  2-Input XOR/XNOR $auto$rtlil.cc:3495:OrGate$888 \r2_mantissa [11]:
    0110 -> $auto$rtlil.cc:3497:XorGate$890
  2-Input XOR/XNOR $auto$rtlil.cc:3495:OrGate$896 \r2_mantissa [11]:
    0110 -> $auto$rtlil.cc:3497:XorGate$898
  2-Input XOR/XNOR $auto$rtlil.cc:3495:OrGate$904 \r2_mantissa [11]:
    0110 -> $auto$rtlil.cc:3497:XorGate$906
  2-Input XOR/XNOR $auto$rtlil.cc:3495:OrGate$912 \r2_mantissa [11]:
    0110 -> $auto$rtlil.cc:3497:XorGate$914
  2-Input XOR/XNOR $auto$rtlil.cc:3495:OrGate$920 \r2_mantissa [11]:
    0110 -> $auto$rtlil.cc:3497:XorGate$922
  2-Input XOR/XNOR $auto$rtlil.cc:3495:OrGate$928 \r2_mantissa [11]:
    0110 -> $auto$rtlil.cc:3497:XorGate$930
  2-Input XOR/XNOR $auto$rtlil.cc:3495:OrGate$936 \r2_mantissa [11]:
    0110 -> $auto$rtlil.cc:3497:XorGate$938
  2-Input XOR/XNOR $auto$rtlil.cc:3495:OrGate$944 \r2_mantissa [11]:
    0110 -> $auto$rtlil.cc:3497:XorGate$946
  2-Input XOR/XNOR $auto$rtlil.cc:3495:OrGate$1008 \r2_mantissa [13]:
    0110 -> $auto$rtlil.cc:3497:XorGate$1010
  2-Input XOR/XNOR $auto$rtlil.cc:3495:OrGate$1080 \r2_mantissa [13]:
    0110 -> $auto$rtlil.cc:3497:XorGate$1082
  2-Input XOR/XNOR $auto$rtlil.cc:3495:OrGate$1088 \r2_mantissa [13]:
    0110 -> $auto$rtlil.cc:3497:XorGate$1090
  2-Input XOR/XNOR $auto$rtlil.cc:3495:OrGate$1096 \r2_mantissa [13]:
    0110 -> $auto$rtlil.cc:3497:XorGate$1098
  2-Input XOR/XNOR $auto$rtlil.cc:3495:OrGate$1104 \r2_mantissa [13]:
    0110 -> $auto$rtlil.cc:3497:XorGate$1106
  2-Input XOR/XNOR $auto$rtlil.cc:3495:OrGate$1112 \r2_mantissa [13]:
    0110 -> $auto$rtlil.cc:3497:XorGate$1114
  2-Input XOR/XNOR $auto$rtlil.cc:3493:AndGate$1118 \r2_mantissa [13]:
    0110 -> $auto$rtlil.cc:3497:XorGate$1122
  2-Input XOR/XNOR $auto$rtlil.cc:3495:OrGate$1016 \r2_mantissa [13]:
    0110 -> $auto$rtlil.cc:3497:XorGate$1018
  2-Input XOR/XNOR $auto$rtlil.cc:3495:OrGate$1024 \r2_mantissa [13]:
    0110 -> $auto$rtlil.cc:3497:XorGate$1026
  2-Input XOR/XNOR $auto$rtlil.cc:3495:OrGate$1032 \r2_mantissa [13]:
    0110 -> $auto$rtlil.cc:3497:XorGate$1034
  2-Input XOR/XNOR $auto$rtlil.cc:3495:OrGate$1040 \r2_mantissa [13]:
    0110 -> $auto$rtlil.cc:3497:XorGate$1042
  2-Input XOR/XNOR $auto$rtlil.cc:3495:OrGate$1048 \r2_mantissa [13]:
    0110 -> $auto$rtlil.cc:3497:XorGate$1050
  2-Input XOR/XNOR $auto$rtlil.cc:3495:OrGate$1056 \r2_mantissa [13]:
    0110 -> $auto$rtlil.cc:3497:XorGate$1058
  2-Input XOR/XNOR $auto$rtlil.cc:3495:OrGate$1064 \r2_mantissa [13]:
    0110 -> $auto$rtlil.cc:3497:XorGate$1066
  2-Input XOR/XNOR $auto$rtlil.cc:3495:OrGate$1072 \r2_mantissa [13]:
    0110 -> $auto$rtlil.cc:3497:XorGate$1074
[INFO] Applying early full-adder mapping from '/Users/aoxo/.ciel/ciel/sky130/versions/74c0e6b118a67d94c24172143d3bd597473fa63d/sky130A/libs.tech/librelane/sky130_fd_sc_hd/fa_map.v'…

116. Executing TECHMAP pass (map to technology primitives).

116.1. Executing Verilog-2005 frontend: /Users/aoxo/.ciel/ciel/sky130/versions/74c0e6b118a67d94c24172143d3bd597473fa63d/sky130A/libs.tech/librelane/sky130_fd_sc_hd/fa_map.v
Parsing Verilog input from `/Users/aoxo/.ciel/ciel/sky130/versions/74c0e6b118a67d94c24172143d3bd597473fa63d/sky130A/libs.tech/librelane/sky130_fd_sc_hd/fa_map.v' to AST representation.
Generating RTLIL representation for module `\_90_fa'.
Successfully finished Verilog frontend.

116.2. Continuing TECHMAP pass.
Using template $paramod\_90_fa\WIDTH=32'00000000000000000000000000000001 for cells of type $fa.
No more expansions possible.
<suppressed ~28 debug messages>

117. Executing TECHMAP pass (map to technology primitives).

117.1. Executing Verilog-2005 frontend: /nix/store/asi4c5nk22f899rkg4v82iyn192kcx0p-yosys-with-plugins-0.66/bin/../share/yosys/techmap.v
Parsing Verilog input from `/nix/store/asi4c5nk22f899rkg4v82iyn192kcx0p-yosys-with-plugins-0.66/bin/../share/yosys/techmap.v' to AST representation.
Generating RTLIL representation for module `\_90_simplemap_bool_ops'.
Generating RTLIL representation for module `\_90_simplemap_reduce_ops'.
Generating RTLIL representation for module `\_90_simplemap_logic_ops'.
Generating RTLIL representation for module `\_90_simplemap_compare_ops'.
Generating RTLIL representation for module `\_90_simplemap_various'.
Generating RTLIL representation for module `\_90_simplemap_registers'.
Generating RTLIL representation for module `\_90_shift_ops_shr_shl_sshl_sshr'.
Generating RTLIL representation for module `\_90_shift_shiftx'.
Generating RTLIL representation for module `\_90_fa'.
Generating RTLIL representation for module `\_90_lcu_brent_kung'.
Generating RTLIL representation for module `\_90_alu'.
Generating RTLIL representation for module `\_90_macc'.
Generating RTLIL representation for module `\_90_alumacc'.
Generating RTLIL representation for module `$__div_mod_u'.
Generating RTLIL representation for module `$__div_mod_trunc'.
Generating RTLIL representation for module `\_90_div'.
Generating RTLIL representation for module `\_90_mod'.
Generating RTLIL representation for module `$__div_mod_floor'.
Generating RTLIL representation for module `\_90_divfloor'.
Generating RTLIL representation for module `\_90_modfloor'.
Generating RTLIL representation for module `\_90_pow'.
Generating RTLIL representation for module `\_90_demux'.
Generating RTLIL representation for module `\_90_lut'.
Generating RTLIL representation for module `$connect'.
Generating RTLIL representation for module `$input_port'.
Successfully finished Verilog frontend.

117.2. Continuing TECHMAP pass.
Using extmapper simplemap for cells of type $mux.
Running "alumacc" on wrapper $extern:wrap:$neg:A_SIGNED=1:A_WIDTH=17:Y_WIDTH=17:394426c56d1a028ba8fdd5469b163e04011def47.
Using template $extern:wrap:$neg:A_SIGNED=1:A_WIDTH=17:Y_WIDTH=17:394426c56d1a028ba8fdd5469b163e04011def47 for cells of type $extern:wrap:$neg:A_SIGNED=1:A_WIDTH=17:Y_WIDTH=17:394426c56d1a028ba8fdd5469b163e04011def47.
Using template $paramod$230414e68c147be2fdbace59b0da7e0ad938f7eb\_90_alu for cells of type $alu.
Using template $paramod$aa43f2dbffadf36a7e9a5a6a61a7417f2989191d\_90_alu for cells of type $alu.
Using template $paramod\_90_fa\WIDTH=32'00000000000000000000000000100000 for cells of type $fa.
Using template $paramod$ebf89ea36a793f0f77858f212141d47c833068ad\_90_alu for cells of type $alu.
Using extmapper simplemap for cells of type $sdffe.
Using extmapper simplemap for cells of type $reduce_and.
Using extmapper simplemap for cells of type $reduce_bool.
Using extmapper simplemap for cells of type $eq.
Using extmapper simplemap for cells of type $xor.
Using extmapper simplemap for cells of type $ne.
Using extmapper simplemap for cells of type $logic_or.
Using template $paramod$dcb69476c4ea50ae33010ee411a8318aa586292f\_90_alu for cells of type $alu.
Using template $paramod\_90_fa\WIDTH=32'00000000000000000000000000010001 for cells of type $fa.
Using template $paramod\_90_lcu_brent_kung\WIDTH=32'00000000000000000000000000010001 for cells of type $lcu.
Using extmapper simplemap for cells of type $pos.
Using extmapper simplemap for cells of type $not.
Using template $paramod\_90_fa\WIDTH=32'00000000000000000000000000001111 for cells of type $fa.
Using template $paramod\_90_lcu_brent_kung\WIDTH=32'00000000000000000000000000001111 for cells of type $lcu.
Using extmapper simplemap for cells of type $or.
Using extmapper simplemap for cells of type $and.
Using template $paramod\_90_fa\WIDTH=32'00000000000000000000000000011111 for cells of type $fa.
Using template $paramod\_90_lcu_brent_kung\WIDTH=32'00000000000000000000000000011111 for cells of type $lcu.
No more expansions possible.
<suppressed ~1042 debug messages>

118. Executing OPT_EXPR pass (perform const folding).
Optimizing module systolic_pe.
<suppressed ~1191 debug messages>

119. Executing OPT_MERGE pass (detect identical cells).
Finding identical cells in module `\systolic_pe'.
Computing hashes of 1914 cells of `\systolic_pe'.
Finding duplicate cells in `\systolic_pe'.
Computing hashes of 1910 cells of `\systolic_pe'.
Finding duplicate cells in `\systolic_pe'.
<suppressed ~12 debug messages>
Removed a total of 4 cells.

120. Executing OPT_DFF pass (perform DFF optimizations).

121. Executing OPT_CLEAN pass (remove unused cells and wires).
Finding unused cells or wires in module \systolic_pe..
Removed 110 unused cells and 535 unused wires.
<suppressed ~111 debug messages>

122. Executing OPT_EXPR pass (perform const folding).
Optimizing module systolic_pe.

123. Executing OPT_MERGE pass (detect identical cells).
Finding identical cells in module `\systolic_pe'.
Computing hashes of 1800 cells of `\systolic_pe'.
Finding duplicate cells in `\systolic_pe'.
Removed a total of 0 cells.

124. Executing OPT_DFF pass (perform DFF optimizations).

125. Executing OPT_CLEAN pass (remove unused cells and wires).
Finding unused cells or wires in module \systolic_pe..

126. Executing ABC pass (technology mapping using ABC).

126.1. Extracting gate netlist of module `\systolic_pe' to `<abc-temp-dir>/input.blif'..

126.1.1. Executed ABC.
Extracted 1716 gates and 1822 wires to a netlist network with 104 inputs and 83 outputs.
Running ABC script: <abc-temp-dir>/abc.script
ABC: ======== ABC command line "source <abc-temp-dir>/abc.script"
ABC: + read_blif <abc-temp-dir>/input.blif 
ABC: + read_library <abc-temp-dir>/stdcells.genlib 
ABC: + strash 
ABC: + dretime 
ABC: + map 
ABC: + write_blif <abc-temp-dir>/output.blif 

126.1.2. Re-integrating ABC results.
ABC RESULTS:               AND cells:       43
ABC RESULTS:            ANDNOT cells:      616
ABC RESULTS:               MUX cells:       44
ABC RESULTS:              NAND cells:       57
ABC RESULTS:               NOR cells:       61
ABC RESULTS:               NOT cells:       82
ABC RESULTS:                OR cells:      227
ABC RESULTS:             ORNOT cells:       58
ABC RESULTS:              XNOR cells:      109
ABC RESULTS:               XOR cells:      374
ABC RESULTS:        internal signals:     1635
ABC RESULTS:           input signals:      104
ABC RESULTS:          output signals:       83
Removing temp directory.
Removing global temp directory.

127. Executing OPT pass (performing simple optimizations).

127.1. Executing OPT_EXPR pass (perform const folding).
Optimizing module systolic_pe.
<suppressed ~14 debug messages>

127.2. Executing OPT_MERGE pass (detect identical cells).
Finding identical cells in module `\systolic_pe'.
Computing hashes of 1755 cells of `\systolic_pe'.
Finding duplicate cells in `\systolic_pe'.
Removed a total of 0 cells.

127.3. Executing OPT_DFF pass (perform DFF optimizations).

127.4. Executing OPT_CLEAN pass (remove unused cells and wires).
Finding unused cells or wires in module \systolic_pe..
Removed 0 unused cells and 735 unused wires.
<suppressed ~8 debug messages>

127.5. Finished fast OPT passes.

128. Executing HIERARCHY pass (managing design hierarchy).

128.1. Analyzing design hierarchy..
Top module:  \systolic_pe

128.2. Analyzing design hierarchy..
Top module:  \systolic_pe
Removed 0 unused modules.

129. Executing CHECK pass (checking for obvious problems).
Checking module systolic_pe...
Found and reported 0 problems.

130. Printing statistics.

=== systolic_pe ===

        +----------Local Count, excluding submodules.
        | 
     1654 wires
     1862 wire bits
       25 public wires
      233 public wire bits
       11 ports
       86 port bits
     1755 cells
      616   $_ANDNOT_
       43   $_AND_
       44   $_MUX_
       57   $_NAND_
       61   $_NOR_
       82   $_NOT_
       58   $_ORNOT_
      227   $_OR_
       82   $_SDFFE_PP0P_
      109   $_XNOR_
      374   $_XOR_
        2   sky130_fd_sc_hd__fa_1

131. Executing OPT pass (performing simple optimizations).

131.1. Executing OPT_EXPR pass (perform const folding).
Optimizing module systolic_pe.

131.2. Executing OPT_MERGE pass (detect identical cells).
Finding identical cells in module `\systolic_pe'.
Computing hashes of 1755 cells of `\systolic_pe'.
Finding duplicate cells in `\systolic_pe'.
Removed a total of 0 cells.

131.3. Executing OPT_MUXTREE pass (detect dead branches in mux trees).
Running muxtree optimizer on module \systolic_pe..
  Creating internal representation of mux trees.
  No muxes found in this module.
Removed 0 multiplexer ports.

131.4. Executing OPT_REDUCE pass (consolidate $*mux and $reduce_* inputs).
  Optimizing cells in module \systolic_pe.
Performed a total of 0 changes.

131.5. Executing OPT_MERGE pass (detect identical cells).
Finding identical cells in module `\systolic_pe'.
Computing hashes of 1755 cells of `\systolic_pe'.
Finding duplicate cells in `\systolic_pe'.
Removed a total of 0 cells.

131.6. Executing OPT_DFF pass (perform DFF optimizations).

131.7. Executing OPT_CLEAN pass (remove unused cells and wires).
Finding unused cells or wires in module \systolic_pe..

131.8. Executing OPT_EXPR pass (perform const folding).
Optimizing module systolic_pe.

131.9. Finished fast OPT passes. (There is nothing left to do.)

132. Executing OPT_CLEAN pass (remove unused cells and wires).
Finding unused cells or wires in module \systolic_pe..
Removed 0 unused cells and 4 unused wires.
<suppressed ~4 debug messages>
{
   "creator": "Yosys 0.66 (git sha1 7f8fdfd8d7bc08c749a2a969388d3425d4f369d5, clang++ 21.1.2 -fPIC -O3)",
   "invocation": "stat -json -liberty /Users/aoxo/vscode/superfloat.gpu/librelane/systolic_pe/runs/RUN_2026-06-24_01-59-44/tmp/ac3bc7ea830c4123b1681357bd5762a9.lib -liberty /Users/aoxo/vscode/superfloat.gpu/librelane/systolic_pe/runs/RUN_2026-06-24_01-59-44/tmp/29066d8a00a84f8aafd562bf447b463b.lib -liberty /Users/aoxo/vscode/superfloat.gpu/librelane/systolic_pe/runs/RUN_2026-06-24_01-59-44/tmp/ad5dceb68fc047ec9e89f6f0bc36308f.lib -liberty /Users/aoxo/vscode/superfloat.gpu/librelane/systolic_pe/runs/RUN_2026-06-24_01-59-44/tmp/7701b70ba1ab4559926f7bc70f9c30d7.lib -liberty /Users/aoxo/vscode/superfloat.gpu/librelane/systolic_pe/runs/RUN_2026-06-24_01-59-44/tmp/36e470d2ed444cd4a6835eeb026e7025.lib -liberty /Users/aoxo/vscode/superfloat.gpu/librelane/systolic_pe/runs/RUN_2026-06-24_01-59-44/tmp/52a8871367eb40c3a4bb0072af83cd23.lib -liberty /Users/aoxo/vscode/superfloat.gpu/librelane/systolic_pe/runs/RUN_2026-06-24_01-59-44/tmp/25ce88c200e84617ba0650d3d561a544.lib -liberty /Users/aoxo/vscode/superfloat.gpu/librelane/systolic_pe/runs/RUN_2026-06-24_01-59-44/tmp/7b8c033d26de41b8b51761dccda8c33e.lib ",
   "modules": {
      "\\systolic_pe": {
         "num_wires":         1650,
         "num_wire_bits":     1798,
         "num_pub_wires":     21,
         "num_pub_wire_bits": 169,
         "num_ports":         11,
         "num_port_bits":     86,
         "num_memories":      0,
         "num_memory_bits":   0,
         "num_processes":     0,
         "num_cells":         1755,
         "num_submodules":       0,
         "area":              40.038400,
         "sequential_area":    0.000000,
         "num_cells_by_type": {
            "$_ANDNOT_": 616,
            "$_AND_": 43,
            "$_MUX_": 44,
            "$_NAND_": 57,
            "$_NOR_": 61,
            "$_NOT_": 82,
            "$_ORNOT_": 58,
            "$_OR_": 227,
            "$_SDFFE_PP0P_": 82,
            "$_XNOR_": 109,
            "$_XOR_": 374,
            "sky130_fd_sc_hd__fa_1": 2
         }
      }
   },
      "design": {
         "num_wires":         1650,
         "num_wire_bits":     1798,
         "num_pub_wires":     21,
         "num_pub_wire_bits": 169,
         "num_ports":         11,
         "num_port_bits":     86,
         "num_memories":      0,
         "num_memory_bits":   0,
         "num_processes":     0,
         "num_cells":         1755,
         "num_submodules":       0,
         "area":              40.038400,
         "sequential_area":    0.000000,
         "num_cells_by_type": {
            "$_ANDNOT_": 616,
            "$_AND_": 43,
            "$_MUX_": 44,
            "$_NAND_": 57,
            "$_NOR_": 61,
            "$_NOT_": 82,
            "$_ORNOT_": 58,
            "$_OR_": 227,
            "$_SDFFE_PP0P_": 82,
            "$_XNOR_": 109,
            "$_XOR_": 374,
            "sky130_fd_sc_hd__fa_1": 2
         }
      }
}

133. Printing statistics.

=== systolic_pe ===

        +----------Local Count, excluding submodules.
        |        +-Local Area, excluding submodules.
        |        | 
     1650        - wires
     1798        - wire bits
       21        - public wires
      169        - public wire bits
       11        - ports
       86        - port bits
     1755   40.038 cells
      616        -   $_ANDNOT_
       43        -   $_AND_
       44        -   $_MUX_
       57        -   $_NAND_
       61        -   $_NOR_
       82        -   $_NOT_
       58        -   $_ORNOT_
      227        -   $_OR_
       82        -   $_SDFFE_PP0P_
      109        -   $_XNOR_
      374        -   $_XOR_
        2   40.038   sky130_fd_sc_hd__fa_1

   Area for cell type $_ANDNOT_ is unknown!
   Area for cell type $_AND_ is unknown!
   Area for cell type $_MUX_ is unknown!
   Area for cell type $_NAND_ is unknown!
   Area for cell type $_NOR_ is unknown!
   Area for cell type $_NOT_ is unknown!
   Area for cell type $_ORNOT_ is unknown!
   Area for cell type $_OR_ is unknown!
   Area for cell type $_SDFFE_PP0P_ is unknown!
   Area for cell type $_XNOR_ is unknown!
   Area for cell type $_XOR_ is unknown!

   Chip area for module '\systolic_pe': 40.038400
     of which used for sequential elements: 0.000000 (0.00%)

[INFO] Applying tri-state buffer mapping from '/Users/aoxo/.ciel/ciel/sky130/versions/74c0e6b118a67d94c24172143d3bd597473fa63d/sky130A/libs.tech/librelane/sky130_fd_sc_hd/tribuff_map.v'…

134. Executing TECHMAP pass (map to technology primitives).

134.1. Executing Verilog-2005 frontend: /Users/aoxo/.ciel/ciel/sky130/versions/74c0e6b118a67d94c24172143d3bd597473fa63d/sky130A/libs.tech/librelane/sky130_fd_sc_hd/tribuff_map.v
Parsing Verilog input from `/Users/aoxo/.ciel/ciel/sky130/versions/74c0e6b118a67d94c24172143d3bd597473fa63d/sky130A/libs.tech/librelane/sky130_fd_sc_hd/tribuff_map.v' to AST representation.
Generating RTLIL representation for module `$_TBUF_'.
Successfully finished Verilog frontend.

134.2. Continuing TECHMAP pass.
No more expansions possible.
<suppressed ~3 debug messages>

135. Executing SIMPLEMAP pass (map simple cells to gate primitives).
[INFO] Applying latch mapping from '/Users/aoxo/.ciel/ciel/sky130/versions/74c0e6b118a67d94c24172143d3bd597473fa63d/sky130A/libs.tech/librelane/sky130_fd_sc_hd/latch_map.v'…

136. Executing TECHMAP pass (map to technology primitives).

136.1. Executing Verilog-2005 frontend: /Users/aoxo/.ciel/ciel/sky130/versions/74c0e6b118a67d94c24172143d3bd597473fa63d/sky130A/libs.tech/librelane/sky130_fd_sc_hd/latch_map.v
Parsing Verilog input from `/Users/aoxo/.ciel/ciel/sky130/versions/74c0e6b118a67d94c24172143d3bd597473fa63d/sky130A/libs.tech/librelane/sky130_fd_sc_hd/latch_map.v' to AST representation.
Generating RTLIL representation for module `$_DLATCH_P_'.
Generating RTLIL representation for module `$_DLATCH_N_'.
Successfully finished Verilog frontend.

136.2. Continuing TECHMAP pass.
No more expansions possible.
<suppressed ~4 debug messages>

137. Executing SIMPLEMAP pass (map simple cells to gate primitives).

138. Executing DFFLIBMAP pass (mapping DFF cells to sequential cells from liberty file).
  cell sky130_fd_sc_hd__dfxtp_2 (noninv, pins=3, area=21.27) is a direct match for cell type $_DFF_P_.
  cell sky130_fd_sc_hd__dfrtp_2 (noninv, pins=4, area=26.28) is a direct match for cell type $_DFF_PN0_.
  cell sky130_fd_sc_hd__dfstp_2 (noninv, pins=4, area=26.28) is a direct match for cell type $_DFF_PN1_.
  cell sky130_fd_sc_hd__dfbbn_2 (noninv, pins=6, area=35.03) is a direct match for cell type $_DFFSR_NNN_.
  final dff cell mappings:
    unmapped dff cell: $_DFF_N_
    \sky130_fd_sc_hd__dfxtp_2 _DFF_P_ (.CLK( C), .D( D), .Q( Q));
    unmapped dff cell: $_DFF_NN0_
    unmapped dff cell: $_DFF_NN1_
    unmapped dff cell: $_DFF_NP0_
    unmapped dff cell: $_DFF_NP1_
    \sky130_fd_sc_hd__dfrtp_2 _DFF_PN0_ (.CLK( C), .D( D), .Q( Q), .RESET_B( R));
    \sky130_fd_sc_hd__dfstp_2 _DFF_PN1_ (.CLK( C), .D( D), .Q( Q), .SET_B( R));
    unmapped dff cell: $_DFF_PP0_
    unmapped dff cell: $_DFF_PP1_
    unmapped dff cell: $_DFFE_NN_
    unmapped dff cell: $_DFFE_NP_
    unmapped dff cell: $_DFFE_PN_
    unmapped dff cell: $_DFFE_PP_
    \sky130_fd_sc_hd__dfbbn_2 _DFFSR_NNN_ (.CLK_N( C), .D( D), .Q( Q), .Q_N(~Q), .RESET_B( R), .SET_B( S));
    unmapped dff cell: $_DFFSR_NNP_
    unmapped dff cell: $_DFFSR_NPN_
    unmapped dff cell: $_DFFSR_NPP_
    unmapped dff cell: $_DFFSR_PNN_
    unmapped dff cell: $_DFFSR_PNP_
    unmapped dff cell: $_DFFSR_PPN_
    unmapped dff cell: $_DFFSR_PPP_

138.1. Executing DFFLEGALIZE pass (convert FFs to types supported by the target).
Mapping DFF cells in module `\systolic_pe':
  mapped 82 $_DFF_P_ cells to \sky130_fd_sc_hd__dfxtp_2 cells.
{
   "creator": "Yosys 0.66 (git sha1 7f8fdfd8d7bc08c749a2a969388d3425d4f369d5, clang++ 21.1.2 -fPIC -O3)",
   "invocation": "stat -json -liberty /Users/aoxo/vscode/superfloat.gpu/librelane/systolic_pe/runs/RUN_2026-06-24_01-59-44/tmp/ac3bc7ea830c4123b1681357bd5762a9.lib -liberty /Users/aoxo/vscode/superfloat.gpu/librelane/systolic_pe/runs/RUN_2026-06-24_01-59-44/tmp/29066d8a00a84f8aafd562bf447b463b.lib -liberty /Users/aoxo/vscode/superfloat.gpu/librelane/systolic_pe/runs/RUN_2026-06-24_01-59-44/tmp/ad5dceb68fc047ec9e89f6f0bc36308f.lib -liberty /Users/aoxo/vscode/superfloat.gpu/librelane/systolic_pe/runs/RUN_2026-06-24_01-59-44/tmp/7701b70ba1ab4559926f7bc70f9c30d7.lib -liberty /Users/aoxo/vscode/superfloat.gpu/librelane/systolic_pe/runs/RUN_2026-06-24_01-59-44/tmp/36e470d2ed444cd4a6835eeb026e7025.lib -liberty /Users/aoxo/vscode/superfloat.gpu/librelane/systolic_pe/runs/RUN_2026-06-24_01-59-44/tmp/52a8871367eb40c3a4bb0072af83cd23.lib -liberty /Users/aoxo/vscode/superfloat.gpu/librelane/systolic_pe/runs/RUN_2026-06-24_01-59-44/tmp/25ce88c200e84617ba0650d3d561a544.lib -liberty /Users/aoxo/vscode/superfloat.gpu/librelane/systolic_pe/runs/RUN_2026-06-24_01-59-44/tmp/7b8c033d26de41b8b51761dccda8c33e.lib ",
   "modules": {
      "\\systolic_pe": {
         "num_wires":         1814,
         "num_wire_bits":     1962,
         "num_pub_wires":     21,
         "num_pub_wire_bits": 169,
         "num_ports":         11,
         "num_port_bits":     86,
         "num_memories":      0,
         "num_memory_bits":   0,
         "num_processes":     0,
         "num_cells":         1919,
         "num_submodules":       0,
         "area":              1784.211200,
         "sequential_area":    1744.172800,
         "num_cells_by_type": {
            "$_ANDNOT_": 616,
            "$_AND_": 43,
            "$_MUX_": 208,
            "$_NAND_": 57,
            "$_NOR_": 61,
            "$_NOT_": 82,
            "$_ORNOT_": 58,
            "$_OR_": 227,
            "$_XNOR_": 109,
            "$_XOR_": 374,
            "sky130_fd_sc_hd__dfxtp_2": 82,
            "sky130_fd_sc_hd__fa_1": 2
         }
      }
   },
      "design": {
         "num_wires":         1814,
         "num_wire_bits":     1962,
         "num_pub_wires":     21,
         "num_pub_wire_bits": 169,
         "num_ports":         11,
         "num_port_bits":     86,
         "num_memories":      0,
         "num_memory_bits":   0,
         "num_processes":     0,
         "num_cells":         1919,
         "num_submodules":       0,
         "area":              1784.211200,
         "sequential_area":    1744.172800,
         "num_cells_by_type": {
            "$_ANDNOT_": 616,
            "$_AND_": 43,
            "$_MUX_": 208,
            "$_NAND_": 57,
            "$_NOR_": 61,
            "$_NOT_": 82,
            "$_ORNOT_": 58,
            "$_OR_": 227,
            "$_XNOR_": 109,
            "$_XOR_": 374,
            "sky130_fd_sc_hd__dfxtp_2": 82,
            "sky130_fd_sc_hd__fa_1": 2
         }
      }
}

139. Printing statistics.

=== systolic_pe ===

        +----------Local Count, excluding submodules.
        |        +-Local Area, excluding submodules.
        |        | 
     1814        - wires
     1962        - wire bits
       21        - public wires
      169        - public wire bits
       11        - ports
       86        - port bits
     1919 1.78E+03 cells
      616        -   $_ANDNOT_
       43        -   $_AND_
      208        -   $_MUX_
       57        -   $_NAND_
       61        -   $_NOR_
       82        -   $_NOT_
       58        -   $_ORNOT_
      227        -   $_OR_
      109        -   $_XNOR_
      374        -   $_XOR_
       82 1.74E+03   sky130_fd_sc_hd__dfxtp_2
        2   40.038   sky130_fd_sc_hd__fa_1

   Area for cell type $_ANDNOT_ is unknown!
   Area for cell type $_AND_ is unknown!
   Area for cell type $_MUX_ is unknown!
   Area for cell type $_NAND_ is unknown!
   Area for cell type $_NOR_ is unknown!
   Area for cell type $_NOT_ is unknown!
   Area for cell type $_ORNOT_ is unknown!
   Area for cell type $_OR_ is unknown!
   Area for cell type $_XNOR_ is unknown!
   Area for cell type $_XOR_ is unknown!

   Chip area for module '\systolic_pe': 1784.211200
     of which used for sequential elements: 1744.172800 (97.76%)

[INFO] Using generated ABC script '/Users/aoxo/vscode/superfloat.gpu/librelane/systolic_pe/runs/RUN_2026-06-24_01-59-44/06-yosys-synthesis/AREA_0.abc'…

140. Executing ABC pass (technology mapping using ABC).

140.1. Extracting gate netlist of module `\systolic_pe' to `/tmp/yosys-abc-r7h5L1/input.blif'..

140.1.1. Executed ABC.
Extracted 1835 gates and 1958 wires to a netlist network with 122 inputs and 97 outputs.
Running ABC script: /tmp/yosys-abc-r7h5L1/abc.script
ABC: ======== ABC command line "source /tmp/yosys-abc-r7h5L1/abc.script"
ABC: + read_blif /tmp/yosys-abc-r7h5L1/input.blif 
ABC: + read_scl /tmp/yosys-liberty-scl-cache/yosys_merged_63b2a731.scl 
ABC: Warning: Detected 2 multi-output cells (for example, "sky130_fd_sc_hd__fa_1").
ABC: + read_constr -v /Users/aoxo/vscode/superfloat.gpu/librelane/systolic_pe/runs/RUN_2026-06-24_01-59-44/06-yosys-synthesis/synthesis.abc.sdc 
ABC: Setting driving cell to be "sky130_fd_sc_hd__inv_2/Y".
ABC: Setting output load to be 33.442001.
ABC: + source /Users/aoxo/vscode/superfloat.gpu/librelane/systolic_pe/runs/RUN_2026-06-24_01-59-44/06-yosys-synthesis/AREA_0.abc 
ABC: Error: The network is combinational.
ABC: Cannot find the default PI driving cell (sky130_fd_sc_hd__inv_2/Y) in the library.
ABC: Cannot find the default PI driving cell (sky130_fd_sc_hd__inv_2/Y) in the library.
ABC: Cannot find the default PI driving cell (sky130_fd_sc_hd__inv_2/Y) in the library.
ABC: Cannot find the default PI driving cell (sky130_fd_sc_hd__inv_2/Y) in the library.
ABC: WireLoad = "none"  Gates =   1314 (  7.2 %)   Cap = 11.4 ff (  2.2 %)   Area =    13442.89 ( 92.4 %)   Delay =  4894.99 ps  ( 39.6 %)               
ABC: Path  0 --       3 : 0   12 pi                       A =   0.00  Df =   0.0   -0.0 ps  S =   0.0 ps  Cin =  0.0 ff  Cout =  58.8 ff  Cmax =   0.0 ff  G =    0  
ABC: Path  1 --     293 : 3    7 sky130_fd_sc_hd__a21o_4  A =  15.01  Df = 213.0  -87.9 ps  S =  67.4 ps  Cin =  4.5 ff  Cout =  19.5 ff  Cmax = 568.6 ff  G =  411  
ABC: Path  2 --     312 : 1    8 sky130_fd_sc_hd__buf_6   A =  11.26  Df = 340.0 -102.0 ps  S =  51.5 ps  Cin =  4.6 ff  Cout =  19.5 ff  Cmax = 785.5 ff  G =  405  
ABC: Path  3 --     562 : 5    1 sky130_fd_sc_hd__a32o_2  A =  11.26  Df = 610.1   -0.9 ps  S =  75.1 ps  Cin =  2.3 ff  Cout =   8.5 ff  Cmax = 264.6 ff  G =  349  
ABC: Path  4 --     563 : 2    2 sky130_fd_sc_hd__xor2_2  A =  16.27  Df = 793.0  -26.3 ps  S = 171.7 ps  Cin =  8.6 ff  Cout =  10.0 ff  Cmax = 130.0 ff  G =  112  
ABC: Path  5 --     564 : 2    2 sky130_fd_sc_hd__xor2_2  A =  16.27  Df =1036.7 -101.9 ps  S = 213.0 ps  Cin =  8.6 ff  Cout =  13.6 ff  Cmax = 130.0 ff  G =  153  
ABC: Path  6 --     568 : 3    2 sky130_fd_sc_hd__a21oi_2 A =   8.76  Df =1141.2  -20.1 ps  S = 166.9 ps  Cin =  4.6 ff  Cout =  10.9 ff  Cmax = 128.2 ff  G =  229  
ABC: Path  7 --     571 : 2    2 sky130_fd_sc_hd__xor2_2  A =  16.27  Df =1430.2  -37.4 ps  S = 215.5 ps  Cin =  8.6 ff  Cout =  13.9 ff  Cmax = 130.0 ff  G =  156  
ABC: Path  8 --     599 : 2    2 sky130_fd_sc_hd__xor2_2  A =  16.27  Df =1676.1  -44.7 ps  S = 207.9 ps  Cin =  8.6 ff  Cout =  13.1 ff  Cmax = 130.0 ff  G =  146  
ABC: Path  9 --     600 : 2    2 sky130_fd_sc_hd__xor2_2  A =  16.27  Df =1931.6  -15.3 ps  S = 209.2 ps  Cin =  8.6 ff  Cout =  13.5 ff  Cmax = 130.0 ff  G =  152  
ABC: Path 10 --     647 : 2    1 sky130_fd_sc_hd__xnor2_2 A =  16.27  Df =2112.9  -80.2 ps  S =  97.1 ps  Cin =  8.5 ff  Cout =   2.5 ff  Cmax = 121.8 ff  G =   27  
ABC: Path 11 --     648 : 4    1 sky130_fd_sc_hd__a31o_2  A =   8.76  Df =2317.1 -139.9 ps  S =  37.3 ps  Cin =  2.4 ff  Cout =   2.6 ff  Cmax = 271.9 ff  G =  104  
ABC: Path 12 --     651 : 4    1 sky130_fd_sc_hd__or4_4   A =  11.26  Df =2807.5 -405.2 ps  S =  77.9 ps  Cin =  2.4 ff  Cout =   2.4 ff  Cmax = 534.7 ff  G =   99  
ABC: Path 13 --     652 : 4    1 sky130_fd_sc_hd__o211a_2 A =  10.01  Df =2951.1 -271.9 ps  S =  78.4 ps  Cin =  2.4 ff  Cout =   9.6 ff  Cmax = 268.3 ff  G =  387  
ABC: Path 14 --     658 : 3    3 sky130_fd_sc_hd__o21ai_4 A =  16.27  Df =3114.6 -267.2 ps  S = 131.9 ps  Cin =  8.8 ff  Cout =  10.0 ff  Cmax = 224.3 ff  G =  108  
ABC: Path 15 --     713 : 5    2 sky130_fd_sc_hd__a32o_2  A =  11.26  Df =3346.1  -28.3 ps  S = 102.2 ps  Cin =  2.3 ff  Cout =  13.6 ff  Cmax = 264.6 ff  G =  561  
ABC: Path 16 --     813 : 3    4 sky130_fd_sc_hd__a21oi_2 A =   8.76  Df =3527.6  -94.6 ps  S = 201.9 ps  Cin =  4.6 ff  Cout =  14.3 ff  Cmax = 128.2 ff  G =  296  
ABC: Path 17 --    1138 : 4    2 sky130_fd_sc_hd__o31a_2  A =  10.01  Df =3785.1  -77.8 ps  S =  56.7 ps  Cin =  2.3 ff  Cout =   4.9 ff  Cmax = 285.7 ff  G =  202  
ABC: Path 18 --    1170 : 5    4 sky130_fd_sc_hd__a41o_2  A =  11.26  Df =4048.0 -136.5 ps  S =  72.6 ps  Cin =  2.3 ff  Cout =  10.0 ff  Cmax = 325.0 ff  G =  414  
ABC: Path 19 --    1198 : 3    1 sky130_fd_sc_hd__and3_2  A =   7.51  Df =4217.1 -145.1 ps  S =  41.9 ps  Cin =  1.5 ff  Cout =   2.6 ff  Cmax = 309.5 ff  G =  163  
ABC: Path 20 --    1200 : 3    1 sky130_fd_sc_hd__or3b_4  A =  11.26  Df =4614.4 -144.3 ps  S =  76.2 ps  Cin =  2.1 ff  Cout =   9.7 ff  Cmax = 469.7 ff  G =  440  
ABC: Path 21 --    1201 : 3    1 sky130_fd_sc_hd__a21oi_4 A =  16.27  Df =4895.0 -333.1 ps  S = 275.1 ps  Cin =  8.8 ff  Cout =  33.4 ff  Cmax = 221.6 ff  G =  379  
ABC: Start-point = pi2 (\r2_mantissa [1]).  End-point = po39 ($auto$rtlil.cc:3501:MuxGate$6244).
ABC: netlist                       : i/o =  122/   97  lat =    0  nd =  1314  edge =   3323  area =13445.76  delay =24.00  lev = 24
ABC: + write_blif /tmp/yosys-abc-r7h5L1/output.blif 

140.1.2. Re-integrating ABC results.
ABC RESULTS:   sky130_fd_sc_hd__a2111o_2 cells:        2
ABC RESULTS:   sky130_fd_sc_hd__a211o_2 cells:        3
ABC RESULTS:   sky130_fd_sc_hd__a211oi_2 cells:        3
ABC RESULTS:   sky130_fd_sc_hd__a21bo_2 cells:        1
ABC RESULTS:   sky130_fd_sc_hd__a21boi_2 cells:        8
ABC RESULTS:   sky130_fd_sc_hd__a21o_2 cells:       42
ABC RESULTS:   sky130_fd_sc_hd__a21o_4 cells:        1
ABC RESULTS:   sky130_fd_sc_hd__a21oi_2 cells:       55
ABC RESULTS:   sky130_fd_sc_hd__a21oi_4 cells:        2
ABC RESULTS:   sky130_fd_sc_hd__a221o_2 cells:        2
ABC RESULTS:   sky130_fd_sc_hd__a22o_2 cells:       94
ABC RESULTS:   sky130_fd_sc_hd__a311o_2 cells:        2
ABC RESULTS:   sky130_fd_sc_hd__a31o_2 cells:        7
ABC RESULTS:   sky130_fd_sc_hd__a32o_2 cells:       46
ABC RESULTS:   sky130_fd_sc_hd__a41o_2 cells:        1
ABC RESULTS:   sky130_fd_sc_hd__and2_2 cells:       91
ABC RESULTS:   sky130_fd_sc_hd__and2_4 cells:        1
ABC RESULTS:   sky130_fd_sc_hd__and2b_2 cells:       21
ABC RESULTS:   sky130_fd_sc_hd__and3_2 cells:       11
ABC RESULTS:   sky130_fd_sc_hd__and3b_2 cells:        2
ABC RESULTS:   sky130_fd_sc_hd__and4_2 cells:        3
ABC RESULTS:   sky130_fd_sc_hd__and4_4 cells:        1
ABC RESULTS:   sky130_fd_sc_hd__and4b_2 cells:        3
ABC RESULTS:   sky130_fd_sc_hd__and4bb_2 cells:        1
ABC RESULTS:   sky130_fd_sc_hd__buf_1 cells:       48
ABC RESULTS:   sky130_fd_sc_hd__buf_2 cells:       19
ABC RESULTS:   sky130_fd_sc_hd__buf_6 cells:        1
ABC RESULTS:   sky130_fd_sc_hd__inv_2 cells:       25
ABC RESULTS:   sky130_fd_sc_hd__inv_4 cells:        1
ABC RESULTS:   sky130_fd_sc_hd__inv_6 cells:        1
ABC RESULTS:   sky130_fd_sc_hd__mux2_2 cells:        2
ABC RESULTS:   sky130_fd_sc_hd__nand2_2 cells:       83
ABC RESULTS:   sky130_fd_sc_hd__nand2b_2 cells:        5
ABC RESULTS:   sky130_fd_sc_hd__nand3_2 cells:        5
ABC RESULTS:   sky130_fd_sc_hd__nand3b_2 cells:        1
ABC RESULTS:   sky130_fd_sc_hd__nand4_2 cells:        3
ABC RESULTS:   sky130_fd_sc_hd__nand4bb_2 cells:        1
ABC RESULTS:   sky130_fd_sc_hd__nor2_2 cells:       90
ABC RESULTS:   sky130_fd_sc_hd__nor2b_2 cells:        5
ABC RESULTS:   sky130_fd_sc_hd__nor3_2 cells:        3
ABC RESULTS:   sky130_fd_sc_hd__o211a_2 cells:       52
ABC RESULTS:   sky130_fd_sc_hd__o211ai_2 cells:        3
ABC RESULTS:   sky130_fd_sc_hd__o21a_2 cells:       23
ABC RESULTS:   sky130_fd_sc_hd__o21a_4 cells:        1
ABC RESULTS:   sky130_fd_sc_hd__o21ai_2 cells:       19
ABC RESULTS:   sky130_fd_sc_hd__o21ai_4 cells:        1
ABC RESULTS:   sky130_fd_sc_hd__o21ba_2 cells:        5
ABC RESULTS:   sky130_fd_sc_hd__o21bai_2 cells:        4
ABC RESULTS:   sky130_fd_sc_hd__o22a_2 cells:        3
ABC RESULTS:   sky130_fd_sc_hd__o2bb2a_2 cells:        7
ABC RESULTS:   sky130_fd_sc_hd__o311a_2 cells:        2
ABC RESULTS:   sky130_fd_sc_hd__o31a_2 cells:        7
ABC RESULTS:   sky130_fd_sc_hd__o31ai_2 cells:        3
ABC RESULTS:   sky130_fd_sc_hd__o32a_2 cells:        3
ABC RESULTS:   sky130_fd_sc_hd__o41a_2 cells:        1
ABC RESULTS:   sky130_fd_sc_hd__or2_2 cells:       93
ABC RESULTS:   sky130_fd_sc_hd__or2_4 cells:        1
ABC RESULTS:   sky130_fd_sc_hd__or2b_2 cells:       13
ABC RESULTS:   sky130_fd_sc_hd__or3_2 cells:        6
ABC RESULTS:   sky130_fd_sc_hd__or3b_2 cells:        9
ABC RESULTS:   sky130_fd_sc_hd__or3b_4 cells:        2
ABC RESULTS:   sky130_fd_sc_hd__or4_2 cells:        9
ABC RESULTS:   sky130_fd_sc_hd__or4_4 cells:        2
ABC RESULTS:   sky130_fd_sc_hd__xnor2_2 cells:      181
ABC RESULTS:   sky130_fd_sc_hd__xor2_2 cells:      167
ABC RESULTS:   sky130_fd_sc_hd__xor2_4 cells:        1
ABC RESULTS:        internal signals:     1739
ABC RESULTS:           input signals:      122
ABC RESULTS:          output signals:       97
Removing temp directory.
Removing global temp directory.

141. Executing SETUNDEF pass (replace undef values with defined constants).

142. Executing HILOMAP pass (mapping to constant drivers).

143. Executing SPLITNETS pass (splitting up multi-bit signals).

144. Executing OPT_CLEAN pass (remove unused cells and wires).
Finding unused cells or wires in module \systolic_pe..
Removed 0 unused cells and 1957 unused wires.
<suppressed ~33 debug messages>

145. Executing INSBUF pass (insert buffer cells for connected wires).
Add systolic_pe/$auto$insbuf.cc:97:execute$7792: \s1_sign_a -> \a_out [15]
Add systolic_pe/$auto$insbuf.cc:97:execute$7793: \r4_acc[0] -> \acc_out [0]
Add systolic_pe/$auto$insbuf.cc:97:execute$7794: \r4_acc[15] -> \acc_out [15]

146. Executing CHECK pass (checking for obvious problems).
Checking module systolic_pe...
Found and reported 0 problems.
{
   "creator": "Yosys 0.66 (git sha1 7f8fdfd8d7bc08c749a2a969388d3425d4f369d5, clang++ 21.1.2 -fPIC -O3)",
   "invocation": "stat -json -liberty /Users/aoxo/vscode/superfloat.gpu/librelane/systolic_pe/runs/RUN_2026-06-24_01-59-44/tmp/ac3bc7ea830c4123b1681357bd5762a9.lib -liberty /Users/aoxo/vscode/superfloat.gpu/librelane/systolic_pe/runs/RUN_2026-06-24_01-59-44/tmp/29066d8a00a84f8aafd562bf447b463b.lib -liberty /Users/aoxo/vscode/superfloat.gpu/librelane/systolic_pe/runs/RUN_2026-06-24_01-59-44/tmp/ad5dceb68fc047ec9e89f6f0bc36308f.lib -liberty /Users/aoxo/vscode/superfloat.gpu/librelane/systolic_pe/runs/RUN_2026-06-24_01-59-44/tmp/7701b70ba1ab4559926f7bc70f9c30d7.lib -liberty /Users/aoxo/vscode/superfloat.gpu/librelane/systolic_pe/runs/RUN_2026-06-24_01-59-44/tmp/36e470d2ed444cd4a6835eeb026e7025.lib -liberty /Users/aoxo/vscode/superfloat.gpu/librelane/systolic_pe/runs/RUN_2026-06-24_01-59-44/tmp/52a8871367eb40c3a4bb0072af83cd23.lib -liberty /Users/aoxo/vscode/superfloat.gpu/librelane/systolic_pe/runs/RUN_2026-06-24_01-59-44/tmp/25ce88c200e84617ba0650d3d561a544.lib -liberty /Users/aoxo/vscode/superfloat.gpu/librelane/systolic_pe/runs/RUN_2026-06-24_01-59-44/tmp/7b8c033d26de41b8b51761dccda8c33e.lib ",
   "modules": {
      "\\systolic_pe": {
         "num_wires":         1368,
         "num_wire_bits":     1443,
         "num_pub_wires":     62,
         "num_pub_wire_bits": 137,
         "num_ports":         11,
         "num_port_bits":     86,
         "num_memories":      0,
         "num_memory_bits":   0,
         "num_processes":     0,
         "num_cells":         1403,
         "num_submodules":       0,
         "area":              15249.625600,
         "sequential_area":    1744.172800,
         "num_cells_by_type": {
            "sky130_fd_sc_hd__a2111o_2": 2,
            "sky130_fd_sc_hd__a211o_2": 3,
            "sky130_fd_sc_hd__a211oi_2": 3,
            "sky130_fd_sc_hd__a21bo_2": 1,
            "sky130_fd_sc_hd__a21boi_2": 8,
            "sky130_fd_sc_hd__a21o_2": 42,
            "sky130_fd_sc_hd__a21o_4": 1,
            "sky130_fd_sc_hd__a21oi_2": 55,
            "sky130_fd_sc_hd__a21oi_4": 2,
            "sky130_fd_sc_hd__a221o_2": 2,
            "sky130_fd_sc_hd__a22o_2": 94,
            "sky130_fd_sc_hd__a311o_2": 2,
            "sky130_fd_sc_hd__a31o_2": 7,
            "sky130_fd_sc_hd__a32o_2": 46,
            "sky130_fd_sc_hd__a41o_2": 1,
            "sky130_fd_sc_hd__and2_2": 91,
            "sky130_fd_sc_hd__and2_4": 1,
            "sky130_fd_sc_hd__and2b_2": 21,
            "sky130_fd_sc_hd__and3_2": 11,
            "sky130_fd_sc_hd__and3b_2": 2,
            "sky130_fd_sc_hd__and4_2": 3,
            "sky130_fd_sc_hd__and4_4": 1,
            "sky130_fd_sc_hd__and4b_2": 3,
            "sky130_fd_sc_hd__and4bb_2": 1,
            "sky130_fd_sc_hd__buf_1": 48,
            "sky130_fd_sc_hd__buf_2": 22,
            "sky130_fd_sc_hd__buf_6": 1,
            "sky130_fd_sc_hd__conb_1": 2,
            "sky130_fd_sc_hd__dfxtp_2": 82,
            "sky130_fd_sc_hd__fa_1": 2,
            "sky130_fd_sc_hd__inv_2": 25,
            "sky130_fd_sc_hd__inv_4": 1,
            "sky130_fd_sc_hd__inv_6": 1,
            "sky130_fd_sc_hd__mux2_2": 2,
            "sky130_fd_sc_hd__nand2_2": 83,
            "sky130_fd_sc_hd__nand2b_2": 5,
            "sky130_fd_sc_hd__nand3_2": 5,
            "sky130_fd_sc_hd__nand3b_2": 1,
            "sky130_fd_sc_hd__nand4_2": 3,
            "sky130_fd_sc_hd__nand4bb_2": 1,
            "sky130_fd_sc_hd__nor2_2": 90,
            "sky130_fd_sc_hd__nor2b_2": 5,
            "sky130_fd_sc_hd__nor3_2": 3,
            "sky130_fd_sc_hd__o211a_2": 52,
            "sky130_fd_sc_hd__o211ai_2": 3,
            "sky130_fd_sc_hd__o21a_2": 23,
            "sky130_fd_sc_hd__o21a_4": 1,
            "sky130_fd_sc_hd__o21ai_2": 19,
            "sky130_fd_sc_hd__o21ai_4": 1,
            "sky130_fd_sc_hd__o21ba_2": 5,
            "sky130_fd_sc_hd__o21bai_2": 4,
            "sky130_fd_sc_hd__o22a_2": 3,
            "sky130_fd_sc_hd__o2bb2a_2": 7,
            "sky130_fd_sc_hd__o311a_2": 2,
            "sky130_fd_sc_hd__o31a_2": 7,
            "sky130_fd_sc_hd__o31ai_2": 3,
            "sky130_fd_sc_hd__o32a_2": 3,
            "sky130_fd_sc_hd__o41a_2": 1,
            "sky130_fd_sc_hd__or2_2": 93,
            "sky130_fd_sc_hd__or2_4": 1,
            "sky130_fd_sc_hd__or2b_2": 13,
            "sky130_fd_sc_hd__or3_2": 6,
            "sky130_fd_sc_hd__or3b_2": 9,
            "sky130_fd_sc_hd__or3b_4": 2,
            "sky130_fd_sc_hd__or4_2": 9,
            "sky130_fd_sc_hd__or4_4": 2,
            "sky130_fd_sc_hd__xnor2_2": 181,
            "sky130_fd_sc_hd__xor2_2": 167,
            "sky130_fd_sc_hd__xor2_4": 1
         }
      }
   },
      "design": {
         "num_wires":         1368,
         "num_wire_bits":     1443,
         "num_pub_wires":     62,
         "num_pub_wire_bits": 137,
         "num_ports":         11,
         "num_port_bits":     86,
         "num_memories":      0,
         "num_memory_bits":   0,
         "num_processes":     0,
         "num_cells":         1403,
         "num_submodules":       0,
         "area":              15249.625600,
         "sequential_area":    1744.172800,
         "num_cells_by_type": {
            "sky130_fd_sc_hd__a2111o_2": 2,
            "sky130_fd_sc_hd__a211o_2": 3,
            "sky130_fd_sc_hd__a211oi_2": 3,
            "sky130_fd_sc_hd__a21bo_2": 1,
            "sky130_fd_sc_hd__a21boi_2": 8,
            "sky130_fd_sc_hd__a21o_2": 42,
            "sky130_fd_sc_hd__a21o_4": 1,
            "sky130_fd_sc_hd__a21oi_2": 55,
            "sky130_fd_sc_hd__a21oi_4": 2,
            "sky130_fd_sc_hd__a221o_2": 2,
            "sky130_fd_sc_hd__a22o_2": 94,
            "sky130_fd_sc_hd__a311o_2": 2,
            "sky130_fd_sc_hd__a31o_2": 7,
            "sky130_fd_sc_hd__a32o_2": 46,
            "sky130_fd_sc_hd__a41o_2": 1,
            "sky130_fd_sc_hd__and2_2": 91,
            "sky130_fd_sc_hd__and2_4": 1,
            "sky130_fd_sc_hd__and2b_2": 21,
            "sky130_fd_sc_hd__and3_2": 11,
            "sky130_fd_sc_hd__and3b_2": 2,
            "sky130_fd_sc_hd__and4_2": 3,
            "sky130_fd_sc_hd__and4_4": 1,
            "sky130_fd_sc_hd__and4b_2": 3,
            "sky130_fd_sc_hd__and4bb_2": 1,
            "sky130_fd_sc_hd__buf_1": 48,
            "sky130_fd_sc_hd__buf_2": 22,
            "sky130_fd_sc_hd__buf_6": 1,
            "sky130_fd_sc_hd__conb_1": 2,
            "sky130_fd_sc_hd__dfxtp_2": 82,
            "sky130_fd_sc_hd__fa_1": 2,
            "sky130_fd_sc_hd__inv_2": 25,
            "sky130_fd_sc_hd__inv_4": 1,
            "sky130_fd_sc_hd__inv_6": 1,
            "sky130_fd_sc_hd__mux2_2": 2,
            "sky130_fd_sc_hd__nand2_2": 83,
            "sky130_fd_sc_hd__nand2b_2": 5,
            "sky130_fd_sc_hd__nand3_2": 5,
            "sky130_fd_sc_hd__nand3b_2": 1,
            "sky130_fd_sc_hd__nand4_2": 3,
            "sky130_fd_sc_hd__nand4bb_2": 1,
            "sky130_fd_sc_hd__nor2_2": 90,
            "sky130_fd_sc_hd__nor2b_2": 5,
            "sky130_fd_sc_hd__nor3_2": 3,
            "sky130_fd_sc_hd__o211a_2": 52,
            "sky130_fd_sc_hd__o211ai_2": 3,
            "sky130_fd_sc_hd__o21a_2": 23,
            "sky130_fd_sc_hd__o21a_4": 1,
            "sky130_fd_sc_hd__o21ai_2": 19,
            "sky130_fd_sc_hd__o21ai_4": 1,
            "sky130_fd_sc_hd__o21ba_2": 5,
            "sky130_fd_sc_hd__o21bai_2": 4,
            "sky130_fd_sc_hd__o22a_2": 3,
            "sky130_fd_sc_hd__o2bb2a_2": 7,
            "sky130_fd_sc_hd__o311a_2": 2,
            "sky130_fd_sc_hd__o31a_2": 7,
            "sky130_fd_sc_hd__o31ai_2": 3,
            "sky130_fd_sc_hd__o32a_2": 3,
            "sky130_fd_sc_hd__o41a_2": 1,
            "sky130_fd_sc_hd__or2_2": 93,
            "sky130_fd_sc_hd__or2_4": 1,
            "sky130_fd_sc_hd__or2b_2": 13,
            "sky130_fd_sc_hd__or3_2": 6,
            "sky130_fd_sc_hd__or3b_2": 9,
            "sky130_fd_sc_hd__or3b_4": 2,
            "sky130_fd_sc_hd__or4_2": 9,
            "sky130_fd_sc_hd__or4_4": 2,
            "sky130_fd_sc_hd__xnor2_2": 181,
            "sky130_fd_sc_hd__xor2_2": 167,
            "sky130_fd_sc_hd__xor2_4": 1
         }
      }
}

147. Printing statistics.

=== systolic_pe ===

        +----------Local Count, excluding submodules.
        |        +-Local Area, excluding submodules.
        |        | 
     1368        - wires
     1443        - wire bits
       62        - public wires
      137        - public wire bits
       11        - ports
       86        - port bits
     1403 1.52E+04 cells
        2   25.024   sky130_fd_sc_hd__a2111o_2
        3   30.029   sky130_fd_sc_hd__a211o_2
        3   37.536   sky130_fd_sc_hd__a211oi_2
        1    10.01   sky130_fd_sc_hd__a21bo_2
        8   90.086   sky130_fd_sc_hd__a21boi_2
       42  367.853   sky130_fd_sc_hd__a21o_2
        1   15.014   sky130_fd_sc_hd__a21o_4
       55  481.712   sky130_fd_sc_hd__a21oi_2
        2   32.531   sky130_fd_sc_hd__a21oi_4
        2   22.522   sky130_fd_sc_hd__a221o_2
       94  940.902   sky130_fd_sc_hd__a22o_2
        2   22.522   sky130_fd_sc_hd__a311o_2
        7   61.309   sky130_fd_sc_hd__a31o_2
       46  517.997   sky130_fd_sc_hd__a32o_2
        1   11.261   sky130_fd_sc_hd__a41o_2
       91  683.155   sky130_fd_sc_hd__and2_2
        1    8.758   sky130_fd_sc_hd__and2_4
       21  183.926   sky130_fd_sc_hd__and2b_2
       11   82.579   sky130_fd_sc_hd__and3_2
        2   20.019   sky130_fd_sc_hd__and3b_2
        3   30.029   sky130_fd_sc_hd__and4_2
        1   11.261   sky130_fd_sc_hd__and4_4
        3   33.782   sky130_fd_sc_hd__and4b_2
        1   12.512   sky130_fd_sc_hd__and4bb_2
       48  180.173   sky130_fd_sc_hd__buf_1
       22  110.106   sky130_fd_sc_hd__buf_2
        1   11.261   sky130_fd_sc_hd__buf_6
        2    7.507   sky130_fd_sc_hd__conb_1
       82 1.74E+03   sky130_fd_sc_hd__dfxtp_2
        2   40.038   sky130_fd_sc_hd__fa_1
       25    93.84   sky130_fd_sc_hd__inv_2
        1    6.256   sky130_fd_sc_hd__inv_4
        1    8.758   sky130_fd_sc_hd__inv_6
        2   22.522   sky130_fd_sc_hd__mux2_2
       83  519.248   sky130_fd_sc_hd__nand2_2
        5   43.792   sky130_fd_sc_hd__nand2b_2
        5   50.048   sky130_fd_sc_hd__nand3_2
        1   11.261   sky130_fd_sc_hd__nand3b_2
        3   37.536   sky130_fd_sc_hd__nand4_2
        1   16.266   sky130_fd_sc_hd__nand4bb_2
       90   563.04   sky130_fd_sc_hd__nor2_2
        5   43.792   sky130_fd_sc_hd__nor2b_2
        3   30.029   sky130_fd_sc_hd__nor3_2
       52  520.499   sky130_fd_sc_hd__o211a_2
        3   37.536   sky130_fd_sc_hd__o211ai_2
       23  201.443   sky130_fd_sc_hd__o21a_2
        1   15.014   sky130_fd_sc_hd__o21a_4
       19   166.41   sky130_fd_sc_hd__o21ai_2
        1   16.266   sky130_fd_sc_hd__o21ai_4
        5   50.048   sky130_fd_sc_hd__o21ba_2
        4   45.043   sky130_fd_sc_hd__o21bai_2
        3   30.029   sky130_fd_sc_hd__o22a_2
        7   78.826   sky130_fd_sc_hd__o2bb2a_2
        2   22.522   sky130_fd_sc_hd__o311a_2
        7   70.067   sky130_fd_sc_hd__o31a_2
        3   37.536   sky130_fd_sc_hd__o31ai_2
        3   33.782   sky130_fd_sc_hd__o32a_2
        1   12.512   sky130_fd_sc_hd__o41a_2
       93  581.808   sky130_fd_sc_hd__or2_2
        1    8.758   sky130_fd_sc_hd__or2_4
       13  113.859   sky130_fd_sc_hd__or2b_2
        6   45.043   sky130_fd_sc_hd__or3_2
        9   78.826   sky130_fd_sc_hd__or3b_2
        2   22.522   sky130_fd_sc_hd__or3b_4
        9   78.826   sky130_fd_sc_hd__or4_2
        2   22.522   sky130_fd_sc_hd__or4_4
      181 2.94E+03   sky130_fd_sc_hd__xnor2_2
      167 2.72E+03   sky130_fd_sc_hd__xor2_2
        1   27.526   sky130_fd_sc_hd__xor2_4

   Chip area for module '\systolic_pe': 15249.625600
     of which used for sequential elements: 1744.172800 (11.44%)

148. Executing Verilog backend.
Dumping module `\systolic_pe'.

149. Executing JSON backend.
