
===========================================================================
report_checks -unconstrained
===========================================================================
======================= max_ff_n40C_1v95 Corner ===================================

Startpoint: _261176_ (rising edge-triggered flip-flop clocked by clk)
Endpoint: data_mem_read_valid (output port clocked by clk)
Path Group: clk
Path Type: max

Fanout         Cap        Slew       Delay        Time   Description
---------------------------------------------------------------------------------------------
                                  0.000000    0.000000   clock clk (rise edge)
                                  0.000000    0.000000   clock source latency
     1    0.308435    0.000000    0.000000    0.000000 ^ clk (in)
                                                         clk (net)
                      0.464746    0.232373    0.232373 ^ clkbuf_0_clk/A (sky130_fd_sc_hd__clkbuf_16)
     2    0.015771    0.040369    0.131850    0.364223 ^ clkbuf_0_clk/X (sky130_fd_sc_hd__clkbuf_16)
                                                         clknet_0_clk (net)
                      0.040373    0.001064    0.365287 ^ clkbuf_1_1_0_clk/A (sky130_fd_sc_hd__clkbuf_8)
     1    0.030532    0.049826    0.099733    0.465020 ^ clkbuf_1_1_0_clk/X (sky130_fd_sc_hd__clkbuf_8)
                                                         clknet_1_1_0_clk (net)
                      0.050080    0.002776    0.467796 ^ clkbuf_1_1_1_clk/A (sky130_fd_sc_hd__clkbuf_8)
     1    0.029968    0.049162    0.101935    0.569731 ^ clkbuf_1_1_1_clk/X (sky130_fd_sc_hd__clkbuf_8)
                                                         clknet_1_1_1_clk (net)
                      0.049424    0.002796    0.572527 ^ clkbuf_1_1_2_clk/A (sky130_fd_sc_hd__clkbuf_8)
     1    0.026350    0.044773    0.098827    0.671354 ^ clkbuf_1_1_2_clk/X (sky130_fd_sc_hd__clkbuf_8)
                                                         clknet_1_1_2_clk (net)
                      0.045003    0.002280    0.673634 ^ clkbuf_1_1_3_clk/A (sky130_fd_sc_hd__clkbuf_8)
     1    0.030855    0.050069    0.100388    0.774022 ^ clkbuf_1_1_3_clk/X (sky130_fd_sc_hd__clkbuf_8)
                                                         clknet_1_1_3_clk (net)
                      0.050868    0.004924    0.778946 ^ clkbuf_1_1_4_clk/A (sky130_fd_sc_hd__clkbuf_8)
     2    0.021395    0.039510    0.094202    0.873148 ^ clkbuf_1_1_4_clk/X (sky130_fd_sc_hd__clkbuf_8)
                                                         clknet_1_1_4_clk (net)
                      0.039717    0.002086    0.875234 ^ clkbuf_2_2_0_clk/A (sky130_fd_sc_hd__clkbuf_8)
     1    0.029095    0.047975    0.097898    0.973132 ^ clkbuf_2_2_0_clk/X (sky130_fd_sc_hd__clkbuf_8)
                                                         clknet_2_2_0_clk (net)
                      0.048466    0.003750    0.976882 ^ clkbuf_2_2_1_clk/A (sky130_fd_sc_hd__clkbuf_8)
     1    0.030453    0.049592    0.101177    1.078059 ^ clkbuf_2_2_1_clk/X (sky130_fd_sc_hd__clkbuf_8)
                                                         clknet_2_2_1_clk (net)
                      0.050407    0.004952    1.083012 ^ clkbuf_2_2_2_clk/A (sky130_fd_sc_hd__clkbuf_8)
     2    0.027177    0.045632    0.098887    1.181899 ^ clkbuf_2_2_2_clk/X (sky130_fd_sc_hd__clkbuf_8)
                                                         clknet_2_2_2_clk (net)
                      0.046372    0.004508    1.186407 ^ clkbuf_3_5_0_clk/A (sky130_fd_sc_hd__clkbuf_8)
     1    0.032935    0.052765    0.103475    1.289882 ^ clkbuf_3_5_0_clk/X (sky130_fd_sc_hd__clkbuf_8)
                                                         clknet_3_5_0_clk (net)
                      0.053042    0.003001    1.292883 ^ clkbuf_3_5_1_clk/A (sky130_fd_sc_hd__clkbuf_8)
     2    0.039836    0.061089    0.110108    1.402991 ^ clkbuf_3_5_1_clk/X (sky130_fd_sc_hd__clkbuf_8)
                                                         clknet_3_5_1_clk (net)
                      0.061949    0.005707    1.408698 ^ clkbuf_4_11_0_clk/A (sky130_fd_sc_hd__clkbuf_8)
     2    0.047229    0.070360    0.119745    1.528443 ^ clkbuf_4_11_0_clk/X (sky130_fd_sc_hd__clkbuf_8)
                                                         clknet_4_11_0_clk (net)
                      0.070783    0.004346    1.532789 ^ clkbuf_5_23_0_clk/A (sky130_fd_sc_hd__clkbuf_8)
     8    0.149443    0.198521    0.203706    1.736495 ^ clkbuf_5_23_0_clk/X (sky130_fd_sc_hd__clkbuf_8)
                                                         clknet_5_23_0_clk (net)
                      0.202343    0.021965    1.758460 ^ clkbuf_8_191_0_clk/A (sky130_fd_sc_hd__clkbuf_8)
     4    0.049015    0.074593    0.148944    1.907405 ^ clkbuf_8_191_0_clk/X (sky130_fd_sc_hd__clkbuf_8)
                                                         clknet_8_191_0_clk (net)
                      0.075219    0.005406    1.912810 ^ clkbuf_10_766__f_clk/A (sky130_fd_sc_hd__clkbuf_16)
     5    0.074201    0.070463    0.125005    2.037815 ^ clkbuf_10_766__f_clk/X (sky130_fd_sc_hd__clkbuf_16)
                                                         clknet_10_766__leaf_clk (net)
                      0.071760    0.007522    2.045337 ^ clkbuf_leaf_1672_clk/A (sky130_fd_sc_hd__clkbuf_16)
     4    0.011925    0.026295    0.090235    2.135572 ^ clkbuf_leaf_1672_clk/X (sky130_fd_sc_hd__clkbuf_16)
                                                         clknet_leaf_1672_clk (net)
                      0.026296    0.000360    2.135933 ^ _261176_/CLK (sky130_fd_sc_hd__dfxtp_1)
     2    0.036290    0.257138    0.341745    2.477678 ^ _261176_/Q (sky130_fd_sc_hd__dfxtp_1)
                                                         net55523 (net)
                      0.257276    0.003320    2.480998 ^ output55523/A (sky130_fd_sc_hd__buf_2)
     1    0.019759    0.078670    0.137300    2.618297 ^ output55523/X (sky130_fd_sc_hd__buf_2)
                                                         data_mem_read_valid (net)
                      0.078831    0.002494    2.620791 ^ data_mem_read_valid (out)
                                              2.620791   data arrival time

                                 20.000000   20.000000   clock clk (rise edge)
                                  0.000000   20.000000   clock network delay (propagated)
                                 -0.250000   19.750002   clock uncertainty
                                  0.000000   19.750002   clock reconvergence pessimism
                                 -3.000000   16.750002   output external delay
                                             16.750002   data required time
---------------------------------------------------------------------------------------------
                                             16.750002   data required time
                                             -2.620791   data arrival time
---------------------------------------------------------------------------------------------
                                             14.129210   slack (MET)




===========================================================================
report_checks --slack_max -0.01
============================================================================
======================= max_ff_n40C_1v95 Corner ===================================

No paths found.


===========================================================================
 report_check_types -max_slew -max_cap -max_fanout -violators
============================================================================
======================= max_ff_n40C_1v95 Corner ===================================



===========================================================================
report_parasitic_annotation -report_unannotated
============================================================================
Found 1267 unannotated drivers.
 clkload0/X
 clkload1/X
 clkload10/X
 clkload100/X
 clkload1000/Y
 clkload1001/Y
 clkload1002/Y
 clkload1003/Y
 clkload1004/Y
 clkload1005/Y
 clkload1006/X
 clkload1007/Y
 clkload1008/X
 clkload1009/X
 clkload101/X
 clkload1010/Y
 clkload1011/X
 clkload1012/Y
 clkload1013/Y
 clkload1014/Y
 clkload1015/Y
 clkload1016/X
 clkload1017/Y
 clkload1018/Y
 clkload1019/Y
 clkload102/X
 clkload1020/Y
 clkload1021/Y
 clkload1022/Y
 clkload1023/Y
 clkload1024/Y
 clkload1025/Y
 clkload1026/Y
 clkload1027/Y
 clkload1028/Y
 clkload1029/Y
 clkload103/Y
 clkload1030/Y
 clkload1031/Y
 clkload1032/Y
 clkload1033/Y
 clkload1034/Y
 clkload1035/Y
 clkload1036/Y
 clkload1037/Y
 clkload1038/Y
 clkload1039/Y
 clkload104/X
 clkload1040/Y
 clkload1041/Y
 clkload1042/X
 clkload1043/X
 clkload1044/Y
 clkload1045/X
 clkload1046/X
 clkload1047/X
 clkload1048/Y
 clkload1049/Y
 clkload105/X
 clkload1050/Y
 clkload1051/Y
 clkload1052/X
 clkload1053/Y
 clkload1054/Y
 clkload1055/Y
 clkload1056/Y
 clkload1057/Y
 clkload1058/Y
 clkload1059/Y
 clkload106/X
 clkload1060/X
 clkload1061/Y
 clkload1062/Y
 clkload1063/Y
 clkload1064/Y
 clkload1065/Y
 clkload1066/Y
 clkload1067/Y
 clkload1068/Y
 clkload1069/Y
 clkload107/X
 clkload1070/Y
 clkload1071/Y
 clkload1072/Y
 clkload1073/Y
 clkload1074/Y
 clkload1075/Y
 clkload1076/Y
 clkload1077/Y
 clkload1078/Y
 clkload1079/Y
 clkload108/Y
 clkload1080/Y
 clkload1081/Y
 clkload1082/Y
 clkload1083/Y
 clkload1084/Y
 clkload1085/Y
 clkload1086/Y
 clkload1087/Y
 clkload1088/Y
 clkload1089/Y
 clkload109/X
 clkload1090/Y
 clkload1091/Y
 clkload1092/Y
 clkload1093/Y
 clkload1094/Y
 clkload1095/Y
 clkload1096/X
 clkload1097/Y
 clkload1098/Y
 clkload1099/Y
 clkload11/X
 clkload110/Y
 clkload1100/Y
 clkload1101/Y
 clkload1102/Y
 clkload1103/Y
 clkload1104/Y
 clkload1105/Y
 clkload1106/Y
 clkload1107/Y
 clkload1108/Y
 clkload1109/Y
 clkload111/Y
 clkload1110/Y
 clkload1111/Y
 clkload1112/Y
 clkload1113/Y
 clkload1114/Y
 clkload1115/Y
 clkload1116/Y
 clkload1117/Y
 clkload1118/Y
 clkload1119/Y
 clkload112/Y
 clkload1120/Y
 clkload1121/Y
 clkload1122/X
 clkload1123/Y
 clkload1124/Y
 clkload1125/Y
 clkload1126/Y
 clkload1127/Y
 clkload1128/Y
 clkload1129/Y
 clkload113/X
 clkload1130/Y
 clkload1131/Y
 clkload1132/Y
 clkload1133/Y
 clkload1134/Y
 clkload1135/Y
 clkload1136/Y
 clkload1137/Y
 clkload1138/Y
 clkload1139/Y
 clkload114/X
 clkload1140/Y
 clkload1141/Y
 clkload1142/Y
 clkload1143/Y
 clkload1144/Y
 clkload1145/Y
 clkload1146/Y
 clkload1147/X
 clkload1148/Y
 clkload1149/Y
 clkload115/X
 clkload1150/Y
 clkload1151/Y
 clkload1152/Y
 clkload1153/Y
 clkload1154/Y
 clkload1155/Y
 clkload1156/Y
 clkload1157/Y
 clkload1158/Y
 clkload1159/Y
 clkload116/X
 clkload1160/Y
 clkload1161/Y
 clkload1162/Y
 clkload1163/Y
 clkload1164/Y
 clkload1165/Y
 clkload1166/Y
 clkload1167/Y
 clkload1168/Y
 clkload1169/Y
 clkload117/X
 clkload1170/Y
 clkload1171/Y
 clkload1172/Y
 clkload1173/Y
 clkload1174/Y
 clkload1175/Y
 clkload1176/Y
 clkload1177/Y
 clkload1178/Y
 clkload1179/Y
 clkload118/X
 clkload1180/Y
 clkload1181/Y
 clkload1182/Y
 clkload1183/Y
 clkload1184/Y
 clkload1185/Y
 clkload1186/Y
 clkload1187/Y
 clkload1188/Y
 clkload1189/Y
 clkload119/X
 clkload1190/Y
 clkload1191/X
 clkload1192/Y
 clkload1193/Y
 clkload1194/Y
 clkload1195/Y
 clkload1196/Y
 clkload1197/Y
 clkload1198/Y
 clkload1199/Y
 clkload12/X
 clkload120/X
 clkload1200/Y
 clkload1201/Y
 clkload1202/Y
 clkload1203/Y
 clkload1204/Y
 clkload1205/Y
 clkload1206/Y
 clkload1207/Y
 clkload1208/Y
 clkload1209/Y
 clkload121/Y
 clkload1210/Y
 clkload1211/Y
 clkload1212/Y
 clkload1213/Y
 clkload1214/Y
 clkload1215/X
 clkload1216/Y
 clkload1217/X
 clkload1218/X
 clkload1219/Y
 clkload122/Y
 clkload1220/X
 clkload1221/Y
 clkload1222/Y
 clkload1223/Y
 clkload1224/Y
 clkload1225/Y
 clkload1226/Y
 clkload1227/Y
 clkload1228/Y
 clkload1229/Y
 clkload123/X
 clkload1230/Y
 clkload1231/Y
 clkload1232/Y
 clkload1233/Y
 clkload1234/Y
 clkload1235/Y
 clkload1236/Y
 clkload1237/Y
 clkload1238/Y
 clkload1239/Y
 clkload124/Y
 clkload1240/Y
 clkload1241/Y
 clkload1242/Y
 clkload1243/Y
 clkload1244/Y
 clkload1245/Y
 clkload1246/Y
 clkload1247/Y
 clkload1248/Y
 clkload1249/Y
 clkload125/X
 clkload1250/Y
 clkload1251/Y
 clkload1252/Y
 clkload1253/Y
 clkload1254/Y
 clkload1255/Y
 clkload1256/Y
 clkload1257/Y
 clkload1258/X
 clkload1259/Y
 clkload126/X
 clkload1260/Y
 clkload127/X
 clkload128/Y
 clkload129/Y
 clkload13/Y
 clkload130/X
 clkload131/Y
 clkload132/X
 clkload133/Y
 clkload134/X
 clkload135/X
 clkload136/X
 clkload137/Y
 clkload138/X
 clkload139/Y
 clkload14/X
 clkload140/X
 clkload141/X
 clkload142/Y
 clkload143/X
 clkload144/X
 clkload145/X
 clkload146/X
 clkload147/X
 clkload148/X
 clkload149/Y
 clkload15/X
 clkload150/X
 clkload151/X
 clkload152/X
 clkload153/Y
 clkload154/Y
 clkload155/Y
 clkload156/Y
 clkload157/Y
 clkload158/X
 clkload159/X
 clkload16/X
 clkload160/X
 clkload161/X
 clkload162/X
 clkload163/X
 clkload164/X
 clkload165/X
 clkload166/X
 clkload167/Y
 clkload168/X
 clkload169/X
 clkload17/X
 clkload170/X
 clkload171/X
 clkload172/Y
 clkload173/X
 clkload174/X
 clkload175/X
 clkload176/Y
 clkload177/X
 clkload178/Y
 clkload179/X
 clkload18/X
 clkload180/X
 clkload181/X
 clkload182/X
 clkload183/X
 clkload184/X
 clkload185/Y
 clkload186/X
 clkload187/X
 clkload188/X
 clkload189/X
 clkload19/X
 clkload190/X
 clkload191/X
 clkload192/X
 clkload193/X
 clkload194/Y
 clkload195/Y
 clkload196/X
 clkload197/X
 clkload198/X
 clkload199/X
 clkload2/X
 clkload20/Y
 clkload200/Y
 clkload201/Y
 clkload202/Y
 clkload203/Y
 clkload204/Y
 clkload205/X
 clkload206/X
 clkload207/Y
 clkload208/X
 clkload209/Y
 clkload21/X
 clkload210/X
 clkload211/X
 clkload212/X
 clkload213/X
 clkload214/X
 clkload215/X
 clkload216/X
 clkload217/Y
 clkload218/X
 clkload219/X
 clkload22/X
 clkload220/Y
 clkload221/Y
 clkload222/X
 clkload223/X
 clkload224/X
 clkload225/X
 clkload226/Y
 clkload227/X
 clkload228/X
 clkload229/Y
 clkload23/X
 clkload230/X
 clkload231/X
 clkload232/X
 clkload233/X
 clkload234/Y
 clkload235/X
 clkload236/Y
 clkload237/X
 clkload238/X
 clkload239/X
 clkload24/X
 clkload240/X
 clkload241/X
 clkload242/X
 clkload243/X
 clkload244/X
 clkload245/X
 clkload246/X
 clkload247/X
 clkload248/X
 clkload249/X
 clkload25/X
 clkload250/X
 clkload251/Y
 clkload252/Y
 clkload253/X
 clkload254/X
 clkload255/X
 clkload256/X
 clkload257/X
 clkload258/X
 clkload259/Y
 clkload26/X
 clkload260/X
 clkload261/X
 clkload262/X
 clkload263/X
 clkload264/Y
 clkload265/X
 clkload266/X
 clkload267/X
 clkload268/X
 clkload269/X
 clkload27/X
 clkload270/X
 clkload271/X
 clkload272/X
 clkload273/X
 clkload274/Y
 clkload275/X
 clkload276/X
 clkload277/X
 clkload278/Y
 clkload279/X
 clkload28/X
 clkload280/X
 clkload281/X
 clkload282/X
 clkload283/X
 clkload284/X
 clkload285/X
 clkload286/X
 clkload287/X
 clkload288/Y
 clkload289/X
 clkload29/X
 clkload290/X
 clkload291/X
 clkload292/X
 clkload293/X
 clkload294/X
 clkload295/X
 clkload296/X
 clkload297/X
 clkload298/X
 clkload299/X
 clkload3/X
 clkload30/X
 clkload300/Y
 clkload301/X
 clkload302/X
 clkload303/X
 clkload304/X
 clkload305/X
 clkload306/X
 clkload307/Y
 clkload308/X
 clkload309/X
 clkload31/Y
 clkload310/X
 clkload311/Y
 clkload312/Y
 clkload313/X
 clkload314/X
 clkload315/X
 clkload316/X
 clkload317/Y
 clkload318/X
 clkload319/X
 clkload32/X
 clkload320/X
 clkload321/X
 clkload322/X
 clkload323/X
 clkload324/Y
 clkload325/X
 clkload326/X
 clkload327/X
 clkload328/X
 clkload329/X
 clkload33/X
 clkload330/X
 clkload331/X
 clkload332/X
 clkload333/X
 clkload334/Y
 clkload335/X
 clkload336/X
 clkload337/X
 clkload338/X
 clkload339/X
 clkload34/X
 clkload340/X
 clkload341/X
 clkload342/X
 clkload343/X
 clkload344/X
 clkload345/X
 clkload346/X
 clkload347/X
 clkload348/X
 clkload349/X
 clkload35/X
 clkload350/X
 clkload351/X
 clkload352/X
 clkload353/X
 clkload354/X
 clkload355/X
 clkload356/X
 clkload357/X
 clkload358/X
 clkload359/X
 clkload36/X
 clkload360/X
 clkload361/X
 clkload362/X
 clkload363/X
 clkload364/X
 clkload365/X
 clkload366/X
 clkload367/X
 clkload368/X
 clkload369/X
 clkload37/X
 clkload370/X
 clkload371/X
 clkload372/X
 clkload373/X
 clkload374/X
 clkload375/X
 clkload376/X
 clkload377/Y
 clkload378/X
 clkload379/X
 clkload38/X
 clkload380/X
 clkload381/X
 clkload382/X
 clkload383/X
 clkload384/X
 clkload385/X
 clkload386/X
 clkload387/X
 clkload388/X
 clkload389/X
 clkload39/X
 clkload390/X
 clkload391/X
 clkload392/X
 clkload393/X
 clkload394/X
 clkload395/X
 clkload396/X
 clkload397/X
 clkload398/X
 clkload399/X
 clkload4/X
 clkload40/X
 clkload400/Y
 clkload401/X
 clkload402/X
 clkload403/X
 clkload404/Y
 clkload405/X
 clkload406/X
 clkload407/X
 clkload408/X
 clkload409/X
 clkload41/X
 clkload410/Y
 clkload411/X
 clkload412/X
 clkload413/X
 clkload414/X
 clkload415/X
 clkload416/X
 clkload417/Y
 clkload418/X
 clkload419/X
 clkload42/X
 clkload420/X
 clkload421/X
 clkload422/Y
 clkload423/X
 clkload424/X
 clkload425/Y
 clkload426/X
 clkload427/X
 clkload428/X
 clkload429/X
 clkload43/X
 clkload430/X
 clkload431/X
 clkload432/X
 clkload433/X
 clkload434/X
 clkload435/X
 clkload436/X
 clkload437/X
 clkload438/X
 clkload439/X
 clkload44/X
 clkload440/X
 clkload441/X
 clkload442/X
 clkload443/X
 clkload444/X
 clkload445/Y
 clkload446/X
 clkload447/Y
 clkload448/X
 clkload449/X
 clkload45/X
 clkload450/X
 clkload451/Y
 clkload452/Y
 clkload453/X
 clkload454/X
 clkload455/X
 clkload456/X
 clkload457/X
 clkload458/X
 clkload459/X
 clkload46/Y
 clkload460/X
 clkload461/X
 clkload462/X
 clkload463/X
 clkload464/X
 clkload465/X
 clkload466/Y
 clkload467/X
 clkload468/X
 clkload469/X
 clkload47/X
 clkload470/X
 clkload471/X
 clkload472/X
 clkload473/X
 clkload474/X
 clkload475/X
 clkload476/Y
 clkload477/X
 clkload478/X
 clkload479/X
 clkload48/Y
 clkload480/Y
 clkload481/X
 clkload482/X
 clkload483/X
 clkload484/X
 clkload485/X
 clkload486/X
 clkload487/X
 clkload488/X
 clkload489/X
 clkload49/X
 clkload490/X
 clkload491/X
 clkload492/X
 clkload493/X
 clkload494/X
 clkload495/X
 clkload496/Y
 clkload497/X
 clkload498/X
 clkload499/Y
 clkload5/X
 clkload50/X
 clkload500/X
 clkload501/X
 clkload502/X
 clkload503/X
 clkload504/X
 clkload505/X
 clkload506/X
 clkload507/X
 clkload508/X
 clkload509/X
 clkload51/X
 clkload510/X
 clkload511/X
 clkload512/X
 clkload513/X
 clkload514/X
 clkload515/X
 clkload516/X
 clkload517/X
 clkload518/X
 clkload519/X
 clkload52/X
 clkload520/X
 clkload521/X
 clkload522/X
 clkload523/X
 clkload524/Y
 clkload525/X
 clkload526/X
 clkload527/X
 clkload528/X
 clkload529/X
 clkload53/X
 clkload530/X
 clkload531/X
 clkload532/Y
 clkload533/Y
 clkload534/X
 clkload535/Y
 clkload536/X
 clkload537/Y
 clkload538/X
 clkload539/Y
 clkload54/X
 clkload540/Y
 clkload541/X
 clkload542/Y
 clkload543/X
 clkload544/X
 clkload545/Y
 clkload546/Y
 clkload547/Y
 clkload548/Y
 clkload549/Y
 clkload55/X
 clkload550/Y
 clkload551/X
 clkload552/Y
 clkload553/Y
 clkload554/X
 clkload555/Y
 clkload556/X
 clkload557/Y
 clkload558/X
 clkload559/Y
 clkload56/X
 clkload560/Y
 clkload561/Y
 clkload562/X
 clkload563/Y
 clkload564/Y
 clkload565/X
 clkload566/X
 clkload567/X
 clkload568/Y
 clkload569/Y
 clkload57/X
 clkload570/X
 clkload571/X
 clkload572/X
 clkload573/X
 clkload574/X
 clkload575/Y
 clkload576/X
 clkload577/X
 clkload578/Y
 clkload579/Y
 clkload58/X
 clkload580/Y
 clkload581/Y
 clkload582/Y
 clkload583/Y
 clkload584/Y
 clkload585/X
 clkload586/X
 clkload587/Y
 clkload588/X
 clkload589/Y
 clkload59/X
 clkload590/X
 clkload591/Y
 clkload592/Y
 clkload593/Y
 clkload594/Y
 clkload595/Y
 clkload596/Y
 clkload597/X
 clkload598/X
 clkload599/X
 clkload6/Y
 clkload60/X
 clkload600/Y
 clkload601/Y
 clkload602/Y
 clkload603/Y
 clkload604/X
 clkload605/Y
 clkload606/X
 clkload607/X
 clkload608/Y
 clkload609/X
 clkload61/X
 clkload610/X
 clkload611/X
 clkload612/X
 clkload613/Y
 clkload614/X
 clkload615/Y
 clkload616/Y
 clkload617/Y
 clkload618/X
 clkload619/Y
 clkload62/Y
 clkload620/X
 clkload621/X
 clkload622/X
 clkload623/Y
 clkload624/X
 clkload625/Y
 clkload626/X
 clkload627/Y
 clkload628/X
 clkload629/X
 clkload63/X
 clkload630/X
 clkload631/X
 clkload632/Y
 clkload633/X
 clkload634/Y
 clkload635/Y
 clkload636/X
 clkload637/X
 clkload638/Y
 clkload639/Y
 clkload64/Y
 clkload640/Y
 clkload641/Y
 clkload642/Y
 clkload643/X
 clkload644/X
 clkload645/Y
 clkload646/X
 clkload647/X
 clkload648/X
 clkload649/Y
 clkload65/Y
 clkload650/Y
 clkload651/X
 clkload652/X
 clkload653/Y
 clkload654/Y
 clkload655/X
 clkload656/X
 clkload657/Y
 clkload658/X
 clkload659/X
 clkload66/X
 clkload660/X
 clkload661/Y
 clkload662/Y
 clkload663/Y
 clkload664/Y
 clkload665/Y
 clkload666/Y
 clkload667/Y
 clkload668/Y
 clkload669/X
 clkload67/X
 clkload670/X
 clkload671/Y
 clkload672/Y
 clkload673/Y
 clkload674/X
 clkload675/X
 clkload676/X
 clkload677/Y
 clkload678/X
 clkload679/X
 clkload68/X
 clkload680/X
 clkload681/X
 clkload682/X
 clkload683/Y
 clkload684/Y
 clkload685/X
 clkload686/Y
 clkload687/Y
 clkload688/X
 clkload689/Y
 clkload69/X
 clkload690/Y
 clkload691/Y
 clkload692/X
 clkload693/X
 clkload694/Y
 clkload695/X
 clkload696/X
 clkload697/X
 clkload698/Y
 clkload699/X
 clkload7/X
 clkload70/X
 clkload700/X
 clkload701/X
 clkload702/X
 clkload703/Y
 clkload704/X
 clkload705/Y
 clkload706/X
 clkload707/X
 clkload708/Y
 clkload709/X
 clkload71/X
 clkload710/Y
 clkload711/X
 clkload712/Y
 clkload713/Y
 clkload714/Y
 clkload715/X
 clkload716/X
 clkload717/X
 clkload718/Y
 clkload719/X
 clkload72/Y
 clkload720/X
 clkload721/X
 clkload722/X
 clkload723/Y
 clkload724/Y
 clkload725/Y
 clkload726/Y
 clkload727/Y
 clkload728/Y
 clkload729/Y
 clkload73/X
 clkload730/Y
 clkload731/Y
 clkload732/Y
 clkload733/Y
 clkload734/Y
 clkload735/Y
 clkload736/Y
 clkload737/X
 clkload738/X
 clkload739/X
 clkload74/X
 clkload740/Y
 clkload741/Y
 clkload742/X
 clkload743/Y
 clkload744/Y
 clkload745/Y
 clkload746/Y
 clkload747/Y
 clkload748/X
 clkload749/Y
 clkload75/X
 clkload750/Y
 clkload751/Y
 clkload752/Y
 clkload753/Y
 clkload754/Y
 clkload755/Y
 clkload756/Y
 clkload757/Y
 clkload758/Y
 clkload759/Y
 clkload76/X
 clkload760/Y
 clkload761/Y
 clkload762/Y
 clkload763/Y
 clkload764/X
 clkload765/Y
 clkload766/Y
 clkload767/Y
 clkload768/X
 clkload769/Y
 clkload77/X
 clkload770/Y
 clkload771/Y
 clkload772/Y
 clkload773/Y
 clkload774/Y
 clkload775/Y
 clkload776/Y
 clkload777/Y
 clkload778/Y
 clkload779/X
 clkload78/X
 clkload780/X
 clkload781/X
 clkload782/Y
 clkload783/X
 clkload784/Y
 clkload785/Y
 clkload786/Y
 clkload787/Y
 clkload788/Y
 clkload789/Y
 clkload79/X
 clkload790/Y
 clkload791/Y
 clkload792/Y
 clkload793/Y
 clkload794/Y
 clkload795/Y
 clkload796/Y
 clkload797/Y
 clkload798/Y
 clkload799/X
 clkload8/X
 clkload80/X
 clkload800/Y
 clkload801/Y
 clkload802/Y
 clkload803/Y
 clkload804/Y
 clkload805/Y
 clkload806/Y
 clkload807/Y
 clkload808/Y
 clkload809/Y
 clkload81/X
 clkload810/Y
 clkload811/Y
 clkload812/Y
 clkload813/Y
 clkload814/Y
 clkload815/Y
 clkload816/Y
 clkload817/Y
 clkload818/Y
 clkload819/Y
 clkload82/X
 clkload820/Y
 clkload821/Y
 clkload822/X
 clkload823/Y
 clkload824/Y
 clkload825/Y
 clkload826/Y
 clkload827/Y
 clkload828/Y
 clkload829/Y
 clkload83/X
 clkload830/Y
 clkload831/Y
 clkload832/Y
 clkload833/Y
 clkload834/Y
 clkload835/Y
 clkload836/Y
 clkload837/Y
 clkload838/Y
 clkload839/Y
 clkload84/X
 clkload840/Y
 clkload841/Y
 clkload842/Y
 clkload843/Y
 clkload844/Y
 clkload845/Y
 clkload846/Y
 clkload847/Y
 clkload848/Y
 clkload849/Y
 clkload85/X
 clkload850/Y
 clkload851/Y
 clkload852/Y
 clkload853/Y
 clkload854/Y
 clkload855/Y
 clkload856/Y
 clkload857/Y
 clkload858/Y
 clkload859/Y
 clkload86/X
 clkload860/Y
 clkload861/Y
 clkload862/Y
 clkload863/Y
 clkload864/Y
 clkload865/Y
 clkload866/Y
 clkload867/Y
 clkload868/Y
 clkload869/Y
 clkload87/X
 clkload870/Y
 clkload871/X
 clkload872/Y
 clkload873/Y
 clkload874/X
 clkload875/Y
 clkload876/Y
 clkload877/Y
 clkload878/Y
 clkload879/Y
 clkload88/X
 clkload880/Y
 clkload881/Y
 clkload882/Y
 clkload883/Y
 clkload884/Y
 clkload885/Y
 clkload886/Y
 clkload887/Y
 clkload888/Y
 clkload889/Y
 clkload89/X
 clkload890/Y
 clkload891/Y
 clkload892/Y
 clkload893/Y
 clkload894/Y
 clkload895/Y
 clkload896/Y
 clkload897/Y
 clkload898/Y
 clkload899/Y
 clkload9/Y
 clkload90/X
 clkload900/Y
 clkload901/Y
 clkload902/Y
 clkload903/Y
 clkload904/Y
 clkload905/Y
 clkload906/Y
 clkload907/Y
 clkload908/Y
 clkload909/Y
 clkload91/X
 clkload910/Y
 clkload911/Y
 clkload912/Y
 clkload913/Y
 clkload914/Y
 clkload915/Y
 clkload916/Y
 clkload917/Y
 clkload918/Y
 clkload919/Y
 clkload92/X
 clkload920/X
 clkload921/Y
 clkload922/Y
 clkload923/Y
 clkload924/Y
 clkload925/Y
 clkload926/Y
 clkload927/Y
 clkload928/Y
 clkload929/Y
 clkload93/X
 clkload930/Y
 clkload931/Y
 clkload932/Y
 clkload933/Y
 clkload934/Y
 clkload935/Y
 clkload936/Y
 clkload937/Y
 clkload938/Y
 clkload939/Y
 clkload94/Y
 clkload940/Y
 clkload941/Y
 clkload942/Y
 clkload943/Y
 clkload944/Y
 clkload945/Y
 clkload946/Y
 clkload947/Y
 clkload948/X
 clkload949/X
 clkload95/X
 clkload950/Y
 clkload951/Y
 clkload952/Y
 clkload953/Y
 clkload954/Y
 clkload955/Y
 clkload956/Y
 clkload957/Y
 clkload958/Y
 clkload959/Y
 clkload96/X
 clkload960/Y
 clkload961/Y
 clkload962/Y
 clkload963/Y
 clkload964/Y
 clkload965/Y
 clkload966/Y
 clkload967/Y
 clkload968/Y
 clkload969/Y
 clkload97/X
 clkload970/Y
 clkload971/Y
 clkload972/Y
 clkload973/Y
 clkload974/Y
 clkload975/Y
 clkload976/Y
 clkload977/Y
 clkload978/Y
 clkload979/Y
 clkload98/X
 clkload980/Y
 clkload981/Y
 clkload982/Y
 clkload983/Y
 clkload984/Y
 clkload985/Y
 clkload986/Y
 clkload987/Y
 clkload988/Y
 clkload989/Y
 clkload99/X
 clkload990/Y
 clkload991/Y
 clkload992/Y
 clkload993/Y
 clkload994/Y
 clkload995/Y
 clkload996/Y
 clkload997/Y
 clkload998/Y
 clkload999/Y
 core_tile/HI
 core_tile_72051/HI
 core_tile_72052/HI
 core_tile_72053/HI
 core_tile_72054/HI
 core_tile_72055/HI
Found 0 partially unannotated drivers.

===========================================================================
max slew violation count 0
max fanout violation count 0
max cap violation count 0
============================================================================

===========================================================================
check_setup -verbose -unconstrained_endpoints -multiple_clock -no_clock -no_input_delay -loops -generated_clocks
===========================================================================
