Clock: clk
Sources: clk 
Generated: no
Virtual: yes
Propagated: no
Period: 20.000000

===========================================================================
report_clock_properties
============================================================================
Clock                   Period          Waveform
----------------------------------------------------
clk                  20.000000    0.000000 10.000000

===========================================================================
report_clock_latency
============================================================================
Clock clk
rise -> rise
    min     max
0.000000 0.000000 source latency
1.994561         network latency _254974_/CLK
        2.275632 network latency _261836_/CLK
---------------
1.994561 2.275632 latency
        0.281071 skew

fall -> fall
    min     max
0.000000 0.000000 source latency
2.109607         network latency _254974_/CLK
        2.386250 network latency _261836_/CLK
---------------
2.109607 2.386250 latency
        0.276644 skew



===========================================================================
report_clock_min_period
============================================================================
clk period_min = 5.78 fmax = 173.11
