
===========================================================================
report_checks -unconstrained
===========================================================================
======================= nom_ss_100C_1v60 Corner ===================================

Startpoint: _2686_ (rising edge-triggered flip-flop clocked by clk)
Endpoint: _2691_ (rising edge-triggered flip-flop clocked by clk)
Path Group: clk
Path Type: max

Fanout         Cap        Slew       Delay        Time   Description
---------------------------------------------------------------------------------------------
                                  0.000000    0.000000   clock clk (rise edge)
                                  0.000000    0.000000   clock source latency
     1    0.029081    0.213456    0.147696    0.147696 ^ clk (in)
                                                         clk (net)
                      0.213473    0.000000    0.147696 ^ clkbuf_0_clk/A (sky130_fd_sc_hd__clkbuf_16)
    16    0.108761    0.189075    0.388033    0.535729 ^ clkbuf_0_clk/X (sky130_fd_sc_hd__clkbuf_16)
                                                         clknet_0_clk (net)
                      0.189086    0.001905    0.537635 ^ clkbuf_4_11_0_clk/A (sky130_fd_sc_hd__clkbuf_8)
     7    0.035368    0.118621    0.323629    0.861264 ^ clkbuf_4_11_0_clk/X (sky130_fd_sc_hd__clkbuf_8)
                                                         clknet_4_11_0_clk (net)
                      0.118625    0.000873    0.862137 ^ _2686_/CLK (sky130_fd_sc_hd__dfxtp_2)
     3    0.018053    0.159318    0.751996    1.614133 ^ _2686_/Q (sky130_fd_sc_hd__dfxtp_2)
                                                         r3_prod_sign (net)
                      0.159321    0.000992    1.615125 ^ _2334_/B1_N (sky130_fd_sc_hd__o21ba_2)
     3    0.016991    0.120951    0.395828    2.010954 v _2334_/X (sky130_fd_sc_hd__o21ba_2)
                                                         _0324_ (net)
                      0.120955    0.000824    2.011778 v _2335_/A4 (sky130_fd_sc_hd__o41a_2)
     2    0.007984    0.139018    0.793748    2.805526 v _2335_/X (sky130_fd_sc_hd__o41a_2)
                                                         _0325_ (net)
                      0.139018    0.000261    2.805787 v _2336_/B (sky130_fd_sc_hd__or2_2)
     5    0.017897    0.187030    0.765839    3.571627 v _2336_/X (sky130_fd_sc_hd__or2_2)
                                                         _0326_ (net)
                      0.187030    0.000669    3.572295 v _2337_/C (sky130_fd_sc_hd__or3_2)
     3    0.008463    0.198781    1.071332    4.643627 v _2337_/X (sky130_fd_sc_hd__or3_2)
                                                         _0327_ (net)
                      0.198781    0.000269    4.643897 v _2338_/C (sky130_fd_sc_hd__or3_2)
     2    0.005749    0.185672    1.047862    5.691758 v _2338_/X (sky130_fd_sc_hd__or3_2)
                                                         _0328_ (net)
                      0.185672    0.000178    5.691936 v _2354_/B (sky130_fd_sc_hd__and2_2)
     1    0.008474    0.094240    0.484052    6.175988 v _2354_/X (sky130_fd_sc_hd__and2_2)
                                                         _0344_ (net)
                      0.094240    0.000246    6.176234 v _2355_/B (sky130_fd_sc_hd__xnor2_2)
     2    0.007153    0.116883    0.260753    6.436987 v _2355_/Y (sky130_fd_sc_hd__xnor2_2)
                                                         _0345_ (net)
                      0.116883    0.000152    6.437139 v _2356_/B (sky130_fd_sc_hd__and2_2)
     3    0.012521    0.110963    0.471308    6.908447 v _2356_/X (sky130_fd_sc_hd__and2_2)
                                                         _0346_ (net)
                      0.110963    0.000135    6.908583 v _2404_/A (sky130_fd_sc_hd__or2_2)
     2    0.010673    0.151036    0.741936    7.650519 v _2404_/X (sky130_fd_sc_hd__or2_2)
                                                         _0394_ (net)
                      0.151036    0.000198    7.650717 v _2405_/B1_N (sky130_fd_sc_hd__o21ba_2)
     2    0.010980    0.128101    0.559121    8.209838 ^ _2405_/X (sky130_fd_sc_hd__o21ba_2)
                                                         _0395_ (net)
                      0.128101    0.000300    8.210137 ^ _2408_/A2 (sky130_fd_sc_hd__o21bai_2)
     2    0.008470    0.134387    0.165099    8.375237 v _2408_/Y (sky130_fd_sc_hd__o21bai_2)
                                                         _0398_ (net)
                      0.134387    0.000220    8.375457 v _2410_/A2 (sky130_fd_sc_hd__a21oi_2)
     2    0.010253    0.250103    0.329970    8.705427 ^ _2410_/Y (sky130_fd_sc_hd__a21oi_2)
                                                         _0400_ (net)
                      0.250103    0.000278    8.705705 ^ _2411_/B1 (sky130_fd_sc_hd__a21oi_2)
     3    0.014075    0.156660    0.165194    8.870899 v _2411_/Y (sky130_fd_sc_hd__a21oi_2)
                                                         _0401_ (net)
                      0.156660    0.000460    8.871359 v _2413_/A2 (sky130_fd_sc_hd__a21oi_2)
     2    0.014406    0.320178    0.393452    9.264812 ^ _2413_/Y (sky130_fd_sc_hd__a21oi_2)
                                                         _0403_ (net)
                      0.320178    0.000320    9.265131 ^ _2414_/A2 (sky130_fd_sc_hd__a21oi_2)
     2    0.010176    0.129354    0.234455    9.499586 v _2414_/Y (sky130_fd_sc_hd__a21oi_2)
                                                         _0404_ (net)
                      0.129354    0.000297    9.499883 v _2441_/S (sky130_fd_sc_hd__mux2_2)
     1    0.005383    0.092650    0.472486    9.972369 ^ _2441_/X (sky130_fd_sc_hd__mux2_2)
                                                         _0431_ (net)
                      0.092650    0.000165    9.972534 ^ _2442_/B1 (sky130_fd_sc_hd__o31ai_2)
     2    0.016533    0.195179    0.212016   10.184550 v _2442_/Y (sky130_fd_sc_hd__o31ai_2)
                                                         _0432_ (net)
                      0.195179    0.000404   10.184955 v place201/A (sky130_fd_sc_hd__buf_1)
     8    0.025245    0.289020    0.402443   10.587397 v place201/X (sky130_fd_sc_hd__buf_1)
                                                         net201 (net)
                      0.289022    0.001244   10.588641 v place200/A (sky130_fd_sc_hd__buf_1)
     8    0.030471    0.346348    0.480961   11.069602 v place200/X (sky130_fd_sc_hd__buf_1)
                                                         net200 (net)
                      0.346353    0.001815   11.071418 v _2468_/A (sky130_fd_sc_hd__or3_2)
     1    0.003461    0.165835    1.203173   12.274590 v _2468_/X (sky130_fd_sc_hd__or3_2)
                                                         _0455_ (net)
                      0.165835    0.000108   12.274699 v _2469_/B2 (sky130_fd_sc_hd__a22o_2)
     1    0.002093    0.061846    0.436499   12.711198 v _2469_/X (sky130_fd_sc_hd__a22o_2)
                                                         _0456_ (net)
                      0.061846    0.000060   12.711257 v _2470_/B (sky130_fd_sc_hd__and2_2)
     1    0.002812    0.070107    0.385976   13.097233 v _2470_/X (sky130_fd_sc_hd__and2_2)
                                                         _0457_ (net)
                      0.070107    0.000083   13.097317 v _2691_/D (sky130_fd_sc_hd__dfxtp_2)
                                             13.097317   data arrival time

                                 20.000000   20.000000   clock clk (rise edge)
                                  0.000000   20.000000   clock source latency
     1    0.029081    0.213456    0.147697   20.147697 ^ clk (in)
                                                         clk (net)
                      0.213473    0.000000   20.147697 ^ clkbuf_0_clk/A (sky130_fd_sc_hd__clkbuf_16)
    16    0.108761    0.189075    0.388033   20.535730 ^ clkbuf_0_clk/X (sky130_fd_sc_hd__clkbuf_16)
                                                         clknet_0_clk (net)
                      0.189423    0.005477   20.541206 ^ clkbuf_4_15_0_clk/A (sky130_fd_sc_hd__clkbuf_8)
     6    0.022959    0.090548    0.297264   20.838470 ^ clkbuf_4_15_0_clk/X (sky130_fd_sc_hd__clkbuf_8)
                                                         clknet_4_15_0_clk (net)
                      0.090550    0.000576   20.839046 ^ _2691_/CLK (sky130_fd_sc_hd__dfxtp_2)
                                 -0.200000   20.639046   clock uncertainty
                                  0.000000   20.639046   clock reconvergence pessimism
                                 -0.268865   20.370182   library setup time
                                             20.370182   data required time
---------------------------------------------------------------------------------------------
                                             20.370182   data required time
                                            -13.097317   data arrival time
---------------------------------------------------------------------------------------------
                                              7.272866   slack (MET)




===========================================================================
report_checks --slack_max -0.01
============================================================================
======================= nom_ss_100C_1v60 Corner ===================================

No paths found.


===========================================================================
 report_check_types -max_slew -max_cap -max_fanout -violators
============================================================================
======================= nom_ss_100C_1v60 Corner ===================================

max fanout

Pin                                   Limit Fanout  Slack
---------------------------------------------------------
clkbuf_0_clk/X                            8     16     -8 (VIOLATED)



===========================================================================
report_parasitic_annotation -report_unannotated
============================================================================
Found 17 unannotated drivers.
 _2620__402/HI
 _2621_/SUM
 _2621__401/HI
 clkload0/X
 clkload1/X
 clkload10/X
 clkload11/X
 clkload12/X
 clkload13/X
 clkload2/X
 clkload3/X
 clkload4/X
 clkload5/X
 clkload6/X
 clkload7/X
 clkload8/X
 clkload9/X
Found 0 partially unannotated drivers.

===========================================================================
max slew violation count 0
max fanout violation count 1
max cap violation count 0
============================================================================

===========================================================================
check_setup -verbose -unconstrained_endpoints -multiple_clock -no_clock -no_input_delay -loops -generated_clocks
===========================================================================
