Clock: clk
Sources: clk 
Generated: no
Virtual: yes
Propagated: no
Period: 20.000000

===========================================================================
report_clock_properties
============================================================================
Clock                   Period          Waveform
----------------------------------------------------
clk                  20.000000    0.000000 10.000000

===========================================================================
report_clock_latency
============================================================================
Clock clk
rise -> rise
    min     max
0.000000 0.000000 source latency
0.823845         network latency _2659_/CLK
        0.862968 network latency _2638_/CLK
---------------
0.823845 0.862968 latency
        0.039123 skew

fall -> fall
    min     max
0.000000 0.000000 source latency
0.726307         network latency _2659_/CLK
        0.758137 network latency _2638_/CLK
---------------
0.726307 0.758137 latency
        0.031830 skew



===========================================================================
report_clock_min_period
============================================================================
clk period_min = 12.73 fmax = 78.57
