Clock: clk
Sources: gpio_in[38] 
Generated: no
Virtual: yes
Propagated: no
Period: 20.000000

===========================================================================
report_clock_properties
============================================================================
Clock                   Period          Waveform
----------------------------------------------------
clk                  20.000000    0.000000 10.000000

===========================================================================
report_clock_latency
============================================================================
Clock clk
rise -> rise
    min     max
0.000000 0.000000 source latency
3.125249         network latency _4125_/CLK
        4.437789 network latency _4236_/CLK
---------------
3.125249 4.437789 latency
        1.312540 skew

fall -> fall
    min     max
0.000000 0.000000 source latency
1.384990         network latency chip.gpu_inst.tiles[0].tile/clk
        4.800922 network latency _4236_/CLK
---------------
1.384990 4.800922 latency
        3.415932 skew



===========================================================================
report_clock_min_period
============================================================================
clk period_min = 5.51 fmax = 181.54
