Clock: clk
Sources: gpio_in[38] 
Generated: no
Virtual: yes
Propagated: no
Period: 20.000000

===========================================================================
report_clock_properties
============================================================================
Clock                   Period          Waveform
----------------------------------------------------
clk                  20.000000    0.000000 10.000000

===========================================================================
report_clock_latency
============================================================================
Clock clk
rise -> rise
    min     max
0.000000 0.000000 source latency
3.105678         network latency _3807_/CLK
        5.071680 network latency _4236_/CLK
---------------
3.105678 5.071680 latency
        1.966002 skew

fall -> fall
    min     max
0.000000 0.000000 source latency
3.427346         network latency _3807_/CLK
        5.531301 network latency _4236_/CLK
---------------
3.427346 5.531301 latency
        2.103955 skew



===========================================================================
report_clock_min_period
============================================================================
clk period_min = 6.12 fmax = 163.48
