Clock: clk
Sources: clk 
Generated: no
Virtual: yes
Propagated: no
Period: 20.000000

===========================================================================
report_clock_properties
============================================================================
Clock                   Period          Waveform
----------------------------------------------------
clk                  20.000000    0.000000 10.000000

===========================================================================
report_clock_latency
============================================================================
Clock clk
rise -> rise
    min     max
0.000000 0.000000 source latency
2.564071         network latency _196098_/CLK
        2.996297 network latency _194918_/CLK
---------------
2.564071 2.996297 latency
        0.432226 skew

fall -> fall
    min     max
0.000000 0.000000 source latency
2.656306         network latency _196098_/CLK
        3.023086 network latency _194918_/CLK
---------------
2.656306 3.023086 latency
        0.366780 skew



===========================================================================
report_clock_min_period
============================================================================
clk period_min = 9.32 fmax = 107.25
