
===========================================================================
report_checks -unconstrained
===========================================================================
======================= min_ff_n40C_1v95 Corner ===================================

Startpoint: _215033_ (rising edge-triggered flip-flop clocked by clk)
Endpoint: _215334_ (rising edge-triggered flip-flop clocked by clk)
Path Group: clk
Path Type: max

Fanout         Cap        Slew       Delay        Time   Description
---------------------------------------------------------------------------------------------
                                  0.000000    0.000000   clock clk (rise edge)
                                  0.000000    0.000000   clock source latency
     2    0.217297    0.000000    0.000000    0.000000 ^ clk (in)
                                                         clk (net)
                      0.237983    0.118991    0.118991 ^ clkbuf_0_clk/A (sky130_fd_sc_hd__clkbuf_16)
     2    0.015582    0.033755    0.121381    0.240373 ^ clkbuf_0_clk/X (sky130_fd_sc_hd__clkbuf_16)
                                                         clknet_0_clk (net)
                      0.033755    0.000217    0.240590 ^ clkbuf_1_1_0_clk/A (sky130_fd_sc_hd__clkbuf_8)
     1    0.024853    0.042954    0.093203    0.333793 ^ clkbuf_1_1_0_clk/X (sky130_fd_sc_hd__clkbuf_8)
                                                         clknet_1_1_0_clk (net)
                      0.043126    0.001867    0.335660 ^ clkbuf_1_1_1_clk/A (sky130_fd_sc_hd__clkbuf_8)
     1    0.025503    0.043736    0.096191    0.431851 ^ clkbuf_1_1_1_clk/X (sky130_fd_sc_hd__clkbuf_8)
                                                         clknet_1_1_1_clk (net)
                      0.043950    0.002339    0.434190 ^ clkbuf_1_1_2_clk/A (sky130_fd_sc_hd__clkbuf_8)
     1    0.022442    0.040749    0.093411    0.527601 ^ clkbuf_1_1_2_clk/X (sky130_fd_sc_hd__clkbuf_8)
                                                         clknet_1_1_2_clk (net)
                      0.040906    0.001998    0.529599 ^ clkbuf_1_1_3_clk/A (sky130_fd_sc_hd__clkbuf_8)
     1    0.021478    0.039578    0.091556    0.621156 ^ clkbuf_1_1_3_clk/X (sky130_fd_sc_hd__clkbuf_8)
                                                         clknet_1_1_3_clk (net)
                      0.039731    0.001929    0.623084 ^ clkbuf_1_1_4_clk/A (sky130_fd_sc_hd__clkbuf_8)
     2    0.019398    0.036884    0.089640    0.712724 ^ clkbuf_1_1_4_clk/X (sky130_fd_sc_hd__clkbuf_8)
                                                         clknet_1_1_4_clk (net)
                      0.036896    0.000636    0.713360 ^ clkbuf_2_3_0_clk/A (sky130_fd_sc_hd__clkbuf_8)
     1    0.022570    0.040648    0.091899    0.805260 ^ clkbuf_2_3_0_clk/X (sky130_fd_sc_hd__clkbuf_8)
                                                         clknet_2_3_0_clk (net)
                      0.040757    0.001444    0.806704 ^ clkbuf_2_3_1_clk/A (sky130_fd_sc_hd__clkbuf_8)
     1    0.024914    0.043045    0.095343    0.902047 ^ clkbuf_2_3_1_clk/X (sky130_fd_sc_hd__clkbuf_8)
                                                         clknet_2_3_1_clk (net)
                      0.043204    0.001749    0.903796 ^ clkbuf_2_3_2_clk/A (sky130_fd_sc_hd__clkbuf_8)
     2    0.024874    0.043028    0.095972    0.999768 ^ clkbuf_2_3_2_clk/X (sky130_fd_sc_hd__clkbuf_8)
                                                         clknet_2_3_2_clk (net)
                      0.043145    0.001498    1.001267 ^ clkbuf_3_7_0_clk/A (sky130_fd_sc_hd__clkbuf_8)
     1    0.026583    0.045000    0.097809    1.099076 ^ clkbuf_3_7_0_clk/X (sky130_fd_sc_hd__clkbuf_8)
                                                         clknet_3_7_0_clk (net)
                      0.045023    0.000958    1.100034 ^ clkbuf_3_7_1_clk/A (sky130_fd_sc_hd__clkbuf_8)
     2    0.028793    0.047748    0.099780    1.199814 ^ clkbuf_3_7_1_clk/X (sky130_fd_sc_hd__clkbuf_8)
                                                         clknet_3_7_1_clk (net)
                      0.047921    0.002231    1.202045 ^ clkbuf_4_15_0_clk/A (sky130_fd_sc_hd__clkbuf_8)
     2    0.040574    0.061904    0.111676    1.313721 ^ clkbuf_4_15_0_clk/X (sky130_fd_sc_hd__clkbuf_8)
                                                         clknet_4_15_0_clk (net)
                      0.061972    0.001224    1.314945 ^ clkbuf_5_31_0_clk/A (sky130_fd_sc_hd__clkbuf_8)
     8    0.149946    0.198582    0.205866    1.520812 ^ clkbuf_5_31_0_clk/X (sky130_fd_sc_hd__clkbuf_8)
                                                         clknet_5_31_0_clk (net)
                      0.199354    0.010122    1.530934 ^ clkbuf_8_252_0_clk/A (sky130_fd_sc_hd__clkbuf_8)
     4    0.046121    0.070817    0.148256    1.679190 ^ clkbuf_8_252_0_clk/X (sky130_fd_sc_hd__clkbuf_8)
                                                         clknet_8_252_0_clk (net)
                      0.070827    0.000866    1.680056 ^ clkbuf_10_1009__f_clk/A (sky130_fd_sc_hd__clkbuf_16)
     5    0.051005    0.053151    0.114198    1.794254 ^ clkbuf_10_1009__f_clk/X (sky130_fd_sc_hd__clkbuf_16)
                                                         clknet_10_1009__leaf_clk (net)
                      0.053158    0.000627    1.794881 ^ clkbuf_leaf_2228_clk/A (sky130_fd_sc_hd__clkbuf_16)
     4    0.015131    0.028008    0.087555    1.882436 ^ clkbuf_leaf_2228_clk/X (sky130_fd_sc_hd__clkbuf_16)
                                                         clknet_leaf_2228_clk (net)
                      0.028008    0.000176    1.882612 ^ _215033_/CLK (sky130_fd_sc_hd__dfxtp_1)
     3    0.014633    0.108276    0.240476    2.123088 ^ _215033_/Q (sky130_fd_sc_hd__dfxtp_1)
                                                         core_instance.data_mem_read_address[0][0] (net)
                      0.108276    0.000096    2.123184 ^ place42475/A (sky130_fd_sc_hd__buf_6)
     8    0.039165    0.064755    0.103778    2.226962 ^ place42475/X (sky130_fd_sc_hd__buf_6)
                                                         net42475 (net)
                      0.064824    0.001304    2.228266 ^ place42474/A (sky130_fd_sc_hd__buf_6)
     7    0.054949    0.087186    0.111693    2.339959 ^ place42474/X (sky130_fd_sc_hd__buf_6)
                                                         net42474 (net)
                      0.087659    0.005159    2.345118 ^ place42473/A (sky130_fd_sc_hd__buf_6)
     8    0.034207    0.057652    0.095998    2.441116 ^ place42473/X (sky130_fd_sc_hd__buf_6)
                                                         net42473 (net)
                      0.057652    0.000231    2.441346 ^ _173119_/B_N (sky130_fd_sc_hd__nor2b_1)
     2    0.008551    0.128372    0.136138    2.577484 ^ _173119_/Y (sky130_fd_sc_hd__nor2b_1)
                                                         _011359_ (net)
                      0.128372    0.000092    2.577577 ^ place39411/A (sky130_fd_sc_hd__buf_6)
     2    0.033780    0.057696    0.100574    2.678150 ^ place39411/X (sky130_fd_sc_hd__buf_6)
                                                         net39411 (net)
                      0.057861    0.002448    2.680598 ^ wire52036/A (sky130_fd_sc_hd__clkbuf_2)
     1    0.030132    0.128354    0.142080    2.822678 ^ wire52036/X (sky130_fd_sc_hd__clkbuf_2)
                                                         net52036 (net)
                      0.128362    0.000831    2.823510 ^ wire52035/A (sky130_fd_sc_hd__buf_6)
     1    0.033382    0.056969    0.100558    2.924068 ^ wire52035/X (sky130_fd_sc_hd__buf_6)
                                                         net52035 (net)
                      0.057027    0.001445    2.925512 ^ wire52034/A (sky130_fd_sc_hd__buf_4)
     1    0.035430    0.079003    0.113149    3.038661 ^ wire52034/X (sky130_fd_sc_hd__buf_4)
                                                         net52034 (net)
                      0.079289    0.003826    3.042487 ^ wire52033/A (sky130_fd_sc_hd__buf_6)
     2    0.036026    0.060301    0.095460    3.137947 ^ wire52033/X (sky130_fd_sc_hd__buf_6)
                                                         net52033 (net)
                      0.060628    0.003530    3.141477 ^ wire52032/A (sky130_fd_sc_hd__buf_4)
     1    0.008291    0.026910    0.076193    3.217669 ^ wire52032/X (sky130_fd_sc_hd__buf_4)
                                                         net52032 (net)
                      0.026914    0.000302    3.217972 ^ wire70093/A (sky130_fd_sc_hd__clkbuf_4)
     2    0.031969    0.079087    0.120453    3.338424 ^ wire70093/X (sky130_fd_sc_hd__clkbuf_4)
                                                         net70093 (net)
                      0.079156    0.001883    3.340307 ^ wire52031/A (sky130_fd_sc_hd__clkbuf_2)
     1    0.018971    0.083374    0.116025    3.456332 ^ wire52031/X (sky130_fd_sc_hd__clkbuf_2)
                                                         net52031 (net)
                      0.083400    0.001200    3.457533 ^ wire52030/A (sky130_fd_sc_hd__buf_6)
     1    0.007735    0.022521    0.067263    3.524796 ^ wire52030/X (sky130_fd_sc_hd__buf_6)
                                                         net52030 (net)
                      0.022524    0.000260    3.525056 ^ wire69930/A (sky130_fd_sc_hd__clkbuf_4)
     2    0.036621    0.089347    0.125590    3.650647 ^ wire69930/X (sky130_fd_sc_hd__clkbuf_4)
                                                         net69930 (net)
                      0.089517    0.003147    3.653794 ^ wire52029/A (sky130_fd_sc_hd__clkbuf_2)
     1    0.022084    0.095950    0.126757    3.780550 ^ wire52029/X (sky130_fd_sc_hd__clkbuf_2)
                                                         net52029 (net)
                      0.095981    0.001420    3.781971 ^ wire52028/A (sky130_fd_sc_hd__buf_6)
     1    0.034642    0.058368    0.097672    3.879642 ^ wire52028/X (sky130_fd_sc_hd__buf_6)
                                                         net52028 (net)
                      0.058406    0.001195    3.880837 ^ place39410/A (sky130_fd_sc_hd__buf_6)
     1    0.016966    0.033761    0.073567    3.954404 ^ place39410/X (sky130_fd_sc_hd__buf_6)
                                                         net39410 (net)
                      0.033792    0.000928    3.955332 ^ wire51307/A (sky130_fd_sc_hd__buf_4)
     1    0.004352    0.019607    0.062758    4.018090 ^ wire51307/X (sky130_fd_sc_hd__buf_4)
                                                         net51307 (net)
                      0.019612    0.000062    4.018152 ^ wire69641/A (sky130_fd_sc_hd__buf_4)
     3    0.042239    0.092365    0.112947    4.131099 ^ wire69641/X (sky130_fd_sc_hd__buf_4)
                                                         net69641 (net)
                      0.092523    0.003102    4.134201 ^ wire51306/A (sky130_fd_sc_hd__clkbuf_2)
     1    0.021251    0.092634    0.125139    4.259340 ^ wire51306/X (sky130_fd_sc_hd__clkbuf_2)
                                                         net51306 (net)
                      0.092663    0.001352    4.260693 ^ wire51305/A (sky130_fd_sc_hd__buf_6)
     2    0.025879    0.046148    0.088538    4.349230 ^ wire51305/X (sky130_fd_sc_hd__buf_6)
                                                         net51305 (net)
                      0.046148    0.000206    4.349436 ^ wire69517/A (sky130_fd_sc_hd__buf_4)
     3    0.042923    0.093858    0.120984    4.470420 ^ wire69517/X (sky130_fd_sc_hd__buf_4)
                                                         net69517 (net)
                      0.094012    0.003089    4.473509 ^ place39409/A (sky130_fd_sc_hd__buf_6)
     1    0.007118    0.022056    0.068151    4.541660 ^ place39409/X (sky130_fd_sc_hd__buf_6)
                                                         net39409 (net)
                      0.022056    0.000194    4.541854 ^ wire50688/A (sky130_fd_sc_hd__clkbuf_4)
     2    0.032032    0.079489    0.118552    4.660407 ^ wire50688/X (sky130_fd_sc_hd__clkbuf_4)
                                                         net50688 (net)
                      0.079644    0.002815    4.663221 ^ wire50686/A (sky130_fd_sc_hd__clkbuf_2)
     1    0.026699    0.114652    0.137616    4.800837 ^ wire50686/X (sky130_fd_sc_hd__clkbuf_2)
                                                         net50686 (net)
                      0.114655    0.000492    4.801329 ^ wire50685/A (sky130_fd_sc_hd__buf_6)
     1    0.005177    0.020117    0.068691    4.870020 ^ wire50685/X (sky130_fd_sc_hd__buf_6)
                                                         net50685 (net)
                      0.020117    0.000072    4.870092 ^ wire69358/A (sky130_fd_sc_hd__buf_4)
     3    0.044282    0.096409    0.115906    4.985998 ^ wire69358/X (sky130_fd_sc_hd__buf_4)
                                                         net69358 (net)
                      0.096599    0.003471    4.989469 ^ wire50684/A (sky130_fd_sc_hd__buf_4)
     2    0.038893    0.086092    0.127079    5.116548 ^ wire50684/X (sky130_fd_sc_hd__buf_4)
                                                         net50684 (net)
                      0.086242    0.002904    5.119452 ^ wire50683/A (sky130_fd_sc_hd__buf_4)
     1    0.002953    0.018520    0.072534    5.191986 ^ wire50683/X (sky130_fd_sc_hd__buf_4)
                                                         net50683 (net)
                      0.018520    0.000027    5.192013 ^ wire69310/A (sky130_fd_sc_hd__buf_4)
     2    0.046169    0.100004    0.118952    5.310964 ^ wire69310/X (sky130_fd_sc_hd__buf_4)
                                                         net69310 (net)
                      0.100029    0.001301    5.312265 ^ place39408/A (sky130_fd_sc_hd__buf_6)
     6    0.087899    0.133368    0.151749    5.464014 ^ place39408/X (sky130_fd_sc_hd__buf_6)
                                                         net39408 (net)
                      0.133423    0.002225    5.466239 ^ place39401/A (sky130_fd_sc_hd__buf_6)
     1    0.032678    0.056066    0.100266    5.566505 ^ place39401/X (sky130_fd_sc_hd__buf_6)
                                                         net39401 (net)
                      0.056082    0.000928    5.567433 ^ wire49708/A (sky130_fd_sc_hd__buf_6)
     8    0.060579    0.095227    0.115825    5.683258 ^ wire49708/X (sky130_fd_sc_hd__buf_6)
                                                         net49708 (net)
                      0.095319    0.002447    5.685705 ^ place39400/A (sky130_fd_sc_hd__buf_6)
     6    0.032506    0.055539    0.095100    5.780805 ^ place39400/X (sky130_fd_sc_hd__buf_6)
                                                         net39400 (net)
                      0.055539    0.000075    5.780880 ^ max_length49330/A (sky130_fd_sc_hd__clkbuf_2)
     1    0.026646    0.114350    0.131339    5.912220 ^ max_length49330/X (sky130_fd_sc_hd__clkbuf_2)
                                                         net49330 (net)
                      0.114414    0.002200    5.914419 ^ wire49329/A (sky130_fd_sc_hd__clkbuf_2)
     1    0.024814    0.107048    0.139508    6.053928 ^ wire49329/X (sky130_fd_sc_hd__clkbuf_2)
                                                         net49329 (net)
                      0.107093    0.001798    6.055726 ^ _188731_/A2 (sky130_fd_sc_hd__a22o_1)
     1    0.029275    0.213573    0.215745    6.271471 ^ _188731_/X (sky130_fd_sc_hd__a22o_1)
                                                         _026075_ (net)
                      0.213617    0.002562    6.274032 ^ wire49223/A (sky130_fd_sc_hd__clkbuf_2)
     1    0.025758    0.111591    0.152619    6.426651 ^ wire49223/X (sky130_fd_sc_hd__clkbuf_2)
                                                         net49223 (net)
                      0.111638    0.001867    6.428517 ^ _188732_/C1 (sky130_fd_sc_hd__a221oi_1)
     1    0.006164    0.053632    0.047887    6.476405 v _188732_/Y (sky130_fd_sc_hd__a221oi_1)
                                                         _026076_ (net)
                      0.053633    0.000077    6.476482 v _188733_/B1 (sky130_fd_sc_hd__o22ai_1)
     1    0.029012    0.430486    0.351329    6.827810 ^ _188733_/Y (sky130_fd_sc_hd__o22ai_1)
                                                         _026077_ (net)
                      0.430500    0.002049    6.829860 ^ _188739_/A1 (sky130_fd_sc_hd__o21ai_1)
     1    0.005871    0.089812    0.070220    6.900080 v _188739_/Y (sky130_fd_sc_hd__o21ai_1)
                                                         _026083_ (net)
                      0.089812    0.000072    6.900152 v place34262/A (sky130_fd_sc_hd__buf_6)
     1    0.033328    0.032072    0.114639    7.014791 v place34262/X (sky130_fd_sc_hd__buf_6)
                                                         net34262 (net)
                      0.032350    0.002099    7.016890 v wire47262/A (sky130_fd_sc_hd__buf_6)
     1    0.032951    0.031546    0.090138    7.107028 v wire47262/X (sky130_fd_sc_hd__buf_6)
                                                         net47262 (net)
                      0.031698    0.001508    7.108535 v _188740_/A4 (sky130_fd_sc_hd__a41oi_4)
     1    0.006343    0.125863    0.151219    7.259754 ^ _188740_/Y (sky130_fd_sc_hd__a41oi_4)
                                                         _004469_ (net)
                      0.125863    0.000172    7.259926 ^ _215334_/D (sky130_fd_sc_hd__dfxtp_2)
                                              7.259926   data arrival time

                                 20.000000   20.000000   clock clk (rise edge)
                                  0.000000   20.000000   clock source latency
     2    0.217297    0.000000    0.000000   20.000000 ^ clk (in)
                                                         clk (net)
                      0.237983    0.118991   20.118992 ^ clkbuf_0_clk/A (sky130_fd_sc_hd__clkbuf_16)
     2    0.015582    0.033755    0.121382   20.240374 ^ clkbuf_0_clk/X (sky130_fd_sc_hd__clkbuf_16)
                                                         clknet_0_clk (net)
                      0.033755    0.000178   20.240551 ^ clkbuf_1_0_0_clk/A (sky130_fd_sc_hd__clkbuf_8)
     1    0.024825    0.042921    0.092841   20.333393 ^ clkbuf_1_0_0_clk/X (sky130_fd_sc_hd__clkbuf_8)
                                                         clknet_1_0_0_clk (net)
                      0.043135    0.002315   20.335707 ^ clkbuf_1_0_1_clk/A (sky130_fd_sc_hd__clkbuf_8)
     1    0.023767    0.041835    0.095305   20.431011 ^ clkbuf_1_0_1_clk/X (sky130_fd_sc_hd__clkbuf_8)
                                                         clknet_1_0_1_clk (net)
                      0.041841    0.000536   20.431549 ^ clkbuf_1_0_2_clk/A (sky130_fd_sc_hd__clkbuf_8)
     1    0.026029    0.044379    0.097090   20.528639 ^ clkbuf_1_0_2_clk/X (sky130_fd_sc_hd__clkbuf_8)
                                                         clknet_1_0_2_clk (net)
                      0.044386    0.000551   20.529190 ^ clkbuf_1_0_3_clk/A (sky130_fd_sc_hd__clkbuf_8)
     1    0.027963    0.046673    0.099446   20.628635 ^ clkbuf_1_0_3_clk/X (sky130_fd_sc_hd__clkbuf_8)
                                                         clknet_1_0_3_clk (net)
                      0.046696    0.000936   20.629572 ^ clkbuf_1_0_4_clk/A (sky130_fd_sc_hd__clkbuf_8)
     2    0.019688    0.037242    0.091921   20.721493 ^ clkbuf_1_0_4_clk/X (sky130_fd_sc_hd__clkbuf_8)
                                                         clknet_1_0_4_clk (net)
                      0.037258    0.000707   20.722200 ^ clkbuf_2_1_0_clk/A (sky130_fd_sc_hd__clkbuf_8)
     1    0.024106    0.042177    0.093605   20.815805 ^ clkbuf_2_1_0_clk/X (sky130_fd_sc_hd__clkbuf_8)
                                                         clknet_2_1_0_clk (net)
                      0.042306    0.001544   20.817348 ^ clkbuf_2_1_1_clk/A (sky130_fd_sc_hd__clkbuf_8)
     1    0.025126    0.043298    0.095977   20.913324 ^ clkbuf_2_1_1_clk/X (sky130_fd_sc_hd__clkbuf_8)
                                                         clknet_2_1_1_clk (net)
                      0.043460    0.001780   20.915106 ^ clkbuf_2_1_2_clk/A (sky130_fd_sc_hd__clkbuf_8)
     2    0.027577    0.046168    0.098673   21.013779 ^ clkbuf_2_1_2_clk/X (sky130_fd_sc_hd__clkbuf_8)
                                                         clknet_2_1_2_clk (net)
                      0.046251    0.001204   21.014982 ^ clkbuf_3_3_0_clk/A (sky130_fd_sc_hd__clkbuf_8)
     1    0.031562    0.051008    0.103263   21.118246 ^ clkbuf_3_3_0_clk/X (sky130_fd_sc_hd__clkbuf_8)
                                                         clknet_3_3_0_clk (net)
                      0.051017    0.000700   21.118946 ^ clkbuf_3_3_1_clk/A (sky130_fd_sc_hd__clkbuf_8)
     2    0.031907    0.051521    0.103940   21.222885 ^ clkbuf_3_3_1_clk/X (sky130_fd_sc_hd__clkbuf_8)
                                                         clknet_3_3_1_clk (net)
                      0.051745    0.002654   21.225540 ^ clkbuf_4_6_0_clk/A (sky130_fd_sc_hd__clkbuf_8)
     2    0.042015    0.063664    0.113728   21.339268 ^ clkbuf_4_6_0_clk/X (sky130_fd_sc_hd__clkbuf_8)
                                                         clknet_4_6_0_clk (net)
                      0.063740    0.001750   21.341017 ^ clkbuf_5_12_0_clk/A (sky130_fd_sc_hd__clkbuf_8)
     8    0.128256    0.171108    0.188404   21.529421 ^ clkbuf_5_12_0_clk/X (sky130_fd_sc_hd__clkbuf_8)
                                                         clknet_5_12_0_clk (net)
                      0.171627    0.007734   21.537155 ^ clkbuf_8_98_0_clk/A (sky130_fd_sc_hd__clkbuf_8)
     4    0.046098    0.070222    0.144244   21.681398 ^ clkbuf_8_98_0_clk/X (sky130_fd_sc_hd__clkbuf_8)
                                                         clknet_8_98_0_clk (net)
                      0.070227    0.000661   21.682060 ^ clkbuf_10_395__f_clk/A (sky130_fd_sc_hd__clkbuf_16)
     5    0.051158    0.053235    0.114030   21.796089 ^ clkbuf_10_395__f_clk/X (sky130_fd_sc_hd__clkbuf_16)
                                                         clknet_10_395__leaf_clk (net)
                      0.053239    0.000513   21.796602 ^ clkbuf_leaf_3789_clk/A (sky130_fd_sc_hd__clkbuf_16)
     4    0.012355    0.026170    0.085675   21.882278 ^ clkbuf_leaf_3789_clk/X (sky130_fd_sc_hd__clkbuf_16)
                                                         clknet_leaf_3789_clk (net)
                      0.026170    0.000231   21.882509 ^ _215334_/CLK (sky130_fd_sc_hd__dfxtp_2)
                                 -0.250000   21.632509   clock uncertainty
                                  0.000000   21.632509   clock reconvergence pessimism
                                 -0.040877   21.591633   library setup time
                                             21.591633   data required time
---------------------------------------------------------------------------------------------
                                             21.591633   data required time
                                             -7.259926   data arrival time
---------------------------------------------------------------------------------------------
                                             14.331706   slack (MET)




===========================================================================
report_checks --slack_max -0.01
============================================================================
======================= min_ff_n40C_1v95 Corner ===================================

No paths found.


===========================================================================
 report_check_types -max_slew -max_cap -max_fanout -violators
============================================================================
======================= min_ff_n40C_1v95 Corner ===================================



===========================================================================
report_parasitic_annotation -report_unannotated
============================================================================
Found 1360 unannotated drivers.
 clkload0/X
 clkload1/X
 clkload10/X
 clkload100/X
 clkload1000/Y
 clkload1001/Y
 clkload1002/Y
 clkload1003/Y
 clkload1004/Y
 clkload1005/Y
 clkload1006/Y
 clkload1007/Y
 clkload1008/Y
 clkload1009/Y
 clkload101/X
 clkload1010/Y
 clkload1011/Y
 clkload1012/Y
 clkload1013/Y
 clkload1014/Y
 clkload1015/Y
 clkload1016/Y
 clkload1017/Y
 clkload1018/Y
 clkload1019/Y
 clkload102/X
 clkload1020/Y
 clkload1021/Y
 clkload1022/Y
 clkload1023/Y
 clkload1024/Y
 clkload1025/Y
 clkload1026/Y
 clkload1027/Y
 clkload1028/Y
 clkload1029/Y
 clkload103/X
 clkload1030/Y
 clkload1031/Y
 clkload1032/Y
 clkload1033/Y
 clkload1034/X
 clkload1035/Y
 clkload1036/Y
 clkload1037/Y
 clkload1038/Y
 clkload1039/Y
 clkload104/X
 clkload1040/Y
 clkload1041/Y
 clkload1042/Y
 clkload1043/Y
 clkload1044/Y
 clkload1045/Y
 clkload1046/Y
 clkload1047/Y
 clkload1048/Y
 clkload1049/Y
 clkload105/X
 clkload1050/Y
 clkload1051/Y
 clkload1052/Y
 clkload1053/Y
 clkload1054/Y
 clkload1055/Y
 clkload1056/Y
 clkload1057/Y
 clkload1058/Y
 clkload1059/Y
 clkload106/X
 clkload1060/Y
 clkload1061/Y
 clkload1062/Y
 clkload1063/Y
 clkload1064/X
 clkload1065/Y
 clkload1066/X
 clkload1067/Y
 clkload1068/Y
 clkload1069/Y
 clkload107/X
 clkload1070/Y
 clkload1071/Y
 clkload1072/Y
 clkload1073/Y
 clkload1074/X
 clkload1075/X
 clkload1076/X
 clkload1077/Y
 clkload1078/Y
 clkload1079/X
 clkload108/X
 clkload1080/X
 clkload1081/X
 clkload1082/Y
 clkload1083/Y
 clkload1084/Y
 clkload1085/Y
 clkload1086/Y
 clkload1087/X
 clkload1088/Y
 clkload1089/Y
 clkload109/X
 clkload1090/Y
 clkload1091/Y
 clkload1092/Y
 clkload1093/Y
 clkload1094/X
 clkload1095/Y
 clkload1096/Y
 clkload1097/Y
 clkload1098/Y
 clkload1099/Y
 clkload11/X
 clkload110/X
 clkload1100/Y
 clkload1101/Y
 clkload1102/Y
 clkload1103/Y
 clkload1104/Y
 clkload1105/Y
 clkload1106/Y
 clkload1107/X
 clkload1108/Y
 clkload1109/Y
 clkload111/X
 clkload1110/Y
 clkload1111/Y
 clkload1112/Y
 clkload1113/Y
 clkload1114/Y
 clkload1115/Y
 clkload1116/Y
 clkload1117/Y
 clkload1118/Y
 clkload1119/Y
 clkload112/X
 clkload1120/Y
 clkload1121/Y
 clkload1122/Y
 clkload1123/Y
 clkload1124/Y
 clkload1125/Y
 clkload1126/Y
 clkload1127/Y
 clkload1128/Y
 clkload1129/Y
 clkload113/X
 clkload1130/X
 clkload1131/Y
 clkload1132/Y
 clkload1133/X
 clkload1134/Y
 clkload1135/Y
 clkload1136/Y
 clkload1137/Y
 clkload1138/X
 clkload1139/Y
 clkload114/X
 clkload1140/Y
 clkload1141/Y
 clkload1142/X
 clkload1143/Y
 clkload1144/Y
 clkload1145/Y
 clkload1146/Y
 clkload1147/Y
 clkload1148/Y
 clkload1149/Y
 clkload115/X
 clkload1150/Y
 clkload1151/Y
 clkload1152/Y
 clkload1153/Y
 clkload1154/Y
 clkload1155/Y
 clkload1156/Y
 clkload1157/Y
 clkload1158/Y
 clkload1159/Y
 clkload116/X
 clkload1160/Y
 clkload1161/Y
 clkload1162/Y
 clkload1163/X
 clkload1164/Y
 clkload1165/Y
 clkload1166/Y
 clkload1167/Y
 clkload1168/Y
 clkload1169/Y
 clkload117/X
 clkload1170/Y
 clkload1171/Y
 clkload1172/Y
 clkload1173/Y
 clkload1174/Y
 clkload1175/Y
 clkload1176/Y
 clkload1177/Y
 clkload1178/Y
 clkload1179/X
 clkload118/X
 clkload1180/X
 clkload1181/Y
 clkload1182/Y
 clkload1183/Y
 clkload1184/Y
 clkload1185/Y
 clkload1186/Y
 clkload1187/Y
 clkload1188/Y
 clkload1189/Y
 clkload119/X
 clkload1190/Y
 clkload1191/Y
 clkload1192/Y
 clkload1193/Y
 clkload1194/Y
 clkload1195/Y
 clkload1196/Y
 clkload1197/Y
 clkload1198/Y
 clkload1199/Y
 clkload12/Y
 clkload120/X
 clkload1200/Y
 clkload1201/Y
 clkload1202/Y
 clkload1203/Y
 clkload1204/Y
 clkload1205/Y
 clkload1206/Y
 clkload1207/Y
 clkload1208/Y
 clkload1209/Y
 clkload121/X
 clkload1210/Y
 clkload1211/Y
 clkload1212/Y
 clkload1213/Y
 clkload1214/Y
 clkload1215/Y
 clkload1216/Y
 clkload1217/Y
 clkload1218/Y
 clkload1219/Y
 clkload122/X
 clkload1220/Y
 clkload1221/Y
 clkload1222/Y
 clkload1223/Y
 clkload1224/Y
 clkload1225/Y
 clkload1226/Y
 clkload1227/Y
 clkload1228/Y
 clkload1229/Y
 clkload123/X
 clkload1230/Y
 clkload1231/Y
 clkload1232/Y
 clkload1233/Y
 clkload1234/Y
 clkload1235/Y
 clkload1236/Y
 clkload1237/X
 clkload1238/Y
 clkload1239/Y
 clkload124/X
 clkload1240/Y
 clkload1241/Y
 clkload1242/Y
 clkload1243/Y
 clkload1244/Y
 clkload1245/Y
 clkload1246/Y
 clkload1247/Y
 clkload1248/Y
 clkload1249/Y
 clkload125/Y
 clkload1250/Y
 clkload1251/Y
 clkload1252/Y
 clkload1253/Y
 clkload1254/Y
 clkload1255/Y
 clkload1256/Y
 clkload1257/Y
 clkload1258/Y
 clkload1259/Y
 clkload126/X
 clkload1260/Y
 clkload1261/Y
 clkload1262/Y
 clkload1263/Y
 clkload1264/Y
 clkload1265/Y
 clkload1266/Y
 clkload1267/Y
 clkload1268/Y
 clkload1269/Y
 clkload127/X
 clkload1270/Y
 clkload1271/Y
 clkload1272/Y
 clkload1273/Y
 clkload1274/Y
 clkload1275/Y
 clkload1276/Y
 clkload1277/Y
 clkload1278/Y
 clkload1279/Y
 clkload128/X
 clkload1280/Y
 clkload1281/Y
 clkload1282/Y
 clkload1283/Y
 clkload1284/Y
 clkload1285/Y
 clkload1286/Y
 clkload1287/X
 clkload1288/Y
 clkload1289/Y
 clkload129/X
 clkload1290/Y
 clkload1291/Y
 clkload1292/Y
 clkload1293/Y
 clkload1294/Y
 clkload1295/Y
 clkload1296/Y
 clkload1297/Y
 clkload1298/Y
 clkload1299/Y
 clkload13/Y
 clkload130/X
 clkload1300/Y
 clkload1301/Y
 clkload1302/Y
 clkload1303/Y
 clkload1304/Y
 clkload1305/Y
 clkload1306/Y
 clkload1307/Y
 clkload1308/Y
 clkload1309/Y
 clkload131/X
 clkload1310/Y
 clkload1311/Y
 clkload1312/Y
 clkload1313/Y
 clkload1314/Y
 clkload1315/Y
 clkload1316/Y
 clkload1317/Y
 clkload1318/Y
 clkload1319/Y
 clkload132/X
 clkload1320/Y
 clkload1321/Y
 clkload1322/Y
 clkload1323/Y
 clkload1324/Y
 clkload1325/Y
 clkload1326/Y
 clkload1327/Y
 clkload1328/Y
 clkload1329/Y
 clkload133/Y
 clkload1330/Y
 clkload1331/Y
 clkload1332/Y
 clkload1333/Y
 clkload1334/Y
 clkload1335/Y
 clkload1336/Y
 clkload1337/Y
 clkload1338/Y
 clkload1339/Y
 clkload134/X
 clkload1340/Y
 clkload1341/Y
 clkload1342/Y
 clkload1343/Y
 clkload1344/X
 clkload1345/Y
 clkload1346/Y
 clkload1347/Y
 clkload1348/Y
 clkload1349/Y
 clkload135/X
 clkload1350/Y
 clkload1351/X
 clkload1352/X
 clkload1353/Y
 clkload136/X
 clkload137/X
 clkload138/X
 clkload139/X
 clkload14/Y
 clkload140/Y
 clkload141/X
 clkload142/X
 clkload143/X
 clkload144/X
 clkload145/X
 clkload146/X
 clkload147/X
 clkload148/X
 clkload149/X
 clkload15/X
 clkload150/X
 clkload151/Y
 clkload152/Y
 clkload153/X
 clkload154/X
 clkload155/X
 clkload156/X
 clkload157/X
 clkload158/X
 clkload159/X
 clkload16/X
 clkload160/X
 clkload161/X
 clkload162/X
 clkload163/X
 clkload164/X
 clkload165/X
 clkload166/X
 clkload167/Y
 clkload168/Y
 clkload169/Y
 clkload17/X
 clkload170/X
 clkload171/Y
 clkload172/Y
 clkload173/Y
 clkload174/Y
 clkload175/X
 clkload176/X
 clkload177/X
 clkload178/X
 clkload179/Y
 clkload18/Y
 clkload180/X
 clkload181/X
 clkload182/X
 clkload183/X
 clkload184/X
 clkload185/X
 clkload186/X
 clkload187/X
 clkload188/X
 clkload189/X
 clkload19/Y
 clkload190/X
 clkload191/X
 clkload192/X
 clkload193/X
 clkload194/X
 clkload195/X
 clkload196/Y
 clkload197/X
 clkload198/X
 clkload199/X
 clkload2/X
 clkload20/Y
 clkload200/Y
 clkload201/X
 clkload202/X
 clkload203/X
 clkload204/X
 clkload205/X
 clkload206/X
 clkload207/X
 clkload208/X
 clkload209/X
 clkload21/X
 clkload210/X
 clkload211/X
 clkload212/X
 clkload213/X
 clkload214/X
 clkload215/X
 clkload216/X
 clkload217/X
 clkload218/X
 clkload219/X
 clkload22/X
 clkload220/X
 clkload221/X
 clkload222/X
 clkload223/X
 clkload224/X
 clkload225/X
 clkload226/X
 clkload227/X
 clkload228/X
 clkload229/X
 clkload23/X
 clkload230/Y
 clkload231/Y
 clkload232/Y
 clkload233/X
 clkload234/X
 clkload235/X
 clkload236/X
 clkload237/X
 clkload238/Y
 clkload239/Y
 clkload24/X
 clkload240/Y
 clkload241/Y
 clkload242/X
 clkload243/X
 clkload244/X
 clkload245/Y
 clkload246/Y
 clkload247/Y
 clkload248/X
 clkload249/X
 clkload25/X
 clkload250/X
 clkload251/X
 clkload252/X
 clkload253/X
 clkload254/X
 clkload255/X
 clkload256/X
 clkload257/X
 clkload258/X
 clkload259/X
 clkload26/X
 clkload260/X
 clkload261/X
 clkload262/Y
 clkload263/Y
 clkload264/X
 clkload265/X
 clkload266/X
 clkload267/X
 clkload268/X
 clkload269/X
 clkload27/Y
 clkload270/X
 clkload271/X
 clkload272/X
 clkload273/X
 clkload274/X
 clkload275/X
 clkload276/X
 clkload277/X
 clkload278/X
 clkload279/X
 clkload28/Y
 clkload280/X
 clkload281/X
 clkload282/Y
 clkload283/Y
 clkload284/Y
 clkload285/X
 clkload286/X
 clkload287/X
 clkload288/X
 clkload289/X
 clkload29/Y
 clkload290/X
 clkload291/Y
 clkload292/Y
 clkload293/Y
 clkload294/X
 clkload295/X
 clkload296/X
 clkload297/X
 clkload298/Y
 clkload299/X
 clkload3/Y
 clkload30/X
 clkload300/X
 clkload301/X
 clkload302/X
 clkload303/X
 clkload304/X
 clkload305/X
 clkload306/X
 clkload307/X
 clkload308/X
 clkload309/X
 clkload31/X
 clkload310/X
 clkload311/Y
 clkload312/Y
 clkload313/X
 clkload314/X
 clkload315/X
 clkload316/Y
 clkload317/X
 clkload318/X
 clkload319/X
 clkload32/X
 clkload320/X
 clkload321/X
 clkload322/Y
 clkload323/X
 clkload324/Y
 clkload325/Y
 clkload326/X
 clkload327/X
 clkload328/X
 clkload329/X
 clkload33/X
 clkload330/X
 clkload331/X
 clkload332/Y
 clkload333/Y
 clkload334/X
 clkload335/X
 clkload336/X
 clkload337/X
 clkload338/X
 clkload339/X
 clkload34/X
 clkload340/X
 clkload341/X
 clkload342/X
 clkload343/X
 clkload344/X
 clkload345/X
 clkload346/X
 clkload347/X
 clkload348/Y
 clkload349/X
 clkload35/X
 clkload350/X
 clkload351/X
 clkload352/X
 clkload353/X
 clkload354/X
 clkload355/X
 clkload356/X
 clkload357/Y
 clkload358/X
 clkload359/X
 clkload36/X
 clkload360/X
 clkload361/X
 clkload362/X
 clkload363/X
 clkload364/Y
 clkload365/Y
 clkload366/Y
 clkload367/X
 clkload368/X
 clkload369/X
 clkload37/X
 clkload370/X
 clkload371/X
 clkload372/X
 clkload373/X
 clkload374/X
 clkload375/X
 clkload376/X
 clkload377/X
 clkload378/X
 clkload379/X
 clkload38/X
 clkload380/X
 clkload381/X
 clkload382/Y
 clkload383/X
 clkload384/X
 clkload385/X
 clkload386/X
 clkload387/X
 clkload388/X
 clkload389/X
 clkload39/Y
 clkload390/X
 clkload391/Y
 clkload392/X
 clkload393/X
 clkload394/X
 clkload395/X
 clkload396/X
 clkload397/X
 clkload398/Y
 clkload399/Y
 clkload4/X
 clkload40/Y
 clkload400/Y
 clkload401/X
 clkload402/X
 clkload403/X
 clkload404/Y
 clkload405/Y
 clkload406/Y
 clkload407/Y
 clkload408/X
 clkload409/Y
 clkload41/Y
 clkload410/X
 clkload411/X
 clkload412/X
 clkload413/X
 clkload414/X
 clkload415/X
 clkload416/X
 clkload417/X
 clkload418/X
 clkload419/Y
 clkload42/X
 clkload420/Y
 clkload421/Y
 clkload422/X
 clkload423/X
 clkload424/X
 clkload425/Y
 clkload426/Y
 clkload427/X
 clkload428/X
 clkload429/X
 clkload43/X
 clkload430/X
 clkload431/X
 clkload432/X
 clkload433/X
 clkload434/X
 clkload435/X
 clkload436/X
 clkload437/X
 clkload438/X
 clkload439/X
 clkload44/X
 clkload440/X
 clkload441/X
 clkload442/X
 clkload443/X
 clkload444/X
 clkload445/X
 clkload446/X
 clkload447/X
 clkload448/X
 clkload449/X
 clkload45/X
 clkload450/X
 clkload451/X
 clkload452/X
 clkload453/X
 clkload454/X
 clkload455/X
 clkload456/X
 clkload457/X
 clkload458/X
 clkload459/X
 clkload46/X
 clkload460/X
 clkload461/X
 clkload462/X
 clkload463/X
 clkload464/X
 clkload465/X
 clkload466/X
 clkload467/X
 clkload468/X
 clkload469/X
 clkload47/X
 clkload470/X
 clkload471/X
 clkload472/X
 clkload473/X
 clkload474/X
 clkload475/X
 clkload476/X
 clkload477/X
 clkload478/X
 clkload479/X
 clkload48/X
 clkload480/X
 clkload481/X
 clkload482/X
 clkload483/X
 clkload484/X
 clkload485/X
 clkload486/X
 clkload487/X
 clkload488/X
 clkload489/Y
 clkload49/X
 clkload490/X
 clkload491/Y
 clkload492/X
 clkload493/X
 clkload494/X
 clkload495/X
 clkload496/X
 clkload497/X
 clkload498/X
 clkload499/X
 clkload5/X
 clkload50/X
 clkload500/X
 clkload501/X
 clkload502/X
 clkload503/X
 clkload504/X
 clkload505/X
 clkload506/X
 clkload507/X
 clkload508/X
 clkload509/X
 clkload51/X
 clkload510/X
 clkload511/X
 clkload512/X
 clkload513/X
 clkload514/X
 clkload515/Y
 clkload516/X
 clkload517/X
 clkload518/Y
 clkload519/X
 clkload52/X
 clkload520/X
 clkload521/X
 clkload522/X
 clkload523/X
 clkload524/X
 clkload525/X
 clkload526/Y
 clkload527/X
 clkload528/X
 clkload529/X
 clkload53/Y
 clkload530/Y
 clkload531/X
 clkload532/X
 clkload533/X
 clkload534/X
 clkload535/X
 clkload536/Y
 clkload537/X
 clkload538/X
 clkload539/X
 clkload54/X
 clkload540/Y
 clkload541/X
 clkload542/X
 clkload543/X
 clkload544/X
 clkload545/X
 clkload546/X
 clkload547/X
 clkload548/Y
 clkload549/X
 clkload55/X
 clkload550/X
 clkload551/Y
 clkload552/Y
 clkload553/X
 clkload554/X
 clkload555/X
 clkload556/X
 clkload557/X
 clkload558/X
 clkload559/X
 clkload56/X
 clkload560/X
 clkload561/X
 clkload562/X
 clkload563/X
 clkload564/X
 clkload565/X
 clkload566/X
 clkload567/X
 clkload568/X
 clkload569/X
 clkload57/X
 clkload570/X
 clkload571/X
 clkload572/X
 clkload573/X
 clkload574/X
 clkload575/X
 clkload576/X
 clkload577/X
 clkload578/X
 clkload579/X
 clkload58/X
 clkload580/X
 clkload581/X
 clkload582/X
 clkload583/X
 clkload584/X
 clkload585/X
 clkload586/X
 clkload587/X
 clkload588/X
 clkload589/Y
 clkload59/X
 clkload590/X
 clkload591/X
 clkload592/X
 clkload593/Y
 clkload594/X
 clkload595/Y
 clkload596/Y
 clkload597/Y
 clkload598/X
 clkload599/X
 clkload6/X
 clkload60/X
 clkload600/X
 clkload601/Y
 clkload602/X
 clkload603/X
 clkload604/Y
 clkload605/Y
 clkload606/Y
 clkload607/X
 clkload608/Y
 clkload609/X
 clkload61/X
 clkload610/Y
 clkload611/Y
 clkload612/Y
 clkload613/X
 clkload614/X
 clkload615/X
 clkload616/X
 clkload617/X
 clkload618/X
 clkload619/X
 clkload62/X
 clkload620/X
 clkload621/X
 clkload622/X
 clkload623/X
 clkload624/X
 clkload625/Y
 clkload626/X
 clkload627/X
 clkload628/X
 clkload629/Y
 clkload63/Y
 clkload630/X
 clkload631/X
 clkload632/X
 clkload633/X
 clkload634/X
 clkload635/X
 clkload636/X
 clkload637/X
 clkload638/X
 clkload639/X
 clkload64/X
 clkload640/X
 clkload641/X
 clkload642/X
 clkload643/X
 clkload644/X
 clkload645/X
 clkload646/X
 clkload647/X
 clkload648/X
 clkload649/Y
 clkload65/Y
 clkload650/X
 clkload651/X
 clkload652/Y
 clkload653/X
 clkload654/X
 clkload655/X
 clkload656/X
 clkload657/X
 clkload658/X
 clkload659/X
 clkload66/X
 clkload660/Y
 clkload661/Y
 clkload662/Y
 clkload663/Y
 clkload664/Y
 clkload665/X
 clkload666/X
 clkload667/X
 clkload668/Y
 clkload669/X
 clkload67/X
 clkload670/X
 clkload671/X
 clkload672/X
 clkload673/X
 clkload674/X
 clkload675/X
 clkload676/X
 clkload677/X
 clkload678/Y
 clkload679/Y
 clkload68/X
 clkload680/Y
 clkload681/Y
 clkload682/X
 clkload683/X
 clkload684/X
 clkload685/X
 clkload686/X
 clkload687/X
 clkload688/X
 clkload689/X
 clkload69/X
 clkload690/Y
 clkload691/X
 clkload692/X
 clkload693/Y
 clkload694/Y
 clkload695/Y
 clkload696/Y
 clkload697/Y
 clkload698/Y
 clkload699/Y
 clkload7/X
 clkload70/X
 clkload700/Y
 clkload701/X
 clkload702/Y
 clkload703/Y
 clkload704/X
 clkload705/X
 clkload706/X
 clkload707/X
 clkload708/Y
 clkload709/X
 clkload71/X
 clkload710/X
 clkload711/X
 clkload712/X
 clkload713/Y
 clkload714/Y
 clkload715/X
 clkload716/Y
 clkload717/Y
 clkload718/Y
 clkload719/Y
 clkload72/X
 clkload720/X
 clkload721/X
 clkload722/X
 clkload723/Y
 clkload724/Y
 clkload725/Y
 clkload726/X
 clkload727/X
 clkload728/X
 clkload729/X
 clkload73/X
 clkload730/Y
 clkload731/X
 clkload732/Y
 clkload733/Y
 clkload734/X
 clkload735/Y
 clkload736/Y
 clkload737/X
 clkload738/X
 clkload739/X
 clkload74/X
 clkload740/Y
 clkload741/X
 clkload742/Y
 clkload743/X
 clkload744/Y
 clkload745/Y
 clkload746/Y
 clkload747/Y
 clkload748/Y
 clkload749/X
 clkload75/X
 clkload750/X
 clkload751/Y
 clkload752/X
 clkload753/Y
 clkload754/Y
 clkload755/X
 clkload756/Y
 clkload757/X
 clkload758/X
 clkload759/Y
 clkload76/X
 clkload760/Y
 clkload761/Y
 clkload762/Y
 clkload763/Y
 clkload764/Y
 clkload765/X
 clkload766/Y
 clkload767/X
 clkload768/Y
 clkload769/Y
 clkload77/X
 clkload770/Y
 clkload771/Y
 clkload772/X
 clkload773/X
 clkload774/Y
 clkload775/X
 clkload776/X
 clkload777/Y
 clkload778/Y
 clkload779/X
 clkload78/X
 clkload780/X
 clkload781/Y
 clkload782/Y
 clkload783/Y
 clkload784/Y
 clkload785/Y
 clkload786/Y
 clkload787/X
 clkload788/Y
 clkload789/Y
 clkload79/X
 clkload790/X
 clkload791/Y
 clkload792/X
 clkload793/Y
 clkload794/Y
 clkload795/Y
 clkload796/Y
 clkload797/Y
 clkload798/Y
 clkload799/X
 clkload8/X
 clkload80/X
 clkload800/X
 clkload801/Y
 clkload802/X
 clkload803/X
 clkload804/X
 clkload805/Y
 clkload806/Y
 clkload807/X
 clkload808/X
 clkload809/Y
 clkload81/X
 clkload810/Y
 clkload811/Y
 clkload812/Y
 clkload813/Y
 clkload814/X
 clkload815/Y
 clkload816/X
 clkload817/Y
 clkload818/Y
 clkload819/Y
 clkload82/X
 clkload820/X
 clkload821/X
 clkload822/Y
 clkload823/X
 clkload824/Y
 clkload825/Y
 clkload826/X
 clkload827/Y
 clkload828/X
 clkload829/Y
 clkload83/Y
 clkload830/Y
 clkload831/Y
 clkload832/Y
 clkload833/X
 clkload834/Y
 clkload835/X
 clkload836/Y
 clkload837/Y
 clkload838/Y
 clkload839/Y
 clkload84/X
 clkload840/Y
 clkload841/Y
 clkload842/Y
 clkload843/Y
 clkload844/Y
 clkload845/Y
 clkload846/Y
 clkload847/X
 clkload848/X
 clkload849/X
 clkload85/Y
 clkload850/Y
 clkload851/X
 clkload852/Y
 clkload853/X
 clkload854/Y
 clkload855/Y
 clkload856/Y
 clkload857/X
 clkload858/Y
 clkload859/X
 clkload86/Y
 clkload860/Y
 clkload861/Y
 clkload862/Y
 clkload863/X
 clkload864/X
 clkload865/Y
 clkload866/Y
 clkload867/Y
 clkload868/Y
 clkload869/Y
 clkload87/Y
 clkload870/Y
 clkload871/X
 clkload872/Y
 clkload873/Y
 clkload874/Y
 clkload875/Y
 clkload876/Y
 clkload877/Y
 clkload878/Y
 clkload879/Y
 clkload88/Y
 clkload880/Y
 clkload881/X
 clkload882/Y
 clkload883/Y
 clkload884/Y
 clkload885/Y
 clkload886/Y
 clkload887/Y
 clkload888/Y
 clkload889/Y
 clkload89/X
 clkload890/Y
 clkload891/Y
 clkload892/Y
 clkload893/Y
 clkload894/Y
 clkload895/Y
 clkload896/Y
 clkload897/Y
 clkload898/Y
 clkload899/Y
 clkload9/X
 clkload90/X
 clkload900/Y
 clkload901/Y
 clkload902/Y
 clkload903/Y
 clkload904/Y
 clkload905/Y
 clkload906/X
 clkload907/Y
 clkload908/Y
 clkload909/Y
 clkload91/X
 clkload910/Y
 clkload911/Y
 clkload912/Y
 clkload913/Y
 clkload914/Y
 clkload915/Y
 clkload916/Y
 clkload917/Y
 clkload918/Y
 clkload919/Y
 clkload92/X
 clkload920/Y
 clkload921/Y
 clkload922/Y
 clkload923/Y
 clkload924/Y
 clkload925/Y
 clkload926/Y
 clkload927/Y
 clkload928/Y
 clkload929/X
 clkload93/X
 clkload930/Y
 clkload931/Y
 clkload932/Y
 clkload933/Y
 clkload934/Y
 clkload935/Y
 clkload936/Y
 clkload937/Y
 clkload938/Y
 clkload939/Y
 clkload94/X
 clkload940/Y
 clkload941/Y
 clkload942/Y
 clkload943/Y
 clkload944/Y
 clkload945/Y
 clkload946/Y
 clkload947/X
 clkload948/Y
 clkload949/Y
 clkload95/X
 clkload950/Y
 clkload951/Y
 clkload952/Y
 clkload953/Y
 clkload954/Y
 clkload955/Y
 clkload956/Y
 clkload957/Y
 clkload958/Y
 clkload959/Y
 clkload96/X
 clkload960/Y
 clkload961/Y
 clkload962/Y
 clkload963/Y
 clkload964/Y
 clkload965/Y
 clkload966/X
 clkload967/Y
 clkload968/Y
 clkload969/Y
 clkload97/X
 clkload970/Y
 clkload971/Y
 clkload972/Y
 clkload973/Y
 clkload974/Y
 clkload975/Y
 clkload976/Y
 clkload977/Y
 clkload978/Y
 clkload979/Y
 clkload98/X
 clkload980/Y
 clkload981/Y
 clkload982/Y
 clkload983/Y
 clkload984/Y
 clkload985/Y
 clkload986/Y
 clkload987/Y
 clkload988/Y
 clkload989/Y
 clkload99/X
 clkload990/Y
 clkload991/Y
 clkload992/Y
 clkload993/Y
 clkload994/Y
 clkload995/Y
 clkload996/Y
 clkload997/Y
 clkload998/Y
 clkload999/Y
 core_tile/HI
 core_tile_61350/HI
 core_tile_61351/HI
 core_tile_61352/HI
 core_tile_61353/HI
 core_tile_61354/HI
Found 0 partially unannotated drivers.

===========================================================================
max slew violation count 0
max fanout violation count 0
max cap violation count 0
============================================================================

===========================================================================
check_setup -verbose -unconstrained_endpoints -multiple_clock -no_clock -no_input_delay -loops -generated_clocks
===========================================================================
