Clock: clk
Sources: clk 
Generated: no
Virtual: yes
Propagated: no
Period: 20.000000

===========================================================================
report_clock_properties
============================================================================
Clock                   Period          Waveform
----------------------------------------------------
clk                  20.000000    0.000000 10.000000

===========================================================================
report_clock_latency
============================================================================
Clock clk
rise -> rise
    min     max
0.000000 0.000000 source latency
1.753530         network latency _216203_/CLK
        1.951517 network latency _223610_/CLK
---------------
1.753530 1.951517 latency
        0.197987 skew

fall -> fall
    min     max
0.000000 0.000000 source latency
1.834679         network latency _216203_/CLK
        2.025336 network latency _223610_/CLK
---------------
1.834679 2.025336 latency
        0.190656 skew



===========================================================================
report_clock_min_period
============================================================================
clk period_min = 5.67 fmax = 176.42
