
===========================================================================
 report_power
============================================================================
======================= min_ff_n40C_1v95 Corner ===================================

Group                    Internal    Switching      Leakage        Total
                            Power        Power        Power        Power (Watts)
------------------------------------------------------------------------
Sequential           4.001351e-02 3.048784e-04 2.622801e-07 4.031865e-02  31.1%
Combinational        2.333622e-03 3.764854e-03 1.369411e-06 6.099846e-03   4.7%
Clock                5.935762e-02 2.396314e-02 9.592601e-07 8.332171e-02  64.2%
Macro                0.000000e+00 0.000000e+00 0.000000e+00 0.000000e+00   0.0%
Pad                  0.000000e+00 0.000000e+00 0.000000e+00 0.000000e+00   0.0%
------------------------------------------------------------------------
Total                1.017078e-01 2.803280e-02 2.590429e-06 1.297432e-01 100.0%
                            78.4%        21.6%         0.0%

