Clock: clk
Sources: clk 
Generated: no
Virtual: yes
Propagated: no
Period: 20.000000

===========================================================================
report_clock_properties
============================================================================
Clock                   Period          Waveform
----------------------------------------------------
clk                  20.000000    0.000000 10.000000

===========================================================================
report_clock_latency
============================================================================
Clock clk
rise -> rise
    min     max
0.000000 0.000000 source latency
2.813716         network latency _216203_/CLK
        3.144605 network latency _223610_/CLK
---------------
2.813716 3.144605 latency
        0.330889 skew

fall -> fall
    min     max
0.000000 0.000000 source latency
2.880350         network latency _216203_/CLK
        3.190215 network latency _223610_/CLK
---------------
2.880350 3.190215 latency
        0.309865 skew



===========================================================================
report_clock_min_period
============================================================================
clk period_min = 9.35 fmax = 106.91
