
===========================================================================
 report_power
============================================================================
======================= max_tt_025C_1v80 Corner ===================================

Group                    Internal    Switching      Leakage        Total
                            Power        Power        Power        Power (Watts)
------------------------------------------------------------------------
Sequential           3.446289e-02 2.943074e-04 1.392460e-07 3.475733e-02  30.4%
Combinational        2.132129e-03 3.606146e-03 4.717215e-07 5.738747e-03   5.0%
Clock                5.180790e-02 2.194418e-02 5.643242e-07 7.375264e-02  64.6%
Macro                0.000000e+00 0.000000e+00 0.000000e+00 0.000000e+00   0.0%
Pad                  0.000000e+00 0.000000e+00 0.000000e+00 0.000000e+00   0.0%
------------------------------------------------------------------------
Total                8.839701e-02 2.584461e-02 1.174901e-06 1.142428e-01 100.0%
                            77.4%        22.6%         0.0%

