Clock: clk
Sources: clk 
Generated: no
Virtual: yes
Propagated: no
Period: 20.000000

===========================================================================
report_clock_properties
============================================================================
Clock                   Period          Waveform
----------------------------------------------------
clk                  20.000000    0.000000 10.000000

===========================================================================
report_clock_latency
============================================================================
Clock clk
rise -> rise
    min     max
0.000000 0.000000 source latency
1.479505         network latency g_row[1].g_col[0].pe/_2743_/CLK
        1.788437 network latency g_row[0].g_col[0].pe/_2725_/CLK
---------------
1.479505 1.788437 latency
        0.308932 skew

fall -> fall
    min     max
0.000000 0.000000 source latency
1.182060         network latency g_row[1].g_col[0].pe/_2743_/CLK
        1.494330 network latency g_row[0].g_col[0].pe/_2725_/CLK
---------------
1.182060 1.494330 latency
        0.312270 skew



===========================================================================
report_clock_min_period
============================================================================
clk period_min = 12.59 fmax = 79.40
