Reading timing models for corner max_ss_100C_1v60…
Reading timing library for the 'max_ss_100C_1v60' corner at '/Users/aoxo/.ciel/ciel/sky130/versions/74c0e6b118a67d94c24172143d3bd597473fa63d/sky130A/libs.ref/sky130_fd_sc_hd/lib/sky130_fd_sc_hd__ss_100C_1v60.lib'…
Reading timing library for the 'max_ss_100C_1v60' corner at '/Users/aoxo/.ciel/ciel/sky130/versions/74c0e6b118a67d94c24172143d3bd597473fa63d/sky130A/libs.ref/sky130_fd_io/lib/sky130_ef_io__vccd_lvc_clamped_pad_ss_100C_1v60_3v00_3v00.lib'…
[WARNING STA-1173] /Users/aoxo/.ciel/ciel/sky130/versions/74c0e6b118a67d94c24172143d3bd597473fa63d/sky130A/libs.ref/sky130_fd_io/lib/sky130_ef_io__vccd_lvc_clamped_pad_ss_100C_1v60_3v00_3v00.lib line 42, default_fanout_load is 0.0.
Reading timing library for the 'max_ss_100C_1v60' corner at '/Users/aoxo/.ciel/ciel/sky130/versions/74c0e6b118a67d94c24172143d3bd597473fa63d/sky130A/libs.ref/sky130_fd_io/lib/sky130_ef_io__vssd_lvc_clamped_pad_ss_100C_1v60_3v00.lib'…
[WARNING STA-1173] /Users/aoxo/.ciel/ciel/sky130/versions/74c0e6b118a67d94c24172143d3bd597473fa63d/sky130A/libs.ref/sky130_fd_io/lib/sky130_ef_io__vssd_lvc_clamped_pad_ss_100C_1v60_3v00.lib line 43, default_fanout_load is 0.0.
Reading timing library for the 'max_ss_100C_1v60' corner at '/Users/aoxo/.ciel/ciel/sky130/versions/74c0e6b118a67d94c24172143d3bd597473fa63d/sky130A/libs.ref/sky130_fd_io/lib/sky130_ef_io__vddio_hvc_clamped_pad_ss_100C_1v60_3v00_3v00.lib'…
[WARNING STA-1173] /Users/aoxo/.ciel/ciel/sky130/versions/74c0e6b118a67d94c24172143d3bd597473fa63d/sky130A/libs.ref/sky130_fd_io/lib/sky130_ef_io__vddio_hvc_clamped_pad_ss_100C_1v60_3v00_3v00.lib line 42, default_fanout_load is 0.0.
Reading timing library for the 'max_ss_100C_1v60' corner at '/Users/aoxo/.ciel/ciel/sky130/versions/74c0e6b118a67d94c24172143d3bd597473fa63d/sky130A/libs.ref/sky130_fd_io/lib/sky130_ef_io__vssio_hvc_clamped_pad_ss_100C_1v60_3v00_3v00.lib'…
[WARNING STA-1173] /Users/aoxo/.ciel/ciel/sky130/versions/74c0e6b118a67d94c24172143d3bd597473fa63d/sky130A/libs.ref/sky130_fd_io/lib/sky130_ef_io__vssio_hvc_clamped_pad_ss_100C_1v60_3v00_3v00.lib line 42, default_fanout_load is 0.0.
Reading timing library for the 'max_ss_100C_1v60' corner at '/Users/aoxo/.ciel/ciel/sky130/versions/74c0e6b118a67d94c24172143d3bd597473fa63d/sky130A/libs.ref/sky130_fd_io/lib/sky130_ef_io__gpiov2_pad_ss_ss_100C_1v60_3v00.lib'…
[WARNING STA-1173] /Users/aoxo/.ciel/ciel/sky130/versions/74c0e6b118a67d94c24172143d3bd597473fa63d/sky130A/libs.ref/sky130_fd_io/lib/sky130_ef_io__gpiov2_pad_ss_ss_100C_1v60_3v00.lib line 33, default_fanout_load is 0.0.
Reading timing library for the 'max_ss_100C_1v60' corner at '/Users/aoxo/.ciel/ciel/sky130/versions/74c0e6b118a67d94c24172143d3bd597473fa63d/sky130A/libs.ref/sky130_fd_io/lib/slices_stubs.lib'…
[WARNING STA-1173] /Users/aoxo/.ciel/ciel/sky130/versions/74c0e6b118a67d94c24172143d3bd597473fa63d/sky130A/libs.ref/sky130_fd_io/lib/slices_stubs.lib line 33, default_fanout_load is 0.0.
Reading timing library for the 'max_ss_100C_1v60' corner at '/Users/aoxo/.ciel/ciel/sky130/versions/74c0e6b118a67d94c24172143d3bd597473fa63d/sky130A/libs.ref/sky130_fd_io/lib/sky130_ef_io__analog_stubs.lib'…
[WARNING STA-1173] /Users/aoxo/.ciel/ciel/sky130/versions/74c0e6b118a67d94c24172143d3bd597473fa63d/sky130A/libs.ref/sky130_fd_io/lib/sky130_ef_io__analog_stubs.lib line 43, default_fanout_load is 0.0.
Reading OpenROAD database at '/Users/aoxo/vscode/superfloat.gpu/librelane/systolic_array/runs/RUN_2026-06-24_19-18-33/21-openroad-generatepdn/systolic_array.odb'…
[WARNING ORD-2056] The following 2 liberty cell(s) do not have LEF masters and will be marked as dont-use:
  sky130_ef_io__analog_minesd_pad
  sky130_ef_io__analog_minesd_pad_short
Reading design constraints file at '/nix/store/38q40jfdrbmaz6c7rq2km1bipdi0873m-python3-3.13.9-env/lib/python3.13/site-packages/librelane/scripts/base.sdc'…
[INFO] Using clock clk…
[INFO] Setting output delay to: 0.04
[INFO] Setting input delay to: 0.04
[INFO] Setting load to: 0.033442
[INFO] Setting clock uncertainty to: 0.20
[INFO] Setting clock transition to: 0.30
[INFO] Setting timing derate to: 5%
+ global_placement -density 0.65 -skip_io -pad_right 0 -pad_left 0 -init_wirelength_coef 0.25
[INFO GPL-0001] ---- Initialize GPL Main Data Structures
[INFO GPL-0002] DBU: 1000
[INFO GPL-0003] SiteSize: (  0.460  2.720 ) um
[INFO GPL-0004] CoreBBox: (  5.520 10.880 ) ( 394.220 266.560 ) um
[INFO GPL-0036] Movable instances area:      66002.051 um^2
[INFO GPL-0037] Total instances area:        68509.456 um^2
[INFO GPL-0035] Pin density area adjust:      8417.538 um^2
[INFO GPL-0032] ---- Initialize Region: Top-level
[INFO GPL-0006] Number of instances:              7581
[INFO GPL-0007] Movable instances:                5953
[INFO GPL-0008] Fixed instances:                  1628
[INFO GPL-0009] Dummy instances:                     0
[INFO GPL-0010] Number of nets:                   6031
[INFO GPL-0011] Number of pins:                  20678
[INFO GPL-0012] Die BBox:  (  0.000  0.000 ) ( 400.000 280.000 ) um
[INFO GPL-0013] Core BBox: (  5.520 10.880 ) ( 394.220 266.560 ) um
[INFO GPL-0016] Core area:                   99382.816 um^2
[INFO GPL-0014] Region name: top-level.
[INFO GPL-0015] Region area:                 99382.816 um^2
[INFO GPL-0017] Fixed instances area:         2507.405 um^2
[INFO GPL-0018] Movable instances area:      74419.589 um^2
[INFO GPL-0019] Utilization:                    76.820 %
[INFO GPL-0020] Standard cells area:         74419.589 um^2
[INFO GPL-0021] Large instances area:            0.000 um^2
[INFO GPL-0005] ---- Execute Conjugate Gradient Initial Placement.
[INFO GPL-0051] Source of initial instance position counters:
	Odb location = 0	Core center = 5953	Region center = 0
[INFO GPL-0033] ---- Initialize Nesterov Region: Top-level
[WARNING GPL-0302] Target density 0.6500 is too low for the available free area.
Automatically adjusting to uniform density 0.7700.
[INFO GPL-0023] Placement target density:       0.7700
[INFO GPL-0024] Movable insts average area:     12.501 um^2
[INFO GPL-0025] Ideal bin area:                 16.235 um^2
[INFO GPL-0026] Ideal bin count:                  6121
[INFO GPL-0027] Total bin area:              99382.816 um^2
[INFO GPL-0028] Bin count (X, Y):          64 ,     64
[INFO GPL-0029] Bin size (W * H):       6.073 *  3.995 um
[INFO GPL-0030] Number of bins:                   4096
[INFO GPL-0007] ---- Execute Nesterov Global Placement.
[INFO GPL-0031] HPWL: Half-Perimeter Wirelength
Iteration | Overflow |     HPWL (um) |  HPWL(%) |   Penalty | Group
---------------------------------------------------------------
        0 |   0.9986 |  1.565982e+04 |   +0.00% |  8.79e-16 |      
       10 |   0.9976 |  1.056984e+04 |  -32.50% |  1.43e-15 |      
       20 |   0.9971 |  1.021169e+04 |   -3.39% |  2.33e-15 |      
       30 |   0.9971 |  1.006009e+04 |   -1.48% |  3.80e-15 |      
       40 |   0.9971 |  9.989076e+03 |   -0.71% |  6.19e-15 |      
       50 |   0.9971 |  9.959986e+03 |   -0.29% |  1.01e-14 |      
       60 |   0.9971 |  9.950974e+03 |   -0.09% |  1.64e-14 |      
       70 |   0.9970 |  9.941062e+03 |   -0.10% |  2.67e-14 |      
       80 |   0.9967 |  9.931289e+03 |   -0.10% |  4.36e-14 |      
       90 |   0.9966 |  9.932785e+03 |   +0.02% |  7.10e-14 |      
      100 |   0.9965 |  9.970083e+03 |   +0.38% |  1.16e-13 |      
      110 |   0.9953 |  1.010772e+04 |   +1.38% |  1.88e-13 |      
      120 |   0.9932 |  1.053978e+04 |   +4.27% |  3.07e-13 |      
      130 |   0.9912 |  1.170492e+04 |  +11.05% |  4.99e-13 |      
      140 |   0.9829 |  1.392713e+04 |  +18.99% |  8.13e-13 |      
      150 |   0.9718 |  1.644003e+04 |  +18.04% |  1.32e-12 |      
      160 |   0.9604 |  1.901794e+04 |  +15.68% |  2.16e-12 |      
      170 |   0.9496 |  2.163789e+04 |  +13.78% |  3.51e-12 |      
      180 |   0.9379 |  2.430367e+04 |  +12.32% |  5.72e-12 |      
      190 |   0.9240 |  2.760472e+04 |  +13.58% |  9.31e-12 |      
      200 |   0.9031 |  3.196664e+04 |  +15.80% |  1.52e-11 |      
      210 |   0.8755 |  3.696135e+04 |  +15.62% |  2.47e-11 |      
      220 |   0.8468 |  4.184563e+04 |  +13.21% |  4.02e-11 |      
      230 |   0.8190 |  4.649094e+04 |  +11.10% |  6.54e-11 |      
      240 |   0.7834 |  5.116020e+04 |  +10.04% |  1.07e-10 |      
      250 |   0.7463 |  5.580553e+04 |   +9.08% |  1.73e-10 |      
      260 |   0.7046 |  6.054222e+04 |   +8.49% |  2.82e-10 |      
      270 |   0.6643 |  6.514296e+04 |   +7.60% |  4.60e-10 |      
      280 |   0.6179 |  6.908193e+04 |   +6.05% |  7.48e-10 |      
      290 |   0.5702 |  7.226874e+04 |   +4.61% |  1.22e-09 |      
      300 |   0.5213 |  7.546070e+04 |   +4.42% |  1.98e-09 |      
      310 |   0.4647 |  7.894923e+04 |   +4.62% |  3.23e-09 |      
      320 |   0.4125 |  8.318468e+04 |   +5.36% |  5.26e-09 |      
      330 |   0.3618 |  8.699981e+04 |   +4.59% |  8.57e-09 |      
      340 |   0.3195 |  8.921560e+04 |   +2.55% |  1.31e-08 |      
      350 |   0.2858 |  9.067458e+04 |   +1.64% |  1.93e-08 |      
      360 |   0.2594 |  9.215944e+04 |   +1.64% |  2.85e-08 |      
      370 |   0.2305 |  9.287919e+04 |   +0.78% |  4.20e-08 |      
      380 |   0.2041 |  9.351398e+04 |   +0.68% |  6.18e-08 |      
      390 |   0.1809 |  9.387074e+04 |   +0.38% |  9.11e-08 |      
      400 |   0.1593 |  9.439421e+04 |   +0.56% |  1.34e-07 |      
      410 |   0.1414 |  9.476124e+04 |   +0.39% |  1.98e-07 |      
      420 |   0.1227 |  9.516587e+04 |   +0.43% |  2.91e-07 |      
      430 |   0.1080 |  9.556713e+04 |   +0.42% |  4.29e-07 |      
      436 |   0.0988 |  9.581754e+04 |          |  5.62e-07 |      
---------------------------------------------------------------
[INFO GPL-1001] Global placement finished at iteration 436
[INFO GPL-1002] Placed Cell Area            74419.5887
[INFO GPL-1003] Available Free Area         96875.4112
[INFO GPL-1004] Minimum Feasible Density        0.7700 (cell_area / free_area)
[INFO GPL-1006]   Suggested Target Densities:
[INFO GPL-1007]     - For 90% usage of free space: 0.8536
[INFO GPL-1008]     - For 80% usage of free space: 0.9602
[INFO GPL-1014] Final placement area: 74419.59 (+0.00%)
Setting global connections for newly added cells…
[INFO] Setting global connections...
[INFO ODB-0403] 0 connections made, 0 conflicts skipped.
Updating metrics…
Cell type report:                       Count       Area
  Fill cell                               188     705.68
  Tap cell                               1440    1801.73
  Buffer                                  344    2822.71
  Inverter                                157     599.32
  Sequential cell                         396    8423.08
  Multi-Input combinational cell         5056   54156.94
  Total                                  7581   68509.46
Writing OpenROAD database to '/Users/aoxo/vscode/superfloat.gpu/librelane/systolic_array/runs/RUN_2026-06-24_19-18-33/24-openroad-globalplacementskipio/systolic_array.odb'…
Writing netlist to '/Users/aoxo/vscode/superfloat.gpu/librelane/systolic_array/runs/RUN_2026-06-24_19-18-33/24-openroad-globalplacementskipio/systolic_array.nl.v'…
Writing powered netlist to '/Users/aoxo/vscode/superfloat.gpu/librelane/systolic_array/runs/RUN_2026-06-24_19-18-33/24-openroad-globalplacementskipio/systolic_array.pnl.v'…
Writing layout to '/Users/aoxo/vscode/superfloat.gpu/librelane/systolic_array/runs/RUN_2026-06-24_19-18-33/24-openroad-globalplacementskipio/systolic_array.def'…
Writing timing constraints to '/Users/aoxo/vscode/superfloat.gpu/librelane/systolic_array/runs/RUN_2026-06-24_19-18-33/24-openroad-globalplacementskipio/systolic_array.sdc'…
