Clock: clk
Sources: clk 
Generated: no
Virtual: yes
Propagated: no
Period: 20.000000

===========================================================================
report_clock_properties
============================================================================
Clock                   Period          Waveform
----------------------------------------------------
clk                  20.000000    0.000000 10.000000

===========================================================================
report_clock_latency
============================================================================
Clock clk
rise -> rise
    min     max
0.000000 0.000000 source latency
2.854133         network latency _254974_/CLK
        3.248867 network latency _261836_/CLK
---------------
2.854133 3.248867 latency
        0.394734 skew

fall -> fall
    min     max
0.000000 0.000000 source latency
2.924721         network latency _254974_/CLK
        3.286532 network latency _261836_/CLK
---------------
2.924721 3.286532 latency
        0.361811 skew



===========================================================================
report_clock_min_period
============================================================================
clk period_min = 8.71 fmax = 114.75
