
===========================================================================
report_checks -unconstrained
===========================================================================
======================= max_ss_100C_1v60 Corner ===================================

Startpoint: _4006_ (rising edge-triggered flip-flop clocked by clk)
Endpoint: gpio_out[19] (output port clocked by clk)
Path Group: clk
Path Type: max

Fanout         Cap        Slew       Delay        Time   Description
---------------------------------------------------------------------------------------------
                                  0.000000    0.000000   clock clk (rise edge)
                                  0.000000    0.000000   clock source latency
     2    0.030683    0.000000    0.000000    0.000000 ^ gpio_in[38] (in)
                                                         gpio_in[38] (net)
                      0.004236    0.002118    0.002118 ^ delaybuf_0_clk/A (sky130_fd_sc_hd__clkbuf_16)
     1    0.011644    0.056940    0.181044    0.183161 ^ delaybuf_0_clk/X (sky130_fd_sc_hd__clkbuf_16)
                                                         delaynet_0_clk (net)
                      0.056943    0.000967    0.184128 ^ delaybuf_1_clk/A (sky130_fd_sc_hd__clkbuf_16)
     1    0.011419    0.056765    0.203340    0.387468 ^ delaybuf_1_clk/X (sky130_fd_sc_hd__clkbuf_16)
                                                         delaynet_1_clk (net)
                      0.056768    0.001044    0.388512 ^ delaybuf_2_clk/A (sky130_fd_sc_hd__clkbuf_16)
     1    0.011247    0.056536    0.203085    0.591597 ^ delaybuf_2_clk/X (sky130_fd_sc_hd__clkbuf_16)
                                                         delaynet_2_clk (net)
                      0.056537    0.000717    0.592315 ^ delaybuf_3_clk/A (sky130_fd_sc_hd__clkbuf_16)
     1    0.011274    0.056583    0.202946    0.795260 ^ delaybuf_3_clk/X (sky130_fd_sc_hd__clkbuf_16)
                                                         delaynet_3_clk (net)
                      0.056587    0.001038    0.796298 ^ delaybuf_4_clk/A (sky130_fd_sc_hd__clkbuf_16)
     1    0.011739    0.057171    0.203612    0.999910 ^ delaybuf_4_clk/X (sky130_fd_sc_hd__clkbuf_16)
                                                         delaynet_4_clk (net)
                      0.057174    0.001097    1.001007 ^ delaybuf_5_clk/A (sky130_fd_sc_hd__clkbuf_16)
     1    0.011644    0.057036    0.203818    1.204825 ^ delaybuf_5_clk/X (sky130_fd_sc_hd__clkbuf_16)
                                                         delaynet_5_clk (net)
                      0.057037    0.000763    1.205588 ^ delaybuf_6_clk/A (sky130_fd_sc_hd__clkbuf_16)
     1    0.011144    0.056412    0.203023    1.408611 ^ delaybuf_6_clk/X (sky130_fd_sc_hd__clkbuf_16)
                                                         delaynet_6_clk (net)
                      0.056415    0.000935    1.409546 ^ delaybuf_7_clk/A (sky130_fd_sc_hd__clkbuf_16)
     1    0.011201    0.056487    0.202818    1.612365 ^ delaybuf_7_clk/X (sky130_fd_sc_hd__clkbuf_16)
                                                         delaynet_7_clk (net)
                      0.056490    0.000967    1.613332 ^ delaybuf_8_clk/A (sky130_fd_sc_hd__clkbuf_16)
     1    0.027103    0.076707    0.224297    1.837629 ^ delaybuf_8_clk/X (sky130_fd_sc_hd__clkbuf_16)
                                                         delaynet_8_clk (net)
                      0.077202    0.004114    1.841743 ^ wire2355/A (sky130_fd_sc_hd__buf_6)
     1    0.089735    0.290259    0.324065    2.165808 ^ wire2355/X (sky130_fd_sc_hd__buf_6)
                                                         net2355 (net)
                      0.299738    0.041390    2.207198 ^ wire2354/A (sky130_fd_sc_hd__buf_6)
     1    0.028577    0.108345    0.304718    2.511917 ^ wire2354/X (sky130_fd_sc_hd__buf_6)
                                                         net2354 (net)
                      0.108808    0.004989    2.516906 ^ delaybuf_9_clk/A (sky130_fd_sc_hd__clkbuf_16)
     1    0.014085    0.060088    0.230659    2.747565 ^ delaybuf_9_clk/X (sky130_fd_sc_hd__clkbuf_16)
                                                         delaynet_9_clk (net)
                      0.060092    0.001507    2.749072 ^ delaybuf_10_clk/A (sky130_fd_sc_hd__clkbuf_16)
     1    0.014885    0.061112    0.209539    2.958611 ^ delaybuf_10_clk/X (sky130_fd_sc_hd__clkbuf_16)
                                                         delaynet_10_clk (net)
                      0.061116    0.001621    2.960232 ^ delaybuf_11_clk/A (sky130_fd_sc_hd__clkbuf_16)
     1    0.015566    0.061960    0.210928    3.171160 ^ delaybuf_11_clk/X (sky130_fd_sc_hd__clkbuf_16)
                                                         delaynet_11_clk (net)
                      0.061964    0.001714    3.172874 ^ delaybuf_12_clk/A (sky130_fd_sc_hd__clkbuf_16)
     1    0.015579    0.061977    0.211322    3.384196 ^ delaybuf_12_clk/X (sky130_fd_sc_hd__clkbuf_16)
                                                         delaynet_12_clk (net)
                      0.061981    0.001727    3.385922 ^ delaybuf_13_clk/A (sky130_fd_sc_hd__clkbuf_16)
     1    0.014202    0.060260    0.209424    3.595346 ^ delaybuf_13_clk/X (sky130_fd_sc_hd__clkbuf_16)
                                                         delaynet_13_clk (net)
                      0.060265    0.001553    3.596899 ^ delaybuf_14_clk/A (sky130_fd_sc_hd__clkbuf_16)
     1    0.014251    0.060320    0.208737    3.805637 ^ delaybuf_14_clk/X (sky130_fd_sc_hd__clkbuf_16)
                                                         delaynet_14_clk (net)
                      0.060324    0.001535    3.807172 ^ delaybuf_15_clk/A (sky130_fd_sc_hd__clkbuf_16)
     1    0.017618    0.064510    0.213384    4.020555 ^ delaybuf_15_clk/X (sky130_fd_sc_hd__clkbuf_16)
                                                         delaynet_15_clk (net)
                      0.064532    0.001944    4.022499 ^ delaybuf_16_clk/A (sky130_fd_sc_hd__clkbuf_16)
     1    0.015712    0.062140    0.212658    4.235157 ^ delaybuf_16_clk/X (sky130_fd_sc_hd__clkbuf_16)
                                                         delaynet_16_clk (net)
                      0.062145    0.001757    4.236914 ^ delaybuf_17_clk/A (sky130_fd_sc_hd__clkbuf_16)
     1    0.015769    0.062213    0.211664    4.448578 ^ delaybuf_17_clk/X (sky130_fd_sc_hd__clkbuf_16)
                                                         delaynet_17_clk (net)
                      0.062217    0.001748    4.450326 ^ delaybuf_18_clk/A (sky130_fd_sc_hd__clkbuf_16)
     1    0.017596    0.064483    0.214198    4.664525 ^ delaybuf_18_clk/X (sky130_fd_sc_hd__clkbuf_16)
                                                         delaynet_18_clk (net)
                      0.064505    0.001953    4.666477 ^ delaybuf_19_clk/A (sky130_fd_sc_hd__clkbuf_16)
     1    0.013512    0.059394    0.209602    4.876079 ^ delaybuf_19_clk/X (sky130_fd_sc_hd__clkbuf_16)
                                                         delaynet_19_clk (net)
                      0.059399    0.001508    4.877587 ^ delaybuf_20_clk/A (sky130_fd_sc_hd__clkbuf_16)
     1    0.014644    0.060813    0.208880    5.086467 ^ delaybuf_20_clk/X (sky130_fd_sc_hd__clkbuf_16)
                                                         delaynet_20_clk (net)
                      0.060817    0.001596    5.088063 ^ delaybuf_21_clk/A (sky130_fd_sc_hd__clkbuf_16)
     1    0.014318    0.060410    0.209033    5.297096 ^ delaybuf_21_clk/X (sky130_fd_sc_hd__clkbuf_16)
                                                         delaynet_21_clk (net)
                      0.060415    0.001632    5.298728 ^ clkbuf_regs_0_clk/A (sky130_fd_sc_hd__clkbuf_16)
     1    0.008469    0.052504    0.200245    5.498972 ^ clkbuf_regs_0_clk/X (sky130_fd_sc_hd__clkbuf_16)
                                                         gpio_in[38]_regs (net)
                      0.052505    0.000666    5.499639 ^ clkbuf_0_gpio_in[38]_regs/A (sky130_fd_sc_hd__clkbuf_16)
     2    0.059483    0.120300    0.257177    5.756816 ^ clkbuf_0_gpio_in[38]_regs/X (sky130_fd_sc_hd__clkbuf_16)
                                                         clknet_0_gpio_in[38]_regs (net)
                      0.123807    0.015671    5.772487 ^ clkbuf_1_1_0_gpio_in[38]_regs/A (sky130_fd_sc_hd__clkbuf_16)
     1    0.080022    0.149980    0.302458    6.074945 ^ clkbuf_1_1_0_gpio_in[38]_regs/X (sky130_fd_sc_hd__clkbuf_16)
                                                         clknet_1_1_0_gpio_in[38]_regs (net)
                      0.160456    0.030282    6.105227 ^ clkbuf_1_1_1_gpio_in[38]_regs/A (sky130_fd_sc_hd__clkbuf_16)
     2    0.084498    0.154801    0.333966    6.439193 ^ clkbuf_1_1_1_gpio_in[38]_regs/X (sky130_fd_sc_hd__clkbuf_16)
                                                         clknet_1_1_1_gpio_in[38]_regs (net)
                      0.157997    0.017443    6.456636 ^ clkbuf_2_3_0_gpio_in[38]_regs/A (sky130_fd_sc_hd__clkbuf_16)
     2    0.065888    0.129486    0.312154    6.768791 ^ clkbuf_2_3_0_gpio_in[38]_regs/X (sky130_fd_sc_hd__clkbuf_16)
                                                         clknet_2_3_0_gpio_in[38]_regs (net)
                      0.130658    0.009282    6.778073 ^ clkbuf_3_6_0_gpio_in[38]_regs/A (sky130_fd_sc_hd__clkbuf_16)
     2    0.047656    0.103760    0.283711    7.061784 ^ clkbuf_3_6_0_gpio_in[38]_regs/X (sky130_fd_sc_hd__clkbuf_16)
                                                         clknet_3_6_0_gpio_in[38]_regs (net)
                      0.104515    0.006482    7.068266 ^ clkbuf_4_12_0_gpio_in[38]_regs/A (sky130_fd_sc_hd__clkbuf_16)
     2    0.023713    0.072062    0.242124    7.310390 ^ clkbuf_4_12_0_gpio_in[38]_regs/X (sky130_fd_sc_hd__clkbuf_16)
                                                         clknet_4_12_0_gpio_in[38]_regs (net)
                      0.072120    0.001559    7.311948 ^ clkbuf_5_25_0_gpio_in[38]_regs/A (sky130_fd_sc_hd__clkbuf_16)
     1    0.017989    0.064961    0.219236    7.531184 ^ clkbuf_5_25_0_gpio_in[38]_regs/X (sky130_fd_sc_hd__clkbuf_16)
                                                         clknet_5_25_0_gpio_in[38]_regs (net)
                      0.064987    0.002087    7.533271 ^ wire2300/A (sky130_fd_sc_hd__buf_6)
     2    0.064425    0.213025    0.277707    7.810978 ^ wire2300/X (sky130_fd_sc_hd__buf_6)
                                                         net2300 (net)
                      0.214592    0.014736    7.825714 ^ wire2299/A (sky130_fd_sc_hd__buf_6)
     1    0.118913    0.375241    0.457632    8.283346 ^ wire2299/X (sky130_fd_sc_hd__buf_6)
                                                         net2299 (net)
                      0.378408    0.027851    8.311197 ^ wire2298/A (sky130_fd_sc_hd__buf_6)
     1    0.042293    0.148633    0.360293    8.671491 ^ wire2298/X (sky130_fd_sc_hd__buf_6)
                                                         net2298 (net)
                      0.149436    0.008117    8.679607 ^ clkbuf_6_51__f_gpio_in[38]_regs/A (sky130_fd_sc_hd__clkbuf_16)
     3    0.040188    0.094908    0.285881    8.965488 ^ clkbuf_6_51__f_gpio_in[38]_regs/X (sky130_fd_sc_hd__clkbuf_16)
                                                         clknet_6_51__leaf_gpio_in[38]_regs (net)
                      0.094983    0.002429    8.967917 ^ clkbuf_leaf_137_gpio_in[38]_regs/A (sky130_fd_sc_hd__clkbuf_16)
     5    0.019556    0.066877    0.232249    9.200166 ^ clkbuf_leaf_137_gpio_in[38]_regs/X (sky130_fd_sc_hd__clkbuf_16)
                                                         clknet_leaf_137_gpio_in[38]_regs (net)
                      0.066892    0.000746    9.200912 ^ _4006_/CLK (sky130_fd_sc_hd__dfxtp_4)
     4    0.055998    0.267531    0.853428   10.054339 ^ _4006_/Q (sky130_fd_sc_hd__dfxtp_4)
                                                         bus_req (net)
                      0.267664    0.005594   10.059934 ^ wire3054/A (sky130_fd_sc_hd__clkbuf_8)
     1    0.057855    0.175506    0.391339   10.451273 ^ wire3054/X (sky130_fd_sc_hd__clkbuf_8)
                                                         net3054 (net)
                      0.178718    0.018765   10.470038 ^ wire3053/A (sky130_fd_sc_hd__buf_4)
     1    0.030710    0.150915    0.318432   10.788470 ^ wire3053/X (sky130_fd_sc_hd__buf_4)
                                                         net3053 (net)
                      0.151260    0.005770   10.794240 ^ wire1524/A (sky130_fd_sc_hd__buf_6)
     1    0.049909    0.169188    0.286198   11.080438 ^ wire1524/X (sky130_fd_sc_hd__buf_6)
                                                         net1524 (net)
                      0.171183    0.014651   11.095089 ^ wire1523/A (sky130_fd_sc_hd__buf_6)
     1    0.063392    0.210885    0.319456   11.414545 ^ wire1523/X (sky130_fd_sc_hd__buf_6)
                                                         net1523 (net)
                      0.215162    0.023801   11.438346 ^ _4805_/A (sky130_fd_sc_hd__clkbuf_4)
     1    0.037403    0.193833    0.401940   11.840285 ^ _4805_/X (sky130_fd_sc_hd__clkbuf_4)
                                                         net31 (net)
                      0.194419    0.008573   11.848858 ^ wire700/A (sky130_fd_sc_hd__buf_6)
     1    0.039449    0.138561    0.286619   12.135477 ^ wire700/X (sky130_fd_sc_hd__buf_6)
                                                         net700 (net)
                      0.139418    0.008685   12.144161 ^ wire699/A (sky130_fd_sc_hd__buf_6)
     1    0.037024    0.131174    0.257452   12.401613 ^ wire699/X (sky130_fd_sc_hd__buf_6)
                                                         net699 (net)
                      0.131980    0.008148   12.409761 ^ wire698/A (sky130_fd_sc_hd__buf_6)
     1    0.019761    0.082112    0.216444   12.626205 ^ wire698/X (sky130_fd_sc_hd__buf_6)
                                                         net698 (net)
                      0.082225    0.002721   12.628926 ^ wire2956/A (sky130_fd_sc_hd__buf_6)
     2    0.073717    0.241225    0.301828   12.930755 ^ wire2956/X (sky130_fd_sc_hd__buf_6)
                                                         net2956 (net)
                      0.244723    0.023245   12.954000 ^ output31/A (sky130_fd_sc_hd__buf_2)
     1    0.003656    0.052526    0.253821   13.207821 ^ output31/X (sky130_fd_sc_hd__buf_2)
                                                         gpio_out[19] (net)
                      0.052526    0.000211   13.208033 ^ gpio_out[19] (out)
                                             13.208033   data arrival time

                                 20.000000   20.000000   clock clk (rise edge)
                                  0.000000   20.000000   clock network delay (propagated)
                                 -0.250000   19.750002   clock uncertainty
                                  0.000000   19.750002   clock reconvergence pessimism
                                 -4.000000   15.750001   output external delay
                                             15.750001   data required time
---------------------------------------------------------------------------------------------
                                             15.750001   data required time
                                            -13.208033   data arrival time
---------------------------------------------------------------------------------------------
                                              2.541969   slack (MET)




===========================================================================
report_checks --slack_max -0.01
============================================================================
======================= max_ss_100C_1v60 Corner ===================================

No paths found.


===========================================================================
 report_check_types -max_slew -max_cap -max_fanout -violators
============================================================================
======================= max_ss_100C_1v60 Corner ===================================



===========================================================================
report_parasitic_annotation -report_unannotated
============================================================================
Found 927 unannotated drivers.
 analog_io[0]
 analog_io[10]
 analog_io[11]
 analog_io[12]
 analog_io[13]
 analog_io[14]
 analog_io[15]
 analog_io[16]
 analog_io[17]
 analog_io[18]
 analog_io[19]
 analog_io[1]
 analog_io[20]
 analog_io[21]
 analog_io[22]
 analog_io[23]
 analog_io[24]
 analog_io[25]
 analog_io[26]
 analog_io[27]
 analog_io[28]
 analog_io[29]
 analog_io[2]
 analog_io[30]
 analog_io[31]
 analog_io[32]
 analog_io[33]
 analog_io[34]
 analog_io[35]
 analog_io[36]
 analog_io[37]
 analog_io[38]
 analog_io[39]
 analog_io[3]
 analog_io[40]
 analog_io[41]
 analog_io[42]
 analog_io[43]
 analog_io[4]
 analog_io[5]
 analog_io[6]
 analog_io[7]
 analog_io[8]
 analog_io[9]
 analog_noesd_io[0]
 analog_noesd_io[10]
 analog_noesd_io[11]
 analog_noesd_io[12]
 analog_noesd_io[13]
 analog_noesd_io[14]
 analog_noesd_io[15]
 analog_noesd_io[16]
 analog_noesd_io[17]
 analog_noesd_io[18]
 analog_noesd_io[19]
 analog_noesd_io[1]
 analog_noesd_io[20]
 analog_noesd_io[21]
 analog_noesd_io[22]
 analog_noesd_io[23]
 analog_noesd_io[24]
 analog_noesd_io[25]
 analog_noesd_io[26]
 analog_noesd_io[27]
 analog_noesd_io[28]
 analog_noesd_io[29]
 analog_noesd_io[2]
 analog_noesd_io[30]
 analog_noesd_io[31]
 analog_noesd_io[32]
 analog_noesd_io[33]
 analog_noesd_io[34]
 analog_noesd_io[35]
 analog_noesd_io[36]
 analog_noesd_io[37]
 analog_noesd_io[38]
 analog_noesd_io[39]
 analog_noesd_io[3]
 analog_noesd_io[40]
 analog_noesd_io[41]
 analog_noesd_io[42]
 analog_noesd_io[43]
 analog_noesd_io[4]
 analog_noesd_io[5]
 analog_noesd_io[6]
 analog_noesd_io[7]
 analog_noesd_io[8]
 analog_noesd_io[9]
 gpio_in[0]
 gpio_in[10]
 gpio_in[11]
 gpio_in[12]
 gpio_in[13]
 gpio_in[14]
 gpio_in[15]
 gpio_in[16]
 gpio_in[17]
 gpio_in[18]
 gpio_in[19]
 gpio_in[1]
 gpio_in[22]
 gpio_in[23]
 gpio_in[2]
 gpio_in[3]
 gpio_in[41]
 gpio_in[42]
 gpio_in[43]
 gpio_in[4]
 gpio_in[5]
 gpio_in[6]
 gpio_in[7]
 gpio_in[8]
 gpio_in[9]
 gpio_in_h[0]
 gpio_in_h[10]
 gpio_in_h[11]
 gpio_in_h[12]
 gpio_in_h[13]
 gpio_in_h[14]
 gpio_in_h[15]
 gpio_in_h[16]
 gpio_in_h[17]
 gpio_in_h[18]
 gpio_in_h[19]
 gpio_in_h[1]
 gpio_in_h[20]
 gpio_in_h[21]
 gpio_in_h[22]
 gpio_in_h[23]
 gpio_in_h[24]
 gpio_in_h[25]
 gpio_in_h[26]
 gpio_in_h[27]
 gpio_in_h[28]
 gpio_in_h[29]
 gpio_in_h[2]
 gpio_in_h[30]
 gpio_in_h[31]
 gpio_in_h[32]
 gpio_in_h[33]
 gpio_in_h[34]
 gpio_in_h[35]
 gpio_in_h[36]
 gpio_in_h[37]
 gpio_in_h[38]
 gpio_in_h[39]
 gpio_in_h[3]
 gpio_in_h[40]
 gpio_in_h[41]
 gpio_in_h[42]
 gpio_in_h[43]
 gpio_in_h[4]
 gpio_in_h[5]
 gpio_in_h[6]
 gpio_in_h[7]
 gpio_in_h[8]
 gpio_in_h[9]
 gpio_loopback_one[0]
 gpio_loopback_one[10]
 gpio_loopback_one[11]
 gpio_loopback_one[12]
 gpio_loopback_one[13]
 gpio_loopback_one[14]
 gpio_loopback_one[15]
 gpio_loopback_one[16]
 gpio_loopback_one[17]
 gpio_loopback_one[18]
 gpio_loopback_one[19]
 gpio_loopback_one[1]
 gpio_loopback_one[20]
 gpio_loopback_one[21]
 gpio_loopback_one[22]
 gpio_loopback_one[23]
 gpio_loopback_one[24]
 gpio_loopback_one[25]
 gpio_loopback_one[26]
 gpio_loopback_one[27]
 gpio_loopback_one[28]
 gpio_loopback_one[29]
 gpio_loopback_one[2]
 gpio_loopback_one[30]
 gpio_loopback_one[31]
 gpio_loopback_one[32]
 gpio_loopback_one[33]
 gpio_loopback_one[34]
 gpio_loopback_one[35]
 gpio_loopback_one[36]
 gpio_loopback_one[37]
 gpio_loopback_one[38]
 gpio_loopback_one[39]
 gpio_loopback_one[3]
 gpio_loopback_one[40]
 gpio_loopback_one[41]
 gpio_loopback_one[42]
 gpio_loopback_one[43]
 gpio_loopback_one[4]
 gpio_loopback_one[5]
 gpio_loopback_one[6]
 gpio_loopback_one[7]
 gpio_loopback_one[8]
 gpio_loopback_one[9]
 gpio_loopback_zero[0]
 gpio_loopback_zero[10]
 gpio_loopback_zero[11]
 gpio_loopback_zero[12]
 gpio_loopback_zero[13]
 gpio_loopback_zero[14]
 gpio_loopback_zero[15]
 gpio_loopback_zero[16]
 gpio_loopback_zero[17]
 gpio_loopback_zero[18]
 gpio_loopback_zero[19]
 gpio_loopback_zero[1]
 gpio_loopback_zero[20]
 gpio_loopback_zero[21]
 gpio_loopback_zero[22]
 gpio_loopback_zero[23]
 gpio_loopback_zero[24]
 gpio_loopback_zero[25]
 gpio_loopback_zero[26]
 gpio_loopback_zero[27]
 gpio_loopback_zero[28]
 gpio_loopback_zero[29]
 gpio_loopback_zero[2]
 gpio_loopback_zero[30]
 gpio_loopback_zero[31]
 gpio_loopback_zero[32]
 gpio_loopback_zero[33]
 gpio_loopback_zero[34]
 gpio_loopback_zero[35]
 gpio_loopback_zero[36]
 gpio_loopback_zero[37]
 gpio_loopback_zero[38]
 gpio_loopback_zero[39]
 gpio_loopback_zero[3]
 gpio_loopback_zero[40]
 gpio_loopback_zero[41]
 gpio_loopback_zero[42]
 gpio_loopback_zero[43]
 gpio_loopback_zero[4]
 gpio_loopback_zero[5]
 gpio_loopback_zero[6]
 gpio_loopback_zero[7]
 gpio_loopback_zero[8]
 gpio_loopback_zero[9]
 mask_rev[0]
 mask_rev[10]
 mask_rev[11]
 mask_rev[12]
 mask_rev[13]
 mask_rev[14]
 mask_rev[15]
 mask_rev[16]
 mask_rev[17]
 mask_rev[18]
 mask_rev[19]
 mask_rev[1]
 mask_rev[20]
 mask_rev[21]
 mask_rev[22]
 mask_rev[23]
 mask_rev[24]
 mask_rev[25]
 mask_rev[26]
 mask_rev[27]
 mask_rev[28]
 mask_rev[29]
 mask_rev[2]
 mask_rev[30]
 mask_rev[31]
 mask_rev[3]
 mask_rev[4]
 mask_rev[5]
 mask_rev[6]
 mask_rev[7]
 mask_rev[8]
 mask_rev[9]
 por_l
 porb_h
 resetb_h
 _4236__2166/LO
 chip.gpu_inst.tiles\[0\].tile/data_mem_read_address[16]
 chip.gpu_inst.tiles\[0\].tile/data_mem_read_address[17]
 chip.gpu_inst.tiles\[0\].tile/data_mem_read_address[18]
 chip.gpu_inst.tiles\[0\].tile/data_mem_write_address[16]
 chip.gpu_inst.tiles\[0\].tile/data_mem_write_address[17]
 chip.gpu_inst.tiles\[0\].tile/data_mem_write_address[18]
 chip.gpu_inst.tiles\[1\].tile/data_mem_read_address[16]
 chip.gpu_inst.tiles\[1\].tile/data_mem_read_address[17]
 chip.gpu_inst.tiles\[1\].tile/data_mem_read_address[18]
 chip.gpu_inst.tiles\[1\].tile/data_mem_write_address[16]
 chip.gpu_inst.tiles\[1\].tile/data_mem_write_address[17]
 chip.gpu_inst.tiles\[1\].tile/data_mem_write_address[18]
 chip.gpu_inst.tiles\[2\].tile/data_mem_read_address[16]
 chip.gpu_inst.tiles\[2\].tile/data_mem_read_address[17]
 chip.gpu_inst.tiles\[2\].tile/data_mem_read_address[18]
 chip.gpu_inst.tiles\[2\].tile/data_mem_write_address[16]
 chip.gpu_inst.tiles\[2\].tile/data_mem_write_address[17]
 chip.gpu_inst.tiles\[2\].tile/data_mem_write_address[18]
 chip.gpu_inst.tiles\[3\].tile/data_mem_read_address[16]
 chip.gpu_inst.tiles\[3\].tile/data_mem_read_address[17]
 chip.gpu_inst.tiles\[3\].tile/data_mem_read_address[18]
 chip.gpu_inst.tiles\[3\].tile/data_mem_write_address[16]
 chip.gpu_inst.tiles\[3\].tile/data_mem_write_address[17]
 chip.gpu_inst.tiles\[3\].tile/data_mem_write_address[18]
 clkload0/X
 clkload1/Y
 clkload10/Y
 clkload11/Y
 clkload12/X
 clkload13/Y
 clkload14/Y
 clkload15/X
 clkload16/Y
 clkload17/Y
 clkload18/X
 clkload19/X
 clkload2/Y
 clkload20/Y
 clkload21/Y
 clkload22/Y
 clkload23/Y
 clkload24/Y
 clkload25/X
 clkload26/X
 clkload27/X
 clkload28/X
 clkload29/Y
 clkload3/Y
 clkload30/Y
 clkload31/Y
 clkload32/X
 clkload33/Y
 clkload34/Y
 clkload35/X
 clkload36/X
 clkload37/Y
 clkload38/Y
 clkload39/Y
 clkload4/X
 clkload40/Y
 clkload41/Y
 clkload42/Y
 clkload43/Y
 clkload44/Y
 clkload45/X
 clkload46/Y
 clkload47/X
 clkload48/X
 clkload49/Y
 clkload5/Y
 clkload50/Y
 clkload51/Y
 clkload52/Y
 clkload53/Y
 clkload54/Y
 clkload55/X
 clkload56/Y
 clkload57/X
 clkload58/Y
 clkload59/X
 clkload6/Y
 clkload60/Y
 clkload61/Y
 clkload62/Y
 clkload63/Y
 clkload64/X
 clkload65/X
 clkload66/X
 clkload67/Y
 clkload68/Y
 clkload69/Y
 clkload7/Y
 clkload70/X
 clkload71/Y
 clkload72/X
 clkload73/X
 clkload74/X
 clkload8/X
 clkload9/Y
 openframe_project_wrapper/HI
 openframe_project_wrapper_1735/HI
 openframe_project_wrapper_1736/HI
 openframe_project_wrapper_1737/HI
 openframe_project_wrapper_1738/HI
 openframe_project_wrapper_1739/HI
 openframe_project_wrapper_1740/HI
 openframe_project_wrapper_1741/HI
 openframe_project_wrapper_1742/HI
 openframe_project_wrapper_1743/HI
 openframe_project_wrapper_1744/HI
 openframe_project_wrapper_1745/HI
 openframe_project_wrapper_1746/HI
 openframe_project_wrapper_1747/HI
 openframe_project_wrapper_1748/HI
 openframe_project_wrapper_1749/HI
 openframe_project_wrapper_1750/HI
 openframe_project_wrapper_1751/HI
 openframe_project_wrapper_1752/HI
 openframe_project_wrapper_1753/HI
 openframe_project_wrapper_1754/HI
 openframe_project_wrapper_1755/HI
 openframe_project_wrapper_1756/HI
 openframe_project_wrapper_1757/HI
 openframe_project_wrapper_1758/HI
 openframe_project_wrapper_1759/HI
 openframe_project_wrapper_1760/HI
 openframe_project_wrapper_1761/HI
 openframe_project_wrapper_1762/HI
 openframe_project_wrapper_1763/HI
 openframe_project_wrapper_1764/HI
 openframe_project_wrapper_1765/HI
 openframe_project_wrapper_1766/HI
 openframe_project_wrapper_1767/HI
 openframe_project_wrapper_1768/HI
 openframe_project_wrapper_1769/HI
 openframe_project_wrapper_1770/HI
 openframe_project_wrapper_1771/HI
 openframe_project_wrapper_1772/HI
 openframe_project_wrapper_1773/HI
 openframe_project_wrapper_1774/HI
 openframe_project_wrapper_1775/HI
 openframe_project_wrapper_1776/HI
 openframe_project_wrapper_1777/HI
 openframe_project_wrapper_1778/HI
 openframe_project_wrapper_1779/HI
 openframe_project_wrapper_1780/HI
 openframe_project_wrapper_1781/HI
 openframe_project_wrapper_1782/HI
 openframe_project_wrapper_1783/HI
 openframe_project_wrapper_1784/HI
 openframe_project_wrapper_1785/HI
 openframe_project_wrapper_1786/HI
 openframe_project_wrapper_1787/HI
 openframe_project_wrapper_1788/HI
 openframe_project_wrapper_1789/HI
 openframe_project_wrapper_1790/HI
 openframe_project_wrapper_1791/HI
 openframe_project_wrapper_1792/HI
 openframe_project_wrapper_1793/HI
 openframe_project_wrapper_1794/HI
 openframe_project_wrapper_1795/HI
 openframe_project_wrapper_1796/HI
 openframe_project_wrapper_1797/HI
 openframe_project_wrapper_1798/HI
 openframe_project_wrapper_1799/HI
 openframe_project_wrapper_1800/HI
 openframe_project_wrapper_1801/HI
 openframe_project_wrapper_1802/HI
 openframe_project_wrapper_1803/HI
 openframe_project_wrapper_1804/HI
 openframe_project_wrapper_1805/HI
 openframe_project_wrapper_1806/HI
 openframe_project_wrapper_1807/HI
 openframe_project_wrapper_1808/HI
 openframe_project_wrapper_1809/HI
 openframe_project_wrapper_1810/HI
 openframe_project_wrapper_1811/HI
 openframe_project_wrapper_1812/HI
 openframe_project_wrapper_1813/HI
 openframe_project_wrapper_1814/HI
 openframe_project_wrapper_1815/HI
 openframe_project_wrapper_1816/HI
 openframe_project_wrapper_1817/HI
 openframe_project_wrapper_1818/HI
 openframe_project_wrapper_1819/HI
 openframe_project_wrapper_1820/HI
 openframe_project_wrapper_1821/HI
 openframe_project_wrapper_1822/HI
 openframe_project_wrapper_1823/HI
 openframe_project_wrapper_1824/HI
 openframe_project_wrapper_1825/HI
 openframe_project_wrapper_1826/HI
 openframe_project_wrapper_1827/HI
 openframe_project_wrapper_1828/HI
 openframe_project_wrapper_1829/HI
 openframe_project_wrapper_1830/HI
 openframe_project_wrapper_1831/HI
 openframe_project_wrapper_1832/HI
 openframe_project_wrapper_1833/HI
 openframe_project_wrapper_1834/HI
 openframe_project_wrapper_1835/HI
 openframe_project_wrapper_1836/HI
 openframe_project_wrapper_1837/HI
 openframe_project_wrapper_1838/HI
 openframe_project_wrapper_1839/HI
 openframe_project_wrapper_1840/HI
 openframe_project_wrapper_1841/HI
 openframe_project_wrapper_1842/HI
 openframe_project_wrapper_1843/HI
 openframe_project_wrapper_1844/HI
 openframe_project_wrapper_1845/HI
 openframe_project_wrapper_1846/HI
 openframe_project_wrapper_1847/HI
 openframe_project_wrapper_1848/HI
 openframe_project_wrapper_1849/HI
 openframe_project_wrapper_1850/HI
 openframe_project_wrapper_1851/HI
 openframe_project_wrapper_1852/HI
 openframe_project_wrapper_1853/HI
 openframe_project_wrapper_1854/HI
 openframe_project_wrapper_1855/HI
 openframe_project_wrapper_1856/HI
 openframe_project_wrapper_1857/HI
 openframe_project_wrapper_1858/HI
 openframe_project_wrapper_1859/HI
 openframe_project_wrapper_1860/HI
 openframe_project_wrapper_1861/HI
 openframe_project_wrapper_1862/HI
 openframe_project_wrapper_1863/HI
 openframe_project_wrapper_1864/HI
 openframe_project_wrapper_1865/HI
 openframe_project_wrapper_1866/HI
 openframe_project_wrapper_1867/HI
 openframe_project_wrapper_1868/HI
 openframe_project_wrapper_1869/HI
 openframe_project_wrapper_1870/HI
 openframe_project_wrapper_1871/HI
 openframe_project_wrapper_1872/HI
 openframe_project_wrapper_1873/HI
 openframe_project_wrapper_1874/HI
 openframe_project_wrapper_1875/HI
 openframe_project_wrapper_1876/HI
 openframe_project_wrapper_1877/HI
 openframe_project_wrapper_1878/HI
 openframe_project_wrapper_1879/HI
 openframe_project_wrapper_1880/HI
 openframe_project_wrapper_1881/HI
 openframe_project_wrapper_1882/HI
 openframe_project_wrapper_1883/HI
 openframe_project_wrapper_1884/HI
 openframe_project_wrapper_1885/HI
 openframe_project_wrapper_1886/HI
 openframe_project_wrapper_1887/HI
 openframe_project_wrapper_1888/HI
 openframe_project_wrapper_1889/HI
 openframe_project_wrapper_1890/HI
 openframe_project_wrapper_1891/HI
 openframe_project_wrapper_1892/HI
 openframe_project_wrapper_1893/HI
 openframe_project_wrapper_1894/HI
 openframe_project_wrapper_1895/HI
 openframe_project_wrapper_1896/HI
 openframe_project_wrapper_1897/HI
 openframe_project_wrapper_1898/HI
 openframe_project_wrapper_1899/HI
 openframe_project_wrapper_1900/HI
 openframe_project_wrapper_1901/HI
 openframe_project_wrapper_1902/HI
 openframe_project_wrapper_1903/HI
 openframe_project_wrapper_1904/HI
 openframe_project_wrapper_1905/HI
 openframe_project_wrapper_1906/HI
 openframe_project_wrapper_1907/HI
 openframe_project_wrapper_1908/HI
 openframe_project_wrapper_1909/HI
 openframe_project_wrapper_1910/HI
 openframe_project_wrapper_1911/HI
 openframe_project_wrapper_1912/HI
 openframe_project_wrapper_1913/HI
 openframe_project_wrapper_1914/HI
 openframe_project_wrapper_1915/HI
 openframe_project_wrapper_1916/HI
 openframe_project_wrapper_1917/HI
 openframe_project_wrapper_1918/HI
 openframe_project_wrapper_1919/HI
 openframe_project_wrapper_1920/HI
 openframe_project_wrapper_1921/HI
 openframe_project_wrapper_1922/HI
 openframe_project_wrapper_1923/HI
 openframe_project_wrapper_1924/HI
 openframe_project_wrapper_1925/HI
 openframe_project_wrapper_1926/HI
 openframe_project_wrapper_1927/HI
 openframe_project_wrapper_1928/HI
 openframe_project_wrapper_1929/HI
 openframe_project_wrapper_1930/HI
 openframe_project_wrapper_1931/HI
 openframe_project_wrapper_1932/HI
 openframe_project_wrapper_1933/HI
 openframe_project_wrapper_1934/HI
 openframe_project_wrapper_1935/HI
 openframe_project_wrapper_1936/HI
 openframe_project_wrapper_1937/HI
 openframe_project_wrapper_1938/HI
 openframe_project_wrapper_1939/HI
 openframe_project_wrapper_1940/HI
 openframe_project_wrapper_1941/HI
 openframe_project_wrapper_1942/HI
 openframe_project_wrapper_1943/HI
 openframe_project_wrapper_1944/HI
 openframe_project_wrapper_1945/HI
 openframe_project_wrapper_1946/HI
 openframe_project_wrapper_1947/HI
 openframe_project_wrapper_1948/HI
 openframe_project_wrapper_1949/HI
 openframe_project_wrapper_1950/HI
 openframe_project_wrapper_1951/HI
 openframe_project_wrapper_1952/HI
 openframe_project_wrapper_1953/HI
 openframe_project_wrapper_1954/HI
 openframe_project_wrapper_1955/HI
 openframe_project_wrapper_1956/HI
 openframe_project_wrapper_1957/HI
 openframe_project_wrapper_1958/HI
 openframe_project_wrapper_1959/HI
 openframe_project_wrapper_1960/HI
 openframe_project_wrapper_1961/HI
 openframe_project_wrapper_1962/HI
 openframe_project_wrapper_1963/HI
 openframe_project_wrapper_1964/HI
 openframe_project_wrapper_1965/HI
 openframe_project_wrapper_1966/HI
 openframe_project_wrapper_1967/HI
 openframe_project_wrapper_1968/HI
 openframe_project_wrapper_1969/HI
 openframe_project_wrapper_1970/HI
 openframe_project_wrapper_1971/HI
 openframe_project_wrapper_1972/HI
 openframe_project_wrapper_1973/HI
 openframe_project_wrapper_1974/HI
 openframe_project_wrapper_1975/HI
 openframe_project_wrapper_1976/HI
 openframe_project_wrapper_1977/HI
 openframe_project_wrapper_1978/HI
 openframe_project_wrapper_1979/HI
 openframe_project_wrapper_1980/HI
 openframe_project_wrapper_1981/HI
 openframe_project_wrapper_1982/HI
 openframe_project_wrapper_1983/HI
 openframe_project_wrapper_1984/HI
 openframe_project_wrapper_1985/HI
 openframe_project_wrapper_1986/HI
 openframe_project_wrapper_1987/HI
 openframe_project_wrapper_1988/HI
 openframe_project_wrapper_1989/HI
 openframe_project_wrapper_1990/HI
 openframe_project_wrapper_1991/HI
 openframe_project_wrapper_1992/HI
 openframe_project_wrapper_1993/HI
 openframe_project_wrapper_1994/HI
 openframe_project_wrapper_1995/HI
 openframe_project_wrapper_1996/HI
 openframe_project_wrapper_1997/HI
 openframe_project_wrapper_1998/HI
 openframe_project_wrapper_1999/HI
 openframe_project_wrapper_2000/HI
 openframe_project_wrapper_2001/HI
 openframe_project_wrapper_2002/HI
 openframe_project_wrapper_2003/HI
 openframe_project_wrapper_2004/HI
 openframe_project_wrapper_2005/HI
 openframe_project_wrapper_2006/HI
 openframe_project_wrapper_2007/HI
 openframe_project_wrapper_2008/HI
 openframe_project_wrapper_2009/HI
 openframe_project_wrapper_2010/HI
 openframe_project_wrapper_2011/HI
 openframe_project_wrapper_2012/HI
 openframe_project_wrapper_2013/HI
 openframe_project_wrapper_2014/HI
 openframe_project_wrapper_2015/HI
 openframe_project_wrapper_2016/HI
 openframe_project_wrapper_2017/HI
 openframe_project_wrapper_2018/HI
 openframe_project_wrapper_2019/HI
 openframe_project_wrapper_2020/HI
 openframe_project_wrapper_2021/HI
 openframe_project_wrapper_2022/HI
 openframe_project_wrapper_2023/HI
 openframe_project_wrapper_2024/HI
 openframe_project_wrapper_2025/HI
 openframe_project_wrapper_2026/HI
 openframe_project_wrapper_2027/HI
 openframe_project_wrapper_2028/HI
 openframe_project_wrapper_2029/HI
 openframe_project_wrapper_2030/HI
 openframe_project_wrapper_2031/HI
 openframe_project_wrapper_2032/HI
 openframe_project_wrapper_2033/HI
 openframe_project_wrapper_2034/HI
 openframe_project_wrapper_2035/HI
 openframe_project_wrapper_2036/HI
 openframe_project_wrapper_2037/HI
 openframe_project_wrapper_2038/HI
 openframe_project_wrapper_2039/HI
 openframe_project_wrapper_2040/HI
 openframe_project_wrapper_2041/HI
 openframe_project_wrapper_2042/HI
 openframe_project_wrapper_2043/HI
 openframe_project_wrapper_2044/HI
 openframe_project_wrapper_2045/HI
 openframe_project_wrapper_2046/HI
 openframe_project_wrapper_2047/HI
 openframe_project_wrapper_2048/HI
 openframe_project_wrapper_2049/HI
 openframe_project_wrapper_2050/HI
 openframe_project_wrapper_2051/HI
 openframe_project_wrapper_2052/HI
 openframe_project_wrapper_2053/HI
 openframe_project_wrapper_2054/HI
 openframe_project_wrapper_2055/HI
 openframe_project_wrapper_2056/HI
 openframe_project_wrapper_2057/HI
 openframe_project_wrapper_2058/HI
 openframe_project_wrapper_2059/HI
 openframe_project_wrapper_2060/HI
 openframe_project_wrapper_2061/HI
 openframe_project_wrapper_2062/HI
 openframe_project_wrapper_2063/HI
 openframe_project_wrapper_2064/HI
 openframe_project_wrapper_2065/HI
 openframe_project_wrapper_2066/HI
 openframe_project_wrapper_2067/HI
 openframe_project_wrapper_2068/HI
 openframe_project_wrapper_2069/HI
 openframe_project_wrapper_2070/HI
 openframe_project_wrapper_2071/HI
 openframe_project_wrapper_2072/HI
 openframe_project_wrapper_2073/HI
 openframe_project_wrapper_2074/HI
 openframe_project_wrapper_2075/HI
 openframe_project_wrapper_2076/HI
 openframe_project_wrapper_2077/HI
 openframe_project_wrapper_2078/HI
 openframe_project_wrapper_2079/HI
 openframe_project_wrapper_2080/HI
 openframe_project_wrapper_2081/HI
 openframe_project_wrapper_2082/HI
 openframe_project_wrapper_2083/HI
 openframe_project_wrapper_2084/HI
 openframe_project_wrapper_2085/HI
 openframe_project_wrapper_2086/HI
 openframe_project_wrapper_2087/HI
 openframe_project_wrapper_2088/HI
 openframe_project_wrapper_2089/HI
 openframe_project_wrapper_2090/HI
 openframe_project_wrapper_2091/HI
 openframe_project_wrapper_2092/HI
 openframe_project_wrapper_2093/HI
 openframe_project_wrapper_2094/HI
 openframe_project_wrapper_2095/HI
 openframe_project_wrapper_2096/HI
 openframe_project_wrapper_2097/HI
 openframe_project_wrapper_2098/HI
 openframe_project_wrapper_2099/HI
 openframe_project_wrapper_2100/HI
 openframe_project_wrapper_2101/HI
 openframe_project_wrapper_2102/HI
 openframe_project_wrapper_2103/HI
 openframe_project_wrapper_2104/HI
 openframe_project_wrapper_2105/HI
 openframe_project_wrapper_2106/HI
 openframe_project_wrapper_2107/HI
 openframe_project_wrapper_2108/HI
 openframe_project_wrapper_2109/HI
 openframe_project_wrapper_2110/HI
 openframe_project_wrapper_2111/HI
 openframe_project_wrapper_2112/HI
 openframe_project_wrapper_2113/HI
 openframe_project_wrapper_2114/HI
 openframe_project_wrapper_2115/HI
 openframe_project_wrapper_2116/HI
 openframe_project_wrapper_2117/HI
 openframe_project_wrapper_2118/HI
 openframe_project_wrapper_2119/HI
 openframe_project_wrapper_2120/HI
 openframe_project_wrapper_2121/HI
 openframe_project_wrapper_2122/HI
 openframe_project_wrapper_2123/HI
 openframe_project_wrapper_2124/HI
 openframe_project_wrapper_2125/HI
 openframe_project_wrapper_2126/HI
 openframe_project_wrapper_2127/HI
 openframe_project_wrapper_2128/HI
 openframe_project_wrapper_2129/HI
 openframe_project_wrapper_2130/HI
 openframe_project_wrapper_2131/HI
 openframe_project_wrapper_2132/HI
 openframe_project_wrapper_2133/HI
 openframe_project_wrapper_2134/HI
 openframe_project_wrapper_2135/HI
 openframe_project_wrapper_2136/HI
 openframe_project_wrapper_2137/HI
 openframe_project_wrapper_2138/HI
 openframe_project_wrapper_2139/HI
 openframe_project_wrapper_2140/HI
 openframe_project_wrapper_2141/HI
 openframe_project_wrapper_2142/HI
 openframe_project_wrapper_2143/HI
 openframe_project_wrapper_2144/HI
 openframe_project_wrapper_2145/HI
 openframe_project_wrapper_2146/HI
 openframe_project_wrapper_2147/HI
 openframe_project_wrapper_2148/HI
 openframe_project_wrapper_2149/HI
 openframe_project_wrapper_2150/HI
 openframe_project_wrapper_2151/HI
 openframe_project_wrapper_2152/HI
 openframe_project_wrapper_2153/HI
 openframe_project_wrapper_2154/HI
 openframe_project_wrapper_2155/HI
 openframe_project_wrapper_2156/HI
 openframe_project_wrapper_2157/HI
 openframe_project_wrapper_2158/HI
 openframe_project_wrapper_2159/HI
 openframe_project_wrapper_2160/HI
 openframe_project_wrapper_2161/HI
 openframe_project_wrapper_2162/HI
 openframe_project_wrapper_2163/HI
 openframe_project_wrapper_2164/HI
 openframe_project_wrapper_2165/HI
 openframe_project_wrapper_2167/LO
 openframe_project_wrapper_2168/LO
 openframe_project_wrapper_2169/LO
 openframe_project_wrapper_2170/LO
 openframe_project_wrapper_2171/LO
 openframe_project_wrapper_2172/LO
 openframe_project_wrapper_2173/LO
 openframe_project_wrapper_2174/LO
 openframe_project_wrapper_2175/LO
 openframe_project_wrapper_2176/LO
 openframe_project_wrapper_2177/LO
 openframe_project_wrapper_2178/LO
 openframe_project_wrapper_2179/LO
 openframe_project_wrapper_2180/LO
 openframe_project_wrapper_2181/LO
 openframe_project_wrapper_2182/LO
 openframe_project_wrapper_2183/LO
 openframe_project_wrapper_2184/LO
 openframe_project_wrapper_2185/LO
 openframe_project_wrapper_2186/LO
 openframe_project_wrapper_2187/LO
 openframe_project_wrapper_2188/LO
 openframe_project_wrapper_2189/LO
 openframe_project_wrapper_2190/LO
 openframe_project_wrapper_2191/LO
 openframe_project_wrapper_2192/LO
 openframe_project_wrapper_2193/LO
 openframe_project_wrapper_2194/LO
 openframe_project_wrapper_2195/LO
 openframe_project_wrapper_2196/LO
 openframe_project_wrapper_2197/LO
 openframe_project_wrapper_2198/LO
 openframe_project_wrapper_2199/LO
 openframe_project_wrapper_2200/LO
 openframe_project_wrapper_2201/LO
 openframe_project_wrapper_2202/LO
 openframe_project_wrapper_2203/LO
 openframe_project_wrapper_2204/LO
 openframe_project_wrapper_2205/LO
 openframe_project_wrapper_2206/LO
 openframe_project_wrapper_2207/LO
 openframe_project_wrapper_2208/LO
 openframe_project_wrapper_2209/LO
 openframe_project_wrapper_2210/LO
 openframe_project_wrapper_2211/LO
 openframe_project_wrapper_2212/LO
 openframe_project_wrapper_2213/LO
 openframe_project_wrapper_2214/LO
 openframe_project_wrapper_2215/LO
 openframe_project_wrapper_2216/LO
 openframe_project_wrapper_2217/LO
 openframe_project_wrapper_2218/LO
 openframe_project_wrapper_2219/LO
 openframe_project_wrapper_2220/LO
 openframe_project_wrapper_2221/LO
 openframe_project_wrapper_2222/LO
 openframe_project_wrapper_2223/LO
 openframe_project_wrapper_2224/LO
 openframe_project_wrapper_2225/LO
 openframe_project_wrapper_2226/LO
 openframe_project_wrapper_2227/LO
 openframe_project_wrapper_2228/LO
 openframe_project_wrapper_2229/LO
 openframe_project_wrapper_2230/LO
 openframe_project_wrapper_2231/LO
 openframe_project_wrapper_2232/LO
 openframe_project_wrapper_2233/LO
 openframe_project_wrapper_2234/LO
 openframe_project_wrapper_2235/LO
 openframe_project_wrapper_2236/LO
 openframe_project_wrapper_2237/LO
 openframe_project_wrapper_2238/LO
 openframe_project_wrapper_2239/LO
 openframe_project_wrapper_2240/LO
 openframe_project_wrapper_2241/LO
 openframe_project_wrapper_2242/LO
 openframe_project_wrapper_2243/LO
 openframe_project_wrapper_2244/LO
 openframe_project_wrapper_2245/LO
 openframe_project_wrapper_2246/LO
 openframe_project_wrapper_2247/LO
 openframe_project_wrapper_2248/LO
 openframe_project_wrapper_2249/LO
 openframe_project_wrapper_2250/LO
 openframe_project_wrapper_2251/LO
 openframe_project_wrapper_2252/LO
 openframe_project_wrapper_2253/LO
 openframe_project_wrapper_2254/LO
 openframe_project_wrapper_2255/LO
 openframe_project_wrapper_2256/LO
 openframe_project_wrapper_2257/LO
 openframe_project_wrapper_2258/LO
 openframe_project_wrapper_2259/LO
 openframe_project_wrapper_2260/LO
 openframe_project_wrapper_2261/LO
 openframe_project_wrapper_2262/LO
 openframe_project_wrapper_2263/LO
 openframe_project_wrapper_2264/LO
 openframe_project_wrapper_2265/LO
 openframe_project_wrapper_2266/LO
 openframe_project_wrapper_2267/LO
 openframe_project_wrapper_2268/LO
 openframe_project_wrapper_2269/LO
 openframe_project_wrapper_2270/LO
 openframe_project_wrapper_2271/LO
 openframe_project_wrapper_2272/LO
 openframe_project_wrapper_2273/LO
 openframe_project_wrapper_2274/LO
 openframe_project_wrapper_2275/LO
 openframe_project_wrapper_2276/LO
 openframe_project_wrapper_2277/LO
 openframe_project_wrapper_2278/LO
 openframe_project_wrapper_2279/LO
 openframe_project_wrapper_2280/LO
 openframe_project_wrapper_2281/LO
Found 0 partially unannotated drivers.

===========================================================================
max slew violation count 0
max fanout violation count 0
max cap violation count 0
============================================================================

===========================================================================
check_setup -verbose -unconstrained_endpoints -multiple_clock -no_clock -no_input_delay -loops -generated_clocks
===========================================================================
Warning: There are 282 input ports missing set_input_delay.
  analog_io[0]
  analog_io[10]
  analog_io[11]
  analog_io[12]
  analog_io[13]
  analog_io[14]
  analog_io[15]
  analog_io[16]
  analog_io[17]
  analog_io[18]
  analog_io[19]
  analog_io[1]
  analog_io[20]
  analog_io[21]
  analog_io[22]
  analog_io[23]
  analog_io[24]
  analog_io[25]
  analog_io[26]
  analog_io[27]
  analog_io[28]
  analog_io[29]
  analog_io[2]
  analog_io[30]
  analog_io[31]
  analog_io[32]
  analog_io[33]
  analog_io[34]
  analog_io[35]
  analog_io[36]
  analog_io[37]
  analog_io[38]
  analog_io[39]
  analog_io[3]
  analog_io[40]
  analog_io[41]
  analog_io[42]
  analog_io[43]
  analog_io[4]
  analog_io[5]
  analog_io[6]
  analog_io[7]
  analog_io[8]
  analog_io[9]
  analog_noesd_io[0]
  analog_noesd_io[10]
  analog_noesd_io[11]
  analog_noesd_io[12]
  analog_noesd_io[13]
  analog_noesd_io[14]
  analog_noesd_io[15]
  analog_noesd_io[16]
  analog_noesd_io[17]
  analog_noesd_io[18]
  analog_noesd_io[19]
  analog_noesd_io[1]
  analog_noesd_io[20]
  analog_noesd_io[21]
  analog_noesd_io[22]
  analog_noesd_io[23]
  analog_noesd_io[24]
  analog_noesd_io[25]
  analog_noesd_io[26]
  analog_noesd_io[27]
  analog_noesd_io[28]
  analog_noesd_io[29]
  analog_noesd_io[2]
  analog_noesd_io[30]
  analog_noesd_io[31]
  analog_noesd_io[32]
  analog_noesd_io[33]
  analog_noesd_io[34]
  analog_noesd_io[35]
  analog_noesd_io[36]
  analog_noesd_io[37]
  analog_noesd_io[38]
  analog_noesd_io[39]
  analog_noesd_io[3]
  analog_noesd_io[40]
  analog_noesd_io[41]
  analog_noesd_io[42]
  analog_noesd_io[43]
  analog_noesd_io[4]
  analog_noesd_io[5]
  analog_noesd_io[6]
  analog_noesd_io[7]
  analog_noesd_io[8]
  analog_noesd_io[9]
  gpio_in[0]
  gpio_in[10]
  gpio_in[11]
  gpio_in[12]
  gpio_in[13]
  gpio_in[14]
  gpio_in[15]
  gpio_in[16]
  gpio_in[17]
  gpio_in[18]
  gpio_in[19]
  gpio_in[1]
  gpio_in[22]
  gpio_in[23]
  gpio_in[2]
  gpio_in[3]
  gpio_in[41]
  gpio_in[42]
  gpio_in[43]
  gpio_in[4]
  gpio_in[5]
  gpio_in[6]
  gpio_in[7]
  gpio_in[8]
  gpio_in[9]
  gpio_in_h[0]
  gpio_in_h[10]
  gpio_in_h[11]
  gpio_in_h[12]
  gpio_in_h[13]
  gpio_in_h[14]
  gpio_in_h[15]
  gpio_in_h[16]
  gpio_in_h[17]
  gpio_in_h[18]
  gpio_in_h[19]
  gpio_in_h[1]
  gpio_in_h[20]
  gpio_in_h[21]
  gpio_in_h[22]
  gpio_in_h[23]
  gpio_in_h[24]
  gpio_in_h[25]
  gpio_in_h[26]
  gpio_in_h[27]
  gpio_in_h[28]
  gpio_in_h[29]
  gpio_in_h[2]
  gpio_in_h[30]
  gpio_in_h[31]
  gpio_in_h[32]
  gpio_in_h[33]
  gpio_in_h[34]
  gpio_in_h[35]
  gpio_in_h[36]
  gpio_in_h[37]
  gpio_in_h[38]
  gpio_in_h[39]
  gpio_in_h[3]
  gpio_in_h[40]
  gpio_in_h[41]
  gpio_in_h[42]
  gpio_in_h[43]
  gpio_in_h[4]
  gpio_in_h[5]
  gpio_in_h[6]
  gpio_in_h[7]
  gpio_in_h[8]
  gpio_in_h[9]
  gpio_loopback_one[0]
  gpio_loopback_one[10]
  gpio_loopback_one[11]
  gpio_loopback_one[12]
  gpio_loopback_one[13]
  gpio_loopback_one[14]
  gpio_loopback_one[15]
  gpio_loopback_one[16]
  gpio_loopback_one[17]
  gpio_loopback_one[18]
  gpio_loopback_one[19]
  gpio_loopback_one[1]
  gpio_loopback_one[20]
  gpio_loopback_one[21]
  gpio_loopback_one[22]
  gpio_loopback_one[23]
  gpio_loopback_one[24]
  gpio_loopback_one[25]
  gpio_loopback_one[26]
  gpio_loopback_one[27]
  gpio_loopback_one[28]
  gpio_loopback_one[29]
  gpio_loopback_one[2]
  gpio_loopback_one[30]
  gpio_loopback_one[31]
  gpio_loopback_one[32]
  gpio_loopback_one[33]
  gpio_loopback_one[34]
  gpio_loopback_one[35]
  gpio_loopback_one[36]
  gpio_loopback_one[37]
  gpio_loopback_one[38]
  gpio_loopback_one[39]
  gpio_loopback_one[3]
  gpio_loopback_one[40]
  gpio_loopback_one[41]
  gpio_loopback_one[42]
  gpio_loopback_one[43]
  gpio_loopback_one[4]
  gpio_loopback_one[5]
  gpio_loopback_one[6]
  gpio_loopback_one[7]
  gpio_loopback_one[8]
  gpio_loopback_one[9]
  gpio_loopback_zero[0]
  gpio_loopback_zero[10]
  gpio_loopback_zero[11]
  gpio_loopback_zero[12]
  gpio_loopback_zero[13]
  gpio_loopback_zero[14]
  gpio_loopback_zero[15]
  gpio_loopback_zero[16]
  gpio_loopback_zero[17]
  gpio_loopback_zero[18]
  gpio_loopback_zero[19]
  gpio_loopback_zero[1]
  gpio_loopback_zero[20]
  gpio_loopback_zero[21]
  gpio_loopback_zero[22]
  gpio_loopback_zero[23]
  gpio_loopback_zero[24]
  gpio_loopback_zero[25]
  gpio_loopback_zero[26]
  gpio_loopback_zero[27]
  gpio_loopback_zero[28]
  gpio_loopback_zero[29]
  gpio_loopback_zero[2]
  gpio_loopback_zero[30]
  gpio_loopback_zero[31]
  gpio_loopback_zero[32]
  gpio_loopback_zero[33]
  gpio_loopback_zero[34]
  gpio_loopback_zero[35]
  gpio_loopback_zero[36]
  gpio_loopback_zero[37]
  gpio_loopback_zero[38]
  gpio_loopback_zero[39]
  gpio_loopback_zero[3]
  gpio_loopback_zero[40]
  gpio_loopback_zero[41]
  gpio_loopback_zero[42]
  gpio_loopback_zero[43]
  gpio_loopback_zero[4]
  gpio_loopback_zero[5]
  gpio_loopback_zero[6]
  gpio_loopback_zero[7]
  gpio_loopback_zero[8]
  gpio_loopback_zero[9]
  mask_rev[0]
  mask_rev[10]
  mask_rev[11]
  mask_rev[12]
  mask_rev[13]
  mask_rev[14]
  mask_rev[15]
  mask_rev[16]
  mask_rev[17]
  mask_rev[18]
  mask_rev[19]
  mask_rev[1]
  mask_rev[20]
  mask_rev[21]
  mask_rev[22]
  mask_rev[23]
  mask_rev[24]
  mask_rev[25]
  mask_rev[26]
  mask_rev[27]
  mask_rev[28]
  mask_rev[29]
  mask_rev[2]
  mask_rev[30]
  mask_rev[31]
  mask_rev[3]
  mask_rev[4]
  mask_rev[5]
  mask_rev[6]
  mask_rev[7]
  mask_rev[8]
  mask_rev[9]
  por_l
  porb_h
  porb_l
  resetb_h
  resetb_l
Warning: There are 88 unconstrained endpoints.
  analog_io[0]
  analog_io[10]
  analog_io[11]
  analog_io[12]
  analog_io[13]
  analog_io[14]
  analog_io[15]
  analog_io[16]
  analog_io[17]
  analog_io[18]
  analog_io[19]
  analog_io[1]
  analog_io[20]
  analog_io[21]
  analog_io[22]
  analog_io[23]
  analog_io[24]
  analog_io[25]
  analog_io[26]
  analog_io[27]
  analog_io[28]
  analog_io[29]
  analog_io[2]
  analog_io[30]
  analog_io[31]
  analog_io[32]
  analog_io[33]
  analog_io[34]
  analog_io[35]
  analog_io[36]
  analog_io[37]
  analog_io[38]
  analog_io[39]
  analog_io[3]
  analog_io[40]
  analog_io[41]
  analog_io[42]
  analog_io[43]
  analog_io[4]
  analog_io[5]
  analog_io[6]
  analog_io[7]
  analog_io[8]
  analog_io[9]
  analog_noesd_io[0]
  analog_noesd_io[10]
  analog_noesd_io[11]
  analog_noesd_io[12]
  analog_noesd_io[13]
  analog_noesd_io[14]
  analog_noesd_io[15]
  analog_noesd_io[16]
  analog_noesd_io[17]
  analog_noesd_io[18]
  analog_noesd_io[19]
  analog_noesd_io[1]
  analog_noesd_io[20]
  analog_noesd_io[21]
  analog_noesd_io[22]
  analog_noesd_io[23]
  analog_noesd_io[24]
  analog_noesd_io[25]
  analog_noesd_io[26]
  analog_noesd_io[27]
  analog_noesd_io[28]
  analog_noesd_io[29]
  analog_noesd_io[2]
  analog_noesd_io[30]
  analog_noesd_io[31]
  analog_noesd_io[32]
  analog_noesd_io[33]
  analog_noesd_io[34]
  analog_noesd_io[35]
  analog_noesd_io[36]
  analog_noesd_io[37]
  analog_noesd_io[38]
  analog_noesd_io[39]
  analog_noesd_io[3]
  analog_noesd_io[40]
  analog_noesd_io[41]
  analog_noesd_io[42]
  analog_noesd_io[43]
  analog_noesd_io[4]
  analog_noesd_io[5]
  analog_noesd_io[6]
  analog_noesd_io[7]
  analog_noesd_io[8]
  analog_noesd_io[9]
