Clock: clk
Sources: gpio_in[38] 
Generated: no
Virtual: yes
Propagated: no
Period: 20.000000

===========================================================================
report_clock_properties
============================================================================
Clock                   Period          Waveform
----------------------------------------------------
clk                  20.000000    0.000000 10.000000

===========================================================================
report_clock_latency
============================================================================
Clock clk
rise -> rise
    min     max
0.000000 0.000000 source latency
7.929180         network latency _3807_/CLK
        12.819922 network latency _4236_/CLK
---------------
7.929180 12.819922 latency
        4.890742 skew

fall -> fall
    min     max
0.000000 0.000000 source latency
3.545262         network latency chip.gpu_inst.tiles[0].tile/clk
        12.854572 network latency _4236_/CLK
---------------
3.545262 12.854572 latency
        9.309310 skew



===========================================================================
report_clock_min_period
============================================================================
clk period_min = 15.96 fmax = 62.67
